
> react_tests@0.0.0 test:run
> vitest run


[1m[46m RUN [49m[22m [36mv4.0.8 [39m[90mC:/Users/elimo/GitHub/ruffles/frontend[39m

[90mstdout[2m | src/service/TablaNumeros.test.jsx[2m > [22m[2mPRUEBAS TABLA DE N├ÜMEROS (RuffleDetail) - 5 Puntos Clave[2m > [22m[2m1. Rendering de la grilla en todos los estados[2m > [22m[2mrenderiza tabla con datos correctamente
[22m[39mConsultando disponibilidad en: http://localhost:8000/api/v1/raffles/1/availability/

[90mstdout[2m | src/service/TablaNumeros.test.jsx[2m > [22m[2mPRUEBAS TABLA DE N├ÜMEROS (RuffleDetail) - 5 Puntos Clave[2m > [22m[2m1. Rendering de la grilla en todos los estados[2m > [22m[2mrenderiza tabla con datos correctamente
[22m[39mRespuesta de disponibilidad: { taken_numbers: [ [33m3[39m ] }

 [32mΓ£ô[39m src/service/liberar_numeroAdmin.test.jsx [2m([22m[2m3 tests[22m[2m)[22m[33m 310[2mms[22m[39m
 [32mΓ£ô[39m src/service/TablaNumeros.test.jsx [2m([22m[2m1 test[22m[2m)[22m[32m 183[2mms[22m[39m
 [32mΓ£ô[39m src/service/raffles.test.jsx [2m([22m[2m5 tests[22m[2m)[22m[32m 221[2mms[22m[39m
[90mstdout[2m | src/service/autentication.test.jsx[2m > [22m[2mLogin - Pruebas Funcionales[2m > [22m[2mdebe permitir al usuario hacer login exitosamente
[22m[39mToken received (Access): abc123

node.exe : [90mstderr[2m | src/service/autentication.test.jsx[2m > [22m[2mLogin - 
Pruebas Funcionales[2m > [22m[2mdebe mostrar error cuando las credenciales son incorrectas
At line:1 char:1
+ & "C:\Program Files\nodejs/node.exe" "C:\Program Files\nodejs/node_mo ...
+ ~~~~~~~~~~~~~~~~~~~~~~~~~~~~~~~~~~~~~~~~~~~~~~~~~~~~~~~~~~~~~~~~~~~~~
    + CategoryInfo          : NotSpecified: ([90mstderr[2m...son incorrectas:String) [], 
Rem    oteException
    + FullyQualifiedErrorId : NativeCommandError
 
[22m[39mFinal authentication error: No active account found with the given credentials

[90mstderr[2m | src/service/autentication.test.jsx[2m > [22m[2mLogin - Pruebas 
Funcionales[2m > [22m[2mdebe mostrar error cuando hay problema en el servidor
[22m[39mNon-JSON error response received (raw text): <!DOCTYPE html>Error del servidor...
Final authentication error: Internal server error (Check your Django backend).

 [31mΓ¥»[39m src/service/crearSorteo.test.jsx [2m([22m[2m9 tests[22m[2m | [22m[31m8 failed[39m[2m)[22m[33m 2526[2mms[22m[39m
[31m       [31m├ù[31m renderiza todos los campos obligatorios[39m[32m 105[2mms[22m[39m
[31m       [31m├ù[31m valores iniciales correctos[39m[32m 25[2mms[22m[39m
[31m       [31m├ù[31m campos requeridos marcados como obligatorios[39m[32m 37[2mms[22m[39m
[31m       [31m├ù[31m valores m├¡nimos configurados[39m[32m 23[2mms[22m[39m
[31m       [31m├ù[31m actualiza estado al cambiar valores[39m[32m 29[2mms[22m[39m
[31m       [31m├ù[31m muestra mensaje de ├⌐xito cuando API responde ok[39m[32m 27[2mms[22m[39m
[31m       [31m├ù[31m muestra mensaje de error cuando API responde error[39m[33m 1207[2mms[22m[39m
[31m       [31m├ù[31m maneja error de red[39m[33m 1059[2mms[22m[39m
       [32mΓ£ô[39m usa URL.createObjectURL al subir imagen[32m 10[2mms[22m[39m
[90mstdout[2m | src/service/autentication.test.jsx[2m > [22m[2mLogin - Pruebas Funcionales[2m > [22m[2mdebe limpiar los errores cuando el usuario comienza a escribir
[22m[39mToken received (Access): token

[90mstderr[2m | src/service/autentication.test.jsx[2m > [22m[2mLogin - Pruebas 
Funcionales[2m > [22m[2mdebe limpiar los errores cuando el usuario comienza a escribir
[22m[39mFinal authentication error: Credenciales inv├ílidas

[90mstderr[2m | src/service/autentication.test.jsx[2m > [22m[2mLogin - Pruebas 
Funcionales[2m > [22m[2mdebe mostrar error de conexi├│n cuando falla la API
[22m[39mFinal authentication error: Error de conexi├│n

 [32mΓ£ô[39m src/service/autentication.test.jsx [2m([22m[2m7 tests[22m[2m)[22m[33m 5007[2mms[22m[39m
     [33m[2mΓ£ô[22m[39m debe permitir al usuario hacer login exitosamente [33m 1105[2mms[22m[39m
     [33m[2mΓ£ô[22m[39m debe mostrar error cuando las credenciales son incorrectas [33m 631[2mms[22m[39m
     [33m[2mΓ£ô[22m[39m debe mostrar error cuando hay problema en el servidor [33m 667[2mms[22m[39m
     [33m[2mΓ£ô[22m[39m debe deshabilitar campos y bot├│n durante el login [33m 692[2mms[22m[39m
     [33m[2mΓ£ô[22m[39m debe limpiar los errores cuando el usuario comienza a escribir [33m 1183[2mms[22m[39m
     [33m[2mΓ£ô[22m[39m debe mostrar error de conexi├│n cuando falla la API [33m 648[2mms[22m[39m
 [31mΓ¥»[39m src/service/RegisterForm.test.jsx [2m([22m[2m9 tests[22m[2m | [22m[31m6 failed[39m[2m)[22m[33m 6669[2mms[22m[39m
       [33m[2mΓ£ô[22m[39m debe renderizar todos los campos del formulario correctamente [33m 338[2mms[22m[39m
       [32mΓ£ô[39m debe mostrar valores iniciales correctos en todos los campos[32m 13[2mms[22m[39m
[31m       [31m├ù[31m debe mostrar mensaje de ├⌐xito cuando el registro es exitoso[39m[33m 1076[2mms[22m[39m
[31m       [31m├ù[31m debe validar que las contrase├▒as coincidan antes del env├¡o[39m[33m 1056[2mms[22m[39m
[31m       [31m├ù[31m debe permitir env├¡o cuando las contrase├▒as coinciden[39m[33m 1051[2mms[22m[39m
[31m       [31m├ù[31m debe mostrar mensaje espec├¡fico cuando el email ya est├í registrado[39m[33m 1047[2mms[22m[39m
[31m       [31m├ù[31m debe mantener los datos del formulario despu├⌐s de un error de email[39m[33m 1040[2mms[22m[39m
       [32mΓ£ô[39m debe mostrar que los campos requeridos son obligatorios[32m 10[2mms[22m[39m
[31m       [31m├ù[31m debe limpiar mensajes previos al intentar nuevo env├¡o[39m[33m 1035[2mms[22m[39m

[31mΓÄ»ΓÄ»ΓÄ»ΓÄ»ΓÄ»ΓÄ»[39m[1m[41m Failed Suites 1 
[49m[22m[31mΓÄ»ΓÄ»ΓÄ»ΓÄ»ΓÄ»ΓÄ»ΓÄ»[39m

[41m[1m FAIL [22m[49m src/service/liberar_numero.test.jsx[2m [ 
src/service/liberar_numero.test.jsx ][22m
[31m[1mError[22m: Failed to resolve import "./BotonAccionCliente" from 
"src/service/liberar_numero.test.jsx". Does the file exist?[39m
  Plugin: [35mvite:import-analysis[39m
  File: 
[36mC:/Users/elimo/GitHub/ruffles/frontend/src/service/liberar_numero.test.jsx[39m:5:31
[33m  2  |  import { describe, test, expect, vi } from "vitest";
  3  |  import { render, screen, fireEvent } from "@testing-library/react";
  4  |  import BotonAccionCliente from "./BotonAccionCliente";
     |                                  ^
  5  |  describe("Bot├│n Eliminar/Liberar en el panel del cliente", () => {
  6  |    test('muestra "Eliminar" y ejecuta onAccion("eliminar") cuando el cliente NO est├í 
ocupado', () => {[39m
[90m [2mΓ¥»[22m TransformPluginContext._formatLog 
node_modules/vite/dist/node/chunks/config.js:[2m29618:43[22m[39m
[90m [2mΓ¥»[22m TransformPluginContext.error 
node_modules/vite/dist/node/chunks/config.js:[2m29615:14[22m[39m
[90m [2mΓ¥»[22m normalizeUrl 
node_modules/vite/dist/node/chunks/config.js:[2m27738:18[22m[39m
[90m [2mΓ¥»[22m node_modules/vite/dist/node/chunks/config.js:[2m27796:32[22m[39m
[90m [2mΓ¥»[22m TransformPluginContext.transform 
node_modules/vite/dist/node/chunks/config.js:[2m27764:4[22m[39m
[90m [2mΓ¥»[22m EnvironmentPluginContainer.transform 
node_modules/vite/dist/node/chunks/config.js:[2m29416:14[22m[39m
[90m [2mΓ¥»[22m loadAndTransform 
node_modules/vite/dist/node/chunks/config.js:[2m23287:26[22m[39m

[31m[2mΓÄ»ΓÄ»ΓÄ»ΓÄ»ΓÄ»ΓÄ»ΓÄ»ΓÄ»ΓÄ»ΓÄ»ΓÄ»ΓÄ»ΓÄ»ΓÄ»ΓÄ»ΓÄ»ΓÄ»ΓÄ»ΓÄ»ΓÄ»ΓÄ»ΓÄ»ΓÄ»[1/15]ΓÄ»[22m
[39m


[31mΓÄ»ΓÄ»ΓÄ»ΓÄ»ΓÄ»ΓÄ»[39m[1m[41m Failed Tests 14 
[49m[22m[31mΓÄ»ΓÄ»ΓÄ»ΓÄ»ΓÄ»ΓÄ»ΓÄ»[39m

[41m[1m FAIL [22m[49m src/service/crearSorteo.test.jsx[2m > [22mPRUEBAS FORMULARIO 
REGISTRO SORTEO - 5 Puntos Clave[2m > [22m1. Rendering de todos los campos[2m > 
[22mrenderiza todos los campos obligatorios
[31m[1mTestingLibraryElementError[22m: Unable to find a label with the text of: /total de 
numeros/i

Ignored nodes: comments, script, style
[36m<body>[31m
  [36m<div>[31m
    [36m<div[31m
      [33mclass[31m=[32m"registro-sorteo-container"[31m
    [36m>[31m
      [36m<h2>[31m
        [0mRegistrar Nuevo Sorteo[0m
      [36m</h2>[31m
      [36m<form[31m
        [33mclass[31m=[32m"registro-sorteo-form"[31m
      [36m>[31m
        [36m<label[31m
          [33mfor[31m=[32m"name"[31m
        [36m>[31m
          [0mNombre del sorteo[0m
        [36m</label>[31m
        [36m<input[31m
          [33mid[31m=[32m"name"[31m
          [33mname[31m=[32m"name"[31m
          [33mrequired[31m=[32m""[31m
          [33mtype[31m=[32m"text"[31m
          [33mvalue[31m=[32m""[31m
        [36m/>[31m
        [36m<label[31m
          [33mfor[31m=[32m"description"[31m
        [36m>[31m
          [0mDescripci├│n[0m
        [36m</label>[31m
        [36m<textarea[31m
          [33mid[31m=[32m"description"[31m
          [33mname[31m=[32m"description"[31m
          [33mrequired[31m=[32m""[31m
        [36m/>[31m
        [36m<label[31m
          [33mfor[31m=[32m"image"[31m
        [36m>[31m
          [0mImagen del sorteo[0m
        [36m</label>[31m
        [36m<div[31m
          [33mclass[31m=[32m"dropzone "[31m
        [36m>[31m
          [36m<p>[31m
            [0mArrastra una imagen aqu├¡ o haz clic para seleccionarla[0m
          [36m</p>[31m
          [36m<input[31m
            [33maccept[31m=[32m"image/*"[31m
            [33mid[31m=[32m"image"[31m
            [33mstyle[31m=[32m"display: none;"[31m
            [33mtype[31m=[32m"file"[31m
          [36m/>[31m
        [36m</div>[31m
        [36m<label[31m
          [33mfor[31m=[32m"number_end"[31m
        [36m>[31m
          [0mTotal de n├║meros[0m
        [36m</label>[31m
        [36m<input[31m
          [33mid[31m=[32m"number_end"[31m
          [33mmin[31m=[32m"1"[31m
          [33mname[31m=[32m"number_end"[31m
          [33mrequired[31m=[32m""[31m
          [33mtype[31m=[32m"number"[31m
          [33mvalue[31m=[32m"0"[31m
        [36m/>[31m
        [36m<label[31m
          [33mfor[31m=[32m"price_per_number"[31m
        [36m>[31m
          [0mPrecio por n├║mero[0m
        [36m</label>[31m
        [36m<input[31m
          [33mid[31m=[32m"price_per_number"[31m
          [33mmin[31m=[32m"1"[31m
          [33mname[31m=[32m"price_per_number"[31m
          [33mrequired[31m=[32m""[31m
          [33mstep[31m=[32m"0.01"[31m
          [33mtype[31m=[32m"number"[31m
          [33mvalue[31m=[32m""[31m
        [36m/>[31m
        [36m<label[31m
          [33mfor[31m=[32m"sale_start_at"[31m
        [36m>[31m
          [0mInicio de venta[0m
        [36m</label>[31m
        [36m<input[31m
          [33mid[31m=[32m"sale_start_at"[31m
          [33mname[31m=[32m"sale_start_at"[31m
          [33mrequired[31m=[32m""[31m
          [33mtype[31m=[32m"date"[31m
          [33mvalue[31m=[32m""[31m
        [36m/>[31m
        [36m<label[31m
          [33mfor[31m=[32m"sale_end_at"[31m
        [36m>[31m
          [0mFin de venta[0m
        [36m</label>[31m
        [36m<input[31m
          [33mid[31m=[32m"sale_end_at"[31m
          [33mname[31m=[32m"sale_end_at"[31m
          [33mrequired[31m=[32m""[31m
          [33mtype[31m=[32m"date"[31m
          [33mvalue[31m=[32m""[31m
        [36m/>[31m
        [36m<label[31m
          [33mfor[31m=[32m"draw_scheduled_at"[31m
        [36m>[31m
          [0mFecha del sorteo[0m
        [36m</label>[31m
        [36m<input[31m
          [33mid[31m=[32m"draw_scheduled_at"[31m
          [33mname[31m=[32m"draw_scheduled_at"[31m
          [33mrequired[31m=[32m""[31m
          [33mtype[31m=[32m"date"[31m
          [33mvalue[31m=[32m""[31m
        [36m/>[31m
        [36m<button[31m
          [33mclass[31m=[32m"registro-btn"[31m
          [33mtype[31m=[32m"submit"[31m
        [36m>[31m
          [0mRegistrar Sorteo[0m
        [36m</button>[31m
      [36m</form>[31m
    [36m</div>[31m
  [36m</div>[31m
[36m</body>[31m[39m
[90m [2mΓ¥»[22m Object.getElementError 
node_modules/@testing-library/dom/dist/config.js:[2m37:19[22m[39m
[90m [2mΓ¥»[22m getAllByLabelText 
node_modules/@testing-library/dom/dist/queries/label-text.js:[2m111:38[22m[39m
[90m [2mΓ¥»[22m 
node_modules/@testing-library/dom/dist/query-helpers.js:[2m52:17[22m[39m
[90m [2mΓ¥»[22m 
node_modules/@testing-library/dom/dist/query-helpers.js:[2m95:19[22m[39m
[36m [2mΓ¥»[22m src/service/crearSorteo.test.jsx:[2m61:23[22m[39m
    [90m 59| [39m
    [90m 60| [39m      labels[33m.[39m[34mforEach[39m(label [33m=>[39m {
    [90m 61| [39m        [34mexpect[39m(screen[33m.[39m[34mgetByLabelText[39m(label))
[33m.[39m[34mtoBeInTheDocument[39m()[33m;[39m
    [90m   | [39m                      [31m^[39m
    [90m 62| [39m      })[33m;[39m
    [90m 63| [39m
[90m [2mΓ¥»[22m src/service/crearSorteo.test.jsx:[2m60:14[22m[39m

[31m[2mΓÄ»ΓÄ»ΓÄ»ΓÄ»ΓÄ»ΓÄ»ΓÄ»ΓÄ»ΓÄ»ΓÄ»ΓÄ»ΓÄ»ΓÄ»ΓÄ»ΓÄ»ΓÄ»ΓÄ»ΓÄ»ΓÄ»ΓÄ»ΓÄ»ΓÄ»ΓÄ»[2/15]ΓÄ»[22m
[39m

[41m[1m FAIL [22m[49m src/service/crearSorteo.test.jsx[2m > [22mPRUEBAS FORMULARIO 
REGISTRO SORTEO - 5 Puntos Clave[2m > [22m1. Rendering de todos los campos[2m > 
[22mvalores iniciales correctos
[31m[1mTestingLibraryElementError[22m: Unable to find a label with the text of: /total de 
numeros/i

Ignored nodes: comments, script, style
[36m<body>[31m
  [36m<div>[31m
    [36m<div[31m
      [33mclass[31m=[32m"registro-sorteo-container"[31m
    [36m>[31m
      [36m<h2>[31m
        [0mRegistrar Nuevo Sorteo[0m
      [36m</h2>[31m
      [36m<form[31m
        [33mclass[31m=[32m"registro-sorteo-form"[31m
      [36m>[31m
        [36m<label[31m
          [33mfor[31m=[32m"name"[31m
        [36m>[31m
          [0mNombre del sorteo[0m
        [36m</label>[31m
        [36m<input[31m
          [33mid[31m=[32m"name"[31m
          [33mname[31m=[32m"name"[31m
          [33mrequired[31m=[32m""[31m
          [33mtype[31m=[32m"text"[31m
          [33mvalue[31m=[32m""[31m
        [36m/>[31m
        [36m<label[31m
          [33mfor[31m=[32m"description"[31m
        [36m>[31m
          [0mDescripci├│n[0m
        [36m</label>[31m
        [36m<textarea[31m
          [33mid[31m=[32m"description"[31m
          [33mname[31m=[32m"description"[31m
          [33mrequired[31m=[32m""[31m
        [36m/>[31m
        [36m<label[31m
          [33mfor[31m=[32m"image"[31m
        [36m>[31m
          [0mImagen del sorteo[0m
        [36m</label>[31m
        [36m<div[31m
          [33mclass[31m=[32m"dropzone "[31m
        [36m>[31m
          [36m<p>[31m
            [0mArrastra una imagen aqu├¡ o haz clic para seleccionarla[0m
          [36m</p>[31m
          [36m<input[31m
            [33maccept[31m=[32m"image/*"[31m
            [33mid[31m=[32m"image"[31m
            [33mstyle[31m=[32m"display: none;"[31m
            [33mtype[31m=[32m"file"[31m
          [36m/>[31m
        [36m</div>[31m
        [36m<label[31m
          [33mfor[31m=[32m"number_end"[31m
        [36m>[31m
          [0mTotal de n├║meros[0m
        [36m</label>[31m
        [36m<input[31m
          [33mid[31m=[32m"number_end"[31m
          [33mmin[31m=[32m"1"[31m
          [33mname[31m=[32m"number_end"[31m
          [33mrequired[31m=[32m""[31m
          [33mtype[31m=[32m"number"[31m
          [33mvalue[31m=[32m"0"[31m
        [36m/>[31m
        [36m<label[31m
          [33mfor[31m=[32m"price_per_number"[31m
        [36m>[31m
          [0mPrecio por n├║mero[0m
        [36m</label>[31m
        [36m<input[31m
          [33mid[31m=[32m"price_per_number"[31m
          [33mmin[31m=[32m"1"[31m
          [33mname[31m=[32m"price_per_number"[31m
          [33mrequired[31m=[32m""[31m
          [33mstep[31m=[32m"0.01"[31m
          [33mtype[31m=[32m"number"[31m
          [33mvalue[31m=[32m""[31m
        [36m/>[31m
        [36m<label[31m
          [33mfor[31m=[32m"sale_start_at"[31m
        [36m>[31m
          [0mInicio de venta[0m
        [36m</label>[31m
        [36m<input[31m
          [33mid[31m=[32m"sale_start_at"[31m
          [33mname[31m=[32m"sale_start_at"[31m
          [33mrequired[31m=[32m""[31m
          [33mtype[31m=[32m"date"[31m
          [33mvalue[31m=[32m""[31m
        [36m/>[31m
        [36m<label[31m
          [33mfor[31m=[32m"sale_end_at"[31m
        [36m>[31m
          [0mFin de venta[0m
        [36m</label>[31m
        [36m<input[31m
          [33mid[31m=[32m"sale_end_at"[31m
          [33mname[31m=[32m"sale_end_at"[31m
          [33mrequired[31m=[32m""[31m
          [33mtype[31m=[32m"date"[31m
          [33mvalue[31m=[32m""[31m
        [36m/>[31m
        [36m<label[31m
          [33mfor[31m=[32m"draw_scheduled_at"[31m
        [36m>[31m
          [0mFecha del sorteo[0m
        [36m</label>[31m
        [36m<input[31m
          [33mid[31m=[32m"draw_scheduled_at"[31m
          [33mname[31m=[32m"draw_scheduled_at"[31m
          [33mrequired[31m=[32m""[31m
          [33mtype[31m=[32m"date"[31m
          [33mvalue[31m=[32m""[31m
        [36m/>[31m
        [36m<button[31m
          [33mclass[31m=[32m"registro-btn"[31m
          [33mtype[31m=[32m"submit"[31m
        [36m>[31m
          [0mRegistrar Sorteo[0m
        [36m</button>[31m
      [36m</form>[31m
    [36m</div>[31m
  [36m</div>[31m
[36m</body>[31m[39m
[90m [2mΓ¥»[22m Object.getElementError 
node_modules/@testing-library/dom/dist/config.js:[2m37:19[22m[39m
[90m [2mΓ¥»[22m getAllByLabelText 
node_modules/@testing-library/dom/dist/queries/label-text.js:[2m111:38[22m[39m
[90m [2mΓ¥»[22m 
node_modules/@testing-library/dom/dist/query-helpers.js:[2m52:17[22m[39m
[90m [2mΓ¥»[22m 
node_modules/@testing-library/dom/dist/query-helpers.js:[2m95:19[22m[39m
[36m [2mΓ¥»[22m src/service/crearSorteo.test.jsx:[2m74:21[22m[39m
    [90m 72| [39m      expect(screen.getByLabelText(/nombre del sorteo/i)).toHaveValue(ΓÇª
    [90m 73| [39m      [34mexpect[39m(screen[33m.[39m[34mgetByLabelText[39m([36m/des
cripci├│n/i[39m))[33m.[39m[34mtoHaveValue[39m([32m''[39m)[33m;[39m
    [90m 74| [39m      expect(screen.getByLabelText(/total de numeros/i)).toHaveValue(0ΓÇª
    [90m   | [39m                    [31m^[39m
    [90m 75| [39m      expect(screen.getByLabelText(/precio por n├║mero/i)).toHaveValue(ΓÇª
    [90m 76| [39m      expect(screen.getByLabelText(/inicio de venta/i)).toHaveValue(''ΓÇª

[31m[2mΓÄ»ΓÄ»ΓÄ»ΓÄ»ΓÄ»ΓÄ»ΓÄ»ΓÄ»ΓÄ»ΓÄ»ΓÄ»ΓÄ»ΓÄ»ΓÄ»ΓÄ»ΓÄ»ΓÄ»ΓÄ»ΓÄ»ΓÄ»ΓÄ»ΓÄ»ΓÄ»[3/15]ΓÄ»[22m
[39m

[41m[1m FAIL [22m[49m src/service/crearSorteo.test.jsx[2m > [22mPRUEBAS FORMULARIO 
REGISTRO SORTEO - 5 Puntos Clave[2m > [22m2. Validaciones de campos[2m > [22mcampos 
requeridos marcados como obligatorios
[31m[1mTestingLibraryElementError[22m: Unable to find a label with the text of: /total de 
numeros/i

Ignored nodes: comments, script, style
[36m<body>[31m
  [36m<div>[31m
    [36m<div[31m
      [33mclass[31m=[32m"registro-sorteo-container"[31m
    [36m>[31m
      [36m<h2>[31m
        [0mRegistrar Nuevo Sorteo[0m
      [36m</h2>[31m
      [36m<form[31m
        [33mclass[31m=[32m"registro-sorteo-form"[31m
      [36m>[31m
        [36m<label[31m
          [33mfor[31m=[32m"name"[31m
        [36m>[31m
          [0mNombre del sorteo[0m
        [36m</label>[31m
        [36m<input[31m
          [33mid[31m=[32m"name"[31m
          [33mname[31m=[32m"name"[31m
          [33mrequired[31m=[32m""[31m
          [33mtype[31m=[32m"text"[31m
          [33mvalue[31m=[32m""[31m
        [36m/>[31m
        [36m<label[31m
          [33mfor[31m=[32m"description"[31m
        [36m>[31m
          [0mDescripci├│n[0m
        [36m</label>[31m
        [36m<textarea[31m
          [33mid[31m=[32m"description"[31m
          [33mname[31m=[32m"description"[31m
          [33mrequired[31m=[32m""[31m
        [36m/>[31m
        [36m<label[31m
          [33mfor[31m=[32m"image"[31m
        [36m>[31m
          [0mImagen del sorteo[0m
        [36m</label>[31m
        [36m<div[31m
          [33mclass[31m=[32m"dropzone "[31m
        [36m>[31m
          [36m<p>[31m
            [0mArrastra una imagen aqu├¡ o haz clic para seleccionarla[0m
          [36m</p>[31m
          [36m<input[31m
            [33maccept[31m=[32m"image/*"[31m
            [33mid[31m=[32m"image"[31m
            [33mstyle[31m=[32m"display: none;"[31m
            [33mtype[31m=[32m"file"[31m
          [36m/>[31m
        [36m</div>[31m
        [36m<label[31m
          [33mfor[31m=[32m"number_end"[31m
        [36m>[31m
          [0mTotal de n├║meros[0m
        [36m</label>[31m
        [36m<input[31m
          [33mid[31m=[32m"number_end"[31m
          [33mmin[31m=[32m"1"[31m
          [33mname[31m=[32m"number_end"[31m
          [33mrequired[31m=[32m""[31m
          [33mtype[31m=[32m"number"[31m
          [33mvalue[31m=[32m"0"[31m
        [36m/>[31m
        [36m<label[31m
          [33mfor[31m=[32m"price_per_number"[31m
        [36m>[31m
          [0mPrecio por n├║mero[0m
        [36m</label>[31m
        [36m<input[31m
          [33mid[31m=[32m"price_per_number"[31m
          [33mmin[31m=[32m"1"[31m
          [33mname[31m=[32m"price_per_number"[31m
          [33mrequired[31m=[32m""[31m
          [33mstep[31m=[32m"0.01"[31m
          [33mtype[31m=[32m"number"[31m
          [33mvalue[31m=[32m""[31m
        [36m/>[31m
        [36m<label[31m
          [33mfor[31m=[32m"sale_start_at"[31m
        [36m>[31m
          [0mInicio de venta[0m
        [36m</label>[31m
        [36m<input[31m
          [33mid[31m=[32m"sale_start_at"[31m
          [33mname[31m=[32m"sale_start_at"[31m
          [33mrequired[31m=[32m""[31m
          [33mtype[31m=[32m"date"[31m
          [33mvalue[31m=[32m""[31m
        [36m/>[31m
        [36m<label[31m
          [33mfor[31m=[32m"sale_end_at"[31m
        [36m>[31m
          [0mFin de venta[0m
        [36m</label>[31m
        [36m<input[31m
          [33mid[31m=[32m"sale_end_at"[31m
          [33mname[31m=[32m"sale_end_at"[31m
          [33mrequired[31m=[32m""[31m
          [33mtype[31m=[32m"date"[31m
          [33mvalue[31m=[32m""[31m
        [36m/>[31m
        [36m<label[31m
          [33mfor[31m=[32m"draw_scheduled_at"[31m
        [36m>[31m
          [0mFecha del sorteo[0m
        [36m</label>[31m
        [36m<input[31m
          [33mid[31m=[32m"draw_scheduled_at"[31m
          [33mname[31m=[32m"draw_scheduled_at"[31m
          [33mrequired[31m=[32m""[31m
          [33mtype[31m=[32m"date"[31m
          [33mvalue[31m=[32m""[31m
        [36m/>[31m
        [36m<button[31m
          [33mclass[31m=[32m"registro-btn"[31m
          [33mtype[31m=[32m"submit"[31m
        [36m>[31m
          [0mRegistrar Sorteo[0m
        [36m</button>[31m
      [36m</form>[31m
    [36m</div>[31m
  [36m</div>[31m
[36m</body>[31m[39m
[90m [2mΓ¥»[22m Object.getElementError 
node_modules/@testing-library/dom/dist/config.js:[2m37:19[22m[39m
[90m [2mΓ¥»[22m getAllByLabelText 
node_modules/@testing-library/dom/dist/queries/label-text.js:[2m111:38[22m[39m
[90m [2mΓ¥»[22m 
node_modules/@testing-library/dom/dist/query-helpers.js:[2m52:17[22m[39m
[90m [2mΓ¥»[22m 
node_modules/@testing-library/dom/dist/query-helpers.js:[2m95:19[22m[39m
[36m [2mΓ¥»[22m src/service/crearSorteo.test.jsx:[2m101:23[22m[39m
    [90m 99| [39m
    [90m100| [39m      requiredInputs[33m.[39m[34mforEach[39m(label [33m=>[39m {
    [90m101| [39m        [34mexpect[39m(screen[33m.[39m[34mgetByLabelText[39m(label))
[33m.[39m[34mtoBeRequired[39m()[33m;[39m
    [90m   | [39m                      [31m^[39m
    [90m102| [39m      })[33m;[39m
    [90m103| [39m    })[33m;[39m
[90m [2mΓ¥»[22m src/service/crearSorteo.test.jsx:[2m100:22[22m[39m

[31m[2mΓÄ»ΓÄ»ΓÄ»ΓÄ»ΓÄ»ΓÄ»ΓÄ»ΓÄ»ΓÄ»ΓÄ»ΓÄ»ΓÄ»ΓÄ»ΓÄ»ΓÄ»ΓÄ»ΓÄ»ΓÄ»ΓÄ»ΓÄ»ΓÄ»ΓÄ»ΓÄ»[4/15]ΓÄ»[22m
[39m

[41m[1m FAIL [22m[49m src/service/crearSorteo.test.jsx[2m > [22mPRUEBAS FORMULARIO 
REGISTRO SORTEO - 5 Puntos Clave[2m > [22m2. Validaciones de campos[2m > [22mvalores 
m├¡nimos configurados
[31m[1mTestingLibraryElementError[22m: Unable to find a label with the text of: /total de 
numeros/i

Ignored nodes: comments, script, style
[36m<body>[31m
  [36m<div>[31m
    [36m<div[31m
      [33mclass[31m=[32m"registro-sorteo-container"[31m
    [36m>[31m
      [36m<h2>[31m
        [0mRegistrar Nuevo Sorteo[0m
      [36m</h2>[31m
      [36m<form[31m
        [33mclass[31m=[32m"registro-sorteo-form"[31m
      [36m>[31m
        [36m<label[31m
          [33mfor[31m=[32m"name"[31m
        [36m>[31m
          [0mNombre del sorteo[0m
        [36m</label>[31m
        [36m<input[31m
          [33mid[31m=[32m"name"[31m
          [33mname[31m=[32m"name"[31m
          [33mrequired[31m=[32m""[31m
          [33mtype[31m=[32m"text"[31m
          [33mvalue[31m=[32m""[31m
        [36m/>[31m
        [36m<label[31m
          [33mfor[31m=[32m"description"[31m
        [36m>[31m
          [0mDescripci├│n[0m
        [36m</label>[31m
        [36m<textarea[31m
          [33mid[31m=[32m"description"[31m
          [33mname[31m=[32m"description"[31m
          [33mrequired[31m=[32m""[31m
        [36m/>[31m
        [36m<label[31m
          [33mfor[31m=[32m"image"[31m
        [36m>[31m
          [0mImagen del sorteo[0m
        [36m</label>[31m
        [36m<div[31m
          [33mclass[31m=[32m"dropzone "[31m
        [36m>[31m
          [36m<p>[31m
            [0mArrastra una imagen aqu├¡ o haz clic para seleccionarla[0m
          [36m</p>[31m
          [36m<input[31m
            [33maccept[31m=[32m"image/*"[31m
            [33mid[31m=[32m"image"[31m
            [33mstyle[31m=[32m"display: none;"[31m
            [33mtype[31m=[32m"file"[31m
          [36m/>[31m
        [36m</div>[31m
        [36m<label[31m
          [33mfor[31m=[32m"number_end"[31m
        [36m>[31m
          [0mTotal de n├║meros[0m
        [36m</label>[31m
        [36m<input[31m
          [33mid[31m=[32m"number_end"[31m
          [33mmin[31m=[32m"1"[31m
          [33mname[31m=[32m"number_end"[31m
          [33mrequired[31m=[32m""[31m
          [33mtype[31m=[32m"number"[31m
          [33mvalue[31m=[32m"0"[31m
        [36m/>[31m
        [36m<label[31m
          [33mfor[31m=[32m"price_per_number"[31m
        [36m>[31m
          [0mPrecio por n├║mero[0m
        [36m</label>[31m
        [36m<input[31m
          [33mid[31m=[32m"price_per_number"[31m
          [33mmin[31m=[32m"1"[31m
          [33mname[31m=[32m"price_per_number"[31m
          [33mrequired[31m=[32m""[31m
          [33mstep[31m=[32m"0.01"[31m
          [33mtype[31m=[32m"number"[31m
          [33mvalue[31m=[32m""[31m
        [36m/>[31m
        [36m<label[31m
          [33mfor[31m=[32m"sale_start_at"[31m
        [36m>[31m
          [0mInicio de venta[0m
        [36m</label>[31m
        [36m<input[31m
          [33mid[31m=[32m"sale_start_at"[31m
          [33mname[31m=[32m"sale_start_at"[31m
          [33mrequired[31m=[32m""[31m
          [33mtype[31m=[32m"date"[31m
          [33mvalue[31m=[32m""[31m
        [36m/>[31m
        [36m<label[31m
          [33mfor[31m=[32m"sale_end_at"[31m
        [36m>[31m
          [0mFin de venta[0m
        [36m</label>[31m
        [36m<input[31m
          [33mid[31m=[32m"sale_end_at"[31m
          [33mname[31m=[32m"sale_end_at"[31m
          [33mrequired[31m=[32m""[31m
          [33mtype[31m=[32m"date"[31m
          [33mvalue[31m=[32m""[31m
        [36m/>[31m
        [36m<label[31m
          [33mfor[31m=[32m"draw_scheduled_at"[31m
        [36m>[31m
          [0mFecha del sorteo[0m
        [36m</label>[31m
        [36m<input[31m
          [33mid[31m=[32m"draw_scheduled_at"[31m
          [33mname[31m=[32m"draw_scheduled_at"[31m
          [33mrequired[31m=[32m""[31m
          [33mtype[31m=[32m"date"[31m
          [33mvalue[31m=[32m""[31m
        [36m/>[31m
        [36m<button[31m
          [33mclass[31m=[32m"registro-btn"[31m
          [33mtype[31m=[32m"submit"[31m
        [36m>[31m
          [0mRegistrar Sorteo[0m
        [36m</button>[31m
      [36m</form>[31m
    [36m</div>[31m
  [36m</div>[31m
[36m</body>[31m[39m
[90m [2mΓ¥»[22m Object.getElementError 
node_modules/@testing-library/dom/dist/config.js:[2m37:19[22m[39m
[90m [2mΓ¥»[22m getAllByLabelText 
node_modules/@testing-library/dom/dist/queries/label-text.js:[2m111:38[22m[39m
[90m [2mΓ¥»[22m 
node_modules/@testing-library/dom/dist/query-helpers.js:[2m52:17[22m[39m
[90m [2mΓ¥»[22m 
node_modules/@testing-library/dom/dist/query-helpers.js:[2m95:19[22m[39m
[36m [2mΓ¥»[22m src/service/crearSorteo.test.jsx:[2m108:21[22m[39m
    [90m106| [39m      [34mrender[39m([33m<[39m[33mRegistroSorteo[39m 
[33m/[39m[33m>[39m)[33m;[39m
    [90m107| [39m
    [90m108| [39m      expect(screen.getByLabelText(/total de numeros/i)).toHaveAttribuΓÇª
    [90m   | [39m                    [31m^[39m
    [90m109| [39m      
    [90m110| [39m      [35mconst[39m price [33m=[39m 
screen[33m.[39m[34mgetByLabelText[39m([36m/precio por n├║mero/i[39m)[33m;[39m

[31m[2mΓÄ»ΓÄ»ΓÄ»ΓÄ»ΓÄ»ΓÄ»ΓÄ»ΓÄ»ΓÄ»ΓÄ»ΓÄ»ΓÄ»ΓÄ»ΓÄ»ΓÄ»ΓÄ»ΓÄ»ΓÄ»ΓÄ»ΓÄ»ΓÄ»ΓÄ»ΓÄ»[5/15]ΓÄ»[22m
[39m

[41m[1m FAIL [22m[49m src/service/crearSorteo.test.jsx[2m > [22mPRUEBAS FORMULARIO 
REGISTRO SORTEO - 5 Puntos Clave[2m > [22m2. Validaciones de campos[2m > [22mactualiza 
estado al cambiar valores
[31m[1mTestingLibraryElementError[22m: Unable to find a label with the text of: /total de 
numeros/i

Ignored nodes: comments, script, style
[36m<body>[31m
  [36m<div>[31m
    [36m<div[31m
      [33mclass[31m=[32m"registro-sorteo-container"[31m
    [36m>[31m
      [36m<h2>[31m
        [0mRegistrar Nuevo Sorteo[0m
      [36m</h2>[31m
      [36m<form[31m
        [33mclass[31m=[32m"registro-sorteo-form"[31m
      [36m>[31m
        [36m<label[31m
          [33mfor[31m=[32m"name"[31m
        [36m>[31m
          [0mNombre del sorteo[0m
        [36m</label>[31m
        [36m<input[31m
          [33mid[31m=[32m"name"[31m
          [33mname[31m=[32m"name"[31m
          [33mrequired[31m=[32m""[31m
          [33mtype[31m=[32m"text"[31m
          [33mvalue[31m=[32m"Sorteo Navide├▒o"[31m
        [36m/>[31m
        [36m<label[31m
          [33mfor[31m=[32m"description"[31m
        [36m>[31m
          [0mDescripci├│n[0m
        [36m</label>[31m
        [36m<textarea[31m
          [33mid[31m=[32m"description"[31m
          [33mname[31m=[32m"description"[31m
          [33mrequired[31m=[32m""[31m
        [36m/>[31m
        [36m<label[31m
          [33mfor[31m=[32m"image"[31m
        [36m>[31m
          [0mImagen del sorteo[0m
        [36m</label>[31m
        [36m<div[31m
          [33mclass[31m=[32m"dropzone "[31m
        [36m>[31m
          [36m<p>[31m
            [0mArrastra una imagen aqu├¡ o haz clic para seleccionarla[0m
          [36m</p>[31m
          [36m<input[31m
            [33maccept[31m=[32m"image/*"[31m
            [33mid[31m=[32m"image"[31m
            [33mstyle[31m=[32m"display: none;"[31m
            [33mtype[31m=[32m"file"[31m
          [36m/>[31m
        [36m</div>[31m
        [36m<label[31m
          [33mfor[31m=[32m"number_end"[31m
        [36m>[31m
          [0mTotal de n├║meros[0m
        [36m</label>[31m
        [36m<input[31m
          [33mid[31m=[32m"number_end"[31m
          [33mmin[31m=[32m"1"[31m
          [33mname[31m=[32m"number_end"[31m
          [33mrequired[31m=[32m""[31m
          [33mtype[31m=[32m"number"[31m
          [33mvalue[31m=[32m"0"[31m
        [36m/>[31m
        [36m<label[31m
          [33mfor[31m=[32m"price_per_number"[31m
        [36m>[31m
          [0mPrecio por n├║mero[0m
        [36m</label>[31m
        [36m<input[31m
          [33mid[31m=[32m"price_per_number"[31m
          [33mmin[31m=[32m"1"[31m
          [33mname[31m=[32m"price_per_number"[31m
          [33mrequired[31m=[32m""[31m
          [33mstep[31m=[32m"0.01"[31m
          [33mtype[31m=[32m"number"[31m
          [33mvalue[31m=[32m""[31m
        [36m/>[31m
        [36m<label[31m
          [33mfor[31m=[32m"sale_start_at"[31m
        [36m>[31m
          [0mInicio de venta[0m
        [36m</label>[31m
        [36m<input[31m
          [33mid[31m=[32m"sale_start_at"[31m
          [33mname[31m=[32m"sale_start_at"[31m
          [33mrequired[31m=[32m""[31m
          [33mtype[31m=[32m"date"[31m
          [33mvalue[31m=[32m""[31m
        [36m/>[31m
        [36m<label[31m
          [33mfor[31m=[32m"sale_end_at"[31m
        [36m>[31m
          [0mFin de venta[0m
        [36m</label>[31m
        [36m<input[31m
          [33mid[31m=[32m"sale_end_at"[31m
          [33mname[31m=[32m"sale_end_at"[31m
          [33mrequired[31m=[32m""[31m
          [33mtype[31m=[32m"date"[31m
          [33mvalue[31m=[32m""[31m
        [36m/>[31m
        [36m<label[31m
          [33mfor[31m=[32m"draw_scheduled_at"[31m
        [36m>[31m
          [0mFecha del sorteo[0m
        [36m</label>[31m
        [36m<input[31m
          [33mid[31m=[32m"draw_scheduled_at"[31m
          [33mname[31m=[32m"draw_scheduled_at"[31m
          [33mrequired[31m=[32m""[31m
          [33mtype[31m=[32m"date"[31m
          [33mvalue[31m=[32m""[31m
        [36m/>[31m
        [36m<button[31m
          [33mclass[31m=[32m"registro-btn"[31m
          [33mtype[31m=[32m"submit"[31m
        [36m>[31m
          [0mRegistrar Sorteo[0m
        [36m</button>[31m
      [36m</form>[31m
    [36m</div>[31m
  [36m</div>[31m
[36m</body>[31m[39m
[90m [2mΓ¥»[22m Object.getElementError 
node_modules/@testing-library/dom/dist/config.js:[2m37:19[22m[39m
[90m [2mΓ¥»[22m getAllByLabelText 
node_modules/@testing-library/dom/dist/queries/label-text.js:[2m111:38[22m[39m
[90m [2mΓ¥»[22m 
node_modules/@testing-library/dom/dist/query-helpers.js:[2m52:17[22m[39m
[90m [2mΓ¥»[22m 
node_modules/@testing-library/dom/dist/query-helpers.js:[2m95:19[22m[39m
[36m [2mΓ¥»[22m src/service/crearSorteo.test.jsx:[2m122:30[22m[39m
    [90m120| [39m      
[34mexpect[39m(nombre)[33m.[39m[34mtoHaveValue[39m([32m'Sorteo 
Navide├▒o'[39m)[33m;[39m
    [90m121| [39m
    [90m122| [39m      [35mconst[39m numeros [33m=[39m 
screen[33m.[39m[34mgetByLabelText[39m([36m/total de numeros/i[39m)[33m;[39m
    [90m   | [39m                             [31m^[39m
    [90m123| [39m      fireEvent[33m.[39m[34mchange[39m(numeros[33m,[39m { 
target[33m:[39m { value[33m:[39m [32m'100'[39m } })[33m;[39m
    [90m124| [39m      
[34mexpect[39m(numeros)[33m.[39m[34mtoHaveValue[39m([34m100[39m)[33m;[39m

[31m[2mΓÄ»ΓÄ»ΓÄ»ΓÄ»ΓÄ»ΓÄ»ΓÄ»ΓÄ»ΓÄ»ΓÄ»ΓÄ»ΓÄ»ΓÄ»ΓÄ»ΓÄ»ΓÄ»ΓÄ»ΓÄ»ΓÄ»ΓÄ»ΓÄ»ΓÄ»ΓÄ»[6/15]ΓÄ»[22m
[39m

[41m[1m FAIL [22m[49m src/service/crearSorteo.test.jsx[2m > [22mPRUEBAS FORMULARIO 
REGISTRO SORTEO - 5 Puntos Clave[2m > [22m3. Mensajes de error y ├⌐xito[2m > [22mmuestra 
mensaje de ├⌐xito cuando API responde ok
[31m[1mTestingLibraryElementError[22m: Unable to find a label with the text of: /total de 
numeros/i

Ignored nodes: comments, script, style
[36m<body>[31m
  [36m<div>[31m
    [36m<div[31m
      [33mclass[31m=[32m"registro-sorteo-container"[31m
    [36m>[31m
      [36m<h2>[31m
        [0mRegistrar Nuevo Sorteo[0m
      [36m</h2>[31m
      [36m<form[31m
        [33mclass[31m=[32m"registro-sorteo-form"[31m
      [36m>[31m
        [36m<label[31m
          [33mfor[31m=[32m"name"[31m
        [36m>[31m
          [0mNombre del sorteo[0m
        [36m</label>[31m
        [36m<input[31m
          [33mid[31m=[32m"name"[31m
          [33mname[31m=[32m"name"[31m
          [33mrequired[31m=[32m""[31m
          [33mtype[31m=[32m"text"[31m
          [33mvalue[31m=[32m"Sorteo Test"[31m
        [36m/>[31m
        [36m<label[31m
          [33mfor[31m=[32m"description"[31m
        [36m>[31m
          [0mDescripci├│n[0m
        [36m</label>[31m
        [36m<textarea[31m
          [33mid[31m=[32m"description"[31m
          [33mname[31m=[32m"description"[31m
          [33mrequired[31m=[32m""[31m
        [36m/>[31m
        [36m<label[31m
          [33mfor[31m=[32m"image"[31m
        [36m>[31m
          [0mImagen del sorteo[0m
        [36m</label>[31m
        [36m<div[31m
          [33mclass[31m=[32m"dropzone "[31m
        [36m>[31m
          [36m<p>[31m
            [0mArrastra una imagen aqu├¡ o haz clic para seleccionarla[0m
          [36m</p>[31m
          [36m<input[31m
            [33maccept[31m=[32m"image/*"[31m
            [33mid[31m=[32m"image"[31m
            [33mstyle[31m=[32m"display: none;"[31m
            [33mtype[31m=[32m"file"[31m
          [36m/>[31m
        [36m</div>[31m
        [36m<label[31m
          [33mfor[31m=[32m"number_end"[31m
        [36m>[31m
          [0mTotal de n├║meros[0m
        [36m</label>[31m
        [36m<input[31m
          [33mid[31m=[32m"number_end"[31m
          [33mmin[31m=[32m"1"[31m
          [33mname[31m=[32m"number_end"[31m
          [33mrequired[31m=[32m""[31m
          [33mtype[31m=[32m"number"[31m
          [33mvalue[31m=[32m"0"[31m
        [36m/>[31m
        [36m<label[31m
          [33mfor[31m=[32m"price_per_number"[31m
        [36m>[31m
          [0mPrecio por n├║mero[0m
        [36m</label>[31m
        [36m<input[31m
          [33mid[31m=[32m"price_per_number"[31m
          [33mmin[31m=[32m"1"[31m
          [33mname[31m=[32m"price_per_number"[31m
          [33mrequired[31m=[32m""[31m
          [33mstep[31m=[32m"0.01"[31m
          [33mtype[31m=[32m"number"[31m
          [33mvalue[31m=[32m""[31m
        [36m/>[31m
        [36m<label[31m
          [33mfor[31m=[32m"sale_start_at"[31m
        [36m>[31m
          [0mInicio de venta[0m
        [36m</label>[31m
        [36m<input[31m
          [33mid[31m=[32m"sale_start_at"[31m
          [33mname[31m=[32m"sale_start_at"[31m
          [33mrequired[31m=[32m""[31m
          [33mtype[31m=[32m"date"[31m
          [33mvalue[31m=[32m""[31m
        [36m/>[31m
        [36m<label[31m
          [33mfor[31m=[32m"sale_end_at"[31m
        [36m>[31m
          [0mFin de venta[0m
        [36m</label>[31m
        [36m<input[31m
          [33mid[31m=[32m"sale_end_at"[31m
          [33mname[31m=[32m"sale_end_at"[31m
          [33mrequired[31m=[32m""[31m
          [33mtype[31m=[32m"date"[31m
          [33mvalue[31m=[32m""[31m
        [36m/>[31m
        [36m<label[31m
          [33mfor[31m=[32m"draw_scheduled_at"[31m
        [36m>[31m
          [0mFecha del sorteo[0m
        [36m</label>[31m
        [36m<input[31m
          [33mid[31m=[32m"draw_scheduled_at"[31m
          [33mname[31m=[32m"draw_scheduled_at"[31m
          [33mrequired[31m=[32m""[31m
          [33mtype[31m=[32m"date"[31m
          [33mvalue[31m=[32m""[31m
        [36m/>[31m
        [36m<button[31m
          [33mclass[31m=[32m"registro-btn"[31m
          [33mtype[31m=[32m"submit"[31m
        [36m>[31m
          [0mRegistrar Sorteo[0m
        [36m</button>[31m
      [36m</form>[31m
    [36m</div>[31m
  [36m</div>[31m
[36m</body>[31m[39m
[90m [2mΓ¥»[22m Object.getElementError 
node_modules/@testing-library/dom/dist/config.js:[2m37:19[22m[39m
[90m [2mΓ¥»[22m getAllByLabelText 
node_modules/@testing-library/dom/dist/queries/label-text.js:[2m111:38[22m[39m
[90m [2mΓ¥»[22m 
node_modules/@testing-library/dom/dist/query-helpers.js:[2m52:17[22m[39m
[90m [2mΓ¥»[22m 
node_modules/@testing-library/dom/dist/query-helpers.js:[2m95:19[22m[39m
[36m [2mΓ¥»[22m src/service/crearSorteo.test.jsx:[2m146:31[22m[39m
    [90m144| [39m      })[33m;[39m
    [90m145| [39m
    [90m146| [39m      
fireEvent[33m.[39m[34mchange[39m(screen[33m.[39m[34mgetByLabelText[39m([36m/total 
de numeros/i[39m)[33m,[39m {
    [90m   | [39m                              [31m^[39m
    [90m147| [39m        target[33m:[39m { value[33m:[39m [32m'50'[39m }
    [90m148| [39m      })[33m;[39m

[31m[2mΓÄ»ΓÄ»ΓÄ»ΓÄ»ΓÄ»ΓÄ»ΓÄ»ΓÄ»ΓÄ»ΓÄ»ΓÄ»ΓÄ»ΓÄ»ΓÄ»ΓÄ»ΓÄ»ΓÄ»ΓÄ»ΓÄ»ΓÄ»ΓÄ»ΓÄ»ΓÄ»[7/15]ΓÄ»[22m
[39m

[41m[1m FAIL [22m[49m src/service/crearSorteo.test.jsx[2m > [22mPRUEBAS FORMULARIO 
REGISTRO SORTEO - 5 Puntos Clave[2m > [22m3. Mensajes de error y ├⌐xito[2m > [22mmuestra 
mensaje de error cuando API responde error
[31m[1mAssertionError[22m: expected "bound " to be called with arguments: [ 'Error al 
registrar el sorteo' ][90m

Number of calls: [1m0[22m
[31m

Ignored nodes: comments, script, style
[36m<html>[31m
  [36m<head />[31m
  [36m<body>[31m
    [36m<div>[31m
      [36m<div[31m
        [33mclass[31m=[32m"registro-sorteo-container"[31m
      [36m>[31m
        [36m<h2>[31m
          [0mRegistrar Nuevo Sorteo[0m
        [36m</h2>[31m
        [36m<form[31m
          [33mclass[31m=[32m"registro-sorteo-form"[31m
        [36m>[31m
          [36m<label[31m
            [33mfor[31m=[32m"name"[31m
          [36m>[31m
            [0mNombre del sorteo[0m
          [36m</label>[31m
          [36m<input[31m
            [33mid[31m=[32m"name"[31m
            [33mname[31m=[32m"name"[31m
            [33mrequired[31m=[32m""[31m
            [33mtype[31m=[32m"text"[31m
            [33mvalue[31m=[32m"Test"[31m
          [36m/>[31m
          [36m<label[31m
            [33mfor[31m=[32m"description"[31m
          [36m>[31m
            [0mDescripci├│n[0m
          [36m</label>[31m
          [36m<textarea[31m
            [33mid[31m=[32m"description"[31m
            [33mname[31m=[32m"description"[31m
            [33mrequired[31m=[32m""[31m
          [36m/>[31m
          [36m<label[31m
            [33mfor[31m=[32m"image"[31m
          [36m>[31m
            [0mImagen del sorteo[0m
          [36m</label>[31m
          [36m<div[31m
            [33mclass[31m=[32m"dropzone "[31m
          [36m>[31m
            [36m<img[31m
              [33malt[31m=[32m"preview"[31m
              [33mclass[31m=[32m"preview-img"[31m
              [33msrc[31m=[32m"blob:test-image"[31m
            [36m/>[31m
            [36m<input[31m
              [33maccept[31m=[32m"image/*"[31m
              [33mid[31m=[32m"image"[31m
              [33mstyle[31m=[32m"display: none;"[31m
              [33mtype[31m=[32m"file"[31m
            [36m/>[31m
          [36m</div>[31m
          [36m<label[31m
            [33mfor[31m=[32m"number_end"[31m
          [36m>[31m
            [0mTotal de n├║meros[0m
          [36m</label>[31m
          [36m<input[31m
            [33mid[31m=[32m"number_end"[31m
            [33mmin[31m=[32m"1"[31m
            [33mname[31m=[32m"number_end"[31m
            [33mrequired[31m=[32m""[31m
            [33mtype[31m=[32m"number"[31m
            [33mvalue[31m=[32m"0"[31m
          [36m/>[31m
          [36m<label[31m
            [33mfor[31m=[32m"price_per_number"[31m
          [36m>[31m
            [0mPrecio por n├║mero[0m
          [36m</label>[31m
          [36m<input[31m
            [33mid[31m=[32m"price_per_number"[31m
            [33mmin[31m=[32m"1"[31m
            [33mname[31m=[32m"price_per_number"[31m
            [33mrequired[31m=[32m""[31m
            [33mstep[31m=[32m"0.01"[31m
            [33mtype[31m=[32m"number"[31m
            [33mvalue[31m=[32m""[31m
          [36m/>[31m
          [36m<label[31m
            [33mfor[31m=[32m"sale_start_at"[31m
          [36m>[31m
            [0mInicio de venta[0m
          [36m</label>[31m
          [36m<input[31m
            [33mid[31m=[32m"sale_start_at"[31m
            [33mname[31m=[32m"sale_start_at"[31m
            [33mrequired[31m=[32m""[31m
            [33mtype[31m=[32m"date"[31m
            [33mvalue[31m=[32m""[31m
          [36m/>[31m
          [36m<label[31m
            [33mfor[31m=[32m"sale_end_at"[31m
          [36m>[31m
            [0mFin de venta[0m
          [36m</label>[31m
          [36m<input[31m
            [33mid[31m=[32m"sale_end_at"[31m
            [33mname[31m=[32m"sale_end_at"[31m
            [33mrequired[31m=[32m""[31m
            [33mtype[31m=[32m"date"[31m
            [33mvalue[31m=[32m""[31m
          [36m/>[31m
          [36m<label[31m
            [33mfor[31m=[32m"draw_scheduled_at"[31m
          [36m>[31m
            [0mFecha del sorteo[0m
          [36m</label>[31m
          [36m<input[31m
            [33mid[31m=[32m"draw_scheduled_at"[31m
            [33mname[31m=[32m"draw_scheduled_at"[31m
            [33mrequired[31m=[32m""[31m
            [33mtype[31m=[32m"date"[31m
            [33mvalue[31m=[32m""[31m
          [36m/>[31m
          [36m<button[31m
            [33mclass[31m=[32m"registro-btn"[31m
            [33mtype[31m=[32m"submit"[31m
          [36m>[31m
            [0mRegistrar Sorteo[0m
          [36m</button>[31m
        [36m</form>[31m
      [36m</div>[31m
    [36m</div>[31m
  [36m</body>[31m
[36m</html>[31m[39m
[36m [2mΓ¥»[22m src/service/crearSorteo.test.jsx:[2m188:27[22m[39m
    [90m186| [39m
    [90m187| [39m      [35mawait[39m [34mwaitFor[39m(() [33m=>[39m {
    [90m188| [39m        expect(mockAlert).toHaveBeenCalledWith('Error al registrar el ΓÇª
    [90m   | [39m                          [31m^[39m
    [90m189| [39m      })[33m;[39m
    [90m190| [39m
[90m [2mΓ¥»[22m runWithExpensiveErrorDiagnosticsDisabled 
node_modules/@testing-library/dom/dist/config.js:[2m47:12[22m[39m
[90m [2mΓ¥»[22m checkCallback 
node_modules/@testing-library/dom/dist/wait-for.js:[2m124:77[22m[39m
[90m [2mΓ¥»[22m Timeout.checkRealTimersCallback 
node_modules/@testing-library/dom/dist/wait-for.js:[2m118:16[22m[39m

[31m[2mΓÄ»ΓÄ»ΓÄ»ΓÄ»ΓÄ»ΓÄ»ΓÄ»ΓÄ»ΓÄ»ΓÄ»ΓÄ»ΓÄ»ΓÄ»ΓÄ»ΓÄ»ΓÄ»ΓÄ»ΓÄ»ΓÄ»ΓÄ»ΓÄ»ΓÄ»ΓÄ»[8/15]ΓÄ»[22m
[39m

[41m[1m FAIL [22m[49m src/service/crearSorteo.test.jsx[2m > [22mPRUEBAS FORMULARIO 
REGISTRO SORTEO - 5 Puntos Clave[2m > [22m4. Manejo de errores de API[2m > [22mmaneja 
error de red
[31m[1mAssertionError[22m: expected "bound " to be called with arguments: [ 'No se pudo 
registrar el sorteo' ][90m

Number of calls: [1m0[22m
[31m

Ignored nodes: comments, script, style
[36m<html>[31m
  [36m<head />[31m
  [36m<body>[31m
    [36m<div>[31m
      [36m<div[31m
        [33mclass[31m=[32m"registro-sorteo-container"[31m
      [36m>[31m
        [36m<h2>[31m
          [0mRegistrar Nuevo Sorteo[0m
        [36m</h2>[31m
        [36m<form[31m
          [33mclass[31m=[32m"registro-sorteo-form"[31m
        [36m>[31m
          [36m<label[31m
            [33mfor[31m=[32m"name"[31m
          [36m>[31m
            [0mNombre del sorteo[0m
          [36m</label>[31m
          [36m<input[31m
            [33mid[31m=[32m"name"[31m
            [33mname[31m=[32m"name"[31m
            [33mrequired[31m=[32m""[31m
            [33mtype[31m=[32m"text"[31m
            [33mvalue[31m=[32m"Test"[31m
          [36m/>[31m
          [36m<label[31m
            [33mfor[31m=[32m"description"[31m
          [36m>[31m
            [0mDescripci├│n[0m
          [36m</label>[31m
          [36m<textarea[31m
            [33mid[31m=[32m"description"[31m
            [33mname[31m=[32m"description"[31m
            [33mrequired[31m=[32m""[31m
          [36m/>[31m
          [36m<label[31m
            [33mfor[31m=[32m"image"[31m
          [36m>[31m
            [0mImagen del sorteo[0m
          [36m</label>[31m
          [36m<div[31m
            [33mclass[31m=[32m"dropzone "[31m
          [36m>[31m
            [36m<img[31m
              [33malt[31m=[32m"preview"[31m
              [33mclass[31m=[32m"preview-img"[31m
              [33msrc[31m=[32m"blob:test-image"[31m
            [36m/>[31m
            [36m<input[31m
              [33maccept[31m=[32m"image/*"[31m
              [33mid[31m=[32m"image"[31m
              [33mstyle[31m=[32m"display: none;"[31m
              [33mtype[31m=[32m"file"[31m
            [36m/>[31m
          [36m</div>[31m
          [36m<label[31m
            [33mfor[31m=[32m"number_end"[31m
          [36m>[31m
            [0mTotal de n├║meros[0m
          [36m</label>[31m
          [36m<input[31m
            [33mid[31m=[32m"number_end"[31m
            [33mmin[31m=[32m"1"[31m
            [33mname[31m=[32m"number_end"[31m
            [33mrequired[31m=[32m""[31m
            [33mtype[31m=[32m"number"[31m
            [33mvalue[31m=[32m"0"[31m
          [36m/>[31m
          [36m<label[31m
            [33mfor[31m=[32m"price_per_number"[31m
          [36m>[31m
            [0mPrecio por n├║mero[0m
          [36m</label>[31m
          [36m<input[31m
            [33mid[31m=[32m"price_per_number"[31m
            [33mmin[31m=[32m"1"[31m
            [33mname[31m=[32m"price_per_number"[31m
            [33mrequired[31m=[32m""[31m
            [33mstep[31m=[32m"0.01"[31m
            [33mtype[31m=[32m"number"[31m
            [33mvalue[31m=[32m""[31m
          [36m/>[31m
          [36m<label[31m
            [33mfor[31m=[32m"sale_start_at"[31m
          [36m>[31m
            [0mInicio de venta[0m
          [36m</label>[31m
          [36m<input[31m
            [33mid[31m=[32m"sale_start_at"[31m
            [33mname[31m=[32m"sale_start_at"[31m
            [33mrequired[31m=[32m""[31m
            [33mtype[31m=[32m"date"[31m
            [33mvalue[31m=[32m""[31m
          [36m/>[31m
          [36m<label[31m
            [33mfor[31m=[32m"sale_end_at"[31m
          [36m>[31m
            [0mFin de venta[0m
          [36m</label>[31m
          [36m<input[31m
            [33mid[31m=[32m"sale_end_at"[31m
            [33mname[31m=[32m"sale_end_at"[31m
            [33mrequired[31m=[32m""[31m
            [33mtype[31m=[32m"date"[31m
            [33mvalue[31m=[32m""[31m
          [36m/>[31m
          [36m<label[31m
            [33mfor[31m=[32m"draw_scheduled_at"[31m
          [36m>[31m
            [0mFecha del sorteo[0m
          [36m</label>[31m
          [36m<input[31m
            [33mid[31m=[32m"draw_scheduled_at"[31m
            [33mname[31m=[32m"draw_scheduled_at"[31m
            [33mrequired[31m=[32m""[31m
            [33mtype[31m=[32m"date"[31m
            [33mvalue[31m=[32m""[31m
          [36m/>[31m
          [36m<button[31m
            [33mclass[31m=[32m"registro-btn"[31m
            [33mtype[31m=[32m"submit"[31m
          [36m>[31m
            [0mRegistrar Sorteo[0m
          [36m</button>[31m
        [36m</form>[31m
      [36m</div>[31m
    [36m</div>[31m
  [36m</body>[31m
[36m</html>[31m[39m
[36m [2mΓ¥»[22m src/service/crearSorteo.test.jsx:[2m220:27[22m[39m
    [90m218| [39m
    [90m219| [39m      [35mawait[39m [34mwaitFor[39m(() [33m=>[39m {
    [90m220| [39m        expect(mockAlert).toHaveBeenCalledWith('No se pudo registrar eΓÇª
    [90m   | [39m                          [31m^[39m
    [90m221| [39m      })[33m;[39m
    [90m222| [39m
[90m [2mΓ¥»[22m runWithExpensiveErrorDiagnosticsDisabled 
node_modules/@testing-library/dom/dist/config.js:[2m47:12[22m[39m
[90m [2mΓ¥»[22m checkCallback 
node_modules/@testing-library/dom/dist/wait-for.js:[2m124:77[22m[39m
[90m [2mΓ¥»[22m Timeout.checkRealTimersCallback 
node_modules/@testing-library/dom/dist/wait-for.js:[2m118:16[22m[39m

[31m[2mΓÄ»ΓÄ»ΓÄ»ΓÄ»ΓÄ»ΓÄ»ΓÄ»ΓÄ»ΓÄ»ΓÄ»ΓÄ»ΓÄ»ΓÄ»ΓÄ»ΓÄ»ΓÄ»ΓÄ»ΓÄ»ΓÄ»ΓÄ»ΓÄ»ΓÄ»ΓÄ»[9/15]ΓÄ»[22m
[39m

[41m[1m FAIL [22m[49m src/service/RegisterForm.test.jsx[2m > [22mPRUEBAS FORMULARIO 
REGISTRO - 5 Puntos Clave[2m > [22m2. Env├¡o exitoso de datos v├ílidos[2m > [22mdebe 
mostrar mensaje de ├⌐xito cuando el registro es exitoso
[31m[1mTestingLibraryElementError[22m[39m: Unable to find an element with the text: 
┬íRegistro exitoso! Redirigiendo a la galeria de sorteos.... This could be because the text 
is broken up by multiple elements. In this case, you can provide a function for your text 
matcher to make your matcher more flexible.

Ignored nodes: comments, script, style
[36m<body>[39m
  [36m<div>[39m
    [36m<div[39m
      [33mclass[39m=[32m"registroContainer"[39m
    [36m>[39m
      [36m<div[39m
        [33mclass[39m=[32m"registroCard"[39m
      [36m>[39m
        [36m<h1>[39m
          [0mRegistro de Usuario[0m
        [36m</h1>[39m
        [36m<p>[39m
          [0mCompleta el formulario para crear una cuenta.[0m
        [36m</p>[39m
        [36m<form[39m
          [33mclass[39m=[32m"registroForm"[39m
        [36m>[39m
          [36m<div[39m
            [33mclass[39m=[32m"formGroup"[39m
          [36m>[39m
            [36m<label[39m
              [33mfor[39m=[32m"name"[39m
            [36m>[39m
              [0mNombre[0m
            [36m</label>[39m
            [36m<input[39m
              [33mid[39m=[32m"name"[39m
              [33mname[39m=[32m"name"[39m
              [33mrequired[39m=[32m""[39m
              [33mtype[39m=[32m"text"[39m
              [33mvalue[39m=[32m"Ana"[39m
            [36m/>[39m
          [36m</div>[39m
          [36m<div[39m
            [33mclass[39m=[32m"formGroup"[39m
          [36m>[39m
            [36m<label[39m
              [33mfor[39m=[32m"email"[39m
            [36m>[39m
              [0mCorreo electr├│nico[0m
            [36m</label>[39m
            [36m<input[39m
              [33mid[39m=[32m"email"[39m
              [33mname[39m=[32m"email"[39m
              [33mrequired[39m=[32m""[39m
              [33mtype[39m=[32m"email"[39m
              [33mvalue[39m=[32m"ana.garcia@ejemplo.com"[39m
            [36m/>[39m
          [36m</div>[39m
          [36m<div[39m
            [33mclass[39m=[32m"formGroup"[39m
          [36m>[39m
            [36m<label[39m
              [33mfor[39m=[32m"phone"[39m
            [36m>[39m
              [0mTel├⌐fono[0m
            [36m</label>[39m
            [36m<input[39m
              [33mid[39m=[32m"phone"[39m
              [33mname[39m=[32m"phone"[39m
              [33mrequired[39m=[32m""[39m
              [33mtype[39m=[32m"tel"[39m
              [33mvalue[39m=[32m"5512345678"[39m
            [36m/>[39m
          [36m</div>[39m
          [36m<div[39m
            [33mclass[39m=[32m"formGroup"[39m
          [36m>[39m
            [36m<label[39m
              [33mfor[39m=[32m"user_type"[39m
            [36m>[39m
              [0mTipo de usuario[0m
            [36m</label>[39m
            [36m<select[39m
              [33mid[39m=[32m"user_type"[39m
              [33mname[39m=[32m"user_type"[39m
            [36m>[39m
              [36m<option[39m
                [33mvalue[39m=[32m"organizador"[39m
              [36m>[39m
                [0mOrganizador[0m
              [36m</option>[39m
            [36m</select>[39m
          [36m</div>[39m
          [36m<div[39m
            [33mclass[39m=[32m"formGroup"[39m
          [36m>[39m
            [36m<label[39m
              [33mfor[39m=[32m"password1"[39m
            [36m>[39m
              [0mContrase├▒a[0m
            [36m</label>[39m
            [36m<input[39m
              [33mid[39m=[32m"password1"[39m
              [33mname[39m=[32m"password1"[39m
              [33mrequired[39m=[32m""[39m
              [33mtype[39m=[32m"password"[39m
              [33mvalue[39m=[32m"SecurePassword123!"[39m
            [36m/>[39m
          [36m</div>[39m
          [36m<div[39m
            [33mclass[39m=[32m"formGroup"[39m
          [36m>[39m
            [36m<label[39m
              [33mfor[39m=[32m"password2"[39m
            [36m>[39m
              [0mConfirmar contrase├▒a[0m
            [36m</label>[39m
            [36m<input[39m
              [33mid[39m=[32m"password2"[39m
              [33mname[39m=[32m"password2"[39m
              [33mrequired[39m=[32m""[39m
              [33mtype[39m=[32m"password"[39m
              [33mvalue[39m=[32m"SecurePassword123!"[39m
            [36m/>[39m
          [36m</div>[39m
          [36m<div[39m
            [33mclass[39m=[32m"errorMessage"[39m
          [36m>[39m
            [0mNo est├ís autenticado. Inicia sesi├│n primero.[0m
          [36m</div>[39m
          [36m<button[39m
            [33mclass[39m=[32m"registroButton"[39m
            [33mtype[39m=[32m"submit"[39m
          [36m>[39m
            [0mCrear cuenta[0m
          [36m</button>[39m
        [36m</form>[39m
      [36m</div>[39m
    [36m</div>[39m
  [36m</div>[39m
[36m</body>[39m

Ignored nodes: comments, script, style
[36m<html>[39m
  [36m<head />[39m
  [36m<body>[39m
    [36m<div>[39m
      [36m<div[39m
        [33mclass[39m=[32m"registroContainer"[39m
      [36m>[39m
        [36m<div[39m
          [33mclass[39m=[32m"registroCard"[39m
        [36m>[39m
          [36m<h1>[39m
            [0mRegistro de Usuario[0m
          [36m</h1>[39m
          [36m<p>[39m
            [0mCompleta el formulario para crear una cuenta.[0m
          [36m</p>[39m
          [36m<form[39m
            [33mclass[39m=[32m"registroForm"[39m
          [36m>[39m
            [36m<div[39m
              [33mclass[39m=[32m"formGroup"[39m
            [36m>[39m
              [36m<label[39m
                [33mfor[39m=[32m"name"[39m
              [36m>[39m
                [0mNombre[0m
              [36m</label>[39m
              [36m<input[39m
                [33mid[39m=[32m"name"[39m
                [33mname[39m=[32m"name"[39m
                [33mrequired[39m=[32m""[39m
                [33mtype[39m=[32m"text"[39m
                [33mvalue[39m=[32m"Ana"[39m
              [36m/>[39m
            [36m</div>[39m
            [36m<div[39m
              [33mclass[39m=[32m"formGroup"[39m
            [36m>[39m
              [36m<label[39m
                [33mfor[39m=[32m"email"[39m
              [36m>[39m
                [0mCorreo electr├│nico[0m
              [36m</label>[39m
              [36m<input[39m
                [33mid[39m=[32m"email"[39m
                [33mname[39m=[32m"email"[39m
                [33mrequired[39m=[32m""[39m
                [33mtype[39m=[32m"email"[39m
                [33mvalue[39m=[32m"ana.garcia@ejemplo.com"[39m
              [36m/>[39m
            [36m</div>[39m
            [36m<div[39m
              [33mclass[39m=[32m"formGroup"[39m
            [36m>[39m
              [36m<label[39m
                [33mfor[39m=[32m"phone"[39m
              [36m>[39m
                [0mTel├⌐fono[0m
              [36m</label>[39m
              [36m<input[39m
                [33mid[39m=[32m"phone"[39m
                [33mname[39m=[32m"phone"[39m
                [33mrequired[39m=[32m""[39m
                [33mtype[39m=[32m"tel"[39m
                [33mvalue[39m=[32m"5512345678"[39m
              [36m/>[39m
            [36m</div>[39m
            [36m<div[39m
              [33mclass[39m=[32m"formGroup"[39m
            [36m>[39m
              [36m<label[39m
                [33mfor[39m=[32m"user_type"[39m
              [36m>[39m
                [0mTipo de usuario[0m
              [36m</label>[39m
              [36m<select[39m
                [33mid[39m=[32m"user_type"[39m
                [33mname[39m=[32m"user_type"[39m
              [36m>[39m
                [36m<option[39m
                  [33mvalue[39m=[32m"organizador"[39m
                [36m>[39m
                  [0mOrganizador[0m
                [36m</option>[39m
              [36m</select>[39m
            [36m</div>[39m
            [36m<div[39m
              [33mclass[39m=[32m"formGroup"[39m
            [36m>[39m
              [36m<label[39m
                [33mfor[39m=[32m"password1"[39m
              [36m>[39m
                [0mContrase├▒a[0m
              [36m</label>[39m
              [36m<input[39m
                [33mid[39m=[32m"password1"[39m
                [33mname[39m=[32m"password1"[39m
                [33mrequired[39m=[32m""[39m
                [33mtype[39m=[32m"password"[39m
                [33mvalue[39m=[32m"SecurePassword123!"[39m
              [36m/>[39m
            [36m</div>[39m
            [36m<div[39m
              [33mclass[39m=[32m"formGroup"[39m
            [36m>[39m
              [36m<label[39m
                [33mfor[39m=[32m"password2"[39m
              [36m>[39m
                [0mConfirmar contrase├▒a[0m
              [36m</label>[39m
              [36m<input[39m
                [33mid[39m=[32m"password2"[39m
                [33mname[39m=[32m"password2"[39m
                [33mrequired[39m=[32m""[39m
                [33mtype[39m=[32m"password"[39m
                [33mvalue[39m=[32m"SecurePassword123!"[39m
              [36m/>[39m
            [36m</div>[39m
            [36m<div[39m
              [33mclass[39m=[32m"errorMessage"[39m
            [36m>[39m
              [0mNo est├ís autenticado. Inicia sesi├│n primero.[0m
            [36m</div>[39m
            [36m<button[39m
              [33mclass[39m=[32m"registroButton"[39m
              [33mtype[39m=[32m"submit"[39m
            [36m>[39m
              [0mCrear cuenta[0m
            [36m</button>[39m
          [36m</form>[39m
        [36m</div>[39m
      [36m</div>[39m
    [36m</div>[39m
  [36m</body>[39m
[36m</html>[39m
[90m [2mΓ¥»[22m Proxy.waitForWrapper 
node_modules/@testing-library/dom/dist/wait-for.js:[2m163:27[22m[39m
[36m [2mΓ¥»[22m src/service/RegisterForm.test.jsx:[2m132:13[22m[39m
    [90m130| [39m
    [90m131| [39m      [90m// Verificar que se muestra el mensaje de ├⌐xito[39m
    [90m132| [39m      [35mawait[39m [34mwaitFor[39m(() [33m=>[39m {
    [90m   | [39m            [31m^[39m
    [90m133| [39m        expect(screen.getByText('┬íRegistro exitoso! Redirigiendo a la ΓÇª
    [90m134| [39m      })[33m;[39m

[31m[2mΓÄ»ΓÄ»ΓÄ»ΓÄ»ΓÄ»ΓÄ»ΓÄ»ΓÄ»ΓÄ»ΓÄ»ΓÄ»ΓÄ»ΓÄ»ΓÄ»ΓÄ»ΓÄ»ΓÄ»ΓÄ»ΓÄ»ΓÄ»ΓÄ»ΓÄ»[10/15]ΓÄ»[22m[3
9m

[41m[1m FAIL [22m[49m src/service/RegisterForm.test.jsx[2m > [22mPRUEBAS FORMULARIO 
REGISTRO - 5 Puntos Clave[2m > [22m3. Validaciones en campo[2m > [22mdebe validar que 
las contrase├▒as coincidan antes del env├¡o
[31m[1mTestingLibraryElementError[22m[39m: Unable to find an element with the text: Las 
contrase├▒as no coinciden. This could be because the text is broken up by multiple elements. 
In this case, you can provide a function for your text matcher to make your matcher more 
flexible.

Ignored nodes: comments, script, style
[36m<body>[39m
  [36m<div>[39m
    [36m<div[39m
      [33mclass[39m=[32m"registroContainer"[39m
    [36m>[39m
      [36m<div[39m
        [33mclass[39m=[32m"registroCard"[39m
      [36m>[39m
        [36m<h1>[39m
          [0mRegistro de Usuario[0m
        [36m</h1>[39m
        [36m<p>[39m
          [0mCompleta el formulario para crear una cuenta.[0m
        [36m</p>[39m
        [36m<form[39m
          [33mclass[39m=[32m"registroForm"[39m
        [36m>[39m
          [36m<div[39m
            [33mclass[39m=[32m"formGroup"[39m
          [36m>[39m
            [36m<label[39m
              [33mfor[39m=[32m"name"[39m
            [36m>[39m
              [0mNombre[0m
            [36m</label>[39m
            [36m<input[39m
              [33mid[39m=[32m"name"[39m
              [33mname[39m=[32m"name"[39m
              [33mrequired[39m=[32m""[39m
              [33mtype[39m=[32m"text"[39m
              [33mvalue[39m=[32m"Carlos"[39m
            [36m/>[39m
          [36m</div>[39m
          [36m<div[39m
            [33mclass[39m=[32m"formGroup"[39m
          [36m>[39m
            [36m<label[39m
              [33mfor[39m=[32m"email"[39m
            [36m>[39m
              [0mCorreo electr├│nico[0m
            [36m</label>[39m
            [36m<input[39m
              [33mid[39m=[32m"email"[39m
              [33mname[39m=[32m"email"[39m
              [33mrequired[39m=[32m""[39m
              [33mtype[39m=[32m"email"[39m
              [33mvalue[39m=[32m"carlos@ejemplo.com"[39m
            [36m/>[39m
          [36m</div>[39m
          [36m<div[39m
            [33mclass[39m=[32m"formGroup"[39m
          [36m>[39m
            [36m<label[39m
              [33mfor[39m=[32m"phone"[39m
            [36m>[39m
              [0mTel├⌐fono[0m
            [36m</label>[39m
            [36m<input[39m
              [33mid[39m=[32m"phone"[39m
              [33mname[39m=[32m"phone"[39m
              [33mrequired[39m=[32m""[39m
              [33mtype[39m=[32m"tel"[39m
              [33mvalue[39m=[32m""[39m
            [36m/>[39m
          [36m</div>[39m
          [36m<div[39m
            [33mclass[39m=[32m"formGroup"[39m
          [36m>[39m
            [36m<label[39m
              [33mfor[39m=[32m"user_type"[39m
            [36m>[39m
              [0mTipo de usuario[0m
            [36m</label>[39m
            [36m<select[39m
              [33mid[39m=[32m"user_type"[39m
              [33mname[39m=[32m"user_type"[39m
            [36m>[39m
              [36m<option[39m
                [33mvalue[39m=[32m"organizador"[39m
              [36m>[39m
                [0mOrganizador[0m
              [36m</option>[39m
            [36m</select>[39m
          [36m</div>[39m
          [36m<div[39m
            [33mclass[39m=[32m"formGroup"[39m
          [36m>[39m
            [36m<label[39m
              [33mfor[39m=[32m"password1"[39m
            [36m>[39m
              [0mContrase├▒a[0m
            [36m</label>[39m
            [36m<input[39m
              [33mid[39m=[32m"password1"[39m
              [33mname[39m=[32m"password1"[39m
              [33mrequired[39m=[32m""[39m
              [33mtype[39m=[32m"password"[39m
              [33mvalue[39m=[32m"Password123"[39m
            [36m/>[39m
          [36m</div>[39m
          [36m<div[39m
            [33mclass[39m=[32m"formGroup"[39m
          [36m>[39m
            [36m<label[39m
              [33mfor[39m=[32m"password2"[39m
            [36m>[39m
              [0mConfirmar contrase├▒a[0m
            [36m</label>[39m
            [36m<input[39m
              [33mid[39m=[32m"password2"[39m
              [33mname[39m=[32m"password2"[39m
              [33mrequired[39m=[32m""[39m
              [33mtype[39m=[32m"password"[39m
              [33mvalue[39m=[32m"DiferentePassword456"[39m
            [36m/>[39m
          [36m</div>[39m
          [36m<button[39m
            [33mclass[39m=[32m"registroButton"[39m
            [33mtype[39m=[32m"submit"[39m
          [36m>[39m
            [0mCrear cuenta[0m
          [36m</button>[39m
        [36m</form>[39m
      [36m</div>[39m
    [36m</div>[39m
  [36m</div>[39m
[36m</body>[39m

Ignored nodes: comments, script, style
[36m<html>[39m
  [36m<head />[39m
  [36m<body>[39m
    [36m<div>[39m
      [36m<div[39m
        [33mclass[39m=[32m"registroContainer"[39m
      [36m>[39m
        [36m<div[39m
          [33mclass[39m=[32m"registroCard"[39m
        [36m>[39m
          [36m<h1>[39m
            [0mRegistro de Usuario[0m
          [36m</h1>[39m
          [36m<p>[39m
            [0mCompleta el formulario para crear una cuenta.[0m
          [36m</p>[39m
          [36m<form[39m
            [33mclass[39m=[32m"registroForm"[39m
          [36m>[39m
            [36m<div[39m
              [33mclass[39m=[32m"formGroup"[39m
            [36m>[39m
              [36m<label[39m
                [33mfor[39m=[32m"name"[39m
              [36m>[39m
                [0mNombre[0m
              [36m</label>[39m
              [36m<input[39m
                [33mid[39m=[32m"name"[39m
                [33mname[39m=[32m"name"[39m
                [33mrequired[39m=[32m""[39m
                [33mtype[39m=[32m"text"[39m
                [33mvalue[39m=[32m"Carlos"[39m
              [36m/>[39m
            [36m</div>[39m
            [36m<div[39m
              [33mclass[39m=[32m"formGroup"[39m
            [36m>[39m
              [36m<label[39m
                [33mfor[39m=[32m"email"[39m
              [36m>[39m
                [0mCorreo electr├│nico[0m
              [36m</label>[39m
              [36m<input[39m
                [33mid[39m=[32m"email"[39m
                [33mname[39m=[32m"email"[39m
                [33mrequired[39m=[32m""[39m
                [33mtype[39m=[32m"email"[39m
                [33mvalue[39m=[32m"carlos@ejemplo.com"[39m
              [36m/>[39m
            [36m</div>[39m
            [36m<div[39m
              [33mclass[39m=[32m"formGroup"[39m
            [36m>[39m
              [36m<label[39m
                [33mfor[39m=[32m"phone"[39m
              [36m>[39m
                [0mTel├⌐fono[0m
              [36m</label>[39m
              [36m<input[39m
                [33mid[39m=[32m"phone"[39m
                [33mname[39m=[32m"phone"[39m
                [33mrequired[39m=[32m""[39m
                [33mtype[39m=[32m"tel"[39m
                [33mvalue[39m=[32m""[39m
              [36m/>[39m
            [36m</div>[39m
            [36m<div[39m
              [33mclass[39m=[32m"formGroup"[39m
            [36m>[39m
              [36m<label[39m
                [33mfor[39m=[32m"user_type"[39m
              [36m>[39m
                [0mTipo de usuario[0m
              [36m</label>[39m
              [36m<select[39m
                [33mid[39m=[32m"user_type"[39m
                [33mname[39m=[32m"user_type"[39m
              [36m>[39m
                [36m<option[39m
                  [33mvalue[39m=[32m"organizador"[39m
                [36m>[39m
                  [0mOrganizador[0m
                [36m</option>[39m
              [36m</select>[39m
            [36m</div>[39m
            [36m<div[39m
              [33mclass[39m=[32m"formGroup"[39m
            [36m>[39m
              [36m<label[39m
                [33mfor[39m=[32m"password1"[39m
              [36m>[39m
                [0mContrase├▒a[0m
              [36m</label>[39m
              [36m<input[39m
                [33mid[39m=[32m"password1"[39m
                [33mname[39m=[32m"password1"[39m
                [33mrequired[39m=[32m""[39m
                [33mtype[39m=[32m"password"[39m
                [33mvalue[39m=[32m"Password123"[39m
              [36m/>[39m
            [36m</div>[39m
            [36m<div[39m
              [33mclass[39m=[32m"formGroup"[39m
            [36m>[39m
              [36m<label[39m
                [33mfor[39m=[32m"password2"[39m
              [36m>[39m
                [0mConfirmar contrase├▒a[0m
              [36m</label>[39m
              [36m<input[39m
                [33mid[39m=[32m"password2"[39m
                [33mname[39m=[32m"password2"[39m
                [33mrequired[39m=[32m""[39m
                [33mtype[39m=[32m"password"[39m
                [33mvalue[39m=[32m"DiferentePassword456"[39m
              [36m/>[39m
            [36m</div>[39m
            [36m<button[39m
              [33mclass[39m=[32m"registroButton"[39m
              [33mtype[39m=[32m"submit"[39m
            [36m>[39m
              [0mCrear cuenta[0m
            [36m</button>[39m
          [36m</form>[39m
        [36m</div>[39m
      [36m</div>[39m
    [36m</div>[39m
  [36m</body>[39m
[36m</html>[39m
[90m [2mΓ¥»[22m Proxy.waitForWrapper 
node_modules/@testing-library/dom/dist/wait-for.js:[2m163:27[22m[39m
[36m [2mΓ¥»[22m src/service/RegisterForm.test.jsx:[2m179:13[22m[39m
    [90m177| [39m
    [90m178| [39m      [90m// Verificar que se muestra error de contrase├▒as no 
coincidentes[39m
    [90m179| [39m      [35mawait[39m [34mwaitFor[39m(() [33m=>[39m {
    [90m   | [39m            [31m^[39m
    [90m180| [39m        expect(screen.getByText('Las contrase├▒as no coinciden')).toBeIΓÇª
    [90m181| [39m      })[33m;[39m

[31m[2mΓÄ»ΓÄ»ΓÄ»ΓÄ»ΓÄ»ΓÄ»ΓÄ»ΓÄ»ΓÄ»ΓÄ»ΓÄ»ΓÄ»ΓÄ»ΓÄ»ΓÄ»ΓÄ»ΓÄ»ΓÄ»ΓÄ»ΓÄ»ΓÄ»ΓÄ»[11/15]ΓÄ»[22m[3
9m

[41m[1m FAIL [22m[49m src/service/RegisterForm.test.jsx[2m > [22mPRUEBAS FORMULARIO 
REGISTRO - 5 Puntos Clave[2m > [22m3. Validaciones en campo[2m > [22mdebe permitir 
env├¡o cuando las contrase├▒as coinciden
[31m[1mAssertionError[22m: expected "vi.fn()" to be called 1 times, but got 0 times

Ignored nodes: comments, script, style
[36m<html>[31m
  [36m<head />[31m
  [36m<body>[31m
    [36m<div>[31m
      [36m<div[31m
        [33mclass[31m=[32m"registroContainer"[31m
      [36m>[31m
        [36m<div[31m
          [33mclass[31m=[32m"registroCard"[31m
        [36m>[31m
          [36m<h1>[31m
            [0mRegistro de Usuario[0m
          [36m</h1>[31m
          [36m<p>[31m
            [0mCompleta el formulario para crear una cuenta.[0m
          [36m</p>[31m
          [36m<form[31m
            [33mclass[31m=[32m"registroForm"[31m
          [36m>[31m
            [36m<div[31m
              [33mclass[31m=[32m"formGroup"[31m
            [36m>[31m
              [36m<label[31m
                [33mfor[31m=[32m"name"[31m
              [36m>[31m
                [0mNombre[0m
              [36m</label>[31m
              [36m<input[31m
                [33mid[31m=[32m"name"[31m
                [33mname[31m=[32m"name"[31m
                [33mrequired[31m=[32m""[31m
                [33mtype[31m=[32m"text"[31m
                [33mvalue[31m=[32m"Laura"[31m
              [36m/>[31m
            [36m</div>[31m
            [36m<div[31m
              [33mclass[31m=[32m"formGroup"[31m
            [36m>[31m
              [36m<label[31m
                [33mfor[31m=[32m"email"[31m
              [36m>[31m
                [0mCorreo electr├│nico[0m
              [36m</label>[31m
              [36m<input[31m
                [33mid[31m=[32m"email"[31m
                [33mname[31m=[32m"email"[31m
                [33mrequired[31m=[32m""[31m
                [33mtype[31m=[32m"email"[31m
                [33mvalue[31m=[32m"laura@ejemplo.com"[31m
              [36m/>[31m
            [36m</div>[31m
            [36m<div[31m
              [33mclass[31m=[32m"formGroup"[31m
            [36m>[31m
              [36m<label[31m
                [33mfor[31m=[32m"phone"[31m
              [36m>[31m
                [0mTel├⌐fono[0m
              [36m</label>[31m
              [36m<input[31m
                [33mid[31m=[32m"phone"[31m
                [33mname[31m=[32m"phone"[31m
                [33mrequired[31m=[32m""[31m
                [33mtype[31m=[32m"tel"[31m
                [33mvalue[31m=[32m""[31m
              [36m/>[31m
            [36m</div>[31m
            [36m<div[31m
              [33mclass[31m=[32m"formGroup"[31m
            [36m>[31m
              [36m<label[31m
                [33mfor[31m=[32m"user_type"[31m
              [36m>[31m
                [0mTipo de usuario[0m
              [36m</label>[31m
              [36m<select[31m
                [33mid[31m=[32m"user_type"[31m
                [33mname[31m=[32m"user_type"[31m
              [36m>[31m
                [36m<option[31m
                  [33mvalue[31m=[32m"organizador"[31m
                [36m>[31m
                  [0mOrganizador[0m
                [36m</option>[31m
              [36m</select>[31m
            [36m</div>[31m
            [36m<div[31m
              [33mclass[31m=[32m"formGroup"[31m
            [36m>[31m
              [36m<label[31m
                [33mfor[31m=[32m"password1"[31m
              [36m>[31m
                [0mContrase├▒a[0m
              [36m</label>[31m
              [36m<input[31m
                [33mid[31m=[32m"password1"[31m
                [33mname[31m=[32m"password1"[31m
                [33mrequired[31m=[32m""[31m
                [33mtype[31m=[32m"password"[31m
                [33mvalue[31m=[32m"MiContrase├▒aSegura123"[31m
              [36m/>[31m
            [36m</div>[31m
            [36m<div[31m
              [33mclass[31m=[32m"formGroup"[31m
            [36m>[31m
              [36m<label[31m
                [33mfor[31m=[32m"password2"[31m
              [36m>[31m
                [0mConfirmar contrase├▒a[0m
              [36m</label>[31m
              [36m<input[31m
                [33mid[31m=[32m"password2"[31m
                [33mname[31m=[32m"password2"[31m
                [33mrequired[31m=[32m""[31m
                [33mtype[31m=[32m"password"[31m
                [33mvalue[31m=[32m"MiContrase├▒aSegura123"[31m
              [36m/>[31m
            [36m</div>[31m
            [36m<button[31m
              [33mclass[31m=[32m"registroButton"[31m
              [33mtype[31m=[32m"submit"[31m
            [36m>[31m
              [0mCrear cuenta[0m
            [36m</button>[31m
          [36m</form>[31m
        [36m</div>[31m
      [36m</div>[31m
    [36m</div>[31m
  [36m</body>[31m
[36m</html>[31m[39m
[36m [2mΓ¥»[22m src/service/RegisterForm.test.jsx:[2m221:27[22m[39m
    [90m219| [39m      [90m// Verificar que S├ì se llam├│ a la API[39m
    [90m220| [39m      [35mawait[39m [34mwaitFor[39m(() [33m=>[39m {
    [90m221| [39m        
[34mexpect[39m(mockFetch)[33m.[39m[34mtoHaveBeenCalledTimes[39m([34m1[39m)[33m;[39m
    [90m   | [39m                          [31m^[39m
    [90m222| [39m      })[33m;[39m
    [90m223| [39m    })[33m;[39m
[90m [2mΓ¥»[22m runWithExpensiveErrorDiagnosticsDisabled 
node_modules/@testing-library/dom/dist/config.js:[2m47:12[22m[39m
[90m [2mΓ¥»[22m checkCallback 
node_modules/@testing-library/dom/dist/wait-for.js:[2m124:77[22m[39m
[90m [2mΓ¥»[22m Timeout.checkRealTimersCallback 
node_modules/@testing-library/dom/dist/wait-for.js:[2m118:16[22m[39m

[31m[2mΓÄ»ΓÄ»ΓÄ»ΓÄ»ΓÄ»ΓÄ»ΓÄ»ΓÄ»ΓÄ»ΓÄ»ΓÄ»ΓÄ»ΓÄ»ΓÄ»ΓÄ»ΓÄ»ΓÄ»ΓÄ»ΓÄ»ΓÄ»ΓÄ»ΓÄ»[12/15]ΓÄ»[22m[3
9m

[41m[1m FAIL [22m[49m src/service/RegisterForm.test.jsx[2m > [22mPRUEBAS FORMULARIO 
REGISTRO - 5 Puntos Clave[2m > [22m4. Mensaje de error si email ya existe[2m > [22mdebe 
mostrar mensaje espec├¡fico cuando el email ya est├í registrado
[31m[1mTestingLibraryElementError[22m[39m: Unable to find an element with the text: El 
email ya est├í en uso. This could be because the text is broken up by multiple elements. In 
this case, you can provide a function for your text matcher to make your matcher more 
flexible.

Ignored nodes: comments, script, style
[36m<body>[39m
  [36m<div>[39m
    [36m<div[39m
      [33mclass[39m=[32m"registroContainer"[39m
    [36m>[39m
      [36m<div[39m
        [33mclass[39m=[32m"registroCard"[39m
      [36m>[39m
        [36m<h1>[39m
          [0mRegistro de Usuario[0m
        [36m</h1>[39m
        [36m<p>[39m
          [0mCompleta el formulario para crear una cuenta.[0m
        [36m</p>[39m
        [36m<form[39m
          [33mclass[39m=[32m"registroForm"[39m
        [36m>[39m
          [36m<div[39m
            [33mclass[39m=[32m"formGroup"[39m
          [36m>[39m
            [36m<label[39m
              [33mfor[39m=[32m"name"[39m
            [36m>[39m
              [0mNombre[0m
            [36m</label>[39m
            [36m<input[39m
              [33mid[39m=[32m"name"[39m
              [33mname[39m=[32m"name"[39m
              [33mrequired[39m=[32m""[39m
              [33mtype[39m=[32m"text"[39m
              [33mvalue[39m=[32m"Usuario"[39m
            [36m/>[39m
          [36m</div>[39m
          [36m<div[39m
            [33mclass[39m=[32m"formGroup"[39m
          [36m>[39m
            [36m<label[39m
              [33mfor[39m=[32m"email"[39m
            [36m>[39m
              [0mCorreo electr├│nico[0m
            [36m</label>[39m
            [36m<input[39m
              [33mid[39m=[32m"email"[39m
              [33mname[39m=[32m"email"[39m
              [33mrequired[39m=[32m""[39m
              [33mtype[39m=[32m"email"[39m
              [33mvalue[39m=[32m"existente@ejemplo.com"[39m
            [36m/>[39m
          [36m</div>[39m
          [36m<div[39m
            [33mclass[39m=[32m"formGroup"[39m
          [36m>[39m
            [36m<label[39m
              [33mfor[39m=[32m"phone"[39m
            [36m>[39m
              [0mTel├⌐fono[0m
            [36m</label>[39m
            [36m<input[39m
              [33mid[39m=[32m"phone"[39m
              [33mname[39m=[32m"phone"[39m
              [33mrequired[39m=[32m""[39m
              [33mtype[39m=[32m"tel"[39m
              [33mvalue[39m=[32m""[39m
            [36m/>[39m
          [36m</div>[39m
          [36m<div[39m
            [33mclass[39m=[32m"formGroup"[39m
          [36m>[39m
            [36m<label[39m
              [33mfor[39m=[32m"user_type"[39m
            [36m>[39m
              [0mTipo de usuario[0m
            [36m</label>[39m
            [36m<select[39m
              [33mid[39m=[32m"user_type"[39m
              [33mname[39m=[32m"user_type"[39m
            [36m>[39m
              [36m<option[39m
                [33mvalue[39m=[32m"organizador"[39m
              [36m>[39m
                [0mOrganizador[0m
              [36m</option>[39m
            [36m</select>[39m
          [36m</div>[39m
          [36m<div[39m
            [33mclass[39m=[32m"formGroup"[39m
          [36m>[39m
            [36m<label[39m
              [33mfor[39m=[32m"password1"[39m
            [36m>[39m
              [0mContrase├▒a[0m
            [36m</label>[39m
            [36m<input[39m
              [33mid[39m=[32m"password1"[39m
              [33mname[39m=[32m"password1"[39m
              [33mrequired[39m=[32m""[39m
              [33mtype[39m=[32m"password"[39m
              [33mvalue[39m=[32m"password123"[39m
            [36m/>[39m
          [36m</div>[39m
          [36m<div[39m
            [33mclass[39m=[32m"formGroup"[39m
          [36m>[39m
            [36m<label[39m
              [33mfor[39m=[32m"password2"[39m
            [36m>[39m
              [0mConfirmar contrase├▒a[0m
            [36m</label>[39m
            [36m<input[39m
              [33mid[39m=[32m"password2"[39m
              [33mname[39m=[32m"password2"[39m
              [33mrequired[39m=[32m""[39m
              [33mtype[39m=[32m"password"[39m
              [33mvalue[39m=[32m"password123"[39m
            [36m/>[39m
          [36m</div>[39m
          [36m<button[39m
            [33mclass[39m=[32m"registroButton"[39m
            [33mtype[39m=[32m"submit"[39m
          [36m>[39m
            [0mCrear cuenta[0m
          [36m</button>[39m
        [36m</form>[39m
      [36m</div>[39m
    [36m</div>[39m
  [36m</div>[39m
[36m</body>[39m

Ignored nodes: comments, script, style
[36m<html>[39m
  [36m<head />[39m
  [36m<body>[39m
    [36m<div>[39m
      [36m<div[39m
        [33mclass[39m=[32m"registroContainer"[39m
      [36m>[39m
        [36m<div[39m
          [33mclass[39m=[32m"registroCard"[39m
        [36m>[39m
          [36m<h1>[39m
            [0mRegistro de Usuario[0m
          [36m</h1>[39m
          [36m<p>[39m
            [0mCompleta el formulario para crear una cuenta.[0m
          [36m</p>[39m
          [36m<form[39m
            [33mclass[39m=[32m"registroForm"[39m
          [36m>[39m
            [36m<div[39m
              [33mclass[39m=[32m"formGroup"[39m
            [36m>[39m
              [36m<label[39m
                [33mfor[39m=[32m"name"[39m
              [36m>[39m
                [0mNombre[0m
              [36m</label>[39m
              [36m<input[39m
                [33mid[39m=[32m"name"[39m
                [33mname[39m=[32m"name"[39m
                [33mrequired[39m=[32m""[39m
                [33mtype[39m=[32m"text"[39m
                [33mvalue[39m=[32m"Usuario"[39m
              [36m/>[39m
            [36m</div>[39m
            [36m<div[39m
              [33mclass[39m=[32m"formGroup"[39m
            [36m>[39m
              [36m<label[39m
                [33mfor[39m=[32m"email"[39m
              [36m>[39m
                [0mCorreo electr├│nico[0m
              [36m</label>[39m
              [36m<input[39m
                [33mid[39m=[32m"email"[39m
                [33mname[39m=[32m"email"[39m
                [33mrequired[39m=[32m""[39m
                [33mtype[39m=[32m"email"[39m
                [33mvalue[39m=[32m"existente@ejemplo.com"[39m
              [36m/>[39m
            [36m</div>[39m
            [36m<div[39m
              [33mclass[39m=[32m"formGroup"[39m
            [36m>[39m
              [36m<label[39m
                [33mfor[39m=[32m"phone"[39m
              [36m>[39m
                [0mTel├⌐fono[0m
              [36m</label>[39m
              [36m<input[39m
                [33mid[39m=[32m"phone"[39m
                [33mname[39m=[32m"phone"[39m
                [33mrequired[39m=[32m""[39m
                [33mtype[39m=[32m"tel"[39m
                [33mvalue[39m=[32m""[39m
              [36m/>[39m
            [36m</div>[39m
            [36m<div[39m
              [33mclass[39m=[32m"formGroup"[39m
            [36m>[39m
              [36m<label[39m
                [33mfor[39m=[32m"user_type"[39m
              [36m>[39m
                [0mTipo de usuario[0m
              [36m</label>[39m
              [36m<select[39m
                [33mid[39m=[32m"user_type"[39m
                [33mname[39m=[32m"user_type"[39m
              [36m>[39m
                [36m<option[39m
                  [33mvalue[39m=[32m"organizador"[39m
                [36m>[39m
                  [0mOrganizador[0m
                [36m</option>[39m
              [36m</select>[39m
            [36m</div>[39m
            [36m<div[39m
              [33mclass[39m=[32m"formGroup"[39m
            [36m>[39m
              [36m<label[39m
                [33mfor[39m=[32m"password1"[39m
              [36m>[39m
                [0mContrase├▒a[0m
              [36m</label>[39m
              [36m<input[39m
                [33mid[39m=[32m"password1"[39m
                [33mname[39m=[32m"password1"[39m
                [33mrequired[39m=[32m""[39m
                [33mtype[39m=[32m"password"[39m
                [33mvalue[39m=[32m"password123"[39m
              [36m/>[39m
            [36m</div>[39m
            [36m<div[39m
              [33mclass[39m=[32m"formGroup"[39m
            [36m>[39m
              [36m<label[39m
                [33mfor[39m=[32m"password2"[39m
              [36m>[39m
                [0mConfirmar contrase├▒a[0m
              [36m</label>[39m
              [36m<input[39m
                [33mid[39m=[32m"password2"[39m
                [33mname[39m=[32m"password2"[39m
                [33mrequired[39m=[32m""[39m
                [33mtype[39m=[32m"password"[39m
                [33mvalue[39m=[32m"password123"[39m
              [36m/>[39m
            [36m</div>[39m
            [36m<button[39m
              [33mclass[39m=[32m"registroButton"[39m
              [33mtype[39m=[32m"submit"[39m
            [36m>[39m
              [0mCrear cuenta[0m
            [36m</button>[39m
          [36m</form>[39m
        [36m</div>[39m
      [36m</div>[39m
    [36m</div>[39m
  [36m</body>[39m
[36m</html>[39m
[90m [2mΓ¥»[22m Proxy.waitForWrapper 
node_modules/@testing-library/dom/dist/wait-for.js:[2m163:27[22m[39m
[36m [2mΓ¥»[22m src/service/RegisterForm.test.jsx:[2m265:13[22m[39m
    [90m263| [39m
    [90m264| [39m      [90m// Verificar que se muestra el mensaje de error 
espec├¡fico[39m
    [90m265| [39m      [35mawait[39m [34mwaitFor[39m(() [33m=>[39m {
    [90m   | [39m            [31m^[39m
    [90m266| [39m        expect(screen.getByText('El email ya est├í en uso')).toBeInTheDΓÇª
    [90m267| [39m      })[33m;[39m

[31m[2mΓÄ»ΓÄ»ΓÄ»ΓÄ»ΓÄ»ΓÄ»ΓÄ»ΓÄ»ΓÄ»ΓÄ»ΓÄ»ΓÄ»ΓÄ»ΓÄ»ΓÄ»ΓÄ»ΓÄ»ΓÄ»ΓÄ»ΓÄ»ΓÄ»ΓÄ»[13/15]ΓÄ»[22m[3
9m

[41m[1m FAIL [22m[49m src/service/RegisterForm.test.jsx[2m > [22mPRUEBAS FORMULARIO 
REGISTRO - 5 Puntos Clave[2m > [22m4. Mensaje de error si email ya existe[2m > [22mdebe 
mantener los datos del formulario despu├⌐s de un error de email
[31m[1mTestingLibraryElementError[22m[39m: Unable to find an element with the text: El 
email ya est├í en uso. This could be because the text is broken up by multiple elements. In 
this case, you can provide a function for your text matcher to make your matcher more 
flexible.

Ignored nodes: comments, script, style
[36m<body>[39m
  [36m<div>[39m
    [36m<div[39m
      [33mclass[39m=[32m"registroContainer"[39m
    [36m>[39m
      [36m<div[39m
        [33mclass[39m=[32m"registroCard"[39m
      [36m>[39m
        [36m<h1>[39m
          [0mRegistro de Usuario[0m
        [36m</h1>[39m
        [36m<p>[39m
          [0mCompleta el formulario para crear una cuenta.[0m
        [36m</p>[39m
        [36m<form[39m
          [33mclass[39m=[32m"registroForm"[39m
        [36m>[39m
          [36m<div[39m
            [33mclass[39m=[32m"formGroup"[39m
          [36m>[39m
            [36m<label[39m
              [33mfor[39m=[32m"name"[39m
            [36m>[39m
              [0mNombre[0m
            [36m</label>[39m
            [36m<input[39m
              [33mid[39m=[32m"name"[39m
              [33mname[39m=[32m"name"[39m
              [33mrequired[39m=[32m""[39m
              [33mtype[39m=[32m"text"[39m
              [33mvalue[39m=[32m"Roberto"[39m
            [36m/>[39m
          [36m</div>[39m
          [36m<div[39m
            [33mclass[39m=[32m"formGroup"[39m
          [36m>[39m
            [36m<label[39m
              [33mfor[39m=[32m"email"[39m
            [36m>[39m
              [0mCorreo electr├│nico[0m
            [36m</label>[39m
            [36m<input[39m
              [33mid[39m=[32m"email"[39m
              [33mname[39m=[32m"email"[39m
              [33mrequired[39m=[32m""[39m
              [33mtype[39m=[32m"email"[39m
              [33mvalue[39m=[32m"usuario@ejemplo.com"[39m
            [36m/>[39m
          [36m</div>[39m
          [36m<div[39m
            [33mclass[39m=[32m"formGroup"[39m
          [36m>[39m
            [36m<label[39m
              [33mfor[39m=[32m"phone"[39m
            [36m>[39m
              [0mTel├⌐fono[0m
            [36m</label>[39m
            [36m<input[39m
              [33mid[39m=[32m"phone"[39m
              [33mname[39m=[32m"phone"[39m
              [33mrequired[39m=[32m""[39m
              [33mtype[39m=[32m"tel"[39m
              [33mvalue[39m=[32m""[39m
            [36m/>[39m
          [36m</div>[39m
          [36m<div[39m
            [33mclass[39m=[32m"formGroup"[39m
          [36m>[39m
            [36m<label[39m
              [33mfor[39m=[32m"user_type"[39m
            [36m>[39m
              [0mTipo de usuario[0m
            [36m</label>[39m
            [36m<select[39m
              [33mid[39m=[32m"user_type"[39m
              [33mname[39m=[32m"user_type"[39m
            [36m>[39m
              [36m<option[39m
                [33mvalue[39m=[32m"organizador"[39m
              [36m>[39m
                [0mOrganizador[0m
              [36m</option>[39m
            [36m</select>[39m
          [36m</div>[39m
          [36m<div[39m
            [33mclass[39m=[32m"formGroup"[39m
          [36m>[39m
            [36m<label[39m
              [33mfor[39m=[32m"password1"[39m
            [36m>[39m
              [0mContrase├▒a[0m
            [36m</label>[39m
            [36m<input[39m
              [33mid[39m=[32m"password1"[39m
              [33mname[39m=[32m"password1"[39m
              [33mrequired[39m=[32m""[39m
              [33mtype[39m=[32m"password"[39m
              [33mvalue[39m=[32m"password123"[39m
            [36m/>[39m
          [36m</div>[39m
          [36m<div[39m
            [33mclass[39m=[32m"formGroup"[39m
          [36m>[39m
            [36m<label[39m
              [33mfor[39m=[32m"password2"[39m
            [36m>[39m
              [0mConfirmar contrase├▒a[0m
            [36m</label>[39m
            [36m<input[39m
              [33mid[39m=[32m"password2"[39m
              [33mname[39m=[32m"password2"[39m
              [33mrequired[39m=[32m""[39m
              [33mtype[39m=[32m"password"[39m
              [33mvalue[39m=[32m"password123"[39m
            [36m/>[39m
          [36m</div>[39m
          [36m<button[39m
            [33mclass[39m=[32m"registroButton"[39m
            [33mtype[39m=[32m"submit"[39m
          [36m>[39m
            [0mCrear cuenta[0m
          [36m</button>[39m
        [36m</form>[39m
      [36m</div>[39m
    [36m</div>[39m
  [36m</div>[39m
[36m</body>[39m

Ignored nodes: comments, script, style
[36m<html>[39m
  [36m<head />[39m
  [36m<body>[39m
    [36m<div>[39m
      [36m<div[39m
        [33mclass[39m=[32m"registroContainer"[39m
      [36m>[39m
        [36m<div[39m
          [33mclass[39m=[32m"registroCard"[39m
        [36m>[39m
          [36m<h1>[39m
            [0mRegistro de Usuario[0m
          [36m</h1>[39m
          [36m<p>[39m
            [0mCompleta el formulario para crear una cuenta.[0m
          [36m</p>[39m
          [36m<form[39m
            [33mclass[39m=[32m"registroForm"[39m
          [36m>[39m
            [36m<div[39m
              [33mclass[39m=[32m"formGroup"[39m
            [36m>[39m
              [36m<label[39m
                [33mfor[39m=[32m"name"[39m
              [36m>[39m
                [0mNombre[0m
              [36m</label>[39m
              [36m<input[39m
                [33mid[39m=[32m"name"[39m
                [33mname[39m=[32m"name"[39m
                [33mrequired[39m=[32m""[39m
                [33mtype[39m=[32m"text"[39m
                [33mvalue[39m=[32m"Roberto"[39m
              [36m/>[39m
            [36m</div>[39m
            [36m<div[39m
              [33mclass[39m=[32m"formGroup"[39m
            [36m>[39m
              [36m<label[39m
                [33mfor[39m=[32m"email"[39m
              [36m>[39m
                [0mCorreo electr├│nico[0m
              [36m</label>[39m
              [36m<input[39m
                [33mid[39m=[32m"email"[39m
                [33mname[39m=[32m"email"[39m
                [33mrequired[39m=[32m""[39m
                [33mtype[39m=[32m"email"[39m
                [33mvalue[39m=[32m"usuario@ejemplo.com"[39m
              [36m/>[39m
            [36m</div>[39m
            [36m<div[39m
              [33mclass[39m=[32m"formGroup"[39m
            [36m>[39m
              [36m<label[39m
                [33mfor[39m=[32m"phone"[39m
              [36m>[39m
                [0mTel├⌐fono[0m
              [36m</label>[39m
              [36m<input[39m
                [33mid[39m=[32m"phone"[39m
                [33mname[39m=[32m"phone"[39m
                [33mrequired[39m=[32m""[39m
                [33mtype[39m=[32m"tel"[39m
                [33mvalue[39m=[32m""[39m
              [36m/>[39m
            [36m</div>[39m
            [36m<div[39m
              [33mclass[39m=[32m"formGroup"[39m
            [36m>[39m
              [36m<label[39m
                [33mfor[39m=[32m"user_type"[39m
              [36m>[39m
                [0mTipo de usuario[0m
              [36m</label>[39m
              [36m<select[39m
                [33mid[39m=[32m"user_type"[39m
                [33mname[39m=[32m"user_type"[39m
              [36m>[39m
                [36m<option[39m
                  [33mvalue[39m=[32m"organizador"[39m
                [36m>[39m
                  [0mOrganizador[0m
                [36m</option>[39m
              [36m</select>[39m
            [36m</div>[39m
            [36m<div[39m
              [33mclass[39m=[32m"formGroup"[39m
            [36m>[39m
              [36m<label[39m
                [33mfor[39m=[32m"password1"[39m
              [36m>[39m
                [0mContrase├▒a[0m
              [36m</label>[39m
              [36m<input[39m
                [33mid[39m=[32m"password1"[39m
                [33mname[39m=[32m"password1"[39m
                [33mrequired[39m=[32m""[39m
                [33mtype[39m=[32m"password"[39m
                [33mvalue[39m=[32m"password123"[39m
              [36m/>[39m
            [36m</div>[39m
            [36m<div[39m
              [33mclass[39m=[32m"formGroup"[39m
            [36m>[39m
              [36m<label[39m
                [33mfor[39m=[32m"password2"[39m
              [36m>[39m
                [0mConfirmar contrase├▒a[0m
              [36m</label>[39m
              [36m<input[39m
                [33mid[39m=[32m"password2"[39m
                [33mname[39m=[32m"password2"[39m
                [33mrequired[39m=[32m""[39m
                [33mtype[39m=[32m"password"[39m
                [33mvalue[39m=[32m"password123"[39m
              [36m/>[39m
            [36m</div>[39m
            [36m<button[39m
              [33mclass[39m=[32m"registroButton"[39m
              [33mtype[39m=[32m"submit"[39m
            [36m>[39m
              [0mCrear cuenta[0m
            [36m</button>[39m
          [36m</form>[39m
        [36m</div>[39m
      [36m</div>[39m
    [36m</div>[39m
  [36m</body>[39m
[36m</html>[39m
[90m [2mΓ¥»[22m Proxy.waitForWrapper 
node_modules/@testing-library/dom/dist/wait-for.js:[2m163:27[22m[39m
[36m [2mΓ¥»[22m src/service/RegisterForm.test.jsx:[2m304:13[22m[39m
    [90m302| [39m      fireEvent.click(screen.getByRole('button', { name: /crear cuentaΓÇª
    [90m303| [39m
    [90m304| [39m      [35mawait[39m [34mwaitFor[39m(() [33m=>[39m {
    [90m   | [39m            [31m^[39m
    [90m305| [39m        expect(screen.getByText('El email ya est├í en uso')).toBeInTheDΓÇª
    [90m306| [39m      })[33m;[39m

[31m[2mΓÄ»ΓÄ»ΓÄ»ΓÄ»ΓÄ»ΓÄ»ΓÄ»ΓÄ»ΓÄ»ΓÄ»ΓÄ»ΓÄ»ΓÄ»ΓÄ»ΓÄ»ΓÄ»ΓÄ»ΓÄ»ΓÄ»ΓÄ»ΓÄ»ΓÄ»[14/15]ΓÄ»[22m[3
9m

[41m[1m FAIL [22m[49m src/service/RegisterForm.test.jsx[2m > [22mPRUEBAS FORMULARIO 
REGISTRO - 5 Puntos Clave[2m > [22m5. Campos vac├¡os disparan errores visuales[2m > 
[22mdebe limpiar mensajes previos al intentar nuevo env├¡o
[31m[1mTestingLibraryElementError[22m[39m: Unable to find an element with the text: El 
email ya est├í en uso. This could be because the text is broken up by multiple elements. In 
this case, you can provide a function for your text matcher to make your matcher more 
flexible.

Ignored nodes: comments, script, style
[36m<body>[39m
  [36m<div>[39m
    [36m<div[39m
      [33mclass[39m=[32m"registroContainer"[39m
    [36m>[39m
      [36m<div[39m
        [33mclass[39m=[32m"registroCard"[39m
      [36m>[39m
        [36m<h1>[39m
          [0mRegistro de Usuario[0m
        [36m</h1>[39m
        [36m<p>[39m
          [0mCompleta el formulario para crear una cuenta.[0m
        [36m</p>[39m
        [36m<form[39m
          [33mclass[39m=[32m"registroForm"[39m
        [36m>[39m
          [36m<div[39m
            [33mclass[39m=[32m"formGroup"[39m
          [36m>[39m
            [36m<label[39m
              [33mfor[39m=[32m"name"[39m
            [36m>[39m
              [0mNombre[0m
            [36m</label>[39m
            [36m<input[39m
              [33mid[39m=[32m"name"[39m
              [33mname[39m=[32m"name"[39m
              [33mrequired[39m=[32m""[39m
              [33mtype[39m=[32m"text"[39m
              [33mvalue[39m=[32m"Test"[39m
            [36m/>[39m
          [36m</div>[39m
          [36m<div[39m
            [33mclass[39m=[32m"formGroup"[39m
          [36m>[39m
            [36m<label[39m
              [33mfor[39m=[32m"email"[39m
            [36m>[39m
              [0mCorreo electr├│nico[0m
            [36m</label>[39m
            [36m<input[39m
              [33mid[39m=[32m"email"[39m
              [33mname[39m=[32m"email"[39m
              [33mrequired[39m=[32m""[39m
              [33mtype[39m=[32m"email"[39m
              [33mvalue[39m=[32m"test@test.com"[39m
            [36m/>[39m
          [36m</div>[39m
          [36m<div[39m
            [33mclass[39m=[32m"formGroup"[39m
          [36m>[39m
            [36m<label[39m
              [33mfor[39m=[32m"phone"[39m
            [36m>[39m
              [0mTel├⌐fono[0m
            [36m</label>[39m
            [36m<input[39m
              [33mid[39m=[32m"phone"[39m
              [33mname[39m=[32m"phone"[39m
              [33mrequired[39m=[32m""[39m
              [33mtype[39m=[32m"tel"[39m
              [33mvalue[39m=[32m""[39m
            [36m/>[39m
          [36m</div>[39m
          [36m<div[39m
            [33mclass[39m=[32m"formGroup"[39m
          [36m>[39m
            [36m<label[39m
              [33mfor[39m=[32m"user_type"[39m
            [36m>[39m
              [0mTipo de usuario[0m
            [36m</label>[39m
            [36m<select[39m
              [33mid[39m=[32m"user_type"[39m
              [33mname[39m=[32m"user_type"[39m
            [36m>[39m
              [36m<option[39m
                [33mvalue[39m=[32m"organizador"[39m
              [36m>[39m
                [0mOrganizador[0m
              [36m</option>[39m
            [36m</select>[39m
          [36m</div>[39m
          [36m<div[39m
            [33mclass[39m=[32m"formGroup"[39m
          [36m>[39m
            [36m<label[39m
              [33mfor[39m=[32m"password1"[39m
            [36m>[39m
              [0mContrase├▒a[0m
            [36m</label>[39m
            [36m<input[39m
              [33mid[39m=[32m"password1"[39m
              [33mname[39m=[32m"password1"[39m
              [33mrequired[39m=[32m""[39m
              [33mtype[39m=[32m"password"[39m
              [33mvalue[39m=[32m"password"[39m
            [36m/>[39m
          [36m</div>[39m
          [36m<div[39m
            [33mclass[39m=[32m"formGroup"[39m
          [36m>[39m
            [36m<label[39m
              [33mfor[39m=[32m"password2"[39m
            [36m>[39m
              [0mConfirmar contrase├▒a[0m
            [36m</label>[39m
            [36m<input[39m
              [33mid[39m=[32m"password2"[39m
              [33mname[39m=[32m"password2"[39m
              [33mrequired[39m=[32m""[39m
              [33mtype[39m=[32m"password"[39m
              [33mvalue[39m=[32m"password"[39m
            [36m/>[39m
          [36m</div>[39m
          [36m<button[39m
            [33mclass[39m=[32m"registroButton"[39m
            [33mtype[39m=[32m"submit"[39m
          [36m>[39m
            [0mCrear cuenta[0m
          [36m</button>[39m
        [36m</form>[39m
      [36m</div>[39m
    [36m</div>[39m
  [36m</div>[39m
[36m</body>[39m

Ignored nodes: comments, script, style
[36m<html>[39m
  [36m<head />[39m
  [36m<body>[39m
    [36m<div>[39m
      [36m<div[39m
        [33mclass[39m=[32m"registroContainer"[39m
      [36m>[39m
        [36m<div[39m
          [33mclass[39m=[32m"registroCard"[39m
        [36m>[39m
          [36m<h1>[39m
            [0mRegistro de Usuario[0m
          [36m</h1>[39m
          [36m<p>[39m
            [0mCompleta el formulario para crear una cuenta.[0m
          [36m</p>[39m
          [36m<form[39m
            [33mclass[39m=[32m"registroForm"[39m
          [36m>[39m
            [36m<div[39m
              [33mclass[39m=[32m"formGroup"[39m
            [36m>[39m
              [36m<label[39m
                [33mfor[39m=[32m"name"[39m
              [36m>[39m
                [0mNombre[0m
              [36m</label>[39m
              [36m<input[39m
                [33mid[39m=[32m"name"[39m
                [33mname[39m=[32m"name"[39m
                [33mrequired[39m=[32m""[39m
                [33mtype[39m=[32m"text"[39m
                [33mvalue[39m=[32m"Test"[39m
              [36m/>[39m
            [36m</div>[39m
            [36m<div[39m
              [33mclass[39m=[32m"formGroup"[39m
            [36m>[39m
              [36m<label[39m
                [33mfor[39m=[32m"email"[39m
              [36m>[39m
                [0mCorreo electr├│nico[0m
              [36m</label>[39m
              [36m<input[39m
                [33mid[39m=[32m"email"[39m
                [33mname[39m=[32m"email"[39m
                [33mrequired[39m=[32m""[39m
                [33mtype[39m=[32m"email"[39m
                [33mvalue[39m=[32m"test@test.com"[39m
              [36m/>[39m

[2m Test Files [22m [1m[31m3 failed[39m[22m[2m | [22m[1m[32m4 passed[39m[22m[90m (7)[39m
[2m      Tests [22m [1m[31m14 failed[39m[22m[2m | [22m[1m[32m20 passed[39m[22m[90m (34)[39m
[2m   Start at [22m 23:29:06
[2m   Duration [22m 9.48s[2m (transform 973ms, setup 2.77s, collect 1.98s, tests 14.92s, environment 11.32s, prepare 243ms)[22m

            [36m</div>[39m
            [36m<div[39m
              [33mclass[39m=[32m"formGroup"[39m
            [36m>[39m
              [36m<label[39m
                [33mfor[39m=[32m"phone"[39m
              [36m>[39m
                [0mTel├⌐fono[0m
              [36m</label>[39m
              [36m<input[39m
                [33mid[39m=[32m"phone"[39m
                [33mname[39m=[32m"phone"[39m
                [33mrequired[39m=[32m""[39m
                [33mtype[39m=[32m"tel"[39m
                [33mvalue[39m=[32m""[39m
              [36m/>[39m
            [36m</div>[39m
            [36m<div[39m
              [33mclass[39m=[32m"formGroup"[39m
            [36m>[39m
              [36m<label[39m
                [33mfor[39m=[32m"user_type"[39m
              [36m>[39m
                [0mTipo de usuario[0m
              [36m</label>[39m
              [36m<select[39m
                [33mid[39m=[32m"user_type"[39m
                [33mname[39m=[32m"user_type"[39m
              [36m>[39m
                [36m<option[39m
                  [33mvalue[39m=[32m"organizador"[39m
                [36m>[39m
                  [0mOrganizador[0m
                [36m</option>[39m
              [36m</select>[39m
            [36m</div>[39m
            [36m<div[39m
              [33mclass[39m=[32m"formGroup"[39m
            [36m>[39m
              [36m<label[39m
                [33mfor[39m=[32m"password1"[39m
              [36m>[39m
                [0mContrase├▒a[0m
              [36m</label>[39m
              [36m<input[39m
                [33mid[39m=[32m"password1"[39m
                [33mname[39m=[32m"password1"[39m
                [33mrequired[39m=[32m""[39m
                [33mtype[39m=[32m"password"[39m
                [33mvalue[39m=[32m"password"[39m
              [36m/>[39m
            [36m</div>[39m
            [36m<div[39m
              [33mclass[39m=[32m"formGroup"[39m
            [36m>[39m
              [36m<label[39m
                [33mfor[39m=[32m"password2"[39m
              [36m>[39m
                [0mConfirmar contrase├▒a[0m
              [36m</label>[39m
              [36m<input[39m
                [33mid[39m=[32m"password2"[39m
                [33mname[39m=[32m"password2"[39m
                [33mrequired[39m=[32m""[39m
                [33mtype[39m=[32m"password"[39m
                [33mvalue[39m=[32m"password"[39m
              [36m/>[39m
            [36m</div>[39m
            [36m<button[39m
              [33mclass[39m=[32m"registroButton"[39m
              [33mtype[39m=[32m"submit"[39m
            [36m>[39m
              [0mCrear cuenta[0m
            [36m</button>[39m
          [36m</form>[39m
        [36m</div>[39m
      [36m</div>[39m
    [36m</div>[39m
  [36m</body>[39m
[36m</html>[39m
[90m [2mΓ¥»[22m Proxy.waitForWrapper 
node_modules/@testing-library/dom/dist/wait-for.js:[2m163:27[22m[39m
[36m [2mΓ¥»[22m src/service/RegisterForm.test.jsx:[2m354:13[22m[39m
    [90m352| [39m
    [90m353| [39m      [90m// Verificar que aparece el error[39m
    [90m354| [39m      [35mawait[39m [34mwaitFor[39m(() [33m=>[39m {
    [90m   | [39m            [31m^[39m
    [90m355| [39m        expect(screen.getByText('El email ya est├í en uso')).toBeInTheDΓÇª
    [90m356| [39m      })[33m;[39m

[31m[2mΓÄ»ΓÄ»ΓÄ»ΓÄ»ΓÄ»ΓÄ»ΓÄ»ΓÄ»ΓÄ»ΓÄ»ΓÄ»ΓÄ»ΓÄ»ΓÄ»ΓÄ»ΓÄ»ΓÄ»ΓÄ»ΓÄ»ΓÄ»ΓÄ»ΓÄ»[15/15]ΓÄ»[22m[3
9m

