
> react_tests@0.0.0 test:run
> vitest run


[1m[46m RUN [49m[22m [36mv4.0.8 [39m[90mC:/Users/elimo/GitHub/ruffles/frontend[39m

 [31mΓ¥»[39m src/service/RegisterForm.test.jsx [2m([22m[2m10 tests[22m[2m | [22m[31m10 failed[39m[2m)[22m[32m 17[2mms[22m[39m
[31m       [31m├ù[31m debe renderizar todos los campos del formulario correctamente[39m[32m 7[2mms[22m[39m
[31m       [31m├ù[31m debe mostrar valores iniciales correctos en todos los campos[39m[32m 1[2mms[22m[39m
[31m       [31m├ù[31m debe mostrar mensaje de ├⌐xito cuando el registro es exitoso[39m[32m 1[2mms[22m[39m
[31m       [31m├ù[31m debe validar que las contrase├▒as coincidan antes del env├¡o[39m[32m 1[2mms[22m[39m
[31m       [31m├ù[31m debe permitir env├¡o cuando las contrase├▒as coinciden[39m[32m 1[2mms[22m[39m
[31m       [31m├ù[31m debe mostrar mensaje espec├¡fico cuando el email ya est├í registrado[39m[32m 1[2mms[22m[39m
[31m       [31m├ù[31m debe mantener los datos del formulario despu├⌐s de un error de email[39m[32m 1[2mms[22m[39m
[31m       [31m├ù[31m debe mostrar que los campos requeridos son obligatorios[39m[32m 1[2mms[22m[39m
[31m       [31m├ù[31m debe permitir apellido materno vac├¡o (campo opcional)[39m[32m 1[2mms[22m[39m
[31m       [31m├ù[31m debe limpiar mensajes previos al intentar nuevo env├¡o[39m[32m 1[2mms[22m[39m
 [32mΓ£ô[39m src/service/liberar_numeroAdmin.test.jsx [2m([22m[2m3 tests[22m[2m)[22m[33m 347[2mms[22m[39m
[90mstdout[2m | src/service/TablaNumeros.test.jsx[2m > [22m[2mPRUEBAS TABLA DE N├ÜMEROS (RuffleDetail) - 5 Puntos Clave[2m > [22m[2m1. Rendering de la grilla en todos los estados[2m > [22m[2mrenderiza tabla con datos correctamente
[22m[39mConsultando disponibilidad en: http://localhost:8000/api/v1/raffles/1/availability/

[90mstdout[2m | src/service/TablaNumeros.test.jsx[2m > [22m[2mPRUEBAS TABLA DE N├ÜMEROS (RuffleDetail) - 5 Puntos Clave[2m > [22m[2m1. Rendering de la grilla en todos los estados[2m > [22m[2mrenderiza tabla con datos correctamente
[22m[39mRespuesta de disponibilidad: { taken_numbers: [ [33m3[39m ] }

[90mstdout[2m | src/service/raffles.test.jsx[2m > [22m[2mPruebas Autom├íticas - Galer├¡a de Sorteos[2m > [22m[2mRendering de cards con datos v├ílidos[2m > [22m[2mdebe renderizar correctamente todas las cards de sorteos con datos v├ílidos
[22m[39mCargando datos desde: http://localhost:8000/api/v1/raffles/

[90mstdout[2m | src/service/raffles.test.jsx[2m > [22m[2mPruebas Autom├íticas - Galer├¡a de Sorteos[2m > [22m[2mRendering de cards con datos v├ílidos[2m > [22m[2mdebe pasar los props correctos a cada TarjetaSorteo
[22m[39mCargando datos desde: http://localhost:8000/api/v1/raffles/

 [32mΓ£ô[39m src/service/TablaNumeros.test.jsx [2m([22m[2m1 test[22m[2m)[22m[32m 196[2mms[22m[39m
 [31mΓ¥»[39m src/service/crearSorteo.test.jsx [2m([22m[2m9 tests[22m[2m | [22m[31m9 failed[39m[2m)[22m[32m 211[2mms[22m[39m
[31m       [31m├ù[31m renderiza todos los campos obligatorios[39m[32m 91[2mms[22m[39m
[31m       [31m├ù[31m valores iniciales correctos[39m[32m 28[2mms[22m[39m
[31m       [31m├ù[31m campos requeridos marcados como obligatorios[39m[32m 13[2mms[22m[39m
[31m       [31m├ù[31m valores m├¡nimos configurados[39m[32m 14[2mms[22m[39m
[31m       [31m├ù[31m actualiza estado al cambiar valores[39m[32m 19[2mms[22m[39m
[31m       [31m├ù[31m muestra mensaje de ├⌐xito cuando API responde ok[39m[32m 10[2mms[22m[39m
[31m       [31m├ù[31m muestra mensaje de error cuando API responde error[39m[32m 14[2mms[22m[39m
[31m       [31m├ù[31m maneja error de red[39m[32m 10[2mms[22m[39m
[31m       [31m├ù[31m usa URL.createObjectURL al subir imagen[39m[32m 9[2mms[22m[39m
[90mstdout[2m | src/service/autentication.test.jsx[2m > [22m[2mLogin - Pruebas Funcionales[2m > [22m[2mdebe permitir al usuario hacer login exitosamente
[22m[39mToken received (Access): abc123

node.exe : [90mstderr[2m | 
src/service/autentication.test.jsx[2m > 
[22m[2mLogin - Pruebas Funcionales[2m > 
[22m[2mdebe mostrar error cuando las credenciales 
son incorrectas
At line:1 char:1
+ & "C:\Program Files\nodejs/node.exe" "C:\Program 
Files\nodejs/node_mo ...
+ ~~~~~~~~~~~~~~~~~~~~~~~~~~~~~~~~~~~~~~~~~~~~~~~~~~
~~~~~~~~~~~~~~~~~~~
    + CategoryInfo          : NotSpecified: ([90ms 
   tderr[2m...son incorrectas:String) [], RemoteE  
  xception
    + FullyQualifiedErrorId : NativeCommandError
 
[22m[39mFinal authentication error: No active 
account found with the given credentials

[90mstderr[2m | 
src/service/autentication.test.jsx[2m > 
[22m[2mLogin - Pruebas Funcionales[2m > 
[22m[2mdebe mostrar error cuando hay problema en 
el servidor
[22m[39mNon-JSON error response received (raw 
text): <!DOCTYPE html>Error del servidor...
Final authentication error: Internal server error 
(Check your Django backend).

[90mstdout[2m | src/service/raffles.test.jsx[2m > [22m[2mPruebas Autom├íticas - Galer├¡a de Sorteos[2m > [22m[2mVisualizaci├│n de loader (spinner) cuando est├í cargando[2m > [22m[2mdebe mostrar el spinner durante la carga inicial
[22m[39mCargando datos desde: http://localhost:8000/api/v1/raffles/

[90mstdout[2m | src/service/raffles.test.jsx[2m > [22m[2mPruebas Autom├íticas - Galer├¡a de Sorteos[2m > [22m[2mVisualizaci├│n de loader (spinner) cuando est├í cargando[2m > [22m[2mdebe mostrar el spinner durante cada cambio de vista
[22m[39mCargando datos desde: http://localhost:8000/api/v1/raffles/

[90mstdout[2m | src/service/autentication.test.jsx[2m > [22m[2mLogin - Pruebas Funcionales[2m > [22m[2mdebe limpiar los errores cuando el usuario comienza a escribir
[22m[39mToken received (Access): token

[90mstdout[2m | src/service/raffles.test.jsx[2m > [22m[2mPruebas Autom├íticas - Galer├¡a de Sorteos[2m > [22m[2mVisualizaci├│n de loader (spinner) cuando est├í cargando[2m > [22m[2mel spinner debe tener una estructura visible
[22m[39mCargando datos desde: http://localhost:8000/api/v1/raffles/

[90mstdout[2m | src/service/raffles.test.jsx[2m > [22m[2mPruebas Autom├íticas - Galer├¡a de Sorteos[2m > [22m[2mMensaje "No hay sorteos" si la lista est├í vac├¡a[2m > [22m[2mdebe mostrar mensaje espec├¡fico para organizador cuando no hay sorteos
[22m[39mCargando datos desde: http://localhost:8000/api/v1/raffles/

[90mstderr[2m | 
src/service/autentication.test.jsx[2m > 
[22m[2mLogin - Pruebas Funcionales[2m > 
[22m[2mdebe limpiar los errores cuando el usuario 
comienza a escribir
[22m[39mFinal authentication error: Credenciales 
inv├ílidas

[90mstderr[2m | 
src/service/autentication.test.jsx[2m > 
[22m[2mLogin - Pruebas Funcionales[2m > 
[22m[2mdebe mostrar error de conexi├│n cuando 
falla la API
[22m[39mFinal authentication error: Error de 
conexi├│n

 [31mΓ¥»[39m src/service/autentication.test.jsx [2m([22m[2m7 tests[22m[2m | [22m[31m1 failed[39m[2m)[22m[33m 5865[2mms[22m[39m
     [33m[2mΓ£ô[22m[39m debe permitir al usuario hacer login exitosamente [33m 987[2mms[22m[39m
     [32mΓ£ô[39m debe mostrar errores cuando el usuario intenta enviar el formulario vac├¡o[32m 77[2mms[22m[39m
     [33m[2mΓ£ô[22m[39m debe mostrar error cuando las credenciales son incorrectas [33m 659[2mms[22m[39m
     [33m[2mΓ£ô[22m[39m debe mostrar error cuando hay problema en el servidor [33m 668[2mms[22m[39m
     [33m[2mΓ£ô[22m[39m debe deshabilitar campos y bot├│n durante el login [33m 692[2mms[22m[39m
[31m     [31m├ù[31m debe limpiar los errores cuando el usuario comienza a escribir[39m[33m 2142[2mms[22m[39m
     [33m[2mΓ£ô[22m[39m debe mostrar error de conexi├│n cuando falla la API [33m 637[2mms[22m[39m
[90mstdout[2m | src/service/raffles.test.jsx[2m > [22m[2mPruebas Autom├íticas - Galer├¡a de Sorteos[2m > [22m[2mMensaje "No hay sorteos" si la lista est├í vac├¡a[2m > [22m[2mdebe mostrar mensaje diferente para visitante vs organizador
[22m[39mCargando datos desde: http://localhost:8000/api/v1/raffles/

[90mstdout[2m | src/service/raffles.test.jsx[2m > [22m[2mPruebas Autom├íticas - Galer├¡a de Sorteos[2m > [22m[2mMensaje "No hay sorteos" si la lista est├í vac├¡a[2m > [22m[2mdebe mostrar bot├│n de acci├│n en estado vac├¡o del organizador
[22m[39mCargando datos desde: http://localhost:8000/api/v1/raffles/

[90mstdout[2m | src/service/raffles.test.jsx[2m > [22m[2mPruebas Autom├íticas - Galer├¡a de Sorteos[2m > [22m[2mComportamiento ante error de API[2m > [22m[2mdebe manejar errores sin romper la aplicaci├│n
[22m[39mCargando datos desde: http://localhost:8000/api/v1/raffles/

[90mstdout[2m | src/service/raffles.test.jsx[2m > [22m[2mPruebas Autom├íticas - Galer├¡a de Sorteos[2m > [22m[2mComportamiento ante error de API[2m > [22m[2mdebe ser resiliente y mostrar interfaz usable
[22m[39mCargando datos desde: http://localhost:8000/api/v1/raffles/

[90mstdout[2m | src/service/raffles.test.jsx[2m > [22m[2mPruebas Autom├íticas - Galer├¡a de Sorteos[2m > [22m[2mPaginaci├│n activa[2m > [22m[2mdebe tener navegaci├│n activa entre vistas
[22m[39mCargando datos desde: http://localhost:8000/api/v1/raffles/

[90mstdout[2m | src/service/raffles.test.jsx[2m > [22m[2mPruebas Autom├íticas - Galer├¡a de Sorteos[2m > [22m[2mPaginaci├│n activa[2m > [22m[2mdebe mantener el estado de navegaci├│n consistente
[22m[39mCargando datos desde: http://localhost:8000/api/v1/raffles/

[90mstdout[2m | src/service/raffles.test.jsx[2m > [22m[2mPruebas Autom├íticas - Galer├¡a de Sorteos[2m > [22m[2mPruebas de integraci├│n completa[2m > [22m[2mdebe completar el flujo completo: carga -> muestra -> cambia vista -> estado vac├¡o
[22m[39mCargando datos desde: http://localhost:8000/api/v1/raffles/

[90mstdout[2m | src/service/raffles.test.jsx[2m > [22m[2mPruebas Autom├íticas - Galer├¡a de Sorteos[2m > [22m[2mPruebas de integraci├│n completa[2m > [22m[2mdebe manejar correctamente el ciclo de vida del componente
[22m[39mCargando datos desde: http://localhost:8000/api/v1/raffles/

[90mstdout[2m | src/service/raffles.test.jsx[2m > [22m[2mPruebas Autom├íticas - Galer├¡a de Sorteos[2m > [22m[2mContenido y textos espec├¡ficos[2m > [22m[2mdebe mostrar los t├¡tulos correctos seg├║n la vista
[22m[39mCargando datos desde: http://localhost:8000/api/v1/raffles/

[90mstdout[2m | src/service/raffles.test.jsx[2m > [22m[2mPruebas Autom├íticas - Galer├¡a de Sorteos[2m > [22m[2mContenido y textos espec├¡ficos[2m > [22m[2mdebe mostrar t├¡tulos de galer├¡a solo cuando hay sorteos
[22m[39mCargando datos desde: http://localhost:8000/api/v1/raffles/

 [31mΓ¥»[39m src/service/raffles.test.jsx [2m([22m[2m16 tests[22m[2m | [22m[31m16 failed[39m[2m)[22m[33m 27411[2mms[22m[39m
[31m       [31m├ù[31m debe renderizar correctamente todas las cards de sorteos con datos v├ílidos[39m[32m 96[2mms[22m[39m
[31m       [31m├ù[31m debe pasar los props correctos a cada TarjetaSorteo[39m[33m 3017[2mms[22m[39m
[31m       [31m├ù[31m debe mostrar el spinner durante la carga inicial[39m[32m 5[2mms[22m[39m
[31m       [31m├ù[31m debe mostrar el spinner durante cada cambio de vista[39m[32m 149[2mms[22m[39m
[31m       [31m├ù[31m el spinner debe tener una estructura visible[39m[32m 4[2mms[22m[39m
[31m       [31m├ù[31m debe mostrar mensaje espec├¡fico para organizador cuando no hay sorteos[39m[33m 3012[2mms[22m[39m
[31m       [31m├ù[31m debe mostrar mensaje diferente para visitante vs organizador[39m[33m 3015[2mms[22m[39m
[31m       [31m├ù[31m debe mostrar bot├│n de acci├│n en estado vac├¡o del organizador[39m[33m 3006[2mms[22m[39m
[31m       [31m├ù[31m debe manejar errores sin romper la aplicaci├│n[39m[32m 41[2mms[22m[39m
[31m       [31m├ù[31m debe ser resiliente y mostrar interfaz usable[39m[33m 3009[2mms[22m[39m
[31m       [31m├ù[31m debe tener navegaci├│n activa entre vistas[39m[33m 3009[2mms[22m[39m
[31m       [31m├ù[31m debe mantener el estado de navegaci├│n consistente[39m[33m 3010[2mms[22m[39m
[31m       [31m├ù[31m debe completar el flujo completo: carga -> muestra -> cambia vista -> estado vac├¡o[39m[32m 4[2mms[22m[39m
[31m       [31m├ù[31m debe manejar correctamente el ciclo de vida del componente[39m[32m 4[2mms[22m[39m
[31m       [31m├ù[31m debe mostrar los t├¡tulos correctos seg├║n la vista[39m[33m 3017[2mms[22m[39m
[31m       [31m├ù[31m debe mostrar t├¡tulos de galer├¡a solo cuando hay sorteos[39m[33m 3010[2mms[22m[39m

[31mΓÄ»ΓÄ»ΓÄ»ΓÄ»ΓÄ»ΓÄ»[39m[1m[41m Failed Suites 
1 [49m[22m[31mΓÄ»ΓÄ»ΓÄ»ΓÄ»ΓÄ»ΓÄ»ΓÄ»[39m

[41m[1m FAIL [22m[49m 
src/service/liberar_numero.test.jsx[2m [ 
src/service/liberar_numero.test.jsx ][22m
[31m[1mError[22m: Failed to resolve import 
"./BotonAccionCliente" from 
"src/service/liberar_numero.test.jsx". Does the 
file exist?[39m
  Plugin: [35mvite:import-analysis[39m
  File: [36mC:/Users/elimo/GitHub/ruffles/frontend/
src/service/liberar_numero.test.jsx[39m:5:31
[33m  2  |  import { describe, test, expect, vi } 
from "vitest";
  3  |  import { render, screen, fireEvent } from 
"@testing-library/react";
  4  |  import BotonAccionCliente from 
"./BotonAccionCliente";
     |                                  ^
  5  |  describe("Bot├│n Eliminar/Liberar en el 
panel del cliente", () => {
  6  |    test('muestra "Eliminar" y ejecuta 
onAccion("eliminar") cuando el cliente NO est├í 
ocupado', () => {[39m
[90m [2mΓ¥»[22m 
TransformPluginContext._formatLog node_modules/vite/
dist/node/chunks/config.js:[2m29618:43[22m[39m
[90m [2mΓ¥»[22m TransformPluginContext.error node
_modules/vite/dist/node/chunks/config.js:[2m29615:1
4[22m[39m
[90m [2mΓ¥»[22m normalizeUrl node_modules/vite/di
st/node/chunks/config.js:[2m27738:18[22m[39m
[90m [2mΓ¥»[22m node_modules/vite/dist/node/chunk
s/config.js:[2m27796:32[22m[39m
[90m [2mΓ¥»[22m TransformPluginContext.transform 
node_modules/vite/dist/node/chunks/config.js:[2m277
64:4[22m[39m
[90m [2mΓ¥»[22m 
EnvironmentPluginContainer.transform node_modules/vi
te/dist/node/chunks/config.js:[2m29416:14[22m[39m
[90m [2mΓ¥»[22m loadAndTransform node_modules/vit
e/dist/node/chunks/config.js:[2m23287:26[22m[39m

[31m[2mΓÄ»ΓÄ»ΓÄ»ΓÄ»ΓÄ»ΓÄ»ΓÄ»ΓÄ»ΓÄ»ΓÄ»ΓÄ»ΓÄ»ΓÄ»ΓÄ»Γ
Ä»ΓÄ»ΓÄ»ΓÄ»ΓÄ»ΓÄ»ΓÄ»ΓÄ»ΓÄ»[1/37]ΓÄ»[22m[39m


[31mΓÄ»ΓÄ»ΓÄ»ΓÄ»ΓÄ»ΓÄ»[39m[1m[41m Failed Tests 
36 [49m[22m[31mΓÄ»ΓÄ»ΓÄ»ΓÄ»ΓÄ»ΓÄ»ΓÄ»[39m

[41m[1m FAIL [22m[49m 
src/service/autentication.test.jsx[2m > [22mLogin 
- Pruebas Funcionales[2m > [22mdebe limpiar los 
errores cuando el usuario comienza a escribir
[31m[1mError[22m: [2mexpect([22m[31melement[3
1m[2m).not.toBeInTheDocument()[22m

[31mexpected document not to contain element, 
found <div
  class="login-error-message"
>
  Credenciales inv├ílidas
</div> instead[31m

Ignored nodes: comments, script, style
[36m<html>[31m
  [36m<head />[31m
  [36m<body>[31m
    [36m<div>[31m
      [36m<div[31m
        
[33mclass[31m=[32m"login-page-container"[31m
      [36m>[31m
        [36m<div[31m
          
[33mclass[31m=[32m"login-form-card"[31m
        [36m>[31m
          [36m<h2>[31m
            [0mAcceso de Administrador[0m
          [36m</h2>[31m
          [36m<p>[31m
            [0mInicia sesi├│n para gestionar los 
sorteos.[0m
          [36m</p>[31m
          [36m<form[31m
            [33mclass[31m=[32m"login-form"[31m
          [36m>[31m
            [36m<div[31m
              [33mclass[31m=[32m"form-group"[31m
            [36m>[31m
              [36m<label[31m
                [33mfor[31m=[32m"email"[31m
              [36m>[31m
                [0mCorreo Electr├│nico:[0m
              [36m</label>[31m
              [36m<input[31m
                [33mid[31m=[32m"email"[31m
                [33mname[31m=[32m"email"[31m
                
[33mplaceholder[31m=[32m"admin@iglesia.com"[31m
                [33mrequired[31m=[32m""[31m
                [33mtype[31m=[32m"email"[31m
                
[33mvalue[31m=[32m"nuevo@email.com"[31m
              [36m/>[31m
            [36m</div>[31m
            [36m<div[31m
              [33mclass[31m=[32m"form-group"[31m
            [36m>[31m
              [36m<label[31m
                [33mfor[31m=[32m"password"[31m
              [36m>[31m
                [0mContrase├▒a:[0m
              [36m</label>[31m
              [36m<input[31m
                [33mid[31m=[32m"password"[31m
                [33mname[31m=[32m"password"[31m
                [33mplaceholder[31m=[32m"ΓÇóΓÇóΓÇ
óΓÇóΓÇóΓÇóΓÇóΓÇó"[31m
                [33mrequired[31m=[32m""[31m
                [33mtype[31m=[32m"password"[31m
                
[33mvalue[31m=[32m"nuevacontrase├▒a"[31m
              [36m/>[31m
            [36m</div>[31m
            [36m<div[31m
              
[33mclass[31m=[32m"login-error-message"[31m
            [36m>[31m
              [0mCredenciales inv├ílidas[0m
            [36m</div>[31m
            [36m<div[31m
              [33mclass[31m=[32m"form-group"[31m
            [36m>[31m
              [36m<button[31m
                
[33mclass[31m=[32m"login-submit-button"[31m
                [33mtype[31m=[32m"submit"[31m
              [36m>[31m
                [0mIniciar Sesi├│n[0m
              [36m</button>[31m
            [36m</div>[31m
          [36m</form>[31m
        [36m</div>[31m
      [36m</div>[31m
    [36m</div>[31m
  [36m</body>[31m
[36m</html>[31m[39m
[36m [2mΓ¥»[22m src/service/autentication.test.js
x:[2m264:65[22m[39m
    [90m262| [39m    [90m// El error deber├¡a 
desaparecer - usar waitFor para dar tiempo[39m
    [90m263| [39m    [35mawait[39m 
[34mwaitFor[39m(() [33m=>[39m {
    [90m264| [39m      
expect(screen.queryByText(/Credenciales 
inv├ílidas/i)).not.toBeInΓÇª
    [90m   | [39m                                 
                               [31m^[39m
    [90m265| [39m    })[33m;[39m
    [90m266| [39m  })[33m;[39m
[90m [2mΓ¥»[22m 
runWithExpensiveErrorDiagnosticsDisabled node_module
s/@testing-library/dom/dist/config.js:[2m47:12[22m
[39m
[90m [2mΓ¥»[22m checkCallback node_modules/@testi
ng-library/dom/dist/wait-for.js:[2m124:77[22m[39m
[90m [2mΓ¥»[22m Timeout.checkRealTimersCallback n
ode_modules/@testing-library/dom/dist/wait-for.js:[
2m118:16[22m[39m

[31m[2mΓÄ»ΓÄ»ΓÄ»ΓÄ»ΓÄ»ΓÄ»ΓÄ»ΓÄ»ΓÄ»ΓÄ»ΓÄ»ΓÄ»ΓÄ»ΓÄ»Γ
Ä»ΓÄ»ΓÄ»ΓÄ»ΓÄ»ΓÄ»ΓÄ»ΓÄ»ΓÄ»[2/37]ΓÄ»[22m[39m

[41m[1m FAIL [22m[49m 
src/service/crearSorteo.test.jsx[2m > [22mPRUEBAS 
FORMULARIO REGISTRO SORTEO - 5 Puntos Clave[2m > 
[22m1. Rendering de todos los campos[2m > 
[22mrenderiza todos los campos obligatorios
[31m[1mTestingLibraryElementError[22m: Found a 
label with the text of: /nombre del sorteo/i, 
however no form control was found associated to 
that label. Make sure you're using the "for" 
attribute or "aria-labelledby" attribute correctly.

Ignored nodes: comments, script, style
[36m<body>[31m
  [36m<div>[31m
    [36m<div[31m
      [33mclass[31m=[32m"registro-sorteo-containe
r"[31m
    [36m>[31m
      [36m<h2>[31m
        [0mRegistrar Nuevo Sorteo[0m
      [36m</h2>[31m
      [36m<form[31m
        
[33mclass[31m=[32m"registro-sorteo-form"[31m
      [36m>[31m
        [36m<label>[31m
          [0mNombre del sorteo[0m
        [36m</label>[31m
        [36m<input[31m
          [33mname[31m=[32m"name"[31m
          [33mrequired[31m=[32m""[31m
          [33mtype[31m=[32m"text"[31m
          [33mvalue[31m=[32m""[31m
        [36m/>[31m
        [36m<label>[31m
          [0mDescripci├│n[0m
        [36m</label>[31m
        [36m<textarea[31m
          [33mname[31m=[32m"description"[31m
          [33mrequired[31m=[32m""[31m
        [36m/>[31m
        [36m<label>[31m
          [0mImagen del sorteo[0m
        [36m</label>[31m
        [36m<div[31m
          [33mclass[31m=[32m"dropzone "[31m
        [36m>[31m
          [36m<p>[31m
            [0mArrastra una imagen aqu├¡ o haz 
clic para seleccionarla[0m
          [36m</p>[31m
          [36m<input[31m
            [33maccept[31m=[32m"image/*"[31m
            [33mstyle[31m=[32m"display: 
none;"[31m
            [33mtype[31m=[32m"file"[31m
          [36m/>[31m
        [36m</div>[31m
        [36m<label>[31m
          [0mTotal de n├║meros[0m
        [36m</label>[31m
        [36m<input[31m
          [33mmin[31m=[32m"1"[31m
          [33mname[31m=[32m"number_end"[31m
          [33mrequired[31m=[32m""[31m
          [33mtype[31m=[32m"number"[31m
          [33mvalue[31m=[32m"0"[31m
        [36m/>[31m
        [36m<label>[31m
          [0mPrecio por n├║mero[0m
        [36m</label>[31m
        [36m<input[31m
          [33mmin[31m=[32m"1"[31m
          
[33mname[31m=[32m"price_per_number"[31m
          [33mrequired[31m=[32m""[31m
          [33mstep[31m=[32m"0.01"[31m
          [33mtype[31m=[32m"number"[31m
          [33mvalue[31m=[32m""[31m
        [36m/>[31m
        [36m<label>[31m
          [0mInicio de venta[0m
        [36m</label>[31m
        [36m<input[31m
          [33mname[31m=[32m"sale_start_at"[31m
          [33mrequired[31m=[32m""[31m
          [33mtype[31m=[32m"date"[31m
          [33mvalue[31m=[32m""[31m
        [36m/>[31m
        [36m<label>[31m
          [0mFin de venta[0m
        [36m</label>[31m
        [36m<input[31m
          [33mname[31m=[32m"sale_end_at"[31m
          [33mrequired[31m=[32m""[31m
          [33mtype[31m=[32m"date"[31m
          [33mvalue[31m=[32m""[31m
        [36m/>[31m
        [36m<label>[31m
          [0mFecha del sorteo[0m
        [36m</label>[31m
        [36m<input[31m
          
[33mname[31m=[32m"draw_scheduled_at"[31m
          [33mrequired[31m=[32m""[31m
          [33mtype[31m=[32m"date"[31m
          [33mvalue[31m=[32m""[31m
        [36m/>[31m
        [36m<button[31m
          [33mclass[31m=[32m"registro-btn"[31m
          [33mtype[31m=[32m"submit"[31m
        [36m>[31m
          [0mRegistrar Sorteo[0m
        [36m</button>[31m
      [36m</form>[31m
    [36m</div>[31m
  [36m</div>[31m
[36m</body>[31m[39m
[90m [2mΓ¥»[22m Object.getElementError node_modul
es/@testing-library/dom/dist/config.js:[2m37:19[22
m[39m
[90m [2mΓ¥»[22m getAllByLabelText node_modules/@t
esting-library/dom/dist/queries/label-text.js:[2m10
8:40[22m[39m
[90m [2mΓ¥»[22m node_modules/@testing-library/dom
/dist/query-helpers.js:[2m52:17[22m[39m
[90m [2mΓ¥»[22m node_modules/@testing-library/dom
/dist/query-helpers.js:[2m95:19[22m[39m
[36m [2mΓ¥»[22m 
src/service/crearSorteo.test.jsx:[2m61:23[22m[39m
    [90m 59| [39m
    [90m 60| [39m      
labels[33m.[39m[34mforEach[39m(label 
[33m=>[39m {
    [90m 61| [39m        [34mexpect[39m(screen[
33m.[39m[34mgetByLabelText[39m(label))[33m.[39m
[34mtoBeInTheDocument[39m()[33m;[39m
    [90m   | [39m                      [31m^[39m
    [90m 62| [39m      })[33m;[39m
    [90m 63| [39m
[90m [2mΓ¥»[22m 
src/service/crearSorteo.test.jsx:[2m60:14[22m[39m

[31m[2mΓÄ»ΓÄ»ΓÄ»ΓÄ»ΓÄ»ΓÄ»ΓÄ»ΓÄ»ΓÄ»ΓÄ»ΓÄ»ΓÄ»ΓÄ»ΓÄ»Γ
Ä»ΓÄ»ΓÄ»ΓÄ»ΓÄ»ΓÄ»ΓÄ»ΓÄ»ΓÄ»[3/37]ΓÄ»[22m[39m

[41m[1m FAIL [22m[49m 
src/service/crearSorteo.test.jsx[2m > [22mPRUEBAS 
FORMULARIO REGISTRO SORTEO - 5 Puntos Clave[2m > 
[22m1. Rendering de todos los campos[2m > 
[22mvalores iniciales correctos
[31m[1mTestingLibraryElementError[22m: Found a 
label with the text of: /nombre del sorteo/i, 
however no form control was found associated to 
that label. Make sure you're using the "for" 
attribute or "aria-labelledby" attribute correctly.

Ignored nodes: comments, script, style
[36m<body>[31m
  [36m<div>[31m
    [36m<div[31m
      [33mclass[31m=[32m"registro-sorteo-containe
r"[31m
    [36m>[31m
      [36m<h2>[31m
        [0mRegistrar Nuevo Sorteo[0m
      [36m</h2>[31m
      [36m<form[31m
        
[33mclass[31m=[32m"registro-sorteo-form"[31m
      [36m>[31m
        [36m<label>[31m
          [0mNombre del sorteo[0m
        [36m</label>[31m
        [36m<input[31m
          [33mname[31m=[32m"name"[31m
          [33mrequired[31m=[32m""[31m
          [33mtype[31m=[32m"text"[31m
          [33mvalue[31m=[32m""[31m
        [36m/>[31m
        [36m<label>[31m
          [0mDescripci├│n[0m
        [36m</label>[31m
        [36m<textarea[31m
          [33mname[31m=[32m"description"[31m
          [33mrequired[31m=[32m""[31m
        [36m/>[31m
        [36m<label>[31m
          [0mImagen del sorteo[0m
        [36m</label>[31m
        [36m<div[31m
          [33mclass[31m=[32m"dropzone "[31m
        [36m>[31m
          [36m<p>[31m
            [0mArrastra una imagen aqu├¡ o haz 
clic para seleccionarla[0m
          [36m</p>[31m
          [36m<input[31m
            [33maccept[31m=[32m"image/*"[31m
            [33mstyle[31m=[32m"display: 
none;"[31m
            [33mtype[31m=[32m"file"[31m
          [36m/>[31m
        [36m</div>[31m
        [36m<label>[31m
          [0mTotal de n├║meros[0m
        [36m</label>[31m
        [36m<input[31m
          [33mmin[31m=[32m"1"[31m
          [33mname[31m=[32m"number_end"[31m
          [33mrequired[31m=[32m""[31m
          [33mtype[31m=[32m"number"[31m
          [33mvalue[31m=[32m"0"[31m
        [36m/>[31m
        [36m<label>[31m
          [0mPrecio por n├║mero[0m
        [36m</label>[31m
        [36m<input[31m
          [33mmin[31m=[32m"1"[31m
          
[33mname[31m=[32m"price_per_number"[31m
          [33mrequired[31m=[32m""[31m
          [33mstep[31m=[32m"0.01"[31m
          [33mtype[31m=[32m"number"[31m
          [33mvalue[31m=[32m""[31m
        [36m/>[31m
        [36m<label>[31m
          [0mInicio de venta[0m
        [36m</label>[31m
        [36m<input[31m
          [33mname[31m=[32m"sale_start_at"[31m
          [33mrequired[31m=[32m""[31m
          [33mtype[31m=[32m"date"[31m
          [33mvalue[31m=[32m""[31m
        [36m/>[31m
        [36m<label>[31m
          [0mFin de venta[0m
        [36m</label>[31m
        [36m<input[31m
          [33mname[31m=[32m"sale_end_at"[31m
          [33mrequired[31m=[32m""[31m
          [33mtype[31m=[32m"date"[31m
          [33mvalue[31m=[32m""[31m
        [36m/>[31m
        [36m<label>[31m
          [0mFecha del sorteo[0m
        [36m</label>[31m
        [36m<input[31m
          
[33mname[31m=[32m"draw_scheduled_at"[31m
          [33mrequired[31m=[32m""[31m
          [33mtype[31m=[32m"date"[31m
          [33mvalue[31m=[32m""[31m
        [36m/>[31m
        [36m<button[31m
          [33mclass[31m=[32m"registro-btn"[31m
          [33mtype[31m=[32m"submit"[31m
        [36m>[31m
          [0mRegistrar Sorteo[0m
        [36m</button>[31m
      [36m</form>[31m
    [36m</div>[31m
  [36m</div>[31m
[36m</body>[31m[39m
[90m [2mΓ¥»[22m Object.getElementError node_modul
es/@testing-library/dom/dist/config.js:[2m37:19[22
m[39m
[90m [2mΓ¥»[22m getAllByLabelText node_modules/@t
esting-library/dom/dist/queries/label-text.js:[2m10
8:40[22m[39m
[90m [2mΓ¥»[22m node_modules/@testing-library/dom
/dist/query-helpers.js:[2m52:17[22m[39m
[90m [2mΓ¥»[22m node_modules/@testing-library/dom
/dist/query-helpers.js:[2m95:19[22m[39m
[36m [2mΓ¥»[22m 
src/service/crearSorteo.test.jsx:[2m72:21[22m[39m
    [90m 70| [39m      [34mrender[39m([33m<[39
m[33mRegistroSorteo[39m 
[33m/[39m[33m>[39m)[33m;[39m
    [90m 71| [39m
    [90m 72| [39m      
expect(screen.getByLabelText(/nombre del 
sorteo/i)).toHaveValue(ΓÇª
    [90m   | [39m                    [31m^[39m
    [90m 73| [39m      [34mexpect[39m(screen[33
m.[39m[34mgetByLabelText[39m([36m/descripci├│n/i
[39m))[33m.[39m[34mtoHaveValue[39m([32m''[39m
)[33m;[39m
    [90m 74| [39m      
expect(screen.getByLabelText(/total de 
numeros/i)).toHaveValue(0ΓÇª

[31m[2mΓÄ»ΓÄ»ΓÄ»ΓÄ»ΓÄ»ΓÄ»ΓÄ»ΓÄ»ΓÄ»ΓÄ»ΓÄ»ΓÄ»ΓÄ»ΓÄ»Γ
Ä»ΓÄ»ΓÄ»ΓÄ»ΓÄ»ΓÄ»ΓÄ»ΓÄ»ΓÄ»[4/37]ΓÄ»[22m[39m

[41m[1m FAIL [22m[49m 
src/service/crearSorteo.test.jsx[2m > [22mPRUEBAS 
FORMULARIO REGISTRO SORTEO - 5 Puntos Clave[2m > 
[22m2. Validaciones de campos[2m > [22mcampos 
requeridos marcados como obligatorios
[31m[1mTestingLibraryElementError[22m: Found a 
label with the text of: /nombre del sorteo/i, 
however no form control was found associated to 
that label. Make sure you're using the "for" 
attribute or "aria-labelledby" attribute correctly.

Ignored nodes: comments, script, style
[36m<body>[31m
  [36m<div>[31m
    [36m<div[31m
      [33mclass[31m=[32m"registro-sorteo-containe
r"[31m
    [36m>[31m
      [36m<h2>[31m
        [0mRegistrar Nuevo Sorteo[0m
      [36m</h2>[31m
      [36m<form[31m
        
[33mclass[31m=[32m"registro-sorteo-form"[31m
      [36m>[31m
        [36m<label>[31m
          [0mNombre del sorteo[0m
        [36m</label>[31m
        [36m<input[31m
          [33mname[31m=[32m"name"[31m
          [33mrequired[31m=[32m""[31m
          [33mtype[31m=[32m"text"[31m
          [33mvalue[31m=[32m""[31m
        [36m/>[31m
        [36m<label>[31m
          [0mDescripci├│n[0m
        [36m</label>[31m
        [36m<textarea[31m
          [33mname[31m=[32m"description"[31m
          [33mrequired[31m=[32m""[31m
        [36m/>[31m
        [36m<label>[31m
          [0mImagen del sorteo[0m
        [36m</label>[31m
        [36m<div[31m
          [33mclass[31m=[32m"dropzone "[31m
        [36m>[31m
          [36m<p>[31m
            [0mArrastra una imagen aqu├¡ o haz 
clic para seleccionarla[0m
          [36m</p>[31m
          [36m<input[31m
            [33maccept[31m=[32m"image/*"[31m
            [33mstyle[31m=[32m"display: 
none;"[31m
            [33mtype[31m=[32m"file"[31m
          [36m/>[31m
        [36m</div>[31m
        [36m<label>[31m
          [0mTotal de n├║meros[0m
        [36m</label>[31m
        [36m<input[31m
          [33mmin[31m=[32m"1"[31m
          [33mname[31m=[32m"number_end"[31m
          [33mrequired[31m=[32m""[31m
          [33mtype[31m=[32m"number"[31m
          [33mvalue[31m=[32m"0"[31m
        [36m/>[31m
        [36m<label>[31m
          [0mPrecio por n├║mero[0m
        [36m</label>[31m
        [36m<input[31m
          [33mmin[31m=[32m"1"[31m
          
[33mname[31m=[32m"price_per_number"[31m
          [33mrequired[31m=[32m""[31m
          [33mstep[31m=[32m"0.01"[31m
          [33mtype[31m=[32m"number"[31m
          [33mvalue[31m=[32m""[31m
        [36m/>[31m
        [36m<label>[31m
          [0mInicio de venta[0m
        [36m</label>[31m
        [36m<input[31m
          [33mname[31m=[32m"sale_start_at"[31m
          [33mrequired[31m=[32m""[31m
          [33mtype[31m=[32m"date"[31m
          [33mvalue[31m=[32m""[31m
        [36m/>[31m
        [36m<label>[31m
          [0mFin de venta[0m
        [36m</label>[31m
        [36m<input[31m
          [33mname[31m=[32m"sale_end_at"[31m
          [33mrequired[31m=[32m""[31m
          [33mtype[31m=[32m"date"[31m
          [33mvalue[31m=[32m""[31m
        [36m/>[31m
        [36m<label>[31m
          [0mFecha del sorteo[0m
        [36m</label>[31m
        [36m<input[31m
          
[33mname[31m=[32m"draw_scheduled_at"[31m
          [33mrequired[31m=[32m""[31m
          [33mtype[31m=[32m"date"[31m
          [33mvalue[31m=[32m""[31m
        [36m/>[31m
        [36m<button[31m
          [33mclass[31m=[32m"registro-btn"[31m
          [33mtype[31m=[32m"submit"[31m
        [36m>[31m
          [0mRegistrar Sorteo[0m
        [36m</button>[31m
      [36m</form>[31m
    [36m</div>[31m
  [36m</div>[31m
[36m</body>[31m[39m
[90m [2mΓ¥»[22m Object.getElementError node_modul
es/@testing-library/dom/dist/config.js:[2m37:19[22
m[39m
[90m [2mΓ¥»[22m getAllByLabelText node_modules/@t
esting-library/dom/dist/queries/label-text.js:[2m10
8:40[22m[39m
[90m [2mΓ¥»[22m node_modules/@testing-library/dom
/dist/query-helpers.js:[2m52:17[22m[39m
[90m [2mΓ¥»[22m node_modules/@testing-library/dom
/dist/query-helpers.js:[2m95:19[22m[39m
[36m [2mΓ¥»[22m src/service/crearSorteo.test.jsx:
[2m101:23[22m[39m
    [90m 99| [39m
    [90m100| [39m      
requiredInputs[33m.[39m[34mforEach[39m(label 
[33m=>[39m {
    [90m101| [39m        [34mexpect[39m(screen[
33m.[39m[34mgetByLabelText[39m(label))[33m.[39m
[34mtoBeRequired[39m()[33m;[39m
    [90m   | [39m                      [31m^[39m
    [90m102| [39m      })[33m;[39m
    [90m103| [39m    })[33m;[39m
[90m [2mΓ¥»[22m src/service/crearSorteo.test.jsx:
[2m100:22[22m[39m

[31m[2mΓÄ»ΓÄ»ΓÄ»ΓÄ»ΓÄ»ΓÄ»ΓÄ»ΓÄ»ΓÄ»ΓÄ»ΓÄ»ΓÄ»ΓÄ»ΓÄ»Γ
Ä»ΓÄ»ΓÄ»ΓÄ»ΓÄ»ΓÄ»ΓÄ»ΓÄ»ΓÄ»[5/37]ΓÄ»[22m[39m

[41m[1m FAIL [22m[49m 
src/service/crearSorteo.test.jsx[2m > [22mPRUEBAS 
FORMULARIO REGISTRO SORTEO - 5 Puntos Clave[2m > 
[22m2. Validaciones de campos[2m > [22mvalores 
m├¡nimos configurados
[31m[1mTestingLibraryElementError[22m: Unable to 
find a label with the text of: /total de numeros/i

Ignored nodes: comments, script, style
[36m<body>[31m
  [36m<div>[31m
    [36m<div[31m
      [33mclass[31m=[32m"registro-sorteo-containe
r"[31m
    [36m>[31m
      [36m<h2>[31m
        [0mRegistrar Nuevo Sorteo[0m
      [36m</h2>[31m
      [36m<form[31m
        
[33mclass[31m=[32m"registro-sorteo-form"[31m
      [36m>[31m
        [36m<label>[31m
          [0mNombre del sorteo[0m
        [36m</label>[31m
        [36m<input[31m
          [33mname[31m=[32m"name"[31m
          [33mrequired[31m=[32m""[31m
          [33mtype[31m=[32m"text"[31m
          [33mvalue[31m=[32m""[31m
        [36m/>[31m
        [36m<label>[31m
          [0mDescripci├│n[0m
        [36m</label>[31m
        [36m<textarea[31m
          [33mname[31m=[32m"description"[31m
          [33mrequired[31m=[32m""[31m
        [36m/>[31m
        [36m<label>[31m
          [0mImagen del sorteo[0m
        [36m</label>[31m
        [36m<div[31m
          [33mclass[31m=[32m"dropzone "[31m
        [36m>[31m
          [36m<p>[31m
            [0mArrastra una imagen aqu├¡ o haz 
clic para seleccionarla[0m
          [36m</p>[31m
          [36m<input[31m
            [33maccept[31m=[32m"image/*"[31m
            [33mstyle[31m=[32m"display: 
none;"[31m
            [33mtype[31m=[32m"file"[31m
          [36m/>[31m
        [36m</div>[31m
        [36m<label>[31m
          [0mTotal de n├║meros[0m
        [36m</label>[31m
        [36m<input[31m
          [33mmin[31m=[32m"1"[31m
          [33mname[31m=[32m"number_end"[31m
          [33mrequired[31m=[32m""[31m
          [33mtype[31m=[32m"number"[31m
          [33mvalue[31m=[32m"0"[31m
        [36m/>[31m
        [36m<label>[31m
          [0mPrecio por n├║mero[0m
        [36m</label>[31m
        [36m<input[31m
          [33mmin[31m=[32m"1"[31m
          
[33mname[31m=[32m"price_per_number"[31m
          [33mrequired[31m=[32m""[31m
          [33mstep[31m=[32m"0.01"[31m
          [33mtype[31m=[32m"number"[31m
          [33mvalue[31m=[32m""[31m
        [36m/>[31m
        [36m<label>[31m
          [0mInicio de venta[0m
        [36m</label>[31m
        [36m<input[31m
          [33mname[31m=[32m"sale_start_at"[31m
          [33mrequired[31m=[32m""[31m
          [33mtype[31m=[32m"date"[31m
          [33mvalue[31m=[32m""[31m
        [36m/>[31m
        [36m<label>[31m
          [0mFin de venta[0m
        [36m</label>[31m
        [36m<input[31m
          [33mname[31m=[32m"sale_end_at"[31m
          [33mrequired[31m=[32m""[31m
          [33mtype[31m=[32m"date"[31m
          [33mvalue[31m=[32m""[31m
        [36m/>[31m
        [36m<label>[31m
          [0mFecha del sorteo[0m
        [36m</label>[31m
        [36m<input[31m
          
[33mname[31m=[32m"draw_scheduled_at"[31m
          [33mrequired[31m=[32m""[31m
          [33mtype[31m=[32m"date"[31m
          [33mvalue[31m=[32m""[31m
        [36m/>[31m
        [36m<button[31m
          [33mclass[31m=[32m"registro-btn"[31m
          [33mtype[31m=[32m"submit"[31m
        [36m>[31m
          [0mRegistrar Sorteo[0m
        [36m</button>[31m
      [36m</form>[31m
    [36m</div>[31m
  [36m</div>[31m
[36m</body>[31m[39m
[90m [2mΓ¥»[22m Object.getElementError node_modul
es/@testing-library/dom/dist/config.js:[2m37:19[22
m[39m
[90m [2mΓ¥»[22m getAllByLabelText node_modules/@t
esting-library/dom/dist/queries/label-text.js:[2m11
1:38[22m[39m
[90m [2mΓ¥»[22m node_modules/@testing-library/dom
/dist/query-helpers.js:[2m52:17[22m[39m
[90m [2mΓ¥»[22m node_modules/@testing-library/dom
/dist/query-helpers.js:[2m95:19[22m[39m
[36m [2mΓ¥»[22m src/service/crearSorteo.test.jsx:
[2m108:21[22m[39m
    [90m106| [39m      [34mrender[39m([33m<[39
m[33mRegistroSorteo[39m 
[33m/[39m[33m>[39m)[33m;[39m
    [90m107| [39m
    [90m108| [39m      
expect(screen.getByLabelText(/total de 
numeros/i)).toHaveAttribuΓÇª
    [90m   | [39m                    [31m^[39m
    [90m109| [39m      
    [90m110| [39m      [35mconst[39m price 
[33m=[39m screen[33m.[39m[34mgetByLabelText[39
m([36m/precio por n├║mero/i[39m)[33m;[39m

[31m[2mΓÄ»ΓÄ»ΓÄ»ΓÄ»ΓÄ»ΓÄ»ΓÄ»ΓÄ»ΓÄ»ΓÄ»ΓÄ»ΓÄ»ΓÄ»ΓÄ»Γ
Ä»ΓÄ»ΓÄ»ΓÄ»ΓÄ»ΓÄ»ΓÄ»ΓÄ»ΓÄ»[6/37]ΓÄ»[22m[39m

[41m[1m FAIL [22m[49m 
src/service/crearSorteo.test.jsx[2m > [22mPRUEBAS 
FORMULARIO REGISTRO SORTEO - 5 Puntos Clave[2m > 
[22m2. Validaciones de campos[2m > [22mactualiza 
estado al cambiar valores
[31m[1mTestingLibraryElementError[22m: Found a 
label with the text of: /nombre del sorteo/i, 
however no form control was found associated to 
that label. Make sure you're using the "for" 
attribute or "aria-labelledby" attribute correctly.

Ignored nodes: comments, script, style
[36m<body>[31m
  [36m<div>[31m
    [36m<div[31m
      [33mclass[31m=[32m"registro-sorteo-containe
r"[31m
    [36m>[31m
      [36m<h2>[31m
        [0mRegistrar Nuevo Sorteo[0m
      [36m</h2>[31m
      [36m<form[31m
        
[33mclass[31m=[32m"registro-sorteo-form"[31m
      [36m>[31m
        [36m<label>[31m
          [0mNombre del sorteo[0m
        [36m</label>[31m
        [36m<input[31m
          [33mname[31m=[32m"name"[31m
          [33mrequired[31m=[32m""[31m
          [33mtype[31m=[32m"text"[31m
          [33mvalue[31m=[32m""[31m
        [36m/>[31m
        [36m<label>[31m
          [0mDescripci├│n[0m
        [36m</label>[31m
        [36m<textarea[31m
          [33mname[31m=[32m"description"[31m
          [33mrequired[31m=[32m""[31m
        [36m/>[31m
        [36m<label>[31m
          [0mImagen del sorteo[0m
        [36m</label>[31m
        [36m<div[31m
          [33mclass[31m=[32m"dropzone "[31m
        [36m>[31m
          [36m<p>[31m
            [0mArrastra una imagen aqu├¡ o haz 
clic para seleccionarla[0m
          [36m</p>[31m
          [36m<input[31m
            [33maccept[31m=[32m"image/*"[31m
            [33mstyle[31m=[32m"display: 
none;"[31m
            [33mtype[31m=[32m"file"[31m
          [36m/>[31m
        [36m</div>[31m
        [36m<label>[31m
          [0mTotal de n├║meros[0m
        [36m</label>[31m
        [36m<input[31m
          [33mmin[31m=[32m"1"[31m
          [33mname[31m=[32m"number_end"[31m
          [33mrequired[31m=[32m""[31m
          [33mtype[31m=[32m"number"[31m
          [33mvalue[31m=[32m"0"[31m
        [36m/>[31m
        [36m<label>[31m
          [0mPrecio por n├║mero[0m
        [36m</label>[31m
        [36m<input[31m
          [33mmin[31m=[32m"1"[31m
          
[33mname[31m=[32m"price_per_number"[31m
          [33mrequired[31m=[32m""[31m
          [33mstep[31m=[32m"0.01"[31m
          [33mtype[31m=[32m"number"[31m
          [33mvalue[31m=[32m""[31m
        [36m/>[31m
        [36m<label>[31m
          [0mInicio de venta[0m
        [36m</label>[31m
        [36m<input[31m
          [33mname[31m=[32m"sale_start_at"[31m
          [33mrequired[31m=[32m""[31m
          [33mtype[31m=[32m"date"[31m
          [33mvalue[31m=[32m""[31m
        [36m/>[31m
        [36m<label>[31m
          [0mFin de venta[0m
        [36m</label>[31m
        [36m<input[31m
          [33mname[31m=[32m"sale_end_at"[31m
          [33mrequired[31m=[32m""[31m
          [33mtype[31m=[32m"date"[31m
          [33mvalue[31m=[32m""[31m
        [36m/>[31m
        [36m<label>[31m
          [0mFecha del sorteo[0m
        [36m</label>[31m
        [36m<input[31m
          
[33mname[31m=[32m"draw_scheduled_at"[31m
          [33mrequired[31m=[32m""[31m
          [33mtype[31m=[32m"date"[31m
          [33mvalue[31m=[32m""[31m
        [36m/>[31m
        [36m<button[31m
          [33mclass[31m=[32m"registro-btn"[31m
          [33mtype[31m=[32m"submit"[31m
        [36m>[31m
          [0mRegistrar Sorteo[0m
        [36m</button>[31m
      [36m</form>[31m
    [36m</div>[31m
  [36m</div>[31m
[36m</body>[31m[39m
[90m [2mΓ¥»[22m Object.getElementError node_modul
es/@testing-library/dom/dist/config.js:[2m37:19[22
m[39m
[90m [2mΓ¥»[22m getAllByLabelText node_modules/@t
esting-library/dom/dist/queries/label-text.js:[2m10
8:40[22m[39m
[90m [2mΓ¥»[22m node_modules/@testing-library/dom
/dist/query-helpers.js:[2m52:17[22m[39m
[90m [2mΓ¥»[22m node_modules/@testing-library/dom
/dist/query-helpers.js:[2m95:19[22m[39m
[36m [2mΓ¥»[22m src/service/crearSorteo.test.jsx:
[2m118:29[22m[39m
    [90m116| [39m      [34mrender[39m([33m<[39
m[33mRegistroSorteo[39m 
[33m/[39m[33m>[39m)[33m;[39m
    [90m117| [39m
    [90m118| [39m      [35mconst[39m nombre 
[33m=[39m screen[33m.[39m[34mgetByLabelText[39
m([36m/nombre del sorteo/i[39m)[33m;[39m
    [90m   | [39m                            
[31m^[39m
    [90m119| [39m      fireEvent.change(nombre, { 
target: { value: 'Sorteo Navide├▒o' } ΓÇª
    [90m120| [39m      [34mexpect[39m(nombre)[3
3m.[39m[34mtoHaveValue[39m([32m'Sorteo 
Navide├▒o'[39m)[33m;[39m

[31m[2mΓÄ»ΓÄ»ΓÄ»ΓÄ»ΓÄ»ΓÄ»ΓÄ»ΓÄ»ΓÄ»ΓÄ»ΓÄ»ΓÄ»ΓÄ»ΓÄ»Γ
Ä»ΓÄ»ΓÄ»ΓÄ»ΓÄ»ΓÄ»ΓÄ»ΓÄ»ΓÄ»[7/37]ΓÄ»[22m[39m

[41m[1m FAIL [22m[49m 
src/service/crearSorteo.test.jsx[2m > [22mPRUEBAS 
FORMULARIO REGISTRO SORTEO - 5 Puntos Clave[2m > 
[22m3. Mensajes de error y ├⌐xito[2m > 
[22mmuestra mensaje de ├⌐xito cuando API responde 
ok
[31m[1mTestingLibraryElementError[22m: Found a 
label with the text of: /nombre del sorteo/i, 
however no form control was found associated to 
that label. Make sure you're using the "for" 
attribute or "aria-labelledby" attribute correctly.

Ignored nodes: comments, script, style
[36m<body>[31m
  [36m<div>[31m
    [36m<div[31m
      [33mclass[31m=[32m"registro-sorteo-containe
r"[31m
    [36m>[31m
      [36m<h2>[31m
        [0mRegistrar Nuevo Sorteo[0m
      [36m</h2>[31m
      [36m<form[31m
        
[33mclass[31m=[32m"registro-sorteo-form"[31m
      [36m>[31m
        [36m<label>[31m
          [0mNombre del sorteo[0m
        [36m</label>[31m
        [36m<input[31m
          [33mname[31m=[32m"name"[31m
          [33mrequired[31m=[32m""[31m
          [33mtype[31m=[32m"text"[31m
          [33mvalue[31m=[32m""[31m
        [36m/>[31m
        [36m<label>[31m
          [0mDescripci├│n[0m
        [36m</label>[31m
        [36m<textarea[31m
          [33mname[31m=[32m"description"[31m
          [33mrequired[31m=[32m""[31m
        [36m/>[31m
        [36m<label>[31m
          [0mImagen del sorteo[0m
        [36m</label>[31m
        [36m<div[31m
          [33mclass[31m=[32m"dropzone "[31m
        [36m>[31m
          [36m<p>[31m
            [0mArrastra una imagen aqu├¡ o haz 
clic para seleccionarla[0m
          [36m</p>[31m
          [36m<input[31m
            [33maccept[31m=[32m"image/*"[31m
            [33mstyle[31m=[32m"display: 
none;"[31m
            [33mtype[31m=[32m"file"[31m
          [36m/>[31m
        [36m</div>[31m
        [36m<label>[31m
          [0mTotal de n├║meros[0m
        [36m</label>[31m
        [36m<input[31m
          [33mmin[31m=[32m"1"[31m
          [33mname[31m=[32m"number_end"[31m
          [33mrequired[31m=[32m""[31m
          [33mtype[31m=[32m"number"[31m
          [33mvalue[31m=[32m"0"[31m
        [36m/>[31m
        [36m<label>[31m
          [0mPrecio por n├║mero[0m
        [36m</label>[31m
        [36m<input[31m
          [33mmin[31m=[32m"1"[31m
          
[33mname[31m=[32m"price_per_number"[31m
          [33mrequired[31m=[32m""[31m
          [33mstep[31m=[32m"0.01"[31m
          [33mtype[31m=[32m"number"[31m
          [33mvalue[31m=[32m""[31m
        [36m/>[31m
        [36m<label>[31m
          [0mInicio de venta[0m
        [36m</label>[31m
        [36m<input[31m
          [33mname[31m=[32m"sale_start_at"[31m
          [33mrequired[31m=[32m""[31m
          [33mtype[31m=[32m"date"[31m
          [33mvalue[31m=[32m""[31m
        [36m/>[31m
        [36m<label>[31m
          [0mFin de venta[0m
        [36m</label>[31m
        [36m<input[31m
          [33mname[31m=[32m"sale_end_at"[31m
          [33mrequired[31m=[32m""[31m
          [33mtype[31m=[32m"date"[31m
          [33mvalue[31m=[32m""[31m
        [36m/>[31m
        [36m<label>[31m
          [0mFecha del sorteo[0m
        [36m</label>[31m
        [36m<input[31m
          
[33mname[31m=[32m"draw_scheduled_at"[31m
          [33mrequired[31m=[32m""[31m
          [33mtype[31m=[32m"date"[31m
          [33mvalue[31m=[32m""[31m
        [36m/>[31m
        [36m<button[31m
          [33mclass[31m=[32m"registro-btn"[31m
          [33mtype[31m=[32m"submit"[31m
        [36m>[31m
          [0mRegistrar Sorteo[0m
        [36m</button>[31m
      [36m</form>[31m
    [36m</div>[31m
  [36m</div>[31m
[36m</body>[31m[39m
[90m [2mΓ¥»[22m Object.getElementError node_modul
es/@testing-library/dom/dist/config.js:[2m37:19[22
m[39m
[90m [2mΓ¥»[22m getAllByLabelText node_modules/@t
esting-library/dom/dist/queries/label-text.js:[2m10
8:40[22m[39m
[90m [2mΓ¥»[22m node_modules/@testing-library/dom
/dist/query-helpers.js:[2m52:17[22m[39m
[90m [2mΓ¥»[22m node_modules/@testing-library/dom
/dist/query-helpers.js:[2m95:19[22m[39m
[36m [2mΓ¥»[22m src/service/crearSorteo.test.jsx:
[2m142:31[22m[39m
    [90m140| [39m      [34mrender[39m([33m<[39
m[33mRegistroSorteo[39m 
[33m/[39m[33m>[39m)[33m;[39m
    [90m141| [39m
    [90m142| [39m      fireEvent[33m.[39m[34mch
ange[39m(screen[33m.[39m[34mgetByLabelText[39m(
[36m/nombre del sorteo/i[39m)[33m,[39m {
    [90m   | [39m                              
[31m^[39m
    [90m143| [39m        target[33m:[39m { 
value[33m:[39m [32m'Sorteo Test'[39m }
    [90m144| [39m      })[33m;[39m

[31m[2mΓÄ»ΓÄ»ΓÄ»ΓÄ»ΓÄ»ΓÄ»ΓÄ»ΓÄ»ΓÄ»ΓÄ»ΓÄ»ΓÄ»ΓÄ»ΓÄ»Γ
Ä»ΓÄ»ΓÄ»ΓÄ»ΓÄ»ΓÄ»ΓÄ»ΓÄ»ΓÄ»[8/37]ΓÄ»[22m[39m

[41m[1m FAIL [22m[49m 
src/service/crearSorteo.test.jsx[2m > [22mPRUEBAS 
FORMULARIO REGISTRO SORTEO - 5 Puntos Clave[2m > 
[22m3. Mensajes de error y ├⌐xito[2m > 
[22mmuestra mensaje de error cuando API responde 
error
[31m[1mTestingLibraryElementError[22m: Found a 
label with the text of: /nombre del sorteo/i, 
however no form control was found associated to 
that label. Make sure you're using the "for" 
attribute or "aria-labelledby" attribute correctly.

Ignored nodes: comments, script, style
[36m<body>[31m
  [36m<div>[31m
    [36m<div[31m
      [33mclass[31m=[32m"registro-sorteo-containe
r"[31m
    [36m>[31m
      [36m<h2>[31m
        [0mRegistrar Nuevo Sorteo[0m
      [36m</h2>[31m
      [36m<form[31m
        
[33mclass[31m=[32m"registro-sorteo-form"[31m
      [36m>[31m
        [36m<label>[31m
          [0mNombre del sorteo[0m
        [36m</label>[31m
        [36m<input[31m
          [33mname[31m=[32m"name"[31m
          [33mrequired[31m=[32m""[31m
          [33mtype[31m=[32m"text"[31m
          [33mvalue[31m=[32m""[31m
        [36m/>[31m
        [36m<label>[31m
          [0mDescripci├│n[0m
        [36m</label>[31m
        [36m<textarea[31m
          [33mname[31m=[32m"description"[31m
          [33mrequired[31m=[32m""[31m
        [36m/>[31m
        [36m<label>[31m
          [0mImagen del sorteo[0m
        [36m</label>[31m
        [36m<div[31m
          [33mclass[31m=[32m"dropzone "[31m
        [36m>[31m
          [36m<p>[31m
            [0mArrastra una imagen aqu├¡ o haz 
clic para seleccionarla[0m
          [36m</p>[31m
          [36m<input[31m
            [33maccept[31m=[32m"image/*"[31m
            [33mstyle[31m=[32m"display: 
none;"[31m
            [33mtype[31m=[32m"file"[31m
          [36m/>[31m
        [36m</div>[31m
        [36m<label>[31m
          [0mTotal de n├║meros[0m
        [36m</label>[31m
        [36m<input[31m
          [33mmin[31m=[32m"1"[31m
          [33mname[31m=[32m"number_end"[31m
          [33mrequired[31m=[32m""[31m
          [33mtype[31m=[32m"number"[31m
          [33mvalue[31m=[32m"0"[31m
        [36m/>[31m
        [36m<label>[31m
          [0mPrecio por n├║mero[0m
        [36m</label>[31m
        [36m<input[31m
          [33mmin[31m=[32m"1"[31m
          
[33mname[31m=[32m"price_per_number"[31m
          [33mrequired[31m=[32m""[31m
          [33mstep[31m=[32m"0.01"[31m
          [33mtype[31m=[32m"number"[31m
          [33mvalue[31m=[32m""[31m
        [36m/>[31m
        [36m<label>[31m
          [0mInicio de venta[0m
        [36m</label>[31m
        [36m<input[31m
          [33mname[31m=[32m"sale_start_at"[31m
          [33mrequired[31m=[32m""[31m
          [33mtype[31m=[32m"date"[31m
          [33mvalue[31m=[32m""[31m
        [36m/>[31m
        [36m<label>[31m
          [0mFin de venta[0m
        [36m</label>[31m
        [36m<input[31m
          [33mname[31m=[32m"sale_end_at"[31m
          [33mrequired[31m=[32m""[31m
          [33mtype[31m=[32m"date"[31m
          [33mvalue[31m=[32m""[31m
        [36m/>[31m
        [36m<label>[31m
          [0mFecha del sorteo[0m
        [36m</label>[31m
        [36m<input[31m
          
[33mname[31m=[32m"draw_scheduled_at"[31m
          [33mrequired[31m=[32m""[31m
          [33mtype[31m=[32m"date"[31m
          [33mvalue[31m=[32m""[31m
        [36m/>[31m
        [36m<button[31m
          [33mclass[31m=[32m"registro-btn"[31m
          [33mtype[31m=[32m"submit"[31m
        [36m>[31m
          [0mRegistrar Sorteo[0m
        [36m</button>[31m
      [36m</form>[31m
    [36m</div>[31m
  [36m</div>[31m
[36m</body>[31m[39m
[90m [2mΓ¥»[22m Object.getElementError node_modul
es/@testing-library/dom/dist/config.js:[2m37:19[22
m[39m
[90m [2mΓ¥»[22m getAllByLabelText node_modules/@t
esting-library/dom/dist/queries/label-text.js:[2m10
8:40[22m[39m
[90m [2mΓ¥»[22m node_modules/@testing-library/dom
/dist/query-helpers.js:[2m52:17[22m[39m
[90m [2mΓ¥»[22m node_modules/@testing-library/dom
/dist/query-helpers.js:[2m95:19[22m[39m
[36m [2mΓ¥»[22m src/service/crearSorteo.test.jsx:
[2m175:31[22m[39m
    [90m173| [39m      [34mrender[39m([33m<[39
m[33mRegistroSorteo[39m 
[33m/[39m[33m>[39m)[33m;[39m
    [90m174| [39m
    [90m175| [39m      fireEvent[33m.[39m[34mch
ange[39m(screen[33m.[39m[34mgetByLabelText[39m(
[36m/nombre del sorteo/i[39m)[33m,[39m {
    [90m   | [39m                              
[31m^[39m
    [90m176| [39m        target[33m:[39m { 
value[33m:[39m [32m'Test'[39m }
    [90m177| [39m      })[33m;[39m

[31m[2mΓÄ»ΓÄ»ΓÄ»ΓÄ»ΓÄ»ΓÄ»ΓÄ»ΓÄ»ΓÄ»ΓÄ»ΓÄ»ΓÄ»ΓÄ»ΓÄ»Γ
Ä»ΓÄ»ΓÄ»ΓÄ»ΓÄ»ΓÄ»ΓÄ»ΓÄ»ΓÄ»[9/37]ΓÄ»[22m[39m

[41m[1m FAIL [22m[49m 
src/service/crearSorteo.test.jsx[2m > [22mPRUEBAS 
FORMULARIO REGISTRO SORTEO - 5 Puntos Clave[2m > 
[22m4. Manejo de errores de API[2m > [22mmaneja 
error de red
[31m[1mTestingLibraryElementError[22m: Found a 
label with the text of: /nombre del sorteo/i, 
however no form control was found associated to 
that label. Make sure you're using the "for" 
attribute or "aria-labelledby" attribute correctly.

Ignored nodes: comments, script, style
[36m<body>[31m
  [36m<div>[31m
    [36m<div[31m
      [33mclass[31m=[32m"registro-sorteo-containe
r"[31m
    [36m>[31m
      [36m<h2>[31m
        [0mRegistrar Nuevo Sorteo[0m
      [36m</h2>[31m
      [36m<form[31m
        
[33mclass[31m=[32m"registro-sorteo-form"[31m
      [36m>[31m
        [36m<label>[31m
          [0mNombre del sorteo[0m
        [36m</label>[31m
        [36m<input[31m
          [33mname[31m=[32m"name"[31m
          [33mrequired[31m=[32m""[31m
          [33mtype[31m=[32m"text"[31m
          [33mvalue[31m=[32m""[31m
        [36m/>[31m
        [36m<label>[31m
          [0mDescripci├│n[0m
        [36m</label>[31m
        [36m<textarea[31m
          [33mname[31m=[32m"description"[31m
          [33mrequired[31m=[32m""[31m
        [36m/>[31m
        [36m<label>[31m
          [0mImagen del sorteo[0m
        [36m</label>[31m
        [36m<div[31m
          [33mclass[31m=[32m"dropzone "[31m
        [36m>[31m
          [36m<p>[31m
            [0mArrastra una imagen aqu├¡ o haz 
clic para seleccionarla[0m
          [36m</p>[31m
          [36m<input[31m
            [33maccept[31m=[32m"image/*"[31m
            [33mstyle[31m=[32m"display: 
none;"[31m
            [33mtype[31m=[32m"file"[31m
          [36m/>[31m
        [36m</div>[31m
        [36m<label>[31m
          [0mTotal de n├║meros[0m
        [36m</label>[31m
        [36m<input[31m
          [33mmin[31m=[32m"1"[31m
          [33mname[31m=[32m"number_end"[31m
          [33mrequired[31m=[32m""[31m
          [33mtype[31m=[32m"number"[31m
          [33mvalue[31m=[32m"0"[31m
        [36m/>[31m
        [36m<label>[31m
          [0mPrecio por n├║mero[0m
        [36m</label>[31m
        [36m<input[31m
          [33mmin[31m=[32m"1"[31m
          
[33mname[31m=[32m"price_per_number"[31m
          [33mrequired[31m=[32m""[31m
          [33mstep[31m=[32m"0.01"[31m
          [33mtype[31m=[32m"number"[31m
          [33mvalue[31m=[32m""[31m
        [36m/>[31m
        [36m<label>[31m
          [0mInicio de venta[0m
        [36m</label>[31m
        [36m<input[31m
          [33mname[31m=[32m"sale_start_at"[31m
          [33mrequired[31m=[32m""[31m
          [33mtype[31m=[32m"date"[31m
          [33mvalue[31m=[32m""[31m
        [36m/>[31m
        [36m<label>[31m
          [0mFin de venta[0m
        [36m</label>[31m
        [36m<input[31m
          [33mname[31m=[32m"sale_end_at"[31m
          [33mrequired[31m=[32m""[31m
          [33mtype[31m=[32m"date"[31m
          [33mvalue[31m=[32m""[31m
        [36m/>[31m
        [36m<label>[31m
          [0mFecha del sorteo[0m
        [36m</label>[31m
        [36m<input[31m
          
[33mname[31m=[32m"draw_scheduled_at"[31m
          [33mrequired[31m=[32m""[31m
          [33mtype[31m=[32m"date"[31m
          [33mvalue[31m=[32m""[31m
        [36m/>[31m
        [36m<button[31m
          [33mclass[31m=[32m"registro-btn"[31m
          [33mtype[31m=[32m"submit"[31m
        [36m>[31m
          [0mRegistrar Sorteo[0m
        [36m</button>[31m
      [36m</form>[31m
    [36m</div>[31m
  [36m</div>[31m
[36m</body>[31m[39m
[90m [2mΓ¥»[22m Object.getElementError node_modul
es/@testing-library/dom/dist/config.js:[2m37:19[22
m[39m
[90m [2mΓ¥»[22m getAllByLabelText node_modules/@t
esting-library/dom/dist/queries/label-text.js:[2m10
8:40[22m[39m
[90m [2mΓ¥»[22m node_modules/@testing-library/dom
/dist/query-helpers.js:[2m52:17[22m[39m
[90m [2mΓ¥»[22m node_modules/@testing-library/dom
/dist/query-helpers.js:[2m95:19[22m[39m
[36m [2mΓ¥»[22m src/service/crearSorteo.test.jsx:
[2m207:31[22m[39m
    [90m205| [39m      [34mrender[39m([33m<[39
m[33mRegistroSorteo[39m 
[33m/[39m[33m>[39m)[33m;[39m
    [90m206| [39m
    [90m207| [39m      fireEvent[33m.[39m[34mch
ange[39m(screen[33m.[39m[34mgetByLabelText[39m(
[36m/nombre del sorteo/i[39m)[33m,[39m {
    [90m   | [39m                              
[31m^[39m
    [90m208| [39m        target[33m:[39m { 
value[33m:[39m [32m'Test'[39m }
    [90m209| [39m      })[33m;[39m

[31m[2mΓÄ»ΓÄ»ΓÄ»ΓÄ»ΓÄ»ΓÄ»ΓÄ»ΓÄ»ΓÄ»ΓÄ»ΓÄ»ΓÄ»ΓÄ»ΓÄ»Γ
Ä»ΓÄ»ΓÄ»ΓÄ»ΓÄ»ΓÄ»ΓÄ»ΓÄ»[10/37]ΓÄ»[22m[39m

[41m[1m FAIL [22m[49m 
src/service/crearSorteo.test.jsx[2m > [22mPRUEBAS 
FORMULARIO REGISTRO SORTEO - 5 Puntos Clave[2m > 
[22m5. Funcionalidad de imagen[2m > [22musa 
URL.createObjectURL al subir imagen
[31m[1mTestingLibraryElementError[22m: Found a 
label with the text of: /imagen del sorteo/i, 
however no form control was found associated to 
that label. Make sure you're using the "for" 
attribute or "aria-labelledby" attribute correctly.

Ignored nodes: comments, script, style
[36m<body>[31m
  [36m<div>[31m
    [36m<div[31m
      [33mclass[31m=[32m"registro-sorteo-containe
r"[31m
    [36m>[31m
      [36m<h2>[31m
        [0mRegistrar Nuevo Sorteo[0m
      [36m</h2>[31m
      [36m<form[31m
        
[33mclass[31m=[32m"registro-sorteo-form"[31m
      [36m>[31m
        [36m<label>[31m
          [0mNombre del sorteo[0m
        [36m</label>[31m
        [36m<input[31m
          [33mname[31m=[32m"name"[31m
          [33mrequired[31m=[32m""[31m
          [33mtype[31m=[32m"text"[31m
          [33mvalue[31m=[32m""[31m
        [36m/>[31m
        [36m<label>[31m
          [0mDescripci├│n[0m
        [36m</label>[31m
        [36m<textarea[31m
          [33mname[31m=[32m"description"[31m
          [33mrequired[31m=[32m""[31m
        [36m/>[31m
        [36m<label>[31m
          [0mImagen del sorteo[0m
        [36m</label>[31m
        [36m<div[31m
          [33mclass[31m=[32m"dropzone "[31m
        [36m>[31m
          [36m<p>[31m
            [0mArrastra una imagen aqu├¡ o haz 
clic para seleccionarla[0m
          [36m</p>[31m
          [36m<input[31m
            [33maccept[31m=[32m"image/*"[31m
            [33mstyle[31m=[32m"display: 
none;"[31m
            [33mtype[31m=[32m"file"[31m
          [36m/>[31m
        [36m</div>[31m
        [36m<label>[31m
          [0mTotal de n├║meros[0m
        [36m</label>[31m
        [36m<input[31m
          [33mmin[31m=[32m"1"[31m
          [33mname[31m=[32m"number_end"[31m
          [33mrequired[31m=[32m""[31m
          [33mtype[31m=[32m"number"[31m
          [33mvalue[31m=[32m"0"[31m
        [36m/>[31m
        [36m<label>[31m
          [0mPrecio por n├║mero[0m
        [36m</label>[31m
        [36m<input[31m
          [33mmin[31m=[32m"1"[31m
          
[33mname[31m=[32m"price_per_number"[31m
          [33mrequired[31m=[32m""[31m
          [33mstep[31m=[32m"0.01"[31m
          [33mtype[31m=[32m"number"[31m
          [33mvalue[31m=[32m""[31m
        [36m/>[31m
        [36m<label>[31m
          [0mInicio de venta[0m
        [36m</label>[31m
        [36m<input[31m
          [33mname[31m=[32m"sale_start_at"[31m
          [33mrequired[31m=[32m""[31m
          [33mtype[31m=[32m"date"[31m
          [33mvalue[31m=[32m""[31m
        [36m/>[31m
        [36m<label>[31m
          [0mFin de venta[0m
        [36m</label>[31m
        [36m<input[31m
          [33mname[31m=[32m"sale_end_at"[31m
          [33mrequired[31m=[32m""[31m
          [33mtype[31m=[32m"date"[31m
          [33mvalue[31m=[32m""[31m
        [36m/>[31m
        [36m<label>[31m
          [0mFecha del sorteo[0m
        [36m</label>[31m
        [36m<input[31m
          
[33mname[31m=[32m"draw_scheduled_at"[31m
          [33mrequired[31m=[32m""[31m
          [33mtype[31m=[32m"date"[31m
          [33mvalue[31m=[32m""[31m
        [36m/>[31m
        [36m<button[31m
          [33mclass[31m=[32m"registro-btn"[31m
          [33mtype[31m=[32m"submit"[31m
        [36m>[31m
          [0mRegistrar Sorteo[0m
        [36m</button>[31m
      [36m</form>[31m
    [36m</div>[31m
  [36m</div>[31m
[36m</body>[31m[39m
[90m [2mΓ¥»[22m Object.getElementError node_modul
es/@testing-library/dom/dist/config.js:[2m37:19[22
m[39m
[90m [2mΓ¥»[22m getAllByLabelText node_modules/@t
esting-library/dom/dist/queries/label-text.js:[2m10
8:40[22m[39m
[90m [2mΓ¥»[22m node_modules/@testing-library/dom
/dist/query-helpers.js:[2m52:17[22m[39m
[90m [2mΓ¥»[22m node_modules/@testing-library/dom
/dist/query-helpers.js:[2m95:19[22m[39m
[36m [2mΓ¥»[22m src/service/crearSorteo.test.jsx:
[2m236:33[22m[39m
    [90m234| [39m
    [90m235| [39m      const file = new 
File(['img'], 'test.png', { type: 'image/png' }ΓÇª
    [90m236| [39m      [35mconst[39m imageInput 
[33m=[39m screen[33m.[39m[34mgetByLabelText[39
m([36m/imagen del sorteo/i[39m)[33m;[39m
    [90m   | [39m                                
[31m^[39m
    [90m237| [39m
    [90m238| [39m      [33mObject[39m[33m.[39m
[34mdefineProperty[39m(imageInput[33m,[39m 
[32m'files'[39m[33m,[39m { value[33m:[39m 
[file] })[33m;[39m

[31m[2mΓÄ»ΓÄ»ΓÄ»ΓÄ»ΓÄ»ΓÄ»ΓÄ»ΓÄ»ΓÄ»ΓÄ»ΓÄ»ΓÄ»ΓÄ»ΓÄ»Γ
Ä»ΓÄ»ΓÄ»ΓÄ»ΓÄ»ΓÄ»ΓÄ»ΓÄ»[11/37]ΓÄ»[22m[39m

[41m[1m FAIL [22m[49m 
src/service/raffles.test.jsx[2m > [22mPruebas 
Autom├íticas - Galer├¡a de Sorteos[2m > 
[22mRendering de cards con datos v├ílidos[2m > 
[22mdebe renderizar correctamente todas las cards 
de sorteos con datos v├ílidos
[31m[1mTestingLibraryElementError[22m: Unable to 
find an element with the text: Cargando sorteos.... 
This could be because the text is broken up by 
multiple elements. In this case, you can provide a 
function for your text matcher to make your matcher 
more flexible.

Ignored nodes: comments, script, style
[36m<body>[31m
  [36m<div>[31m
    [36m<div[31m
      [33mclass[31m=[32m"raffle-loading"[31m
    [36m>[31m
      [36m<div[31m
        [33mclass[31m=[32m"spinner"[31m
      [36m/>[31m
      [36m<p>[31m
        [0mCargando sorteos de la base de 
datos...[0m
      [36m</p>[31m
    [36m</div>[31m
  [36m</div>[31m
[36m</body>[31m[39m
[90m [2mΓ¥»[22m Object.getElementError node_modul
es/@testing-library/dom/dist/config.js:[2m37:19[22
m[39m
[90m [2mΓ¥»[22m node_modules/@testing-library/dom
/dist/query-helpers.js:[2m76:38[22m[39m
[90m [2mΓ¥»[22m node_modules/@testing-library/dom
/dist/query-helpers.js:[2m52:17[22m[39m
[90m [2mΓ¥»[22m node_modules/@testing-library/dom
/dist/query-helpers.js:[2m95:19[22m[39m
[36m [2mΓ¥»[22m 
src/service/raffles.test.jsx:[2m54:21[22m[39m
    [90m 52| [39m      
    [90m 53| [39m      [90m// Verificar que el 
spinner se muestra inicialmente[39m
    [90m 54| [39m      
expect(screen.getByText('Cargando 
sorteos...')).toBeInTheDocumenΓÇª
    [90m   | [39m                    [31m^[39m
    [90m 55| [39m
    [90m 56| [39m      [90m// Esperar a que 
termine la carga[39m

[31m[2mΓÄ»ΓÄ»ΓÄ»ΓÄ»ΓÄ»ΓÄ»ΓÄ»ΓÄ»ΓÄ»ΓÄ»ΓÄ»ΓÄ»ΓÄ»ΓÄ»Γ
Ä»ΓÄ»ΓÄ»ΓÄ»ΓÄ»ΓÄ»ΓÄ»ΓÄ»[12/37]ΓÄ»[22m[39m

[41m[1m FAIL [22m[49m 
src/service/raffles.test.jsx[2m > [22mPruebas 
Autom├íticas - Galer├¡a de Sorteos[2m > 
[22mRendering de cards con datos v├ílidos[2m > 
[22mdebe pasar los props correctos a cada 
TarjetaSorteo
[31m[1mTestingLibraryElementError[22m: Unable to 
find an element with the text: iPhone 15 Pro. This 
could be because the text is broken up by multiple 
elements. In this case, you can provide a function 
for your text matcher to make your matcher more 
flexible.

Ignored nodes: comments, script, style
[36m<body>[31m
  [36m<div>[31m
    [36m<div[31m
      [33mclass[31m=[32m"raffle-empty-state"[31m
    [36m>[31m
      [36m<p[31m
        [33mstyle[31m=[32m"color: red;"[31m
      [36m>[31m
        [0mHubo un problema cargando los 
sorteos.[0m
      [36m</p>[31m
      [36m<small>[31m
        [0mfetch failed[0m
      [36m</small>[31m
    [36m</div>[31m
  [36m</div>[31m
[36m</body>[31m

Ignored nodes: comments, script, style
[36m<html>[31m
  [36m<head />[31m
  [36m<body>[31m
    [36m<div>[31m
      [36m<div[31m
        
[33mclass[31m=[32m"raffle-empty-state"[31m
      [36m>[31m
        [36m<p[31m
          [33mstyle[31m=[32m"color: red;"[31m
        [36m>[31m
          [0mHubo un problema cargando los 
sorteos.[0m
        [36m</p>[31m
        [36m<small>[31m
          [0mfetch failed[0m
        [36m</small>[31m
      [36m</div>[31m
    [36m</div>[31m
  [36m</body>[31m
[36m</html>[31m[39m
[90m [2mΓ¥»[22m Proxy.waitForWrapper node_modules
/@testing-library/dom/dist/wait-for.js:[2m163:27[2
2m[39m
[36m [2mΓ¥»[22m 
src/service/raffles.test.jsx:[2m80:13[22m[39m
    [90m 78| [39m      
    [90m 79| [39m      [90m// Esperar a que 
cargue[39m
    [90m 80| [39m      [35mawait[39m 
[34mwaitFor[39m(() [33m=>[39m {
    [90m   | [39m            [31m^[39m
    [90m 81| [39m        [34mexpect[39m(screen[
33m.[39m[34mgetByText[39m([32m'iPhone 15 Pro'[3
9m))[33m.[39m[34mtoBeInTheDocument[39m()[33m;[
39m
    [90m 82| [39m      }[33m,[39m { 
timeout[33m:[39m [34m3000[39m })[33m;[39m

[31m[2mΓÄ»ΓÄ»ΓÄ»ΓÄ»ΓÄ»ΓÄ»ΓÄ»ΓÄ»ΓÄ»ΓÄ»ΓÄ»ΓÄ»ΓÄ»ΓÄ»Γ
Ä»ΓÄ»ΓÄ»ΓÄ»ΓÄ»ΓÄ»ΓÄ»ΓÄ»[13/37]ΓÄ»[22m[39m

[41m[1m FAIL [22m[49m 
src/service/raffles.test.jsx[2m > [22mPruebas 
Autom├íticas - Galer├¡a de Sorteos[2m > 
[22mVisualizaci├│n de loader (spinner) cuando 
est├í cargando[2m > [22mdebe mostrar el spinner 
durante la carga inicial
[31m[1mTestingLibraryElementError[22m: Unable to 
find an element with the text: Cargando sorteos.... 
This could be because the text is broken up by 
multiple elements. In this case, you can provide a 
function for your text matcher to make your matcher 
more flexible.

Ignored nodes: comments, script, style
[36m<body>[31m
  [36m<div>[31m
    [36m<div[31m
      [33mclass[31m=[32m"raffle-loading"[31m
    [36m>[31m
      [36m<div[31m
        [33mclass[31m=[32m"spinner"[31m
      [36m/>[31m
      [36m<p>[31m
        [0mCargando sorteos de la base de 
datos...[0m
      [36m</p>[31m
    [36m</div>[31m
  [36m</div>[31m
[36m</body>[31m[39m
[90m [2mΓ¥»[22m Object.getElementError node_modul
es/@testing-library/dom/dist/config.js:[2m37:19[22
m[39m
[90m [2mΓ¥»[22m node_modules/@testing-library/dom
/dist/query-helpers.js:[2m76:38[22m[39m
[90m [2mΓ¥»[22m node_modules/@testing-library/dom
/dist/query-helpers.js:[2m52:17[22m[39m
[90m [2mΓ¥»[22m node_modules/@testing-library/dom
/dist/query-helpers.js:[2m95:19[22m[39m
[36m [2mΓ¥»[22m 
src/service/raffles.test.jsx:[2m110:21[22m[39m
    [90m108| [39m
    [90m109| [39m      [90m// Verificar spinner 
inicial[39m
    [90m110| [39m      
expect(screen.getByText('Cargando 
sorteos...')).toBeInTheDocumenΓÇª
    [90m   | [39m                    [31m^[39m
    [90m111| [39m
    [90m112| [39m      [90m// Esperar a que 
desaparezca[39m

[31m[2mΓÄ»ΓÄ»ΓÄ»ΓÄ»ΓÄ»ΓÄ»ΓÄ»ΓÄ»ΓÄ»ΓÄ»ΓÄ»ΓÄ»ΓÄ»ΓÄ»Γ
Ä»ΓÄ»ΓÄ»ΓÄ»ΓÄ»ΓÄ»ΓÄ»ΓÄ»[14/37]ΓÄ»[22m[39m

[41m[1m FAIL [22m[49m 
src/service/raffles.test.jsx[2m > [22mPruebas 
Autom├íticas - Galer├¡a de Sorteos[2m > 
[22mVisualizaci├│n de loader (spinner) cuando 
est├í cargando[2m > [22mdebe mostrar el spinner 
durante cada cambio de vista
[31m[1mTestingLibraryElementError[22m: Unable to 
find an accessible element with the role "button" 
and name "Organizador"

Here are the accessible roles:

  paragraph:

  Name "":
  [36m<p />[31m

  --------------------------------------------------

Ignored nodes: comments, script, style
[36m<body>[31m
  [36m<div>[31m
    [36m<div[31m
      [33mclass[31m=[32m"raffle-loading"[31m
    [36m>[31m
      [36m<div[31m
        [33mclass[31m=[32m"spinner"[31m
      [36m/>[31m
      [36m<p>[31m
        [0mCargando sorteos de la base de 
datos...[0m
      [36m</p>[31m
    [36m</div>[31m
  [36m</div>[31m
[36m</body>[31m[39m
[90m [2mΓ¥»[22m Object.getElementError node_modul
es/@testing-library/dom/dist/config.js:[2m37:19[22
m[39m
[90m [2mΓ¥»[22m node_modules/@testing-library/dom
/dist/query-helpers.js:[2m76:38[22m[39m
[90m [2mΓ¥»[22m node_modules/@testing-library/dom
/dist/query-helpers.js:[2m52:17[22m[39m
[90m [2mΓ¥»[22m node_modules/@testing-library/dom
/dist/query-helpers.js:[2m95:19[22m[39m
[36m [2mΓ¥»[22m getBotonOrganizador 
src/service/raffles.test.jsx:[2m44:44[22m[39m
    [90m 42| [39m  // Helper para encontrar 
botones de navegaci├│n (evita conflictos conΓÇª
    [90m 43| [39m  const getBotonVisitante = () 
=> screen.getByRole('button', { name: 'ΓÇª
    [90m 44| [39m  const getBotonOrganizador = () 
=> screen.getByRole('button', { name:ΓÇª
    [90m   | [39m                                 
          [31m^[39m
    [90m 45| [39m
    [90m 46| [39m  // ============================
=====================================ΓÇª
[90m [2mΓ¥»[22m 
src/service/raffles.test.jsx:[2m127:24[22m[39m

[31m[2mΓÄ»ΓÄ»ΓÄ»ΓÄ»ΓÄ»ΓÄ»ΓÄ»ΓÄ»ΓÄ»ΓÄ»ΓÄ»ΓÄ»ΓÄ»ΓÄ»Γ
Ä»ΓÄ»ΓÄ»ΓÄ»ΓÄ»ΓÄ»ΓÄ»ΓÄ»[15/37]ΓÄ»[22m[39m

[41m[1m FAIL [22m[49m 
src/service/raffles.test.jsx[2m > [22mPruebas 
Autom├íticas - Galer├¡a de Sorteos[2m > 
[22mVisualizaci├│n de loader (spinner) cuando 
est├í cargando[2m > [22mel spinner debe tener una 
estructura visible
[31m[1mTestingLibraryElementError[22m: Unable to 
find an element with the text: Cargando sorteos.... 
This could be because the text is broken up by 
multiple elements. In this case, you can provide a 
function for your text matcher to make your matcher 
more flexible.

Ignored nodes: comments, script, style
[36m<body>[31m
  [36m<div>[31m
    [36m<div[31m
      [33mclass[31m=[32m"raffle-loading"[31m
    [36m>[31m
      [36m<div[31m
        [33mclass[31m=[32m"spinner"[31m
      [36m/>[31m
      [36m<p>[31m
        [0mCargando sorteos de la base de 
datos...[0m
      [36m</p>[31m
    [36m</div>[31m
  [36m</div>[31m
[36m</body>[31m[39m
[90m [2mΓ¥»[22m Object.getElementError node_modul
es/@testing-library/dom/dist/config.js:[2m37:19[22
m[39m
[90m [2mΓ¥»[22m node_modules/@testing-library/dom
/dist/query-helpers.js:[2m76:38[22m[39m
[90m [2mΓ¥»[22m node_modules/@testing-library/dom
/dist/query-helpers.js:[2m52:17[22m[39m
[90m [2mΓ¥»[22m node_modules/@testing-library/dom
/dist/query-helpers.js:[2m95:19[22m[39m
[36m [2mΓ¥»[22m 
src/service/raffles.test.jsx:[2m141:21[22m[39m
    [90m139| [39m      [34mrenderWithRouter[39m(
[33m<[39m[33mGaleriaSorteos[39m 
[33m/[39m[33m>[39m)[33m;[39m
    [90m140| [39m
    [90m141| [39m      
expect(screen.getByText('Cargando 
sorteos...')).toBeInTheDocumenΓÇª
    [90m   | [39m                    [31m^[39m
    [90m142| [39m    })[33m;[39m
    [90m143| [39m  })[33m;[39m

[31m[2mΓÄ»ΓÄ»ΓÄ»ΓÄ»ΓÄ»ΓÄ»ΓÄ»ΓÄ»ΓÄ»ΓÄ»ΓÄ»ΓÄ»ΓÄ»ΓÄ»Γ
Ä»ΓÄ»ΓÄ»ΓÄ»ΓÄ»ΓÄ»ΓÄ»ΓÄ»[16/37]ΓÄ»[22m[39m

[41m[1m FAIL [22m[49m 
src/service/raffles.test.jsx[2m > [22mPruebas 
Autom├íticas - Galer├¡a de Sorteos[2m > 
[22mMensaje "No hay sorteos" si la lista est├í 
vac├¡a[2m > [22mdebe mostrar mensaje espec├¡fico 
para organizador cuando no hay sorteos
[31m[1mTestingLibraryElementError[22m: Unable to 
find an element with the text: iPhone 15 Pro. This 
could be because the text is broken up by multiple 
elements. In this case, you can provide a function 
for your text matcher to make your matcher more 
flexible.

Ignored nodes: comments, script, style
[36m<body>[31m
  [36m<div>[31m
    [36m<div[31m
      [33mclass[31m=[32m"raffle-empty-state"[31m
    [36m>[31m
      [36m<p[31m
        [33mstyle[31m=[32m"color: red;"[31m
      [36m>[31m
        [0mHubo un problema cargando los 
sorteos.[0m
      [36m</p>[31m
      [36m<small>[31m
        [0mfetch failed[0m
      [36m</small>[31m
    [36m</div>[31m
  [36m</div>[31m
[36m</body>[31m

Ignored nodes: comments, script, style
[36m<html>[31m
  [36m<head />[31m
  [36m<body>[31m
    [36m<div>[31m
      [36m<div[31m
        
[33mclass[31m=[32m"raffle-empty-state"[31m
      [36m>[31m
        [36m<p[31m
          [33mstyle[31m=[32m"color: red;"[31m
        [36m>[31m
          [0mHubo un problema cargando los 
sorteos.[0m
        [36m</p>[31m
        [36m<small>[31m
          [0mfetch failed[0m
        [36m</small>[31m
      [36m</div>[31m
    [36m</div>[31m
  [36m</body>[31m
[36m</html>[31m[39m
[90m [2mΓ¥»[22m Proxy.waitForWrapper node_modules
/@testing-library/dom/dist/wait-for.js:[2m163:27[2
2m[39m
[36m [2mΓ¥»[22m 
src/service/raffles.test.jsx:[2m153:13[22m[39m
    [90m151| [39m      
    [90m152| [39m      [90m// Esperar carga 
inicial[39m
    [90m153| [39m      [35mawait[39m 
[34mwaitFor[39m(() [33m=>[39m {
    [90m   | [39m            [31m^[39m
    [90m154| [39m        [34mexpect[39m(screen[
33m.[39m[34mgetByText[39m([32m'iPhone 15 Pro'[3
9m))[33m.[39m[34mtoBeInTheDocument[39m()[33m;[
39m
    [90m155| [39m      }[33m,[39m { 
timeout[33m:[39m [34m3000[39m })[33m;[39m

[31m[2mΓÄ»ΓÄ»ΓÄ»ΓÄ»ΓÄ»ΓÄ»ΓÄ»ΓÄ»ΓÄ»ΓÄ»ΓÄ»ΓÄ»ΓÄ»ΓÄ»Γ
Ä»ΓÄ»ΓÄ»ΓÄ»ΓÄ»ΓÄ»ΓÄ»ΓÄ»[17/37]ΓÄ»[22m[39m

[41m[1m FAIL [22m[49m 
src/service/raffles.test.jsx[2m > [22mPruebas 
Autom├íticas - Galer├¡a de Sorteos[2m > 
[22mMensaje "No hay sorteos" si la lista est├í 
vac├¡a[2m > [22mdebe mostrar mensaje diferente 
para visitante vs organizador
[31m[1mTestingLibraryElementError[22m: Unable to 
find an element with the text: iPhone 15 Pro. This 
could be because the text is broken up by multiple 
elements. In this case, you can provide a function 
for your text matcher to make your matcher more 
flexible.

Ignored nodes: comments, script, style
[36m<body>[31m
  [36m<div>[31m
    [36m<div[31m
      [33mclass[31m=[32m"raffle-empty-state"[31m
    [36m>[31m
      [36m<p[31m
        [33mstyle[31m=[32m"color: red;"[31m
      [36m>[31m
        [0mHubo un problema cargando los 
sorteos.[0m
      [36m</p>[31m
      [36m<small>[31m
        [0mfetch failed[0m
      [36m</small>[31m
    [36m</div>[31m
  [36m</div>[31m
[36m</body>[31m

Ignored nodes: comments, script, style
[36m<html>[31m
  [36m<head />[31m
  [36m<body>[31m
    [36m<div>[31m
      [36m<div[31m
        
[33mclass[31m=[32m"raffle-empty-state"[31m
      [36m>[31m
        [36m<p[31m
          [33mstyle[31m=[32m"color: red;"[31m
        [36m>[31m
          [0mHubo un problema cargando los 
sorteos.[0m
        [36m</p>[31m
        [36m<small>[31m
          [0mfetch failed[0m
        [36m</small>[31m
      [36m</div>[31m
    [36m</div>[31m
  [36m</body>[31m
[36m</html>[31m[39m
[90m [2mΓ¥»[22m Proxy.waitForWrapper node_modules
/@testing-library/dom/dist/wait-for.js:[2m163:27[2
2m[39m
[36m [2mΓ¥»[22m 
src/service/raffles.test.jsx:[2m170:13[22m[39m
    [90m168| [39m      
    [90m169| [39m      [90m// Esperar carga 
inicial[39m
    [90m170| [39m      [35mawait[39m 
[34mwaitFor[39m(() [33m=>[39m {
    [90m   | [39m            [31m^[39m
    [90m171| [39m        [34mexpect[39m(screen[
33m.[39m[34mgetByText[39m([32m'iPhone 15 Pro'[3
9m))[33m.[39m[34mtoBeInTheDocument[39m()[33m;[
39m
    [90m172| [39m      }[33m,[39m { 
timeout[33m:[39m [34m3000[39m })[33m;[39m

[31m[2mΓÄ»ΓÄ»ΓÄ»ΓÄ»ΓÄ»ΓÄ»ΓÄ»ΓÄ»ΓÄ»ΓÄ»ΓÄ»ΓÄ»ΓÄ»ΓÄ»Γ
Ä»ΓÄ»ΓÄ»ΓÄ»ΓÄ»ΓÄ»ΓÄ»ΓÄ»[18/37]ΓÄ»[22m[39m

[41m[1m FAIL [22m[49m 
src/service/raffles.test.jsx[2m > [22mPruebas 
Autom├íticas - Galer├¡a de Sorteos[2m > 
[22mMensaje "No hay sorteos" si la lista est├í 
vac├¡a[2m > [22mdebe mostrar bot├│n de acci├│n en 
estado vac├¡o del organizador
[31m[1mTestingLibraryElementError[22m: Unable to 
find an element with the text: iPhone 15 Pro. This 
could be because the text is broken up by multiple 
elements. In this case, you can provide a function 
for your text matcher to make your matcher more 
flexible.

Ignored nodes: comments, script, style
[36m<body>[31m
  [36m<div>[31m
    [36m<div[31m
      [33mclass[31m=[32m"raffle-empty-state"[31m
    [36m>[31m
      [36m<p[31m
        [33mstyle[31m=[32m"color: red;"[31m
      [36m>[31m
        [0mHubo un problema cargando los 
sorteos.[0m
      [36m</p>[31m
      [36m<small>[31m
        [0mfetch failed[0m
      [36m</small>[31m
    [36m</div>[31m
  [36m</div>[31m
[36m</body>[31m

Ignored nodes: comments, script, style
[36m<html>[31m
  [36m<head />[31m
  [36m<body>[31m
    [36m<div>[31m
      [36m<div[31m
        
[33mclass[31m=[32m"raffle-empty-state"[31m
      [36m>[31m
        [36m<p[31m
          [33mstyle[31m=[32m"color: red;"[31m
        [36m>[31m
          [0mHubo un problema cargando los 
sorteos.[0m
        [36m</p>[31m
        [36m<small>[31m
          [0mfetch failed[0m
        [36m</small>[31m
      [36m</div>[31m
    [36m</div>[31m
  [36m</body>[31m
[36m</html>[31m[39m
[90m [2mΓ¥»[22m Proxy.waitForWrapper node_modules
/@testing-library/dom/dist/wait-for.js:[2m163:27[2
2m[39m
[36m [2mΓ¥»[22m 
src/service/raffles.test.jsx:[2m200:13[22m[39m
    [90m198| [39m      
    [90m199| [39m      [90m// Esperar carga 
inicial[39m
    [90m200| [39m      [35mawait[39m 
[34mwaitFor[39m(() [33m=>[39m {
    [90m   | [39m            [31m^[39m
    [90m201| [39m        [34mexpect[39m(screen[
33m.[39m[34mgetByText[39m([32m'iPhone 15 Pro'[3
9m))[33m.[39m[34mtoBeInTheDocument[39m()[33m;[
39m
    [90m202| [39m      }[33m,[39m { 
timeout[33m:[39m [34m3000[39m })[33m;[39m

[31m[2mΓÄ»ΓÄ»ΓÄ»ΓÄ»ΓÄ»ΓÄ»ΓÄ»ΓÄ»ΓÄ»ΓÄ»ΓÄ»ΓÄ»ΓÄ»ΓÄ»Γ
Ä»ΓÄ»ΓÄ»ΓÄ»ΓÄ»ΓÄ»ΓÄ»ΓÄ»[19/37]ΓÄ»[22m[39m

[41m[1m FAIL [22m[49m 
src/service/raffles.test.jsx[2m > [22mPruebas 
Autom├íticas - Galer├¡a de Sorteos[2m > 
[22mComportamiento ante error de API[2m > 
[22mdebe manejar errores sin romper la aplicaci├│n
[31m[1mTestingLibraryElementError[22m: Unable to 
find an accessible element with the role "button" 
and name "Visitante"

Here are the accessible roles:

  paragraph:

  Name "":
  [36m<p />[31m

  --------------------------------------------------

Ignored nodes: comments, script, style
[36m<body>[31m
  [36m<div>[31m
    [36m<div[31m
      [33mclass[31m=[32m"raffle-loading"[31m
    [36m>[31m
      [36m<div[31m
        [33mclass[31m=[32m"spinner"[31m
      [36m/>[31m
      [36m<p>[31m
        [0mCargando sorteos de la base de 
datos...[0m
      [36m</p>[31m
    [36m</div>[31m
  [36m</div>[31m
[36m</body>[31m[39m
[90m [2mΓ¥»[22m Object.getElementError node_modul
es/@testing-library/dom/dist/config.js:[2m37:19[22
m[39m
[90m [2mΓ¥»[22m node_modules/@testing-library/dom
/dist/query-helpers.js:[2m76:38[22m[39m
[90m [2mΓ¥»[22m node_modules/@testing-library/dom
/dist/query-helpers.js:[2m52:17[22m[39m
[90m [2mΓ¥»[22m node_modules/@testing-library/dom
/dist/query-helpers.js:[2m95:19[22m[39m
[36m [2mΓ¥»[22m getBotonVisitante 
src/service/raffles.test.jsx:[2m43:42[22m[39m
    [90m 41| [39m
    [90m 42| [39m  // Helper para encontrar 
botones de navegaci├│n (evita conflictos conΓÇª
    [90m 43| [39m  const getBotonVisitante = () 
=> screen.getByRole('button', { name: 'ΓÇª
    [90m   | [39m                                 
        [31m^[39m
    [90m 44| [39m  const getBotonOrganizador = () 
=> screen.getByRole('button', { name:ΓÇª
    [90m 45| [39m
[90m [2mΓ¥»[22m 
src/service/raffles.test.jsx:[2m229:14[22m[39m

[31m[2mΓÄ»ΓÄ»ΓÄ»ΓÄ»ΓÄ»ΓÄ»ΓÄ»ΓÄ»ΓÄ»ΓÄ»ΓÄ»ΓÄ»ΓÄ»ΓÄ»Γ
Ä»ΓÄ»ΓÄ»ΓÄ»ΓÄ»ΓÄ»ΓÄ»ΓÄ»[20/37]ΓÄ»[22m[39m

[41m[1m FAIL [22m[49m 
src/service/raffles.test.jsx[2m > [22mPruebas 
Autom├íticas - Galer├¡a de Sorteos[2m > 
[22mComportamiento ante error de API[2m > 
[22mdebe ser resiliente y mostrar interfaz usable
[31m[1mTestingLibraryElementError[22m: Unable to 
find role="button" and name "Visitante"

Ignored nodes: comments, script, style
[36m<body>[31m
  [36m<div>[31m
    [36m<div[31m
      [33mclass[31m=[32m"raffle-empty-state"[31m
    [36m>[31m
      [36m<p[31m
        [33mstyle[31m=[32m"color: red;"[31m
      [36m>[31m
        [0mHubo un problema cargando los 
sorteos.[0m
      [36m</p>[31m
      [36m<small>[31m
        [0mfetch failed[0m
      [36m</small>[31m
    [36m</div>[31m
  [36m</div>[31m
[36m</body>[31m

Ignored nodes: comments, script, style
[36m<html>[31m
  [36m<head />[31m
  [36m<body>[31m
    [36m<div>[31m
      [36m<div[31m
        
[33mclass[31m=[32m"raffle-empty-state"[31m
      [36m>[31m
        [36m<p[31m
          [33mstyle[31m=[32m"color: red;"[31m
        [36m>[31m
          [0mHubo un problema cargando los 
sorteos.[0m
        [36m</p>[31m
        [36m<small>[31m
          [0mfetch failed[0m
        [36m</small>[31m
      [36m</div>[31m
    [36m</div>[31m
  [36m</body>[31m
[36m</html>[31m[39m
[90m [2mΓ¥»[22m Proxy.waitForWrapper node_modules
/@testing-library/dom/dist/wait-for.js:[2m163:27[2
2m[39m
[36m [2mΓ¥»[22m 
src/service/raffles.test.jsx:[2m237:13[22m[39m
    [90m235| [39m      
    [90m236| [39m      [90m// Esperar carga[39m
    [90m237| [39m      [35mawait[39m 
[34mwaitFor[39m(() [33m=>[39m {
    [90m   | [39m            [31m^[39m
    [90m238| [39m        const tieneSorteos = 
screen.queryByText('iPhone 15 Pro') !== nΓÇª
    [90m239| [39m        [35mconst[39m 
tieneNavegacion [33m=[39m 
[34mgetBotonVisitante[39m() [33m!==[39m 
[35mnull[39m[33m;[39m

[31m[2mΓÄ»ΓÄ»ΓÄ»ΓÄ»ΓÄ»ΓÄ»ΓÄ»ΓÄ»ΓÄ»ΓÄ»ΓÄ»ΓÄ»ΓÄ»ΓÄ»Γ
Ä»ΓÄ»ΓÄ»ΓÄ»ΓÄ»ΓÄ»ΓÄ»ΓÄ»[21/37]ΓÄ»[22m[39m

[41m[1m FAIL [22m[49m 
src/service/raffles.test.jsx[2m > [22mPruebas 
Autom├íticas - Galer├¡a de Sorteos[2m > 
[22mPaginaci├│n activa[2m > [22mdebe tener 
navegaci├│n activa entre vistas
[31m[1mTestingLibraryElementError[22m: Unable to 
find an element with the text: iPhone 15 Pro. This 
could be because the text is broken up by multiple 
elements. In this case, you can provide a function 
for your text matcher to make your matcher more 
flexible.

Ignored nodes: comments, script, style
[36m<body>[31m
  [36m<div>[31m
    [36m<div[31m
      [33mclass[31m=[32m"raffle-empty-state"[31m
    [36m>[31m
      [36m<p[31m
        [33mstyle[31m=[32m"color: red;"[31m
      [36m>[31m
        [0mHubo un problema cargando los 
sorteos.[0m
      [36m</p>[31m
      [36m<small>[31m
        [0mfetch failed[0m
      [36m</small>[31m
    [36m</div>[31m
  [36m</div>[31m
[36m</body>[31m

Ignored nodes: comments, script, style
[36m<html>[31m
  [36m<head />[31m
  [36m<body>[31m
    [36m<div>[31m
      [36m<div[31m
        
[33mclass[31m=[32m"raffle-empty-state"[31m
      [36m>[31m
        [36m<p[31m
          [33mstyle[31m=[32m"color: red;"[31m
        [36m>[31m
          [0mHubo un problema cargando los 
sorteos.[0m
        [36m</p>[31m
        [36m<small>[31m
          [0mfetch failed[0m
        [36m</small>[31m
      [36m</div>[31m
    [36m</div>[31m
  [36m</body>[31m
[36m</html>[31m[39m
[90m [2mΓ¥»[22m Proxy.waitForWrapper node_modules
/@testing-library/dom/dist/wait-for.js:[2m163:27[2
2m[39m
[36m [2mΓ¥»[22m 
src/service/raffles.test.jsx:[2m253:13[22m[39m
    [90m251| [39m      
    [90m252| [39m      [90m// Esperar carga 
inicial[39m
    [90m253| [39m      [35mawait[39m 
[34mwaitFor[39m(() [33m=>[39m {
    [90m   | [39m            [31m^[39m
    [90m254| [39m        [34mexpect[39m(screen[
33m.[39m[34mgetByText[39m([32m'iPhone 15 Pro'[3
9m))[33m.[39m[34mtoBeInTheDocument[39m()[33m;[
39m
    [90m255| [39m      }[33m,[39m { 
timeout[33m:[39m [34m3000[39m })[33m;[39m

[31m[2mΓÄ»ΓÄ»ΓÄ»ΓÄ»ΓÄ»ΓÄ»ΓÄ»ΓÄ»ΓÄ»ΓÄ»ΓÄ»ΓÄ»ΓÄ»ΓÄ»Γ
Ä»ΓÄ»ΓÄ»ΓÄ»ΓÄ»ΓÄ»ΓÄ»ΓÄ»[22/37]ΓÄ»[22m[39m

[41m[1m FAIL [22m[49m 
src/service/raffles.test.jsx[2m > [22mPruebas 
Autom├íticas - Galer├¡a de Sorteos[2m > 
[22mPaginaci├│n activa[2m > [22mdebe mantener el 
estado de navegaci├│n consistente
[31m[1mTestingLibraryElementError[22m: Unable to 
find an element with the text: iPhone 15 Pro. This 
could be because the text is broken up by multiple 
elements. In this case, you can provide a function 
for your text matcher to make your matcher more 
flexible.

Ignored nodes: comments, script, style
[36m<body>[31m
  [36m<div>[31m
    [36m<div[31m
      [33mclass[31m=[32m"raffle-empty-state"[31m
    [36m>[31m
      [36m<p[31m
        [33mstyle[31m=[32m"color: red;"[31m
      [36m>[31m
        [0mHubo un problema cargando los 
sorteos.[0m
      [36m</p>[31m
      [36m<small>[31m
        [0mfetch failed[0m
      [36m</small>[31m
    [36m</div>[31m
  [36m</div>[31m
[36m</body>[31m

Ignored nodes: comments, script, style
[36m<html>[31m
  [36m<head />[31m
  [36m<body>[31m
    [36m<div>[31m
      [36m<div[31m
        
[33mclass[31m=[32m"raffle-empty-state"[31m
      [36m>[31m
        [36m<p[31m
          [33mstyle[31m=[32m"color: red;"[31m
        [36m>[31m
          [0mHubo un problema cargando los 
sorteos.[0m
        [36m</p>[31m
        [36m<small>[31m
          [0mfetch failed[0m
        [36m</small>[31m
      [36m</div>[31m
    [36m</div>[31m
  [36m</body>[31m
[36m</html>[31m[39m
[90m [2mΓ¥»[22m Proxy.waitForWrapper node_modules
/@testing-library/dom/dist/wait-for.js:[2m163:27[2
2m[39m
[36m [2mΓ¥»[22m 
src/service/raffles.test.jsx:[2m277:13[22m[39m
    [90m275| [39m      
    [90m276| [39m      [90m// Esperar carga 
inicial[39m
    [90m277| [39m      [35mawait[39m 
[34mwaitFor[39m(() [33m=>[39m {
    [90m   | [39m            [31m^[39m
    [90m278| [39m        [34mexpect[39m(screen[
33m.[39m[34mgetByText[39m([32m'iPhone 15 Pro'[3
9m))[33m.[39m[34mtoBeInTheDocument[39m()[33m;[
39m
    [90m279| [39m      }[33m,[39m { 
timeout[33m:[39m [34m3000[39m })[33m;[39m

[31m[2mΓÄ»ΓÄ»ΓÄ»ΓÄ»ΓÄ»ΓÄ»ΓÄ»ΓÄ»ΓÄ»ΓÄ»ΓÄ»ΓÄ»ΓÄ»ΓÄ»Γ
Ä»ΓÄ»ΓÄ»ΓÄ»ΓÄ»ΓÄ»ΓÄ»ΓÄ»[23/37]ΓÄ»[22m[39m

[41m[1m FAIL [22m[49m 
src/service/raffles.test.jsx[2m > [22mPruebas 
Autom├íticas - Galer├¡a de Sorteos[2m > 
[22mPruebas de integraci├│n completa[2m > 
[22mdebe completar el flujo completo: carga -> 
muestra -> cambia vista -> estado vac├¡o
[31m[1mTestingLibraryElementError[22m: Unable to 
find an element with the text: Cargando sorteos.... 
This could be because the text is broken up by 
multiple elements. In this case, you can provide a 
function for your text matcher to make your matcher 
more flexible.

Ignored nodes: comments, script, style
[36m<body>[31m
  [36m<div>[31m
    [36m<div[31m
      [33mclass[31m=[32m"raffle-loading"[31m
    [36m>[31m
      [36m<div[31m
        [33mclass[31m=[32m"spinner"[31m
      [36m/>[31m
      [36m<p>[31m
        [0mCargando sorteos de la base de 
datos...[0m
      [36m</p>[31m
    [36m</div>[31m
  [36m</div>[31m
[36m</body>[31m[39m
[90m [2mΓ¥»[22m Object.getElementError node_modul
es/@testing-library/dom/dist/config.js:[2m37:19[22
m[39m
[90m [2mΓ¥»[22m node_modules/@testing-library/dom
/dist/query-helpers.js:[2m76:38[22m[39m
[90m [2mΓ¥»[22m node_modules/@testing-library/dom
/dist/query-helpers.js:[2m52:17[22m[39m
[90m [2mΓ¥»[22m node_modules/@testing-library/dom
/dist/query-helpers.js:[2m95:19[22m[39m
[36m [2mΓ¥»[22m 
src/service/raffles.test.jsx:[2m311:21[22m[39m
    [90m309| [39m
    [90m310| [39m      [90m// 1. Verificar carga 
inicial[39m
    [90m311| [39m      
expect(screen.getByText('Cargando 
sorteos...')).toBeInTheDocumenΓÇª
    [90m   | [39m                    [31m^[39m
    [90m312| [39m      
    [90m313| [39m      [90m// 2. Verificar 
muestra de sorteos[39m

[31m[2mΓÄ»ΓÄ»ΓÄ»ΓÄ»ΓÄ»ΓÄ»ΓÄ»ΓÄ»ΓÄ»ΓÄ»ΓÄ»ΓÄ»ΓÄ»ΓÄ»Γ
Ä»ΓÄ»ΓÄ»ΓÄ»ΓÄ»ΓÄ»ΓÄ»ΓÄ»[24/37]ΓÄ»[22m[39m

[41m[1m FAIL [22m[49m 
src/service/raffles.test.jsx[2m > [22mPruebas 
Autom├íticas - Galer├¡a de Sorteos[2m > 
[22mPruebas de integraci├│n completa[2m > 
[22mdebe manejar correctamente el ciclo de vida 
del componente
[31m[1mTestingLibraryElementError[22m: Unable to 
find an element with the text: Cargando sorteos.... 
This could be because the text is broken up by 
multiple elements. In this case, you can provide a 
function for your text matcher to make your matcher 
more flexible.

Ignored nodes: comments, script, style
[36m<body>[31m
  [36m<div>[31m
    [36m<div[31m
      [33mclass[31m=[32m"raffle-loading"[31m
    [36m>[31m
      [36m<div[31m
        [33mclass[31m=[32m"spinner"[31m
      [36m/>[31m
      [36m<p>[31m
        [0mCargando sorteos de la base de 
datos...[0m
      [36m</p>[31m
    [36m</div>[31m
  [36m</div>[31m
[36m</body>[31m[39m
[90m [2mΓ¥»[22m Object.getElementError node_modul
es/@testing-library/dom/dist/config.js:[2m37:19[22
m[39m
[90m [2mΓ¥»[22m node_modules/@testing-library/dom
/dist/query-helpers.js:[2m76:38[22m[39m
[90m [2mΓ¥»[22m node_modules/@testing-library/dom
/dist/query-helpers.js:[2m52:17[22m[39m
[90m [2mΓ¥»[22m node_modules/@testing-library/dom
/dist/query-helpers.js:[2m95:19[22m[39m
[36m [2mΓ¥»[22m 
src/service/raffles.test.jsx:[2m335:21[22m[39m
    [90m333| [39m
    [90m334| [39m      [90m// Verificar que se 
monta correctamente[39m
    [90m335| [39m      
expect(screen.getByText('Cargando 
sorteos...')).toBeInTheDocumenΓÇª
    [90m   | [39m                    [31m^[39m
    [90m336| [39m
    [90m337| [39m      [90m// Esperar carga[39m

[31m[2mΓÄ»ΓÄ»ΓÄ»ΓÄ»ΓÄ»ΓÄ»ΓÄ»ΓÄ»ΓÄ»ΓÄ»ΓÄ»ΓÄ»ΓÄ»ΓÄ»Γ
Ä»ΓÄ»ΓÄ»ΓÄ»ΓÄ»ΓÄ»ΓÄ»ΓÄ»[25/37]ΓÄ»[22m[39m

[41m[1m FAIL [22m[49m 
src/service/raffles.test.jsx[2m > [22mPruebas 
Autom├íticas - Galer├¡a de Sorteos[2m > 
[22mContenido y textos espec├¡ficos[2m > 
[22mdebe mostrar los t├¡tulos correctos seg├║n la 
vista
[31m[1mTestingLibraryElementError[22m: Unable to 
find an element with the text: Nuestros Sorteos 
Activos. This could be because the text is broken 
up by multiple elements. In this case, you can 
provide a function for your text matcher to make 
your matcher more flexible.

Ignored nodes: comments, script, style
[36m<body>[31m
  [36m<div>[31m
    [36m<div[31m
      [33mclass[31m=[32m"raffle-empty-state"[31m
    [36m>[31m
      [36m<p[31m
        [33mstyle[31m=[32m"color: red;"[31m
      [36m>[31m
        [0mHubo un problema cargando los 
sorteos.[0m
      [36m</p>[31m
      [36m<small>[31m
        [0mfetch failed[0m
      [36m</small>[31m
    [36m</div>[31m
  [36m</div>[31m
[36m</body>[31m

Ignored nodes: comments, script, style
[36m<html>[31m
  [36m<head />[31m
  [36m<body>[31m
    [36m<div>[31m
      [36m<div[31m
        
[33mclass[31m=[32m"raffle-empty-state"[31m
      [36m>[31m
        [36m<p[31m
          [33mstyle[31m=[32m"color: red;"[31m
        [36m>[31m
          [0mHubo un problema cargando los 
sorteos.[0m
        [36m</p>[31m
        [36m<small>[31m
          [0mfetch failed[0m
        [36m</small>[31m
      [36m</div>[31m
    [36m</div>[31m
  [36m</body>[31m
[36m</html>[31m[39m
[90m [2mΓ¥»[22m Proxy.waitForWrapper node_modules
/@testing-library/dom/dist/wait-for.js:[2m163:27[2
2m[39m
[36m [2mΓ¥»[22m 
src/service/raffles.test.jsx:[2m355:13[22m[39m
    [90m353| [39m      
    [90m354| [39m      [90m// Esperar carga 
inicial[39m
    [90m355| [39m      [35mawait[39m 
[34mwaitFor[39m(() [33m=>[39m {
    [90m   | [39m            [31m^[39m
    [90m356| [39m        
expect(screen.getByText('Nuestros Sorteos 
Activos')).toBeInTheΓÇª
    [90m357| [39m      }[33m,[39m { 
timeout[33m:[39m [34m3000[39m })[33m;[39m

[31m[2mΓÄ»ΓÄ»ΓÄ»ΓÄ»ΓÄ»ΓÄ»ΓÄ»ΓÄ»ΓÄ»ΓÄ»ΓÄ»ΓÄ»ΓÄ»ΓÄ»Γ
Ä»ΓÄ»ΓÄ»ΓÄ»ΓÄ»ΓÄ»ΓÄ»ΓÄ»[26/37]ΓÄ»[22m[39m

[41m[1m FAIL [22m[49m 
src/service/raffles.test.jsx[2m > [22mPruebas 
Autom├íticas - Galer├¡a de Sorteos[2m > 
[22mContenido y textos espec├¡ficos[2m > 
[22mdebe mostrar t├¡tulos de galer├¡a solo cuando 
hay sorteos
[31m[1mTestingLibraryElementError[22m: Unable to 
find an element with the text: Nuestros Sorteos 
Activos. This could be because the text is broken 
up by multiple elements. In this case, you can 
provide a function for your text matcher to make 
your matcher more flexible.

Ignored nodes: comments, script, style
[36m<body>[31m
  [36m<div>[31m
    [36m<div[31m
      [33mclass[31m=[32m"raffle-empty-state"[31m
    [36m>[31m
      [36m<p[31m
        [33mstyle[31m=[32m"color: red;"[31m
      [36m>[31m
        [0mHubo un problema cargando los 
sorteos.[0m
      [36m</p>[31m
      [36m<small>[31m
        [0mfetch failed[0m
      [36m</small>[31m
    [36m</div>[31m
  [36m</div>[31m
[36m</body>[31m

Ignored nodes: comments, script, style
[36m<html>[31m
  [36m<head />[31m
  [36m<body>[31m
    [36m<div>[31m
      [36m<div[31m
        
[33mclass[31m=[32m"raffle-empty-state"[31m
      [36m>[31m
        [36m<p[31m
          [33mstyle[31m=[32m"color: red;"[31m
        [36m>[31m
          [0mHubo un problema cargando los 
sorteos.[0m
        [36m</p>[31m
        [36m<small>[31m
          [0mfetch failed[0m
        [36m</small>[31m
      [36m</div>[31m
    [36m</div>[31m
  [36m</body>[31m
[36m</html>[31m[39m
[90m [2mΓ¥»[22m Proxy.waitForWrapper node_modules
/@testing-library/dom/dist/wait-for.js:[2m163:27[2
2m[39m
[36m [2mΓ¥»[22m 
src/service/raffles.test.jsx:[2m381:13[22m[39m
    [90m379| [39m      
    [90m380| [39m      [90m// En visitante (con 
sorteos) deber├¡a mostrar t├¡tulos[39m
    [90m381| [39m      [35mawait[39m 
[34mwaitFor[39m(() [33m=>[39m {
    [90m   | [39m            [31m^[39m
    [90m382| [39m        
expect(screen.getByText('Nuestros Sorteos 
Activos')).toBeInTheΓÇª
    [90m383| [39m      }[33m,[39m { 
timeout[33m:[39m [34m3000[39m })[33m;[39m

[31m[2mΓÄ»ΓÄ»ΓÄ»ΓÄ»ΓÄ»ΓÄ»ΓÄ»ΓÄ»ΓÄ»ΓÄ»ΓÄ»ΓÄ»ΓÄ»ΓÄ»Γ
Ä»ΓÄ»ΓÄ»ΓÄ»ΓÄ»ΓÄ»ΓÄ»ΓÄ»[27/37]ΓÄ»[22m[39m

[41m[1m FAIL [22m[49m 
src/service/RegisterForm.test.jsx[2m > 
[22mPRUEBAS FORMULARIO REGISTRO - 5 Puntos 
Clave[2m > [22m1. Rendering de formulario 
completo[2m > [22mdebe renderizar todos los 
campos del formulario correctamente
[31m[1mError[22m: [vitest] No "BrowserRouter" 
export is defined on the "react-router-dom" mock. 
Did you forget to return it from "vi.mock"?
If you need to partially mock a module, you can use 
"importOriginal" helper inside:
[39m
vi.mock(import("react-router-dom"), async 
(importOriginal) => {
  const actual = await importOriginal()
  return {
    ...actual,
    // your mocked methods
  }
})

[36m [2mΓ¥»[22m src/service/RegisterForm.test.jsx
:[2m49:10[22m[39m
    [90m 47| [39m    test('debe renderizar todos 
los campos del formulario correctamentΓÇª
    [90m 48| [39m      [34mrender[39m(
    [90m 49| [39m        
[33m<[39m[33mBrowserRouter[39m[33m>[39m
    [90m   | [39m         [31m^[39m
    [90m 50| [39m          
[33m<[39m[33mRegistroUsuario[39m 
[33m/[39m[33m>[39m
    [90m 51| [39m        [33m<[39m[33m/[39m[3
3mBrowserRouter[39m[33m>[39m

[31m[2mΓÄ»ΓÄ»ΓÄ»ΓÄ»ΓÄ»ΓÄ»ΓÄ»ΓÄ»ΓÄ»ΓÄ»ΓÄ»ΓÄ»ΓÄ»ΓÄ»Γ
Ä»ΓÄ»ΓÄ»ΓÄ»ΓÄ»ΓÄ»ΓÄ»ΓÄ»[28/37]ΓÄ»[22m[39m

[41m[1m FAIL [22m[49m 
src/service/RegisterForm.test.jsx[2m > 
[22mPRUEBAS FORMULARIO REGISTRO - 5 Puntos 
Clave[2m > [22m1. Rendering de formulario 
completo[2m > [22mdebe mostrar valores iniciales 
correctos en todos los campos
[31m[1mError[22m: [vitest] No "BrowserRouter" 
export is defined on the "react-router-dom" mock. 
Did you forget to return it from "vi.mock"?
If you need to partially mock a module, you can use 
"importOriginal" helper inside:
[39m
vi.mock(import("react-router-dom"), async 
(importOriginal) => {
  const actual = await importOriginal()
  return {
    ...actual,
    // your mocked methods
  }
})

[36m [2mΓ¥»[22m src/service/RegisterForm.test.jsx
:[2m74:10[22m[39m
    [90m 72| [39m    test('debe mostrar valores 
iniciales correctos en todos los camposΓÇª
    [90m 73| [39m      [34mrender[39m(
    [90m 74| [39m        
[33m<[39m[33mBrowserRouter[39m[33m>[39m
    [90m   | [39m         [31m^[39m
    [90m 75| [39m          
[33m<[39m[33mRegistroUsuario[39m 
[33m/[39m[33m>[39m
    [90m 76| [39m        [33m<[39m[33m/[39m[3
3mBrowserRouter[39m[33m>[39m

[31m[2mΓÄ»ΓÄ»ΓÄ»ΓÄ»ΓÄ»ΓÄ»ΓÄ»ΓÄ»ΓÄ»ΓÄ»ΓÄ»ΓÄ»ΓÄ»ΓÄ»Γ
Ä»ΓÄ»ΓÄ»ΓÄ»ΓÄ»ΓÄ»ΓÄ»ΓÄ»[29/37]ΓÄ»[22m[39m

[41m[1m FAIL [22m[49m 
src/service/RegisterForm.test.jsx[2m > 
[22mPRUEBAS FORMULARIO REGISTRO - 5 Puntos 
Clave[2m > [22m2. Env├¡o exitoso de datos 
v├ílidos[2m > [22mdebe mostrar mensaje de ├⌐xito 
cuando el registro es exitoso
[31m[1mError[22m: [vitest] No "BrowserRouter" 
export is defined on the "react-router-dom" mock. 
Did you forget to return it from "vi.mock"?
If you need to partially mock a module, you can use 
"importOriginal" helper inside:
[39m
vi.mock(import("react-router-dom"), async 
(importOriginal) => {
  const actual = await importOriginal()
  return {
    ...actual,
    // your mocked methods
  }
})

[36m [2mΓ¥»[22m src/service/RegisterForm.test.jsx
:[2m101:10[22m[39m
    [90m 99| [39m
    [90m100| [39m      [34mrender[39m(
    [90m101| [39m        
[33m<[39m[33mBrowserRouter[39m[33m>[39m
    [90m   | [39m         [31m^[39m
    [90m102| [39m          
[33m<[39m[33mRegistroUsuario[39m 
[33m/[39m[33m>[39m
    [90m103| [39m        [33m<[39m[33m/[39m[3
3mBrowserRouter[39m[33m>[39m

[31m[2mΓÄ»ΓÄ»ΓÄ»ΓÄ»ΓÄ»ΓÄ»ΓÄ»ΓÄ»ΓÄ»ΓÄ»ΓÄ»ΓÄ»ΓÄ»ΓÄ»Γ
Ä»ΓÄ»ΓÄ»ΓÄ»ΓÄ»ΓÄ»ΓÄ»ΓÄ»[30/37]ΓÄ»[22m[39m

[41m[1m FAIL [22m[49m 
src/service/RegisterForm.test.jsx[2m > 
[22mPRUEBAS FORMULARIO REGISTRO - 5 Puntos 
Clave[2m > [22m3. Validaciones en campo[2m > 
[22mdebe validar que las contrase├▒as coincidan 
antes del env├¡o
[31m[1mError[22m: [vitest] No "BrowserRouter" 
export is defined on the "react-router-dom" mock. 
Did you forget to return it from "vi.mock"?
If you need to partially mock a module, you can use 
"importOriginal" helper inside:
[39m
vi.mock(import("react-router-dom"), async 
(importOriginal) => {
  const actual = await importOriginal()
  return {
    ...actual,
    // your mocked methods
  }
})

[36m [2mΓ¥»[22m src/service/RegisterForm.test.jsx
:[2m160:10[22m[39m
    [90m158| [39m    test('debe validar que las 
contrase├▒as coincidan antes del env├¡o',ΓÇª
    [90m159| [39m      [34mrender[39m(
    [90m160| [39m        
[33m<[39m[33mBrowserRouter[39m[33m>[39m
    [90m   | [39m         [31m^[39m
    [90m161| [39m          
[33m<[39m[33mRegistroUsuario[39m 
[33m/[39m[33m>[39m
    [90m162| [39m        [33m<[39m[33m/[39m[3
3mBrowserRouter[39m[33m>[39m

[31m[2mΓÄ»ΓÄ»ΓÄ»ΓÄ»ΓÄ»ΓÄ»ΓÄ»ΓÄ»ΓÄ»ΓÄ»ΓÄ»ΓÄ»ΓÄ»ΓÄ»Γ
Ä»ΓÄ»ΓÄ»ΓÄ»ΓÄ»ΓÄ»ΓÄ»ΓÄ»[31/37]ΓÄ»[22m[39m

[41m[1m FAIL [22m[49m 
src/service/RegisterForm.test.jsx[2m > 
[22mPRUEBAS FORMULARIO REGISTRO - 5 Puntos 
Clave[2m > [22m3. Validaciones en campo[2m > 
[22mdebe permitir env├¡o cuando las contrase├▒as 
coinciden
[31m[1mError[22m: [vitest] No "BrowserRouter" 
export is defined on the "react-router-dom" mock. 
Did you forget to return it from "vi.mock"?
If you need to partially mock a module, you can use 
"importOriginal" helper inside:
[39m
vi.mock(import("react-router-dom"), async 
(importOriginal) => {
  const actual = await importOriginal()
  return {
    ...actual,
    // your mocked methods
  }
})

[36m [2mΓ¥»[22m src/service/RegisterForm.test.jsx
:[2m201:10[22m[39m
    [90m199| [39m
    [90m200| [39m      [34mrender[39m(
    [90m201| [39m        
[33m<[39m[33mBrowserRouter[39m[33m>[39m
    [90m   | [39m         [31m^[39m
    [90m202| [39m          
[33m<[39m[33mRegistroUsuario[39m 
[33m/[39m[33m>[39m
    [90m203| [39m        [33m<[39m[33m/[39m[3
3mBrowserRouter[39m[33m>[39m

[31m[2mΓÄ»ΓÄ»ΓÄ»ΓÄ»ΓÄ»ΓÄ»ΓÄ»ΓÄ»ΓÄ»ΓÄ»ΓÄ»ΓÄ»ΓÄ»ΓÄ»Γ
Ä»ΓÄ»ΓÄ»ΓÄ»ΓÄ»ΓÄ»ΓÄ»ΓÄ»[32/37]ΓÄ»[22m[39m

[41m[1m FAIL [22m[49m 
src/service/RegisterForm.test.jsx[2m > 
[22mPRUEBAS FORMULARIO REGISTRO - 5 Puntos 
Clave[2m > [22m4. Mensaje de error si email ya 
existe[2m > [22mdebe mostrar mensaje espec├¡fico 
cuando el email ya est├í registrado
[31m[1mError[22m: [vitest] No "BrowserRouter" 
export is defined on the "react-router-dom" mock. 
Did you forget to return it from "vi.mock"?
If you need to partially mock a module, you can use 
"importOriginal" helper inside:
[39m
vi.mock(import("react-router-dom"), async 
(importOriginal) => {
  const actual = await importOriginal()
  return {
    ...actual,
    // your mocked methods
  }
})

[36m [2mΓ¥»[22m src/service/RegisterForm.test.jsx
:[2m246:10[22m[39m
    [90m244| [39m
    [90m245| [39m      [34mrender[39m(
    [90m246| [39m        
[33m<[39m[33mBrowserRouter[39m[33m>[39m
    [90m   | [39m         [31m^[39m
    [90m247| [39m          
[33m<[39m[33mRegistroUsuario[39m 
[33m/[39m[33m>[39m
    [90m248| [39m        [33m<[39m[33m/[39m[3
3mBrowserRouter[39m[33m>[39m

[2m Test Files [22m [1m[31m5 failed[39m[22m[2m | [22m[1m[32m2 passed[39m[22m[90m (7)[39m
[2m      Tests [22m [1m[31m36 failed[39m[22m[2m | [22m[1m[32m10 passed[39m[22m[90m (46)[39m
[2m   Start at [22m 23:13:44
[2m   Duration [22m 30.29s[2m (transform 1.30s, setup 3.21s, collect 2.32s, tests 34.05s, environment 10.93s, prepare 183ms)[22m


[31m[2mΓÄ»ΓÄ»ΓÄ»ΓÄ»ΓÄ»ΓÄ»ΓÄ»ΓÄ»ΓÄ»ΓÄ»ΓÄ»ΓÄ»ΓÄ»ΓÄ»Γ
Ä»ΓÄ»ΓÄ»ΓÄ»ΓÄ»ΓÄ»ΓÄ»ΓÄ»[33/37]ΓÄ»[22m[39m

[41m[1m FAIL [22m[49m 
src/service/RegisterForm.test.jsx[2m > 
[22mPRUEBAS FORMULARIO REGISTRO - 5 Puntos 
Clave[2m > [22m4. Mensaje de error si email ya 
existe[2m > [22mdebe mantener los datos del 
formulario despu├⌐s de un error de email
[31m[1mError[22m: [vitest] No "BrowserRouter" 
export is defined on the "react-router-dom" mock. 
Did you forget to return it from "vi.mock"?
If you need to partially mock a module, you can use 
"importOriginal" helper inside:
[39m
vi.mock(import("react-router-dom"), async 
(importOriginal) => {
  const actual = await importOriginal()
  return {
    ...actual,
    // your mocked methods
  }
})

[36m [2mΓ¥»[22m src/service/RegisterForm.test.jsx
:[2m285:10[22m[39m
    [90m283| [39m
    [90m284| [39m      [34mrender[39m(
    [90m285| [39m        
[33m<[39m[33mBrowserRouter[39m[33m>[39m
    [90m   | [39m         [31m^[39m
    [90m286| [39m          
[33m<[39m[33mRegistroUsuario[39m 
[33m/[39m[33m>[39m
    [90m287| [39m        [33m<[39m[33m/[39m[3
3mBrowserRouter[39m[33m>[39m

[31m[2mΓÄ»ΓÄ»ΓÄ»ΓÄ»ΓÄ»ΓÄ»ΓÄ»ΓÄ»ΓÄ»ΓÄ»ΓÄ»ΓÄ»ΓÄ»ΓÄ»Γ
Ä»ΓÄ»ΓÄ»ΓÄ»ΓÄ»ΓÄ»ΓÄ»ΓÄ»[34/37]ΓÄ»[22m[39m

[41m[1m FAIL [22m[49m 
src/service/RegisterForm.test.jsx[2m > 
[22mPRUEBAS FORMULARIO REGISTRO - 5 Puntos 
Clave[2m > [22m5. Campos vac├¡os disparan errores 
visuales[2m > [22mdebe mostrar que los campos 
requeridos son obligatorios
[31m[1mError[22m: [vitest] No "BrowserRouter" 
export is defined on the "react-router-dom" mock. 
Did you forget to return it from "vi.mock"?
If you need to partially mock a module, you can use 
"importOriginal" helper inside:
[39m
vi.mock(import("react-router-dom"), async 
(importOriginal) => {
  const actual = await importOriginal()
  return {
    ...actual,
    // your mocked methods
  }
})

[36m [2mΓ¥»[22m src/service/RegisterForm.test.jsx
:[2m325:10[22m[39m
    [90m323| [39m    test('debe mostrar que los 
campos requeridos son obligatorios', ()ΓÇª
    [90m324| [39m      [34mrender[39m(
    [90m325| [39m        
[33m<[39m[33mBrowserRouter[39m[33m>[39m
    [90m   | [39m         [31m^[39m
    [90m326| [39m          
[33m<[39m[33mRegistroUsuario[39m 
[33m/[39m[33m>[39m
    [90m327| [39m        [33m<[39m[33m/[39m[3
3mBrowserRouter[39m[33m>[39m

[31m[2mΓÄ»ΓÄ»ΓÄ»ΓÄ»ΓÄ»ΓÄ»ΓÄ»ΓÄ»ΓÄ»ΓÄ»ΓÄ»ΓÄ»ΓÄ»ΓÄ»Γ
Ä»ΓÄ»ΓÄ»ΓÄ»ΓÄ»ΓÄ»ΓÄ»ΓÄ»[35/37]ΓÄ»[22m[39m

[41m[1m FAIL [22m[49m 
src/service/RegisterForm.test.jsx[2m > 
[22mPRUEBAS FORMULARIO REGISTRO - 5 Puntos 
Clave[2m > [22m5. Campos vac├¡os disparan errores 
visuales[2m > [22mdebe permitir apellido materno 
vac├¡o (campo opcional)
[31m[1mError[22m: [vitest] No "BrowserRouter" 
export is defined on the "react-router-dom" mock. 
Did you forget to return it from "vi.mock"?
If you need to partially mock a module, you can use 
"importOriginal" helper inside:
[39m
vi.mock(import("react-router-dom"), async 
(importOriginal) => {
  const actual = await importOriginal()
  return {
    ...actual,
    // your mocked methods
  }
})

[36m [2mΓ¥»[22m src/service/RegisterForm.test.jsx
:[2m346:10[22m[39m
    [90m344| [39m
    [90m345| [39m      [34mrender[39m(
    [90m346| [39m        
[33m<[39m[33mBrowserRouter[39m[33m>[39m
    [90m   | [39m         [31m^[39m
    [90m347| [39m          
[33m<[39m[33mRegistroUsuario[39m 
[33m/[39m[33m>[39m
    [90m348| [39m        [33m<[39m[33m/[39m[3
3mBrowserRouter[39m[33m>[39m

[31m[2mΓÄ»ΓÄ»ΓÄ»ΓÄ»ΓÄ»ΓÄ»ΓÄ»ΓÄ»ΓÄ»ΓÄ»ΓÄ»ΓÄ»ΓÄ»ΓÄ»Γ
Ä»ΓÄ»ΓÄ»ΓÄ»ΓÄ»ΓÄ»ΓÄ»ΓÄ»[36/37]ΓÄ»[22m[39m

[41m[1m FAIL [22m[49m 
src/service/RegisterForm.test.jsx[2m > 
[22mPRUEBAS FORMULARIO REGISTRO - 5 Puntos 
Clave[2m > [22m5. Campos vac├¡os disparan errores 
visuales[2m > [22mdebe limpiar mensajes previos 
al intentar nuevo env├¡o
[31m[1mError[22m: [vitest] No "BrowserRouter" 
export is defined on the "react-router-dom" mock. 
Did you forget to return it from "vi.mock"?
If you need to partially mock a module, you can use 
"importOriginal" helper inside:
[39m
vi.mock(import("react-router-dom"), async 
(importOriginal) => {
  const actual = await importOriginal()
  return {
    ...actual,
    // your mocked methods
  }
})

[36m [2mΓ¥»[22m src/service/RegisterForm.test.jsx
:[2m395:10[22m[39m
    [90m393| [39m
    [90m394| [39m      [34mrender[39m(
    [90m395| [39m        
[33m<[39m[33mBrowserRouter[39m[33m>[39m
    [90m   | [39m         [31m^[39m
    [90m396| [39m          
[33m<[39m[33mRegistroUsuario[39m 
[33m/[39m[33m>[39m
    [90m397| [39m        [33m<[39m[33m/[39m[3
3mBrowserRouter[39m[33m>[39m

[31m[2mΓÄ»ΓÄ»ΓÄ»ΓÄ»ΓÄ»ΓÄ»ΓÄ»ΓÄ»ΓÄ»ΓÄ»ΓÄ»ΓÄ»ΓÄ»ΓÄ»Γ
Ä»ΓÄ»ΓÄ»ΓÄ»ΓÄ»ΓÄ»ΓÄ»ΓÄ»[37/37]ΓÄ»[22m[39m

