============================= test session starts =============================
platform win32 -- Python 3.13.7, pytest-7.4.3, pluggy-1.6.0
django: version: 5.2.7, settings: config.settings.local (from ini)
rootdir: C:\Users\elimo\GitHub\ruffles
configfile: pytest.ini
plugins: Faker-21.0.0, cov-4.1.0, django-4.7.0
collected 83 items

apps\authentication\tests\test_api_login.py EEEEEEEEEEEEEEE              [ 18%]
apps\authentication\tests\test_api_registration.py EEEEEEEEEEEEEEEE      [ 37%]
apps\purchases\tests\test_personal_panel.py EEEEEEE                      [ 45%]
apps\purchases\tests\test_reservation.py EEEEEEE                         [ 54%]
apps\purchases\tests\test_reservation_edge_cases.py EE                   [ 56%]
apps\purchases\tests\test_validation_edge_cases.py E                     [ 57%]
apps\raffles\tests\test_api_raffle_list.py EEEEEEEEEEEEEEEEEEE           [ 80%]
apps\raffles\tests\test_create_raffle.py EEEEEEEEE                       [ 91%]
apps\raffles\tests\test_number_list.py EEEEEEE                           [100%]

=================================== ERRORS ====================================
______________ ERROR at setup of test_login_success_returns_jwt _______________

self = <DatabaseWrapper vendor='postgresql' alias='__no_db__'>

    @async_unsafe
    def ensure_connection(self):
        """Guarantee that a connection to the database is established."""
        if self.connection is None:
            if self.in_atomic_block and self.closed_in_transaction:
                raise ProgrammingError(
                    "Cannot open a new connection in an atomic block."
                )
            with self.wrap_database_errors:
>               self.connect()

..\..\..\AppData\Roaming\Python\Python313\site-packages\django\db\backends\base\base.py:279: 
_ _ _ _ _ _ _ _ _ _ _ _ _ _ _ _ _ _ _ _ _ _ _ _ _ _ _ _ _ _ _ _ _ _ _ _ _ _ _ _
..\..\..\AppData\Roaming\Python\Python313\site-packages\django\utils\asyncio.py:26: in inner
    return func(*args, **kwargs)
..\..\..\AppData\Roaming\Python\Python313\site-packages\django\db\backends\base\base.py:256: in connect
    self.connection = self.get_new_connection(conn_params)
..\..\..\AppData\Roaming\Python\Python313\site-packages\django\utils\asyncio.py:26: in inner
    return func(*args, **kwargs)
..\..\..\AppData\Roaming\Python\Python313\site-packages\django\db\backends\postgresql\base.py:332: in get_new_connection
    connection = self.Database.connect(**conn_params)
_ _ _ _ _ _ _ _ _ _ _ _ _ _ _ _ _ _ _ _ _ _ _ _ _ _ _ _ _ _ _ _ _ _ _ _ _ _ _ _

cls = <class 'psycopg.Connection'>
conninfo = 'dbname=postgres client_encoding=UTF8 user=postgres password=postgres host=localhost port=5432 hostaddr=127.0.0.1'
autocommit = False, prepare_threshold = None
context = <psycopg.adapt.AdaptersMap object at 0x000001CEB3E42350>
row_factory = None
cursor_factory = <class 'django.db.backends.postgresql.base.Cursor'>
kwargs = {'client_encoding': 'UTF8', 'dbname': 'postgres', 'host': 'localhost', 'password': 'postgres', ...}
params = {'client_encoding': 'UTF8', 'dbname': 'postgres', 'host': 'localhost', 'password': 'postgres', ...}
timeout = 130

    @classmethod
    def connect(
        cls,
        conninfo: str = "",
        *,
        autocommit: bool = False,
        prepare_threshold: int | None = 5,
        context: AdaptContext | None = None,
        row_factory: RowFactory[Row] | None = None,
        cursor_factory: type[Cursor[Row]] | None = None,
        **kwargs: ConnParam,
    ) -> Self:
        """
        Connect to a database server and return a new `Connection` instance.
        """
    
        params = cls._get_connection_params(conninfo, **kwargs)
        timeout = timeout_from_conninfo(params)
        rv = None
        attempts = conninfo_attempts(params)
        conn_errors: list[tuple[e.Error, str]] = []
        for attempt in attempts:
            tdescr = (attempt.get("host"), attempt.get("port"), attempt.get("hostaddr"))
            descr = "host: %r, port: %r, hostaddr: %r" % tdescr
            logger.debug("connection attempt: %s", descr)
            try:
                conninfo = make_conninfo("", **attempt)
                gen = cls._connect_gen(conninfo, timeout=timeout)
                rv = waiting.wait_conn(gen, interval=_WAIT_INTERVAL)
            except e.Error as ex:
                logger.debug("connection failed: %s: %s", descr, str(ex))
                conn_errors.append((ex, descr))
            except e._NO_TRACEBACK as ex:
                raise ex.with_traceback(None)
            else:
                logger.debug("connection succeeded: %s", descr)
                break
    
        if not rv:
            last_ex = conn_errors[-1][0]
            if len(conn_errors) == 1:
                raise last_ex.with_traceback(None)
    
            # Create a new exception with the same type as the last one, containing
            # all attempt errors while preserving backward compatibility.
            lines = [str(last_ex)]
            lines.append("Multiple connection attempts failed. All failures were:")
            lines.extend((f"- {descr}: {error}" for error, descr in conn_errors))
>           raise type(last_ex)("\n".join(lines)).with_traceback(None)
E           psycopg.OperationalError: connection failed: connection to server at "127.0.0.1", port 5432 failed: FATAL:  la autentificaci\ufffdn password fall\ufffd para el usuario \ufffdpostgres\ufffd
E           Multiple connection attempts failed. All failures were:
E           - host: 'localhost', port: '5432', hostaddr: '::1': connection failed: connection to server at "::1", port 5432 failed: FATAL:  la autentificaci\ufffdn password fall\ufffd para el usuario \ufffdpostgres\ufffd
E           - host: 'localhost', port: '5432', hostaddr: '127.0.0.1': connection failed: connection to server at "127.0.0.1", port 5432 failed: FATAL:  la autentificaci\ufffdn password fall\ufffd para el usuario \ufffdpostgres\ufffd

..\..\..\AppData\Roaming\Python\Python313\site-packages\psycopg\connection.py:127: OperationalError

The above exception was the direct cause of the following exception:

self = <DatabaseWrapper vendor='postgresql' alias='default'>

    @contextmanager
    def _nodb_cursor(self):
        cursor = None
        try:
>           with super()._nodb_cursor() as cursor:

..\..\..\AppData\Roaming\Python\Python313\site-packages\django\db\backends\postgresql\base.py:507: 
_ _ _ _ _ _ _ _ _ _ _ _ _ _ _ _ _ _ _ _ _ _ _ _ _ _ _ _ _ _ _ _ _ _ _ _ _ _ _ _
C:\Python313\Lib\contextlib.py:141: in __enter__
    return next(self.gen)
..\..\..\AppData\Roaming\Python\Python313\site-packages\django\db\backends\base\base.py:712: in _nodb_cursor
    with conn.cursor() as cursor:
..\..\..\AppData\Roaming\Python\Python313\site-packages\django\utils\asyncio.py:26: in inner
    return func(*args, **kwargs)
..\..\..\AppData\Roaming\Python\Python313\site-packages\django\db\backends\base\base.py:320: in cursor
    return self._cursor()
..\..\..\AppData\Roaming\Python\Python313\site-packages\django\db\backends\base\base.py:296: in _cursor
    self.ensure_connection()
..\..\..\AppData\Roaming\Python\Python313\site-packages\django\utils\asyncio.py:26: in inner
    return func(*args, **kwargs)
..\..\..\AppData\Roaming\Python\Python313\site-packages\django\db\backends\base\base.py:278: in ensure_connection
    with self.wrap_database_errors:
..\..\..\AppData\Roaming\Python\Python313\site-packages\django\db\utils.py:91: in __exit__
    raise dj_exc_value.with_traceback(traceback) from exc_value
..\..\..\AppData\Roaming\Python\Python313\site-packages\django\db\backends\base\base.py:279: in ensure_connection
    self.connect()
..\..\..\AppData\Roaming\Python\Python313\site-packages\django\utils\asyncio.py:26: in inner
    return func(*args, **kwargs)
..\..\..\AppData\Roaming\Python\Python313\site-packages\django\db\backends\base\base.py:256: in connect
    self.connection = self.get_new_connection(conn_params)
..\..\..\AppData\Roaming\Python\Python313\site-packages\django\utils\asyncio.py:26: in inner
    return func(*args, **kwargs)
..\..\..\AppData\Roaming\Python\Python313\site-packages\django\db\backends\postgresql\base.py:332: in get_new_connection
    connection = self.Database.connect(**conn_params)
_ _ _ _ _ _ _ _ _ _ _ _ _ _ _ _ _ _ _ _ _ _ _ _ _ _ _ _ _ _ _ _ _ _ _ _ _ _ _ _

cls = <class 'psycopg.Connection'>
conninfo = 'dbname=postgres client_encoding=UTF8 user=postgres password=postgres host=localhost port=5432 hostaddr=127.0.0.1'
autocommit = False, prepare_threshold = None
context = <psycopg.adapt.AdaptersMap object at 0x000001CEB3E42350>
row_factory = None
cursor_factory = <class 'django.db.backends.postgresql.base.Cursor'>
kwargs = {'client_encoding': 'UTF8', 'dbname': 'postgres', 'host': 'localhost', 'password': 'postgres', ...}
params = {'client_encoding': 'UTF8', 'dbname': 'postgres', 'host': 'localhost', 'password': 'postgres', ...}
timeout = 130

    @classmethod
    def connect(
        cls,
        conninfo: str = "",
        *,
        autocommit: bool = False,
        prepare_threshold: int | None = 5,
        context: AdaptContext | None = None,
        row_factory: RowFactory[Row] | None = None,
        cursor_factory: type[Cursor[Row]] | None = None,
        **kwargs: ConnParam,
    ) -> Self:
        """
        Connect to a database server and return a new `Connection` instance.
        """
    
        params = cls._get_connection_params(conninfo, **kwargs)
        timeout = timeout_from_conninfo(params)
        rv = None
        attempts = conninfo_attempts(params)
        conn_errors: list[tuple[e.Error, str]] = []
        for attempt in attempts:
            tdescr = (attempt.get("host"), attempt.get("port"), attempt.get("hostaddr"))
            descr = "host: %r, port: %r, hostaddr: %r" % tdescr
            logger.debug("connection attempt: %s", descr)
            try:
                conninfo = make_conninfo("", **attempt)
                gen = cls._connect_gen(conninfo, timeout=timeout)
                rv = waiting.wait_conn(gen, interval=_WAIT_INTERVAL)
            except e.Error as ex:
                logger.debug("connection failed: %s: %s", descr, str(ex))
                conn_errors.append((ex, descr))
            except e._NO_TRACEBACK as ex:
                raise ex.with_traceback(None)
            else:
                logger.debug("connection succeeded: %s", descr)
                break
    
        if not rv:
            last_ex = conn_errors[-1][0]
            if len(conn_errors) == 1:
                raise last_ex.with_traceback(None)
    
            # Create a new exception with the same type as the last one, containing
            # all attempt errors while preserving backward compatibility.
            lines = [str(last_ex)]
            lines.append("Multiple connection attempts failed. All failures were:")
            lines.extend((f"- {descr}: {error}" for error, descr in conn_errors))
>           raise type(last_ex)("\n".join(lines)).with_traceback(None)
E           django.db.utils.OperationalError: connection failed: connection to server at "127.0.0.1", port 5432 failed: FATAL:  la autentificaci\ufffdn password fall\ufffd para el usuario \ufffdpostgres\ufffd
E           Multiple connection attempts failed. All failures were:
E           - host: 'localhost', port: '5432', hostaddr: '::1': connection failed: connection to server at "::1", port 5432 failed: FATAL:  la autentificaci\ufffdn password fall\ufffd para el usuario \ufffdpostgres\ufffd
E           - host: 'localhost', port: '5432', hostaddr: '127.0.0.1': connection failed: connection to server at "127.0.0.1", port 5432 failed: FATAL:  la autentificaci\ufffdn password fall\ufffd para el usuario \ufffdpostgres\ufffd

..\..\..\AppData\Roaming\Python\Python313\site-packages\psycopg\connection.py:127: OperationalError

During handling of the above exception, another exception occurred:

self = <DatabaseWrapper vendor='postgresql' alias='default'>

    @async_unsafe
    def ensure_connection(self):
        """Guarantee that a connection to the database is established."""
        if self.connection is None:
            if self.in_atomic_block and self.closed_in_transaction:
                raise ProgrammingError(
                    "Cannot open a new connection in an atomic block."
                )
            with self.wrap_database_errors:
>               self.connect()

..\..\..\AppData\Roaming\Python\Python313\site-packages\django\db\backends\base\base.py:279: 
_ _ _ _ _ _ _ _ _ _ _ _ _ _ _ _ _ _ _ _ _ _ _ _ _ _ _ _ _ _ _ _ _ _ _ _ _ _ _ _
..\..\..\AppData\Roaming\Python\Python313\site-packages\django\utils\asyncio.py:26: in inner
    return func(*args, **kwargs)
..\..\..\AppData\Roaming\Python\Python313\site-packages\django\db\backends\base\base.py:256: in connect
    self.connection = self.get_new_connection(conn_params)
..\..\..\AppData\Roaming\Python\Python313\site-packages\django\utils\asyncio.py:26: in inner
    return func(*args, **kwargs)
..\..\..\AppData\Roaming\Python\Python313\site-packages\django\db\backends\postgresql\base.py:332: in get_new_connection
    connection = self.Database.connect(**conn_params)
_ _ _ _ _ _ _ _ _ _ _ _ _ _ _ _ _ _ _ _ _ _ _ _ _ _ _ _ _ _ _ _ _ _ _ _ _ _ _ _

cls = <class 'psycopg.Connection'>
conninfo = 'dbname=ruffles_db client_encoding=UTF8 user=postgres password=postgres host=localhost port=5432 hostaddr=127.0.0.1'
autocommit = False, prepare_threshold = None
context = <psycopg.adapt.AdaptersMap object at 0x000001CEB3E42350>
row_factory = None
cursor_factory = <class 'django.db.backends.postgresql.base.Cursor'>
kwargs = {'client_encoding': 'UTF8', 'dbname': 'ruffles_db', 'host': 'localhost', 'password': 'postgres', ...}
params = {'client_encoding': 'UTF8', 'dbname': 'ruffles_db', 'host': 'localhost', 'password': 'postgres', ...}
timeout = 130

    @classmethod
    def connect(
        cls,
        conninfo: str = "",
        *,
        autocommit: bool = False,
        prepare_threshold: int | None = 5,
        context: AdaptContext | None = None,
        row_factory: RowFactory[Row] | None = None,
        cursor_factory: type[Cursor[Row]] | None = None,
        **kwargs: ConnParam,
    ) -> Self:
        """
        Connect to a database server and return a new `Connection` instance.
        """
    
        params = cls._get_connection_params(conninfo, **kwargs)
        timeout = timeout_from_conninfo(params)
        rv = None
        attempts = conninfo_attempts(params)
        conn_errors: list[tuple[e.Error, str]] = []
        for attempt in attempts:
            tdescr = (attempt.get("host"), attempt.get("port"), attempt.get("hostaddr"))
            descr = "host: %r, port: %r, hostaddr: %r" % tdescr
            logger.debug("connection attempt: %s", descr)
            try:
                conninfo = make_conninfo("", **attempt)
                gen = cls._connect_gen(conninfo, timeout=timeout)
                rv = waiting.wait_conn(gen, interval=_WAIT_INTERVAL)
            except e.Error as ex:
                logger.debug("connection failed: %s: %s", descr, str(ex))
                conn_errors.append((ex, descr))
            except e._NO_TRACEBACK as ex:
                raise ex.with_traceback(None)
            else:
                logger.debug("connection succeeded: %s", descr)
                break
    
        if not rv:
            last_ex = conn_errors[-1][0]
            if len(conn_errors) == 1:
                raise last_ex.with_traceback(None)
    
            # Create a new exception with the same type as the last one, containing
            # all attempt errors while preserving backward compatibility.
            lines = [str(last_ex)]
            lines.append("Multiple connection attempts failed. All failures were:")
            lines.extend((f"- {descr}: {error}" for error, descr in conn_errors))
>           raise type(last_ex)("\n".join(lines)).with_traceback(None)
E           psycopg.OperationalError: connection failed: connection to server at "127.0.0.1", port 5432 failed: FATAL:  la autentificaci\ufffdn password fall\ufffd para el usuario \ufffdpostgres\ufffd
E           Multiple connection attempts failed. All failures were:
E           - host: 'localhost', port: '5432', hostaddr: '::1': connection failed: connection to server at "::1", port 5432 failed: FATAL:  la autentificaci\ufffdn password fall\ufffd para el usuario \ufffdpostgres\ufffd
E           - host: 'localhost', port: '5432', hostaddr: '127.0.0.1': connection failed: connection to server at "127.0.0.1", port 5432 failed: FATAL:  la autentificaci\ufffdn password fall\ufffd para el usuario \ufffdpostgres\ufffd

..\..\..\AppData\Roaming\Python\Python313\site-packages\psycopg\connection.py:127: OperationalError

The above exception was the direct cause of the following exception:

request = <SubRequest 'django_db_setup' for <Function test_login_success_returns_jwt>>
django_test_environment = None
django_db_blocker = <pytest_django.plugin.DjangoDbBlocker object at 0x000001CEB17F0050>
django_db_use_migrations = True, django_db_keepdb = False
django_db_createdb = False, django_db_modify_db_settings = None

    @pytest.fixture(scope="session")
    def django_db_setup(
        request: pytest.FixtureRequest,
        django_test_environment: None,
        django_db_blocker: DjangoDbBlocker,
        django_db_use_migrations: bool,
        django_db_keepdb: bool,
        django_db_createdb: bool,
        django_db_modify_db_settings: None,
    ) -> Generator[None, None, None]:
        """Top level fixture to ensure test databases are available"""
        from django.test.utils import setup_databases, teardown_databases
    
        setup_databases_args = {}
    
        if not django_db_use_migrations:
            _disable_migrations()
    
        if django_db_keepdb and not django_db_createdb:
            setup_databases_args["keepdb"] = True
    
        with django_db_blocker.unblock():
>           db_cfg = setup_databases(
                verbosity=request.config.option.verbose,
                interactive=False,
                **setup_databases_args,
            )

..\..\..\AppData\Roaming\Python\Python313\site-packages\pytest_django\fixtures.py:140: 
_ _ _ _ _ _ _ _ _ _ _ _ _ _ _ _ _ _ _ _ _ _ _ _ _ _ _ _ _ _ _ _ _ _ _ _ _ _ _ _
..\..\..\AppData\Roaming\Python\Python313\site-packages\django\test\utils.py:204: in setup_databases
    connection.creation.create_test_db(
..\..\..\AppData\Roaming\Python\Python313\site-packages\django\db\backends\base\creation.py:62: in create_test_db
    self._create_test_db(verbosity, autoclobber, keepdb)
..\..\..\AppData\Roaming\Python\Python313\site-packages\django\db\backends\base\creation.py:202: in _create_test_db
    with self._nodb_cursor() as cursor:
C:\Python313\Lib\contextlib.py:141: in __enter__
    return next(self.gen)
..\..\..\AppData\Roaming\Python\Python313\site-packages\django\db\backends\postgresql\base.py:533: in _nodb_cursor
    with conn.cursor() as cursor:
..\..\..\AppData\Roaming\Python\Python313\site-packages\django\utils\asyncio.py:26: in inner
    return func(*args, **kwargs)
..\..\..\AppData\Roaming\Python\Python313\site-packages\django\db\backends\base\base.py:320: in cursor
    return self._cursor()
..\..\..\AppData\Roaming\Python\Python313\site-packages\django\db\backends\base\base.py:296: in _cursor
    self.ensure_connection()
..\..\..\AppData\Roaming\Python\Python313\site-packages\django\utils\asyncio.py:26: in inner
    return func(*args, **kwargs)
..\..\..\AppData\Roaming\Python\Python313\site-packages\django\db\backends\base\base.py:278: in ensure_connection
    with self.wrap_database_errors:
..\..\..\AppData\Roaming\Python\Python313\site-packages\django\db\utils.py:91: in __exit__
    raise dj_exc_value.with_traceback(traceback) from exc_value
..\..\..\AppData\Roaming\Python\Python313\site-packages\django\db\backends\base\base.py:279: in ensure_connection
    self.connect()
..\..\..\AppData\Roaming\Python\Python313\site-packages\django\utils\asyncio.py:26: in inner
    return func(*args, **kwargs)
..\..\..\AppData\Roaming\Python\Python313\site-packages\django\db\backends\base\base.py:256: in connect
    self.connection = self.get_new_connection(conn_params)
..\..\..\AppData\Roaming\Python\Python313\site-packages\django\utils\asyncio.py:26: in inner
    return func(*args, **kwargs)
..\..\..\AppData\Roaming\Python\Python313\site-packages\django\db\backends\postgresql\base.py:332: in get_new_connection
    connection = self.Database.connect(**conn_params)
_ _ _ _ _ _ _ _ _ _ _ _ _ _ _ _ _ _ _ _ _ _ _ _ _ _ _ _ _ _ _ _ _ _ _ _ _ _ _ _

cls = <class 'psycopg.Connection'>
conninfo = 'dbname=ruffles_db client_encoding=UTF8 user=postgres password=postgres host=localhost port=5432 hostaddr=127.0.0.1'
autocommit = False, prepare_threshold = None
context = <psycopg.adapt.AdaptersMap object at 0x000001CEB3E42350>
row_factory = None
cursor_factory = <class 'django.db.backends.postgresql.base.Cursor'>
kwargs = {'client_encoding': 'UTF8', 'dbname': 'ruffles_db', 'host': 'localhost', 'password': 'postgres', ...}
params = {'client_encoding': 'UTF8', 'dbname': 'ruffles_db', 'host': 'localhost', 'password': 'postgres', ...}
timeout = 130

    @classmethod
    def connect(
        cls,
        conninfo: str = "",
        *,
        autocommit: bool = False,
        prepare_threshold: int | None = 5,
        context: AdaptContext | None = None,
        row_factory: RowFactory[Row] | None = None,
        cursor_factory: type[Cursor[Row]] | None = None,
        **kwargs: ConnParam,
    ) -> Self:
        """
        Connect to a database server and return a new `Connection` instance.
        """
    
        params = cls._get_connection_params(conninfo, **kwargs)
        timeout = timeout_from_conninfo(params)
        rv = None
        attempts = conninfo_attempts(params)
        conn_errors: list[tuple[e.Error, str]] = []
        for attempt in attempts:
            tdescr = (attempt.get("host"), attempt.get("port"), attempt.get("hostaddr"))
            descr = "host: %r, port: %r, hostaddr: %r" % tdescr
            logger.debug("connection attempt: %s", descr)
            try:
                conninfo = make_conninfo("", **attempt)
                gen = cls._connect_gen(conninfo, timeout=timeout)
                rv = waiting.wait_conn(gen, interval=_WAIT_INTERVAL)
            except e.Error as ex:
                logger.debug("connection failed: %s: %s", descr, str(ex))
                conn_errors.append((ex, descr))
            except e._NO_TRACEBACK as ex:
                raise ex.with_traceback(None)
            else:
                logger.debug("connection succeeded: %s", descr)
                break
    
        if not rv:
            last_ex = conn_errors[-1][0]
            if len(conn_errors) == 1:
                raise last_ex.with_traceback(None)
    
            # Create a new exception with the same type as the last one, containing
            # all attempt errors while preserving backward compatibility.
            lines = [str(last_ex)]
            lines.append("Multiple connection attempts failed. All failures were:")
            lines.extend((f"- {descr}: {error}" for error, descr in conn_errors))
>           raise type(last_ex)("\n".join(lines)).with_traceback(None)
E           django.db.utils.OperationalError: connection failed: connection to server at "127.0.0.1", port 5432 failed: FATAL:  la autentificaci\ufffdn password fall\ufffd para el usuario \ufffdpostgres\ufffd
E           Multiple connection attempts failed. All failures were:
E           - host: 'localhost', port: '5432', hostaddr: '::1': connection failed: connection to server at "::1", port 5432 failed: FATAL:  la autentificaci\ufffdn password fall\ufffd para el usuario \ufffdpostgres\ufffd
E           - host: 'localhost', port: '5432', hostaddr: '127.0.0.1': connection failed: connection to server at "127.0.0.1", port 5432 failed: FATAL:  la autentificaci\ufffdn password fall\ufffd para el usuario \ufffdpostgres\ufffd

..\..\..\AppData\Roaming\Python\Python313\site-packages\psycopg\connection.py:127: OperationalError
---------------------------- Captured stderr setup ----------------------------
DEBUG 2025-12-01 23:51:27,739 factory 7160 17604 Looking for locale `en_US` in provider `faker.providers.address`.
DEBUG 2025-12-01 23:51:27,743 factory 7160 17604 Provider `faker.providers.address` has been localized to `en_US`.
DEBUG 2025-12-01 23:51:27,748 factory 7160 17604 Looking for locale `en_US` in provider `faker.providers.automotive`.
DEBUG 2025-12-01 23:51:27,751 factory 7160 17604 Provider `faker.providers.automotive` has been localized to `en_US`.
DEBUG 2025-12-01 23:51:27,752 factory 7160 17604 Looking for locale `en_US` in provider `faker.providers.bank`.
DEBUG 2025-12-01 23:51:27,754 factory 7160 17604 Specified locale `en_US` is not available for provider `faker.providers.bank`. Locale reset to `en_GB` for this provider.
DEBUG 2025-12-01 23:51:27,756 factory 7160 17604 Looking for locale `en_US` in provider `faker.providers.barcode`.
DEBUG 2025-12-01 23:51:27,756 factory 7160 17604 Provider `faker.providers.barcode` has been localized to `en_US`.
DEBUG 2025-12-01 23:51:27,759 factory 7160 17604 Looking for locale `en_US` in provider `faker.providers.color`.
DEBUG 2025-12-01 23:51:27,761 factory 7160 17604 Provider `faker.providers.color` has been localized to `en_US`.
DEBUG 2025-12-01 23:51:27,762 factory 7160 17604 Looking for locale `en_US` in provider `faker.providers.company`.
DEBUG 2025-12-01 23:51:27,765 factory 7160 17604 Provider `faker.providers.company` has been localized to `en_US`.
DEBUG 2025-12-01 23:51:27,767 factory 7160 17604 Looking for locale `en_US` in provider `faker.providers.credit_card`.
DEBUG 2025-12-01 23:51:27,767 factory 7160 17604 Provider `faker.providers.credit_card` has been localized to `en_US`.
DEBUG 2025-12-01 23:51:27,768 factory 7160 17604 Looking for locale `en_US` in provider `faker.providers.currency`.
DEBUG 2025-12-01 23:51:27,770 factory 7160 17604 Provider `faker.providers.currency` has been localized to `en_US`.
DEBUG 2025-12-01 23:51:27,771 factory 7160 17604 Looking for locale `en_US` in provider `faker.providers.date_time`.
DEBUG 2025-12-01 23:51:27,774 factory 7160 17604 Provider `faker.providers.date_time` has been localized to `en_US`.
DEBUG 2025-12-01 23:51:27,775 factory 7160 17604 Provider `faker.providers.emoji` does not feature localization. Specified locale `en_US` is not utilized for this provider.
DEBUG 2025-12-01 23:51:27,775 factory 7160 17604 Provider `faker.providers.file` does not feature localization. Specified locale `en_US` is not utilized for this provider.
DEBUG 2025-12-01 23:51:27,776 factory 7160 17604 Looking for locale `en_US` in provider `faker.providers.geo`.
DEBUG 2025-12-01 23:51:27,776 factory 7160 17604 Provider `faker.providers.geo` has been localized to `en_US`.
DEBUG 2025-12-01 23:51:27,777 factory 7160 17604 Looking for locale `en_US` in provider `faker.providers.internet`.
DEBUG 2025-12-01 23:51:27,780 factory 7160 17604 Provider `faker.providers.internet` has been localized to `en_US`.
DEBUG 2025-12-01 23:51:27,782 factory 7160 17604 Provider `faker.providers.isbn` does not feature localization. Specified locale `en_US` is not utilized for this provider.
DEBUG 2025-12-01 23:51:27,782 factory 7160 17604 Looking for locale `en_US` in provider `faker.providers.job`.
DEBUG 2025-12-01 23:51:27,784 factory 7160 17604 Provider `faker.providers.job` has been localized to `en_US`.
DEBUG 2025-12-01 23:51:27,786 factory 7160 17604 Looking for locale `en_US` in provider `faker.providers.lorem`.
DEBUG 2025-12-01 23:51:27,788 factory 7160 17604 Provider `faker.providers.lorem` has been localized to `en_US`.
DEBUG 2025-12-01 23:51:27,792 factory 7160 17604 Looking for locale `en_US` in provider `faker.providers.misc`.
DEBUG 2025-12-01 23:51:27,793 factory 7160 17604 Provider `faker.providers.misc` has been localized to `en_US`.
DEBUG 2025-12-01 23:51:27,794 factory 7160 17604 Looking for locale `en_US` in provider `faker.providers.passport`.
DEBUG 2025-12-01 23:51:27,795 factory 7160 17604 Provider `faker.providers.passport` has been localized to `en_US`.
DEBUG 2025-12-01 23:51:27,796 factory 7160 17604 Looking for locale `en_US` in provider `faker.providers.person`.
DEBUG 2025-12-01 23:51:27,800 factory 7160 17604 Provider `faker.providers.person` has been localized to `en_US`.
DEBUG 2025-12-01 23:51:27,806 factory 7160 17604 Looking for locale `en_US` in provider `faker.providers.phone_number`.
DEBUG 2025-12-01 23:51:27,810 factory 7160 17604 Provider `faker.providers.phone_number` has been localized to `en_US`.
DEBUG 2025-12-01 23:51:27,811 factory 7160 17604 Provider `faker.providers.profile` does not feature localization. Specified locale `en_US` is not utilized for this provider.
DEBUG 2025-12-01 23:51:27,811 factory 7160 17604 Provider `faker.providers.python` does not feature localization. Specified locale `en_US` is not utilized for this provider.
DEBUG 2025-12-01 23:51:27,811 factory 7160 17604 Provider `faker.providers.sbn` does not feature localization. Specified locale `en_US` is not utilized for this provider.
DEBUG 2025-12-01 23:51:27,812 factory 7160 17604 Looking for locale `en_US` in provider `faker.providers.ssn`.
DEBUG 2025-12-01 23:51:27,815 factory 7160 17604 Provider `faker.providers.ssn` has been localized to `en_US`.
DEBUG 2025-12-01 23:51:27,817 factory 7160 17604 Provider `faker.providers.user_agent` does not feature localization. Specified locale `en_US` is not utilized for this provider.
----------------------------- Captured log setup ------------------------------
DEBUG    faker.factory:factory.py:76 Looking for locale `en_US` in provider `faker.providers.address`.
DEBUG    faker.factory:factory.py:95 Provider `faker.providers.address` has been localized to `en_US`.
DEBUG    faker.factory:factory.py:76 Looking for locale `en_US` in provider `faker.providers.automotive`.
DEBUG    faker.factory:factory.py:95 Provider `faker.providers.automotive` has been localized to `en_US`.
DEBUG    faker.factory:factory.py:76 Looking for locale `en_US` in provider `faker.providers.bank`.
DEBUG    faker.factory:factory.py:86 Specified locale `en_US` is not available for provider `faker.providers.bank`. Locale reset to `en_GB` for this provider.
DEBUG    faker.factory:factory.py:76 Looking for locale `en_US` in provider `faker.providers.barcode`.
DEBUG    faker.factory:factory.py:95 Provider `faker.providers.barcode` has been localized to `en_US`.
DEBUG    faker.factory:factory.py:76 Looking for locale `en_US` in provider `faker.providers.color`.
DEBUG    faker.factory:factory.py:95 Provider `faker.providers.color` has been localized to `en_US`.
DEBUG    faker.factory:factory.py:76 Looking for locale `en_US` in provider `faker.providers.company`.
DEBUG    faker.factory:factory.py:95 Provider `faker.providers.company` has been localized to `en_US`.
DEBUG    faker.factory:factory.py:76 Looking for locale `en_US` in provider `faker.providers.credit_card`.
DEBUG    faker.factory:factory.py:95 Provider `faker.providers.credit_card` has been localized to `en_US`.
DEBUG    faker.factory:factory.py:76 Looking for locale `en_US` in provider `faker.providers.currency`.
DEBUG    faker.factory:factory.py:95 Provider `faker.providers.currency` has been localized to `en_US`.
DEBUG    faker.factory:factory.py:76 Looking for locale `en_US` in provider `faker.providers.date_time`.
DEBUG    faker.factory:factory.py:95 Provider `faker.providers.date_time` has been localized to `en_US`.
DEBUG    faker.factory:factory.py:106 Provider `faker.providers.emoji` does not feature localization. Specified locale `en_US` is not utilized for this provider.
DEBUG    faker.factory:factory.py:106 Provider `faker.providers.file` does not feature localization. Specified locale `en_US` is not utilized for this provider.
DEBUG    faker.factory:factory.py:76 Looking for locale `en_US` in provider `faker.providers.geo`.
DEBUG    faker.factory:factory.py:95 Provider `faker.providers.geo` has been localized to `en_US`.
DEBUG    faker.factory:factory.py:76 Looking for locale `en_US` in provider `faker.providers.internet`.
DEBUG    faker.factory:factory.py:95 Provider `faker.providers.internet` has been localized to `en_US`.
DEBUG    faker.factory:factory.py:106 Provider `faker.providers.isbn` does not feature localization. Specified locale `en_US` is not utilized for this provider.
DEBUG    faker.factory:factory.py:76 Looking for locale `en_US` in provider `faker.providers.job`.
DEBUG    faker.factory:factory.py:95 Provider `faker.providers.job` has been localized to `en_US`.
DEBUG    faker.factory:factory.py:76 Looking for locale `en_US` in provider `faker.providers.lorem`.
DEBUG    faker.factory:factory.py:95 Provider `faker.providers.lorem` has been localized to `en_US`.
DEBUG    faker.factory:factory.py:76 Looking for locale `en_US` in provider `faker.providers.misc`.
DEBUG    faker.factory:factory.py:95 Provider `faker.providers.misc` has been localized to `en_US`.
DEBUG    faker.factory:factory.py:76 Looking for locale `en_US` in provider `faker.providers.passport`.
DEBUG    faker.factory:factory.py:95 Provider `faker.providers.passport` has been localized to `en_US`.
DEBUG    faker.factory:factory.py:76 Looking for locale `en_US` in provider `faker.providers.person`.
DEBUG    faker.factory:factory.py:95 Provider `faker.providers.person` has been localized to `en_US`.
DEBUG    faker.factory:factory.py:76 Looking for locale `en_US` in provider `faker.providers.phone_number`.
DEBUG    faker.factory:factory.py:95 Provider `faker.providers.phone_number` has been localized to `en_US`.
DEBUG    faker.factory:factory.py:106 Provider `faker.providers.profile` does not feature localization. Specified locale `en_US` is not utilized for this provider.
DEBUG    faker.factory:factory.py:106 Provider `faker.providers.python` does not feature localization. Specified locale `en_US` is not utilized for this provider.
DEBUG    faker.factory:factory.py:106 Provider `faker.providers.sbn` does not feature localization. Specified locale `en_US` is not utilized for this provider.
DEBUG    faker.factory:factory.py:76 Looking for locale `en_US` in provider `faker.providers.ssn`.
DEBUG    faker.factory:factory.py:95 Provider `faker.providers.ssn` has been localized to `en_US`.
DEBUG    faker.factory:factory.py:106 Provider `faker.providers.user_agent` does not feature localization. Specified locale `en_US` is not utilized for this provider.
_________________ ERROR at setup of test_login_wrong_password _________________

self = <DatabaseWrapper vendor='postgresql' alias='__no_db__'>

    @async_unsafe
    def ensure_connection(self):
        """Guarantee that a connection to the database is established."""
        if self.connection is None:
            if self.in_atomic_block and self.closed_in_transaction:
                raise ProgrammingError(
                    "Cannot open a new connection in an atomic block."
                )
            with self.wrap_database_errors:
>               self.connect()

..\..\..\AppData\Roaming\Python\Python313\site-packages\django\db\backends\base\base.py:279: 
_ _ _ _ _ _ _ _ _ _ _ _ _ _ _ _ _ _ _ _ _ _ _ _ _ _ _ _ _ _ _ _ _ _ _ _ _ _ _ _
..\..\..\AppData\Roaming\Python\Python313\site-packages\django\utils\asyncio.py:26: in inner
    return func(*args, **kwargs)
..\..\..\AppData\Roaming\Python\Python313\site-packages\django\db\backends\base\base.py:256: in connect
    self.connection = self.get_new_connection(conn_params)
..\..\..\AppData\Roaming\Python\Python313\site-packages\django\utils\asyncio.py:26: in inner
    return func(*args, **kwargs)
..\..\..\AppData\Roaming\Python\Python313\site-packages\django\db\backends\postgresql\base.py:332: in get_new_connection
    connection = self.Database.connect(**conn_params)
_ _ _ _ _ _ _ _ _ _ _ _ _ _ _ _ _ _ _ _ _ _ _ _ _ _ _ _ _ _ _ _ _ _ _ _ _ _ _ _

cls = <class 'psycopg.Connection'>
conninfo = 'dbname=postgres client_encoding=UTF8 user=postgres password=postgres host=localhost port=5432 hostaddr=127.0.0.1'
autocommit = False, prepare_threshold = None
context = <psycopg.adapt.AdaptersMap object at 0x000001CEB3E42350>
row_factory = None
cursor_factory = <class 'django.db.backends.postgresql.base.Cursor'>
kwargs = {'client_encoding': 'UTF8', 'dbname': 'postgres', 'host': 'localhost', 'password': 'postgres', ...}
params = {'client_encoding': 'UTF8', 'dbname': 'postgres', 'host': 'localhost', 'password': 'postgres', ...}
timeout = 130

    @classmethod
    def connect(
        cls,
        conninfo: str = "",
        *,
        autocommit: bool = False,
        prepare_threshold: int | None = 5,
        context: AdaptContext | None = None,
        row_factory: RowFactory[Row] | None = None,
        cursor_factory: type[Cursor[Row]] | None = None,
        **kwargs: ConnParam,
    ) -> Self:
        """
        Connect to a database server and return a new `Connection` instance.
        """
    
        params = cls._get_connection_params(conninfo, **kwargs)
        timeout = timeout_from_conninfo(params)
        rv = None
        attempts = conninfo_attempts(params)
        conn_errors: list[tuple[e.Error, str]] = []
        for attempt in attempts:
            tdescr = (attempt.get("host"), attempt.get("port"), attempt.get("hostaddr"))
            descr = "host: %r, port: %r, hostaddr: %r" % tdescr
            logger.debug("connection attempt: %s", descr)
            try:
                conninfo = make_conninfo("", **attempt)
                gen = cls._connect_gen(conninfo, timeout=timeout)
                rv = waiting.wait_conn(gen, interval=_WAIT_INTERVAL)
            except e.Error as ex:
                logger.debug("connection failed: %s: %s", descr, str(ex))
                conn_errors.append((ex, descr))
            except e._NO_TRACEBACK as ex:
                raise ex.with_traceback(None)
            else:
                logger.debug("connection succeeded: %s", descr)
                break
    
        if not rv:
            last_ex = conn_errors[-1][0]
            if len(conn_errors) == 1:
                raise last_ex.with_traceback(None)
    
            # Create a new exception with the same type as the last one, containing
            # all attempt errors while preserving backward compatibility.
            lines = [str(last_ex)]
            lines.append("Multiple connection attempts failed. All failures were:")
            lines.extend((f"- {descr}: {error}" for error, descr in conn_errors))
>           raise type(last_ex)("\n".join(lines)).with_traceback(None)
E           psycopg.OperationalError: connection failed: connection to server at "127.0.0.1", port 5432 failed: FATAL:  la autentificaci\ufffdn password fall\ufffd para el usuario \ufffdpostgres\ufffd
E           Multiple connection attempts failed. All failures were:
E           - host: 'localhost', port: '5432', hostaddr: '::1': connection failed: connection to server at "::1", port 5432 failed: FATAL:  la autentificaci\ufffdn password fall\ufffd para el usuario \ufffdpostgres\ufffd
E           - host: 'localhost', port: '5432', hostaddr: '127.0.0.1': connection failed: connection to server at "127.0.0.1", port 5432 failed: FATAL:  la autentificaci\ufffdn password fall\ufffd para el usuario \ufffdpostgres\ufffd

..\..\..\AppData\Roaming\Python\Python313\site-packages\psycopg\connection.py:127: OperationalError

The above exception was the direct cause of the following exception:

self = <DatabaseWrapper vendor='postgresql' alias='default'>

    @contextmanager
    def _nodb_cursor(self):
        cursor = None
        try:
>           with super()._nodb_cursor() as cursor:

..\..\..\AppData\Roaming\Python\Python313\site-packages\django\db\backends\postgresql\base.py:507: 
_ _ _ _ _ _ _ _ _ _ _ _ _ _ _ _ _ _ _ _ _ _ _ _ _ _ _ _ _ _ _ _ _ _ _ _ _ _ _ _
C:\Python313\Lib\contextlib.py:141: in __enter__
    return next(self.gen)
..\..\..\AppData\Roaming\Python\Python313\site-packages\django\db\backends\base\base.py:712: in _nodb_cursor
    with conn.cursor() as cursor:
..\..\..\AppData\Roaming\Python\Python313\site-packages\django\utils\asyncio.py:26: in inner
    return func(*args, **kwargs)
..\..\..\AppData\Roaming\Python\Python313\site-packages\django\db\backends\base\base.py:320: in cursor
    return self._cursor()
..\..\..\AppData\Roaming\Python\Python313\site-packages\django\db\backends\base\base.py:296: in _cursor
    self.ensure_connection()
..\..\..\AppData\Roaming\Python\Python313\site-packages\django\utils\asyncio.py:26: in inner
    return func(*args, **kwargs)
..\..\..\AppData\Roaming\Python\Python313\site-packages\django\db\backends\base\base.py:278: in ensure_connection
    with self.wrap_database_errors:
..\..\..\AppData\Roaming\Python\Python313\site-packages\django\db\utils.py:91: in __exit__
    raise dj_exc_value.with_traceback(traceback) from exc_value
..\..\..\AppData\Roaming\Python\Python313\site-packages\django\db\backends\base\base.py:279: in ensure_connection
    self.connect()
..\..\..\AppData\Roaming\Python\Python313\site-packages\django\utils\asyncio.py:26: in inner
    return func(*args, **kwargs)
..\..\..\AppData\Roaming\Python\Python313\site-packages\django\db\backends\base\base.py:256: in connect
    self.connection = self.get_new_connection(conn_params)
..\..\..\AppData\Roaming\Python\Python313\site-packages\django\utils\asyncio.py:26: in inner
    return func(*args, **kwargs)
..\..\..\AppData\Roaming\Python\Python313\site-packages\django\db\backends\postgresql\base.py:332: in get_new_connection
    connection = self.Database.connect(**conn_params)
_ _ _ _ _ _ _ _ _ _ _ _ _ _ _ _ _ _ _ _ _ _ _ _ _ _ _ _ _ _ _ _ _ _ _ _ _ _ _ _

cls = <class 'psycopg.Connection'>
conninfo = 'dbname=postgres client_encoding=UTF8 user=postgres password=postgres host=localhost port=5432 hostaddr=127.0.0.1'
autocommit = False, prepare_threshold = None
context = <psycopg.adapt.AdaptersMap object at 0x000001CEB3E42350>
row_factory = None
cursor_factory = <class 'django.db.backends.postgresql.base.Cursor'>
kwargs = {'client_encoding': 'UTF8', 'dbname': 'postgres', 'host': 'localhost', 'password': 'postgres', ...}
params = {'client_encoding': 'UTF8', 'dbname': 'postgres', 'host': 'localhost', 'password': 'postgres', ...}
timeout = 130

    @classmethod
    def connect(
        cls,
        conninfo: str = "",
        *,
        autocommit: bool = False,
        prepare_threshold: int | None = 5,
        context: AdaptContext | None = None,
        row_factory: RowFactory[Row] | None = None,
        cursor_factory: type[Cursor[Row]] | None = None,
        **kwargs: ConnParam,
    ) -> Self:
        """
        Connect to a database server and return a new `Connection` instance.
        """
    
        params = cls._get_connection_params(conninfo, **kwargs)
        timeout = timeout_from_conninfo(params)
        rv = None
        attempts = conninfo_attempts(params)
        conn_errors: list[tuple[e.Error, str]] = []
        for attempt in attempts:
            tdescr = (attempt.get("host"), attempt.get("port"), attempt.get("hostaddr"))
            descr = "host: %r, port: %r, hostaddr: %r" % tdescr
            logger.debug("connection attempt: %s", descr)
            try:
                conninfo = make_conninfo("", **attempt)
                gen = cls._connect_gen(conninfo, timeout=timeout)
                rv = waiting.wait_conn(gen, interval=_WAIT_INTERVAL)
            except e.Error as ex:
                logger.debug("connection failed: %s: %s", descr, str(ex))
                conn_errors.append((ex, descr))
            except e._NO_TRACEBACK as ex:
                raise ex.with_traceback(None)
            else:
                logger.debug("connection succeeded: %s", descr)
                break
    
        if not rv:
            last_ex = conn_errors[-1][0]
            if len(conn_errors) == 1:
                raise last_ex.with_traceback(None)
    
            # Create a new exception with the same type as the last one, containing
            # all attempt errors while preserving backward compatibility.
            lines = [str(last_ex)]
            lines.append("Multiple connection attempts failed. All failures were:")
            lines.extend((f"- {descr}: {error}" for error, descr in conn_errors))
>           raise type(last_ex)("\n".join(lines)).with_traceback(None)
E           django.db.utils.OperationalError: connection failed: connection to server at "127.0.0.1", port 5432 failed: FATAL:  la autentificaci\ufffdn password fall\ufffd para el usuario \ufffdpostgres\ufffd
E           Multiple connection attempts failed. All failures were:
E           - host: 'localhost', port: '5432', hostaddr: '::1': connection failed: connection to server at "::1", port 5432 failed: FATAL:  la autentificaci\ufffdn password fall\ufffd para el usuario \ufffdpostgres\ufffd
E           - host: 'localhost', port: '5432', hostaddr: '127.0.0.1': connection failed: connection to server at "127.0.0.1", port 5432 failed: FATAL:  la autentificaci\ufffdn password fall\ufffd para el usuario \ufffdpostgres\ufffd

..\..\..\AppData\Roaming\Python\Python313\site-packages\psycopg\connection.py:127: OperationalError

During handling of the above exception, another exception occurred:

self = <DatabaseWrapper vendor='postgresql' alias='default'>

    @async_unsafe
    def ensure_connection(self):
        """Guarantee that a connection to the database is established."""
        if self.connection is None:
            if self.in_atomic_block and self.closed_in_transaction:
                raise ProgrammingError(
                    "Cannot open a new connection in an atomic block."
                )
            with self.wrap_database_errors:
>               self.connect()

..\..\..\AppData\Roaming\Python\Python313\site-packages\django\db\backends\base\base.py:279: 
_ _ _ _ _ _ _ _ _ _ _ _ _ _ _ _ _ _ _ _ _ _ _ _ _ _ _ _ _ _ _ _ _ _ _ _ _ _ _ _
..\..\..\AppData\Roaming\Python\Python313\site-packages\django\utils\asyncio.py:26: in inner
    return func(*args, **kwargs)
..\..\..\AppData\Roaming\Python\Python313\site-packages\django\db\backends\base\base.py:256: in connect
    self.connection = self.get_new_connection(conn_params)
..\..\..\AppData\Roaming\Python\Python313\site-packages\django\utils\asyncio.py:26: in inner
    return func(*args, **kwargs)
..\..\..\AppData\Roaming\Python\Python313\site-packages\django\db\backends\postgresql\base.py:332: in get_new_connection
    connection = self.Database.connect(**conn_params)
_ _ _ _ _ _ _ _ _ _ _ _ _ _ _ _ _ _ _ _ _ _ _ _ _ _ _ _ _ _ _ _ _ _ _ _ _ _ _ _

cls = <class 'psycopg.Connection'>
conninfo = 'dbname=ruffles_db client_encoding=UTF8 user=postgres password=postgres host=localhost port=5432 hostaddr=127.0.0.1'
autocommit = False, prepare_threshold = None
context = <psycopg.adapt.AdaptersMap object at 0x000001CEB3E42350>
row_factory = None
cursor_factory = <class 'django.db.backends.postgresql.base.Cursor'>
kwargs = {'client_encoding': 'UTF8', 'dbname': 'ruffles_db', 'host': 'localhost', 'password': 'postgres', ...}
params = {'client_encoding': 'UTF8', 'dbname': 'ruffles_db', 'host': 'localhost', 'password': 'postgres', ...}
timeout = 130

    @classmethod
    def connect(
        cls,
        conninfo: str = "",
        *,
        autocommit: bool = False,
        prepare_threshold: int | None = 5,
        context: AdaptContext | None = None,
        row_factory: RowFactory[Row] | None = None,
        cursor_factory: type[Cursor[Row]] | None = None,
        **kwargs: ConnParam,
    ) -> Self:
        """
        Connect to a database server and return a new `Connection` instance.
        """
    
        params = cls._get_connection_params(conninfo, **kwargs)
        timeout = timeout_from_conninfo(params)
        rv = None
        attempts = conninfo_attempts(params)
        conn_errors: list[tuple[e.Error, str]] = []
        for attempt in attempts:
            tdescr = (attempt.get("host"), attempt.get("port"), attempt.get("hostaddr"))
            descr = "host: %r, port: %r, hostaddr: %r" % tdescr
            logger.debug("connection attempt: %s", descr)
            try:
                conninfo = make_conninfo("", **attempt)
                gen = cls._connect_gen(conninfo, timeout=timeout)
                rv = waiting.wait_conn(gen, interval=_WAIT_INTERVAL)
            except e.Error as ex:
                logger.debug("connection failed: %s: %s", descr, str(ex))
                conn_errors.append((ex, descr))
            except e._NO_TRACEBACK as ex:
                raise ex.with_traceback(None)
            else:
                logger.debug("connection succeeded: %s", descr)
                break
    
        if not rv:
            last_ex = conn_errors[-1][0]
            if len(conn_errors) == 1:
                raise last_ex.with_traceback(None)
    
            # Create a new exception with the same type as the last one, containing
            # all attempt errors while preserving backward compatibility.
            lines = [str(last_ex)]
            lines.append("Multiple connection attempts failed. All failures were:")
            lines.extend((f"- {descr}: {error}" for error, descr in conn_errors))
>           raise type(last_ex)("\n".join(lines)).with_traceback(None)
E           psycopg.OperationalError: connection failed: connection to server at "127.0.0.1", port 5432 failed: FATAL:  la autentificaci\ufffdn password fall\ufffd para el usuario \ufffdpostgres\ufffd
E           Multiple connection attempts failed. All failures were:
E           - host: 'localhost', port: '5432', hostaddr: '::1': connection failed: connection to server at "::1", port 5432 failed: FATAL:  la autentificaci\ufffdn password fall\ufffd para el usuario \ufffdpostgres\ufffd
E           - host: 'localhost', port: '5432', hostaddr: '127.0.0.1': connection failed: connection to server at "127.0.0.1", port 5432 failed: FATAL:  la autentificaci\ufffdn password fall\ufffd para el usuario \ufffdpostgres\ufffd

..\..\..\AppData\Roaming\Python\Python313\site-packages\psycopg\connection.py:127: OperationalError

The above exception was the direct cause of the following exception:

request = <SubRequest 'django_db_setup' for <Function test_login_success_returns_jwt>>
django_test_environment = None
django_db_blocker = <pytest_django.plugin.DjangoDbBlocker object at 0x000001CEB17F0050>
django_db_use_migrations = True, django_db_keepdb = False
django_db_createdb = False, django_db_modify_db_settings = None

    @pytest.fixture(scope="session")
    def django_db_setup(
        request: pytest.FixtureRequest,
        django_test_environment: None,
        django_db_blocker: DjangoDbBlocker,
        django_db_use_migrations: bool,
        django_db_keepdb: bool,
        django_db_createdb: bool,
        django_db_modify_db_settings: None,
    ) -> Generator[None, None, None]:
        """Top level fixture to ensure test databases are available"""
        from django.test.utils import setup_databases, teardown_databases
    
        setup_databases_args = {}
    
        if not django_db_use_migrations:
            _disable_migrations()
    
        if django_db_keepdb and not django_db_createdb:
            setup_databases_args["keepdb"] = True
    
        with django_db_blocker.unblock():
>           db_cfg = setup_databases(
                verbosity=request.config.option.verbose,
                interactive=False,
                **setup_databases_args,
            )

..\..\..\AppData\Roaming\Python\Python313\site-packages\pytest_django\fixtures.py:140: 
_ _ _ _ _ _ _ _ _ _ _ _ _ _ _ _ _ _ _ _ _ _ _ _ _ _ _ _ _ _ _ _ _ _ _ _ _ _ _ _
..\..\..\AppData\Roaming\Python\Python313\site-packages\django\test\utils.py:204: in setup_databases
    connection.creation.create_test_db(
..\..\..\AppData\Roaming\Python\Python313\site-packages\django\db\backends\base\creation.py:62: in create_test_db
    self._create_test_db(verbosity, autoclobber, keepdb)
..\..\..\AppData\Roaming\Python\Python313\site-packages\django\db\backends\base\creation.py:202: in _create_test_db
    with self._nodb_cursor() as cursor:
C:\Python313\Lib\contextlib.py:141: in __enter__
    return next(self.gen)
..\..\..\AppData\Roaming\Python\Python313\site-packages\django\db\backends\postgresql\base.py:533: in _nodb_cursor
    with conn.cursor() as cursor:
..\..\..\AppData\Roaming\Python\Python313\site-packages\django\utils\asyncio.py:26: in inner
    return func(*args, **kwargs)
..\..\..\AppData\Roaming\Python\Python313\site-packages\django\db\backends\base\base.py:320: in cursor
    return self._cursor()
..\..\..\AppData\Roaming\Python\Python313\site-packages\django\db\backends\base\base.py:296: in _cursor
    self.ensure_connection()
..\..\..\AppData\Roaming\Python\Python313\site-packages\django\utils\asyncio.py:26: in inner
    return func(*args, **kwargs)
..\..\..\AppData\Roaming\Python\Python313\site-packages\django\db\backends\base\base.py:278: in ensure_connection
    with self.wrap_database_errors:
..\..\..\AppData\Roaming\Python\Python313\site-packages\django\db\utils.py:91: in __exit__
    raise dj_exc_value.with_traceback(traceback) from exc_value
..\..\..\AppData\Roaming\Python\Python313\site-packages\django\db\backends\base\base.py:279: in ensure_connection
    self.connect()
..\..\..\AppData\Roaming\Python\Python313\site-packages\django\utils\asyncio.py:26: in inner
    return func(*args, **kwargs)
..\..\..\AppData\Roaming\Python\Python313\site-packages\django\db\backends\base\base.py:256: in connect
    self.connection = self.get_new_connection(conn_params)
..\..\..\AppData\Roaming\Python\Python313\site-packages\django\utils\asyncio.py:26: in inner
    return func(*args, **kwargs)
..\..\..\AppData\Roaming\Python\Python313\site-packages\django\db\backends\postgresql\base.py:332: in get_new_connection
    connection = self.Database.connect(**conn_params)
_ _ _ _ _ _ _ _ _ _ _ _ _ _ _ _ _ _ _ _ _ _ _ _ _ _ _ _ _ _ _ _ _ _ _ _ _ _ _ _

cls = <class 'psycopg.Connection'>
conninfo = 'dbname=ruffles_db client_encoding=UTF8 user=postgres password=postgres host=localhost port=5432 hostaddr=127.0.0.1'
autocommit = False, prepare_threshold = None
context = <psycopg.adapt.AdaptersMap object at 0x000001CEB3E42350>
row_factory = None
cursor_factory = <class 'django.db.backends.postgresql.base.Cursor'>
kwargs = {'client_encoding': 'UTF8', 'dbname': 'ruffles_db', 'host': 'localhost', 'password': 'postgres', ...}
params = {'client_encoding': 'UTF8', 'dbname': 'ruffles_db', 'host': 'localhost', 'password': 'postgres', ...}
timeout = 130

    @classmethod
    def connect(
        cls,
        conninfo: str = "",
        *,
        autocommit: bool = False,
        prepare_threshold: int | None = 5,
        context: AdaptContext | None = None,
        row_factory: RowFactory[Row] | None = None,
        cursor_factory: type[Cursor[Row]] | None = None,
        **kwargs: ConnParam,
    ) -> Self:
        """
        Connect to a database server and return a new `Connection` instance.
        """
    
        params = cls._get_connection_params(conninfo, **kwargs)
        timeout = timeout_from_conninfo(params)
        rv = None
        attempts = conninfo_attempts(params)
        conn_errors: list[tuple[e.Error, str]] = []
        for attempt in attempts:
            tdescr = (attempt.get("host"), attempt.get("port"), attempt.get("hostaddr"))
            descr = "host: %r, port: %r, hostaddr: %r" % tdescr
            logger.debug("connection attempt: %s", descr)
            try:
                conninfo = make_conninfo("", **attempt)
                gen = cls._connect_gen(conninfo, timeout=timeout)
                rv = waiting.wait_conn(gen, interval=_WAIT_INTERVAL)
            except e.Error as ex:
                logger.debug("connection failed: %s: %s", descr, str(ex))
                conn_errors.append((ex, descr))
            except e._NO_TRACEBACK as ex:
                raise ex.with_traceback(None)
            else:
                logger.debug("connection succeeded: %s", descr)
                break
    
        if not rv:
            last_ex = conn_errors[-1][0]
            if len(conn_errors) == 1:
                raise last_ex.with_traceback(None)
    
            # Create a new exception with the same type as the last one, containing
            # all attempt errors while preserving backward compatibility.
            lines = [str(last_ex)]
            lines.append("Multiple connection attempts failed. All failures were:")
            lines.extend((f"- {descr}: {error}" for error, descr in conn_errors))
>           raise type(last_ex)("\n".join(lines)).with_traceback(None)
E           django.db.utils.OperationalError: connection failed: connection to server at "127.0.0.1", port 5432 failed: FATAL:  la autentificaci\ufffdn password fall\ufffd para el usuario \ufffdpostgres\ufffd
E           Multiple connection attempts failed. All failures were:
E           - host: 'localhost', port: '5432', hostaddr: '::1': connection failed: connection to server at "::1", port 5432 failed: FATAL:  la autentificaci\ufffdn password fall\ufffd para el usuario \ufffdpostgres\ufffd
E           - host: 'localhost', port: '5432', hostaddr: '127.0.0.1': connection failed: connection to server at "127.0.0.1", port 5432 failed: FATAL:  la autentificaci\ufffdn password fall\ufffd para el usuario \ufffdpostgres\ufffd

..\..\..\AppData\Roaming\Python\Python313\site-packages\psycopg\connection.py:127: OperationalError
________________ ERROR at setup of test_login_nonexistent_user ________________

self = <DatabaseWrapper vendor='postgresql' alias='__no_db__'>

    @async_unsafe
    def ensure_connection(self):
        """Guarantee that a connection to the database is established."""
        if self.connection is None:
            if self.in_atomic_block and self.closed_in_transaction:
                raise ProgrammingError(
                    "Cannot open a new connection in an atomic block."
                )
            with self.wrap_database_errors:
>               self.connect()

..\..\..\AppData\Roaming\Python\Python313\site-packages\django\db\backends\base\base.py:279: 
_ _ _ _ _ _ _ _ _ _ _ _ _ _ _ _ _ _ _ _ _ _ _ _ _ _ _ _ _ _ _ _ _ _ _ _ _ _ _ _
..\..\..\AppData\Roaming\Python\Python313\site-packages\django\utils\asyncio.py:26: in inner
    return func(*args, **kwargs)
..\..\..\AppData\Roaming\Python\Python313\site-packages\django\db\backends\base\base.py:256: in connect
    self.connection = self.get_new_connection(conn_params)
..\..\..\AppData\Roaming\Python\Python313\site-packages\django\utils\asyncio.py:26: in inner
    return func(*args, **kwargs)
..\..\..\AppData\Roaming\Python\Python313\site-packages\django\db\backends\postgresql\base.py:332: in get_new_connection
    connection = self.Database.connect(**conn_params)
_ _ _ _ _ _ _ _ _ _ _ _ _ _ _ _ _ _ _ _ _ _ _ _ _ _ _ _ _ _ _ _ _ _ _ _ _ _ _ _

cls = <class 'psycopg.Connection'>
conninfo = 'dbname=postgres client_encoding=UTF8 user=postgres password=postgres host=localhost port=5432 hostaddr=127.0.0.1'
autocommit = False, prepare_threshold = None
context = <psycopg.adapt.AdaptersMap object at 0x000001CEB3E42350>
row_factory = None
cursor_factory = <class 'django.db.backends.postgresql.base.Cursor'>
kwargs = {'client_encoding': 'UTF8', 'dbname': 'postgres', 'host': 'localhost', 'password': 'postgres', ...}
params = {'client_encoding': 'UTF8', 'dbname': 'postgres', 'host': 'localhost', 'password': 'postgres', ...}
timeout = 130

    @classmethod
    def connect(
        cls,
        conninfo: str = "",
        *,
        autocommit: bool = False,
        prepare_threshold: int | None = 5,
        context: AdaptContext | None = None,
        row_factory: RowFactory[Row] | None = None,
        cursor_factory: type[Cursor[Row]] | None = None,
        **kwargs: ConnParam,
    ) -> Self:
        """
        Connect to a database server and return a new `Connection` instance.
        """
    
        params = cls._get_connection_params(conninfo, **kwargs)
        timeout = timeout_from_conninfo(params)
        rv = None
        attempts = conninfo_attempts(params)
        conn_errors: list[tuple[e.Error, str]] = []
        for attempt in attempts:
            tdescr = (attempt.get("host"), attempt.get("port"), attempt.get("hostaddr"))
            descr = "host: %r, port: %r, hostaddr: %r" % tdescr
            logger.debug("connection attempt: %s", descr)
            try:
                conninfo = make_conninfo("", **attempt)
                gen = cls._connect_gen(conninfo, timeout=timeout)
                rv = waiting.wait_conn(gen, interval=_WAIT_INTERVAL)
            except e.Error as ex:
                logger.debug("connection failed: %s: %s", descr, str(ex))
                conn_errors.append((ex, descr))
            except e._NO_TRACEBACK as ex:
                raise ex.with_traceback(None)
            else:
                logger.debug("connection succeeded: %s", descr)
                break
    
        if not rv:
            last_ex = conn_errors[-1][0]
            if len(conn_errors) == 1:
                raise last_ex.with_traceback(None)
    
            # Create a new exception with the same type as the last one, containing
            # all attempt errors while preserving backward compatibility.
            lines = [str(last_ex)]
            lines.append("Multiple connection attempts failed. All failures were:")
            lines.extend((f"- {descr}: {error}" for error, descr in conn_errors))
>           raise type(last_ex)("\n".join(lines)).with_traceback(None)
E           psycopg.OperationalError: connection failed: connection to server at "127.0.0.1", port 5432 failed: FATAL:  la autentificaci\ufffdn password fall\ufffd para el usuario \ufffdpostgres\ufffd
E           Multiple connection attempts failed. All failures were:
E           - host: 'localhost', port: '5432', hostaddr: '::1': connection failed: connection to server at "::1", port 5432 failed: FATAL:  la autentificaci\ufffdn password fall\ufffd para el usuario \ufffdpostgres\ufffd
E           - host: 'localhost', port: '5432', hostaddr: '127.0.0.1': connection failed: connection to server at "127.0.0.1", port 5432 failed: FATAL:  la autentificaci\ufffdn password fall\ufffd para el usuario \ufffdpostgres\ufffd

..\..\..\AppData\Roaming\Python\Python313\site-packages\psycopg\connection.py:127: OperationalError

The above exception was the direct cause of the following exception:

self = <DatabaseWrapper vendor='postgresql' alias='default'>

    @contextmanager
    def _nodb_cursor(self):
        cursor = None
        try:
>           with super()._nodb_cursor() as cursor:

..\..\..\AppData\Roaming\Python\Python313\site-packages\django\db\backends\postgresql\base.py:507: 
_ _ _ _ _ _ _ _ _ _ _ _ _ _ _ _ _ _ _ _ _ _ _ _ _ _ _ _ _ _ _ _ _ _ _ _ _ _ _ _
C:\Python313\Lib\contextlib.py:141: in __enter__
    return next(self.gen)
..\..\..\AppData\Roaming\Python\Python313\site-packages\django\db\backends\base\base.py:712: in _nodb_cursor
    with conn.cursor() as cursor:
..\..\..\AppData\Roaming\Python\Python313\site-packages\django\utils\asyncio.py:26: in inner
    return func(*args, **kwargs)
..\..\..\AppData\Roaming\Python\Python313\site-packages\django\db\backends\base\base.py:320: in cursor
    return self._cursor()
..\..\..\AppData\Roaming\Python\Python313\site-packages\django\db\backends\base\base.py:296: in _cursor
    self.ensure_connection()
..\..\..\AppData\Roaming\Python\Python313\site-packages\django\utils\asyncio.py:26: in inner
    return func(*args, **kwargs)
..\..\..\AppData\Roaming\Python\Python313\site-packages\django\db\backends\base\base.py:278: in ensure_connection
    with self.wrap_database_errors:
..\..\..\AppData\Roaming\Python\Python313\site-packages\django\db\utils.py:91: in __exit__
    raise dj_exc_value.with_traceback(traceback) from exc_value
..\..\..\AppData\Roaming\Python\Python313\site-packages\django\db\backends\base\base.py:279: in ensure_connection
    self.connect()
..\..\..\AppData\Roaming\Python\Python313\site-packages\django\utils\asyncio.py:26: in inner
    return func(*args, **kwargs)
..\..\..\AppData\Roaming\Python\Python313\site-packages\django\db\backends\base\base.py:256: in connect
    self.connection = self.get_new_connection(conn_params)
..\..\..\AppData\Roaming\Python\Python313\site-packages\django\utils\asyncio.py:26: in inner
    return func(*args, **kwargs)
..\..\..\AppData\Roaming\Python\Python313\site-packages\django\db\backends\postgresql\base.py:332: in get_new_connection
    connection = self.Database.connect(**conn_params)
_ _ _ _ _ _ _ _ _ _ _ _ _ _ _ _ _ _ _ _ _ _ _ _ _ _ _ _ _ _ _ _ _ _ _ _ _ _ _ _

cls = <class 'psycopg.Connection'>
conninfo = 'dbname=postgres client_encoding=UTF8 user=postgres password=postgres host=localhost port=5432 hostaddr=127.0.0.1'
autocommit = False, prepare_threshold = None
context = <psycopg.adapt.AdaptersMap object at 0x000001CEB3E42350>
row_factory = None
cursor_factory = <class 'django.db.backends.postgresql.base.Cursor'>
kwargs = {'client_encoding': 'UTF8', 'dbname': 'postgres', 'host': 'localhost', 'password': 'postgres', ...}
params = {'client_encoding': 'UTF8', 'dbname': 'postgres', 'host': 'localhost', 'password': 'postgres', ...}
timeout = 130

    @classmethod
    def connect(
        cls,
        conninfo: str = "",
        *,
        autocommit: bool = False,
        prepare_threshold: int | None = 5,
        context: AdaptContext | None = None,
        row_factory: RowFactory[Row] | None = None,
        cursor_factory: type[Cursor[Row]] | None = None,
        **kwargs: ConnParam,
    ) -> Self:
        """
        Connect to a database server and return a new `Connection` instance.
        """
    
        params = cls._get_connection_params(conninfo, **kwargs)
        timeout = timeout_from_conninfo(params)
        rv = None
        attempts = conninfo_attempts(params)
        conn_errors: list[tuple[e.Error, str]] = []
        for attempt in attempts:
            tdescr = (attempt.get("host"), attempt.get("port"), attempt.get("hostaddr"))
            descr = "host: %r, port: %r, hostaddr: %r" % tdescr
            logger.debug("connection attempt: %s", descr)
            try:
                conninfo = make_conninfo("", **attempt)
                gen = cls._connect_gen(conninfo, timeout=timeout)
                rv = waiting.wait_conn(gen, interval=_WAIT_INTERVAL)
            except e.Error as ex:
                logger.debug("connection failed: %s: %s", descr, str(ex))
                conn_errors.append((ex, descr))
            except e._NO_TRACEBACK as ex:
                raise ex.with_traceback(None)
            else:
                logger.debug("connection succeeded: %s", descr)
                break
    
        if not rv:
            last_ex = conn_errors[-1][0]
            if len(conn_errors) == 1:
                raise last_ex.with_traceback(None)
    
            # Create a new exception with the same type as the last one, containing
            # all attempt errors while preserving backward compatibility.
            lines = [str(last_ex)]
            lines.append("Multiple connection attempts failed. All failures were:")
            lines.extend((f"- {descr}: {error}" for error, descr in conn_errors))
>           raise type(last_ex)("\n".join(lines)).with_traceback(None)
E           django.db.utils.OperationalError: connection failed: connection to server at "127.0.0.1", port 5432 failed: FATAL:  la autentificaci\ufffdn password fall\ufffd para el usuario \ufffdpostgres\ufffd
E           Multiple connection attempts failed. All failures were:
E           - host: 'localhost', port: '5432', hostaddr: '::1': connection failed: connection to server at "::1", port 5432 failed: FATAL:  la autentificaci\ufffdn password fall\ufffd para el usuario \ufffdpostgres\ufffd
E           - host: 'localhost', port: '5432', hostaddr: '127.0.0.1': connection failed: connection to server at "127.0.0.1", port 5432 failed: FATAL:  la autentificaci\ufffdn password fall\ufffd para el usuario \ufffdpostgres\ufffd

..\..\..\AppData\Roaming\Python\Python313\site-packages\psycopg\connection.py:127: OperationalError

During handling of the above exception, another exception occurred:

self = <DatabaseWrapper vendor='postgresql' alias='default'>

    @async_unsafe
    def ensure_connection(self):
        """Guarantee that a connection to the database is established."""
        if self.connection is None:
            if self.in_atomic_block and self.closed_in_transaction:
                raise ProgrammingError(
                    "Cannot open a new connection in an atomic block."
                )
            with self.wrap_database_errors:
>               self.connect()

..\..\..\AppData\Roaming\Python\Python313\site-packages\django\db\backends\base\base.py:279: 
_ _ _ _ _ _ _ _ _ _ _ _ _ _ _ _ _ _ _ _ _ _ _ _ _ _ _ _ _ _ _ _ _ _ _ _ _ _ _ _
..\..\..\AppData\Roaming\Python\Python313\site-packages\django\utils\asyncio.py:26: in inner
    return func(*args, **kwargs)
..\..\..\AppData\Roaming\Python\Python313\site-packages\django\db\backends\base\base.py:256: in connect
    self.connection = self.get_new_connection(conn_params)
..\..\..\AppData\Roaming\Python\Python313\site-packages\django\utils\asyncio.py:26: in inner
    return func(*args, **kwargs)
..\..\..\AppData\Roaming\Python\Python313\site-packages\django\db\backends\postgresql\base.py:332: in get_new_connection
    connection = self.Database.connect(**conn_params)
_ _ _ _ _ _ _ _ _ _ _ _ _ _ _ _ _ _ _ _ _ _ _ _ _ _ _ _ _ _ _ _ _ _ _ _ _ _ _ _

cls = <class 'psycopg.Connection'>
conninfo = 'dbname=ruffles_db client_encoding=UTF8 user=postgres password=postgres host=localhost port=5432 hostaddr=127.0.0.1'
autocommit = False, prepare_threshold = None
context = <psycopg.adapt.AdaptersMap object at 0x000001CEB3E42350>
row_factory = None
cursor_factory = <class 'django.db.backends.postgresql.base.Cursor'>
kwargs = {'client_encoding': 'UTF8', 'dbname': 'ruffles_db', 'host': 'localhost', 'password': 'postgres', ...}
params = {'client_encoding': 'UTF8', 'dbname': 'ruffles_db', 'host': 'localhost', 'password': 'postgres', ...}
timeout = 130

    @classmethod
    def connect(
        cls,
        conninfo: str = "",
        *,
        autocommit: bool = False,
        prepare_threshold: int | None = 5,
        context: AdaptContext | None = None,
        row_factory: RowFactory[Row] | None = None,
        cursor_factory: type[Cursor[Row]] | None = None,
        **kwargs: ConnParam,
    ) -> Self:
        """
        Connect to a database server and return a new `Connection` instance.
        """
    
        params = cls._get_connection_params(conninfo, **kwargs)
        timeout = timeout_from_conninfo(params)
        rv = None
        attempts = conninfo_attempts(params)
        conn_errors: list[tuple[e.Error, str]] = []
        for attempt in attempts:
            tdescr = (attempt.get("host"), attempt.get("port"), attempt.get("hostaddr"))
            descr = "host: %r, port: %r, hostaddr: %r" % tdescr
            logger.debug("connection attempt: %s", descr)
            try:
                conninfo = make_conninfo("", **attempt)
                gen = cls._connect_gen(conninfo, timeout=timeout)
                rv = waiting.wait_conn(gen, interval=_WAIT_INTERVAL)
            except e.Error as ex:
                logger.debug("connection failed: %s: %s", descr, str(ex))
                conn_errors.append((ex, descr))
            except e._NO_TRACEBACK as ex:
                raise ex.with_traceback(None)
            else:
                logger.debug("connection succeeded: %s", descr)
                break
    
        if not rv:
            last_ex = conn_errors[-1][0]
            if len(conn_errors) == 1:
                raise last_ex.with_traceback(None)
    
            # Create a new exception with the same type as the last one, containing
            # all attempt errors while preserving backward compatibility.
            lines = [str(last_ex)]
            lines.append("Multiple connection attempts failed. All failures were:")
            lines.extend((f"- {descr}: {error}" for error, descr in conn_errors))
>           raise type(last_ex)("\n".join(lines)).with_traceback(None)
E           psycopg.OperationalError: connection failed: connection to server at "127.0.0.1", port 5432 failed: FATAL:  la autentificaci\ufffdn password fall\ufffd para el usuario \ufffdpostgres\ufffd
E           Multiple connection attempts failed. All failures were:
E           - host: 'localhost', port: '5432', hostaddr: '::1': connection failed: connection to server at "::1", port 5432 failed: FATAL:  la autentificaci\ufffdn password fall\ufffd para el usuario \ufffdpostgres\ufffd
E           - host: 'localhost', port: '5432', hostaddr: '127.0.0.1': connection failed: connection to server at "127.0.0.1", port 5432 failed: FATAL:  la autentificaci\ufffdn password fall\ufffd para el usuario \ufffdpostgres\ufffd

..\..\..\AppData\Roaming\Python\Python313\site-packages\psycopg\connection.py:127: OperationalError

The above exception was the direct cause of the following exception:

request = <SubRequest '_django_db_marker' for <Function test_login_nonexistent_user>>

    @pytest.fixture(autouse=True)
    def _django_db_marker(request: pytest.FixtureRequest) -> None:
        """Implement the django_db marker, internal to pytest-django."""
        marker = request.node.get_closest_marker("django_db")
        if marker:
>           request.getfixturevalue("_django_db_helper")

..\..\..\AppData\Roaming\Python\Python313\site-packages\pytest_django\plugin.py:527: 
_ _ _ _ _ _ _ _ _ _ _ _ _ _ _ _ _ _ _ _ _ _ _ _ _ _ _ _ _ _ _ _ _ _ _ _ _ _ _ _
..\..\..\AppData\Roaming\Python\Python313\site-packages\pytest_django\fixtures.py:140: in django_db_setup
    db_cfg = setup_databases(
..\..\..\AppData\Roaming\Python\Python313\site-packages\django\test\utils.py:204: in setup_databases
    connection.creation.create_test_db(
..\..\..\AppData\Roaming\Python\Python313\site-packages\django\db\backends\base\creation.py:62: in create_test_db
    self._create_test_db(verbosity, autoclobber, keepdb)
..\..\..\AppData\Roaming\Python\Python313\site-packages\django\db\backends\base\creation.py:202: in _create_test_db
    with self._nodb_cursor() as cursor:
C:\Python313\Lib\contextlib.py:141: in __enter__
    return next(self.gen)
..\..\..\AppData\Roaming\Python\Python313\site-packages\django\db\backends\postgresql\base.py:533: in _nodb_cursor
    with conn.cursor() as cursor:
..\..\..\AppData\Roaming\Python\Python313\site-packages\django\utils\asyncio.py:26: in inner
    return func(*args, **kwargs)
..\..\..\AppData\Roaming\Python\Python313\site-packages\django\db\backends\base\base.py:320: in cursor
    return self._cursor()
..\..\..\AppData\Roaming\Python\Python313\site-packages\django\db\backends\base\base.py:296: in _cursor
    self.ensure_connection()
..\..\..\AppData\Roaming\Python\Python313\site-packages\django\utils\asyncio.py:26: in inner
    return func(*args, **kwargs)
..\..\..\AppData\Roaming\Python\Python313\site-packages\django\db\backends\base\base.py:278: in ensure_connection
    with self.wrap_database_errors:
..\..\..\AppData\Roaming\Python\Python313\site-packages\django\db\utils.py:91: in __exit__
    raise dj_exc_value.with_traceback(traceback) from exc_value
..\..\..\AppData\Roaming\Python\Python313\site-packages\django\db\backends\base\base.py:279: in ensure_connection
    self.connect()
..\..\..\AppData\Roaming\Python\Python313\site-packages\django\utils\asyncio.py:26: in inner
    return func(*args, **kwargs)
..\..\..\AppData\Roaming\Python\Python313\site-packages\django\db\backends\base\base.py:256: in connect
    self.connection = self.get_new_connection(conn_params)
..\..\..\AppData\Roaming\Python\Python313\site-packages\django\utils\asyncio.py:26: in inner
    return func(*args, **kwargs)
..\..\..\AppData\Roaming\Python\Python313\site-packages\django\db\backends\postgresql\base.py:332: in get_new_connection
    connection = self.Database.connect(**conn_params)
_ _ _ _ _ _ _ _ _ _ _ _ _ _ _ _ _ _ _ _ _ _ _ _ _ _ _ _ _ _ _ _ _ _ _ _ _ _ _ _

cls = <class 'psycopg.Connection'>
conninfo = 'dbname=ruffles_db client_encoding=UTF8 user=postgres password=postgres host=localhost port=5432 hostaddr=127.0.0.1'
autocommit = False, prepare_threshold = None
context = <psycopg.adapt.AdaptersMap object at 0x000001CEB3E42350>
row_factory = None
cursor_factory = <class 'django.db.backends.postgresql.base.Cursor'>
kwargs = {'client_encoding': 'UTF8', 'dbname': 'ruffles_db', 'host': 'localhost', 'password': 'postgres', ...}
params = {'client_encoding': 'UTF8', 'dbname': 'ruffles_db', 'host': 'localhost', 'password': 'postgres', ...}
timeout = 130

    @classmethod
    def connect(
        cls,
        conninfo: str = "",
        *,
        autocommit: bool = False,
        prepare_threshold: int | None = 5,
        context: AdaptContext | None = None,
        row_factory: RowFactory[Row] | None = None,
        cursor_factory: type[Cursor[Row]] | None = None,
        **kwargs: ConnParam,
    ) -> Self:
        """
        Connect to a database server and return a new `Connection` instance.
        """
    
        params = cls._get_connection_params(conninfo, **kwargs)
        timeout = timeout_from_conninfo(params)
        rv = None
        attempts = conninfo_attempts(params)
        conn_errors: list[tuple[e.Error, str]] = []
        for attempt in attempts:
            tdescr = (attempt.get("host"), attempt.get("port"), attempt.get("hostaddr"))
            descr = "host: %r, port: %r, hostaddr: %r" % tdescr
            logger.debug("connection attempt: %s", descr)
            try:
                conninfo = make_conninfo("", **attempt)
                gen = cls._connect_gen(conninfo, timeout=timeout)
                rv = waiting.wait_conn(gen, interval=_WAIT_INTERVAL)
            except e.Error as ex:
                logger.debug("connection failed: %s: %s", descr, str(ex))
                conn_errors.append((ex, descr))
            except e._NO_TRACEBACK as ex:
                raise ex.with_traceback(None)
            else:
                logger.debug("connection succeeded: %s", descr)
                break
    
        if not rv:
            last_ex = conn_errors[-1][0]
            if len(conn_errors) == 1:
                raise last_ex.with_traceback(None)
    
            # Create a new exception with the same type as the last one, containing
            # all attempt errors while preserving backward compatibility.
            lines = [str(last_ex)]
            lines.append("Multiple connection attempts failed. All failures were:")
            lines.extend((f"- {descr}: {error}" for error, descr in conn_errors))
>           raise type(last_ex)("\n".join(lines)).with_traceback(None)
E           django.db.utils.OperationalError: connection failed: connection to server at "127.0.0.1", port 5432 failed: FATAL:  la autentificaci\ufffdn password fall\ufffd para el usuario \ufffdpostgres\ufffd
E           Multiple connection attempts failed. All failures were:
E           - host: 'localhost', port: '5432', hostaddr: '::1': connection failed: connection to server at "::1", port 5432 failed: FATAL:  la autentificaci\ufffdn password fall\ufffd para el usuario \ufffdpostgres\ufffd
E           - host: 'localhost', port: '5432', hostaddr: '127.0.0.1': connection failed: connection to server at "127.0.0.1", port 5432 failed: FATAL:  la autentificaci\ufffdn password fall\ufffd para el usuario \ufffdpostgres\ufffd

..\..\..\AppData\Roaming\Python\Python313\site-packages\psycopg\connection.py:127: OperationalError
_________________ ERROR at setup of test_login_inactive_user __________________

self = <DatabaseWrapper vendor='postgresql' alias='__no_db__'>

    @async_unsafe
    def ensure_connection(self):
        """Guarantee that a connection to the database is established."""
        if self.connection is None:
            if self.in_atomic_block and self.closed_in_transaction:
                raise ProgrammingError(
                    "Cannot open a new connection in an atomic block."
                )
            with self.wrap_database_errors:
>               self.connect()

..\..\..\AppData\Roaming\Python\Python313\site-packages\django\db\backends\base\base.py:279: 
_ _ _ _ _ _ _ _ _ _ _ _ _ _ _ _ _ _ _ _ _ _ _ _ _ _ _ _ _ _ _ _ _ _ _ _ _ _ _ _
..\..\..\AppData\Roaming\Python\Python313\site-packages\django\utils\asyncio.py:26: in inner
    return func(*args, **kwargs)
..\..\..\AppData\Roaming\Python\Python313\site-packages\django\db\backends\base\base.py:256: in connect
    self.connection = self.get_new_connection(conn_params)
..\..\..\AppData\Roaming\Python\Python313\site-packages\django\utils\asyncio.py:26: in inner
    return func(*args, **kwargs)
..\..\..\AppData\Roaming\Python\Python313\site-packages\django\db\backends\postgresql\base.py:332: in get_new_connection
    connection = self.Database.connect(**conn_params)
_ _ _ _ _ _ _ _ _ _ _ _ _ _ _ _ _ _ _ _ _ _ _ _ _ _ _ _ _ _ _ _ _ _ _ _ _ _ _ _

cls = <class 'psycopg.Connection'>
conninfo = 'dbname=postgres client_encoding=UTF8 user=postgres password=postgres host=localhost port=5432 hostaddr=127.0.0.1'
autocommit = False, prepare_threshold = None
context = <psycopg.adapt.AdaptersMap object at 0x000001CEB3E42350>
row_factory = None
cursor_factory = <class 'django.db.backends.postgresql.base.Cursor'>
kwargs = {'client_encoding': 'UTF8', 'dbname': 'postgres', 'host': 'localhost', 'password': 'postgres', ...}
params = {'client_encoding': 'UTF8', 'dbname': 'postgres', 'host': 'localhost', 'password': 'postgres', ...}
timeout = 130

    @classmethod
    def connect(
        cls,
        conninfo: str = "",
        *,
        autocommit: bool = False,
        prepare_threshold: int | None = 5,
        context: AdaptContext | None = None,
        row_factory: RowFactory[Row] | None = None,
        cursor_factory: type[Cursor[Row]] | None = None,
        **kwargs: ConnParam,
    ) -> Self:
        """
        Connect to a database server and return a new `Connection` instance.
        """
    
        params = cls._get_connection_params(conninfo, **kwargs)
        timeout = timeout_from_conninfo(params)
        rv = None
        attempts = conninfo_attempts(params)
        conn_errors: list[tuple[e.Error, str]] = []
        for attempt in attempts:
            tdescr = (attempt.get("host"), attempt.get("port"), attempt.get("hostaddr"))
            descr = "host: %r, port: %r, hostaddr: %r" % tdescr
            logger.debug("connection attempt: %s", descr)
            try:
                conninfo = make_conninfo("", **attempt)
                gen = cls._connect_gen(conninfo, timeout=timeout)
                rv = waiting.wait_conn(gen, interval=_WAIT_INTERVAL)
            except e.Error as ex:
                logger.debug("connection failed: %s: %s", descr, str(ex))
                conn_errors.append((ex, descr))
            except e._NO_TRACEBACK as ex:
                raise ex.with_traceback(None)
            else:
                logger.debug("connection succeeded: %s", descr)
                break
    
        if not rv:
            last_ex = conn_errors[-1][0]
            if len(conn_errors) == 1:
                raise last_ex.with_traceback(None)
    
            # Create a new exception with the same type as the last one, containing
            # all attempt errors while preserving backward compatibility.
            lines = [str(last_ex)]
            lines.append("Multiple connection attempts failed. All failures were:")
            lines.extend((f"- {descr}: {error}" for error, descr in conn_errors))
>           raise type(last_ex)("\n".join(lines)).with_traceback(None)
E           psycopg.OperationalError: connection failed: connection to server at "127.0.0.1", port 5432 failed: FATAL:  la autentificaci\ufffdn password fall\ufffd para el usuario \ufffdpostgres\ufffd
E           Multiple connection attempts failed. All failures were:
E           - host: 'localhost', port: '5432', hostaddr: '::1': connection failed: connection to server at "::1", port 5432 failed: FATAL:  la autentificaci\ufffdn password fall\ufffd para el usuario \ufffdpostgres\ufffd
E           - host: 'localhost', port: '5432', hostaddr: '127.0.0.1': connection failed: connection to server at "127.0.0.1", port 5432 failed: FATAL:  la autentificaci\ufffdn password fall\ufffd para el usuario \ufffdpostgres\ufffd

..\..\..\AppData\Roaming\Python\Python313\site-packages\psycopg\connection.py:127: OperationalError

The above exception was the direct cause of the following exception:

self = <DatabaseWrapper vendor='postgresql' alias='default'>

    @contextmanager
    def _nodb_cursor(self):
        cursor = None
        try:
>           with super()._nodb_cursor() as cursor:

..\..\..\AppData\Roaming\Python\Python313\site-packages\django\db\backends\postgresql\base.py:507: 
_ _ _ _ _ _ _ _ _ _ _ _ _ _ _ _ _ _ _ _ _ _ _ _ _ _ _ _ _ _ _ _ _ _ _ _ _ _ _ _
C:\Python313\Lib\contextlib.py:141: in __enter__
    return next(self.gen)
..\..\..\AppData\Roaming\Python\Python313\site-packages\django\db\backends\base\base.py:712: in _nodb_cursor
    with conn.cursor() as cursor:
..\..\..\AppData\Roaming\Python\Python313\site-packages\django\utils\asyncio.py:26: in inner
    return func(*args, **kwargs)
..\..\..\AppData\Roaming\Python\Python313\site-packages\django\db\backends\base\base.py:320: in cursor
    return self._cursor()
..\..\..\AppData\Roaming\Python\Python313\site-packages\django\db\backends\base\base.py:296: in _cursor
    self.ensure_connection()
..\..\..\AppData\Roaming\Python\Python313\site-packages\django\utils\asyncio.py:26: in inner
    return func(*args, **kwargs)
..\..\..\AppData\Roaming\Python\Python313\site-packages\django\db\backends\base\base.py:278: in ensure_connection
    with self.wrap_database_errors:
..\..\..\AppData\Roaming\Python\Python313\site-packages\django\db\utils.py:91: in __exit__
    raise dj_exc_value.with_traceback(traceback) from exc_value
..\..\..\AppData\Roaming\Python\Python313\site-packages\django\db\backends\base\base.py:279: in ensure_connection
    self.connect()
..\..\..\AppData\Roaming\Python\Python313\site-packages\django\utils\asyncio.py:26: in inner
    return func(*args, **kwargs)
..\..\..\AppData\Roaming\Python\Python313\site-packages\django\db\backends\base\base.py:256: in connect
    self.connection = self.get_new_connection(conn_params)
..\..\..\AppData\Roaming\Python\Python313\site-packages\django\utils\asyncio.py:26: in inner
    return func(*args, **kwargs)
..\..\..\AppData\Roaming\Python\Python313\site-packages\django\db\backends\postgresql\base.py:332: in get_new_connection
    connection = self.Database.connect(**conn_params)
_ _ _ _ _ _ _ _ _ _ _ _ _ _ _ _ _ _ _ _ _ _ _ _ _ _ _ _ _ _ _ _ _ _ _ _ _ _ _ _

cls = <class 'psycopg.Connection'>
conninfo = 'dbname=postgres client_encoding=UTF8 user=postgres password=postgres host=localhost port=5432 hostaddr=127.0.0.1'
autocommit = False, prepare_threshold = None
context = <psycopg.adapt.AdaptersMap object at 0x000001CEB3E42350>
row_factory = None
cursor_factory = <class 'django.db.backends.postgresql.base.Cursor'>
kwargs = {'client_encoding': 'UTF8', 'dbname': 'postgres', 'host': 'localhost', 'password': 'postgres', ...}
params = {'client_encoding': 'UTF8', 'dbname': 'postgres', 'host': 'localhost', 'password': 'postgres', ...}
timeout = 130

    @classmethod
    def connect(
        cls,
        conninfo: str = "",
        *,
        autocommit: bool = False,
        prepare_threshold: int | None = 5,
        context: AdaptContext | None = None,
        row_factory: RowFactory[Row] | None = None,
        cursor_factory: type[Cursor[Row]] | None = None,
        **kwargs: ConnParam,
    ) -> Self:
        """
        Connect to a database server and return a new `Connection` instance.
        """
    
        params = cls._get_connection_params(conninfo, **kwargs)
        timeout = timeout_from_conninfo(params)
        rv = None
        attempts = conninfo_attempts(params)
        conn_errors: list[tuple[e.Error, str]] = []
        for attempt in attempts:
            tdescr = (attempt.get("host"), attempt.get("port"), attempt.get("hostaddr"))
            descr = "host: %r, port: %r, hostaddr: %r" % tdescr
            logger.debug("connection attempt: %s", descr)
            try:
                conninfo = make_conninfo("", **attempt)
                gen = cls._connect_gen(conninfo, timeout=timeout)
                rv = waiting.wait_conn(gen, interval=_WAIT_INTERVAL)
            except e.Error as ex:
                logger.debug("connection failed: %s: %s", descr, str(ex))
                conn_errors.append((ex, descr))
            except e._NO_TRACEBACK as ex:
                raise ex.with_traceback(None)
            else:
                logger.debug("connection succeeded: %s", descr)
                break
    
        if not rv:
            last_ex = conn_errors[-1][0]
            if len(conn_errors) == 1:
                raise last_ex.with_traceback(None)
    
            # Create a new exception with the same type as the last one, containing
            # all attempt errors while preserving backward compatibility.
            lines = [str(last_ex)]
            lines.append("Multiple connection attempts failed. All failures were:")
            lines.extend((f"- {descr}: {error}" for error, descr in conn_errors))
>           raise type(last_ex)("\n".join(lines)).with_traceback(None)
E           django.db.utils.OperationalError: connection failed: connection to server at "127.0.0.1", port 5432 failed: FATAL:  la autentificaci\ufffdn password fall\ufffd para el usuario \ufffdpostgres\ufffd
E           Multiple connection attempts failed. All failures were:
E           - host: 'localhost', port: '5432', hostaddr: '::1': connection failed: connection to server at "::1", port 5432 failed: FATAL:  la autentificaci\ufffdn password fall\ufffd para el usuario \ufffdpostgres\ufffd
E           - host: 'localhost', port: '5432', hostaddr: '127.0.0.1': connection failed: connection to server at "127.0.0.1", port 5432 failed: FATAL:  la autentificaci\ufffdn password fall\ufffd para el usuario \ufffdpostgres\ufffd

..\..\..\AppData\Roaming\Python\Python313\site-packages\psycopg\connection.py:127: OperationalError

During handling of the above exception, another exception occurred:

self = <DatabaseWrapper vendor='postgresql' alias='default'>

    @async_unsafe
    def ensure_connection(self):
        """Guarantee that a connection to the database is established."""
        if self.connection is None:
            if self.in_atomic_block and self.closed_in_transaction:
                raise ProgrammingError(
                    "Cannot open a new connection in an atomic block."
                )
            with self.wrap_database_errors:
>               self.connect()

..\..\..\AppData\Roaming\Python\Python313\site-packages\django\db\backends\base\base.py:279: 
_ _ _ _ _ _ _ _ _ _ _ _ _ _ _ _ _ _ _ _ _ _ _ _ _ _ _ _ _ _ _ _ _ _ _ _ _ _ _ _
..\..\..\AppData\Roaming\Python\Python313\site-packages\django\utils\asyncio.py:26: in inner
    return func(*args, **kwargs)
..\..\..\AppData\Roaming\Python\Python313\site-packages\django\db\backends\base\base.py:256: in connect
    self.connection = self.get_new_connection(conn_params)
..\..\..\AppData\Roaming\Python\Python313\site-packages\django\utils\asyncio.py:26: in inner
    return func(*args, **kwargs)
..\..\..\AppData\Roaming\Python\Python313\site-packages\django\db\backends\postgresql\base.py:332: in get_new_connection
    connection = self.Database.connect(**conn_params)
_ _ _ _ _ _ _ _ _ _ _ _ _ _ _ _ _ _ _ _ _ _ _ _ _ _ _ _ _ _ _ _ _ _ _ _ _ _ _ _

cls = <class 'psycopg.Connection'>
conninfo = 'dbname=ruffles_db client_encoding=UTF8 user=postgres password=postgres host=localhost port=5432 hostaddr=127.0.0.1'
autocommit = False, prepare_threshold = None
context = <psycopg.adapt.AdaptersMap object at 0x000001CEB3E42350>
row_factory = None
cursor_factory = <class 'django.db.backends.postgresql.base.Cursor'>
kwargs = {'client_encoding': 'UTF8', 'dbname': 'ruffles_db', 'host': 'localhost', 'password': 'postgres', ...}
params = {'client_encoding': 'UTF8', 'dbname': 'ruffles_db', 'host': 'localhost', 'password': 'postgres', ...}
timeout = 130

    @classmethod
    def connect(
        cls,
        conninfo: str = "",
        *,
        autocommit: bool = False,
        prepare_threshold: int | None = 5,
        context: AdaptContext | None = None,
        row_factory: RowFactory[Row] | None = None,
        cursor_factory: type[Cursor[Row]] | None = None,
        **kwargs: ConnParam,
    ) -> Self:
        """
        Connect to a database server and return a new `Connection` instance.
        """
    
        params = cls._get_connection_params(conninfo, **kwargs)
        timeout = timeout_from_conninfo(params)
        rv = None
        attempts = conninfo_attempts(params)
        conn_errors: list[tuple[e.Error, str]] = []
        for attempt in attempts:
            tdescr = (attempt.get("host"), attempt.get("port"), attempt.get("hostaddr"))
            descr = "host: %r, port: %r, hostaddr: %r" % tdescr
            logger.debug("connection attempt: %s", descr)
            try:
                conninfo = make_conninfo("", **attempt)
                gen = cls._connect_gen(conninfo, timeout=timeout)
                rv = waiting.wait_conn(gen, interval=_WAIT_INTERVAL)
            except e.Error as ex:
                logger.debug("connection failed: %s: %s", descr, str(ex))
                conn_errors.append((ex, descr))
            except e._NO_TRACEBACK as ex:
                raise ex.with_traceback(None)
            else:
                logger.debug("connection succeeded: %s", descr)
                break
    
        if not rv:
            last_ex = conn_errors[-1][0]
            if len(conn_errors) == 1:
                raise last_ex.with_traceback(None)
    
            # Create a new exception with the same type as the last one, containing
            # all attempt errors while preserving backward compatibility.
            lines = [str(last_ex)]
            lines.append("Multiple connection attempts failed. All failures were:")
            lines.extend((f"- {descr}: {error}" for error, descr in conn_errors))
>           raise type(last_ex)("\n".join(lines)).with_traceback(None)
E           psycopg.OperationalError: connection failed: connection to server at "127.0.0.1", port 5432 failed: FATAL:  la autentificaci\ufffdn password fall\ufffd para el usuario \ufffdpostgres\ufffd
E           Multiple connection attempts failed. All failures were:
E           - host: 'localhost', port: '5432', hostaddr: '::1': connection failed: connection to server at "::1", port 5432 failed: FATAL:  la autentificaci\ufffdn password fall\ufffd para el usuario \ufffdpostgres\ufffd
E           - host: 'localhost', port: '5432', hostaddr: '127.0.0.1': connection failed: connection to server at "127.0.0.1", port 5432 failed: FATAL:  la autentificaci\ufffdn password fall\ufffd para el usuario \ufffdpostgres\ufffd

..\..\..\AppData\Roaming\Python\Python313\site-packages\psycopg\connection.py:127: OperationalError

The above exception was the direct cause of the following exception:

request = <SubRequest 'django_db_setup' for <Function test_login_success_returns_jwt>>
django_test_environment = None
django_db_blocker = <pytest_django.plugin.DjangoDbBlocker object at 0x000001CEB17F0050>
django_db_use_migrations = True, django_db_keepdb = False
django_db_createdb = False, django_db_modify_db_settings = None

    @pytest.fixture(scope="session")
    def django_db_setup(
        request: pytest.FixtureRequest,
        django_test_environment: None,
        django_db_blocker: DjangoDbBlocker,
        django_db_use_migrations: bool,
        django_db_keepdb: bool,
        django_db_createdb: bool,
        django_db_modify_db_settings: None,
    ) -> Generator[None, None, None]:
        """Top level fixture to ensure test databases are available"""
        from django.test.utils import setup_databases, teardown_databases
    
        setup_databases_args = {}
    
        if not django_db_use_migrations:
            _disable_migrations()
    
        if django_db_keepdb and not django_db_createdb:
            setup_databases_args["keepdb"] = True
    
        with django_db_blocker.unblock():
>           db_cfg = setup_databases(
                verbosity=request.config.option.verbose,
                interactive=False,
                **setup_databases_args,
            )

..\..\..\AppData\Roaming\Python\Python313\site-packages\pytest_django\fixtures.py:140: 
_ _ _ _ _ _ _ _ _ _ _ _ _ _ _ _ _ _ _ _ _ _ _ _ _ _ _ _ _ _ _ _ _ _ _ _ _ _ _ _
..\..\..\AppData\Roaming\Python\Python313\site-packages\django\test\utils.py:204: in setup_databases
    connection.creation.create_test_db(
..\..\..\AppData\Roaming\Python\Python313\site-packages\django\db\backends\base\creation.py:62: in create_test_db
    self._create_test_db(verbosity, autoclobber, keepdb)
..\..\..\AppData\Roaming\Python\Python313\site-packages\django\db\backends\base\creation.py:202: in _create_test_db
    with self._nodb_cursor() as cursor:
C:\Python313\Lib\contextlib.py:141: in __enter__
    return next(self.gen)
..\..\..\AppData\Roaming\Python\Python313\site-packages\django\db\backends\postgresql\base.py:533: in _nodb_cursor
    with conn.cursor() as cursor:
..\..\..\AppData\Roaming\Python\Python313\site-packages\django\utils\asyncio.py:26: in inner
    return func(*args, **kwargs)
..\..\..\AppData\Roaming\Python\Python313\site-packages\django\db\backends\base\base.py:320: in cursor
    return self._cursor()
..\..\..\AppData\Roaming\Python\Python313\site-packages\django\db\backends\base\base.py:296: in _cursor
    self.ensure_connection()
..\..\..\AppData\Roaming\Python\Python313\site-packages\django\utils\asyncio.py:26: in inner
    return func(*args, **kwargs)
..\..\..\AppData\Roaming\Python\Python313\site-packages\django\db\backends\base\base.py:278: in ensure_connection
    with self.wrap_database_errors:
..\..\..\AppData\Roaming\Python\Python313\site-packages\django\db\utils.py:91: in __exit__
    raise dj_exc_value.with_traceback(traceback) from exc_value
..\..\..\AppData\Roaming\Python\Python313\site-packages\django\db\backends\base\base.py:279: in ensure_connection
    self.connect()
..\..\..\AppData\Roaming\Python\Python313\site-packages\django\utils\asyncio.py:26: in inner
    return func(*args, **kwargs)
..\..\..\AppData\Roaming\Python\Python313\site-packages\django\db\backends\base\base.py:256: in connect
    self.connection = self.get_new_connection(conn_params)
..\..\..\AppData\Roaming\Python\Python313\site-packages\django\utils\asyncio.py:26: in inner
    return func(*args, **kwargs)
..\..\..\AppData\Roaming\Python\Python313\site-packages\django\db\backends\postgresql\base.py:332: in get_new_connection
    connection = self.Database.connect(**conn_params)
_ _ _ _ _ _ _ _ _ _ _ _ _ _ _ _ _ _ _ _ _ _ _ _ _ _ _ _ _ _ _ _ _ _ _ _ _ _ _ _

cls = <class 'psycopg.Connection'>
conninfo = 'dbname=ruffles_db client_encoding=UTF8 user=postgres password=postgres host=localhost port=5432 hostaddr=127.0.0.1'
autocommit = False, prepare_threshold = None
context = <psycopg.adapt.AdaptersMap object at 0x000001CEB3E42350>
row_factory = None
cursor_factory = <class 'django.db.backends.postgresql.base.Cursor'>
kwargs = {'client_encoding': 'UTF8', 'dbname': 'ruffles_db', 'host': 'localhost', 'password': 'postgres', ...}
params = {'client_encoding': 'UTF8', 'dbname': 'ruffles_db', 'host': 'localhost', 'password': 'postgres', ...}
timeout = 130

    @classmethod
    def connect(
        cls,
        conninfo: str = "",
        *,
        autocommit: bool = False,
        prepare_threshold: int | None = 5,
        context: AdaptContext | None = None,
        row_factory: RowFactory[Row] | None = None,
        cursor_factory: type[Cursor[Row]] | None = None,
        **kwargs: ConnParam,
    ) -> Self:
        """
        Connect to a database server and return a new `Connection` instance.
        """
    
        params = cls._get_connection_params(conninfo, **kwargs)
        timeout = timeout_from_conninfo(params)
        rv = None
        attempts = conninfo_attempts(params)
        conn_errors: list[tuple[e.Error, str]] = []
        for attempt in attempts:
            tdescr = (attempt.get("host"), attempt.get("port"), attempt.get("hostaddr"))
            descr = "host: %r, port: %r, hostaddr: %r" % tdescr
            logger.debug("connection attempt: %s", descr)
            try:
                conninfo = make_conninfo("", **attempt)
                gen = cls._connect_gen(conninfo, timeout=timeout)
                rv = waiting.wait_conn(gen, interval=_WAIT_INTERVAL)
            except e.Error as ex:
                logger.debug("connection failed: %s: %s", descr, str(ex))
                conn_errors.append((ex, descr))
            except e._NO_TRACEBACK as ex:
                raise ex.with_traceback(None)
            else:
                logger.debug("connection succeeded: %s", descr)
                break
    
        if not rv:
            last_ex = conn_errors[-1][0]
            if len(conn_errors) == 1:
                raise last_ex.with_traceback(None)
    
            # Create a new exception with the same type as the last one, containing
            # all attempt errors while preserving backward compatibility.
            lines = [str(last_ex)]
            lines.append("Multiple connection attempts failed. All failures were:")
            lines.extend((f"- {descr}: {error}" for error, descr in conn_errors))
>           raise type(last_ex)("\n".join(lines)).with_traceback(None)
E           django.db.utils.OperationalError: connection failed: connection to server at "127.0.0.1", port 5432 failed: FATAL:  la autentificaci\ufffdn password fall\ufffd para el usuario \ufffdpostgres\ufffd
E           Multiple connection attempts failed. All failures were:
E           - host: 'localhost', port: '5432', hostaddr: '::1': connection failed: connection to server at "::1", port 5432 failed: FATAL:  la autentificaci\ufffdn password fall\ufffd para el usuario \ufffdpostgres\ufffd
E           - host: 'localhost', port: '5432', hostaddr: '127.0.0.1': connection failed: connection to server at "127.0.0.1", port 5432 failed: FATAL:  la autentificaci\ufffdn password fall\ufffd para el usuario \ufffdpostgres\ufffd

..\..\..\AppData\Roaming\Python\Python313\site-packages\psycopg\connection.py:127: OperationalError
___________ ERROR at setup of test_login_invalid_params[data0-400] ____________

self = <DatabaseWrapper vendor='postgresql' alias='__no_db__'>

    @async_unsafe
    def ensure_connection(self):
        """Guarantee that a connection to the database is established."""
        if self.connection is None:
            if self.in_atomic_block and self.closed_in_transaction:
                raise ProgrammingError(
                    "Cannot open a new connection in an atomic block."
                )
            with self.wrap_database_errors:
>               self.connect()

..\..\..\AppData\Roaming\Python\Python313\site-packages\django\db\backends\base\base.py:279: 
_ _ _ _ _ _ _ _ _ _ _ _ _ _ _ _ _ _ _ _ _ _ _ _ _ _ _ _ _ _ _ _ _ _ _ _ _ _ _ _
..\..\..\AppData\Roaming\Python\Python313\site-packages\django\utils\asyncio.py:26: in inner
    return func(*args, **kwargs)
..\..\..\AppData\Roaming\Python\Python313\site-packages\django\db\backends\base\base.py:256: in connect
    self.connection = self.get_new_connection(conn_params)
..\..\..\AppData\Roaming\Python\Python313\site-packages\django\utils\asyncio.py:26: in inner
    return func(*args, **kwargs)
..\..\..\AppData\Roaming\Python\Python313\site-packages\django\db\backends\postgresql\base.py:332: in get_new_connection
    connection = self.Database.connect(**conn_params)
_ _ _ _ _ _ _ _ _ _ _ _ _ _ _ _ _ _ _ _ _ _ _ _ _ _ _ _ _ _ _ _ _ _ _ _ _ _ _ _

cls = <class 'psycopg.Connection'>
conninfo = 'dbname=postgres client_encoding=UTF8 user=postgres password=postgres host=localhost port=5432 hostaddr=127.0.0.1'
autocommit = False, prepare_threshold = None
context = <psycopg.adapt.AdaptersMap object at 0x000001CEB3E42350>
row_factory = None
cursor_factory = <class 'django.db.backends.postgresql.base.Cursor'>
kwargs = {'client_encoding': 'UTF8', 'dbname': 'postgres', 'host': 'localhost', 'password': 'postgres', ...}
params = {'client_encoding': 'UTF8', 'dbname': 'postgres', 'host': 'localhost', 'password': 'postgres', ...}
timeout = 130

    @classmethod
    def connect(
        cls,
        conninfo: str = "",
        *,
        autocommit: bool = False,
        prepare_threshold: int | None = 5,
        context: AdaptContext | None = None,
        row_factory: RowFactory[Row] | None = None,
        cursor_factory: type[Cursor[Row]] | None = None,
        **kwargs: ConnParam,
    ) -> Self:
        """
        Connect to a database server and return a new `Connection` instance.
        """
    
        params = cls._get_connection_params(conninfo, **kwargs)
        timeout = timeout_from_conninfo(params)
        rv = None
        attempts = conninfo_attempts(params)
        conn_errors: list[tuple[e.Error, str]] = []
        for attempt in attempts:
            tdescr = (attempt.get("host"), attempt.get("port"), attempt.get("hostaddr"))
            descr = "host: %r, port: %r, hostaddr: %r" % tdescr
            logger.debug("connection attempt: %s", descr)
            try:
                conninfo = make_conninfo("", **attempt)
                gen = cls._connect_gen(conninfo, timeout=timeout)
                rv = waiting.wait_conn(gen, interval=_WAIT_INTERVAL)
            except e.Error as ex:
                logger.debug("connection failed: %s: %s", descr, str(ex))
                conn_errors.append((ex, descr))
            except e._NO_TRACEBACK as ex:
                raise ex.with_traceback(None)
            else:
                logger.debug("connection succeeded: %s", descr)
                break
    
        if not rv:
            last_ex = conn_errors[-1][0]
            if len(conn_errors) == 1:
                raise last_ex.with_traceback(None)
    
            # Create a new exception with the same type as the last one, containing
            # all attempt errors while preserving backward compatibility.
            lines = [str(last_ex)]
            lines.append("Multiple connection attempts failed. All failures were:")
            lines.extend((f"- {descr}: {error}" for error, descr in conn_errors))
>           raise type(last_ex)("\n".join(lines)).with_traceback(None)
E           psycopg.OperationalError: connection failed: connection to server at "127.0.0.1", port 5432 failed: FATAL:  la autentificaci\ufffdn password fall\ufffd para el usuario \ufffdpostgres\ufffd
E           Multiple connection attempts failed. All failures were:
E           - host: 'localhost', port: '5432', hostaddr: '::1': connection failed: connection to server at "::1", port 5432 failed: FATAL:  la autentificaci\ufffdn password fall\ufffd para el usuario \ufffdpostgres\ufffd
E           - host: 'localhost', port: '5432', hostaddr: '127.0.0.1': connection failed: connection to server at "127.0.0.1", port 5432 failed: FATAL:  la autentificaci\ufffdn password fall\ufffd para el usuario \ufffdpostgres\ufffd

..\..\..\AppData\Roaming\Python\Python313\site-packages\psycopg\connection.py:127: OperationalError

The above exception was the direct cause of the following exception:

self = <DatabaseWrapper vendor='postgresql' alias='default'>

    @contextmanager
    def _nodb_cursor(self):
        cursor = None
        try:
>           with super()._nodb_cursor() as cursor:

..\..\..\AppData\Roaming\Python\Python313\site-packages\django\db\backends\postgresql\base.py:507: 
_ _ _ _ _ _ _ _ _ _ _ _ _ _ _ _ _ _ _ _ _ _ _ _ _ _ _ _ _ _ _ _ _ _ _ _ _ _ _ _
C:\Python313\Lib\contextlib.py:141: in __enter__
    return next(self.gen)
..\..\..\AppData\Roaming\Python\Python313\site-packages\django\db\backends\base\base.py:712: in _nodb_cursor
    with conn.cursor() as cursor:
..\..\..\AppData\Roaming\Python\Python313\site-packages\django\utils\asyncio.py:26: in inner
    return func(*args, **kwargs)
..\..\..\AppData\Roaming\Python\Python313\site-packages\django\db\backends\base\base.py:320: in cursor
    return self._cursor()
..\..\..\AppData\Roaming\Python\Python313\site-packages\django\db\backends\base\base.py:296: in _cursor
    self.ensure_connection()
..\..\..\AppData\Roaming\Python\Python313\site-packages\django\utils\asyncio.py:26: in inner
    return func(*args, **kwargs)
..\..\..\AppData\Roaming\Python\Python313\site-packages\django\db\backends\base\base.py:278: in ensure_connection
    with self.wrap_database_errors:
..\..\..\AppData\Roaming\Python\Python313\site-packages\django\db\utils.py:91: in __exit__
    raise dj_exc_value.with_traceback(traceback) from exc_value
..\..\..\AppData\Roaming\Python\Python313\site-packages\django\db\backends\base\base.py:279: in ensure_connection
    self.connect()
..\..\..\AppData\Roaming\Python\Python313\site-packages\django\utils\asyncio.py:26: in inner
    return func(*args, **kwargs)
..\..\..\AppData\Roaming\Python\Python313\site-packages\django\db\backends\base\base.py:256: in connect
    self.connection = self.get_new_connection(conn_params)
..\..\..\AppData\Roaming\Python\Python313\site-packages\django\utils\asyncio.py:26: in inner
    return func(*args, **kwargs)
..\..\..\AppData\Roaming\Python\Python313\site-packages\django\db\backends\postgresql\base.py:332: in get_new_connection
    connection = self.Database.connect(**conn_params)
_ _ _ _ _ _ _ _ _ _ _ _ _ _ _ _ _ _ _ _ _ _ _ _ _ _ _ _ _ _ _ _ _ _ _ _ _ _ _ _

cls = <class 'psycopg.Connection'>
conninfo = 'dbname=postgres client_encoding=UTF8 user=postgres password=postgres host=localhost port=5432 hostaddr=127.0.0.1'
autocommit = False, prepare_threshold = None
context = <psycopg.adapt.AdaptersMap object at 0x000001CEB3E42350>
row_factory = None
cursor_factory = <class 'django.db.backends.postgresql.base.Cursor'>
kwargs = {'client_encoding': 'UTF8', 'dbname': 'postgres', 'host': 'localhost', 'password': 'postgres', ...}
params = {'client_encoding': 'UTF8', 'dbname': 'postgres', 'host': 'localhost', 'password': 'postgres', ...}
timeout = 130

    @classmethod
    def connect(
        cls,
        conninfo: str = "",
        *,
        autocommit: bool = False,
        prepare_threshold: int | None = 5,
        context: AdaptContext | None = None,
        row_factory: RowFactory[Row] | None = None,
        cursor_factory: type[Cursor[Row]] | None = None,
        **kwargs: ConnParam,
    ) -> Self:
        """
        Connect to a database server and return a new `Connection` instance.
        """
    
        params = cls._get_connection_params(conninfo, **kwargs)
        timeout = timeout_from_conninfo(params)
        rv = None
        attempts = conninfo_attempts(params)
        conn_errors: list[tuple[e.Error, str]] = []
        for attempt in attempts:
            tdescr = (attempt.get("host"), attempt.get("port"), attempt.get("hostaddr"))
            descr = "host: %r, port: %r, hostaddr: %r" % tdescr
            logger.debug("connection attempt: %s", descr)
            try:
                conninfo = make_conninfo("", **attempt)
                gen = cls._connect_gen(conninfo, timeout=timeout)
                rv = waiting.wait_conn(gen, interval=_WAIT_INTERVAL)
            except e.Error as ex:
                logger.debug("connection failed: %s: %s", descr, str(ex))
                conn_errors.append((ex, descr))
            except e._NO_TRACEBACK as ex:
                raise ex.with_traceback(None)
            else:
                logger.debug("connection succeeded: %s", descr)
                break
    
        if not rv:
            last_ex = conn_errors[-1][0]
            if len(conn_errors) == 1:
                raise last_ex.with_traceback(None)
    
            # Create a new exception with the same type as the last one, containing
            # all attempt errors while preserving backward compatibility.
            lines = [str(last_ex)]
            lines.append("Multiple connection attempts failed. All failures were:")
            lines.extend((f"- {descr}: {error}" for error, descr in conn_errors))
>           raise type(last_ex)("\n".join(lines)).with_traceback(None)
E           django.db.utils.OperationalError: connection failed: connection to server at "127.0.0.1", port 5432 failed: FATAL:  la autentificaci\ufffdn password fall\ufffd para el usuario \ufffdpostgres\ufffd
E           Multiple connection attempts failed. All failures were:
E           - host: 'localhost', port: '5432', hostaddr: '::1': connection failed: connection to server at "::1", port 5432 failed: FATAL:  la autentificaci\ufffdn password fall\ufffd para el usuario \ufffdpostgres\ufffd
E           - host: 'localhost', port: '5432', hostaddr: '127.0.0.1': connection failed: connection to server at "127.0.0.1", port 5432 failed: FATAL:  la autentificaci\ufffdn password fall\ufffd para el usuario \ufffdpostgres\ufffd

..\..\..\AppData\Roaming\Python\Python313\site-packages\psycopg\connection.py:127: OperationalError

During handling of the above exception, another exception occurred:

self = <DatabaseWrapper vendor='postgresql' alias='default'>

    @async_unsafe
    def ensure_connection(self):
        """Guarantee that a connection to the database is established."""
        if self.connection is None:
            if self.in_atomic_block and self.closed_in_transaction:
                raise ProgrammingError(
                    "Cannot open a new connection in an atomic block."
                )
            with self.wrap_database_errors:
>               self.connect()

..\..\..\AppData\Roaming\Python\Python313\site-packages\django\db\backends\base\base.py:279: 
_ _ _ _ _ _ _ _ _ _ _ _ _ _ _ _ _ _ _ _ _ _ _ _ _ _ _ _ _ _ _ _ _ _ _ _ _ _ _ _
..\..\..\AppData\Roaming\Python\Python313\site-packages\django\utils\asyncio.py:26: in inner
    return func(*args, **kwargs)
..\..\..\AppData\Roaming\Python\Python313\site-packages\django\db\backends\base\base.py:256: in connect
    self.connection = self.get_new_connection(conn_params)
..\..\..\AppData\Roaming\Python\Python313\site-packages\django\utils\asyncio.py:26: in inner
    return func(*args, **kwargs)
..\..\..\AppData\Roaming\Python\Python313\site-packages\django\db\backends\postgresql\base.py:332: in get_new_connection
    connection = self.Database.connect(**conn_params)
_ _ _ _ _ _ _ _ _ _ _ _ _ _ _ _ _ _ _ _ _ _ _ _ _ _ _ _ _ _ _ _ _ _ _ _ _ _ _ _

cls = <class 'psycopg.Connection'>
conninfo = 'dbname=ruffles_db client_encoding=UTF8 user=postgres password=postgres host=localhost port=5432 hostaddr=127.0.0.1'
autocommit = False, prepare_threshold = None
context = <psycopg.adapt.AdaptersMap object at 0x000001CEB3E42350>
row_factory = None
cursor_factory = <class 'django.db.backends.postgresql.base.Cursor'>
kwargs = {'client_encoding': 'UTF8', 'dbname': 'ruffles_db', 'host': 'localhost', 'password': 'postgres', ...}
params = {'client_encoding': 'UTF8', 'dbname': 'ruffles_db', 'host': 'localhost', 'password': 'postgres', ...}
timeout = 130

    @classmethod
    def connect(
        cls,
        conninfo: str = "",
        *,
        autocommit: bool = False,
        prepare_threshold: int | None = 5,
        context: AdaptContext | None = None,
        row_factory: RowFactory[Row] | None = None,
        cursor_factory: type[Cursor[Row]] | None = None,
        **kwargs: ConnParam,
    ) -> Self:
        """
        Connect to a database server and return a new `Connection` instance.
        """
    
        params = cls._get_connection_params(conninfo, **kwargs)
        timeout = timeout_from_conninfo(params)
        rv = None
        attempts = conninfo_attempts(params)
        conn_errors: list[tuple[e.Error, str]] = []
        for attempt in attempts:
            tdescr = (attempt.get("host"), attempt.get("port"), attempt.get("hostaddr"))
            descr = "host: %r, port: %r, hostaddr: %r" % tdescr
            logger.debug("connection attempt: %s", descr)
            try:
                conninfo = make_conninfo("", **attempt)
                gen = cls._connect_gen(conninfo, timeout=timeout)
                rv = waiting.wait_conn(gen, interval=_WAIT_INTERVAL)
            except e.Error as ex:
                logger.debug("connection failed: %s: %s", descr, str(ex))
                conn_errors.append((ex, descr))
            except e._NO_TRACEBACK as ex:
                raise ex.with_traceback(None)
            else:
                logger.debug("connection succeeded: %s", descr)
                break
    
        if not rv:
            last_ex = conn_errors[-1][0]
            if len(conn_errors) == 1:
                raise last_ex.with_traceback(None)
    
            # Create a new exception with the same type as the last one, containing
            # all attempt errors while preserving backward compatibility.
            lines = [str(last_ex)]
            lines.append("Multiple connection attempts failed. All failures were:")
            lines.extend((f"- {descr}: {error}" for error, descr in conn_errors))
>           raise type(last_ex)("\n".join(lines)).with_traceback(None)
E           psycopg.OperationalError: connection failed: connection to server at "127.0.0.1", port 5432 failed: FATAL:  la autentificaci\ufffdn password fall\ufffd para el usuario \ufffdpostgres\ufffd
E           Multiple connection attempts failed. All failures were:
E           - host: 'localhost', port: '5432', hostaddr: '::1': connection failed: connection to server at "::1", port 5432 failed: FATAL:  la autentificaci\ufffdn password fall\ufffd para el usuario \ufffdpostgres\ufffd
E           - host: 'localhost', port: '5432', hostaddr: '127.0.0.1': connection failed: connection to server at "127.0.0.1", port 5432 failed: FATAL:  la autentificaci\ufffdn password fall\ufffd para el usuario \ufffdpostgres\ufffd

..\..\..\AppData\Roaming\Python\Python313\site-packages\psycopg\connection.py:127: OperationalError

The above exception was the direct cause of the following exception:

request = <SubRequest '_django_db_marker' for <Function test_login_invalid_params[data0-400]>>

    @pytest.fixture(autouse=True)
    def _django_db_marker(request: pytest.FixtureRequest) -> None:
        """Implement the django_db marker, internal to pytest-django."""
        marker = request.node.get_closest_marker("django_db")
        if marker:
>           request.getfixturevalue("_django_db_helper")

..\..\..\AppData\Roaming\Python\Python313\site-packages\pytest_django\plugin.py:527: 
_ _ _ _ _ _ _ _ _ _ _ _ _ _ _ _ _ _ _ _ _ _ _ _ _ _ _ _ _ _ _ _ _ _ _ _ _ _ _ _
..\..\..\AppData\Roaming\Python\Python313\site-packages\pytest_django\fixtures.py:140: in django_db_setup
    db_cfg = setup_databases(
..\..\..\AppData\Roaming\Python\Python313\site-packages\django\test\utils.py:204: in setup_databases
    connection.creation.create_test_db(
..\..\..\AppData\Roaming\Python\Python313\site-packages\django\db\backends\base\creation.py:62: in create_test_db
    self._create_test_db(verbosity, autoclobber, keepdb)
..\..\..\AppData\Roaming\Python\Python313\site-packages\django\db\backends\base\creation.py:202: in _create_test_db
    with self._nodb_cursor() as cursor:
C:\Python313\Lib\contextlib.py:141: in __enter__
    return next(self.gen)
..\..\..\AppData\Roaming\Python\Python313\site-packages\django\db\backends\postgresql\base.py:533: in _nodb_cursor
    with conn.cursor() as cursor:
..\..\..\AppData\Roaming\Python\Python313\site-packages\django\utils\asyncio.py:26: in inner
    return func(*args, **kwargs)
..\..\..\AppData\Roaming\Python\Python313\site-packages\django\db\backends\base\base.py:320: in cursor
    return self._cursor()
..\..\..\AppData\Roaming\Python\Python313\site-packages\django\db\backends\base\base.py:296: in _cursor
    self.ensure_connection()
..\..\..\AppData\Roaming\Python\Python313\site-packages\django\utils\asyncio.py:26: in inner
    return func(*args, **kwargs)
..\..\..\AppData\Roaming\Python\Python313\site-packages\django\db\backends\base\base.py:278: in ensure_connection
    with self.wrap_database_errors:
..\..\..\AppData\Roaming\Python\Python313\site-packages\django\db\utils.py:91: in __exit__
    raise dj_exc_value.with_traceback(traceback) from exc_value
..\..\..\AppData\Roaming\Python\Python313\site-packages\django\db\backends\base\base.py:279: in ensure_connection
    self.connect()
..\..\..\AppData\Roaming\Python\Python313\site-packages\django\utils\asyncio.py:26: in inner
    return func(*args, **kwargs)
..\..\..\AppData\Roaming\Python\Python313\site-packages\django\db\backends\base\base.py:256: in connect
    self.connection = self.get_new_connection(conn_params)
..\..\..\AppData\Roaming\Python\Python313\site-packages\django\utils\asyncio.py:26: in inner
    return func(*args, **kwargs)
..\..\..\AppData\Roaming\Python\Python313\site-packages\django\db\backends\postgresql\base.py:332: in get_new_connection
    connection = self.Database.connect(**conn_params)
_ _ _ _ _ _ _ _ _ _ _ _ _ _ _ _ _ _ _ _ _ _ _ _ _ _ _ _ _ _ _ _ _ _ _ _ _ _ _ _

cls = <class 'psycopg.Connection'>
conninfo = 'dbname=ruffles_db client_encoding=UTF8 user=postgres password=postgres host=localhost port=5432 hostaddr=127.0.0.1'
autocommit = False, prepare_threshold = None
context = <psycopg.adapt.AdaptersMap object at 0x000001CEB3E42350>
row_factory = None
cursor_factory = <class 'django.db.backends.postgresql.base.Cursor'>
kwargs = {'client_encoding': 'UTF8', 'dbname': 'ruffles_db', 'host': 'localhost', 'password': 'postgres', ...}
params = {'client_encoding': 'UTF8', 'dbname': 'ruffles_db', 'host': 'localhost', 'password': 'postgres', ...}
timeout = 130

    @classmethod
    def connect(
        cls,
        conninfo: str = "",
        *,
        autocommit: bool = False,
        prepare_threshold: int | None = 5,
        context: AdaptContext | None = None,
        row_factory: RowFactory[Row] | None = None,
        cursor_factory: type[Cursor[Row]] | None = None,
        **kwargs: ConnParam,
    ) -> Self:
        """
        Connect to a database server and return a new `Connection` instance.
        """
    
        params = cls._get_connection_params(conninfo, **kwargs)
        timeout = timeout_from_conninfo(params)
        rv = None
        attempts = conninfo_attempts(params)
        conn_errors: list[tuple[e.Error, str]] = []
        for attempt in attempts:
            tdescr = (attempt.get("host"), attempt.get("port"), attempt.get("hostaddr"))
            descr = "host: %r, port: %r, hostaddr: %r" % tdescr
            logger.debug("connection attempt: %s", descr)
            try:
                conninfo = make_conninfo("", **attempt)
                gen = cls._connect_gen(conninfo, timeout=timeout)
                rv = waiting.wait_conn(gen, interval=_WAIT_INTERVAL)
            except e.Error as ex:
                logger.debug("connection failed: %s: %s", descr, str(ex))
                conn_errors.append((ex, descr))
            except e._NO_TRACEBACK as ex:
                raise ex.with_traceback(None)
            else:
                logger.debug("connection succeeded: %s", descr)
                break
    
        if not rv:
            last_ex = conn_errors[-1][0]
            if len(conn_errors) == 1:
                raise last_ex.with_traceback(None)
    
            # Create a new exception with the same type as the last one, containing
            # all attempt errors while preserving backward compatibility.
            lines = [str(last_ex)]
            lines.append("Multiple connection attempts failed. All failures were:")
            lines.extend((f"- {descr}: {error}" for error, descr in conn_errors))
>           raise type(last_ex)("\n".join(lines)).with_traceback(None)
E           django.db.utils.OperationalError: connection failed: connection to server at "127.0.0.1", port 5432 failed: FATAL:  la autentificaci\ufffdn password fall\ufffd para el usuario \ufffdpostgres\ufffd
E           Multiple connection attempts failed. All failures were:
E           - host: 'localhost', port: '5432', hostaddr: '::1': connection failed: connection to server at "::1", port 5432 failed: FATAL:  la autentificaci\ufffdn password fall\ufffd para el usuario \ufffdpostgres\ufffd
E           - host: 'localhost', port: '5432', hostaddr: '127.0.0.1': connection failed: connection to server at "127.0.0.1", port 5432 failed: FATAL:  la autentificaci\ufffdn password fall\ufffd para el usuario \ufffdpostgres\ufffd

..\..\..\AppData\Roaming\Python\Python313\site-packages\psycopg\connection.py:127: OperationalError
___________ ERROR at setup of test_login_invalid_params[data1-400] ____________

self = <DatabaseWrapper vendor='postgresql' alias='__no_db__'>

    @async_unsafe
    def ensure_connection(self):
        """Guarantee that a connection to the database is established."""
        if self.connection is None:
            if self.in_atomic_block and self.closed_in_transaction:
                raise ProgrammingError(
                    "Cannot open a new connection in an atomic block."
                )
            with self.wrap_database_errors:
>               self.connect()

..\..\..\AppData\Roaming\Python\Python313\site-packages\django\db\backends\base\base.py:279: 
_ _ _ _ _ _ _ _ _ _ _ _ _ _ _ _ _ _ _ _ _ _ _ _ _ _ _ _ _ _ _ _ _ _ _ _ _ _ _ _
..\..\..\AppData\Roaming\Python\Python313\site-packages\django\utils\asyncio.py:26: in inner
    return func(*args, **kwargs)
..\..\..\AppData\Roaming\Python\Python313\site-packages\django\db\backends\base\base.py:256: in connect
    self.connection = self.get_new_connection(conn_params)
..\..\..\AppData\Roaming\Python\Python313\site-packages\django\utils\asyncio.py:26: in inner
    return func(*args, **kwargs)
..\..\..\AppData\Roaming\Python\Python313\site-packages\django\db\backends\postgresql\base.py:332: in get_new_connection
    connection = self.Database.connect(**conn_params)
_ _ _ _ _ _ _ _ _ _ _ _ _ _ _ _ _ _ _ _ _ _ _ _ _ _ _ _ _ _ _ _ _ _ _ _ _ _ _ _

cls = <class 'psycopg.Connection'>
conninfo = 'dbname=postgres client_encoding=UTF8 user=postgres password=postgres host=localhost port=5432 hostaddr=127.0.0.1'
autocommit = False, prepare_threshold = None
context = <psycopg.adapt.AdaptersMap object at 0x000001CEB3E42350>
row_factory = None
cursor_factory = <class 'django.db.backends.postgresql.base.Cursor'>
kwargs = {'client_encoding': 'UTF8', 'dbname': 'postgres', 'host': 'localhost', 'password': 'postgres', ...}
params = {'client_encoding': 'UTF8', 'dbname': 'postgres', 'host': 'localhost', 'password': 'postgres', ...}
timeout = 130

    @classmethod
    def connect(
        cls,
        conninfo: str = "",
        *,
        autocommit: bool = False,
        prepare_threshold: int | None = 5,
        context: AdaptContext | None = None,
        row_factory: RowFactory[Row] | None = None,
        cursor_factory: type[Cursor[Row]] | None = None,
        **kwargs: ConnParam,
    ) -> Self:
        """
        Connect to a database server and return a new `Connection` instance.
        """
    
        params = cls._get_connection_params(conninfo, **kwargs)
        timeout = timeout_from_conninfo(params)
        rv = None
        attempts = conninfo_attempts(params)
        conn_errors: list[tuple[e.Error, str]] = []
        for attempt in attempts:
            tdescr = (attempt.get("host"), attempt.get("port"), attempt.get("hostaddr"))
            descr = "host: %r, port: %r, hostaddr: %r" % tdescr
            logger.debug("connection attempt: %s", descr)
            try:
                conninfo = make_conninfo("", **attempt)
                gen = cls._connect_gen(conninfo, timeout=timeout)
                rv = waiting.wait_conn(gen, interval=_WAIT_INTERVAL)
            except e.Error as ex:
                logger.debug("connection failed: %s: %s", descr, str(ex))
                conn_errors.append((ex, descr))
            except e._NO_TRACEBACK as ex:
                raise ex.with_traceback(None)
            else:
                logger.debug("connection succeeded: %s", descr)
                break
    
        if not rv:
            last_ex = conn_errors[-1][0]
            if len(conn_errors) == 1:
                raise last_ex.with_traceback(None)
    
            # Create a new exception with the same type as the last one, containing
            # all attempt errors while preserving backward compatibility.
            lines = [str(last_ex)]
            lines.append("Multiple connection attempts failed. All failures were:")
            lines.extend((f"- {descr}: {error}" for error, descr in conn_errors))
>           raise type(last_ex)("\n".join(lines)).with_traceback(None)
E           psycopg.OperationalError: connection failed: connection to server at "127.0.0.1", port 5432 failed: FATAL:  la autentificaci\ufffdn password fall\ufffd para el usuario \ufffdpostgres\ufffd
E           Multiple connection attempts failed. All failures were:
E           - host: 'localhost', port: '5432', hostaddr: '::1': connection failed: connection to server at "::1", port 5432 failed: FATAL:  la autentificaci\ufffdn password fall\ufffd para el usuario \ufffdpostgres\ufffd
E           - host: 'localhost', port: '5432', hostaddr: '127.0.0.1': connection failed: connection to server at "127.0.0.1", port 5432 failed: FATAL:  la autentificaci\ufffdn password fall\ufffd para el usuario \ufffdpostgres\ufffd

..\..\..\AppData\Roaming\Python\Python313\site-packages\psycopg\connection.py:127: OperationalError

The above exception was the direct cause of the following exception:

self = <DatabaseWrapper vendor='postgresql' alias='default'>

    @contextmanager
    def _nodb_cursor(self):
        cursor = None
        try:
>           with super()._nodb_cursor() as cursor:

..\..\..\AppData\Roaming\Python\Python313\site-packages\django\db\backends\postgresql\base.py:507: 
_ _ _ _ _ _ _ _ _ _ _ _ _ _ _ _ _ _ _ _ _ _ _ _ _ _ _ _ _ _ _ _ _ _ _ _ _ _ _ _
C:\Python313\Lib\contextlib.py:141: in __enter__
    return next(self.gen)
..\..\..\AppData\Roaming\Python\Python313\site-packages\django\db\backends\base\base.py:712: in _nodb_cursor
    with conn.cursor() as cursor:
..\..\..\AppData\Roaming\Python\Python313\site-packages\django\utils\asyncio.py:26: in inner
    return func(*args, **kwargs)
..\..\..\AppData\Roaming\Python\Python313\site-packages\django\db\backends\base\base.py:320: in cursor
    return self._cursor()
..\..\..\AppData\Roaming\Python\Python313\site-packages\django\db\backends\base\base.py:296: in _cursor
    self.ensure_connection()
..\..\..\AppData\Roaming\Python\Python313\site-packages\django\utils\asyncio.py:26: in inner
    return func(*args, **kwargs)
..\..\..\AppData\Roaming\Python\Python313\site-packages\django\db\backends\base\base.py:278: in ensure_connection
    with self.wrap_database_errors:
..\..\..\AppData\Roaming\Python\Python313\site-packages\django\db\utils.py:91: in __exit__
    raise dj_exc_value.with_traceback(traceback) from exc_value
..\..\..\AppData\Roaming\Python\Python313\site-packages\django\db\backends\base\base.py:279: in ensure_connection
    self.connect()
..\..\..\AppData\Roaming\Python\Python313\site-packages\django\utils\asyncio.py:26: in inner
    return func(*args, **kwargs)
..\..\..\AppData\Roaming\Python\Python313\site-packages\django\db\backends\base\base.py:256: in connect
    self.connection = self.get_new_connection(conn_params)
..\..\..\AppData\Roaming\Python\Python313\site-packages\django\utils\asyncio.py:26: in inner
    return func(*args, **kwargs)
..\..\..\AppData\Roaming\Python\Python313\site-packages\django\db\backends\postgresql\base.py:332: in get_new_connection
    connection = self.Database.connect(**conn_params)
_ _ _ _ _ _ _ _ _ _ _ _ _ _ _ _ _ _ _ _ _ _ _ _ _ _ _ _ _ _ _ _ _ _ _ _ _ _ _ _

cls = <class 'psycopg.Connection'>
conninfo = 'dbname=postgres client_encoding=UTF8 user=postgres password=postgres host=localhost port=5432 hostaddr=127.0.0.1'
autocommit = False, prepare_threshold = None
context = <psycopg.adapt.AdaptersMap object at 0x000001CEB3E42350>
row_factory = None
cursor_factory = <class 'django.db.backends.postgresql.base.Cursor'>
kwargs = {'client_encoding': 'UTF8', 'dbname': 'postgres', 'host': 'localhost', 'password': 'postgres', ...}
params = {'client_encoding': 'UTF8', 'dbname': 'postgres', 'host': 'localhost', 'password': 'postgres', ...}
timeout = 130

    @classmethod
    def connect(
        cls,
        conninfo: str = "",
        *,
        autocommit: bool = False,
        prepare_threshold: int | None = 5,
        context: AdaptContext | None = None,
        row_factory: RowFactory[Row] | None = None,
        cursor_factory: type[Cursor[Row]] | None = None,
        **kwargs: ConnParam,
    ) -> Self:
        """
        Connect to a database server and return a new `Connection` instance.
        """
    
        params = cls._get_connection_params(conninfo, **kwargs)
        timeout = timeout_from_conninfo(params)
        rv = None
        attempts = conninfo_attempts(params)
        conn_errors: list[tuple[e.Error, str]] = []
        for attempt in attempts:
            tdescr = (attempt.get("host"), attempt.get("port"), attempt.get("hostaddr"))
            descr = "host: %r, port: %r, hostaddr: %r" % tdescr
            logger.debug("connection attempt: %s", descr)
            try:
                conninfo = make_conninfo("", **attempt)
                gen = cls._connect_gen(conninfo, timeout=timeout)
                rv = waiting.wait_conn(gen, interval=_WAIT_INTERVAL)
            except e.Error as ex:
                logger.debug("connection failed: %s: %s", descr, str(ex))
                conn_errors.append((ex, descr))
            except e._NO_TRACEBACK as ex:
                raise ex.with_traceback(None)
            else:
                logger.debug("connection succeeded: %s", descr)
                break
    
        if not rv:
            last_ex = conn_errors[-1][0]
            if len(conn_errors) == 1:
                raise last_ex.with_traceback(None)
    
            # Create a new exception with the same type as the last one, containing
            # all attempt errors while preserving backward compatibility.
            lines = [str(last_ex)]
            lines.append("Multiple connection attempts failed. All failures were:")
            lines.extend((f"- {descr}: {error}" for error, descr in conn_errors))
>           raise type(last_ex)("\n".join(lines)).with_traceback(None)
E           django.db.utils.OperationalError: connection failed: connection to server at "127.0.0.1", port 5432 failed: FATAL:  la autentificaci\ufffdn password fall\ufffd para el usuario \ufffdpostgres\ufffd
E           Multiple connection attempts failed. All failures were:
E           - host: 'localhost', port: '5432', hostaddr: '::1': connection failed: connection to server at "::1", port 5432 failed: FATAL:  la autentificaci\ufffdn password fall\ufffd para el usuario \ufffdpostgres\ufffd
E           - host: 'localhost', port: '5432', hostaddr: '127.0.0.1': connection failed: connection to server at "127.0.0.1", port 5432 failed: FATAL:  la autentificaci\ufffdn password fall\ufffd para el usuario \ufffdpostgres\ufffd

..\..\..\AppData\Roaming\Python\Python313\site-packages\psycopg\connection.py:127: OperationalError

During handling of the above exception, another exception occurred:

self = <DatabaseWrapper vendor='postgresql' alias='default'>

    @async_unsafe
    def ensure_connection(self):
        """Guarantee that a connection to the database is established."""
        if self.connection is None:
            if self.in_atomic_block and self.closed_in_transaction:
                raise ProgrammingError(
                    "Cannot open a new connection in an atomic block."
                )
            with self.wrap_database_errors:
>               self.connect()

..\..\..\AppData\Roaming\Python\Python313\site-packages\django\db\backends\base\base.py:279: 
_ _ _ _ _ _ _ _ _ _ _ _ _ _ _ _ _ _ _ _ _ _ _ _ _ _ _ _ _ _ _ _ _ _ _ _ _ _ _ _
..\..\..\AppData\Roaming\Python\Python313\site-packages\django\utils\asyncio.py:26: in inner
    return func(*args, **kwargs)
..\..\..\AppData\Roaming\Python\Python313\site-packages\django\db\backends\base\base.py:256: in connect
    self.connection = self.get_new_connection(conn_params)
..\..\..\AppData\Roaming\Python\Python313\site-packages\django\utils\asyncio.py:26: in inner
    return func(*args, **kwargs)
..\..\..\AppData\Roaming\Python\Python313\site-packages\django\db\backends\postgresql\base.py:332: in get_new_connection
    connection = self.Database.connect(**conn_params)
_ _ _ _ _ _ _ _ _ _ _ _ _ _ _ _ _ _ _ _ _ _ _ _ _ _ _ _ _ _ _ _ _ _ _ _ _ _ _ _

cls = <class 'psycopg.Connection'>
conninfo = 'dbname=ruffles_db client_encoding=UTF8 user=postgres password=postgres host=localhost port=5432 hostaddr=127.0.0.1'
autocommit = False, prepare_threshold = None
context = <psycopg.adapt.AdaptersMap object at 0x000001CEB3E42350>
row_factory = None
cursor_factory = <class 'django.db.backends.postgresql.base.Cursor'>
kwargs = {'client_encoding': 'UTF8', 'dbname': 'ruffles_db', 'host': 'localhost', 'password': 'postgres', ...}
params = {'client_encoding': 'UTF8', 'dbname': 'ruffles_db', 'host': 'localhost', 'password': 'postgres', ...}
timeout = 130

    @classmethod
    def connect(
        cls,
        conninfo: str = "",
        *,
        autocommit: bool = False,
        prepare_threshold: int | None = 5,
        context: AdaptContext | None = None,
        row_factory: RowFactory[Row] | None = None,
        cursor_factory: type[Cursor[Row]] | None = None,
        **kwargs: ConnParam,
    ) -> Self:
        """
        Connect to a database server and return a new `Connection` instance.
        """
    
        params = cls._get_connection_params(conninfo, **kwargs)
        timeout = timeout_from_conninfo(params)
        rv = None
        attempts = conninfo_attempts(params)
        conn_errors: list[tuple[e.Error, str]] = []
        for attempt in attempts:
            tdescr = (attempt.get("host"), attempt.get("port"), attempt.get("hostaddr"))
            descr = "host: %r, port: %r, hostaddr: %r" % tdescr
            logger.debug("connection attempt: %s", descr)
            try:
                conninfo = make_conninfo("", **attempt)
                gen = cls._connect_gen(conninfo, timeout=timeout)
                rv = waiting.wait_conn(gen, interval=_WAIT_INTERVAL)
            except e.Error as ex:
                logger.debug("connection failed: %s: %s", descr, str(ex))
                conn_errors.append((ex, descr))
            except e._NO_TRACEBACK as ex:
                raise ex.with_traceback(None)
            else:
                logger.debug("connection succeeded: %s", descr)
                break
    
        if not rv:
            last_ex = conn_errors[-1][0]
            if len(conn_errors) == 1:
                raise last_ex.with_traceback(None)
    
            # Create a new exception with the same type as the last one, containing
            # all attempt errors while preserving backward compatibility.
            lines = [str(last_ex)]
            lines.append("Multiple connection attempts failed. All failures were:")
            lines.extend((f"- {descr}: {error}" for error, descr in conn_errors))
>           raise type(last_ex)("\n".join(lines)).with_traceback(None)
E           psycopg.OperationalError: connection failed: connection to server at "127.0.0.1", port 5432 failed: FATAL:  la autentificaci\ufffdn password fall\ufffd para el usuario \ufffdpostgres\ufffd
E           Multiple connection attempts failed. All failures were:
E           - host: 'localhost', port: '5432', hostaddr: '::1': connection failed: connection to server at "::1", port 5432 failed: FATAL:  la autentificaci\ufffdn password fall\ufffd para el usuario \ufffdpostgres\ufffd
E           - host: 'localhost', port: '5432', hostaddr: '127.0.0.1': connection failed: connection to server at "127.0.0.1", port 5432 failed: FATAL:  la autentificaci\ufffdn password fall\ufffd para el usuario \ufffdpostgres\ufffd

..\..\..\AppData\Roaming\Python\Python313\site-packages\psycopg\connection.py:127: OperationalError

The above exception was the direct cause of the following exception:

request = <SubRequest '_django_db_marker' for <Function test_login_invalid_params[data1-400]>>

    @pytest.fixture(autouse=True)
    def _django_db_marker(request: pytest.FixtureRequest) -> None:
        """Implement the django_db marker, internal to pytest-django."""
        marker = request.node.get_closest_marker("django_db")
        if marker:
>           request.getfixturevalue("_django_db_helper")

..\..\..\AppData\Roaming\Python\Python313\site-packages\pytest_django\plugin.py:527: 
_ _ _ _ _ _ _ _ _ _ _ _ _ _ _ _ _ _ _ _ _ _ _ _ _ _ _ _ _ _ _ _ _ _ _ _ _ _ _ _
..\..\..\AppData\Roaming\Python\Python313\site-packages\pytest_django\fixtures.py:140: in django_db_setup
    db_cfg = setup_databases(
..\..\..\AppData\Roaming\Python\Python313\site-packages\django\test\utils.py:204: in setup_databases
    connection.creation.create_test_db(
..\..\..\AppData\Roaming\Python\Python313\site-packages\django\db\backends\base\creation.py:62: in create_test_db
    self._create_test_db(verbosity, autoclobber, keepdb)
..\..\..\AppData\Roaming\Python\Python313\site-packages\django\db\backends\base\creation.py:202: in _create_test_db
    with self._nodb_cursor() as cursor:
C:\Python313\Lib\contextlib.py:141: in __enter__
    return next(self.gen)
..\..\..\AppData\Roaming\Python\Python313\site-packages\django\db\backends\postgresql\base.py:533: in _nodb_cursor
    with conn.cursor() as cursor:
..\..\..\AppData\Roaming\Python\Python313\site-packages\django\utils\asyncio.py:26: in inner
    return func(*args, **kwargs)
..\..\..\AppData\Roaming\Python\Python313\site-packages\django\db\backends\base\base.py:320: in cursor
    return self._cursor()
..\..\..\AppData\Roaming\Python\Python313\site-packages\django\db\backends\base\base.py:296: in _cursor
    self.ensure_connection()
..\..\..\AppData\Roaming\Python\Python313\site-packages\django\utils\asyncio.py:26: in inner
    return func(*args, **kwargs)
..\..\..\AppData\Roaming\Python\Python313\site-packages\django\db\backends\base\base.py:278: in ensure_connection
    with self.wrap_database_errors:
..\..\..\AppData\Roaming\Python\Python313\site-packages\django\db\utils.py:91: in __exit__
    raise dj_exc_value.with_traceback(traceback) from exc_value
..\..\..\AppData\Roaming\Python\Python313\site-packages\django\db\backends\base\base.py:279: in ensure_connection
    self.connect()
..\..\..\AppData\Roaming\Python\Python313\site-packages\django\utils\asyncio.py:26: in inner
    return func(*args, **kwargs)
..\..\..\AppData\Roaming\Python\Python313\site-packages\django\db\backends\base\base.py:256: in connect
    self.connection = self.get_new_connection(conn_params)
..\..\..\AppData\Roaming\Python\Python313\site-packages\django\utils\asyncio.py:26: in inner
    return func(*args, **kwargs)
..\..\..\AppData\Roaming\Python\Python313\site-packages\django\db\backends\postgresql\base.py:332: in get_new_connection
    connection = self.Database.connect(**conn_params)
_ _ _ _ _ _ _ _ _ _ _ _ _ _ _ _ _ _ _ _ _ _ _ _ _ _ _ _ _ _ _ _ _ _ _ _ _ _ _ _

cls = <class 'psycopg.Connection'>
conninfo = 'dbname=ruffles_db client_encoding=UTF8 user=postgres password=postgres host=localhost port=5432 hostaddr=127.0.0.1'
autocommit = False, prepare_threshold = None
context = <psycopg.adapt.AdaptersMap object at 0x000001CEB3E42350>
row_factory = None
cursor_factory = <class 'django.db.backends.postgresql.base.Cursor'>
kwargs = {'client_encoding': 'UTF8', 'dbname': 'ruffles_db', 'host': 'localhost', 'password': 'postgres', ...}
params = {'client_encoding': 'UTF8', 'dbname': 'ruffles_db', 'host': 'localhost', 'password': 'postgres', ...}
timeout = 130

    @classmethod
    def connect(
        cls,
        conninfo: str = "",
        *,
        autocommit: bool = False,
        prepare_threshold: int | None = 5,
        context: AdaptContext | None = None,
        row_factory: RowFactory[Row] | None = None,
        cursor_factory: type[Cursor[Row]] | None = None,
        **kwargs: ConnParam,
    ) -> Self:
        """
        Connect to a database server and return a new `Connection` instance.
        """
    
        params = cls._get_connection_params(conninfo, **kwargs)
        timeout = timeout_from_conninfo(params)
        rv = None
        attempts = conninfo_attempts(params)
        conn_errors: list[tuple[e.Error, str]] = []
        for attempt in attempts:
            tdescr = (attempt.get("host"), attempt.get("port"), attempt.get("hostaddr"))
            descr = "host: %r, port: %r, hostaddr: %r" % tdescr
            logger.debug("connection attempt: %s", descr)
            try:
                conninfo = make_conninfo("", **attempt)
                gen = cls._connect_gen(conninfo, timeout=timeout)
                rv = waiting.wait_conn(gen, interval=_WAIT_INTERVAL)
            except e.Error as ex:
                logger.debug("connection failed: %s: %s", descr, str(ex))
                conn_errors.append((ex, descr))
            except e._NO_TRACEBACK as ex:
                raise ex.with_traceback(None)
            else:
                logger.debug("connection succeeded: %s", descr)
                break
    
        if not rv:
            last_ex = conn_errors[-1][0]
            if len(conn_errors) == 1:
                raise last_ex.with_traceback(None)
    
            # Create a new exception with the same type as the last one, containing
            # all attempt errors while preserving backward compatibility.
            lines = [str(last_ex)]
            lines.append("Multiple connection attempts failed. All failures were:")
            lines.extend((f"- {descr}: {error}" for error, descr in conn_errors))
>           raise type(last_ex)("\n".join(lines)).with_traceback(None)
E           django.db.utils.OperationalError: connection failed: connection to server at "127.0.0.1", port 5432 failed: FATAL:  la autentificaci\ufffdn password fall\ufffd para el usuario \ufffdpostgres\ufffd
E           Multiple connection attempts failed. All failures were:
E           - host: 'localhost', port: '5432', hostaddr: '::1': connection failed: connection to server at "::1", port 5432 failed: FATAL:  la autentificaci\ufffdn password fall\ufffd para el usuario \ufffdpostgres\ufffd
E           - host: 'localhost', port: '5432', hostaddr: '127.0.0.1': connection failed: connection to server at "127.0.0.1", port 5432 failed: FATAL:  la autentificaci\ufffdn password fall\ufffd para el usuario \ufffdpostgres\ufffd

..\..\..\AppData\Roaming\Python\Python313\site-packages\psycopg\connection.py:127: OperationalError
___________ ERROR at setup of test_login_invalid_params[data2-400] ____________

self = <DatabaseWrapper vendor='postgresql' alias='__no_db__'>

    @async_unsafe
    def ensure_connection(self):
        """Guarantee that a connection to the database is established."""
        if self.connection is None:
            if self.in_atomic_block and self.closed_in_transaction:
                raise ProgrammingError(
                    "Cannot open a new connection in an atomic block."
                )
            with self.wrap_database_errors:
>               self.connect()

..\..\..\AppData\Roaming\Python\Python313\site-packages\django\db\backends\base\base.py:279: 
_ _ _ _ _ _ _ _ _ _ _ _ _ _ _ _ _ _ _ _ _ _ _ _ _ _ _ _ _ _ _ _ _ _ _ _ _ _ _ _
..\..\..\AppData\Roaming\Python\Python313\site-packages\django\utils\asyncio.py:26: in inner
    return func(*args, **kwargs)
..\..\..\AppData\Roaming\Python\Python313\site-packages\django\db\backends\base\base.py:256: in connect
    self.connection = self.get_new_connection(conn_params)
..\..\..\AppData\Roaming\Python\Python313\site-packages\django\utils\asyncio.py:26: in inner
    return func(*args, **kwargs)
..\..\..\AppData\Roaming\Python\Python313\site-packages\django\db\backends\postgresql\base.py:332: in get_new_connection
    connection = self.Database.connect(**conn_params)
_ _ _ _ _ _ _ _ _ _ _ _ _ _ _ _ _ _ _ _ _ _ _ _ _ _ _ _ _ _ _ _ _ _ _ _ _ _ _ _

cls = <class 'psycopg.Connection'>
conninfo = 'dbname=postgres client_encoding=UTF8 user=postgres password=postgres host=localhost port=5432 hostaddr=127.0.0.1'
autocommit = False, prepare_threshold = None
context = <psycopg.adapt.AdaptersMap object at 0x000001CEB3E42350>
row_factory = None
cursor_factory = <class 'django.db.backends.postgresql.base.Cursor'>
kwargs = {'client_encoding': 'UTF8', 'dbname': 'postgres', 'host': 'localhost', 'password': 'postgres', ...}
params = {'client_encoding': 'UTF8', 'dbname': 'postgres', 'host': 'localhost', 'password': 'postgres', ...}
timeout = 130

    @classmethod
    def connect(
        cls,
        conninfo: str = "",
        *,
        autocommit: bool = False,
        prepare_threshold: int | None = 5,
        context: AdaptContext | None = None,
        row_factory: RowFactory[Row] | None = None,
        cursor_factory: type[Cursor[Row]] | None = None,
        **kwargs: ConnParam,
    ) -> Self:
        """
        Connect to a database server and return a new `Connection` instance.
        """
    
        params = cls._get_connection_params(conninfo, **kwargs)
        timeout = timeout_from_conninfo(params)
        rv = None
        attempts = conninfo_attempts(params)
        conn_errors: list[tuple[e.Error, str]] = []
        for attempt in attempts:
            tdescr = (attempt.get("host"), attempt.get("port"), attempt.get("hostaddr"))
            descr = "host: %r, port: %r, hostaddr: %r" % tdescr
            logger.debug("connection attempt: %s", descr)
            try:
                conninfo = make_conninfo("", **attempt)
                gen = cls._connect_gen(conninfo, timeout=timeout)
                rv = waiting.wait_conn(gen, interval=_WAIT_INTERVAL)
            except e.Error as ex:
                logger.debug("connection failed: %s: %s", descr, str(ex))
                conn_errors.append((ex, descr))
            except e._NO_TRACEBACK as ex:
                raise ex.with_traceback(None)
            else:
                logger.debug("connection succeeded: %s", descr)
                break
    
        if not rv:
            last_ex = conn_errors[-1][0]
            if len(conn_errors) == 1:
                raise last_ex.with_traceback(None)
    
            # Create a new exception with the same type as the last one, containing
            # all attempt errors while preserving backward compatibility.
            lines = [str(last_ex)]
            lines.append("Multiple connection attempts failed. All failures were:")
            lines.extend((f"- {descr}: {error}" for error, descr in conn_errors))
>           raise type(last_ex)("\n".join(lines)).with_traceback(None)
E           psycopg.OperationalError: connection failed: connection to server at "127.0.0.1", port 5432 failed: FATAL:  la autentificaci\ufffdn password fall\ufffd para el usuario \ufffdpostgres\ufffd
E           Multiple connection attempts failed. All failures were:
E           - host: 'localhost', port: '5432', hostaddr: '::1': connection failed: connection to server at "::1", port 5432 failed: FATAL:  la autentificaci\ufffdn password fall\ufffd para el usuario \ufffdpostgres\ufffd
E           - host: 'localhost', port: '5432', hostaddr: '127.0.0.1': connection failed: connection to server at "127.0.0.1", port 5432 failed: FATAL:  la autentificaci\ufffdn password fall\ufffd para el usuario \ufffdpostgres\ufffd

..\..\..\AppData\Roaming\Python\Python313\site-packages\psycopg\connection.py:127: OperationalError

The above exception was the direct cause of the following exception:

self = <DatabaseWrapper vendor='postgresql' alias='default'>

    @contextmanager
    def _nodb_cursor(self):
        cursor = None
        try:
>           with super()._nodb_cursor() as cursor:

..\..\..\AppData\Roaming\Python\Python313\site-packages\django\db\backends\postgresql\base.py:507: 
_ _ _ _ _ _ _ _ _ _ _ _ _ _ _ _ _ _ _ _ _ _ _ _ _ _ _ _ _ _ _ _ _ _ _ _ _ _ _ _
C:\Python313\Lib\contextlib.py:141: in __enter__
    return next(self.gen)
..\..\..\AppData\Roaming\Python\Python313\site-packages\django\db\backends\base\base.py:712: in _nodb_cursor
    with conn.cursor() as cursor:
..\..\..\AppData\Roaming\Python\Python313\site-packages\django\utils\asyncio.py:26: in inner
    return func(*args, **kwargs)
..\..\..\AppData\Roaming\Python\Python313\site-packages\django\db\backends\base\base.py:320: in cursor
    return self._cursor()
..\..\..\AppData\Roaming\Python\Python313\site-packages\django\db\backends\base\base.py:296: in _cursor
    self.ensure_connection()
..\..\..\AppData\Roaming\Python\Python313\site-packages\django\utils\asyncio.py:26: in inner
    return func(*args, **kwargs)
..\..\..\AppData\Roaming\Python\Python313\site-packages\django\db\backends\base\base.py:278: in ensure_connection
    with self.wrap_database_errors:
..\..\..\AppData\Roaming\Python\Python313\site-packages\django\db\utils.py:91: in __exit__
    raise dj_exc_value.with_traceback(traceback) from exc_value
..\..\..\AppData\Roaming\Python\Python313\site-packages\django\db\backends\base\base.py:279: in ensure_connection
    self.connect()
..\..\..\AppData\Roaming\Python\Python313\site-packages\django\utils\asyncio.py:26: in inner
    return func(*args, **kwargs)
..\..\..\AppData\Roaming\Python\Python313\site-packages\django\db\backends\base\base.py:256: in connect
    self.connection = self.get_new_connection(conn_params)
..\..\..\AppData\Roaming\Python\Python313\site-packages\django\utils\asyncio.py:26: in inner
    return func(*args, **kwargs)
..\..\..\AppData\Roaming\Python\Python313\site-packages\django\db\backends\postgresql\base.py:332: in get_new_connection
    connection = self.Database.connect(**conn_params)
_ _ _ _ _ _ _ _ _ _ _ _ _ _ _ _ _ _ _ _ _ _ _ _ _ _ _ _ _ _ _ _ _ _ _ _ _ _ _ _

cls = <class 'psycopg.Connection'>
conninfo = 'dbname=postgres client_encoding=UTF8 user=postgres password=postgres host=localhost port=5432 hostaddr=127.0.0.1'
autocommit = False, prepare_threshold = None
context = <psycopg.adapt.AdaptersMap object at 0x000001CEB3E42350>
row_factory = None
cursor_factory = <class 'django.db.backends.postgresql.base.Cursor'>
kwargs = {'client_encoding': 'UTF8', 'dbname': 'postgres', 'host': 'localhost', 'password': 'postgres', ...}
params = {'client_encoding': 'UTF8', 'dbname': 'postgres', 'host': 'localhost', 'password': 'postgres', ...}
timeout = 130

    @classmethod
    def connect(
        cls,
        conninfo: str = "",
        *,
        autocommit: bool = False,
        prepare_threshold: int | None = 5,
        context: AdaptContext | None = None,
        row_factory: RowFactory[Row] | None = None,
        cursor_factory: type[Cursor[Row]] | None = None,
        **kwargs: ConnParam,
    ) -> Self:
        """
        Connect to a database server and return a new `Connection` instance.
        """
    
        params = cls._get_connection_params(conninfo, **kwargs)
        timeout = timeout_from_conninfo(params)
        rv = None
        attempts = conninfo_attempts(params)
        conn_errors: list[tuple[e.Error, str]] = []
        for attempt in attempts:
            tdescr = (attempt.get("host"), attempt.get("port"), attempt.get("hostaddr"))
            descr = "host: %r, port: %r, hostaddr: %r" % tdescr
            logger.debug("connection attempt: %s", descr)
            try:
                conninfo = make_conninfo("", **attempt)
                gen = cls._connect_gen(conninfo, timeout=timeout)
                rv = waiting.wait_conn(gen, interval=_WAIT_INTERVAL)
            except e.Error as ex:
                logger.debug("connection failed: %s: %s", descr, str(ex))
                conn_errors.append((ex, descr))
            except e._NO_TRACEBACK as ex:
                raise ex.with_traceback(None)
            else:
                logger.debug("connection succeeded: %s", descr)
                break
    
        if not rv:
            last_ex = conn_errors[-1][0]
            if len(conn_errors) == 1:
                raise last_ex.with_traceback(None)
    
            # Create a new exception with the same type as the last one, containing
            # all attempt errors while preserving backward compatibility.
            lines = [str(last_ex)]
            lines.append("Multiple connection attempts failed. All failures were:")
            lines.extend((f"- {descr}: {error}" for error, descr in conn_errors))
>           raise type(last_ex)("\n".join(lines)).with_traceback(None)
E           django.db.utils.OperationalError: connection failed: connection to server at "127.0.0.1", port 5432 failed: FATAL:  la autentificaci\ufffdn password fall\ufffd para el usuario \ufffdpostgres\ufffd
E           Multiple connection attempts failed. All failures were:
E           - host: 'localhost', port: '5432', hostaddr: '::1': connection failed: connection to server at "::1", port 5432 failed: FATAL:  la autentificaci\ufffdn password fall\ufffd para el usuario \ufffdpostgres\ufffd
E           - host: 'localhost', port: '5432', hostaddr: '127.0.0.1': connection failed: connection to server at "127.0.0.1", port 5432 failed: FATAL:  la autentificaci\ufffdn password fall\ufffd para el usuario \ufffdpostgres\ufffd

..\..\..\AppData\Roaming\Python\Python313\site-packages\psycopg\connection.py:127: OperationalError

During handling of the above exception, another exception occurred:

self = <DatabaseWrapper vendor='postgresql' alias='default'>

    @async_unsafe
    def ensure_connection(self):
        """Guarantee that a connection to the database is established."""
        if self.connection is None:
            if self.in_atomic_block and self.closed_in_transaction:
                raise ProgrammingError(
                    "Cannot open a new connection in an atomic block."
                )
            with self.wrap_database_errors:
>               self.connect()

..\..\..\AppData\Roaming\Python\Python313\site-packages\django\db\backends\base\base.py:279: 
_ _ _ _ _ _ _ _ _ _ _ _ _ _ _ _ _ _ _ _ _ _ _ _ _ _ _ _ _ _ _ _ _ _ _ _ _ _ _ _
..\..\..\AppData\Roaming\Python\Python313\site-packages\django\utils\asyncio.py:26: in inner
    return func(*args, **kwargs)
..\..\..\AppData\Roaming\Python\Python313\site-packages\django\db\backends\base\base.py:256: in connect
    self.connection = self.get_new_connection(conn_params)
..\..\..\AppData\Roaming\Python\Python313\site-packages\django\utils\asyncio.py:26: in inner
    return func(*args, **kwargs)
..\..\..\AppData\Roaming\Python\Python313\site-packages\django\db\backends\postgresql\base.py:332: in get_new_connection
    connection = self.Database.connect(**conn_params)
_ _ _ _ _ _ _ _ _ _ _ _ _ _ _ _ _ _ _ _ _ _ _ _ _ _ _ _ _ _ _ _ _ _ _ _ _ _ _ _

cls = <class 'psycopg.Connection'>
conninfo = 'dbname=ruffles_db client_encoding=UTF8 user=postgres password=postgres host=localhost port=5432 hostaddr=127.0.0.1'
autocommit = False, prepare_threshold = None
context = <psycopg.adapt.AdaptersMap object at 0x000001CEB3E42350>
row_factory = None
cursor_factory = <class 'django.db.backends.postgresql.base.Cursor'>
kwargs = {'client_encoding': 'UTF8', 'dbname': 'ruffles_db', 'host': 'localhost', 'password': 'postgres', ...}
params = {'client_encoding': 'UTF8', 'dbname': 'ruffles_db', 'host': 'localhost', 'password': 'postgres', ...}
timeout = 130

    @classmethod
    def connect(
        cls,
        conninfo: str = "",
        *,
        autocommit: bool = False,
        prepare_threshold: int | None = 5,
        context: AdaptContext | None = None,
        row_factory: RowFactory[Row] | None = None,
        cursor_factory: type[Cursor[Row]] | None = None,
        **kwargs: ConnParam,
    ) -> Self:
        """
        Connect to a database server and return a new `Connection` instance.
        """
    
        params = cls._get_connection_params(conninfo, **kwargs)
        timeout = timeout_from_conninfo(params)
        rv = None
        attempts = conninfo_attempts(params)
        conn_errors: list[tuple[e.Error, str]] = []
        for attempt in attempts:
            tdescr = (attempt.get("host"), attempt.get("port"), attempt.get("hostaddr"))
            descr = "host: %r, port: %r, hostaddr: %r" % tdescr
            logger.debug("connection attempt: %s", descr)
            try:
                conninfo = make_conninfo("", **attempt)
                gen = cls._connect_gen(conninfo, timeout=timeout)
                rv = waiting.wait_conn(gen, interval=_WAIT_INTERVAL)
            except e.Error as ex:
                logger.debug("connection failed: %s: %s", descr, str(ex))
                conn_errors.append((ex, descr))
            except e._NO_TRACEBACK as ex:
                raise ex.with_traceback(None)
            else:
                logger.debug("connection succeeded: %s", descr)
                break
    
        if not rv:
            last_ex = conn_errors[-1][0]
            if len(conn_errors) == 1:
                raise last_ex.with_traceback(None)
    
            # Create a new exception with the same type as the last one, containing
            # all attempt errors while preserving backward compatibility.
            lines = [str(last_ex)]
            lines.append("Multiple connection attempts failed. All failures were:")
            lines.extend((f"- {descr}: {error}" for error, descr in conn_errors))
>           raise type(last_ex)("\n".join(lines)).with_traceback(None)
E           psycopg.OperationalError: connection failed: connection to server at "127.0.0.1", port 5432 failed: FATAL:  la autentificaci\ufffdn password fall\ufffd para el usuario \ufffdpostgres\ufffd
E           Multiple connection attempts failed. All failures were:
E           - host: 'localhost', port: '5432', hostaddr: '::1': connection failed: connection to server at "::1", port 5432 failed: FATAL:  la autentificaci\ufffdn password fall\ufffd para el usuario \ufffdpostgres\ufffd
E           - host: 'localhost', port: '5432', hostaddr: '127.0.0.1': connection failed: connection to server at "127.0.0.1", port 5432 failed: FATAL:  la autentificaci\ufffdn password fall\ufffd para el usuario \ufffdpostgres\ufffd

..\..\..\AppData\Roaming\Python\Python313\site-packages\psycopg\connection.py:127: OperationalError

The above exception was the direct cause of the following exception:

request = <SubRequest '_django_db_marker' for <Function test_login_invalid_params[data2-400]>>

    @pytest.fixture(autouse=True)
    def _django_db_marker(request: pytest.FixtureRequest) -> None:
        """Implement the django_db marker, internal to pytest-django."""
        marker = request.node.get_closest_marker("django_db")
        if marker:
>           request.getfixturevalue("_django_db_helper")

..\..\..\AppData\Roaming\Python\Python313\site-packages\pytest_django\plugin.py:527: 
_ _ _ _ _ _ _ _ _ _ _ _ _ _ _ _ _ _ _ _ _ _ _ _ _ _ _ _ _ _ _ _ _ _ _ _ _ _ _ _
..\..\..\AppData\Roaming\Python\Python313\site-packages\pytest_django\fixtures.py:140: in django_db_setup
    db_cfg = setup_databases(
..\..\..\AppData\Roaming\Python\Python313\site-packages\django\test\utils.py:204: in setup_databases
    connection.creation.create_test_db(
..\..\..\AppData\Roaming\Python\Python313\site-packages\django\db\backends\base\creation.py:62: in create_test_db
    self._create_test_db(verbosity, autoclobber, keepdb)
..\..\..\AppData\Roaming\Python\Python313\site-packages\django\db\backends\base\creation.py:202: in _create_test_db
    with self._nodb_cursor() as cursor:
C:\Python313\Lib\contextlib.py:141: in __enter__
    return next(self.gen)
..\..\..\AppData\Roaming\Python\Python313\site-packages\django\db\backends\postgresql\base.py:533: in _nodb_cursor
    with conn.cursor() as cursor:
..\..\..\AppData\Roaming\Python\Python313\site-packages\django\utils\asyncio.py:26: in inner
    return func(*args, **kwargs)
..\..\..\AppData\Roaming\Python\Python313\site-packages\django\db\backends\base\base.py:320: in cursor
    return self._cursor()
..\..\..\AppData\Roaming\Python\Python313\site-packages\django\db\backends\base\base.py:296: in _cursor
    self.ensure_connection()
..\..\..\AppData\Roaming\Python\Python313\site-packages\django\utils\asyncio.py:26: in inner
    return func(*args, **kwargs)
..\..\..\AppData\Roaming\Python\Python313\site-packages\django\db\backends\base\base.py:278: in ensure_connection
    with self.wrap_database_errors:
..\..\..\AppData\Roaming\Python\Python313\site-packages\django\db\utils.py:91: in __exit__
    raise dj_exc_value.with_traceback(traceback) from exc_value
..\..\..\AppData\Roaming\Python\Python313\site-packages\django\db\backends\base\base.py:279: in ensure_connection
    self.connect()
..\..\..\AppData\Roaming\Python\Python313\site-packages\django\utils\asyncio.py:26: in inner
    return func(*args, **kwargs)
..\..\..\AppData\Roaming\Python\Python313\site-packages\django\db\backends\base\base.py:256: in connect
    self.connection = self.get_new_connection(conn_params)
..\..\..\AppData\Roaming\Python\Python313\site-packages\django\utils\asyncio.py:26: in inner
    return func(*args, **kwargs)
..\..\..\AppData\Roaming\Python\Python313\site-packages\django\db\backends\postgresql\base.py:332: in get_new_connection
    connection = self.Database.connect(**conn_params)
_ _ _ _ _ _ _ _ _ _ _ _ _ _ _ _ _ _ _ _ _ _ _ _ _ _ _ _ _ _ _ _ _ _ _ _ _ _ _ _

cls = <class 'psycopg.Connection'>
conninfo = 'dbname=ruffles_db client_encoding=UTF8 user=postgres password=postgres host=localhost port=5432 hostaddr=127.0.0.1'
autocommit = False, prepare_threshold = None
context = <psycopg.adapt.AdaptersMap object at 0x000001CEB3E42350>
row_factory = None
cursor_factory = <class 'django.db.backends.postgresql.base.Cursor'>
kwargs = {'client_encoding': 'UTF8', 'dbname': 'ruffles_db', 'host': 'localhost', 'password': 'postgres', ...}
params = {'client_encoding': 'UTF8', 'dbname': 'ruffles_db', 'host': 'localhost', 'password': 'postgres', ...}
timeout = 130

    @classmethod
    def connect(
        cls,
        conninfo: str = "",
        *,
        autocommit: bool = False,
        prepare_threshold: int | None = 5,
        context: AdaptContext | None = None,
        row_factory: RowFactory[Row] | None = None,
        cursor_factory: type[Cursor[Row]] | None = None,
        **kwargs: ConnParam,
    ) -> Self:
        """
        Connect to a database server and return a new `Connection` instance.
        """
    
        params = cls._get_connection_params(conninfo, **kwargs)
        timeout = timeout_from_conninfo(params)
        rv = None
        attempts = conninfo_attempts(params)
        conn_errors: list[tuple[e.Error, str]] = []
        for attempt in attempts:
            tdescr = (attempt.get("host"), attempt.get("port"), attempt.get("hostaddr"))
            descr = "host: %r, port: %r, hostaddr: %r" % tdescr
            logger.debug("connection attempt: %s", descr)
            try:
                conninfo = make_conninfo("", **attempt)
                gen = cls._connect_gen(conninfo, timeout=timeout)
                rv = waiting.wait_conn(gen, interval=_WAIT_INTERVAL)
            except e.Error as ex:
                logger.debug("connection failed: %s: %s", descr, str(ex))
                conn_errors.append((ex, descr))
            except e._NO_TRACEBACK as ex:
                raise ex.with_traceback(None)
            else:
                logger.debug("connection succeeded: %s", descr)
                break
    
        if not rv:
            last_ex = conn_errors[-1][0]
            if len(conn_errors) == 1:
                raise last_ex.with_traceback(None)
    
            # Create a new exception with the same type as the last one, containing
            # all attempt errors while preserving backward compatibility.
            lines = [str(last_ex)]
            lines.append("Multiple connection attempts failed. All failures were:")
            lines.extend((f"- {descr}: {error}" for error, descr in conn_errors))
>           raise type(last_ex)("\n".join(lines)).with_traceback(None)
E           django.db.utils.OperationalError: connection failed: connection to server at "127.0.0.1", port 5432 failed: FATAL:  la autentificaci\ufffdn password fall\ufffd para el usuario \ufffdpostgres\ufffd
E           Multiple connection attempts failed. All failures were:
E           - host: 'localhost', port: '5432', hostaddr: '::1': connection failed: connection to server at "::1", port 5432 failed: FATAL:  la autentificaci\ufffdn password fall\ufffd para el usuario \ufffdpostgres\ufffd
E           - host: 'localhost', port: '5432', hostaddr: '127.0.0.1': connection failed: connection to server at "127.0.0.1", port 5432 failed: FATAL:  la autentificaci\ufffdn password fall\ufffd para el usuario \ufffdpostgres\ufffd

..\..\..\AppData\Roaming\Python\Python313\site-packages\psycopg\connection.py:127: OperationalError
___________ ERROR at setup of test_login_invalid_params[data3-401] ____________

self = <DatabaseWrapper vendor='postgresql' alias='__no_db__'>

    @async_unsafe
    def ensure_connection(self):
        """Guarantee that a connection to the database is established."""
        if self.connection is None:
            if self.in_atomic_block and self.closed_in_transaction:
                raise ProgrammingError(
                    "Cannot open a new connection in an atomic block."
                )
            with self.wrap_database_errors:
>               self.connect()

..\..\..\AppData\Roaming\Python\Python313\site-packages\django\db\backends\base\base.py:279: 
_ _ _ _ _ _ _ _ _ _ _ _ _ _ _ _ _ _ _ _ _ _ _ _ _ _ _ _ _ _ _ _ _ _ _ _ _ _ _ _
..\..\..\AppData\Roaming\Python\Python313\site-packages\django\utils\asyncio.py:26: in inner
    return func(*args, **kwargs)
..\..\..\AppData\Roaming\Python\Python313\site-packages\django\db\backends\base\base.py:256: in connect
    self.connection = self.get_new_connection(conn_params)
..\..\..\AppData\Roaming\Python\Python313\site-packages\django\utils\asyncio.py:26: in inner
    return func(*args, **kwargs)
..\..\..\AppData\Roaming\Python\Python313\site-packages\django\db\backends\postgresql\base.py:332: in get_new_connection
    connection = self.Database.connect(**conn_params)
_ _ _ _ _ _ _ _ _ _ _ _ _ _ _ _ _ _ _ _ _ _ _ _ _ _ _ _ _ _ _ _ _ _ _ _ _ _ _ _

cls = <class 'psycopg.Connection'>
conninfo = 'dbname=postgres client_encoding=UTF8 user=postgres password=postgres host=localhost port=5432 hostaddr=127.0.0.1'
autocommit = False, prepare_threshold = None
context = <psycopg.adapt.AdaptersMap object at 0x000001CEB3E42350>
row_factory = None
cursor_factory = <class 'django.db.backends.postgresql.base.Cursor'>
kwargs = {'client_encoding': 'UTF8', 'dbname': 'postgres', 'host': 'localhost', 'password': 'postgres', ...}
params = {'client_encoding': 'UTF8', 'dbname': 'postgres', 'host': 'localhost', 'password': 'postgres', ...}
timeout = 130

    @classmethod
    def connect(
        cls,
        conninfo: str = "",
        *,
        autocommit: bool = False,
        prepare_threshold: int | None = 5,
        context: AdaptContext | None = None,
        row_factory: RowFactory[Row] | None = None,
        cursor_factory: type[Cursor[Row]] | None = None,
        **kwargs: ConnParam,
    ) -> Self:
        """
        Connect to a database server and return a new `Connection` instance.
        """
    
        params = cls._get_connection_params(conninfo, **kwargs)
        timeout = timeout_from_conninfo(params)
        rv = None
        attempts = conninfo_attempts(params)
        conn_errors: list[tuple[e.Error, str]] = []
        for attempt in attempts:
            tdescr = (attempt.get("host"), attempt.get("port"), attempt.get("hostaddr"))
            descr = "host: %r, port: %r, hostaddr: %r" % tdescr
            logger.debug("connection attempt: %s", descr)
            try:
                conninfo = make_conninfo("", **attempt)
                gen = cls._connect_gen(conninfo, timeout=timeout)
                rv = waiting.wait_conn(gen, interval=_WAIT_INTERVAL)
            except e.Error as ex:
                logger.debug("connection failed: %s: %s", descr, str(ex))
                conn_errors.append((ex, descr))
            except e._NO_TRACEBACK as ex:
                raise ex.with_traceback(None)
            else:
                logger.debug("connection succeeded: %s", descr)
                break
    
        if not rv:
            last_ex = conn_errors[-1][0]
            if len(conn_errors) == 1:
                raise last_ex.with_traceback(None)
    
            # Create a new exception with the same type as the last one, containing
            # all attempt errors while preserving backward compatibility.
            lines = [str(last_ex)]
            lines.append("Multiple connection attempts failed. All failures were:")
            lines.extend((f"- {descr}: {error}" for error, descr in conn_errors))
>           raise type(last_ex)("\n".join(lines)).with_traceback(None)
E           psycopg.OperationalError: connection failed: connection to server at "127.0.0.1", port 5432 failed: FATAL:  la autentificaci\ufffdn password fall\ufffd para el usuario \ufffdpostgres\ufffd
E           Multiple connection attempts failed. All failures were:
E           - host: 'localhost', port: '5432', hostaddr: '::1': connection failed: connection to server at "::1", port 5432 failed: FATAL:  la autentificaci\ufffdn password fall\ufffd para el usuario \ufffdpostgres\ufffd
E           - host: 'localhost', port: '5432', hostaddr: '127.0.0.1': connection failed: connection to server at "127.0.0.1", port 5432 failed: FATAL:  la autentificaci\ufffdn password fall\ufffd para el usuario \ufffdpostgres\ufffd

..\..\..\AppData\Roaming\Python\Python313\site-packages\psycopg\connection.py:127: OperationalError

The above exception was the direct cause of the following exception:

self = <DatabaseWrapper vendor='postgresql' alias='default'>

    @contextmanager
    def _nodb_cursor(self):
        cursor = None
        try:
>           with super()._nodb_cursor() as cursor:

..\..\..\AppData\Roaming\Python\Python313\site-packages\django\db\backends\postgresql\base.py:507: 
_ _ _ _ _ _ _ _ _ _ _ _ _ _ _ _ _ _ _ _ _ _ _ _ _ _ _ _ _ _ _ _ _ _ _ _ _ _ _ _
C:\Python313\Lib\contextlib.py:141: in __enter__
    return next(self.gen)
..\..\..\AppData\Roaming\Python\Python313\site-packages\django\db\backends\base\base.py:712: in _nodb_cursor
    with conn.cursor() as cursor:
..\..\..\AppData\Roaming\Python\Python313\site-packages\django\utils\asyncio.py:26: in inner
    return func(*args, **kwargs)
..\..\..\AppData\Roaming\Python\Python313\site-packages\django\db\backends\base\base.py:320: in cursor
    return self._cursor()
..\..\..\AppData\Roaming\Python\Python313\site-packages\django\db\backends\base\base.py:296: in _cursor
    self.ensure_connection()
..\..\..\AppData\Roaming\Python\Python313\site-packages\django\utils\asyncio.py:26: in inner
    return func(*args, **kwargs)
..\..\..\AppData\Roaming\Python\Python313\site-packages\django\db\backends\base\base.py:278: in ensure_connection
    with self.wrap_database_errors:
..\..\..\AppData\Roaming\Python\Python313\site-packages\django\db\utils.py:91: in __exit__
    raise dj_exc_value.with_traceback(traceback) from exc_value
..\..\..\AppData\Roaming\Python\Python313\site-packages\django\db\backends\base\base.py:279: in ensure_connection
    self.connect()
..\..\..\AppData\Roaming\Python\Python313\site-packages\django\utils\asyncio.py:26: in inner
    return func(*args, **kwargs)
..\..\..\AppData\Roaming\Python\Python313\site-packages\django\db\backends\base\base.py:256: in connect
    self.connection = self.get_new_connection(conn_params)
..\..\..\AppData\Roaming\Python\Python313\site-packages\django\utils\asyncio.py:26: in inner
    return func(*args, **kwargs)
..\..\..\AppData\Roaming\Python\Python313\site-packages\django\db\backends\postgresql\base.py:332: in get_new_connection
    connection = self.Database.connect(**conn_params)
_ _ _ _ _ _ _ _ _ _ _ _ _ _ _ _ _ _ _ _ _ _ _ _ _ _ _ _ _ _ _ _ _ _ _ _ _ _ _ _

cls = <class 'psycopg.Connection'>
conninfo = 'dbname=postgres client_encoding=UTF8 user=postgres password=postgres host=localhost port=5432 hostaddr=127.0.0.1'
autocommit = False, prepare_threshold = None
context = <psycopg.adapt.AdaptersMap object at 0x000001CEB3E42350>
row_factory = None
cursor_factory = <class 'django.db.backends.postgresql.base.Cursor'>
kwargs = {'client_encoding': 'UTF8', 'dbname': 'postgres', 'host': 'localhost', 'password': 'postgres', ...}
params = {'client_encoding': 'UTF8', 'dbname': 'postgres', 'host': 'localhost', 'password': 'postgres', ...}
timeout = 130

    @classmethod
    def connect(
        cls,
        conninfo: str = "",
        *,
        autocommit: bool = False,
        prepare_threshold: int | None = 5,
        context: AdaptContext | None = None,
        row_factory: RowFactory[Row] | None = None,
        cursor_factory: type[Cursor[Row]] | None = None,
        **kwargs: ConnParam,
    ) -> Self:
        """
        Connect to a database server and return a new `Connection` instance.
        """
    
        params = cls._get_connection_params(conninfo, **kwargs)
        timeout = timeout_from_conninfo(params)
        rv = None
        attempts = conninfo_attempts(params)
        conn_errors: list[tuple[e.Error, str]] = []
        for attempt in attempts:
            tdescr = (attempt.get("host"), attempt.get("port"), attempt.get("hostaddr"))
            descr = "host: %r, port: %r, hostaddr: %r" % tdescr
            logger.debug("connection attempt: %s", descr)
            try:
                conninfo = make_conninfo("", **attempt)
                gen = cls._connect_gen(conninfo, timeout=timeout)
                rv = waiting.wait_conn(gen, interval=_WAIT_INTERVAL)
            except e.Error as ex:
                logger.debug("connection failed: %s: %s", descr, str(ex))
                conn_errors.append((ex, descr))
            except e._NO_TRACEBACK as ex:
                raise ex.with_traceback(None)
            else:
                logger.debug("connection succeeded: %s", descr)
                break
    
        if not rv:
            last_ex = conn_errors[-1][0]
            if len(conn_errors) == 1:
                raise last_ex.with_traceback(None)
    
            # Create a new exception with the same type as the last one, containing
            # all attempt errors while preserving backward compatibility.
            lines = [str(last_ex)]
            lines.append("Multiple connection attempts failed. All failures were:")
            lines.extend((f"- {descr}: {error}" for error, descr in conn_errors))
>           raise type(last_ex)("\n".join(lines)).with_traceback(None)
E           django.db.utils.OperationalError: connection failed: connection to server at "127.0.0.1", port 5432 failed: FATAL:  la autentificaci\ufffdn password fall\ufffd para el usuario \ufffdpostgres\ufffd
E           Multiple connection attempts failed. All failures were:
E           - host: 'localhost', port: '5432', hostaddr: '::1': connection failed: connection to server at "::1", port 5432 failed: FATAL:  la autentificaci\ufffdn password fall\ufffd para el usuario \ufffdpostgres\ufffd
E           - host: 'localhost', port: '5432', hostaddr: '127.0.0.1': connection failed: connection to server at "127.0.0.1", port 5432 failed: FATAL:  la autentificaci\ufffdn password fall\ufffd para el usuario \ufffdpostgres\ufffd

..\..\..\AppData\Roaming\Python\Python313\site-packages\psycopg\connection.py:127: OperationalError

During handling of the above exception, another exception occurred:

self = <DatabaseWrapper vendor='postgresql' alias='default'>

    @async_unsafe
    def ensure_connection(self):
        """Guarantee that a connection to the database is established."""
        if self.connection is None:
            if self.in_atomic_block and self.closed_in_transaction:
                raise ProgrammingError(
                    "Cannot open a new connection in an atomic block."
                )
            with self.wrap_database_errors:
>               self.connect()

..\..\..\AppData\Roaming\Python\Python313\site-packages\django\db\backends\base\base.py:279: 
_ _ _ _ _ _ _ _ _ _ _ _ _ _ _ _ _ _ _ _ _ _ _ _ _ _ _ _ _ _ _ _ _ _ _ _ _ _ _ _
..\..\..\AppData\Roaming\Python\Python313\site-packages\django\utils\asyncio.py:26: in inner
    return func(*args, **kwargs)
..\..\..\AppData\Roaming\Python\Python313\site-packages\django\db\backends\base\base.py:256: in connect
    self.connection = self.get_new_connection(conn_params)
..\..\..\AppData\Roaming\Python\Python313\site-packages\django\utils\asyncio.py:26: in inner
    return func(*args, **kwargs)
..\..\..\AppData\Roaming\Python\Python313\site-packages\django\db\backends\postgresql\base.py:332: in get_new_connection
    connection = self.Database.connect(**conn_params)
_ _ _ _ _ _ _ _ _ _ _ _ _ _ _ _ _ _ _ _ _ _ _ _ _ _ _ _ _ _ _ _ _ _ _ _ _ _ _ _

cls = <class 'psycopg.Connection'>
conninfo = 'dbname=ruffles_db client_encoding=UTF8 user=postgres password=postgres host=localhost port=5432 hostaddr=127.0.0.1'
autocommit = False, prepare_threshold = None
context = <psycopg.adapt.AdaptersMap object at 0x000001CEB3E42350>
row_factory = None
cursor_factory = <class 'django.db.backends.postgresql.base.Cursor'>
kwargs = {'client_encoding': 'UTF8', 'dbname': 'ruffles_db', 'host': 'localhost', 'password': 'postgres', ...}
params = {'client_encoding': 'UTF8', 'dbname': 'ruffles_db', 'host': 'localhost', 'password': 'postgres', ...}
timeout = 130

    @classmethod
    def connect(
        cls,
        conninfo: str = "",
        *,
        autocommit: bool = False,
        prepare_threshold: int | None = 5,
        context: AdaptContext | None = None,
        row_factory: RowFactory[Row] | None = None,
        cursor_factory: type[Cursor[Row]] | None = None,
        **kwargs: ConnParam,
    ) -> Self:
        """
        Connect to a database server and return a new `Connection` instance.
        """
    
        params = cls._get_connection_params(conninfo, **kwargs)
        timeout = timeout_from_conninfo(params)
        rv = None
        attempts = conninfo_attempts(params)
        conn_errors: list[tuple[e.Error, str]] = []
        for attempt in attempts:
            tdescr = (attempt.get("host"), attempt.get("port"), attempt.get("hostaddr"))
            descr = "host: %r, port: %r, hostaddr: %r" % tdescr
            logger.debug("connection attempt: %s", descr)
            try:
                conninfo = make_conninfo("", **attempt)
                gen = cls._connect_gen(conninfo, timeout=timeout)
                rv = waiting.wait_conn(gen, interval=_WAIT_INTERVAL)
            except e.Error as ex:
                logger.debug("connection failed: %s: %s", descr, str(ex))
                conn_errors.append((ex, descr))
            except e._NO_TRACEBACK as ex:
                raise ex.with_traceback(None)
            else:
                logger.debug("connection succeeded: %s", descr)
                break
    
        if not rv:
            last_ex = conn_errors[-1][0]
            if len(conn_errors) == 1:
                raise last_ex.with_traceback(None)
    
            # Create a new exception with the same type as the last one, containing
            # all attempt errors while preserving backward compatibility.
            lines = [str(last_ex)]
            lines.append("Multiple connection attempts failed. All failures were:")
            lines.extend((f"- {descr}: {error}" for error, descr in conn_errors))
>           raise type(last_ex)("\n".join(lines)).with_traceback(None)
E           psycopg.OperationalError: connection failed: connection to server at "127.0.0.1", port 5432 failed: FATAL:  la autentificaci\ufffdn password fall\ufffd para el usuario \ufffdpostgres\ufffd
E           Multiple connection attempts failed. All failures were:
E           - host: 'localhost', port: '5432', hostaddr: '::1': connection failed: connection to server at "::1", port 5432 failed: FATAL:  la autentificaci\ufffdn password fall\ufffd para el usuario \ufffdpostgres\ufffd
E           - host: 'localhost', port: '5432', hostaddr: '127.0.0.1': connection failed: connection to server at "127.0.0.1", port 5432 failed: FATAL:  la autentificaci\ufffdn password fall\ufffd para el usuario \ufffdpostgres\ufffd

..\..\..\AppData\Roaming\Python\Python313\site-packages\psycopg\connection.py:127: OperationalError

The above exception was the direct cause of the following exception:

request = <SubRequest '_django_db_marker' for <Function test_login_invalid_params[data3-401]>>

    @pytest.fixture(autouse=True)
    def _django_db_marker(request: pytest.FixtureRequest) -> None:
        """Implement the django_db marker, internal to pytest-django."""
        marker = request.node.get_closest_marker("django_db")
        if marker:
>           request.getfixturevalue("_django_db_helper")

..\..\..\AppData\Roaming\Python\Python313\site-packages\pytest_django\plugin.py:527: 
_ _ _ _ _ _ _ _ _ _ _ _ _ _ _ _ _ _ _ _ _ _ _ _ _ _ _ _ _ _ _ _ _ _ _ _ _ _ _ _
..\..\..\AppData\Roaming\Python\Python313\site-packages\pytest_django\fixtures.py:140: in django_db_setup
    db_cfg = setup_databases(
..\..\..\AppData\Roaming\Python\Python313\site-packages\django\test\utils.py:204: in setup_databases
    connection.creation.create_test_db(
..\..\..\AppData\Roaming\Python\Python313\site-packages\django\db\backends\base\creation.py:62: in create_test_db
    self._create_test_db(verbosity, autoclobber, keepdb)
..\..\..\AppData\Roaming\Python\Python313\site-packages\django\db\backends\base\creation.py:202: in _create_test_db
    with self._nodb_cursor() as cursor:
C:\Python313\Lib\contextlib.py:141: in __enter__
    return next(self.gen)
..\..\..\AppData\Roaming\Python\Python313\site-packages\django\db\backends\postgresql\base.py:533: in _nodb_cursor
    with conn.cursor() as cursor:
..\..\..\AppData\Roaming\Python\Python313\site-packages\django\utils\asyncio.py:26: in inner
    return func(*args, **kwargs)
..\..\..\AppData\Roaming\Python\Python313\site-packages\django\db\backends\base\base.py:320: in cursor
    return self._cursor()
..\..\..\AppData\Roaming\Python\Python313\site-packages\django\db\backends\base\base.py:296: in _cursor
    self.ensure_connection()
..\..\..\AppData\Roaming\Python\Python313\site-packages\django\utils\asyncio.py:26: in inner
    return func(*args, **kwargs)
..\..\..\AppData\Roaming\Python\Python313\site-packages\django\db\backends\base\base.py:278: in ensure_connection
    with self.wrap_database_errors:
..\..\..\AppData\Roaming\Python\Python313\site-packages\django\db\utils.py:91: in __exit__
    raise dj_exc_value.with_traceback(traceback) from exc_value
..\..\..\AppData\Roaming\Python\Python313\site-packages\django\db\backends\base\base.py:279: in ensure_connection
    self.connect()
..\..\..\AppData\Roaming\Python\Python313\site-packages\django\utils\asyncio.py:26: in inner
    return func(*args, **kwargs)
..\..\..\AppData\Roaming\Python\Python313\site-packages\django\db\backends\base\base.py:256: in connect
    self.connection = self.get_new_connection(conn_params)
..\..\..\AppData\Roaming\Python\Python313\site-packages\django\utils\asyncio.py:26: in inner
    return func(*args, **kwargs)
..\..\..\AppData\Roaming\Python\Python313\site-packages\django\db\backends\postgresql\base.py:332: in get_new_connection
    connection = self.Database.connect(**conn_params)
_ _ _ _ _ _ _ _ _ _ _ _ _ _ _ _ _ _ _ _ _ _ _ _ _ _ _ _ _ _ _ _ _ _ _ _ _ _ _ _

cls = <class 'psycopg.Connection'>
conninfo = 'dbname=ruffles_db client_encoding=UTF8 user=postgres password=postgres host=localhost port=5432 hostaddr=127.0.0.1'
autocommit = False, prepare_threshold = None
context = <psycopg.adapt.AdaptersMap object at 0x000001CEB3E42350>
row_factory = None
cursor_factory = <class 'django.db.backends.postgresql.base.Cursor'>
kwargs = {'client_encoding': 'UTF8', 'dbname': 'ruffles_db', 'host': 'localhost', 'password': 'postgres', ...}
params = {'client_encoding': 'UTF8', 'dbname': 'ruffles_db', 'host': 'localhost', 'password': 'postgres', ...}
timeout = 130

    @classmethod
    def connect(
        cls,
        conninfo: str = "",
        *,
        autocommit: bool = False,
        prepare_threshold: int | None = 5,
        context: AdaptContext | None = None,
        row_factory: RowFactory[Row] | None = None,
        cursor_factory: type[Cursor[Row]] | None = None,
        **kwargs: ConnParam,
    ) -> Self:
        """
        Connect to a database server and return a new `Connection` instance.
        """
    
        params = cls._get_connection_params(conninfo, **kwargs)
        timeout = timeout_from_conninfo(params)
        rv = None
        attempts = conninfo_attempts(params)
        conn_errors: list[tuple[e.Error, str]] = []
        for attempt in attempts:
            tdescr = (attempt.get("host"), attempt.get("port"), attempt.get("hostaddr"))
            descr = "host: %r, port: %r, hostaddr: %r" % tdescr
            logger.debug("connection attempt: %s", descr)
            try:
                conninfo = make_conninfo("", **attempt)
                gen = cls._connect_gen(conninfo, timeout=timeout)
                rv = waiting.wait_conn(gen, interval=_WAIT_INTERVAL)
            except e.Error as ex:
                logger.debug("connection failed: %s: %s", descr, str(ex))
                conn_errors.append((ex, descr))
            except e._NO_TRACEBACK as ex:
                raise ex.with_traceback(None)
            else:
                logger.debug("connection succeeded: %s", descr)
                break
    
        if not rv:
            last_ex = conn_errors[-1][0]
            if len(conn_errors) == 1:
                raise last_ex.with_traceback(None)
    
            # Create a new exception with the same type as the last one, containing
            # all attempt errors while preserving backward compatibility.
            lines = [str(last_ex)]
            lines.append("Multiple connection attempts failed. All failures were:")
            lines.extend((f"- {descr}: {error}" for error, descr in conn_errors))
>           raise type(last_ex)("\n".join(lines)).with_traceback(None)
E           django.db.utils.OperationalError: connection failed: connection to server at "127.0.0.1", port 5432 failed: FATAL:  la autentificaci\ufffdn password fall\ufffd para el usuario \ufffdpostgres\ufffd
E           Multiple connection attempts failed. All failures were:
E           - host: 'localhost', port: '5432', hostaddr: '::1': connection failed: connection to server at "::1", port 5432 failed: FATAL:  la autentificaci\ufffdn password fall\ufffd para el usuario \ufffdpostgres\ufffd
E           - host: 'localhost', port: '5432', hostaddr: '127.0.0.1': connection failed: connection to server at "127.0.0.1", port 5432 failed: FATAL:  la autentificaci\ufffdn password fall\ufffd para el usuario \ufffdpostgres\ufffd

..\..\..\AppData\Roaming\Python\Python313\site-packages\psycopg\connection.py:127: OperationalError
___________ ERROR at setup of test_login_invalid_params[data4-401] ____________

self = <DatabaseWrapper vendor='postgresql' alias='__no_db__'>

    @async_unsafe
    def ensure_connection(self):
        """Guarantee that a connection to the database is established."""
        if self.connection is None:
            if self.in_atomic_block and self.closed_in_transaction:
                raise ProgrammingError(
                    "Cannot open a new connection in an atomic block."
                )
            with self.wrap_database_errors:
>               self.connect()

..\..\..\AppData\Roaming\Python\Python313\site-packages\django\db\backends\base\base.py:279: 
_ _ _ _ _ _ _ _ _ _ _ _ _ _ _ _ _ _ _ _ _ _ _ _ _ _ _ _ _ _ _ _ _ _ _ _ _ _ _ _
..\..\..\AppData\Roaming\Python\Python313\site-packages\django\utils\asyncio.py:26: in inner
    return func(*args, **kwargs)
..\..\..\AppData\Roaming\Python\Python313\site-packages\django\db\backends\base\base.py:256: in connect
    self.connection = self.get_new_connection(conn_params)
..\..\..\AppData\Roaming\Python\Python313\site-packages\django\utils\asyncio.py:26: in inner
    return func(*args, **kwargs)
..\..\..\AppData\Roaming\Python\Python313\site-packages\django\db\backends\postgresql\base.py:332: in get_new_connection
    connection = self.Database.connect(**conn_params)
_ _ _ _ _ _ _ _ _ _ _ _ _ _ _ _ _ _ _ _ _ _ _ _ _ _ _ _ _ _ _ _ _ _ _ _ _ _ _ _

cls = <class 'psycopg.Connection'>
conninfo = 'dbname=postgres client_encoding=UTF8 user=postgres password=postgres host=localhost port=5432 hostaddr=127.0.0.1'
autocommit = False, prepare_threshold = None
context = <psycopg.adapt.AdaptersMap object at 0x000001CEB3E42350>
row_factory = None
cursor_factory = <class 'django.db.backends.postgresql.base.Cursor'>
kwargs = {'client_encoding': 'UTF8', 'dbname': 'postgres', 'host': 'localhost', 'password': 'postgres', ...}
params = {'client_encoding': 'UTF8', 'dbname': 'postgres', 'host': 'localhost', 'password': 'postgres', ...}
timeout = 130

    @classmethod
    def connect(
        cls,
        conninfo: str = "",
        *,
        autocommit: bool = False,
        prepare_threshold: int | None = 5,
        context: AdaptContext | None = None,
        row_factory: RowFactory[Row] | None = None,
        cursor_factory: type[Cursor[Row]] | None = None,
        **kwargs: ConnParam,
    ) -> Self:
        """
        Connect to a database server and return a new `Connection` instance.
        """
    
        params = cls._get_connection_params(conninfo, **kwargs)
        timeout = timeout_from_conninfo(params)
        rv = None
        attempts = conninfo_attempts(params)
        conn_errors: list[tuple[e.Error, str]] = []
        for attempt in attempts:
            tdescr = (attempt.get("host"), attempt.get("port"), attempt.get("hostaddr"))
            descr = "host: %r, port: %r, hostaddr: %r" % tdescr
            logger.debug("connection attempt: %s", descr)
            try:
                conninfo = make_conninfo("", **attempt)
                gen = cls._connect_gen(conninfo, timeout=timeout)
                rv = waiting.wait_conn(gen, interval=_WAIT_INTERVAL)
            except e.Error as ex:
                logger.debug("connection failed: %s: %s", descr, str(ex))
                conn_errors.append((ex, descr))
            except e._NO_TRACEBACK as ex:
                raise ex.with_traceback(None)
            else:
                logger.debug("connection succeeded: %s", descr)
                break
    
        if not rv:
            last_ex = conn_errors[-1][0]
            if len(conn_errors) == 1:
                raise last_ex.with_traceback(None)
    
            # Create a new exception with the same type as the last one, containing
            # all attempt errors while preserving backward compatibility.
            lines = [str(last_ex)]
            lines.append("Multiple connection attempts failed. All failures were:")
            lines.extend((f"- {descr}: {error}" for error, descr in conn_errors))
>           raise type(last_ex)("\n".join(lines)).with_traceback(None)
E           psycopg.OperationalError: connection failed: connection to server at "127.0.0.1", port 5432 failed: FATAL:  la autentificaci\ufffdn password fall\ufffd para el usuario \ufffdpostgres\ufffd
E           Multiple connection attempts failed. All failures were:
E           - host: 'localhost', port: '5432', hostaddr: '::1': connection failed: connection to server at "::1", port 5432 failed: FATAL:  la autentificaci\ufffdn password fall\ufffd para el usuario \ufffdpostgres\ufffd
E           - host: 'localhost', port: '5432', hostaddr: '127.0.0.1': connection failed: connection to server at "127.0.0.1", port 5432 failed: FATAL:  la autentificaci\ufffdn password fall\ufffd para el usuario \ufffdpostgres\ufffd

..\..\..\AppData\Roaming\Python\Python313\site-packages\psycopg\connection.py:127: OperationalError

The above exception was the direct cause of the following exception:

self = <DatabaseWrapper vendor='postgresql' alias='default'>

    @contextmanager
    def _nodb_cursor(self):
        cursor = None
        try:
>           with super()._nodb_cursor() as cursor:

..\..\..\AppData\Roaming\Python\Python313\site-packages\django\db\backends\postgresql\base.py:507: 
_ _ _ _ _ _ _ _ _ _ _ _ _ _ _ _ _ _ _ _ _ _ _ _ _ _ _ _ _ _ _ _ _ _ _ _ _ _ _ _
C:\Python313\Lib\contextlib.py:141: in __enter__
    return next(self.gen)
..\..\..\AppData\Roaming\Python\Python313\site-packages\django\db\backends\base\base.py:712: in _nodb_cursor
    with conn.cursor() as cursor:
..\..\..\AppData\Roaming\Python\Python313\site-packages\django\utils\asyncio.py:26: in inner
    return func(*args, **kwargs)
..\..\..\AppData\Roaming\Python\Python313\site-packages\django\db\backends\base\base.py:320: in cursor
    return self._cursor()
..\..\..\AppData\Roaming\Python\Python313\site-packages\django\db\backends\base\base.py:296: in _cursor
    self.ensure_connection()
..\..\..\AppData\Roaming\Python\Python313\site-packages\django\utils\asyncio.py:26: in inner
    return func(*args, **kwargs)
..\..\..\AppData\Roaming\Python\Python313\site-packages\django\db\backends\base\base.py:278: in ensure_connection
    with self.wrap_database_errors:
..\..\..\AppData\Roaming\Python\Python313\site-packages\django\db\utils.py:91: in __exit__
    raise dj_exc_value.with_traceback(traceback) from exc_value
..\..\..\AppData\Roaming\Python\Python313\site-packages\django\db\backends\base\base.py:279: in ensure_connection
    self.connect()
..\..\..\AppData\Roaming\Python\Python313\site-packages\django\utils\asyncio.py:26: in inner
    return func(*args, **kwargs)
..\..\..\AppData\Roaming\Python\Python313\site-packages\django\db\backends\base\base.py:256: in connect
    self.connection = self.get_new_connection(conn_params)
..\..\..\AppData\Roaming\Python\Python313\site-packages\django\utils\asyncio.py:26: in inner
    return func(*args, **kwargs)
..\..\..\AppData\Roaming\Python\Python313\site-packages\django\db\backends\postgresql\base.py:332: in get_new_connection
    connection = self.Database.connect(**conn_params)
_ _ _ _ _ _ _ _ _ _ _ _ _ _ _ _ _ _ _ _ _ _ _ _ _ _ _ _ _ _ _ _ _ _ _ _ _ _ _ _

cls = <class 'psycopg.Connection'>
conninfo = 'dbname=postgres client_encoding=UTF8 user=postgres password=postgres host=localhost port=5432 hostaddr=127.0.0.1'
autocommit = False, prepare_threshold = None
context = <psycopg.adapt.AdaptersMap object at 0x000001CEB3E42350>
row_factory = None
cursor_factory = <class 'django.db.backends.postgresql.base.Cursor'>
kwargs = {'client_encoding': 'UTF8', 'dbname': 'postgres', 'host': 'localhost', 'password': 'postgres', ...}
params = {'client_encoding': 'UTF8', 'dbname': 'postgres', 'host': 'localhost', 'password': 'postgres', ...}
timeout = 130

    @classmethod
    def connect(
        cls,
        conninfo: str = "",
        *,
        autocommit: bool = False,
        prepare_threshold: int | None = 5,
        context: AdaptContext | None = None,
        row_factory: RowFactory[Row] | None = None,
        cursor_factory: type[Cursor[Row]] | None = None,
        **kwargs: ConnParam,
    ) -> Self:
        """
        Connect to a database server and return a new `Connection` instance.
        """
    
        params = cls._get_connection_params(conninfo, **kwargs)
        timeout = timeout_from_conninfo(params)
        rv = None
        attempts = conninfo_attempts(params)
        conn_errors: list[tuple[e.Error, str]] = []
        for attempt in attempts:
            tdescr = (attempt.get("host"), attempt.get("port"), attempt.get("hostaddr"))
            descr = "host: %r, port: %r, hostaddr: %r" % tdescr
            logger.debug("connection attempt: %s", descr)
            try:
                conninfo = make_conninfo("", **attempt)
                gen = cls._connect_gen(conninfo, timeout=timeout)
                rv = waiting.wait_conn(gen, interval=_WAIT_INTERVAL)
            except e.Error as ex:
                logger.debug("connection failed: %s: %s", descr, str(ex))
                conn_errors.append((ex, descr))
            except e._NO_TRACEBACK as ex:
                raise ex.with_traceback(None)
            else:
                logger.debug("connection succeeded: %s", descr)
                break
    
        if not rv:
            last_ex = conn_errors[-1][0]
            if len(conn_errors) == 1:
                raise last_ex.with_traceback(None)
    
            # Create a new exception with the same type as the last one, containing
            # all attempt errors while preserving backward compatibility.
            lines = [str(last_ex)]
            lines.append("Multiple connection attempts failed. All failures were:")
            lines.extend((f"- {descr}: {error}" for error, descr in conn_errors))
>           raise type(last_ex)("\n".join(lines)).with_traceback(None)
E           django.db.utils.OperationalError: connection failed: connection to server at "127.0.0.1", port 5432 failed: FATAL:  la autentificaci\ufffdn password fall\ufffd para el usuario \ufffdpostgres\ufffd
E           Multiple connection attempts failed. All failures were:
E           - host: 'localhost', port: '5432', hostaddr: '::1': connection failed: connection to server at "::1", port 5432 failed: FATAL:  la autentificaci\ufffdn password fall\ufffd para el usuario \ufffdpostgres\ufffd
E           - host: 'localhost', port: '5432', hostaddr: '127.0.0.1': connection failed: connection to server at "127.0.0.1", port 5432 failed: FATAL:  la autentificaci\ufffdn password fall\ufffd para el usuario \ufffdpostgres\ufffd

..\..\..\AppData\Roaming\Python\Python313\site-packages\psycopg\connection.py:127: OperationalError

During handling of the above exception, another exception occurred:

self = <DatabaseWrapper vendor='postgresql' alias='default'>

    @async_unsafe
    def ensure_connection(self):
        """Guarantee that a connection to the database is established."""
        if self.connection is None:
            if self.in_atomic_block and self.closed_in_transaction:
                raise ProgrammingError(
                    "Cannot open a new connection in an atomic block."
                )
            with self.wrap_database_errors:
>               self.connect()

..\..\..\AppData\Roaming\Python\Python313\site-packages\django\db\backends\base\base.py:279: 
_ _ _ _ _ _ _ _ _ _ _ _ _ _ _ _ _ _ _ _ _ _ _ _ _ _ _ _ _ _ _ _ _ _ _ _ _ _ _ _
..\..\..\AppData\Roaming\Python\Python313\site-packages\django\utils\asyncio.py:26: in inner
    return func(*args, **kwargs)
..\..\..\AppData\Roaming\Python\Python313\site-packages\django\db\backends\base\base.py:256: in connect
    self.connection = self.get_new_connection(conn_params)
..\..\..\AppData\Roaming\Python\Python313\site-packages\django\utils\asyncio.py:26: in inner
    return func(*args, **kwargs)
..\..\..\AppData\Roaming\Python\Python313\site-packages\django\db\backends\postgresql\base.py:332: in get_new_connection
    connection = self.Database.connect(**conn_params)
_ _ _ _ _ _ _ _ _ _ _ _ _ _ _ _ _ _ _ _ _ _ _ _ _ _ _ _ _ _ _ _ _ _ _ _ _ _ _ _

cls = <class 'psycopg.Connection'>
conninfo = 'dbname=ruffles_db client_encoding=UTF8 user=postgres password=postgres host=localhost port=5432 hostaddr=127.0.0.1'
autocommit = False, prepare_threshold = None
context = <psycopg.adapt.AdaptersMap object at 0x000001CEB3E42350>
row_factory = None
cursor_factory = <class 'django.db.backends.postgresql.base.Cursor'>
kwargs = {'client_encoding': 'UTF8', 'dbname': 'ruffles_db', 'host': 'localhost', 'password': 'postgres', ...}
params = {'client_encoding': 'UTF8', 'dbname': 'ruffles_db', 'host': 'localhost', 'password': 'postgres', ...}
timeout = 130

    @classmethod
    def connect(
        cls,
        conninfo: str = "",
        *,
        autocommit: bool = False,
        prepare_threshold: int | None = 5,
        context: AdaptContext | None = None,
        row_factory: RowFactory[Row] | None = None,
        cursor_factory: type[Cursor[Row]] | None = None,
        **kwargs: ConnParam,
    ) -> Self:
        """
        Connect to a database server and return a new `Connection` instance.
        """
    
        params = cls._get_connection_params(conninfo, **kwargs)
        timeout = timeout_from_conninfo(params)
        rv = None
        attempts = conninfo_attempts(params)
        conn_errors: list[tuple[e.Error, str]] = []
        for attempt in attempts:
            tdescr = (attempt.get("host"), attempt.get("port"), attempt.get("hostaddr"))
            descr = "host: %r, port: %r, hostaddr: %r" % tdescr
            logger.debug("connection attempt: %s", descr)
            try:
                conninfo = make_conninfo("", **attempt)
                gen = cls._connect_gen(conninfo, timeout=timeout)
                rv = waiting.wait_conn(gen, interval=_WAIT_INTERVAL)
            except e.Error as ex:
                logger.debug("connection failed: %s: %s", descr, str(ex))
                conn_errors.append((ex, descr))
            except e._NO_TRACEBACK as ex:
                raise ex.with_traceback(None)
            else:
                logger.debug("connection succeeded: %s", descr)
                break
    
        if not rv:
            last_ex = conn_errors[-1][0]
            if len(conn_errors) == 1:
                raise last_ex.with_traceback(None)
    
            # Create a new exception with the same type as the last one, containing
            # all attempt errors while preserving backward compatibility.
            lines = [str(last_ex)]
            lines.append("Multiple connection attempts failed. All failures were:")
            lines.extend((f"- {descr}: {error}" for error, descr in conn_errors))
>           raise type(last_ex)("\n".join(lines)).with_traceback(None)
E           psycopg.OperationalError: connection failed: connection to server at "127.0.0.1", port 5432 failed: FATAL:  la autentificaci\ufffdn password fall\ufffd para el usuario \ufffdpostgres\ufffd
E           Multiple connection attempts failed. All failures were:
E           - host: 'localhost', port: '5432', hostaddr: '::1': connection failed: connection to server at "::1", port 5432 failed: FATAL:  la autentificaci\ufffdn password fall\ufffd para el usuario \ufffdpostgres\ufffd
E           - host: 'localhost', port: '5432', hostaddr: '127.0.0.1': connection failed: connection to server at "127.0.0.1", port 5432 failed: FATAL:  la autentificaci\ufffdn password fall\ufffd para el usuario \ufffdpostgres\ufffd

..\..\..\AppData\Roaming\Python\Python313\site-packages\psycopg\connection.py:127: OperationalError

The above exception was the direct cause of the following exception:

request = <SubRequest '_django_db_marker' for <Function test_login_invalid_params[data4-401]>>

    @pytest.fixture(autouse=True)
    def _django_db_marker(request: pytest.FixtureRequest) -> None:
        """Implement the django_db marker, internal to pytest-django."""
        marker = request.node.get_closest_marker("django_db")
        if marker:
>           request.getfixturevalue("_django_db_helper")

..\..\..\AppData\Roaming\Python\Python313\site-packages\pytest_django\plugin.py:527: 
_ _ _ _ _ _ _ _ _ _ _ _ _ _ _ _ _ _ _ _ _ _ _ _ _ _ _ _ _ _ _ _ _ _ _ _ _ _ _ _
..\..\..\AppData\Roaming\Python\Python313\site-packages\pytest_django\fixtures.py:140: in django_db_setup
    db_cfg = setup_databases(
..\..\..\AppData\Roaming\Python\Python313\site-packages\django\test\utils.py:204: in setup_databases
    connection.creation.create_test_db(
..\..\..\AppData\Roaming\Python\Python313\site-packages\django\db\backends\base\creation.py:62: in create_test_db
    self._create_test_db(verbosity, autoclobber, keepdb)
..\..\..\AppData\Roaming\Python\Python313\site-packages\django\db\backends\base\creation.py:202: in _create_test_db
    with self._nodb_cursor() as cursor:
C:\Python313\Lib\contextlib.py:141: in __enter__
    return next(self.gen)
..\..\..\AppData\Roaming\Python\Python313\site-packages\django\db\backends\postgresql\base.py:533: in _nodb_cursor
    with conn.cursor() as cursor:
..\..\..\AppData\Roaming\Python\Python313\site-packages\django\utils\asyncio.py:26: in inner
    return func(*args, **kwargs)
..\..\..\AppData\Roaming\Python\Python313\site-packages\django\db\backends\base\base.py:320: in cursor
    return self._cursor()
..\..\..\AppData\Roaming\Python\Python313\site-packages\django\db\backends\base\base.py:296: in _cursor
    self.ensure_connection()
..\..\..\AppData\Roaming\Python\Python313\site-packages\django\utils\asyncio.py:26: in inner
    return func(*args, **kwargs)
..\..\..\AppData\Roaming\Python\Python313\site-packages\django\db\backends\base\base.py:278: in ensure_connection
    with self.wrap_database_errors:
..\..\..\AppData\Roaming\Python\Python313\site-packages\django\db\utils.py:91: in __exit__
    raise dj_exc_value.with_traceback(traceback) from exc_value
..\..\..\AppData\Roaming\Python\Python313\site-packages\django\db\backends\base\base.py:279: in ensure_connection
    self.connect()
..\..\..\AppData\Roaming\Python\Python313\site-packages\django\utils\asyncio.py:26: in inner
    return func(*args, **kwargs)
..\..\..\AppData\Roaming\Python\Python313\site-packages\django\db\backends\base\base.py:256: in connect
    self.connection = self.get_new_connection(conn_params)
..\..\..\AppData\Roaming\Python\Python313\site-packages\django\utils\asyncio.py:26: in inner
    return func(*args, **kwargs)
..\..\..\AppData\Roaming\Python\Python313\site-packages\django\db\backends\postgresql\base.py:332: in get_new_connection
    connection = self.Database.connect(**conn_params)
_ _ _ _ _ _ _ _ _ _ _ _ _ _ _ _ _ _ _ _ _ _ _ _ _ _ _ _ _ _ _ _ _ _ _ _ _ _ _ _

cls = <class 'psycopg.Connection'>
conninfo = 'dbname=ruffles_db client_encoding=UTF8 user=postgres password=postgres host=localhost port=5432 hostaddr=127.0.0.1'
autocommit = False, prepare_threshold = None
context = <psycopg.adapt.AdaptersMap object at 0x000001CEB3E42350>
row_factory = None
cursor_factory = <class 'django.db.backends.postgresql.base.Cursor'>
kwargs = {'client_encoding': 'UTF8', 'dbname': 'ruffles_db', 'host': 'localhost', 'password': 'postgres', ...}
params = {'client_encoding': 'UTF8', 'dbname': 'ruffles_db', 'host': 'localhost', 'password': 'postgres', ...}
timeout = 130

    @classmethod
    def connect(
        cls,
        conninfo: str = "",
        *,
        autocommit: bool = False,
        prepare_threshold: int | None = 5,
        context: AdaptContext | None = None,
        row_factory: RowFactory[Row] | None = None,
        cursor_factory: type[Cursor[Row]] | None = None,
        **kwargs: ConnParam,
    ) -> Self:
        """
        Connect to a database server and return a new `Connection` instance.
        """
    
        params = cls._get_connection_params(conninfo, **kwargs)
        timeout = timeout_from_conninfo(params)
        rv = None
        attempts = conninfo_attempts(params)
        conn_errors: list[tuple[e.Error, str]] = []
        for attempt in attempts:
            tdescr = (attempt.get("host"), attempt.get("port"), attempt.get("hostaddr"))
            descr = "host: %r, port: %r, hostaddr: %r" % tdescr
            logger.debug("connection attempt: %s", descr)
            try:
                conninfo = make_conninfo("", **attempt)
                gen = cls._connect_gen(conninfo, timeout=timeout)
                rv = waiting.wait_conn(gen, interval=_WAIT_INTERVAL)
            except e.Error as ex:
                logger.debug("connection failed: %s: %s", descr, str(ex))
                conn_errors.append((ex, descr))
            except e._NO_TRACEBACK as ex:
                raise ex.with_traceback(None)
            else:
                logger.debug("connection succeeded: %s", descr)
                break
    
        if not rv:
            last_ex = conn_errors[-1][0]
            if len(conn_errors) == 1:
                raise last_ex.with_traceback(None)
    
            # Create a new exception with the same type as the last one, containing
            # all attempt errors while preserving backward compatibility.
            lines = [str(last_ex)]
            lines.append("Multiple connection attempts failed. All failures were:")
            lines.extend((f"- {descr}: {error}" for error, descr in conn_errors))
>           raise type(last_ex)("\n".join(lines)).with_traceback(None)
E           django.db.utils.OperationalError: connection failed: connection to server at "127.0.0.1", port 5432 failed: FATAL:  la autentificaci\ufffdn password fall\ufffd para el usuario \ufffdpostgres\ufffd
E           Multiple connection attempts failed. All failures were:
E           - host: 'localhost', port: '5432', hostaddr: '::1': connection failed: connection to server at "::1", port 5432 failed: FATAL:  la autentificaci\ufffdn password fall\ufffd para el usuario \ufffdpostgres\ufffd
E           - host: 'localhost', port: '5432', hostaddr: '127.0.0.1': connection failed: connection to server at "127.0.0.1", port 5432 failed: FATAL:  la autentificaci\ufffdn password fall\ufffd para el usuario \ufffdpostgres\ufffd

..\..\..\AppData\Roaming\Python\Python313\site-packages\psycopg\connection.py:127: OperationalError
_________________ ERROR at setup of test_admin_login_success __________________

self = <DatabaseWrapper vendor='postgresql' alias='__no_db__'>

    @async_unsafe
    def ensure_connection(self):
        """Guarantee that a connection to the database is established."""
        if self.connection is None:
            if self.in_atomic_block and self.closed_in_transaction:
                raise ProgrammingError(
                    "Cannot open a new connection in an atomic block."
                )
            with self.wrap_database_errors:
>               self.connect()

..\..\..\AppData\Roaming\Python\Python313\site-packages\django\db\backends\base\base.py:279: 
_ _ _ _ _ _ _ _ _ _ _ _ _ _ _ _ _ _ _ _ _ _ _ _ _ _ _ _ _ _ _ _ _ _ _ _ _ _ _ _
..\..\..\AppData\Roaming\Python\Python313\site-packages\django\utils\asyncio.py:26: in inner
    return func(*args, **kwargs)
..\..\..\AppData\Roaming\Python\Python313\site-packages\django\db\backends\base\base.py:256: in connect
    self.connection = self.get_new_connection(conn_params)
..\..\..\AppData\Roaming\Python\Python313\site-packages\django\utils\asyncio.py:26: in inner
    return func(*args, **kwargs)
..\..\..\AppData\Roaming\Python\Python313\site-packages\django\db\backends\postgresql\base.py:332: in get_new_connection
    connection = self.Database.connect(**conn_params)
_ _ _ _ _ _ _ _ _ _ _ _ _ _ _ _ _ _ _ _ _ _ _ _ _ _ _ _ _ _ _ _ _ _ _ _ _ _ _ _

cls = <class 'psycopg.Connection'>
conninfo = 'dbname=postgres client_encoding=UTF8 user=postgres password=postgres host=localhost port=5432 hostaddr=127.0.0.1'
autocommit = False, prepare_threshold = None
context = <psycopg.adapt.AdaptersMap object at 0x000001CEB3E42350>
row_factory = None
cursor_factory = <class 'django.db.backends.postgresql.base.Cursor'>
kwargs = {'client_encoding': 'UTF8', 'dbname': 'postgres', 'host': 'localhost', 'password': 'postgres', ...}
params = {'client_encoding': 'UTF8', 'dbname': 'postgres', 'host': 'localhost', 'password': 'postgres', ...}
timeout = 130

    @classmethod
    def connect(
        cls,
        conninfo: str = "",
        *,
        autocommit: bool = False,
        prepare_threshold: int | None = 5,
        context: AdaptContext | None = None,
        row_factory: RowFactory[Row] | None = None,
        cursor_factory: type[Cursor[Row]] | None = None,
        **kwargs: ConnParam,
    ) -> Self:
        """
        Connect to a database server and return a new `Connection` instance.
        """
    
        params = cls._get_connection_params(conninfo, **kwargs)
        timeout = timeout_from_conninfo(params)
        rv = None
        attempts = conninfo_attempts(params)
        conn_errors: list[tuple[e.Error, str]] = []
        for attempt in attempts:
            tdescr = (attempt.get("host"), attempt.get("port"), attempt.get("hostaddr"))
            descr = "host: %r, port: %r, hostaddr: %r" % tdescr
            logger.debug("connection attempt: %s", descr)
            try:
                conninfo = make_conninfo("", **attempt)
                gen = cls._connect_gen(conninfo, timeout=timeout)
                rv = waiting.wait_conn(gen, interval=_WAIT_INTERVAL)
            except e.Error as ex:
                logger.debug("connection failed: %s: %s", descr, str(ex))
                conn_errors.append((ex, descr))
            except e._NO_TRACEBACK as ex:
                raise ex.with_traceback(None)
            else:
                logger.debug("connection succeeded: %s", descr)
                break
    
        if not rv:
            last_ex = conn_errors[-1][0]
            if len(conn_errors) == 1:
                raise last_ex.with_traceback(None)
    
            # Create a new exception with the same type as the last one, containing
            # all attempt errors while preserving backward compatibility.
            lines = [str(last_ex)]
            lines.append("Multiple connection attempts failed. All failures were:")
            lines.extend((f"- {descr}: {error}" for error, descr in conn_errors))
>           raise type(last_ex)("\n".join(lines)).with_traceback(None)
E           psycopg.OperationalError: connection failed: connection to server at "127.0.0.1", port 5432 failed: FATAL:  la autentificaci\ufffdn password fall\ufffd para el usuario \ufffdpostgres\ufffd
E           Multiple connection attempts failed. All failures were:
E           - host: 'localhost', port: '5432', hostaddr: '::1': connection failed: connection to server at "::1", port 5432 failed: FATAL:  la autentificaci\ufffdn password fall\ufffd para el usuario \ufffdpostgres\ufffd
E           - host: 'localhost', port: '5432', hostaddr: '127.0.0.1': connection failed: connection to server at "127.0.0.1", port 5432 failed: FATAL:  la autentificaci\ufffdn password fall\ufffd para el usuario \ufffdpostgres\ufffd

..\..\..\AppData\Roaming\Python\Python313\site-packages\psycopg\connection.py:127: OperationalError

The above exception was the direct cause of the following exception:

self = <DatabaseWrapper vendor='postgresql' alias='default'>

    @contextmanager
    def _nodb_cursor(self):
        cursor = None
        try:
>           with super()._nodb_cursor() as cursor:

..\..\..\AppData\Roaming\Python\Python313\site-packages\django\db\backends\postgresql\base.py:507: 
_ _ _ _ _ _ _ _ _ _ _ _ _ _ _ _ _ _ _ _ _ _ _ _ _ _ _ _ _ _ _ _ _ _ _ _ _ _ _ _
C:\Python313\Lib\contextlib.py:141: in __enter__
    return next(self.gen)
..\..\..\AppData\Roaming\Python\Python313\site-packages\django\db\backends\base\base.py:712: in _nodb_cursor
    with conn.cursor() as cursor:
..\..\..\AppData\Roaming\Python\Python313\site-packages\django\utils\asyncio.py:26: in inner
    return func(*args, **kwargs)
..\..\..\AppData\Roaming\Python\Python313\site-packages\django\db\backends\base\base.py:320: in cursor
    return self._cursor()
..\..\..\AppData\Roaming\Python\Python313\site-packages\django\db\backends\base\base.py:296: in _cursor
    self.ensure_connection()
..\..\..\AppData\Roaming\Python\Python313\site-packages\django\utils\asyncio.py:26: in inner
    return func(*args, **kwargs)
..\..\..\AppData\Roaming\Python\Python313\site-packages\django\db\backends\base\base.py:278: in ensure_connection
    with self.wrap_database_errors:
..\..\..\AppData\Roaming\Python\Python313\site-packages\django\db\utils.py:91: in __exit__
    raise dj_exc_value.with_traceback(traceback) from exc_value
..\..\..\AppData\Roaming\Python\Python313\site-packages\django\db\backends\base\base.py:279: in ensure_connection
    self.connect()
..\..\..\AppData\Roaming\Python\Python313\site-packages\django\utils\asyncio.py:26: in inner
    return func(*args, **kwargs)
..\..\..\AppData\Roaming\Python\Python313\site-packages\django\db\backends\base\base.py:256: in connect
    self.connection = self.get_new_connection(conn_params)
..\..\..\AppData\Roaming\Python\Python313\site-packages\django\utils\asyncio.py:26: in inner
    return func(*args, **kwargs)
..\..\..\AppData\Roaming\Python\Python313\site-packages\django\db\backends\postgresql\base.py:332: in get_new_connection
    connection = self.Database.connect(**conn_params)
_ _ _ _ _ _ _ _ _ _ _ _ _ _ _ _ _ _ _ _ _ _ _ _ _ _ _ _ _ _ _ _ _ _ _ _ _ _ _ _

cls = <class 'psycopg.Connection'>
conninfo = 'dbname=postgres client_encoding=UTF8 user=postgres password=postgres host=localhost port=5432 hostaddr=127.0.0.1'
autocommit = False, prepare_threshold = None
context = <psycopg.adapt.AdaptersMap object at 0x000001CEB3E42350>
row_factory = None
cursor_factory = <class 'django.db.backends.postgresql.base.Cursor'>
kwargs = {'client_encoding': 'UTF8', 'dbname': 'postgres', 'host': 'localhost', 'password': 'postgres', ...}
params = {'client_encoding': 'UTF8', 'dbname': 'postgres', 'host': 'localhost', 'password': 'postgres', ...}
timeout = 130

    @classmethod
    def connect(
        cls,
        conninfo: str = "",
        *,
        autocommit: bool = False,
        prepare_threshold: int | None = 5,
        context: AdaptContext | None = None,
        row_factory: RowFactory[Row] | None = None,
        cursor_factory: type[Cursor[Row]] | None = None,
        **kwargs: ConnParam,
    ) -> Self:
        """
        Connect to a database server and return a new `Connection` instance.
        """
    
        params = cls._get_connection_params(conninfo, **kwargs)
        timeout = timeout_from_conninfo(params)
        rv = None
        attempts = conninfo_attempts(params)
        conn_errors: list[tuple[e.Error, str]] = []
        for attempt in attempts:
            tdescr = (attempt.get("host"), attempt.get("port"), attempt.get("hostaddr"))
            descr = "host: %r, port: %r, hostaddr: %r" % tdescr
            logger.debug("connection attempt: %s", descr)
            try:
                conninfo = make_conninfo("", **attempt)
                gen = cls._connect_gen(conninfo, timeout=timeout)
                rv = waiting.wait_conn(gen, interval=_WAIT_INTERVAL)
            except e.Error as ex:
                logger.debug("connection failed: %s: %s", descr, str(ex))
                conn_errors.append((ex, descr))
            except e._NO_TRACEBACK as ex:
                raise ex.with_traceback(None)
            else:
                logger.debug("connection succeeded: %s", descr)
                break
    
        if not rv:
            last_ex = conn_errors[-1][0]
            if len(conn_errors) == 1:
                raise last_ex.with_traceback(None)
    
            # Create a new exception with the same type as the last one, containing
            # all attempt errors while preserving backward compatibility.
            lines = [str(last_ex)]
            lines.append("Multiple connection attempts failed. All failures were:")
            lines.extend((f"- {descr}: {error}" for error, descr in conn_errors))
>           raise type(last_ex)("\n".join(lines)).with_traceback(None)
E           django.db.utils.OperationalError: connection failed: connection to server at "127.0.0.1", port 5432 failed: FATAL:  la autentificaci\ufffdn password fall\ufffd para el usuario \ufffdpostgres\ufffd
E           Multiple connection attempts failed. All failures were:
E           - host: 'localhost', port: '5432', hostaddr: '::1': connection failed: connection to server at "::1", port 5432 failed: FATAL:  la autentificaci\ufffdn password fall\ufffd para el usuario \ufffdpostgres\ufffd
E           - host: 'localhost', port: '5432', hostaddr: '127.0.0.1': connection failed: connection to server at "127.0.0.1", port 5432 failed: FATAL:  la autentificaci\ufffdn password fall\ufffd para el usuario \ufffdpostgres\ufffd

..\..\..\AppData\Roaming\Python\Python313\site-packages\psycopg\connection.py:127: OperationalError

During handling of the above exception, another exception occurred:

self = <DatabaseWrapper vendor='postgresql' alias='default'>

    @async_unsafe
    def ensure_connection(self):
        """Guarantee that a connection to the database is established."""
        if self.connection is None:
            if self.in_atomic_block and self.closed_in_transaction:
                raise ProgrammingError(
                    "Cannot open a new connection in an atomic block."
                )
            with self.wrap_database_errors:
>               self.connect()

..\..\..\AppData\Roaming\Python\Python313\site-packages\django\db\backends\base\base.py:279: 
_ _ _ _ _ _ _ _ _ _ _ _ _ _ _ _ _ _ _ _ _ _ _ _ _ _ _ _ _ _ _ _ _ _ _ _ _ _ _ _
..\..\..\AppData\Roaming\Python\Python313\site-packages\django\utils\asyncio.py:26: in inner
    return func(*args, **kwargs)
..\..\..\AppData\Roaming\Python\Python313\site-packages\django\db\backends\base\base.py:256: in connect
    self.connection = self.get_new_connection(conn_params)
..\..\..\AppData\Roaming\Python\Python313\site-packages\django\utils\asyncio.py:26: in inner
    return func(*args, **kwargs)
..\..\..\AppData\Roaming\Python\Python313\site-packages\django\db\backends\postgresql\base.py:332: in get_new_connection
    connection = self.Database.connect(**conn_params)
_ _ _ _ _ _ _ _ _ _ _ _ _ _ _ _ _ _ _ _ _ _ _ _ _ _ _ _ _ _ _ _ _ _ _ _ _ _ _ _

cls = <class 'psycopg.Connection'>
conninfo = 'dbname=ruffles_db client_encoding=UTF8 user=postgres password=postgres host=localhost port=5432 hostaddr=127.0.0.1'
autocommit = False, prepare_threshold = None
context = <psycopg.adapt.AdaptersMap object at 0x000001CEB3E42350>
row_factory = None
cursor_factory = <class 'django.db.backends.postgresql.base.Cursor'>
kwargs = {'client_encoding': 'UTF8', 'dbname': 'ruffles_db', 'host': 'localhost', 'password': 'postgres', ...}
params = {'client_encoding': 'UTF8', 'dbname': 'ruffles_db', 'host': 'localhost', 'password': 'postgres', ...}
timeout = 130

    @classmethod
    def connect(
        cls,
        conninfo: str = "",
        *,
        autocommit: bool = False,
        prepare_threshold: int | None = 5,
        context: AdaptContext | None = None,
        row_factory: RowFactory[Row] | None = None,
        cursor_factory: type[Cursor[Row]] | None = None,
        **kwargs: ConnParam,
    ) -> Self:
        """
        Connect to a database server and return a new `Connection` instance.
        """
    
        params = cls._get_connection_params(conninfo, **kwargs)
        timeout = timeout_from_conninfo(params)
        rv = None
        attempts = conninfo_attempts(params)
        conn_errors: list[tuple[e.Error, str]] = []
        for attempt in attempts:
            tdescr = (attempt.get("host"), attempt.get("port"), attempt.get("hostaddr"))
            descr = "host: %r, port: %r, hostaddr: %r" % tdescr
            logger.debug("connection attempt: %s", descr)
            try:
                conninfo = make_conninfo("", **attempt)
                gen = cls._connect_gen(conninfo, timeout=timeout)
                rv = waiting.wait_conn(gen, interval=_WAIT_INTERVAL)
            except e.Error as ex:
                logger.debug("connection failed: %s: %s", descr, str(ex))
                conn_errors.append((ex, descr))
            except e._NO_TRACEBACK as ex:
                raise ex.with_traceback(None)
            else:
                logger.debug("connection succeeded: %s", descr)
                break
    
        if not rv:
            last_ex = conn_errors[-1][0]
            if len(conn_errors) == 1:
                raise last_ex.with_traceback(None)
    
            # Create a new exception with the same type as the last one, containing
            # all attempt errors while preserving backward compatibility.
            lines = [str(last_ex)]
            lines.append("Multiple connection attempts failed. All failures were:")
            lines.extend((f"- {descr}: {error}" for error, descr in conn_errors))
>           raise type(last_ex)("\n".join(lines)).with_traceback(None)
E           psycopg.OperationalError: connection failed: connection to server at "127.0.0.1", port 5432 failed: FATAL:  la autentificaci\ufffdn password fall\ufffd para el usuario \ufffdpostgres\ufffd
E           Multiple connection attempts failed. All failures were:
E           - host: 'localhost', port: '5432', hostaddr: '::1': connection failed: connection to server at "::1", port 5432 failed: FATAL:  la autentificaci\ufffdn password fall\ufffd para el usuario \ufffdpostgres\ufffd
E           - host: 'localhost', port: '5432', hostaddr: '127.0.0.1': connection failed: connection to server at "127.0.0.1", port 5432 failed: FATAL:  la autentificaci\ufffdn password fall\ufffd para el usuario \ufffdpostgres\ufffd

..\..\..\AppData\Roaming\Python\Python313\site-packages\psycopg\connection.py:127: OperationalError

The above exception was the direct cause of the following exception:

request = <SubRequest 'django_db_setup' for <Function test_login_success_returns_jwt>>
django_test_environment = None
django_db_blocker = <pytest_django.plugin.DjangoDbBlocker object at 0x000001CEB17F0050>
django_db_use_migrations = True, django_db_keepdb = False
django_db_createdb = False, django_db_modify_db_settings = None

    @pytest.fixture(scope="session")
    def django_db_setup(
        request: pytest.FixtureRequest,
        django_test_environment: None,
        django_db_blocker: DjangoDbBlocker,
        django_db_use_migrations: bool,
        django_db_keepdb: bool,
        django_db_createdb: bool,
        django_db_modify_db_settings: None,
    ) -> Generator[None, None, None]:
        """Top level fixture to ensure test databases are available"""
        from django.test.utils import setup_databases, teardown_databases
    
        setup_databases_args = {}
    
        if not django_db_use_migrations:
            _disable_migrations()
    
        if django_db_keepdb and not django_db_createdb:
            setup_databases_args["keepdb"] = True
    
        with django_db_blocker.unblock():
>           db_cfg = setup_databases(
                verbosity=request.config.option.verbose,
                interactive=False,
                **setup_databases_args,
            )

..\..\..\AppData\Roaming\Python\Python313\site-packages\pytest_django\fixtures.py:140: 
_ _ _ _ _ _ _ _ _ _ _ _ _ _ _ _ _ _ _ _ _ _ _ _ _ _ _ _ _ _ _ _ _ _ _ _ _ _ _ _
..\..\..\AppData\Roaming\Python\Python313\site-packages\django\test\utils.py:204: in setup_databases
    connection.creation.create_test_db(
..\..\..\AppData\Roaming\Python\Python313\site-packages\django\db\backends\base\creation.py:62: in create_test_db
    self._create_test_db(verbosity, autoclobber, keepdb)
..\..\..\AppData\Roaming\Python\Python313\site-packages\django\db\backends\base\creation.py:202: in _create_test_db
    with self._nodb_cursor() as cursor:
C:\Python313\Lib\contextlib.py:141: in __enter__
    return next(self.gen)
..\..\..\AppData\Roaming\Python\Python313\site-packages\django\db\backends\postgresql\base.py:533: in _nodb_cursor
    with conn.cursor() as cursor:
..\..\..\AppData\Roaming\Python\Python313\site-packages\django\utils\asyncio.py:26: in inner
    return func(*args, **kwargs)
..\..\..\AppData\Roaming\Python\Python313\site-packages\django\db\backends\base\base.py:320: in cursor
    return self._cursor()
..\..\..\AppData\Roaming\Python\Python313\site-packages\django\db\backends\base\base.py:296: in _cursor
    self.ensure_connection()
..\..\..\AppData\Roaming\Python\Python313\site-packages\django\utils\asyncio.py:26: in inner
    return func(*args, **kwargs)
..\..\..\AppData\Roaming\Python\Python313\site-packages\django\db\backends\base\base.py:278: in ensure_connection
    with self.wrap_database_errors:
..\..\..\AppData\Roaming\Python\Python313\site-packages\django\db\utils.py:91: in __exit__
    raise dj_exc_value.with_traceback(traceback) from exc_value
..\..\..\AppData\Roaming\Python\Python313\site-packages\django\db\backends\base\base.py:279: in ensure_connection
    self.connect()
..\..\..\AppData\Roaming\Python\Python313\site-packages\django\utils\asyncio.py:26: in inner
    return func(*args, **kwargs)
..\..\..\AppData\Roaming\Python\Python313\site-packages\django\db\backends\base\base.py:256: in connect
    self.connection = self.get_new_connection(conn_params)
..\..\..\AppData\Roaming\Python\Python313\site-packages\django\utils\asyncio.py:26: in inner
    return func(*args, **kwargs)
..\..\..\AppData\Roaming\Python\Python313\site-packages\django\db\backends\postgresql\base.py:332: in get_new_connection
    connection = self.Database.connect(**conn_params)
_ _ _ _ _ _ _ _ _ _ _ _ _ _ _ _ _ _ _ _ _ _ _ _ _ _ _ _ _ _ _ _ _ _ _ _ _ _ _ _

cls = <class 'psycopg.Connection'>
conninfo = 'dbname=ruffles_db client_encoding=UTF8 user=postgres password=postgres host=localhost port=5432 hostaddr=127.0.0.1'
autocommit = False, prepare_threshold = None
context = <psycopg.adapt.AdaptersMap object at 0x000001CEB3E42350>
row_factory = None
cursor_factory = <class 'django.db.backends.postgresql.base.Cursor'>
kwargs = {'client_encoding': 'UTF8', 'dbname': 'ruffles_db', 'host': 'localhost', 'password': 'postgres', ...}
params = {'client_encoding': 'UTF8', 'dbname': 'ruffles_db', 'host': 'localhost', 'password': 'postgres', ...}
timeout = 130

    @classmethod
    def connect(
        cls,
        conninfo: str = "",
        *,
        autocommit: bool = False,
        prepare_threshold: int | None = 5,
        context: AdaptContext | None = None,
        row_factory: RowFactory[Row] | None = None,
        cursor_factory: type[Cursor[Row]] | None = None,
        **kwargs: ConnParam,
    ) -> Self:
        """
        Connect to a database server and return a new `Connection` instance.
        """
    
        params = cls._get_connection_params(conninfo, **kwargs)
        timeout = timeout_from_conninfo(params)
        rv = None
        attempts = conninfo_attempts(params)
        conn_errors: list[tuple[e.Error, str]] = []
        for attempt in attempts:
            tdescr = (attempt.get("host"), attempt.get("port"), attempt.get("hostaddr"))
            descr = "host: %r, port: %r, hostaddr: %r" % tdescr
            logger.debug("connection attempt: %s", descr)
            try:
                conninfo = make_conninfo("", **attempt)
                gen = cls._connect_gen(conninfo, timeout=timeout)
                rv = waiting.wait_conn(gen, interval=_WAIT_INTERVAL)
            except e.Error as ex:
                logger.debug("connection failed: %s: %s", descr, str(ex))
                conn_errors.append((ex, descr))
            except e._NO_TRACEBACK as ex:
                raise ex.with_traceback(None)
            else:
                logger.debug("connection succeeded: %s", descr)
                break
    
        if not rv:
            last_ex = conn_errors[-1][0]
            if len(conn_errors) == 1:
                raise last_ex.with_traceback(None)
    
            # Create a new exception with the same type as the last one, containing
            # all attempt errors while preserving backward compatibility.
            lines = [str(last_ex)]
            lines.append("Multiple connection attempts failed. All failures were:")
            lines.extend((f"- {descr}: {error}" for error, descr in conn_errors))
>           raise type(last_ex)("\n".join(lines)).with_traceback(None)
E           django.db.utils.OperationalError: connection failed: connection to server at "127.0.0.1", port 5432 failed: FATAL:  la autentificaci\ufffdn password fall\ufffd para el usuario \ufffdpostgres\ufffd
E           Multiple connection attempts failed. All failures were:
E           - host: 'localhost', port: '5432', hostaddr: '::1': connection failed: connection to server at "::1", port 5432 failed: FATAL:  la autentificaci\ufffdn password fall\ufffd para el usuario \ufffdpostgres\ufffd
E           - host: 'localhost', port: '5432', hostaddr: '127.0.0.1': connection failed: connection to server at "127.0.0.1", port 5432 failed: FATAL:  la autentificaci\ufffdn password fall\ufffd para el usuario \ufffdpostgres\ufffd

..\..\..\AppData\Roaming\Python\Python313\site-packages\psycopg\connection.py:127: OperationalError
_______________ ERROR at setup of test_superuser_wrong_password _______________

self = <DatabaseWrapper vendor='postgresql' alias='__no_db__'>

    @async_unsafe
    def ensure_connection(self):
        """Guarantee that a connection to the database is established."""
        if self.connection is None:
            if self.in_atomic_block and self.closed_in_transaction:
                raise ProgrammingError(
                    "Cannot open a new connection in an atomic block."
                )
            with self.wrap_database_errors:
>               self.connect()

..\..\..\AppData\Roaming\Python\Python313\site-packages\django\db\backends\base\base.py:279: 
_ _ _ _ _ _ _ _ _ _ _ _ _ _ _ _ _ _ _ _ _ _ _ _ _ _ _ _ _ _ _ _ _ _ _ _ _ _ _ _
..\..\..\AppData\Roaming\Python\Python313\site-packages\django\utils\asyncio.py:26: in inner
    return func(*args, **kwargs)
..\..\..\AppData\Roaming\Python\Python313\site-packages\django\db\backends\base\base.py:256: in connect
    self.connection = self.get_new_connection(conn_params)
..\..\..\AppData\Roaming\Python\Python313\site-packages\django\utils\asyncio.py:26: in inner
    return func(*args, **kwargs)
..\..\..\AppData\Roaming\Python\Python313\site-packages\django\db\backends\postgresql\base.py:332: in get_new_connection
    connection = self.Database.connect(**conn_params)
_ _ _ _ _ _ _ _ _ _ _ _ _ _ _ _ _ _ _ _ _ _ _ _ _ _ _ _ _ _ _ _ _ _ _ _ _ _ _ _

cls = <class 'psycopg.Connection'>
conninfo = 'dbname=postgres client_encoding=UTF8 user=postgres password=postgres host=localhost port=5432 hostaddr=127.0.0.1'
autocommit = False, prepare_threshold = None
context = <psycopg.adapt.AdaptersMap object at 0x000001CEB3E42350>
row_factory = None
cursor_factory = <class 'django.db.backends.postgresql.base.Cursor'>
kwargs = {'client_encoding': 'UTF8', 'dbname': 'postgres', 'host': 'localhost', 'password': 'postgres', ...}
params = {'client_encoding': 'UTF8', 'dbname': 'postgres', 'host': 'localhost', 'password': 'postgres', ...}
timeout = 130

    @classmethod
    def connect(
        cls,
        conninfo: str = "",
        *,
        autocommit: bool = False,
        prepare_threshold: int | None = 5,
        context: AdaptContext | None = None,
        row_factory: RowFactory[Row] | None = None,
        cursor_factory: type[Cursor[Row]] | None = None,
        **kwargs: ConnParam,
    ) -> Self:
        """
        Connect to a database server and return a new `Connection` instance.
        """
    
        params = cls._get_connection_params(conninfo, **kwargs)
        timeout = timeout_from_conninfo(params)
        rv = None
        attempts = conninfo_attempts(params)
        conn_errors: list[tuple[e.Error, str]] = []
        for attempt in attempts:
            tdescr = (attempt.get("host"), attempt.get("port"), attempt.get("hostaddr"))
            descr = "host: %r, port: %r, hostaddr: %r" % tdescr
            logger.debug("connection attempt: %s", descr)
            try:
                conninfo = make_conninfo("", **attempt)
                gen = cls._connect_gen(conninfo, timeout=timeout)
                rv = waiting.wait_conn(gen, interval=_WAIT_INTERVAL)
            except e.Error as ex:
                logger.debug("connection failed: %s: %s", descr, str(ex))
                conn_errors.append((ex, descr))
            except e._NO_TRACEBACK as ex:
                raise ex.with_traceback(None)
            else:
                logger.debug("connection succeeded: %s", descr)
                break
    
        if not rv:
            last_ex = conn_errors[-1][0]
            if len(conn_errors) == 1:
                raise last_ex.with_traceback(None)
    
            # Create a new exception with the same type as the last one, containing
            # all attempt errors while preserving backward compatibility.
            lines = [str(last_ex)]
            lines.append("Multiple connection attempts failed. All failures were:")
            lines.extend((f"- {descr}: {error}" for error, descr in conn_errors))
>           raise type(last_ex)("\n".join(lines)).with_traceback(None)
E           psycopg.OperationalError: connection failed: connection to server at "127.0.0.1", port 5432 failed: FATAL:  la autentificaci\ufffdn password fall\ufffd para el usuario \ufffdpostgres\ufffd
E           Multiple connection attempts failed. All failures were:
E           - host: 'localhost', port: '5432', hostaddr: '::1': connection failed: connection to server at "::1", port 5432 failed: FATAL:  la autentificaci\ufffdn password fall\ufffd para el usuario \ufffdpostgres\ufffd
E           - host: 'localhost', port: '5432', hostaddr: '127.0.0.1': connection failed: connection to server at "127.0.0.1", port 5432 failed: FATAL:  la autentificaci\ufffdn password fall\ufffd para el usuario \ufffdpostgres\ufffd

..\..\..\AppData\Roaming\Python\Python313\site-packages\psycopg\connection.py:127: OperationalError

The above exception was the direct cause of the following exception:

self = <DatabaseWrapper vendor='postgresql' alias='default'>

    @contextmanager
    def _nodb_cursor(self):
        cursor = None
        try:
>           with super()._nodb_cursor() as cursor:

..\..\..\AppData\Roaming\Python\Python313\site-packages\django\db\backends\postgresql\base.py:507: 
_ _ _ _ _ _ _ _ _ _ _ _ _ _ _ _ _ _ _ _ _ _ _ _ _ _ _ _ _ _ _ _ _ _ _ _ _ _ _ _
C:\Python313\Lib\contextlib.py:141: in __enter__
    return next(self.gen)
..\..\..\AppData\Roaming\Python\Python313\site-packages\django\db\backends\base\base.py:712: in _nodb_cursor
    with conn.cursor() as cursor:
..\..\..\AppData\Roaming\Python\Python313\site-packages\django\utils\asyncio.py:26: in inner
    return func(*args, **kwargs)
..\..\..\AppData\Roaming\Python\Python313\site-packages\django\db\backends\base\base.py:320: in cursor
    return self._cursor()
..\..\..\AppData\Roaming\Python\Python313\site-packages\django\db\backends\base\base.py:296: in _cursor
    self.ensure_connection()
..\..\..\AppData\Roaming\Python\Python313\site-packages\django\utils\asyncio.py:26: in inner
    return func(*args, **kwargs)
..\..\..\AppData\Roaming\Python\Python313\site-packages\django\db\backends\base\base.py:278: in ensure_connection
    with self.wrap_database_errors:
..\..\..\AppData\Roaming\Python\Python313\site-packages\django\db\utils.py:91: in __exit__
    raise dj_exc_value.with_traceback(traceback) from exc_value
..\..\..\AppData\Roaming\Python\Python313\site-packages\django\db\backends\base\base.py:279: in ensure_connection
    self.connect()
..\..\..\AppData\Roaming\Python\Python313\site-packages\django\utils\asyncio.py:26: in inner
    return func(*args, **kwargs)
..\..\..\AppData\Roaming\Python\Python313\site-packages\django\db\backends\base\base.py:256: in connect
    self.connection = self.get_new_connection(conn_params)
..\..\..\AppData\Roaming\Python\Python313\site-packages\django\utils\asyncio.py:26: in inner
    return func(*args, **kwargs)
..\..\..\AppData\Roaming\Python\Python313\site-packages\django\db\backends\postgresql\base.py:332: in get_new_connection
    connection = self.Database.connect(**conn_params)
_ _ _ _ _ _ _ _ _ _ _ _ _ _ _ _ _ _ _ _ _ _ _ _ _ _ _ _ _ _ _ _ _ _ _ _ _ _ _ _

cls = <class 'psycopg.Connection'>
conninfo = 'dbname=postgres client_encoding=UTF8 user=postgres password=postgres host=localhost port=5432 hostaddr=127.0.0.1'
autocommit = False, prepare_threshold = None
context = <psycopg.adapt.AdaptersMap object at 0x000001CEB3E42350>
row_factory = None
cursor_factory = <class 'django.db.backends.postgresql.base.Cursor'>
kwargs = {'client_encoding': 'UTF8', 'dbname': 'postgres', 'host': 'localhost', 'password': 'postgres', ...}
params = {'client_encoding': 'UTF8', 'dbname': 'postgres', 'host': 'localhost', 'password': 'postgres', ...}
timeout = 130

    @classmethod
    def connect(
        cls,
        conninfo: str = "",
        *,
        autocommit: bool = False,
        prepare_threshold: int | None = 5,
        context: AdaptContext | None = None,
        row_factory: RowFactory[Row] | None = None,
        cursor_factory: type[Cursor[Row]] | None = None,
        **kwargs: ConnParam,
    ) -> Self:
        """
        Connect to a database server and return a new `Connection` instance.
        """
    
        params = cls._get_connection_params(conninfo, **kwargs)
        timeout = timeout_from_conninfo(params)
        rv = None
        attempts = conninfo_attempts(params)
        conn_errors: list[tuple[e.Error, str]] = []
        for attempt in attempts:
            tdescr = (attempt.get("host"), attempt.get("port"), attempt.get("hostaddr"))
            descr = "host: %r, port: %r, hostaddr: %r" % tdescr
            logger.debug("connection attempt: %s", descr)
            try:
                conninfo = make_conninfo("", **attempt)
                gen = cls._connect_gen(conninfo, timeout=timeout)
                rv = waiting.wait_conn(gen, interval=_WAIT_INTERVAL)
            except e.Error as ex:
                logger.debug("connection failed: %s: %s", descr, str(ex))
                conn_errors.append((ex, descr))
            except e._NO_TRACEBACK as ex:
                raise ex.with_traceback(None)
            else:
                logger.debug("connection succeeded: %s", descr)
                break
    
        if not rv:
            last_ex = conn_errors[-1][0]
            if len(conn_errors) == 1:
                raise last_ex.with_traceback(None)
    
            # Create a new exception with the same type as the last one, containing
            # all attempt errors while preserving backward compatibility.
            lines = [str(last_ex)]
            lines.append("Multiple connection attempts failed. All failures were:")
            lines.extend((f"- {descr}: {error}" for error, descr in conn_errors))
>           raise type(last_ex)("\n".join(lines)).with_traceback(None)
E           django.db.utils.OperationalError: connection failed: connection to server at "127.0.0.1", port 5432 failed: FATAL:  la autentificaci\ufffdn password fall\ufffd para el usuario \ufffdpostgres\ufffd
E           Multiple connection attempts failed. All failures were:
E           - host: 'localhost', port: '5432', hostaddr: '::1': connection failed: connection to server at "::1", port 5432 failed: FATAL:  la autentificaci\ufffdn password fall\ufffd para el usuario \ufffdpostgres\ufffd
E           - host: 'localhost', port: '5432', hostaddr: '127.0.0.1': connection failed: connection to server at "127.0.0.1", port 5432 failed: FATAL:  la autentificaci\ufffdn password fall\ufffd para el usuario \ufffdpostgres\ufffd

..\..\..\AppData\Roaming\Python\Python313\site-packages\psycopg\connection.py:127: OperationalError

During handling of the above exception, another exception occurred:

self = <DatabaseWrapper vendor='postgresql' alias='default'>

    @async_unsafe
    def ensure_connection(self):
        """Guarantee that a connection to the database is established."""
        if self.connection is None:
            if self.in_atomic_block and self.closed_in_transaction:
                raise ProgrammingError(
                    "Cannot open a new connection in an atomic block."
                )
            with self.wrap_database_errors:
>               self.connect()

..\..\..\AppData\Roaming\Python\Python313\site-packages\django\db\backends\base\base.py:279: 
_ _ _ _ _ _ _ _ _ _ _ _ _ _ _ _ _ _ _ _ _ _ _ _ _ _ _ _ _ _ _ _ _ _ _ _ _ _ _ _
..\..\..\AppData\Roaming\Python\Python313\site-packages\django\utils\asyncio.py:26: in inner
    return func(*args, **kwargs)
..\..\..\AppData\Roaming\Python\Python313\site-packages\django\db\backends\base\base.py:256: in connect
    self.connection = self.get_new_connection(conn_params)
..\..\..\AppData\Roaming\Python\Python313\site-packages\django\utils\asyncio.py:26: in inner
    return func(*args, **kwargs)
..\..\..\AppData\Roaming\Python\Python313\site-packages\django\db\backends\postgresql\base.py:332: in get_new_connection
    connection = self.Database.connect(**conn_params)
_ _ _ _ _ _ _ _ _ _ _ _ _ _ _ _ _ _ _ _ _ _ _ _ _ _ _ _ _ _ _ _ _ _ _ _ _ _ _ _

cls = <class 'psycopg.Connection'>
conninfo = 'dbname=ruffles_db client_encoding=UTF8 user=postgres password=postgres host=localhost port=5432 hostaddr=127.0.0.1'
autocommit = False, prepare_threshold = None
context = <psycopg.adapt.AdaptersMap object at 0x000001CEB3E42350>
row_factory = None
cursor_factory = <class 'django.db.backends.postgresql.base.Cursor'>
kwargs = {'client_encoding': 'UTF8', 'dbname': 'ruffles_db', 'host': 'localhost', 'password': 'postgres', ...}
params = {'client_encoding': 'UTF8', 'dbname': 'ruffles_db', 'host': 'localhost', 'password': 'postgres', ...}
timeout = 130

    @classmethod
    def connect(
        cls,
        conninfo: str = "",
        *,
        autocommit: bool = False,
        prepare_threshold: int | None = 5,
        context: AdaptContext | None = None,
        row_factory: RowFactory[Row] | None = None,
        cursor_factory: type[Cursor[Row]] | None = None,
        **kwargs: ConnParam,
    ) -> Self:
        """
        Connect to a database server and return a new `Connection` instance.
        """
    
        params = cls._get_connection_params(conninfo, **kwargs)
        timeout = timeout_from_conninfo(params)
        rv = None
        attempts = conninfo_attempts(params)
        conn_errors: list[tuple[e.Error, str]] = []
        for attempt in attempts:
            tdescr = (attempt.get("host"), attempt.get("port"), attempt.get("hostaddr"))
            descr = "host: %r, port: %r, hostaddr: %r" % tdescr
            logger.debug("connection attempt: %s", descr)
            try:
                conninfo = make_conninfo("", **attempt)
                gen = cls._connect_gen(conninfo, timeout=timeout)
                rv = waiting.wait_conn(gen, interval=_WAIT_INTERVAL)
            except e.Error as ex:
                logger.debug("connection failed: %s: %s", descr, str(ex))
                conn_errors.append((ex, descr))
            except e._NO_TRACEBACK as ex:
                raise ex.with_traceback(None)
            else:
                logger.debug("connection succeeded: %s", descr)
                break
    
        if not rv:
            last_ex = conn_errors[-1][0]
            if len(conn_errors) == 1:
                raise last_ex.with_traceback(None)
    
            # Create a new exception with the same type as the last one, containing
            # all attempt errors while preserving backward compatibility.
            lines = [str(last_ex)]
            lines.append("Multiple connection attempts failed. All failures were:")
            lines.extend((f"- {descr}: {error}" for error, descr in conn_errors))
>           raise type(last_ex)("\n".join(lines)).with_traceback(None)
E           psycopg.OperationalError: connection failed: connection to server at "127.0.0.1", port 5432 failed: FATAL:  la autentificaci\ufffdn password fall\ufffd para el usuario \ufffdpostgres\ufffd
E           Multiple connection attempts failed. All failures were:
E           - host: 'localhost', port: '5432', hostaddr: '::1': connection failed: connection to server at "::1", port 5432 failed: FATAL:  la autentificaci\ufffdn password fall\ufffd para el usuario \ufffdpostgres\ufffd
E           - host: 'localhost', port: '5432', hostaddr: '127.0.0.1': connection failed: connection to server at "127.0.0.1", port 5432 failed: FATAL:  la autentificaci\ufffdn password fall\ufffd para el usuario \ufffdpostgres\ufffd

..\..\..\AppData\Roaming\Python\Python313\site-packages\psycopg\connection.py:127: OperationalError

The above exception was the direct cause of the following exception:

request = <SubRequest 'django_db_setup' for <Function test_login_success_returns_jwt>>
django_test_environment = None
django_db_blocker = <pytest_django.plugin.DjangoDbBlocker object at 0x000001CEB17F0050>
django_db_use_migrations = True, django_db_keepdb = False
django_db_createdb = False, django_db_modify_db_settings = None

    @pytest.fixture(scope="session")
    def django_db_setup(
        request: pytest.FixtureRequest,
        django_test_environment: None,
        django_db_blocker: DjangoDbBlocker,
        django_db_use_migrations: bool,
        django_db_keepdb: bool,
        django_db_createdb: bool,
        django_db_modify_db_settings: None,
    ) -> Generator[None, None, None]:
        """Top level fixture to ensure test databases are available"""
        from django.test.utils import setup_databases, teardown_databases
    
        setup_databases_args = {}
    
        if not django_db_use_migrations:
            _disable_migrations()
    
        if django_db_keepdb and not django_db_createdb:
            setup_databases_args["keepdb"] = True
    
        with django_db_blocker.unblock():
>           db_cfg = setup_databases(
                verbosity=request.config.option.verbose,
                interactive=False,
                **setup_databases_args,
            )

..\..\..\AppData\Roaming\Python\Python313\site-packages\pytest_django\fixtures.py:140: 
_ _ _ _ _ _ _ _ _ _ _ _ _ _ _ _ _ _ _ _ _ _ _ _ _ _ _ _ _ _ _ _ _ _ _ _ _ _ _ _
..\..\..\AppData\Roaming\Python\Python313\site-packages\django\test\utils.py:204: in setup_databases
    connection.creation.create_test_db(
..\..\..\AppData\Roaming\Python\Python313\site-packages\django\db\backends\base\creation.py:62: in create_test_db
    self._create_test_db(verbosity, autoclobber, keepdb)
..\..\..\AppData\Roaming\Python\Python313\site-packages\django\db\backends\base\creation.py:202: in _create_test_db
    with self._nodb_cursor() as cursor:
C:\Python313\Lib\contextlib.py:141: in __enter__
    return next(self.gen)
..\..\..\AppData\Roaming\Python\Python313\site-packages\django\db\backends\postgresql\base.py:533: in _nodb_cursor
    with conn.cursor() as cursor:
..\..\..\AppData\Roaming\Python\Python313\site-packages\django\utils\asyncio.py:26: in inner
    return func(*args, **kwargs)
..\..\..\AppData\Roaming\Python\Python313\site-packages\django\db\backends\base\base.py:320: in cursor
    return self._cursor()
..\..\..\AppData\Roaming\Python\Python313\site-packages\django\db\backends\base\base.py:296: in _cursor
    self.ensure_connection()
..\..\..\AppData\Roaming\Python\Python313\site-packages\django\utils\asyncio.py:26: in inner
    return func(*args, **kwargs)
..\..\..\AppData\Roaming\Python\Python313\site-packages\django\db\backends\base\base.py:278: in ensure_connection
    with self.wrap_database_errors:
..\..\..\AppData\Roaming\Python\Python313\site-packages\django\db\utils.py:91: in __exit__
    raise dj_exc_value.with_traceback(traceback) from exc_value
..\..\..\AppData\Roaming\Python\Python313\site-packages\django\db\backends\base\base.py:279: in ensure_connection
    self.connect()
..\..\..\AppData\Roaming\Python\Python313\site-packages\django\utils\asyncio.py:26: in inner
    return func(*args, **kwargs)
..\..\..\AppData\Roaming\Python\Python313\site-packages\django\db\backends\base\base.py:256: in connect
    self.connection = self.get_new_connection(conn_params)
..\..\..\AppData\Roaming\Python\Python313\site-packages\django\utils\asyncio.py:26: in inner
    return func(*args, **kwargs)
..\..\..\AppData\Roaming\Python\Python313\site-packages\django\db\backends\postgresql\base.py:332: in get_new_connection
    connection = self.Database.connect(**conn_params)
_ _ _ _ _ _ _ _ _ _ _ _ _ _ _ _ _ _ _ _ _ _ _ _ _ _ _ _ _ _ _ _ _ _ _ _ _ _ _ _

cls = <class 'psycopg.Connection'>
conninfo = 'dbname=ruffles_db client_encoding=UTF8 user=postgres password=postgres host=localhost port=5432 hostaddr=127.0.0.1'
autocommit = False, prepare_threshold = None
context = <psycopg.adapt.AdaptersMap object at 0x000001CEB3E42350>
row_factory = None
cursor_factory = <class 'django.db.backends.postgresql.base.Cursor'>
kwargs = {'client_encoding': 'UTF8', 'dbname': 'ruffles_db', 'host': 'localhost', 'password': 'postgres', ...}
params = {'client_encoding': 'UTF8', 'dbname': 'ruffles_db', 'host': 'localhost', 'password': 'postgres', ...}
timeout = 130

    @classmethod
    def connect(
        cls,
        conninfo: str = "",
        *,
        autocommit: bool = False,
        prepare_threshold: int | None = 5,
        context: AdaptContext | None = None,
        row_factory: RowFactory[Row] | None = None,
        cursor_factory: type[Cursor[Row]] | None = None,
        **kwargs: ConnParam,
    ) -> Self:
        """
        Connect to a database server and return a new `Connection` instance.
        """
    
        params = cls._get_connection_params(conninfo, **kwargs)
        timeout = timeout_from_conninfo(params)
        rv = None
        attempts = conninfo_attempts(params)
        conn_errors: list[tuple[e.Error, str]] = []
        for attempt in attempts:
            tdescr = (attempt.get("host"), attempt.get("port"), attempt.get("hostaddr"))
            descr = "host: %r, port: %r, hostaddr: %r" % tdescr
            logger.debug("connection attempt: %s", descr)
            try:
                conninfo = make_conninfo("", **attempt)
                gen = cls._connect_gen(conninfo, timeout=timeout)
                rv = waiting.wait_conn(gen, interval=_WAIT_INTERVAL)
            except e.Error as ex:
                logger.debug("connection failed: %s: %s", descr, str(ex))
                conn_errors.append((ex, descr))
            except e._NO_TRACEBACK as ex:
                raise ex.with_traceback(None)
            else:
                logger.debug("connection succeeded: %s", descr)
                break
    
        if not rv:
            last_ex = conn_errors[-1][0]
            if len(conn_errors) == 1:
                raise last_ex.with_traceback(None)
    
            # Create a new exception with the same type as the last one, containing
            # all attempt errors while preserving backward compatibility.
            lines = [str(last_ex)]
            lines.append("Multiple connection attempts failed. All failures were:")
            lines.extend((f"- {descr}: {error}" for error, descr in conn_errors))
>           raise type(last_ex)("\n".join(lines)).with_traceback(None)
E           django.db.utils.OperationalError: connection failed: connection to server at "127.0.0.1", port 5432 failed: FATAL:  la autentificaci\ufffdn password fall\ufffd para el usuario \ufffdpostgres\ufffd
E           Multiple connection attempts failed. All failures were:
E           - host: 'localhost', port: '5432', hostaddr: '::1': connection failed: connection to server at "::1", port 5432 failed: FATAL:  la autentificaci\ufffdn password fall\ufffd para el usuario \ufffdpostgres\ufffd
E           - host: 'localhost', port: '5432', hostaddr: '127.0.0.1': connection failed: connection to server at "127.0.0.1", port 5432 failed: FATAL:  la autentificaci\ufffdn password fall\ufffd para el usuario \ufffdpostgres\ufffd

..\..\..\AppData\Roaming\Python\Python313\site-packages\psycopg\connection.py:127: OperationalError
_______________ ERROR at setup of test_login_too_many_attempts ________________

self = <DatabaseWrapper vendor='postgresql' alias='__no_db__'>

    @async_unsafe
    def ensure_connection(self):
        """Guarantee that a connection to the database is established."""
        if self.connection is None:
            if self.in_atomic_block and self.closed_in_transaction:
                raise ProgrammingError(
                    "Cannot open a new connection in an atomic block."
                )
            with self.wrap_database_errors:
>               self.connect()

..\..\..\AppData\Roaming\Python\Python313\site-packages\django\db\backends\base\base.py:279: 
_ _ _ _ _ _ _ _ _ _ _ _ _ _ _ _ _ _ _ _ _ _ _ _ _ _ _ _ _ _ _ _ _ _ _ _ _ _ _ _
..\..\..\AppData\Roaming\Python\Python313\site-packages\django\utils\asyncio.py:26: in inner
    return func(*args, **kwargs)
..\..\..\AppData\Roaming\Python\Python313\site-packages\django\db\backends\base\base.py:256: in connect
    self.connection = self.get_new_connection(conn_params)
..\..\..\AppData\Roaming\Python\Python313\site-packages\django\utils\asyncio.py:26: in inner
    return func(*args, **kwargs)
..\..\..\AppData\Roaming\Python\Python313\site-packages\django\db\backends\postgresql\base.py:332: in get_new_connection
    connection = self.Database.connect(**conn_params)
_ _ _ _ _ _ _ _ _ _ _ _ _ _ _ _ _ _ _ _ _ _ _ _ _ _ _ _ _ _ _ _ _ _ _ _ _ _ _ _

cls = <class 'psycopg.Connection'>
conninfo = 'dbname=postgres client_encoding=UTF8 user=postgres password=postgres host=localhost port=5432 hostaddr=127.0.0.1'
autocommit = False, prepare_threshold = None
context = <psycopg.adapt.AdaptersMap object at 0x000001CEB3E42350>
row_factory = None
cursor_factory = <class 'django.db.backends.postgresql.base.Cursor'>
kwargs = {'client_encoding': 'UTF8', 'dbname': 'postgres', 'host': 'localhost', 'password': 'postgres', ...}
params = {'client_encoding': 'UTF8', 'dbname': 'postgres', 'host': 'localhost', 'password': 'postgres', ...}
timeout = 130

    @classmethod
    def connect(
        cls,
        conninfo: str = "",
        *,
        autocommit: bool = False,
        prepare_threshold: int | None = 5,
        context: AdaptContext | None = None,
        row_factory: RowFactory[Row] | None = None,
        cursor_factory: type[Cursor[Row]] | None = None,
        **kwargs: ConnParam,
    ) -> Self:
        """
        Connect to a database server and return a new `Connection` instance.
        """
    
        params = cls._get_connection_params(conninfo, **kwargs)
        timeout = timeout_from_conninfo(params)
        rv = None
        attempts = conninfo_attempts(params)
        conn_errors: list[tuple[e.Error, str]] = []
        for attempt in attempts:
            tdescr = (attempt.get("host"), attempt.get("port"), attempt.get("hostaddr"))
            descr = "host: %r, port: %r, hostaddr: %r" % tdescr
            logger.debug("connection attempt: %s", descr)
            try:
                conninfo = make_conninfo("", **attempt)
                gen = cls._connect_gen(conninfo, timeout=timeout)
                rv = waiting.wait_conn(gen, interval=_WAIT_INTERVAL)
            except e.Error as ex:
                logger.debug("connection failed: %s: %s", descr, str(ex))
                conn_errors.append((ex, descr))
            except e._NO_TRACEBACK as ex:
                raise ex.with_traceback(None)
            else:
                logger.debug("connection succeeded: %s", descr)
                break
    
        if not rv:
            last_ex = conn_errors[-1][0]
            if len(conn_errors) == 1:
                raise last_ex.with_traceback(None)
    
            # Create a new exception with the same type as the last one, containing
            # all attempt errors while preserving backward compatibility.
            lines = [str(last_ex)]
            lines.append("Multiple connection attempts failed. All failures were:")
            lines.extend((f"- {descr}: {error}" for error, descr in conn_errors))
>           raise type(last_ex)("\n".join(lines)).with_traceback(None)
E           psycopg.OperationalError: connection failed: connection to server at "127.0.0.1", port 5432 failed: FATAL:  la autentificaci\ufffdn password fall\ufffd para el usuario \ufffdpostgres\ufffd
E           Multiple connection attempts failed. All failures were:
E           - host: 'localhost', port: '5432', hostaddr: '::1': connection failed: connection to server at "::1", port 5432 failed: FATAL:  la autentificaci\ufffdn password fall\ufffd para el usuario \ufffdpostgres\ufffd
E           - host: 'localhost', port: '5432', hostaddr: '127.0.0.1': connection failed: connection to server at "127.0.0.1", port 5432 failed: FATAL:  la autentificaci\ufffdn password fall\ufffd para el usuario \ufffdpostgres\ufffd

..\..\..\AppData\Roaming\Python\Python313\site-packages\psycopg\connection.py:127: OperationalError

The above exception was the direct cause of the following exception:

self = <DatabaseWrapper vendor='postgresql' alias='default'>

    @contextmanager
    def _nodb_cursor(self):
        cursor = None
        try:
>           with super()._nodb_cursor() as cursor:

..\..\..\AppData\Roaming\Python\Python313\site-packages\django\db\backends\postgresql\base.py:507: 
_ _ _ _ _ _ _ _ _ _ _ _ _ _ _ _ _ _ _ _ _ _ _ _ _ _ _ _ _ _ _ _ _ _ _ _ _ _ _ _
C:\Python313\Lib\contextlib.py:141: in __enter__
    return next(self.gen)
..\..\..\AppData\Roaming\Python\Python313\site-packages\django\db\backends\base\base.py:712: in _nodb_cursor
    with conn.cursor() as cursor:
..\..\..\AppData\Roaming\Python\Python313\site-packages\django\utils\asyncio.py:26: in inner
    return func(*args, **kwargs)
..\..\..\AppData\Roaming\Python\Python313\site-packages\django\db\backends\base\base.py:320: in cursor
    return self._cursor()
..\..\..\AppData\Roaming\Python\Python313\site-packages\django\db\backends\base\base.py:296: in _cursor
    self.ensure_connection()
..\..\..\AppData\Roaming\Python\Python313\site-packages\django\utils\asyncio.py:26: in inner
    return func(*args, **kwargs)
..\..\..\AppData\Roaming\Python\Python313\site-packages\django\db\backends\base\base.py:278: in ensure_connection
    with self.wrap_database_errors:
..\..\..\AppData\Roaming\Python\Python313\site-packages\django\db\utils.py:91: in __exit__
    raise dj_exc_value.with_traceback(traceback) from exc_value
..\..\..\AppData\Roaming\Python\Python313\site-packages\django\db\backends\base\base.py:279: in ensure_connection
    self.connect()
..\..\..\AppData\Roaming\Python\Python313\site-packages\django\utils\asyncio.py:26: in inner
    return func(*args, **kwargs)
..\..\..\AppData\Roaming\Python\Python313\site-packages\django\db\backends\base\base.py:256: in connect
    self.connection = self.get_new_connection(conn_params)
..\..\..\AppData\Roaming\Python\Python313\site-packages\django\utils\asyncio.py:26: in inner
    return func(*args, **kwargs)
..\..\..\AppData\Roaming\Python\Python313\site-packages\django\db\backends\postgresql\base.py:332: in get_new_connection
    connection = self.Database.connect(**conn_params)
_ _ _ _ _ _ _ _ _ _ _ _ _ _ _ _ _ _ _ _ _ _ _ _ _ _ _ _ _ _ _ _ _ _ _ _ _ _ _ _

cls = <class 'psycopg.Connection'>
conninfo = 'dbname=postgres client_encoding=UTF8 user=postgres password=postgres host=localhost port=5432 hostaddr=127.0.0.1'
autocommit = False, prepare_threshold = None
context = <psycopg.adapt.AdaptersMap object at 0x000001CEB3E42350>
row_factory = None
cursor_factory = <class 'django.db.backends.postgresql.base.Cursor'>
kwargs = {'client_encoding': 'UTF8', 'dbname': 'postgres', 'host': 'localhost', 'password': 'postgres', ...}
params = {'client_encoding': 'UTF8', 'dbname': 'postgres', 'host': 'localhost', 'password': 'postgres', ...}
timeout = 130

    @classmethod
    def connect(
        cls,
        conninfo: str = "",
        *,
        autocommit: bool = False,
        prepare_threshold: int | None = 5,
        context: AdaptContext | None = None,
        row_factory: RowFactory[Row] | None = None,
        cursor_factory: type[Cursor[Row]] | None = None,
        **kwargs: ConnParam,
    ) -> Self:
        """
        Connect to a database server and return a new `Connection` instance.
        """
    
        params = cls._get_connection_params(conninfo, **kwargs)
        timeout = timeout_from_conninfo(params)
        rv = None
        attempts = conninfo_attempts(params)
        conn_errors: list[tuple[e.Error, str]] = []
        for attempt in attempts:
            tdescr = (attempt.get("host"), attempt.get("port"), attempt.get("hostaddr"))
            descr = "host: %r, port: %r, hostaddr: %r" % tdescr
            logger.debug("connection attempt: %s", descr)
            try:
                conninfo = make_conninfo("", **attempt)
                gen = cls._connect_gen(conninfo, timeout=timeout)
                rv = waiting.wait_conn(gen, interval=_WAIT_INTERVAL)
            except e.Error as ex:
                logger.debug("connection failed: %s: %s", descr, str(ex))
                conn_errors.append((ex, descr))
            except e._NO_TRACEBACK as ex:
                raise ex.with_traceback(None)
            else:
                logger.debug("connection succeeded: %s", descr)
                break
    
        if not rv:
            last_ex = conn_errors[-1][0]
            if len(conn_errors) == 1:
                raise last_ex.with_traceback(None)
    
            # Create a new exception with the same type as the last one, containing
            # all attempt errors while preserving backward compatibility.
            lines = [str(last_ex)]
            lines.append("Multiple connection attempts failed. All failures were:")
            lines.extend((f"- {descr}: {error}" for error, descr in conn_errors))
>           raise type(last_ex)("\n".join(lines)).with_traceback(None)
E           django.db.utils.OperationalError: connection failed: connection to server at "127.0.0.1", port 5432 failed: FATAL:  la autentificaci\ufffdn password fall\ufffd para el usuario \ufffdpostgres\ufffd
E           Multiple connection attempts failed. All failures were:
E           - host: 'localhost', port: '5432', hostaddr: '::1': connection failed: connection to server at "::1", port 5432 failed: FATAL:  la autentificaci\ufffdn password fall\ufffd para el usuario \ufffdpostgres\ufffd
E           - host: 'localhost', port: '5432', hostaddr: '127.0.0.1': connection failed: connection to server at "127.0.0.1", port 5432 failed: FATAL:  la autentificaci\ufffdn password fall\ufffd para el usuario \ufffdpostgres\ufffd

..\..\..\AppData\Roaming\Python\Python313\site-packages\psycopg\connection.py:127: OperationalError

During handling of the above exception, another exception occurred:

self = <DatabaseWrapper vendor='postgresql' alias='default'>

    @async_unsafe
    def ensure_connection(self):
        """Guarantee that a connection to the database is established."""
        if self.connection is None:
            if self.in_atomic_block and self.closed_in_transaction:
                raise ProgrammingError(
                    "Cannot open a new connection in an atomic block."
                )
            with self.wrap_database_errors:
>               self.connect()

..\..\..\AppData\Roaming\Python\Python313\site-packages\django\db\backends\base\base.py:279: 
_ _ _ _ _ _ _ _ _ _ _ _ _ _ _ _ _ _ _ _ _ _ _ _ _ _ _ _ _ _ _ _ _ _ _ _ _ _ _ _
..\..\..\AppData\Roaming\Python\Python313\site-packages\django\utils\asyncio.py:26: in inner
    return func(*args, **kwargs)
..\..\..\AppData\Roaming\Python\Python313\site-packages\django\db\backends\base\base.py:256: in connect
    self.connection = self.get_new_connection(conn_params)
..\..\..\AppData\Roaming\Python\Python313\site-packages\django\utils\asyncio.py:26: in inner
    return func(*args, **kwargs)
..\..\..\AppData\Roaming\Python\Python313\site-packages\django\db\backends\postgresql\base.py:332: in get_new_connection
    connection = self.Database.connect(**conn_params)
_ _ _ _ _ _ _ _ _ _ _ _ _ _ _ _ _ _ _ _ _ _ _ _ _ _ _ _ _ _ _ _ _ _ _ _ _ _ _ _

cls = <class 'psycopg.Connection'>
conninfo = 'dbname=ruffles_db client_encoding=UTF8 user=postgres password=postgres host=localhost port=5432 hostaddr=127.0.0.1'
autocommit = False, prepare_threshold = None
context = <psycopg.adapt.AdaptersMap object at 0x000001CEB3E42350>
row_factory = None
cursor_factory = <class 'django.db.backends.postgresql.base.Cursor'>
kwargs = {'client_encoding': 'UTF8', 'dbname': 'ruffles_db', 'host': 'localhost', 'password': 'postgres', ...}
params = {'client_encoding': 'UTF8', 'dbname': 'ruffles_db', 'host': 'localhost', 'password': 'postgres', ...}
timeout = 130

    @classmethod
    def connect(
        cls,
        conninfo: str = "",
        *,
        autocommit: bool = False,
        prepare_threshold: int | None = 5,
        context: AdaptContext | None = None,
        row_factory: RowFactory[Row] | None = None,
        cursor_factory: type[Cursor[Row]] | None = None,
        **kwargs: ConnParam,
    ) -> Self:
        """
        Connect to a database server and return a new `Connection` instance.
        """
    
        params = cls._get_connection_params(conninfo, **kwargs)
        timeout = timeout_from_conninfo(params)
        rv = None
        attempts = conninfo_attempts(params)
        conn_errors: list[tuple[e.Error, str]] = []
        for attempt in attempts:
            tdescr = (attempt.get("host"), attempt.get("port"), attempt.get("hostaddr"))
            descr = "host: %r, port: %r, hostaddr: %r" % tdescr
            logger.debug("connection attempt: %s", descr)
            try:
                conninfo = make_conninfo("", **attempt)
                gen = cls._connect_gen(conninfo, timeout=timeout)
                rv = waiting.wait_conn(gen, interval=_WAIT_INTERVAL)
            except e.Error as ex:
                logger.debug("connection failed: %s: %s", descr, str(ex))
                conn_errors.append((ex, descr))
            except e._NO_TRACEBACK as ex:
                raise ex.with_traceback(None)
            else:
                logger.debug("connection succeeded: %s", descr)
                break
    
        if not rv:
            last_ex = conn_errors[-1][0]
            if len(conn_errors) == 1:
                raise last_ex.with_traceback(None)
    
            # Create a new exception with the same type as the last one, containing
            # all attempt errors while preserving backward compatibility.
            lines = [str(last_ex)]
            lines.append("Multiple connection attempts failed. All failures were:")
            lines.extend((f"- {descr}: {error}" for error, descr in conn_errors))
>           raise type(last_ex)("\n".join(lines)).with_traceback(None)
E           psycopg.OperationalError: connection failed: connection to server at "127.0.0.1", port 5432 failed: FATAL:  la autentificaci\ufffdn password fall\ufffd para el usuario \ufffdpostgres\ufffd
E           Multiple connection attempts failed. All failures were:
E           - host: 'localhost', port: '5432', hostaddr: '::1': connection failed: connection to server at "::1", port 5432 failed: FATAL:  la autentificaci\ufffdn password fall\ufffd para el usuario \ufffdpostgres\ufffd
E           - host: 'localhost', port: '5432', hostaddr: '127.0.0.1': connection failed: connection to server at "127.0.0.1", port 5432 failed: FATAL:  la autentificaci\ufffdn password fall\ufffd para el usuario \ufffdpostgres\ufffd

..\..\..\AppData\Roaming\Python\Python313\site-packages\psycopg\connection.py:127: OperationalError

The above exception was the direct cause of the following exception:

request = <SubRequest 'django_db_setup' for <Function test_login_success_returns_jwt>>
django_test_environment = None
django_db_blocker = <pytest_django.plugin.DjangoDbBlocker object at 0x000001CEB17F0050>
django_db_use_migrations = True, django_db_keepdb = False
django_db_createdb = False, django_db_modify_db_settings = None

    @pytest.fixture(scope="session")
    def django_db_setup(
        request: pytest.FixtureRequest,
        django_test_environment: None,
        django_db_blocker: DjangoDbBlocker,
        django_db_use_migrations: bool,
        django_db_keepdb: bool,
        django_db_createdb: bool,
        django_db_modify_db_settings: None,
    ) -> Generator[None, None, None]:
        """Top level fixture to ensure test databases are available"""
        from django.test.utils import setup_databases, teardown_databases
    
        setup_databases_args = {}
    
        if not django_db_use_migrations:
            _disable_migrations()
    
        if django_db_keepdb and not django_db_createdb:
            setup_databases_args["keepdb"] = True
    
        with django_db_blocker.unblock():
>           db_cfg = setup_databases(
                verbosity=request.config.option.verbose,
                interactive=False,
                **setup_databases_args,
            )

..\..\..\AppData\Roaming\Python\Python313\site-packages\pytest_django\fixtures.py:140: 
_ _ _ _ _ _ _ _ _ _ _ _ _ _ _ _ _ _ _ _ _ _ _ _ _ _ _ _ _ _ _ _ _ _ _ _ _ _ _ _
..\..\..\AppData\Roaming\Python\Python313\site-packages\django\test\utils.py:204: in setup_databases
    connection.creation.create_test_db(
..\..\..\AppData\Roaming\Python\Python313\site-packages\django\db\backends\base\creation.py:62: in create_test_db
    self._create_test_db(verbosity, autoclobber, keepdb)
..\..\..\AppData\Roaming\Python\Python313\site-packages\django\db\backends\base\creation.py:202: in _create_test_db
    with self._nodb_cursor() as cursor:
C:\Python313\Lib\contextlib.py:141: in __enter__
    return next(self.gen)
..\..\..\AppData\Roaming\Python\Python313\site-packages\django\db\backends\postgresql\base.py:533: in _nodb_cursor
    with conn.cursor() as cursor:
..\..\..\AppData\Roaming\Python\Python313\site-packages\django\utils\asyncio.py:26: in inner
    return func(*args, **kwargs)
..\..\..\AppData\Roaming\Python\Python313\site-packages\django\db\backends\base\base.py:320: in cursor
    return self._cursor()
..\..\..\AppData\Roaming\Python\Python313\site-packages\django\db\backends\base\base.py:296: in _cursor
    self.ensure_connection()
..\..\..\AppData\Roaming\Python\Python313\site-packages\django\utils\asyncio.py:26: in inner
    return func(*args, **kwargs)
..\..\..\AppData\Roaming\Python\Python313\site-packages\django\db\backends\base\base.py:278: in ensure_connection
    with self.wrap_database_errors:
..\..\..\AppData\Roaming\Python\Python313\site-packages\django\db\utils.py:91: in __exit__
    raise dj_exc_value.with_traceback(traceback) from exc_value
..\..\..\AppData\Roaming\Python\Python313\site-packages\django\db\backends\base\base.py:279: in ensure_connection
    self.connect()
..\..\..\AppData\Roaming\Python\Python313\site-packages\django\utils\asyncio.py:26: in inner
    return func(*args, **kwargs)
..\..\..\AppData\Roaming\Python\Python313\site-packages\django\db\backends\base\base.py:256: in connect
    self.connection = self.get_new_connection(conn_params)
..\..\..\AppData\Roaming\Python\Python313\site-packages\django\utils\asyncio.py:26: in inner
    return func(*args, **kwargs)
..\..\..\AppData\Roaming\Python\Python313\site-packages\django\db\backends\postgresql\base.py:332: in get_new_connection
    connection = self.Database.connect(**conn_params)
_ _ _ _ _ _ _ _ _ _ _ _ _ _ _ _ _ _ _ _ _ _ _ _ _ _ _ _ _ _ _ _ _ _ _ _ _ _ _ _

cls = <class 'psycopg.Connection'>
conninfo = 'dbname=ruffles_db client_encoding=UTF8 user=postgres password=postgres host=localhost port=5432 hostaddr=127.0.0.1'
autocommit = False, prepare_threshold = None
context = <psycopg.adapt.AdaptersMap object at 0x000001CEB3E42350>
row_factory = None
cursor_factory = <class 'django.db.backends.postgresql.base.Cursor'>
kwargs = {'client_encoding': 'UTF8', 'dbname': 'ruffles_db', 'host': 'localhost', 'password': 'postgres', ...}
params = {'client_encoding': 'UTF8', 'dbname': 'ruffles_db', 'host': 'localhost', 'password': 'postgres', ...}
timeout = 130

    @classmethod
    def connect(
        cls,
        conninfo: str = "",
        *,
        autocommit: bool = False,
        prepare_threshold: int | None = 5,
        context: AdaptContext | None = None,
        row_factory: RowFactory[Row] | None = None,
        cursor_factory: type[Cursor[Row]] | None = None,
        **kwargs: ConnParam,
    ) -> Self:
        """
        Connect to a database server and return a new `Connection` instance.
        """
    
        params = cls._get_connection_params(conninfo, **kwargs)
        timeout = timeout_from_conninfo(params)
        rv = None
        attempts = conninfo_attempts(params)
        conn_errors: list[tuple[e.Error, str]] = []
        for attempt in attempts:
            tdescr = (attempt.get("host"), attempt.get("port"), attempt.get("hostaddr"))
            descr = "host: %r, port: %r, hostaddr: %r" % tdescr
            logger.debug("connection attempt: %s", descr)
            try:
                conninfo = make_conninfo("", **attempt)
                gen = cls._connect_gen(conninfo, timeout=timeout)
                rv = waiting.wait_conn(gen, interval=_WAIT_INTERVAL)
            except e.Error as ex:
                logger.debug("connection failed: %s: %s", descr, str(ex))
                conn_errors.append((ex, descr))
            except e._NO_TRACEBACK as ex:
                raise ex.with_traceback(None)
            else:
                logger.debug("connection succeeded: %s", descr)
                break
    
        if not rv:
            last_ex = conn_errors[-1][0]
            if len(conn_errors) == 1:
                raise last_ex.with_traceback(None)
    
            # Create a new exception with the same type as the last one, containing
            # all attempt errors while preserving backward compatibility.
            lines = [str(last_ex)]
            lines.append("Multiple connection attempts failed. All failures were:")
            lines.extend((f"- {descr}: {error}" for error, descr in conn_errors))
>           raise type(last_ex)("\n".join(lines)).with_traceback(None)
E           django.db.utils.OperationalError: connection failed: connection to server at "127.0.0.1", port 5432 failed: FATAL:  la autentificaci\ufffdn password fall\ufffd para el usuario \ufffdpostgres\ufffd
E           Multiple connection attempts failed. All failures were:
E           - host: 'localhost', port: '5432', hostaddr: '::1': connection failed: connection to server at "::1", port 5432 failed: FATAL:  la autentificaci\ufffdn password fall\ufffd para el usuario \ufffdpostgres\ufffd
E           - host: 'localhost', port: '5432', hostaddr: '127.0.0.1': connection failed: connection to server at "127.0.0.1", port 5432 failed: FATAL:  la autentificaci\ufffdn password fall\ufffd para el usuario \ufffdpostgres\ufffd

..\..\..\AppData\Roaming\Python\Python313\site-packages\psycopg\connection.py:127: OperationalError
____________ ERROR at setup of test_login_unexpected_server_error _____________

self = <DatabaseWrapper vendor='postgresql' alias='__no_db__'>

    @async_unsafe
    def ensure_connection(self):
        """Guarantee that a connection to the database is established."""
        if self.connection is None:
            if self.in_atomic_block and self.closed_in_transaction:
                raise ProgrammingError(
                    "Cannot open a new connection in an atomic block."
                )
            with self.wrap_database_errors:
>               self.connect()

..\..\..\AppData\Roaming\Python\Python313\site-packages\django\db\backends\base\base.py:279: 
_ _ _ _ _ _ _ _ _ _ _ _ _ _ _ _ _ _ _ _ _ _ _ _ _ _ _ _ _ _ _ _ _ _ _ _ _ _ _ _
..\..\..\AppData\Roaming\Python\Python313\site-packages\django\utils\asyncio.py:26: in inner
    return func(*args, **kwargs)
..\..\..\AppData\Roaming\Python\Python313\site-packages\django\db\backends\base\base.py:256: in connect
    self.connection = self.get_new_connection(conn_params)
..\..\..\AppData\Roaming\Python\Python313\site-packages\django\utils\asyncio.py:26: in inner
    return func(*args, **kwargs)
..\..\..\AppData\Roaming\Python\Python313\site-packages\django\db\backends\postgresql\base.py:332: in get_new_connection
    connection = self.Database.connect(**conn_params)
_ _ _ _ _ _ _ _ _ _ _ _ _ _ _ _ _ _ _ _ _ _ _ _ _ _ _ _ _ _ _ _ _ _ _ _ _ _ _ _

cls = <class 'psycopg.Connection'>
conninfo = 'dbname=postgres client_encoding=UTF8 user=postgres password=postgres host=localhost port=5432 hostaddr=127.0.0.1'
autocommit = False, prepare_threshold = None
context = <psycopg.adapt.AdaptersMap object at 0x000001CEB3E42350>
row_factory = None
cursor_factory = <class 'django.db.backends.postgresql.base.Cursor'>
kwargs = {'client_encoding': 'UTF8', 'dbname': 'postgres', 'host': 'localhost', 'password': 'postgres', ...}
params = {'client_encoding': 'UTF8', 'dbname': 'postgres', 'host': 'localhost', 'password': 'postgres', ...}
timeout = 130

    @classmethod
    def connect(
        cls,
        conninfo: str = "",
        *,
        autocommit: bool = False,
        prepare_threshold: int | None = 5,
        context: AdaptContext | None = None,
        row_factory: RowFactory[Row] | None = None,
        cursor_factory: type[Cursor[Row]] | None = None,
        **kwargs: ConnParam,
    ) -> Self:
        """
        Connect to a database server and return a new `Connection` instance.
        """
    
        params = cls._get_connection_params(conninfo, **kwargs)
        timeout = timeout_from_conninfo(params)
        rv = None
        attempts = conninfo_attempts(params)
        conn_errors: list[tuple[e.Error, str]] = []
        for attempt in attempts:
            tdescr = (attempt.get("host"), attempt.get("port"), attempt.get("hostaddr"))
            descr = "host: %r, port: %r, hostaddr: %r" % tdescr
            logger.debug("connection attempt: %s", descr)
            try:
                conninfo = make_conninfo("", **attempt)
                gen = cls._connect_gen(conninfo, timeout=timeout)
                rv = waiting.wait_conn(gen, interval=_WAIT_INTERVAL)
            except e.Error as ex:
                logger.debug("connection failed: %s: %s", descr, str(ex))
                conn_errors.append((ex, descr))
            except e._NO_TRACEBACK as ex:
                raise ex.with_traceback(None)
            else:
                logger.debug("connection succeeded: %s", descr)
                break
    
        if not rv:
            last_ex = conn_errors[-1][0]
            if len(conn_errors) == 1:
                raise last_ex.with_traceback(None)
    
            # Create a new exception with the same type as the last one, containing
            # all attempt errors while preserving backward compatibility.
            lines = [str(last_ex)]
            lines.append("Multiple connection attempts failed. All failures were:")
            lines.extend((f"- {descr}: {error}" for error, descr in conn_errors))
>           raise type(last_ex)("\n".join(lines)).with_traceback(None)
E           psycopg.OperationalError: connection failed: connection to server at "127.0.0.1", port 5432 failed: FATAL:  la autentificaci\ufffdn password fall\ufffd para el usuario \ufffdpostgres\ufffd
E           Multiple connection attempts failed. All failures were:
E           - host: 'localhost', port: '5432', hostaddr: '::1': connection failed: connection to server at "::1", port 5432 failed: FATAL:  la autentificaci\ufffdn password fall\ufffd para el usuario \ufffdpostgres\ufffd
E           - host: 'localhost', port: '5432', hostaddr: '127.0.0.1': connection failed: connection to server at "127.0.0.1", port 5432 failed: FATAL:  la autentificaci\ufffdn password fall\ufffd para el usuario \ufffdpostgres\ufffd

..\..\..\AppData\Roaming\Python\Python313\site-packages\psycopg\connection.py:127: OperationalError

The above exception was the direct cause of the following exception:

self = <DatabaseWrapper vendor='postgresql' alias='default'>

    @contextmanager
    def _nodb_cursor(self):
        cursor = None
        try:
>           with super()._nodb_cursor() as cursor:

..\..\..\AppData\Roaming\Python\Python313\site-packages\django\db\backends\postgresql\base.py:507: 
_ _ _ _ _ _ _ _ _ _ _ _ _ _ _ _ _ _ _ _ _ _ _ _ _ _ _ _ _ _ _ _ _ _ _ _ _ _ _ _
C:\Python313\Lib\contextlib.py:141: in __enter__
    return next(self.gen)
..\..\..\AppData\Roaming\Python\Python313\site-packages\django\db\backends\base\base.py:712: in _nodb_cursor
    with conn.cursor() as cursor:
..\..\..\AppData\Roaming\Python\Python313\site-packages\django\utils\asyncio.py:26: in inner
    return func(*args, **kwargs)
..\..\..\AppData\Roaming\Python\Python313\site-packages\django\db\backends\base\base.py:320: in cursor
    return self._cursor()
..\..\..\AppData\Roaming\Python\Python313\site-packages\django\db\backends\base\base.py:296: in _cursor
    self.ensure_connection()
..\..\..\AppData\Roaming\Python\Python313\site-packages\django\utils\asyncio.py:26: in inner
    return func(*args, **kwargs)
..\..\..\AppData\Roaming\Python\Python313\site-packages\django\db\backends\base\base.py:278: in ensure_connection
    with self.wrap_database_errors:
..\..\..\AppData\Roaming\Python\Python313\site-packages\django\db\utils.py:91: in __exit__
    raise dj_exc_value.with_traceback(traceback) from exc_value
..\..\..\AppData\Roaming\Python\Python313\site-packages\django\db\backends\base\base.py:279: in ensure_connection
    self.connect()
..\..\..\AppData\Roaming\Python\Python313\site-packages\django\utils\asyncio.py:26: in inner
    return func(*args, **kwargs)
..\..\..\AppData\Roaming\Python\Python313\site-packages\django\db\backends\base\base.py:256: in connect
    self.connection = self.get_new_connection(conn_params)
..\..\..\AppData\Roaming\Python\Python313\site-packages\django\utils\asyncio.py:26: in inner
    return func(*args, **kwargs)
..\..\..\AppData\Roaming\Python\Python313\site-packages\django\db\backends\postgresql\base.py:332: in get_new_connection
    connection = self.Database.connect(**conn_params)
_ _ _ _ _ _ _ _ _ _ _ _ _ _ _ _ _ _ _ _ _ _ _ _ _ _ _ _ _ _ _ _ _ _ _ _ _ _ _ _

cls = <class 'psycopg.Connection'>
conninfo = 'dbname=postgres client_encoding=UTF8 user=postgres password=postgres host=localhost port=5432 hostaddr=127.0.0.1'
autocommit = False, prepare_threshold = None
context = <psycopg.adapt.AdaptersMap object at 0x000001CEB3E42350>
row_factory = None
cursor_factory = <class 'django.db.backends.postgresql.base.Cursor'>
kwargs = {'client_encoding': 'UTF8', 'dbname': 'postgres', 'host': 'localhost', 'password': 'postgres', ...}
params = {'client_encoding': 'UTF8', 'dbname': 'postgres', 'host': 'localhost', 'password': 'postgres', ...}
timeout = 130

    @classmethod
    def connect(
        cls,
        conninfo: str = "",
        *,
        autocommit: bool = False,
        prepare_threshold: int | None = 5,
        context: AdaptContext | None = None,
        row_factory: RowFactory[Row] | None = None,
        cursor_factory: type[Cursor[Row]] | None = None,
        **kwargs: ConnParam,
    ) -> Self:
        """
        Connect to a database server and return a new `Connection` instance.
        """
    
        params = cls._get_connection_params(conninfo, **kwargs)
        timeout = timeout_from_conninfo(params)
        rv = None
        attempts = conninfo_attempts(params)
        conn_errors: list[tuple[e.Error, str]] = []
        for attempt in attempts:
            tdescr = (attempt.get("host"), attempt.get("port"), attempt.get("hostaddr"))
            descr = "host: %r, port: %r, hostaddr: %r" % tdescr
            logger.debug("connection attempt: %s", descr)
            try:
                conninfo = make_conninfo("", **attempt)
                gen = cls._connect_gen(conninfo, timeout=timeout)
                rv = waiting.wait_conn(gen, interval=_WAIT_INTERVAL)
            except e.Error as ex:
                logger.debug("connection failed: %s: %s", descr, str(ex))
                conn_errors.append((ex, descr))
            except e._NO_TRACEBACK as ex:
                raise ex.with_traceback(None)
            else:
                logger.debug("connection succeeded: %s", descr)
                break
    
        if not rv:
            last_ex = conn_errors[-1][0]
            if len(conn_errors) == 1:
                raise last_ex.with_traceback(None)
    
            # Create a new exception with the same type as the last one, containing
            # all attempt errors while preserving backward compatibility.
            lines = [str(last_ex)]
            lines.append("Multiple connection attempts failed. All failures were:")
            lines.extend((f"- {descr}: {error}" for error, descr in conn_errors))
>           raise type(last_ex)("\n".join(lines)).with_traceback(None)
E           django.db.utils.OperationalError: connection failed: connection to server at "127.0.0.1", port 5432 failed: FATAL:  la autentificaci\ufffdn password fall\ufffd para el usuario \ufffdpostgres\ufffd
E           Multiple connection attempts failed. All failures were:
E           - host: 'localhost', port: '5432', hostaddr: '::1': connection failed: connection to server at "::1", port 5432 failed: FATAL:  la autentificaci\ufffdn password fall\ufffd para el usuario \ufffdpostgres\ufffd
E           - host: 'localhost', port: '5432', hostaddr: '127.0.0.1': connection failed: connection to server at "127.0.0.1", port 5432 failed: FATAL:  la autentificaci\ufffdn password fall\ufffd para el usuario \ufffdpostgres\ufffd

..\..\..\AppData\Roaming\Python\Python313\site-packages\psycopg\connection.py:127: OperationalError

During handling of the above exception, another exception occurred:

self = <DatabaseWrapper vendor='postgresql' alias='default'>

    @async_unsafe
    def ensure_connection(self):
        """Guarantee that a connection to the database is established."""
        if self.connection is None:
            if self.in_atomic_block and self.closed_in_transaction:
                raise ProgrammingError(
                    "Cannot open a new connection in an atomic block."
                )
            with self.wrap_database_errors:
>               self.connect()

..\..\..\AppData\Roaming\Python\Python313\site-packages\django\db\backends\base\base.py:279: 
_ _ _ _ _ _ _ _ _ _ _ _ _ _ _ _ _ _ _ _ _ _ _ _ _ _ _ _ _ _ _ _ _ _ _ _ _ _ _ _
..\..\..\AppData\Roaming\Python\Python313\site-packages\django\utils\asyncio.py:26: in inner
    return func(*args, **kwargs)
..\..\..\AppData\Roaming\Python\Python313\site-packages\django\db\backends\base\base.py:256: in connect
    self.connection = self.get_new_connection(conn_params)
..\..\..\AppData\Roaming\Python\Python313\site-packages\django\utils\asyncio.py:26: in inner
    return func(*args, **kwargs)
..\..\..\AppData\Roaming\Python\Python313\site-packages\django\db\backends\postgresql\base.py:332: in get_new_connection
    connection = self.Database.connect(**conn_params)
_ _ _ _ _ _ _ _ _ _ _ _ _ _ _ _ _ _ _ _ _ _ _ _ _ _ _ _ _ _ _ _ _ _ _ _ _ _ _ _

cls = <class 'psycopg.Connection'>
conninfo = 'dbname=ruffles_db client_encoding=UTF8 user=postgres password=postgres host=localhost port=5432 hostaddr=127.0.0.1'
autocommit = False, prepare_threshold = None
context = <psycopg.adapt.AdaptersMap object at 0x000001CEB3E42350>
row_factory = None
cursor_factory = <class 'django.db.backends.postgresql.base.Cursor'>
kwargs = {'client_encoding': 'UTF8', 'dbname': 'ruffles_db', 'host': 'localhost', 'password': 'postgres', ...}
params = {'client_encoding': 'UTF8', 'dbname': 'ruffles_db', 'host': 'localhost', 'password': 'postgres', ...}
timeout = 130

    @classmethod
    def connect(
        cls,
        conninfo: str = "",
        *,
        autocommit: bool = False,
        prepare_threshold: int | None = 5,
        context: AdaptContext | None = None,
        row_factory: RowFactory[Row] | None = None,
        cursor_factory: type[Cursor[Row]] | None = None,
        **kwargs: ConnParam,
    ) -> Self:
        """
        Connect to a database server and return a new `Connection` instance.
        """
    
        params = cls._get_connection_params(conninfo, **kwargs)
        timeout = timeout_from_conninfo(params)
        rv = None
        attempts = conninfo_attempts(params)
        conn_errors: list[tuple[e.Error, str]] = []
        for attempt in attempts:
            tdescr = (attempt.get("host"), attempt.get("port"), attempt.get("hostaddr"))
            descr = "host: %r, port: %r, hostaddr: %r" % tdescr
            logger.debug("connection attempt: %s", descr)
            try:
                conninfo = make_conninfo("", **attempt)
                gen = cls._connect_gen(conninfo, timeout=timeout)
                rv = waiting.wait_conn(gen, interval=_WAIT_INTERVAL)
            except e.Error as ex:
                logger.debug("connection failed: %s: %s", descr, str(ex))
                conn_errors.append((ex, descr))
            except e._NO_TRACEBACK as ex:
                raise ex.with_traceback(None)
            else:
                logger.debug("connection succeeded: %s", descr)
                break
    
        if not rv:
            last_ex = conn_errors[-1][0]
            if len(conn_errors) == 1:
                raise last_ex.with_traceback(None)
    
            # Create a new exception with the same type as the last one, containing
            # all attempt errors while preserving backward compatibility.
            lines = [str(last_ex)]
            lines.append("Multiple connection attempts failed. All failures were:")
            lines.extend((f"- {descr}: {error}" for error, descr in conn_errors))
>           raise type(last_ex)("\n".join(lines)).with_traceback(None)
E           psycopg.OperationalError: connection failed: connection to server at "127.0.0.1", port 5432 failed: FATAL:  la autentificaci\ufffdn password fall\ufffd para el usuario \ufffdpostgres\ufffd
E           Multiple connection attempts failed. All failures were:
E           - host: 'localhost', port: '5432', hostaddr: '::1': connection failed: connection to server at "::1", port 5432 failed: FATAL:  la autentificaci\ufffdn password fall\ufffd para el usuario \ufffdpostgres\ufffd
E           - host: 'localhost', port: '5432', hostaddr: '127.0.0.1': connection failed: connection to server at "127.0.0.1", port 5432 failed: FATAL:  la autentificaci\ufffdn password fall\ufffd para el usuario \ufffdpostgres\ufffd

..\..\..\AppData\Roaming\Python\Python313\site-packages\psycopg\connection.py:127: OperationalError

The above exception was the direct cause of the following exception:

request = <SubRequest '_django_db_marker' for <Function test_login_unexpected_server_error>>

    @pytest.fixture(autouse=True)
    def _django_db_marker(request: pytest.FixtureRequest) -> None:
        """Implement the django_db marker, internal to pytest-django."""
        marker = request.node.get_closest_marker("django_db")
        if marker:
>           request.getfixturevalue("_django_db_helper")

..\..\..\AppData\Roaming\Python\Python313\site-packages\pytest_django\plugin.py:527: 
_ _ _ _ _ _ _ _ _ _ _ _ _ _ _ _ _ _ _ _ _ _ _ _ _ _ _ _ _ _ _ _ _ _ _ _ _ _ _ _
..\..\..\AppData\Roaming\Python\Python313\site-packages\pytest_django\fixtures.py:140: in django_db_setup
    db_cfg = setup_databases(
..\..\..\AppData\Roaming\Python\Python313\site-packages\django\test\utils.py:204: in setup_databases
    connection.creation.create_test_db(
..\..\..\AppData\Roaming\Python\Python313\site-packages\django\db\backends\base\creation.py:62: in create_test_db
    self._create_test_db(verbosity, autoclobber, keepdb)
..\..\..\AppData\Roaming\Python\Python313\site-packages\django\db\backends\base\creation.py:202: in _create_test_db
    with self._nodb_cursor() as cursor:
C:\Python313\Lib\contextlib.py:141: in __enter__
    return next(self.gen)
..\..\..\AppData\Roaming\Python\Python313\site-packages\django\db\backends\postgresql\base.py:533: in _nodb_cursor
    with conn.cursor() as cursor:
..\..\..\AppData\Roaming\Python\Python313\site-packages\django\utils\asyncio.py:26: in inner
    return func(*args, **kwargs)
..\..\..\AppData\Roaming\Python\Python313\site-packages\django\db\backends\base\base.py:320: in cursor
    return self._cursor()
..\..\..\AppData\Roaming\Python\Python313\site-packages\django\db\backends\base\base.py:296: in _cursor
    self.ensure_connection()
..\..\..\AppData\Roaming\Python\Python313\site-packages\django\utils\asyncio.py:26: in inner
    return func(*args, **kwargs)
..\..\..\AppData\Roaming\Python\Python313\site-packages\django\db\backends\base\base.py:278: in ensure_connection
    with self.wrap_database_errors:
..\..\..\AppData\Roaming\Python\Python313\site-packages\django\db\utils.py:91: in __exit__
    raise dj_exc_value.with_traceback(traceback) from exc_value
..\..\..\AppData\Roaming\Python\Python313\site-packages\django\db\backends\base\base.py:279: in ensure_connection
    self.connect()
..\..\..\AppData\Roaming\Python\Python313\site-packages\django\utils\asyncio.py:26: in inner
    return func(*args, **kwargs)
..\..\..\AppData\Roaming\Python\Python313\site-packages\django\db\backends\base\base.py:256: in connect
    self.connection = self.get_new_connection(conn_params)
..\..\..\AppData\Roaming\Python\Python313\site-packages\django\utils\asyncio.py:26: in inner
    return func(*args, **kwargs)
..\..\..\AppData\Roaming\Python\Python313\site-packages\django\db\backends\postgresql\base.py:332: in get_new_connection
    connection = self.Database.connect(**conn_params)
_ _ _ _ _ _ _ _ _ _ _ _ _ _ _ _ _ _ _ _ _ _ _ _ _ _ _ _ _ _ _ _ _ _ _ _ _ _ _ _

cls = <class 'psycopg.Connection'>
conninfo = 'dbname=ruffles_db client_encoding=UTF8 user=postgres password=postgres host=localhost port=5432 hostaddr=127.0.0.1'
autocommit = False, prepare_threshold = None
context = <psycopg.adapt.AdaptersMap object at 0x000001CEB3E42350>
row_factory = None
cursor_factory = <class 'django.db.backends.postgresql.base.Cursor'>
kwargs = {'client_encoding': 'UTF8', 'dbname': 'ruffles_db', 'host': 'localhost', 'password': 'postgres', ...}
params = {'client_encoding': 'UTF8', 'dbname': 'ruffles_db', 'host': 'localhost', 'password': 'postgres', ...}
timeout = 130

    @classmethod
    def connect(
        cls,
        conninfo: str = "",
        *,
        autocommit: bool = False,
        prepare_threshold: int | None = 5,
        context: AdaptContext | None = None,
        row_factory: RowFactory[Row] | None = None,
        cursor_factory: type[Cursor[Row]] | None = None,
        **kwargs: ConnParam,
    ) -> Self:
        """
        Connect to a database server and return a new `Connection` instance.
        """
    
        params = cls._get_connection_params(conninfo, **kwargs)
        timeout = timeout_from_conninfo(params)
        rv = None
        attempts = conninfo_attempts(params)
        conn_errors: list[tuple[e.Error, str]] = []
        for attempt in attempts:
            tdescr = (attempt.get("host"), attempt.get("port"), attempt.get("hostaddr"))
            descr = "host: %r, port: %r, hostaddr: %r" % tdescr
            logger.debug("connection attempt: %s", descr)
            try:
                conninfo = make_conninfo("", **attempt)
                gen = cls._connect_gen(conninfo, timeout=timeout)
                rv = waiting.wait_conn(gen, interval=_WAIT_INTERVAL)
            except e.Error as ex:
                logger.debug("connection failed: %s: %s", descr, str(ex))
                conn_errors.append((ex, descr))
            except e._NO_TRACEBACK as ex:
                raise ex.with_traceback(None)
            else:
                logger.debug("connection succeeded: %s", descr)
                break
    
        if not rv:
            last_ex = conn_errors[-1][0]
            if len(conn_errors) == 1:
                raise last_ex.with_traceback(None)
    
            # Create a new exception with the same type as the last one, containing
            # all attempt errors while preserving backward compatibility.
            lines = [str(last_ex)]
            lines.append("Multiple connection attempts failed. All failures were:")
            lines.extend((f"- {descr}: {error}" for error, descr in conn_errors))
>           raise type(last_ex)("\n".join(lines)).with_traceback(None)
E           django.db.utils.OperationalError: connection failed: connection to server at "127.0.0.1", port 5432 failed: FATAL:  la autentificaci\ufffdn password fall\ufffd para el usuario \ufffdpostgres\ufffd
E           Multiple connection attempts failed. All failures were:
E           - host: 'localhost', port: '5432', hostaddr: '::1': connection failed: connection to server at "::1", port 5432 failed: FATAL:  la autentificaci\ufffdn password fall\ufffd para el usuario \ufffdpostgres\ufffd
E           - host: 'localhost', port: '5432', hostaddr: '127.0.0.1': connection failed: connection to server at "127.0.0.1", port 5432 failed: FATAL:  la autentificaci\ufffdn password fall\ufffd para el usuario \ufffdpostgres\ufffd

..\..\..\AppData\Roaming\Python\Python313\site-packages\psycopg\connection.py:127: OperationalError
______________ ERROR at setup of test_login_extra_fields_ignored ______________

self = <DatabaseWrapper vendor='postgresql' alias='__no_db__'>

    @async_unsafe
    def ensure_connection(self):
        """Guarantee that a connection to the database is established."""
        if self.connection is None:
            if self.in_atomic_block and self.closed_in_transaction:
                raise ProgrammingError(
                    "Cannot open a new connection in an atomic block."
                )
            with self.wrap_database_errors:
>               self.connect()

..\..\..\AppData\Roaming\Python\Python313\site-packages\django\db\backends\base\base.py:279: 
_ _ _ _ _ _ _ _ _ _ _ _ _ _ _ _ _ _ _ _ _ _ _ _ _ _ _ _ _ _ _ _ _ _ _ _ _ _ _ _
..\..\..\AppData\Roaming\Python\Python313\site-packages\django\utils\asyncio.py:26: in inner
    return func(*args, **kwargs)
..\..\..\AppData\Roaming\Python\Python313\site-packages\django\db\backends\base\base.py:256: in connect
    self.connection = self.get_new_connection(conn_params)
..\..\..\AppData\Roaming\Python\Python313\site-packages\django\utils\asyncio.py:26: in inner
    return func(*args, **kwargs)
..\..\..\AppData\Roaming\Python\Python313\site-packages\django\db\backends\postgresql\base.py:332: in get_new_connection
    connection = self.Database.connect(**conn_params)
_ _ _ _ _ _ _ _ _ _ _ _ _ _ _ _ _ _ _ _ _ _ _ _ _ _ _ _ _ _ _ _ _ _ _ _ _ _ _ _

cls = <class 'psycopg.Connection'>
conninfo = 'dbname=postgres client_encoding=UTF8 user=postgres password=postgres host=localhost port=5432 hostaddr=127.0.0.1'
autocommit = False, prepare_threshold = None
context = <psycopg.adapt.AdaptersMap object at 0x000001CEB3E42350>
row_factory = None
cursor_factory = <class 'django.db.backends.postgresql.base.Cursor'>
kwargs = {'client_encoding': 'UTF8', 'dbname': 'postgres', 'host': 'localhost', 'password': 'postgres', ...}
params = {'client_encoding': 'UTF8', 'dbname': 'postgres', 'host': 'localhost', 'password': 'postgres', ...}
timeout = 130

    @classmethod
    def connect(
        cls,
        conninfo: str = "",
        *,
        autocommit: bool = False,
        prepare_threshold: int | None = 5,
        context: AdaptContext | None = None,
        row_factory: RowFactory[Row] | None = None,
        cursor_factory: type[Cursor[Row]] | None = None,
        **kwargs: ConnParam,
    ) -> Self:
        """
        Connect to a database server and return a new `Connection` instance.
        """
    
        params = cls._get_connection_params(conninfo, **kwargs)
        timeout = timeout_from_conninfo(params)
        rv = None
        attempts = conninfo_attempts(params)
        conn_errors: list[tuple[e.Error, str]] = []
        for attempt in attempts:
            tdescr = (attempt.get("host"), attempt.get("port"), attempt.get("hostaddr"))
            descr = "host: %r, port: %r, hostaddr: %r" % tdescr
            logger.debug("connection attempt: %s", descr)
            try:
                conninfo = make_conninfo("", **attempt)
                gen = cls._connect_gen(conninfo, timeout=timeout)
                rv = waiting.wait_conn(gen, interval=_WAIT_INTERVAL)
            except e.Error as ex:
                logger.debug("connection failed: %s: %s", descr, str(ex))
                conn_errors.append((ex, descr))
            except e._NO_TRACEBACK as ex:
                raise ex.with_traceback(None)
            else:
                logger.debug("connection succeeded: %s", descr)
                break
    
        if not rv:
            last_ex = conn_errors[-1][0]
            if len(conn_errors) == 1:
                raise last_ex.with_traceback(None)
    
            # Create a new exception with the same type as the last one, containing
            # all attempt errors while preserving backward compatibility.
            lines = [str(last_ex)]
            lines.append("Multiple connection attempts failed. All failures were:")
            lines.extend((f"- {descr}: {error}" for error, descr in conn_errors))
>           raise type(last_ex)("\n".join(lines)).with_traceback(None)
E           psycopg.OperationalError: connection failed: connection to server at "127.0.0.1", port 5432 failed: FATAL:  la autentificaci\ufffdn password fall\ufffd para el usuario \ufffdpostgres\ufffd
E           Multiple connection attempts failed. All failures were:
E           - host: 'localhost', port: '5432', hostaddr: '::1': connection failed: connection to server at "::1", port 5432 failed: FATAL:  la autentificaci\ufffdn password fall\ufffd para el usuario \ufffdpostgres\ufffd
E           - host: 'localhost', port: '5432', hostaddr: '127.0.0.1': connection failed: connection to server at "127.0.0.1", port 5432 failed: FATAL:  la autentificaci\ufffdn password fall\ufffd para el usuario \ufffdpostgres\ufffd

..\..\..\AppData\Roaming\Python\Python313\site-packages\psycopg\connection.py:127: OperationalError

The above exception was the direct cause of the following exception:

self = <DatabaseWrapper vendor='postgresql' alias='default'>

    @contextmanager
    def _nodb_cursor(self):
        cursor = None
        try:
>           with super()._nodb_cursor() as cursor:

..\..\..\AppData\Roaming\Python\Python313\site-packages\django\db\backends\postgresql\base.py:507: 
_ _ _ _ _ _ _ _ _ _ _ _ _ _ _ _ _ _ _ _ _ _ _ _ _ _ _ _ _ _ _ _ _ _ _ _ _ _ _ _
C:\Python313\Lib\contextlib.py:141: in __enter__
    return next(self.gen)
..\..\..\AppData\Roaming\Python\Python313\site-packages\django\db\backends\base\base.py:712: in _nodb_cursor
    with conn.cursor() as cursor:
..\..\..\AppData\Roaming\Python\Python313\site-packages\django\utils\asyncio.py:26: in inner
    return func(*args, **kwargs)
..\..\..\AppData\Roaming\Python\Python313\site-packages\django\db\backends\base\base.py:320: in cursor
    return self._cursor()
..\..\..\AppData\Roaming\Python\Python313\site-packages\django\db\backends\base\base.py:296: in _cursor
    self.ensure_connection()
..\..\..\AppData\Roaming\Python\Python313\site-packages\django\utils\asyncio.py:26: in inner
    return func(*args, **kwargs)
..\..\..\AppData\Roaming\Python\Python313\site-packages\django\db\backends\base\base.py:278: in ensure_connection
    with self.wrap_database_errors:
..\..\..\AppData\Roaming\Python\Python313\site-packages\django\db\utils.py:91: in __exit__
    raise dj_exc_value.with_traceback(traceback) from exc_value
..\..\..\AppData\Roaming\Python\Python313\site-packages\django\db\backends\base\base.py:279: in ensure_connection
    self.connect()
..\..\..\AppData\Roaming\Python\Python313\site-packages\django\utils\asyncio.py:26: in inner
    return func(*args, **kwargs)
..\..\..\AppData\Roaming\Python\Python313\site-packages\django\db\backends\base\base.py:256: in connect
    self.connection = self.get_new_connection(conn_params)
..\..\..\AppData\Roaming\Python\Python313\site-packages\django\utils\asyncio.py:26: in inner
    return func(*args, **kwargs)
..\..\..\AppData\Roaming\Python\Python313\site-packages\django\db\backends\postgresql\base.py:332: in get_new_connection
    connection = self.Database.connect(**conn_params)
_ _ _ _ _ _ _ _ _ _ _ _ _ _ _ _ _ _ _ _ _ _ _ _ _ _ _ _ _ _ _ _ _ _ _ _ _ _ _ _

cls = <class 'psycopg.Connection'>
conninfo = 'dbname=postgres client_encoding=UTF8 user=postgres password=postgres host=localhost port=5432 hostaddr=127.0.0.1'
autocommit = False, prepare_threshold = None
context = <psycopg.adapt.AdaptersMap object at 0x000001CEB3E42350>
row_factory = None
cursor_factory = <class 'django.db.backends.postgresql.base.Cursor'>
kwargs = {'client_encoding': 'UTF8', 'dbname': 'postgres', 'host': 'localhost', 'password': 'postgres', ...}
params = {'client_encoding': 'UTF8', 'dbname': 'postgres', 'host': 'localhost', 'password': 'postgres', ...}
timeout = 130

    @classmethod
    def connect(
        cls,
        conninfo: str = "",
        *,
        autocommit: bool = False,
        prepare_threshold: int | None = 5,
        context: AdaptContext | None = None,
        row_factory: RowFactory[Row] | None = None,
        cursor_factory: type[Cursor[Row]] | None = None,
        **kwargs: ConnParam,
    ) -> Self:
        """
        Connect to a database server and return a new `Connection` instance.
        """
    
        params = cls._get_connection_params(conninfo, **kwargs)
        timeout = timeout_from_conninfo(params)
        rv = None
        attempts = conninfo_attempts(params)
        conn_errors: list[tuple[e.Error, str]] = []
        for attempt in attempts:
            tdescr = (attempt.get("host"), attempt.get("port"), attempt.get("hostaddr"))
            descr = "host: %r, port: %r, hostaddr: %r" % tdescr
            logger.debug("connection attempt: %s", descr)
            try:
                conninfo = make_conninfo("", **attempt)
                gen = cls._connect_gen(conninfo, timeout=timeout)
                rv = waiting.wait_conn(gen, interval=_WAIT_INTERVAL)
            except e.Error as ex:
                logger.debug("connection failed: %s: %s", descr, str(ex))
                conn_errors.append((ex, descr))
            except e._NO_TRACEBACK as ex:
                raise ex.with_traceback(None)
            else:
                logger.debug("connection succeeded: %s", descr)
                break
    
        if not rv:
            last_ex = conn_errors[-1][0]
            if len(conn_errors) == 1:
                raise last_ex.with_traceback(None)
    
            # Create a new exception with the same type as the last one, containing
            # all attempt errors while preserving backward compatibility.
            lines = [str(last_ex)]
            lines.append("Multiple connection attempts failed. All failures were:")
            lines.extend((f"- {descr}: {error}" for error, descr in conn_errors))
>           raise type(last_ex)("\n".join(lines)).with_traceback(None)
E           django.db.utils.OperationalError: connection failed: connection to server at "127.0.0.1", port 5432 failed: FATAL:  la autentificaci\ufffdn password fall\ufffd para el usuario \ufffdpostgres\ufffd
E           Multiple connection attempts failed. All failures were:
E           - host: 'localhost', port: '5432', hostaddr: '::1': connection failed: connection to server at "::1", port 5432 failed: FATAL:  la autentificaci\ufffdn password fall\ufffd para el usuario \ufffdpostgres\ufffd
E           - host: 'localhost', port: '5432', hostaddr: '127.0.0.1': connection failed: connection to server at "127.0.0.1", port 5432 failed: FATAL:  la autentificaci\ufffdn password fall\ufffd para el usuario \ufffdpostgres\ufffd

..\..\..\AppData\Roaming\Python\Python313\site-packages\psycopg\connection.py:127: OperationalError

During handling of the above exception, another exception occurred:

self = <DatabaseWrapper vendor='postgresql' alias='default'>

    @async_unsafe
    def ensure_connection(self):
        """Guarantee that a connection to the database is established."""
        if self.connection is None:
            if self.in_atomic_block and self.closed_in_transaction:
                raise ProgrammingError(
                    "Cannot open a new connection in an atomic block."
                )
            with self.wrap_database_errors:
>               self.connect()

..\..\..\AppData\Roaming\Python\Python313\site-packages\django\db\backends\base\base.py:279: 
_ _ _ _ _ _ _ _ _ _ _ _ _ _ _ _ _ _ _ _ _ _ _ _ _ _ _ _ _ _ _ _ _ _ _ _ _ _ _ _
..\..\..\AppData\Roaming\Python\Python313\site-packages\django\utils\asyncio.py:26: in inner
    return func(*args, **kwargs)
..\..\..\AppData\Roaming\Python\Python313\site-packages\django\db\backends\base\base.py:256: in connect
    self.connection = self.get_new_connection(conn_params)
..\..\..\AppData\Roaming\Python\Python313\site-packages\django\utils\asyncio.py:26: in inner
    return func(*args, **kwargs)
..\..\..\AppData\Roaming\Python\Python313\site-packages\django\db\backends\postgresql\base.py:332: in get_new_connection
    connection = self.Database.connect(**conn_params)
_ _ _ _ _ _ _ _ _ _ _ _ _ _ _ _ _ _ _ _ _ _ _ _ _ _ _ _ _ _ _ _ _ _ _ _ _ _ _ _

cls = <class 'psycopg.Connection'>
conninfo = 'dbname=ruffles_db client_encoding=UTF8 user=postgres password=postgres host=localhost port=5432 hostaddr=127.0.0.1'
autocommit = False, prepare_threshold = None
context = <psycopg.adapt.AdaptersMap object at 0x000001CEB3E42350>
row_factory = None
cursor_factory = <class 'django.db.backends.postgresql.base.Cursor'>
kwargs = {'client_encoding': 'UTF8', 'dbname': 'ruffles_db', 'host': 'localhost', 'password': 'postgres', ...}
params = {'client_encoding': 'UTF8', 'dbname': 'ruffles_db', 'host': 'localhost', 'password': 'postgres', ...}
timeout = 130

    @classmethod
    def connect(
        cls,
        conninfo: str = "",
        *,
        autocommit: bool = False,
        prepare_threshold: int | None = 5,
        context: AdaptContext | None = None,
        row_factory: RowFactory[Row] | None = None,
        cursor_factory: type[Cursor[Row]] | None = None,
        **kwargs: ConnParam,
    ) -> Self:
        """
        Connect to a database server and return a new `Connection` instance.
        """
    
        params = cls._get_connection_params(conninfo, **kwargs)
        timeout = timeout_from_conninfo(params)
        rv = None
        attempts = conninfo_attempts(params)
        conn_errors: list[tuple[e.Error, str]] = []
        for attempt in attempts:
            tdescr = (attempt.get("host"), attempt.get("port"), attempt.get("hostaddr"))
            descr = "host: %r, port: %r, hostaddr: %r" % tdescr
            logger.debug("connection attempt: %s", descr)
            try:
                conninfo = make_conninfo("", **attempt)
                gen = cls._connect_gen(conninfo, timeout=timeout)
                rv = waiting.wait_conn(gen, interval=_WAIT_INTERVAL)
            except e.Error as ex:
                logger.debug("connection failed: %s: %s", descr, str(ex))
                conn_errors.append((ex, descr))
            except e._NO_TRACEBACK as ex:
                raise ex.with_traceback(None)
            else:
                logger.debug("connection succeeded: %s", descr)
                break
    
        if not rv:
            last_ex = conn_errors[-1][0]
            if len(conn_errors) == 1:
                raise last_ex.with_traceback(None)
    
            # Create a new exception with the same type as the last one, containing
            # all attempt errors while preserving backward compatibility.
            lines = [str(last_ex)]
            lines.append("Multiple connection attempts failed. All failures were:")
            lines.extend((f"- {descr}: {error}" for error, descr in conn_errors))
>           raise type(last_ex)("\n".join(lines)).with_traceback(None)
E           psycopg.OperationalError: connection failed: connection to server at "127.0.0.1", port 5432 failed: FATAL:  la autentificaci\ufffdn password fall\ufffd para el usuario \ufffdpostgres\ufffd
E           Multiple connection attempts failed. All failures were:
E           - host: 'localhost', port: '5432', hostaddr: '::1': connection failed: connection to server at "::1", port 5432 failed: FATAL:  la autentificaci\ufffdn password fall\ufffd para el usuario \ufffdpostgres\ufffd
E           - host: 'localhost', port: '5432', hostaddr: '127.0.0.1': connection failed: connection to server at "127.0.0.1", port 5432 failed: FATAL:  la autentificaci\ufffdn password fall\ufffd para el usuario \ufffdpostgres\ufffd

..\..\..\AppData\Roaming\Python\Python313\site-packages\psycopg\connection.py:127: OperationalError

The above exception was the direct cause of the following exception:

request = <SubRequest 'django_db_setup' for <Function test_login_success_returns_jwt>>
django_test_environment = None
django_db_blocker = <pytest_django.plugin.DjangoDbBlocker object at 0x000001CEB17F0050>
django_db_use_migrations = True, django_db_keepdb = False
django_db_createdb = False, django_db_modify_db_settings = None

    @pytest.fixture(scope="session")
    def django_db_setup(
        request: pytest.FixtureRequest,
        django_test_environment: None,
        django_db_blocker: DjangoDbBlocker,
        django_db_use_migrations: bool,
        django_db_keepdb: bool,
        django_db_createdb: bool,
        django_db_modify_db_settings: None,
    ) -> Generator[None, None, None]:
        """Top level fixture to ensure test databases are available"""
        from django.test.utils import setup_databases, teardown_databases
    
        setup_databases_args = {}
    
        if not django_db_use_migrations:
            _disable_migrations()
    
        if django_db_keepdb and not django_db_createdb:
            setup_databases_args["keepdb"] = True
    
        with django_db_blocker.unblock():
>           db_cfg = setup_databases(
                verbosity=request.config.option.verbose,
                interactive=False,
                **setup_databases_args,
            )

..\..\..\AppData\Roaming\Python\Python313\site-packages\pytest_django\fixtures.py:140: 
_ _ _ _ _ _ _ _ _ _ _ _ _ _ _ _ _ _ _ _ _ _ _ _ _ _ _ _ _ _ _ _ _ _ _ _ _ _ _ _
..\..\..\AppData\Roaming\Python\Python313\site-packages\django\test\utils.py:204: in setup_databases
    connection.creation.create_test_db(
..\..\..\AppData\Roaming\Python\Python313\site-packages\django\db\backends\base\creation.py:62: in create_test_db
    self._create_test_db(verbosity, autoclobber, keepdb)
..\..\..\AppData\Roaming\Python\Python313\site-packages\django\db\backends\base\creation.py:202: in _create_test_db
    with self._nodb_cursor() as cursor:
C:\Python313\Lib\contextlib.py:141: in __enter__
    return next(self.gen)
..\..\..\AppData\Roaming\Python\Python313\site-packages\django\db\backends\postgresql\base.py:533: in _nodb_cursor
    with conn.cursor() as cursor:
..\..\..\AppData\Roaming\Python\Python313\site-packages\django\utils\asyncio.py:26: in inner
    return func(*args, **kwargs)
..\..\..\AppData\Roaming\Python\Python313\site-packages\django\db\backends\base\base.py:320: in cursor
    return self._cursor()
..\..\..\AppData\Roaming\Python\Python313\site-packages\django\db\backends\base\base.py:296: in _cursor
    self.ensure_connection()
..\..\..\AppData\Roaming\Python\Python313\site-packages\django\utils\asyncio.py:26: in inner
    return func(*args, **kwargs)
..\..\..\AppData\Roaming\Python\Python313\site-packages\django\db\backends\base\base.py:278: in ensure_connection
    with self.wrap_database_errors:
..\..\..\AppData\Roaming\Python\Python313\site-packages\django\db\utils.py:91: in __exit__
    raise dj_exc_value.with_traceback(traceback) from exc_value
..\..\..\AppData\Roaming\Python\Python313\site-packages\django\db\backends\base\base.py:279: in ensure_connection
    self.connect()
..\..\..\AppData\Roaming\Python\Python313\site-packages\django\utils\asyncio.py:26: in inner
    return func(*args, **kwargs)
..\..\..\AppData\Roaming\Python\Python313\site-packages\django\db\backends\base\base.py:256: in connect
    self.connection = self.get_new_connection(conn_params)
..\..\..\AppData\Roaming\Python\Python313\site-packages\django\utils\asyncio.py:26: in inner
    return func(*args, **kwargs)
..\..\..\AppData\Roaming\Python\Python313\site-packages\django\db\backends\postgresql\base.py:332: in get_new_connection
    connection = self.Database.connect(**conn_params)
_ _ _ _ _ _ _ _ _ _ _ _ _ _ _ _ _ _ _ _ _ _ _ _ _ _ _ _ _ _ _ _ _ _ _ _ _ _ _ _

cls = <class 'psycopg.Connection'>
conninfo = 'dbname=ruffles_db client_encoding=UTF8 user=postgres password=postgres host=localhost port=5432 hostaddr=127.0.0.1'
autocommit = False, prepare_threshold = None
context = <psycopg.adapt.AdaptersMap object at 0x000001CEB3E42350>
row_factory = None
cursor_factory = <class 'django.db.backends.postgresql.base.Cursor'>
kwargs = {'client_encoding': 'UTF8', 'dbname': 'ruffles_db', 'host': 'localhost', 'password': 'postgres', ...}
params = {'client_encoding': 'UTF8', 'dbname': 'ruffles_db', 'host': 'localhost', 'password': 'postgres', ...}
timeout = 130

    @classmethod
    def connect(
        cls,
        conninfo: str = "",
        *,
        autocommit: bool = False,
        prepare_threshold: int | None = 5,
        context: AdaptContext | None = None,
        row_factory: RowFactory[Row] | None = None,
        cursor_factory: type[Cursor[Row]] | None = None,
        **kwargs: ConnParam,
    ) -> Self:
        """
        Connect to a database server and return a new `Connection` instance.
        """
    
        params = cls._get_connection_params(conninfo, **kwargs)
        timeout = timeout_from_conninfo(params)
        rv = None
        attempts = conninfo_attempts(params)
        conn_errors: list[tuple[e.Error, str]] = []
        for attempt in attempts:
            tdescr = (attempt.get("host"), attempt.get("port"), attempt.get("hostaddr"))
            descr = "host: %r, port: %r, hostaddr: %r" % tdescr
            logger.debug("connection attempt: %s", descr)
            try:
                conninfo = make_conninfo("", **attempt)
                gen = cls._connect_gen(conninfo, timeout=timeout)
                rv = waiting.wait_conn(gen, interval=_WAIT_INTERVAL)
            except e.Error as ex:
                logger.debug("connection failed: %s: %s", descr, str(ex))
                conn_errors.append((ex, descr))
            except e._NO_TRACEBACK as ex:
                raise ex.with_traceback(None)
            else:
                logger.debug("connection succeeded: %s", descr)
                break
    
        if not rv:
            last_ex = conn_errors[-1][0]
            if len(conn_errors) == 1:
                raise last_ex.with_traceback(None)
    
            # Create a new exception with the same type as the last one, containing
            # all attempt errors while preserving backward compatibility.
            lines = [str(last_ex)]
            lines.append("Multiple connection attempts failed. All failures were:")
            lines.extend((f"- {descr}: {error}" for error, descr in conn_errors))
>           raise type(last_ex)("\n".join(lines)).with_traceback(None)
E           django.db.utils.OperationalError: connection failed: connection to server at "127.0.0.1", port 5432 failed: FATAL:  la autentificaci\ufffdn password fall\ufffd para el usuario \ufffdpostgres\ufffd
E           Multiple connection attempts failed. All failures were:
E           - host: 'localhost', port: '5432', hostaddr: '::1': connection failed: connection to server at "::1", port 5432 failed: FATAL:  la autentificaci\ufffdn password fall\ufffd para el usuario \ufffdpostgres\ufffd
E           - host: 'localhost', port: '5432', hostaddr: '127.0.0.1': connection failed: connection to server at "127.0.0.1", port 5432 failed: FATAL:  la autentificaci\ufffdn password fall\ufffd para el usuario \ufffdpostgres\ufffd

..\..\..\AppData\Roaming\Python\Python313\site-packages\psycopg\connection.py:127: OperationalError
__________________ ERROR at setup of test_login_blocked_user __________________

self = <DatabaseWrapper vendor='postgresql' alias='__no_db__'>

    @async_unsafe
    def ensure_connection(self):
        """Guarantee that a connection to the database is established."""
        if self.connection is None:
            if self.in_atomic_block and self.closed_in_transaction:
                raise ProgrammingError(
                    "Cannot open a new connection in an atomic block."
                )
            with self.wrap_database_errors:
>               self.connect()

..\..\..\AppData\Roaming\Python\Python313\site-packages\django\db\backends\base\base.py:279: 
_ _ _ _ _ _ _ _ _ _ _ _ _ _ _ _ _ _ _ _ _ _ _ _ _ _ _ _ _ _ _ _ _ _ _ _ _ _ _ _
..\..\..\AppData\Roaming\Python\Python313\site-packages\django\utils\asyncio.py:26: in inner
    return func(*args, **kwargs)
..\..\..\AppData\Roaming\Python\Python313\site-packages\django\db\backends\base\base.py:256: in connect
    self.connection = self.get_new_connection(conn_params)
..\..\..\AppData\Roaming\Python\Python313\site-packages\django\utils\asyncio.py:26: in inner
    return func(*args, **kwargs)
..\..\..\AppData\Roaming\Python\Python313\site-packages\django\db\backends\postgresql\base.py:332: in get_new_connection
    connection = self.Database.connect(**conn_params)
_ _ _ _ _ _ _ _ _ _ _ _ _ _ _ _ _ _ _ _ _ _ _ _ _ _ _ _ _ _ _ _ _ _ _ _ _ _ _ _

cls = <class 'psycopg.Connection'>
conninfo = 'dbname=postgres client_encoding=UTF8 user=postgres password=postgres host=localhost port=5432 hostaddr=127.0.0.1'
autocommit = False, prepare_threshold = None
context = <psycopg.adapt.AdaptersMap object at 0x000001CEB3E42350>
row_factory = None
cursor_factory = <class 'django.db.backends.postgresql.base.Cursor'>
kwargs = {'client_encoding': 'UTF8', 'dbname': 'postgres', 'host': 'localhost', 'password': 'postgres', ...}
params = {'client_encoding': 'UTF8', 'dbname': 'postgres', 'host': 'localhost', 'password': 'postgres', ...}
timeout = 130

    @classmethod
    def connect(
        cls,
        conninfo: str = "",
        *,
        autocommit: bool = False,
        prepare_threshold: int | None = 5,
        context: AdaptContext | None = None,
        row_factory: RowFactory[Row] | None = None,
        cursor_factory: type[Cursor[Row]] | None = None,
        **kwargs: ConnParam,
    ) -> Self:
        """
        Connect to a database server and return a new `Connection` instance.
        """
    
        params = cls._get_connection_params(conninfo, **kwargs)
        timeout = timeout_from_conninfo(params)
        rv = None
        attempts = conninfo_attempts(params)
        conn_errors: list[tuple[e.Error, str]] = []
        for attempt in attempts:
            tdescr = (attempt.get("host"), attempt.get("port"), attempt.get("hostaddr"))
            descr = "host: %r, port: %r, hostaddr: %r" % tdescr
            logger.debug("connection attempt: %s", descr)
            try:
                conninfo = make_conninfo("", **attempt)
                gen = cls._connect_gen(conninfo, timeout=timeout)
                rv = waiting.wait_conn(gen, interval=_WAIT_INTERVAL)
            except e.Error as ex:
                logger.debug("connection failed: %s: %s", descr, str(ex))
                conn_errors.append((ex, descr))
            except e._NO_TRACEBACK as ex:
                raise ex.with_traceback(None)
            else:
                logger.debug("connection succeeded: %s", descr)
                break
    
        if not rv:
            last_ex = conn_errors[-1][0]
            if len(conn_errors) == 1:
                raise last_ex.with_traceback(None)
    
            # Create a new exception with the same type as the last one, containing
            # all attempt errors while preserving backward compatibility.
            lines = [str(last_ex)]
            lines.append("Multiple connection attempts failed. All failures were:")
            lines.extend((f"- {descr}: {error}" for error, descr in conn_errors))
>           raise type(last_ex)("\n".join(lines)).with_traceback(None)
E           psycopg.OperationalError: connection failed: connection to server at "127.0.0.1", port 5432 failed: FATAL:  la autentificaci\ufffdn password fall\ufffd para el usuario \ufffdpostgres\ufffd
E           Multiple connection attempts failed. All failures were:
E           - host: 'localhost', port: '5432', hostaddr: '::1': connection failed: connection to server at "::1", port 5432 failed: FATAL:  la autentificaci\ufffdn password fall\ufffd para el usuario \ufffdpostgres\ufffd
E           - host: 'localhost', port: '5432', hostaddr: '127.0.0.1': connection failed: connection to server at "127.0.0.1", port 5432 failed: FATAL:  la autentificaci\ufffdn password fall\ufffd para el usuario \ufffdpostgres\ufffd

..\..\..\AppData\Roaming\Python\Python313\site-packages\psycopg\connection.py:127: OperationalError

The above exception was the direct cause of the following exception:

self = <DatabaseWrapper vendor='postgresql' alias='default'>

    @contextmanager
    def _nodb_cursor(self):
        cursor = None
        try:
>           with super()._nodb_cursor() as cursor:

..\..\..\AppData\Roaming\Python\Python313\site-packages\django\db\backends\postgresql\base.py:507: 
_ _ _ _ _ _ _ _ _ _ _ _ _ _ _ _ _ _ _ _ _ _ _ _ _ _ _ _ _ _ _ _ _ _ _ _ _ _ _ _
C:\Python313\Lib\contextlib.py:141: in __enter__
    return next(self.gen)
..\..\..\AppData\Roaming\Python\Python313\site-packages\django\db\backends\base\base.py:712: in _nodb_cursor
    with conn.cursor() as cursor:
..\..\..\AppData\Roaming\Python\Python313\site-packages\django\utils\asyncio.py:26: in inner
    return func(*args, **kwargs)
..\..\..\AppData\Roaming\Python\Python313\site-packages\django\db\backends\base\base.py:320: in cursor
    return self._cursor()
..\..\..\AppData\Roaming\Python\Python313\site-packages\django\db\backends\base\base.py:296: in _cursor
    self.ensure_connection()
..\..\..\AppData\Roaming\Python\Python313\site-packages\django\utils\asyncio.py:26: in inner
    return func(*args, **kwargs)
..\..\..\AppData\Roaming\Python\Python313\site-packages\django\db\backends\base\base.py:278: in ensure_connection
    with self.wrap_database_errors:
..\..\..\AppData\Roaming\Python\Python313\site-packages\django\db\utils.py:91: in __exit__
    raise dj_exc_value.with_traceback(traceback) from exc_value
..\..\..\AppData\Roaming\Python\Python313\site-packages\django\db\backends\base\base.py:279: in ensure_connection
    self.connect()
..\..\..\AppData\Roaming\Python\Python313\site-packages\django\utils\asyncio.py:26: in inner
    return func(*args, **kwargs)
..\..\..\AppData\Roaming\Python\Python313\site-packages\django\db\backends\base\base.py:256: in connect
    self.connection = self.get_new_connection(conn_params)
..\..\..\AppData\Roaming\Python\Python313\site-packages\django\utils\asyncio.py:26: in inner
    return func(*args, **kwargs)
..\..\..\AppData\Roaming\Python\Python313\site-packages\django\db\backends\postgresql\base.py:332: in get_new_connection
    connection = self.Database.connect(**conn_params)
_ _ _ _ _ _ _ _ _ _ _ _ _ _ _ _ _ _ _ _ _ _ _ _ _ _ _ _ _ _ _ _ _ _ _ _ _ _ _ _

cls = <class 'psycopg.Connection'>
conninfo = 'dbname=postgres client_encoding=UTF8 user=postgres password=postgres host=localhost port=5432 hostaddr=127.0.0.1'
autocommit = False, prepare_threshold = None
context = <psycopg.adapt.AdaptersMap object at 0x000001CEB3E42350>
row_factory = None
cursor_factory = <class 'django.db.backends.postgresql.base.Cursor'>
kwargs = {'client_encoding': 'UTF8', 'dbname': 'postgres', 'host': 'localhost', 'password': 'postgres', ...}
params = {'client_encoding': 'UTF8', 'dbname': 'postgres', 'host': 'localhost', 'password': 'postgres', ...}
timeout = 130

    @classmethod
    def connect(
        cls,
        conninfo: str = "",
        *,
        autocommit: bool = False,
        prepare_threshold: int | None = 5,
        context: AdaptContext | None = None,
        row_factory: RowFactory[Row] | None = None,
        cursor_factory: type[Cursor[Row]] | None = None,
        **kwargs: ConnParam,
    ) -> Self:
        """
        Connect to a database server and return a new `Connection` instance.
        """
    
        params = cls._get_connection_params(conninfo, **kwargs)
        timeout = timeout_from_conninfo(params)
        rv = None
        attempts = conninfo_attempts(params)
        conn_errors: list[tuple[e.Error, str]] = []
        for attempt in attempts:
            tdescr = (attempt.get("host"), attempt.get("port"), attempt.get("hostaddr"))
            descr = "host: %r, port: %r, hostaddr: %r" % tdescr
            logger.debug("connection attempt: %s", descr)
            try:
                conninfo = make_conninfo("", **attempt)
                gen = cls._connect_gen(conninfo, timeout=timeout)
                rv = waiting.wait_conn(gen, interval=_WAIT_INTERVAL)
            except e.Error as ex:
                logger.debug("connection failed: %s: %s", descr, str(ex))
                conn_errors.append((ex, descr))
            except e._NO_TRACEBACK as ex:
                raise ex.with_traceback(None)
            else:
                logger.debug("connection succeeded: %s", descr)
                break
    
        if not rv:
            last_ex = conn_errors[-1][0]
            if len(conn_errors) == 1:
                raise last_ex.with_traceback(None)
    
            # Create a new exception with the same type as the last one, containing
            # all attempt errors while preserving backward compatibility.
            lines = [str(last_ex)]
            lines.append("Multiple connection attempts failed. All failures were:")
            lines.extend((f"- {descr}: {error}" for error, descr in conn_errors))
>           raise type(last_ex)("\n".join(lines)).with_traceback(None)
E           django.db.utils.OperationalError: connection failed: connection to server at "127.0.0.1", port 5432 failed: FATAL:  la autentificaci\ufffdn password fall\ufffd para el usuario \ufffdpostgres\ufffd
E           Multiple connection attempts failed. All failures were:
E           - host: 'localhost', port: '5432', hostaddr: '::1': connection failed: connection to server at "::1", port 5432 failed: FATAL:  la autentificaci\ufffdn password fall\ufffd para el usuario \ufffdpostgres\ufffd
E           - host: 'localhost', port: '5432', hostaddr: '127.0.0.1': connection failed: connection to server at "127.0.0.1", port 5432 failed: FATAL:  la autentificaci\ufffdn password fall\ufffd para el usuario \ufffdpostgres\ufffd

..\..\..\AppData\Roaming\Python\Python313\site-packages\psycopg\connection.py:127: OperationalError

During handling of the above exception, another exception occurred:

self = <DatabaseWrapper vendor='postgresql' alias='default'>

    @async_unsafe
    def ensure_connection(self):
        """Guarantee that a connection to the database is established."""
        if self.connection is None:
            if self.in_atomic_block and self.closed_in_transaction:
                raise ProgrammingError(
                    "Cannot open a new connection in an atomic block."
                )
            with self.wrap_database_errors:
>               self.connect()

..\..\..\AppData\Roaming\Python\Python313\site-packages\django\db\backends\base\base.py:279: 
_ _ _ _ _ _ _ _ _ _ _ _ _ _ _ _ _ _ _ _ _ _ _ _ _ _ _ _ _ _ _ _ _ _ _ _ _ _ _ _
..\..\..\AppData\Roaming\Python\Python313\site-packages\django\utils\asyncio.py:26: in inner
    return func(*args, **kwargs)
..\..\..\AppData\Roaming\Python\Python313\site-packages\django\db\backends\base\base.py:256: in connect
    self.connection = self.get_new_connection(conn_params)
..\..\..\AppData\Roaming\Python\Python313\site-packages\django\utils\asyncio.py:26: in inner
    return func(*args, **kwargs)
..\..\..\AppData\Roaming\Python\Python313\site-packages\django\db\backends\postgresql\base.py:332: in get_new_connection
    connection = self.Database.connect(**conn_params)
_ _ _ _ _ _ _ _ _ _ _ _ _ _ _ _ _ _ _ _ _ _ _ _ _ _ _ _ _ _ _ _ _ _ _ _ _ _ _ _

cls = <class 'psycopg.Connection'>
conninfo = 'dbname=ruffles_db client_encoding=UTF8 user=postgres password=postgres host=localhost port=5432 hostaddr=127.0.0.1'
autocommit = False, prepare_threshold = None
context = <psycopg.adapt.AdaptersMap object at 0x000001CEB3E42350>
row_factory = None
cursor_factory = <class 'django.db.backends.postgresql.base.Cursor'>
kwargs = {'client_encoding': 'UTF8', 'dbname': 'ruffles_db', 'host': 'localhost', 'password': 'postgres', ...}
params = {'client_encoding': 'UTF8', 'dbname': 'ruffles_db', 'host': 'localhost', 'password': 'postgres', ...}
timeout = 130

    @classmethod
    def connect(
        cls,
        conninfo: str = "",
        *,
        autocommit: bool = False,
        prepare_threshold: int | None = 5,
        context: AdaptContext | None = None,
        row_factory: RowFactory[Row] | None = None,
        cursor_factory: type[Cursor[Row]] | None = None,
        **kwargs: ConnParam,
    ) -> Self:
        """
        Connect to a database server and return a new `Connection` instance.
        """
    
        params = cls._get_connection_params(conninfo, **kwargs)
        timeout = timeout_from_conninfo(params)
        rv = None
        attempts = conninfo_attempts(params)
        conn_errors: list[tuple[e.Error, str]] = []
        for attempt in attempts:
            tdescr = (attempt.get("host"), attempt.get("port"), attempt.get("hostaddr"))
            descr = "host: %r, port: %r, hostaddr: %r" % tdescr
            logger.debug("connection attempt: %s", descr)
            try:
                conninfo = make_conninfo("", **attempt)
                gen = cls._connect_gen(conninfo, timeout=timeout)
                rv = waiting.wait_conn(gen, interval=_WAIT_INTERVAL)
            except e.Error as ex:
                logger.debug("connection failed: %s: %s", descr, str(ex))
                conn_errors.append((ex, descr))
            except e._NO_TRACEBACK as ex:
                raise ex.with_traceback(None)
            else:
                logger.debug("connection succeeded: %s", descr)
                break
    
        if not rv:
            last_ex = conn_errors[-1][0]
            if len(conn_errors) == 1:
                raise last_ex.with_traceback(None)
    
            # Create a new exception with the same type as the last one, containing
            # all attempt errors while preserving backward compatibility.
            lines = [str(last_ex)]
            lines.append("Multiple connection attempts failed. All failures were:")
            lines.extend((f"- {descr}: {error}" for error, descr in conn_errors))
>           raise type(last_ex)("\n".join(lines)).with_traceback(None)
E           psycopg.OperationalError: connection failed: connection to server at "127.0.0.1", port 5432 failed: FATAL:  la autentificaci\ufffdn password fall\ufffd para el usuario \ufffdpostgres\ufffd
E           Multiple connection attempts failed. All failures were:
E           - host: 'localhost', port: '5432', hostaddr: '::1': connection failed: connection to server at "::1", port 5432 failed: FATAL:  la autentificaci\ufffdn password fall\ufffd para el usuario \ufffdpostgres\ufffd
E           - host: 'localhost', port: '5432', hostaddr: '127.0.0.1': connection failed: connection to server at "127.0.0.1", port 5432 failed: FATAL:  la autentificaci\ufffdn password fall\ufffd para el usuario \ufffdpostgres\ufffd

..\..\..\AppData\Roaming\Python\Python313\site-packages\psycopg\connection.py:127: OperationalError

The above exception was the direct cause of the following exception:

request = <SubRequest 'django_db_setup' for <Function test_login_success_returns_jwt>>
django_test_environment = None
django_db_blocker = <pytest_django.plugin.DjangoDbBlocker object at 0x000001CEB17F0050>
django_db_use_migrations = True, django_db_keepdb = False
django_db_createdb = False, django_db_modify_db_settings = None

    @pytest.fixture(scope="session")
    def django_db_setup(
        request: pytest.FixtureRequest,
        django_test_environment: None,
        django_db_blocker: DjangoDbBlocker,
        django_db_use_migrations: bool,
        django_db_keepdb: bool,
        django_db_createdb: bool,
        django_db_modify_db_settings: None,
    ) -> Generator[None, None, None]:
        """Top level fixture to ensure test databases are available"""
        from django.test.utils import setup_databases, teardown_databases
    
        setup_databases_args = {}
    
        if not django_db_use_migrations:
            _disable_migrations()
    
        if django_db_keepdb and not django_db_createdb:
            setup_databases_args["keepdb"] = True
    
        with django_db_blocker.unblock():
>           db_cfg = setup_databases(
                verbosity=request.config.option.verbose,
                interactive=False,
                **setup_databases_args,
            )

..\..\..\AppData\Roaming\Python\Python313\site-packages\pytest_django\fixtures.py:140: 
_ _ _ _ _ _ _ _ _ _ _ _ _ _ _ _ _ _ _ _ _ _ _ _ _ _ _ _ _ _ _ _ _ _ _ _ _ _ _ _
..\..\..\AppData\Roaming\Python\Python313\site-packages\django\test\utils.py:204: in setup_databases
    connection.creation.create_test_db(
..\..\..\AppData\Roaming\Python\Python313\site-packages\django\db\backends\base\creation.py:62: in create_test_db
    self._create_test_db(verbosity, autoclobber, keepdb)
..\..\..\AppData\Roaming\Python\Python313\site-packages\django\db\backends\base\creation.py:202: in _create_test_db
    with self._nodb_cursor() as cursor:
C:\Python313\Lib\contextlib.py:141: in __enter__
    return next(self.gen)
..\..\..\AppData\Roaming\Python\Python313\site-packages\django\db\backends\postgresql\base.py:533: in _nodb_cursor
    with conn.cursor() as cursor:
..\..\..\AppData\Roaming\Python\Python313\site-packages\django\utils\asyncio.py:26: in inner
    return func(*args, **kwargs)
..\..\..\AppData\Roaming\Python\Python313\site-packages\django\db\backends\base\base.py:320: in cursor
    return self._cursor()
..\..\..\AppData\Roaming\Python\Python313\site-packages\django\db\backends\base\base.py:296: in _cursor
    self.ensure_connection()
..\..\..\AppData\Roaming\Python\Python313\site-packages\django\utils\asyncio.py:26: in inner
    return func(*args, **kwargs)
..\..\..\AppData\Roaming\Python\Python313\site-packages\django\db\backends\base\base.py:278: in ensure_connection
    with self.wrap_database_errors:
..\..\..\AppData\Roaming\Python\Python313\site-packages\django\db\utils.py:91: in __exit__
    raise dj_exc_value.with_traceback(traceback) from exc_value
..\..\..\AppData\Roaming\Python\Python313\site-packages\django\db\backends\base\base.py:279: in ensure_connection
    self.connect()
..\..\..\AppData\Roaming\Python\Python313\site-packages\django\utils\asyncio.py:26: in inner
    return func(*args, **kwargs)
..\..\..\AppData\Roaming\Python\Python313\site-packages\django\db\backends\base\base.py:256: in connect
    self.connection = self.get_new_connection(conn_params)
..\..\..\AppData\Roaming\Python\Python313\site-packages\django\utils\asyncio.py:26: in inner
    return func(*args, **kwargs)
..\..\..\AppData\Roaming\Python\Python313\site-packages\django\db\backends\postgresql\base.py:332: in get_new_connection
    connection = self.Database.connect(**conn_params)
_ _ _ _ _ _ _ _ _ _ _ _ _ _ _ _ _ _ _ _ _ _ _ _ _ _ _ _ _ _ _ _ _ _ _ _ _ _ _ _

cls = <class 'psycopg.Connection'>
conninfo = 'dbname=ruffles_db client_encoding=UTF8 user=postgres password=postgres host=localhost port=5432 hostaddr=127.0.0.1'
autocommit = False, prepare_threshold = None
context = <psycopg.adapt.AdaptersMap object at 0x000001CEB3E42350>
row_factory = None
cursor_factory = <class 'django.db.backends.postgresql.base.Cursor'>
kwargs = {'client_encoding': 'UTF8', 'dbname': 'ruffles_db', 'host': 'localhost', 'password': 'postgres', ...}
params = {'client_encoding': 'UTF8', 'dbname': 'ruffles_db', 'host': 'localhost', 'password': 'postgres', ...}
timeout = 130

    @classmethod
    def connect(
        cls,
        conninfo: str = "",
        *,
        autocommit: bool = False,
        prepare_threshold: int | None = 5,
        context: AdaptContext | None = None,
        row_factory: RowFactory[Row] | None = None,
        cursor_factory: type[Cursor[Row]] | None = None,
        **kwargs: ConnParam,
    ) -> Self:
        """
        Connect to a database server and return a new `Connection` instance.
        """
    
        params = cls._get_connection_params(conninfo, **kwargs)
        timeout = timeout_from_conninfo(params)
        rv = None
        attempts = conninfo_attempts(params)
        conn_errors: list[tuple[e.Error, str]] = []
        for attempt in attempts:
            tdescr = (attempt.get("host"), attempt.get("port"), attempt.get("hostaddr"))
            descr = "host: %r, port: %r, hostaddr: %r" % tdescr
            logger.debug("connection attempt: %s", descr)
            try:
                conninfo = make_conninfo("", **attempt)
                gen = cls._connect_gen(conninfo, timeout=timeout)
                rv = waiting.wait_conn(gen, interval=_WAIT_INTERVAL)
            except e.Error as ex:
                logger.debug("connection failed: %s: %s", descr, str(ex))
                conn_errors.append((ex, descr))
            except e._NO_TRACEBACK as ex:
                raise ex.with_traceback(None)
            else:
                logger.debug("connection succeeded: %s", descr)
                break
    
        if not rv:
            last_ex = conn_errors[-1][0]
            if len(conn_errors) == 1:
                raise last_ex.with_traceback(None)
    
            # Create a new exception with the same type as the last one, containing
            # all attempt errors while preserving backward compatibility.
            lines = [str(last_ex)]
            lines.append("Multiple connection attempts failed. All failures were:")
            lines.extend((f"- {descr}: {error}" for error, descr in conn_errors))
>           raise type(last_ex)("\n".join(lines)).with_traceback(None)
E           django.db.utils.OperationalError: connection failed: connection to server at "127.0.0.1", port 5432 failed: FATAL:  la autentificaci\ufffdn password fall\ufffd para el usuario \ufffdpostgres\ufffd
E           Multiple connection attempts failed. All failures were:
E           - host: 'localhost', port: '5432', hostaddr: '::1': connection failed: connection to server at "::1", port 5432 failed: FATAL:  la autentificaci\ufffdn password fall\ufffd para el usuario \ufffdpostgres\ufffd
E           - host: 'localhost', port: '5432', hostaddr: '127.0.0.1': connection failed: connection to server at "127.0.0.1", port 5432 failed: FATAL:  la autentificaci\ufffdn password fall\ufffd para el usuario \ufffdpostgres\ufffd

..\..\..\AppData\Roaming\Python\Python313\site-packages\psycopg\connection.py:127: OperationalError
_____ ERROR at setup of test_registration_success_returns_tokens_and_user _____

self = <DatabaseWrapper vendor='postgresql' alias='__no_db__'>

    @async_unsafe
    def ensure_connection(self):
        """Guarantee that a connection to the database is established."""
        if self.connection is None:
            if self.in_atomic_block and self.closed_in_transaction:
                raise ProgrammingError(
                    "Cannot open a new connection in an atomic block."
                )
            with self.wrap_database_errors:
>               self.connect()

..\..\..\AppData\Roaming\Python\Python313\site-packages\django\db\backends\base\base.py:279: 
_ _ _ _ _ _ _ _ _ _ _ _ _ _ _ _ _ _ _ _ _ _ _ _ _ _ _ _ _ _ _ _ _ _ _ _ _ _ _ _
..\..\..\AppData\Roaming\Python\Python313\site-packages\django\utils\asyncio.py:26: in inner
    return func(*args, **kwargs)
..\..\..\AppData\Roaming\Python\Python313\site-packages\django\db\backends\base\base.py:256: in connect
    self.connection = self.get_new_connection(conn_params)
..\..\..\AppData\Roaming\Python\Python313\site-packages\django\utils\asyncio.py:26: in inner
    return func(*args, **kwargs)
..\..\..\AppData\Roaming\Python\Python313\site-packages\django\db\backends\postgresql\base.py:332: in get_new_connection
    connection = self.Database.connect(**conn_params)
_ _ _ _ _ _ _ _ _ _ _ _ _ _ _ _ _ _ _ _ _ _ _ _ _ _ _ _ _ _ _ _ _ _ _ _ _ _ _ _

cls = <class 'psycopg.Connection'>
conninfo = 'dbname=postgres client_encoding=UTF8 user=postgres password=postgres host=localhost port=5432 hostaddr=127.0.0.1'
autocommit = False, prepare_threshold = None
context = <psycopg.adapt.AdaptersMap object at 0x000001CEB3E42350>
row_factory = None
cursor_factory = <class 'django.db.backends.postgresql.base.Cursor'>
kwargs = {'client_encoding': 'UTF8', 'dbname': 'postgres', 'host': 'localhost', 'password': 'postgres', ...}
params = {'client_encoding': 'UTF8', 'dbname': 'postgres', 'host': 'localhost', 'password': 'postgres', ...}
timeout = 130

    @classmethod
    def connect(
        cls,
        conninfo: str = "",
        *,
        autocommit: bool = False,
        prepare_threshold: int | None = 5,
        context: AdaptContext | None = None,
        row_factory: RowFactory[Row] | None = None,
        cursor_factory: type[Cursor[Row]] | None = None,
        **kwargs: ConnParam,
    ) -> Self:
        """
        Connect to a database server and return a new `Connection` instance.
        """
    
        params = cls._get_connection_params(conninfo, **kwargs)
        timeout = timeout_from_conninfo(params)
        rv = None
        attempts = conninfo_attempts(params)
        conn_errors: list[tuple[e.Error, str]] = []
        for attempt in attempts:
            tdescr = (attempt.get("host"), attempt.get("port"), attempt.get("hostaddr"))
            descr = "host: %r, port: %r, hostaddr: %r" % tdescr
            logger.debug("connection attempt: %s", descr)
            try:
                conninfo = make_conninfo("", **attempt)
                gen = cls._connect_gen(conninfo, timeout=timeout)
                rv = waiting.wait_conn(gen, interval=_WAIT_INTERVAL)
            except e.Error as ex:
                logger.debug("connection failed: %s: %s", descr, str(ex))
                conn_errors.append((ex, descr))
            except e._NO_TRACEBACK as ex:
                raise ex.with_traceback(None)
            else:
                logger.debug("connection succeeded: %s", descr)
                break
    
        if not rv:
            last_ex = conn_errors[-1][0]
            if len(conn_errors) == 1:
                raise last_ex.with_traceback(None)
    
            # Create a new exception with the same type as the last one, containing
            # all attempt errors while preserving backward compatibility.
            lines = [str(last_ex)]
            lines.append("Multiple connection attempts failed. All failures were:")
            lines.extend((f"- {descr}: {error}" for error, descr in conn_errors))
>           raise type(last_ex)("\n".join(lines)).with_traceback(None)
E           psycopg.OperationalError: connection failed: connection to server at "127.0.0.1", port 5432 failed: FATAL:  la autentificaci\ufffdn password fall\ufffd para el usuario \ufffdpostgres\ufffd
E           Multiple connection attempts failed. All failures were:
E           - host: 'localhost', port: '5432', hostaddr: '::1': connection failed: connection to server at "::1", port 5432 failed: FATAL:  la autentificaci\ufffdn password fall\ufffd para el usuario \ufffdpostgres\ufffd
E           - host: 'localhost', port: '5432', hostaddr: '127.0.0.1': connection failed: connection to server at "127.0.0.1", port 5432 failed: FATAL:  la autentificaci\ufffdn password fall\ufffd para el usuario \ufffdpostgres\ufffd

..\..\..\AppData\Roaming\Python\Python313\site-packages\psycopg\connection.py:127: OperationalError

The above exception was the direct cause of the following exception:

self = <DatabaseWrapper vendor='postgresql' alias='default'>

    @contextmanager
    def _nodb_cursor(self):
        cursor = None
        try:
>           with super()._nodb_cursor() as cursor:

..\..\..\AppData\Roaming\Python\Python313\site-packages\django\db\backends\postgresql\base.py:507: 
_ _ _ _ _ _ _ _ _ _ _ _ _ _ _ _ _ _ _ _ _ _ _ _ _ _ _ _ _ _ _ _ _ _ _ _ _ _ _ _
C:\Python313\Lib\contextlib.py:141: in __enter__
    return next(self.gen)
..\..\..\AppData\Roaming\Python\Python313\site-packages\django\db\backends\base\base.py:712: in _nodb_cursor
    with conn.cursor() as cursor:
..\..\..\AppData\Roaming\Python\Python313\site-packages\django\utils\asyncio.py:26: in inner
    return func(*args, **kwargs)
..\..\..\AppData\Roaming\Python\Python313\site-packages\django\db\backends\base\base.py:320: in cursor
    return self._cursor()
..\..\..\AppData\Roaming\Python\Python313\site-packages\django\db\backends\base\base.py:296: in _cursor
    self.ensure_connection()
..\..\..\AppData\Roaming\Python\Python313\site-packages\django\utils\asyncio.py:26: in inner
    return func(*args, **kwargs)
..\..\..\AppData\Roaming\Python\Python313\site-packages\django\db\backends\base\base.py:278: in ensure_connection
    with self.wrap_database_errors:
..\..\..\AppData\Roaming\Python\Python313\site-packages\django\db\utils.py:91: in __exit__
    raise dj_exc_value.with_traceback(traceback) from exc_value
..\..\..\AppData\Roaming\Python\Python313\site-packages\django\db\backends\base\base.py:279: in ensure_connection
    self.connect()
..\..\..\AppData\Roaming\Python\Python313\site-packages\django\utils\asyncio.py:26: in inner
    return func(*args, **kwargs)
..\..\..\AppData\Roaming\Python\Python313\site-packages\django\db\backends\base\base.py:256: in connect
    self.connection = self.get_new_connection(conn_params)
..\..\..\AppData\Roaming\Python\Python313\site-packages\django\utils\asyncio.py:26: in inner
    return func(*args, **kwargs)
..\..\..\AppData\Roaming\Python\Python313\site-packages\django\db\backends\postgresql\base.py:332: in get_new_connection
    connection = self.Database.connect(**conn_params)
_ _ _ _ _ _ _ _ _ _ _ _ _ _ _ _ _ _ _ _ _ _ _ _ _ _ _ _ _ _ _ _ _ _ _ _ _ _ _ _

cls = <class 'psycopg.Connection'>
conninfo = 'dbname=postgres client_encoding=UTF8 user=postgres password=postgres host=localhost port=5432 hostaddr=127.0.0.1'
autocommit = False, prepare_threshold = None
context = <psycopg.adapt.AdaptersMap object at 0x000001CEB3E42350>
row_factory = None
cursor_factory = <class 'django.db.backends.postgresql.base.Cursor'>
kwargs = {'client_encoding': 'UTF8', 'dbname': 'postgres', 'host': 'localhost', 'password': 'postgres', ...}
params = {'client_encoding': 'UTF8', 'dbname': 'postgres', 'host': 'localhost', 'password': 'postgres', ...}
timeout = 130

    @classmethod
    def connect(
        cls,
        conninfo: str = "",
        *,
        autocommit: bool = False,
        prepare_threshold: int | None = 5,
        context: AdaptContext | None = None,
        row_factory: RowFactory[Row] | None = None,
        cursor_factory: type[Cursor[Row]] | None = None,
        **kwargs: ConnParam,
    ) -> Self:
        """
        Connect to a database server and return a new `Connection` instance.
        """
    
        params = cls._get_connection_params(conninfo, **kwargs)
        timeout = timeout_from_conninfo(params)
        rv = None
        attempts = conninfo_attempts(params)
        conn_errors: list[tuple[e.Error, str]] = []
        for attempt in attempts:
            tdescr = (attempt.get("host"), attempt.get("port"), attempt.get("hostaddr"))
            descr = "host: %r, port: %r, hostaddr: %r" % tdescr
            logger.debug("connection attempt: %s", descr)
            try:
                conninfo = make_conninfo("", **attempt)
                gen = cls._connect_gen(conninfo, timeout=timeout)
                rv = waiting.wait_conn(gen, interval=_WAIT_INTERVAL)
            except e.Error as ex:
                logger.debug("connection failed: %s: %s", descr, str(ex))
                conn_errors.append((ex, descr))
            except e._NO_TRACEBACK as ex:
                raise ex.with_traceback(None)
            else:
                logger.debug("connection succeeded: %s", descr)
                break
    
        if not rv:
            last_ex = conn_errors[-1][0]
            if len(conn_errors) == 1:
                raise last_ex.with_traceback(None)
    
            # Create a new exception with the same type as the last one, containing
            # all attempt errors while preserving backward compatibility.
            lines = [str(last_ex)]
            lines.append("Multiple connection attempts failed. All failures were:")
            lines.extend((f"- {descr}: {error}" for error, descr in conn_errors))
>           raise type(last_ex)("\n".join(lines)).with_traceback(None)
E           django.db.utils.OperationalError: connection failed: connection to server at "127.0.0.1", port 5432 failed: FATAL:  la autentificaci\ufffdn password fall\ufffd para el usuario \ufffdpostgres\ufffd
E           Multiple connection attempts failed. All failures were:
E           - host: 'localhost', port: '5432', hostaddr: '::1': connection failed: connection to server at "::1", port 5432 failed: FATAL:  la autentificaci\ufffdn password fall\ufffd para el usuario \ufffdpostgres\ufffd
E           - host: 'localhost', port: '5432', hostaddr: '127.0.0.1': connection failed: connection to server at "127.0.0.1", port 5432 failed: FATAL:  la autentificaci\ufffdn password fall\ufffd para el usuario \ufffdpostgres\ufffd

..\..\..\AppData\Roaming\Python\Python313\site-packages\psycopg\connection.py:127: OperationalError

During handling of the above exception, another exception occurred:

self = <DatabaseWrapper vendor='postgresql' alias='default'>

    @async_unsafe
    def ensure_connection(self):
        """Guarantee that a connection to the database is established."""
        if self.connection is None:
            if self.in_atomic_block and self.closed_in_transaction:
                raise ProgrammingError(
                    "Cannot open a new connection in an atomic block."
                )
            with self.wrap_database_errors:
>               self.connect()

..\..\..\AppData\Roaming\Python\Python313\site-packages\django\db\backends\base\base.py:279: 
_ _ _ _ _ _ _ _ _ _ _ _ _ _ _ _ _ _ _ _ _ _ _ _ _ _ _ _ _ _ _ _ _ _ _ _ _ _ _ _
..\..\..\AppData\Roaming\Python\Python313\site-packages\django\utils\asyncio.py:26: in inner
    return func(*args, **kwargs)
..\..\..\AppData\Roaming\Python\Python313\site-packages\django\db\backends\base\base.py:256: in connect
    self.connection = self.get_new_connection(conn_params)
..\..\..\AppData\Roaming\Python\Python313\site-packages\django\utils\asyncio.py:26: in inner
    return func(*args, **kwargs)
..\..\..\AppData\Roaming\Python\Python313\site-packages\django\db\backends\postgresql\base.py:332: in get_new_connection
    connection = self.Database.connect(**conn_params)
_ _ _ _ _ _ _ _ _ _ _ _ _ _ _ _ _ _ _ _ _ _ _ _ _ _ _ _ _ _ _ _ _ _ _ _ _ _ _ _

cls = <class 'psycopg.Connection'>
conninfo = 'dbname=ruffles_db client_encoding=UTF8 user=postgres password=postgres host=localhost port=5432 hostaddr=127.0.0.1'
autocommit = False, prepare_threshold = None
context = <psycopg.adapt.AdaptersMap object at 0x000001CEB3E42350>
row_factory = None
cursor_factory = <class 'django.db.backends.postgresql.base.Cursor'>
kwargs = {'client_encoding': 'UTF8', 'dbname': 'ruffles_db', 'host': 'localhost', 'password': 'postgres', ...}
params = {'client_encoding': 'UTF8', 'dbname': 'ruffles_db', 'host': 'localhost', 'password': 'postgres', ...}
timeout = 130

    @classmethod
    def connect(
        cls,
        conninfo: str = "",
        *,
        autocommit: bool = False,
        prepare_threshold: int | None = 5,
        context: AdaptContext | None = None,
        row_factory: RowFactory[Row] | None = None,
        cursor_factory: type[Cursor[Row]] | None = None,
        **kwargs: ConnParam,
    ) -> Self:
        """
        Connect to a database server and return a new `Connection` instance.
        """
    
        params = cls._get_connection_params(conninfo, **kwargs)
        timeout = timeout_from_conninfo(params)
        rv = None
        attempts = conninfo_attempts(params)
        conn_errors: list[tuple[e.Error, str]] = []
        for attempt in attempts:
            tdescr = (attempt.get("host"), attempt.get("port"), attempt.get("hostaddr"))
            descr = "host: %r, port: %r, hostaddr: %r" % tdescr
            logger.debug("connection attempt: %s", descr)
            try:
                conninfo = make_conninfo("", **attempt)
                gen = cls._connect_gen(conninfo, timeout=timeout)
                rv = waiting.wait_conn(gen, interval=_WAIT_INTERVAL)
            except e.Error as ex:
                logger.debug("connection failed: %s: %s", descr, str(ex))
                conn_errors.append((ex, descr))
            except e._NO_TRACEBACK as ex:
                raise ex.with_traceback(None)
            else:
                logger.debug("connection succeeded: %s", descr)
                break
    
        if not rv:
            last_ex = conn_errors[-1][0]
            if len(conn_errors) == 1:
                raise last_ex.with_traceback(None)
    
            # Create a new exception with the same type as the last one, containing
            # all attempt errors while preserving backward compatibility.
            lines = [str(last_ex)]
            lines.append("Multiple connection attempts failed. All failures were:")
            lines.extend((f"- {descr}: {error}" for error, descr in conn_errors))
>           raise type(last_ex)("\n".join(lines)).with_traceback(None)
E           psycopg.OperationalError: connection failed: connection to server at "127.0.0.1", port 5432 failed: FATAL:  la autentificaci\ufffdn password fall\ufffd para el usuario \ufffdpostgres\ufffd
E           Multiple connection attempts failed. All failures were:
E           - host: 'localhost', port: '5432', hostaddr: '::1': connection failed: connection to server at "::1", port 5432 failed: FATAL:  la autentificaci\ufffdn password fall\ufffd para el usuario \ufffdpostgres\ufffd
E           - host: 'localhost', port: '5432', hostaddr: '127.0.0.1': connection failed: connection to server at "127.0.0.1", port 5432 failed: FATAL:  la autentificaci\ufffdn password fall\ufffd para el usuario \ufffdpostgres\ufffd

..\..\..\AppData\Roaming\Python\Python313\site-packages\psycopg\connection.py:127: OperationalError

The above exception was the direct cause of the following exception:

request = <SubRequest '_django_db_marker' for <Function test_registration_success_returns_tokens_and_user>>

    @pytest.fixture(autouse=True)
    def _django_db_marker(request: pytest.FixtureRequest) -> None:
        """Implement the django_db marker, internal to pytest-django."""
        marker = request.node.get_closest_marker("django_db")
        if marker:
>           request.getfixturevalue("_django_db_helper")

..\..\..\AppData\Roaming\Python\Python313\site-packages\pytest_django\plugin.py:527: 
_ _ _ _ _ _ _ _ _ _ _ _ _ _ _ _ _ _ _ _ _ _ _ _ _ _ _ _ _ _ _ _ _ _ _ _ _ _ _ _
..\..\..\AppData\Roaming\Python\Python313\site-packages\pytest_django\fixtures.py:140: in django_db_setup
    db_cfg = setup_databases(
..\..\..\AppData\Roaming\Python\Python313\site-packages\django\test\utils.py:204: in setup_databases
    connection.creation.create_test_db(
..\..\..\AppData\Roaming\Python\Python313\site-packages\django\db\backends\base\creation.py:62: in create_test_db
    self._create_test_db(verbosity, autoclobber, keepdb)
..\..\..\AppData\Roaming\Python\Python313\site-packages\django\db\backends\base\creation.py:202: in _create_test_db
    with self._nodb_cursor() as cursor:
C:\Python313\Lib\contextlib.py:141: in __enter__
    return next(self.gen)
..\..\..\AppData\Roaming\Python\Python313\site-packages\django\db\backends\postgresql\base.py:533: in _nodb_cursor
    with conn.cursor() as cursor:
..\..\..\AppData\Roaming\Python\Python313\site-packages\django\utils\asyncio.py:26: in inner
    return func(*args, **kwargs)
..\..\..\AppData\Roaming\Python\Python313\site-packages\django\db\backends\base\base.py:320: in cursor
    return self._cursor()
..\..\..\AppData\Roaming\Python\Python313\site-packages\django\db\backends\base\base.py:296: in _cursor
    self.ensure_connection()
..\..\..\AppData\Roaming\Python\Python313\site-packages\django\utils\asyncio.py:26: in inner
    return func(*args, **kwargs)
..\..\..\AppData\Roaming\Python\Python313\site-packages\django\db\backends\base\base.py:278: in ensure_connection
    with self.wrap_database_errors:
..\..\..\AppData\Roaming\Python\Python313\site-packages\django\db\utils.py:91: in __exit__
    raise dj_exc_value.with_traceback(traceback) from exc_value
..\..\..\AppData\Roaming\Python\Python313\site-packages\django\db\backends\base\base.py:279: in ensure_connection
    self.connect()
..\..\..\AppData\Roaming\Python\Python313\site-packages\django\utils\asyncio.py:26: in inner
    return func(*args, **kwargs)
..\..\..\AppData\Roaming\Python\Python313\site-packages\django\db\backends\base\base.py:256: in connect
    self.connection = self.get_new_connection(conn_params)
..\..\..\AppData\Roaming\Python\Python313\site-packages\django\utils\asyncio.py:26: in inner
    return func(*args, **kwargs)
..\..\..\AppData\Roaming\Python\Python313\site-packages\django\db\backends\postgresql\base.py:332: in get_new_connection
    connection = self.Database.connect(**conn_params)
_ _ _ _ _ _ _ _ _ _ _ _ _ _ _ _ _ _ _ _ _ _ _ _ _ _ _ _ _ _ _ _ _ _ _ _ _ _ _ _

cls = <class 'psycopg.Connection'>
conninfo = 'dbname=ruffles_db client_encoding=UTF8 user=postgres password=postgres host=localhost port=5432 hostaddr=127.0.0.1'
autocommit = False, prepare_threshold = None
context = <psycopg.adapt.AdaptersMap object at 0x000001CEB3E42350>
row_factory = None
cursor_factory = <class 'django.db.backends.postgresql.base.Cursor'>
kwargs = {'client_encoding': 'UTF8', 'dbname': 'ruffles_db', 'host': 'localhost', 'password': 'postgres', ...}
params = {'client_encoding': 'UTF8', 'dbname': 'ruffles_db', 'host': 'localhost', 'password': 'postgres', ...}
timeout = 130

    @classmethod
    def connect(
        cls,
        conninfo: str = "",
        *,
        autocommit: bool = False,
        prepare_threshold: int | None = 5,
        context: AdaptContext | None = None,
        row_factory: RowFactory[Row] | None = None,
        cursor_factory: type[Cursor[Row]] | None = None,
        **kwargs: ConnParam,
    ) -> Self:
        """
        Connect to a database server and return a new `Connection` instance.
        """
    
        params = cls._get_connection_params(conninfo, **kwargs)
        timeout = timeout_from_conninfo(params)
        rv = None
        attempts = conninfo_attempts(params)
        conn_errors: list[tuple[e.Error, str]] = []
        for attempt in attempts:
            tdescr = (attempt.get("host"), attempt.get("port"), attempt.get("hostaddr"))
            descr = "host: %r, port: %r, hostaddr: %r" % tdescr
            logger.debug("connection attempt: %s", descr)
            try:
                conninfo = make_conninfo("", **attempt)
                gen = cls._connect_gen(conninfo, timeout=timeout)
                rv = waiting.wait_conn(gen, interval=_WAIT_INTERVAL)
            except e.Error as ex:
                logger.debug("connection failed: %s: %s", descr, str(ex))
                conn_errors.append((ex, descr))
            except e._NO_TRACEBACK as ex:
                raise ex.with_traceback(None)
            else:
                logger.debug("connection succeeded: %s", descr)
                break
    
        if not rv:
            last_ex = conn_errors[-1][0]
            if len(conn_errors) == 1:
                raise last_ex.with_traceback(None)
    
            # Create a new exception with the same type as the last one, containing
            # all attempt errors while preserving backward compatibility.
            lines = [str(last_ex)]
            lines.append("Multiple connection attempts failed. All failures were:")
            lines.extend((f"- {descr}: {error}" for error, descr in conn_errors))
>           raise type(last_ex)("\n".join(lines)).with_traceback(None)
E           django.db.utils.OperationalError: connection failed: connection to server at "127.0.0.1", port 5432 failed: FATAL:  la autentificaci\ufffdn password fall\ufffd para el usuario \ufffdpostgres\ufffd
E           Multiple connection attempts failed. All failures were:
E           - host: 'localhost', port: '5432', hostaddr: '::1': connection failed: connection to server at "::1", port 5432 failed: FATAL:  la autentificaci\ufffdn password fall\ufffd para el usuario \ufffdpostgres\ufffd
E           - host: 'localhost', port: '5432', hostaddr: '127.0.0.1': connection failed: connection to server at "127.0.0.1", port 5432 failed: FATAL:  la autentificaci\ufffdn password fall\ufffd para el usuario \ufffdpostgres\ufffd

..\..\..\AppData\Roaming\Python\Python313\site-packages\psycopg\connection.py:127: OperationalError
____ ERROR at setup of test_registration_duplicate_email_case_insensitive _____

self = <DatabaseWrapper vendor='postgresql' alias='__no_db__'>

    @async_unsafe
    def ensure_connection(self):
        """Guarantee that a connection to the database is established."""
        if self.connection is None:
            if self.in_atomic_block and self.closed_in_transaction:
                raise ProgrammingError(
                    "Cannot open a new connection in an atomic block."
                )
            with self.wrap_database_errors:
>               self.connect()

..\..\..\AppData\Roaming\Python\Python313\site-packages\django\db\backends\base\base.py:279: 
_ _ _ _ _ _ _ _ _ _ _ _ _ _ _ _ _ _ _ _ _ _ _ _ _ _ _ _ _ _ _ _ _ _ _ _ _ _ _ _
..\..\..\AppData\Roaming\Python\Python313\site-packages\django\utils\asyncio.py:26: in inner
    return func(*args, **kwargs)
..\..\..\AppData\Roaming\Python\Python313\site-packages\django\db\backends\base\base.py:256: in connect
    self.connection = self.get_new_connection(conn_params)
..\..\..\AppData\Roaming\Python\Python313\site-packages\django\utils\asyncio.py:26: in inner
    return func(*args, **kwargs)
..\..\..\AppData\Roaming\Python\Python313\site-packages\django\db\backends\postgresql\base.py:332: in get_new_connection
    connection = self.Database.connect(**conn_params)
_ _ _ _ _ _ _ _ _ _ _ _ _ _ _ _ _ _ _ _ _ _ _ _ _ _ _ _ _ _ _ _ _ _ _ _ _ _ _ _

cls = <class 'psycopg.Connection'>
conninfo = 'dbname=postgres client_encoding=UTF8 user=postgres password=postgres host=localhost port=5432 hostaddr=127.0.0.1'
autocommit = False, prepare_threshold = None
context = <psycopg.adapt.AdaptersMap object at 0x000001CEB3E42350>
row_factory = None
cursor_factory = <class 'django.db.backends.postgresql.base.Cursor'>
kwargs = {'client_encoding': 'UTF8', 'dbname': 'postgres', 'host': 'localhost', 'password': 'postgres', ...}
params = {'client_encoding': 'UTF8', 'dbname': 'postgres', 'host': 'localhost', 'password': 'postgres', ...}
timeout = 130

    @classmethod
    def connect(
        cls,
        conninfo: str = "",
        *,
        autocommit: bool = False,
        prepare_threshold: int | None = 5,
        context: AdaptContext | None = None,
        row_factory: RowFactory[Row] | None = None,
        cursor_factory: type[Cursor[Row]] | None = None,
        **kwargs: ConnParam,
    ) -> Self:
        """
        Connect to a database server and return a new `Connection` instance.
        """
    
        params = cls._get_connection_params(conninfo, **kwargs)
        timeout = timeout_from_conninfo(params)
        rv = None
        attempts = conninfo_attempts(params)
        conn_errors: list[tuple[e.Error, str]] = []
        for attempt in attempts:
            tdescr = (attempt.get("host"), attempt.get("port"), attempt.get("hostaddr"))
            descr = "host: %r, port: %r, hostaddr: %r" % tdescr
            logger.debug("connection attempt: %s", descr)
            try:
                conninfo = make_conninfo("", **attempt)
                gen = cls._connect_gen(conninfo, timeout=timeout)
                rv = waiting.wait_conn(gen, interval=_WAIT_INTERVAL)
            except e.Error as ex:
                logger.debug("connection failed: %s: %s", descr, str(ex))
                conn_errors.append((ex, descr))
            except e._NO_TRACEBACK as ex:
                raise ex.with_traceback(None)
            else:
                logger.debug("connection succeeded: %s", descr)
                break
    
        if not rv:
            last_ex = conn_errors[-1][0]
            if len(conn_errors) == 1:
                raise last_ex.with_traceback(None)
    
            # Create a new exception with the same type as the last one, containing
            # all attempt errors while preserving backward compatibility.
            lines = [str(last_ex)]
            lines.append("Multiple connection attempts failed. All failures were:")
            lines.extend((f"- {descr}: {error}" for error, descr in conn_errors))
>           raise type(last_ex)("\n".join(lines)).with_traceback(None)
E           psycopg.OperationalError: connection failed: connection to server at "127.0.0.1", port 5432 failed: FATAL:  la autentificaci\ufffdn password fall\ufffd para el usuario \ufffdpostgres\ufffd
E           Multiple connection attempts failed. All failures were:
E           - host: 'localhost', port: '5432', hostaddr: '::1': connection failed: connection to server at "::1", port 5432 failed: FATAL:  la autentificaci\ufffdn password fall\ufffd para el usuario \ufffdpostgres\ufffd
E           - host: 'localhost', port: '5432', hostaddr: '127.0.0.1': connection failed: connection to server at "127.0.0.1", port 5432 failed: FATAL:  la autentificaci\ufffdn password fall\ufffd para el usuario \ufffdpostgres\ufffd

..\..\..\AppData\Roaming\Python\Python313\site-packages\psycopg\connection.py:127: OperationalError

The above exception was the direct cause of the following exception:

self = <DatabaseWrapper vendor='postgresql' alias='default'>

    @contextmanager
    def _nodb_cursor(self):
        cursor = None
        try:
>           with super()._nodb_cursor() as cursor:

..\..\..\AppData\Roaming\Python\Python313\site-packages\django\db\backends\postgresql\base.py:507: 
_ _ _ _ _ _ _ _ _ _ _ _ _ _ _ _ _ _ _ _ _ _ _ _ _ _ _ _ _ _ _ _ _ _ _ _ _ _ _ _
C:\Python313\Lib\contextlib.py:141: in __enter__
    return next(self.gen)
..\..\..\AppData\Roaming\Python\Python313\site-packages\django\db\backends\base\base.py:712: in _nodb_cursor
    with conn.cursor() as cursor:
..\..\..\AppData\Roaming\Python\Python313\site-packages\django\utils\asyncio.py:26: in inner
    return func(*args, **kwargs)
..\..\..\AppData\Roaming\Python\Python313\site-packages\django\db\backends\base\base.py:320: in cursor
    return self._cursor()
..\..\..\AppData\Roaming\Python\Python313\site-packages\django\db\backends\base\base.py:296: in _cursor
    self.ensure_connection()
..\..\..\AppData\Roaming\Python\Python313\site-packages\django\utils\asyncio.py:26: in inner
    return func(*args, **kwargs)
..\..\..\AppData\Roaming\Python\Python313\site-packages\django\db\backends\base\base.py:278: in ensure_connection
    with self.wrap_database_errors:
..\..\..\AppData\Roaming\Python\Python313\site-packages\django\db\utils.py:91: in __exit__
    raise dj_exc_value.with_traceback(traceback) from exc_value
..\..\..\AppData\Roaming\Python\Python313\site-packages\django\db\backends\base\base.py:279: in ensure_connection
    self.connect()
..\..\..\AppData\Roaming\Python\Python313\site-packages\django\utils\asyncio.py:26: in inner
    return func(*args, **kwargs)
..\..\..\AppData\Roaming\Python\Python313\site-packages\django\db\backends\base\base.py:256: in connect
    self.connection = self.get_new_connection(conn_params)
..\..\..\AppData\Roaming\Python\Python313\site-packages\django\utils\asyncio.py:26: in inner
    return func(*args, **kwargs)
..\..\..\AppData\Roaming\Python\Python313\site-packages\django\db\backends\postgresql\base.py:332: in get_new_connection
    connection = self.Database.connect(**conn_params)
_ _ _ _ _ _ _ _ _ _ _ _ _ _ _ _ _ _ _ _ _ _ _ _ _ _ _ _ _ _ _ _ _ _ _ _ _ _ _ _

cls = <class 'psycopg.Connection'>
conninfo = 'dbname=postgres client_encoding=UTF8 user=postgres password=postgres host=localhost port=5432 hostaddr=127.0.0.1'
autocommit = False, prepare_threshold = None
context = <psycopg.adapt.AdaptersMap object at 0x000001CEB3E42350>
row_factory = None
cursor_factory = <class 'django.db.backends.postgresql.base.Cursor'>
kwargs = {'client_encoding': 'UTF8', 'dbname': 'postgres', 'host': 'localhost', 'password': 'postgres', ...}
params = {'client_encoding': 'UTF8', 'dbname': 'postgres', 'host': 'localhost', 'password': 'postgres', ...}
timeout = 130

    @classmethod
    def connect(
        cls,
        conninfo: str = "",
        *,
        autocommit: bool = False,
        prepare_threshold: int | None = 5,
        context: AdaptContext | None = None,
        row_factory: RowFactory[Row] | None = None,
        cursor_factory: type[Cursor[Row]] | None = None,
        **kwargs: ConnParam,
    ) -> Self:
        """
        Connect to a database server and return a new `Connection` instance.
        """
    
        params = cls._get_connection_params(conninfo, **kwargs)
        timeout = timeout_from_conninfo(params)
        rv = None
        attempts = conninfo_attempts(params)
        conn_errors: list[tuple[e.Error, str]] = []
        for attempt in attempts:
            tdescr = (attempt.get("host"), attempt.get("port"), attempt.get("hostaddr"))
            descr = "host: %r, port: %r, hostaddr: %r" % tdescr
            logger.debug("connection attempt: %s", descr)
            try:
                conninfo = make_conninfo("", **attempt)
                gen = cls._connect_gen(conninfo, timeout=timeout)
                rv = waiting.wait_conn(gen, interval=_WAIT_INTERVAL)
            except e.Error as ex:
                logger.debug("connection failed: %s: %s", descr, str(ex))
                conn_errors.append((ex, descr))
            except e._NO_TRACEBACK as ex:
                raise ex.with_traceback(None)
            else:
                logger.debug("connection succeeded: %s", descr)
                break
    
        if not rv:
            last_ex = conn_errors[-1][0]
            if len(conn_errors) == 1:
                raise last_ex.with_traceback(None)
    
            # Create a new exception with the same type as the last one, containing
            # all attempt errors while preserving backward compatibility.
            lines = [str(last_ex)]
            lines.append("Multiple connection attempts failed. All failures were:")
            lines.extend((f"- {descr}: {error}" for error, descr in conn_errors))
>           raise type(last_ex)("\n".join(lines)).with_traceback(None)
E           django.db.utils.OperationalError: connection failed: connection to server at "127.0.0.1", port 5432 failed: FATAL:  la autentificaci\ufffdn password fall\ufffd para el usuario \ufffdpostgres\ufffd
E           Multiple connection attempts failed. All failures were:
E           - host: 'localhost', port: '5432', hostaddr: '::1': connection failed: connection to server at "::1", port 5432 failed: FATAL:  la autentificaci\ufffdn password fall\ufffd para el usuario \ufffdpostgres\ufffd
E           - host: 'localhost', port: '5432', hostaddr: '127.0.0.1': connection failed: connection to server at "127.0.0.1", port 5432 failed: FATAL:  la autentificaci\ufffdn password fall\ufffd para el usuario \ufffdpostgres\ufffd

..\..\..\AppData\Roaming\Python\Python313\site-packages\psycopg\connection.py:127: OperationalError

During handling of the above exception, another exception occurred:

self = <DatabaseWrapper vendor='postgresql' alias='default'>

    @async_unsafe
    def ensure_connection(self):
        """Guarantee that a connection to the database is established."""
        if self.connection is None:
            if self.in_atomic_block and self.closed_in_transaction:
                raise ProgrammingError(
                    "Cannot open a new connection in an atomic block."
                )
            with self.wrap_database_errors:
>               self.connect()

..\..\..\AppData\Roaming\Python\Python313\site-packages\django\db\backends\base\base.py:279: 
_ _ _ _ _ _ _ _ _ _ _ _ _ _ _ _ _ _ _ _ _ _ _ _ _ _ _ _ _ _ _ _ _ _ _ _ _ _ _ _
..\..\..\AppData\Roaming\Python\Python313\site-packages\django\utils\asyncio.py:26: in inner
    return func(*args, **kwargs)
..\..\..\AppData\Roaming\Python\Python313\site-packages\django\db\backends\base\base.py:256: in connect
    self.connection = self.get_new_connection(conn_params)
..\..\..\AppData\Roaming\Python\Python313\site-packages\django\utils\asyncio.py:26: in inner
    return func(*args, **kwargs)
..\..\..\AppData\Roaming\Python\Python313\site-packages\django\db\backends\postgresql\base.py:332: in get_new_connection
    connection = self.Database.connect(**conn_params)
_ _ _ _ _ _ _ _ _ _ _ _ _ _ _ _ _ _ _ _ _ _ _ _ _ _ _ _ _ _ _ _ _ _ _ _ _ _ _ _

cls = <class 'psycopg.Connection'>
conninfo = 'dbname=ruffles_db client_encoding=UTF8 user=postgres password=postgres host=localhost port=5432 hostaddr=127.0.0.1'
autocommit = False, prepare_threshold = None
context = <psycopg.adapt.AdaptersMap object at 0x000001CEB3E42350>
row_factory = None
cursor_factory = <class 'django.db.backends.postgresql.base.Cursor'>
kwargs = {'client_encoding': 'UTF8', 'dbname': 'ruffles_db', 'host': 'localhost', 'password': 'postgres', ...}
params = {'client_encoding': 'UTF8', 'dbname': 'ruffles_db', 'host': 'localhost', 'password': 'postgres', ...}
timeout = 130

    @classmethod
    def connect(
        cls,
        conninfo: str = "",
        *,
        autocommit: bool = False,
        prepare_threshold: int | None = 5,
        context: AdaptContext | None = None,
        row_factory: RowFactory[Row] | None = None,
        cursor_factory: type[Cursor[Row]] | None = None,
        **kwargs: ConnParam,
    ) -> Self:
        """
        Connect to a database server and return a new `Connection` instance.
        """
    
        params = cls._get_connection_params(conninfo, **kwargs)
        timeout = timeout_from_conninfo(params)
        rv = None
        attempts = conninfo_attempts(params)
        conn_errors: list[tuple[e.Error, str]] = []
        for attempt in attempts:
            tdescr = (attempt.get("host"), attempt.get("port"), attempt.get("hostaddr"))
            descr = "host: %r, port: %r, hostaddr: %r" % tdescr
            logger.debug("connection attempt: %s", descr)
            try:
                conninfo = make_conninfo("", **attempt)
                gen = cls._connect_gen(conninfo, timeout=timeout)
                rv = waiting.wait_conn(gen, interval=_WAIT_INTERVAL)
            except e.Error as ex:
                logger.debug("connection failed: %s: %s", descr, str(ex))
                conn_errors.append((ex, descr))
            except e._NO_TRACEBACK as ex:
                raise ex.with_traceback(None)
            else:
                logger.debug("connection succeeded: %s", descr)
                break
    
        if not rv:
            last_ex = conn_errors[-1][0]
            if len(conn_errors) == 1:
                raise last_ex.with_traceback(None)
    
            # Create a new exception with the same type as the last one, containing
            # all attempt errors while preserving backward compatibility.
            lines = [str(last_ex)]
            lines.append("Multiple connection attempts failed. All failures were:")
            lines.extend((f"- {descr}: {error}" for error, descr in conn_errors))
>           raise type(last_ex)("\n".join(lines)).with_traceback(None)
E           psycopg.OperationalError: connection failed: connection to server at "127.0.0.1", port 5432 failed: FATAL:  la autentificaci\ufffdn password fall\ufffd para el usuario \ufffdpostgres\ufffd
E           Multiple connection attempts failed. All failures were:
E           - host: 'localhost', port: '5432', hostaddr: '::1': connection failed: connection to server at "::1", port 5432 failed: FATAL:  la autentificaci\ufffdn password fall\ufffd para el usuario \ufffdpostgres\ufffd
E           - host: 'localhost', port: '5432', hostaddr: '127.0.0.1': connection failed: connection to server at "127.0.0.1", port 5432 failed: FATAL:  la autentificaci\ufffdn password fall\ufffd para el usuario \ufffdpostgres\ufffd

..\..\..\AppData\Roaming\Python\Python313\site-packages\psycopg\connection.py:127: OperationalError

The above exception was the direct cause of the following exception:

request = <SubRequest 'django_db_setup' for <Function test_login_success_returns_jwt>>
django_test_environment = None
django_db_blocker = <pytest_django.plugin.DjangoDbBlocker object at 0x000001CEB17F0050>
django_db_use_migrations = True, django_db_keepdb = False
django_db_createdb = False, django_db_modify_db_settings = None

    @pytest.fixture(scope="session")
    def django_db_setup(
        request: pytest.FixtureRequest,
        django_test_environment: None,
        django_db_blocker: DjangoDbBlocker,
        django_db_use_migrations: bool,
        django_db_keepdb: bool,
        django_db_createdb: bool,
        django_db_modify_db_settings: None,
    ) -> Generator[None, None, None]:
        """Top level fixture to ensure test databases are available"""
        from django.test.utils import setup_databases, teardown_databases
    
        setup_databases_args = {}
    
        if not django_db_use_migrations:
            _disable_migrations()
    
        if django_db_keepdb and not django_db_createdb:
            setup_databases_args["keepdb"] = True
    
        with django_db_blocker.unblock():
>           db_cfg = setup_databases(
                verbosity=request.config.option.verbose,
                interactive=False,
                **setup_databases_args,
            )

..\..\..\AppData\Roaming\Python\Python313\site-packages\pytest_django\fixtures.py:140: 
_ _ _ _ _ _ _ _ _ _ _ _ _ _ _ _ _ _ _ _ _ _ _ _ _ _ _ _ _ _ _ _ _ _ _ _ _ _ _ _
..\..\..\AppData\Roaming\Python\Python313\site-packages\django\test\utils.py:204: in setup_databases
    connection.creation.create_test_db(
..\..\..\AppData\Roaming\Python\Python313\site-packages\django\db\backends\base\creation.py:62: in create_test_db
    self._create_test_db(verbosity, autoclobber, keepdb)
..\..\..\AppData\Roaming\Python\Python313\site-packages\django\db\backends\base\creation.py:202: in _create_test_db
    with self._nodb_cursor() as cursor:
C:\Python313\Lib\contextlib.py:141: in __enter__
    return next(self.gen)
..\..\..\AppData\Roaming\Python\Python313\site-packages\django\db\backends\postgresql\base.py:533: in _nodb_cursor
    with conn.cursor() as cursor:
..\..\..\AppData\Roaming\Python\Python313\site-packages\django\utils\asyncio.py:26: in inner
    return func(*args, **kwargs)
..\..\..\AppData\Roaming\Python\Python313\site-packages\django\db\backends\base\base.py:320: in cursor
    return self._cursor()
..\..\..\AppData\Roaming\Python\Python313\site-packages\django\db\backends\base\base.py:296: in _cursor
    self.ensure_connection()
..\..\..\AppData\Roaming\Python\Python313\site-packages\django\utils\asyncio.py:26: in inner
    return func(*args, **kwargs)
..\..\..\AppData\Roaming\Python\Python313\site-packages\django\db\backends\base\base.py:278: in ensure_connection
    with self.wrap_database_errors:
..\..\..\AppData\Roaming\Python\Python313\site-packages\django\db\utils.py:91: in __exit__
    raise dj_exc_value.with_traceback(traceback) from exc_value
..\..\..\AppData\Roaming\Python\Python313\site-packages\django\db\backends\base\base.py:279: in ensure_connection
    self.connect()
..\..\..\AppData\Roaming\Python\Python313\site-packages\django\utils\asyncio.py:26: in inner
    return func(*args, **kwargs)
..\..\..\AppData\Roaming\Python\Python313\site-packages\django\db\backends\base\base.py:256: in connect
    self.connection = self.get_new_connection(conn_params)
..\..\..\AppData\Roaming\Python\Python313\site-packages\django\utils\asyncio.py:26: in inner
    return func(*args, **kwargs)
..\..\..\AppData\Roaming\Python\Python313\site-packages\django\db\backends\postgresql\base.py:332: in get_new_connection
    connection = self.Database.connect(**conn_params)
_ _ _ _ _ _ _ _ _ _ _ _ _ _ _ _ _ _ _ _ _ _ _ _ _ _ _ _ _ _ _ _ _ _ _ _ _ _ _ _

cls = <class 'psycopg.Connection'>
conninfo = 'dbname=ruffles_db client_encoding=UTF8 user=postgres password=postgres host=localhost port=5432 hostaddr=127.0.0.1'
autocommit = False, prepare_threshold = None
context = <psycopg.adapt.AdaptersMap object at 0x000001CEB3E42350>
row_factory = None
cursor_factory = <class 'django.db.backends.postgresql.base.Cursor'>
kwargs = {'client_encoding': 'UTF8', 'dbname': 'ruffles_db', 'host': 'localhost', 'password': 'postgres', ...}
params = {'client_encoding': 'UTF8', 'dbname': 'ruffles_db', 'host': 'localhost', 'password': 'postgres', ...}
timeout = 130

    @classmethod
    def connect(
        cls,
        conninfo: str = "",
        *,
        autocommit: bool = False,
        prepare_threshold: int | None = 5,
        context: AdaptContext | None = None,
        row_factory: RowFactory[Row] | None = None,
        cursor_factory: type[Cursor[Row]] | None = None,
        **kwargs: ConnParam,
    ) -> Self:
        """
        Connect to a database server and return a new `Connection` instance.
        """
    
        params = cls._get_connection_params(conninfo, **kwargs)
        timeout = timeout_from_conninfo(params)
        rv = None
        attempts = conninfo_attempts(params)
        conn_errors: list[tuple[e.Error, str]] = []
        for attempt in attempts:
            tdescr = (attempt.get("host"), attempt.get("port"), attempt.get("hostaddr"))
            descr = "host: %r, port: %r, hostaddr: %r" % tdescr
            logger.debug("connection attempt: %s", descr)
            try:
                conninfo = make_conninfo("", **attempt)
                gen = cls._connect_gen(conninfo, timeout=timeout)
                rv = waiting.wait_conn(gen, interval=_WAIT_INTERVAL)
            except e.Error as ex:
                logger.debug("connection failed: %s: %s", descr, str(ex))
                conn_errors.append((ex, descr))
            except e._NO_TRACEBACK as ex:
                raise ex.with_traceback(None)
            else:
                logger.debug("connection succeeded: %s", descr)
                break
    
        if not rv:
            last_ex = conn_errors[-1][0]
            if len(conn_errors) == 1:
                raise last_ex.with_traceback(None)
    
            # Create a new exception with the same type as the last one, containing
            # all attempt errors while preserving backward compatibility.
            lines = [str(last_ex)]
            lines.append("Multiple connection attempts failed. All failures were:")
            lines.extend((f"- {descr}: {error}" for error, descr in conn_errors))
>           raise type(last_ex)("\n".join(lines)).with_traceback(None)
E           django.db.utils.OperationalError: connection failed: connection to server at "127.0.0.1", port 5432 failed: FATAL:  la autentificaci\ufffdn password fall\ufffd para el usuario \ufffdpostgres\ufffd
E           Multiple connection attempts failed. All failures were:
E           - host: 'localhost', port: '5432', hostaddr: '::1': connection failed: connection to server at "::1", port 5432 failed: FATAL:  la autentificaci\ufffdn password fall\ufffd para el usuario \ufffdpostgres\ufffd
E           - host: 'localhost', port: '5432', hostaddr: '127.0.0.1': connection failed: connection to server at "127.0.0.1", port 5432 failed: FATAL:  la autentificaci\ufffdn password fall\ufffd para el usuario \ufffdpostgres\ufffd

..\..\..\AppData\Roaming\Python\Python313\site-packages\psycopg\connection.py:127: OperationalError
______ ERROR at setup of test_registration_missing_fields[payload0-name] ______

self = <DatabaseWrapper vendor='postgresql' alias='__no_db__'>

    @async_unsafe
    def ensure_connection(self):
        """Guarantee that a connection to the database is established."""
        if self.connection is None:
            if self.in_atomic_block and self.closed_in_transaction:
                raise ProgrammingError(
                    "Cannot open a new connection in an atomic block."
                )
            with self.wrap_database_errors:
>               self.connect()

..\..\..\AppData\Roaming\Python\Python313\site-packages\django\db\backends\base\base.py:279: 
_ _ _ _ _ _ _ _ _ _ _ _ _ _ _ _ _ _ _ _ _ _ _ _ _ _ _ _ _ _ _ _ _ _ _ _ _ _ _ _
..\..\..\AppData\Roaming\Python\Python313\site-packages\django\utils\asyncio.py:26: in inner
    return func(*args, **kwargs)
..\..\..\AppData\Roaming\Python\Python313\site-packages\django\db\backends\base\base.py:256: in connect
    self.connection = self.get_new_connection(conn_params)
..\..\..\AppData\Roaming\Python\Python313\site-packages\django\utils\asyncio.py:26: in inner
    return func(*args, **kwargs)
..\..\..\AppData\Roaming\Python\Python313\site-packages\django\db\backends\postgresql\base.py:332: in get_new_connection
    connection = self.Database.connect(**conn_params)
_ _ _ _ _ _ _ _ _ _ _ _ _ _ _ _ _ _ _ _ _ _ _ _ _ _ _ _ _ _ _ _ _ _ _ _ _ _ _ _

cls = <class 'psycopg.Connection'>
conninfo = 'dbname=postgres client_encoding=UTF8 user=postgres password=postgres host=localhost port=5432 hostaddr=127.0.0.1'
autocommit = False, prepare_threshold = None
context = <psycopg.adapt.AdaptersMap object at 0x000001CEB3E42350>
row_factory = None
cursor_factory = <class 'django.db.backends.postgresql.base.Cursor'>
kwargs = {'client_encoding': 'UTF8', 'dbname': 'postgres', 'host': 'localhost', 'password': 'postgres', ...}
params = {'client_encoding': 'UTF8', 'dbname': 'postgres', 'host': 'localhost', 'password': 'postgres', ...}
timeout = 130

    @classmethod
    def connect(
        cls,
        conninfo: str = "",
        *,
        autocommit: bool = False,
        prepare_threshold: int | None = 5,
        context: AdaptContext | None = None,
        row_factory: RowFactory[Row] | None = None,
        cursor_factory: type[Cursor[Row]] | None = None,
        **kwargs: ConnParam,
    ) -> Self:
        """
        Connect to a database server and return a new `Connection` instance.
        """
    
        params = cls._get_connection_params(conninfo, **kwargs)
        timeout = timeout_from_conninfo(params)
        rv = None
        attempts = conninfo_attempts(params)
        conn_errors: list[tuple[e.Error, str]] = []
        for attempt in attempts:
            tdescr = (attempt.get("host"), attempt.get("port"), attempt.get("hostaddr"))
            descr = "host: %r, port: %r, hostaddr: %r" % tdescr
            logger.debug("connection attempt: %s", descr)
            try:
                conninfo = make_conninfo("", **attempt)
                gen = cls._connect_gen(conninfo, timeout=timeout)
                rv = waiting.wait_conn(gen, interval=_WAIT_INTERVAL)
            except e.Error as ex:
                logger.debug("connection failed: %s: %s", descr, str(ex))
                conn_errors.append((ex, descr))
            except e._NO_TRACEBACK as ex:
                raise ex.with_traceback(None)
            else:
                logger.debug("connection succeeded: %s", descr)
                break
    
        if not rv:
            last_ex = conn_errors[-1][0]
            if len(conn_errors) == 1:
                raise last_ex.with_traceback(None)
    
            # Create a new exception with the same type as the last one, containing
            # all attempt errors while preserving backward compatibility.
            lines = [str(last_ex)]
            lines.append("Multiple connection attempts failed. All failures were:")
            lines.extend((f"- {descr}: {error}" for error, descr in conn_errors))
>           raise type(last_ex)("\n".join(lines)).with_traceback(None)
E           psycopg.OperationalError: connection failed: connection to server at "127.0.0.1", port 5432 failed: FATAL:  la autentificaci\ufffdn password fall\ufffd para el usuario \ufffdpostgres\ufffd
E           Multiple connection attempts failed. All failures were:
E           - host: 'localhost', port: '5432', hostaddr: '::1': connection failed: connection to server at "::1", port 5432 failed: FATAL:  la autentificaci\ufffdn password fall\ufffd para el usuario \ufffdpostgres\ufffd
E           - host: 'localhost', port: '5432', hostaddr: '127.0.0.1': connection failed: connection to server at "127.0.0.1", port 5432 failed: FATAL:  la autentificaci\ufffdn password fall\ufffd para el usuario \ufffdpostgres\ufffd

..\..\..\AppData\Roaming\Python\Python313\site-packages\psycopg\connection.py:127: OperationalError

The above exception was the direct cause of the following exception:

self = <DatabaseWrapper vendor='postgresql' alias='default'>

    @contextmanager
    def _nodb_cursor(self):
        cursor = None
        try:
>           with super()._nodb_cursor() as cursor:

..\..\..\AppData\Roaming\Python\Python313\site-packages\django\db\backends\postgresql\base.py:507: 
_ _ _ _ _ _ _ _ _ _ _ _ _ _ _ _ _ _ _ _ _ _ _ _ _ _ _ _ _ _ _ _ _ _ _ _ _ _ _ _
C:\Python313\Lib\contextlib.py:141: in __enter__
    return next(self.gen)
..\..\..\AppData\Roaming\Python\Python313\site-packages\django\db\backends\base\base.py:712: in _nodb_cursor
    with conn.cursor() as cursor:
..\..\..\AppData\Roaming\Python\Python313\site-packages\django\utils\asyncio.py:26: in inner
    return func(*args, **kwargs)
..\..\..\AppData\Roaming\Python\Python313\site-packages\django\db\backends\base\base.py:320: in cursor
    return self._cursor()
..\..\..\AppData\Roaming\Python\Python313\site-packages\django\db\backends\base\base.py:296: in _cursor
    self.ensure_connection()
..\..\..\AppData\Roaming\Python\Python313\site-packages\django\utils\asyncio.py:26: in inner
    return func(*args, **kwargs)
..\..\..\AppData\Roaming\Python\Python313\site-packages\django\db\backends\base\base.py:278: in ensure_connection
    with self.wrap_database_errors:
..\..\..\AppData\Roaming\Python\Python313\site-packages\django\db\utils.py:91: in __exit__
    raise dj_exc_value.with_traceback(traceback) from exc_value
..\..\..\AppData\Roaming\Python\Python313\site-packages\django\db\backends\base\base.py:279: in ensure_connection
    self.connect()
..\..\..\AppData\Roaming\Python\Python313\site-packages\django\utils\asyncio.py:26: in inner
    return func(*args, **kwargs)
..\..\..\AppData\Roaming\Python\Python313\site-packages\django\db\backends\base\base.py:256: in connect
    self.connection = self.get_new_connection(conn_params)
..\..\..\AppData\Roaming\Python\Python313\site-packages\django\utils\asyncio.py:26: in inner
    return func(*args, **kwargs)
..\..\..\AppData\Roaming\Python\Python313\site-packages\django\db\backends\postgresql\base.py:332: in get_new_connection
    connection = self.Database.connect(**conn_params)
_ _ _ _ _ _ _ _ _ _ _ _ _ _ _ _ _ _ _ _ _ _ _ _ _ _ _ _ _ _ _ _ _ _ _ _ _ _ _ _

cls = <class 'psycopg.Connection'>
conninfo = 'dbname=postgres client_encoding=UTF8 user=postgres password=postgres host=localhost port=5432 hostaddr=127.0.0.1'
autocommit = False, prepare_threshold = None
context = <psycopg.adapt.AdaptersMap object at 0x000001CEB3E42350>
row_factory = None
cursor_factory = <class 'django.db.backends.postgresql.base.Cursor'>
kwargs = {'client_encoding': 'UTF8', 'dbname': 'postgres', 'host': 'localhost', 'password': 'postgres', ...}
params = {'client_encoding': 'UTF8', 'dbname': 'postgres', 'host': 'localhost', 'password': 'postgres', ...}
timeout = 130

    @classmethod
    def connect(
        cls,
        conninfo: str = "",
        *,
        autocommit: bool = False,
        prepare_threshold: int | None = 5,
        context: AdaptContext | None = None,
        row_factory: RowFactory[Row] | None = None,
        cursor_factory: type[Cursor[Row]] | None = None,
        **kwargs: ConnParam,
    ) -> Self:
        """
        Connect to a database server and return a new `Connection` instance.
        """
    
        params = cls._get_connection_params(conninfo, **kwargs)
        timeout = timeout_from_conninfo(params)
        rv = None
        attempts = conninfo_attempts(params)
        conn_errors: list[tuple[e.Error, str]] = []
        for attempt in attempts:
            tdescr = (attempt.get("host"), attempt.get("port"), attempt.get("hostaddr"))
            descr = "host: %r, port: %r, hostaddr: %r" % tdescr
            logger.debug("connection attempt: %s", descr)
            try:
                conninfo = make_conninfo("", **attempt)
                gen = cls._connect_gen(conninfo, timeout=timeout)
                rv = waiting.wait_conn(gen, interval=_WAIT_INTERVAL)
            except e.Error as ex:
                logger.debug("connection failed: %s: %s", descr, str(ex))
                conn_errors.append((ex, descr))
            except e._NO_TRACEBACK as ex:
                raise ex.with_traceback(None)
            else:
                logger.debug("connection succeeded: %s", descr)
                break
    
        if not rv:
            last_ex = conn_errors[-1][0]
            if len(conn_errors) == 1:
                raise last_ex.with_traceback(None)
    
            # Create a new exception with the same type as the last one, containing
            # all attempt errors while preserving backward compatibility.
            lines = [str(last_ex)]
            lines.append("Multiple connection attempts failed. All failures were:")
            lines.extend((f"- {descr}: {error}" for error, descr in conn_errors))
>           raise type(last_ex)("\n".join(lines)).with_traceback(None)
E           django.db.utils.OperationalError: connection failed: connection to server at "127.0.0.1", port 5432 failed: FATAL:  la autentificaci\ufffdn password fall\ufffd para el usuario \ufffdpostgres\ufffd
E           Multiple connection attempts failed. All failures were:
E           - host: 'localhost', port: '5432', hostaddr: '::1': connection failed: connection to server at "::1", port 5432 failed: FATAL:  la autentificaci\ufffdn password fall\ufffd para el usuario \ufffdpostgres\ufffd
E           - host: 'localhost', port: '5432', hostaddr: '127.0.0.1': connection failed: connection to server at "127.0.0.1", port 5432 failed: FATAL:  la autentificaci\ufffdn password fall\ufffd para el usuario \ufffdpostgres\ufffd

..\..\..\AppData\Roaming\Python\Python313\site-packages\psycopg\connection.py:127: OperationalError

During handling of the above exception, another exception occurred:

self = <DatabaseWrapper vendor='postgresql' alias='default'>

    @async_unsafe
    def ensure_connection(self):
        """Guarantee that a connection to the database is established."""
        if self.connection is None:
            if self.in_atomic_block and self.closed_in_transaction:
                raise ProgrammingError(
                    "Cannot open a new connection in an atomic block."
                )
            with self.wrap_database_errors:
>               self.connect()

..\..\..\AppData\Roaming\Python\Python313\site-packages\django\db\backends\base\base.py:279: 
_ _ _ _ _ _ _ _ _ _ _ _ _ _ _ _ _ _ _ _ _ _ _ _ _ _ _ _ _ _ _ _ _ _ _ _ _ _ _ _
..\..\..\AppData\Roaming\Python\Python313\site-packages\django\utils\asyncio.py:26: in inner
    return func(*args, **kwargs)
..\..\..\AppData\Roaming\Python\Python313\site-packages\django\db\backends\base\base.py:256: in connect
    self.connection = self.get_new_connection(conn_params)
..\..\..\AppData\Roaming\Python\Python313\site-packages\django\utils\asyncio.py:26: in inner
    return func(*args, **kwargs)
..\..\..\AppData\Roaming\Python\Python313\site-packages\django\db\backends\postgresql\base.py:332: in get_new_connection
    connection = self.Database.connect(**conn_params)
_ _ _ _ _ _ _ _ _ _ _ _ _ _ _ _ _ _ _ _ _ _ _ _ _ _ _ _ _ _ _ _ _ _ _ _ _ _ _ _

cls = <class 'psycopg.Connection'>
conninfo = 'dbname=ruffles_db client_encoding=UTF8 user=postgres password=postgres host=localhost port=5432 hostaddr=127.0.0.1'
autocommit = False, prepare_threshold = None
context = <psycopg.adapt.AdaptersMap object at 0x000001CEB3E42350>
row_factory = None
cursor_factory = <class 'django.db.backends.postgresql.base.Cursor'>
kwargs = {'client_encoding': 'UTF8', 'dbname': 'ruffles_db', 'host': 'localhost', 'password': 'postgres', ...}
params = {'client_encoding': 'UTF8', 'dbname': 'ruffles_db', 'host': 'localhost', 'password': 'postgres', ...}
timeout = 130

    @classmethod
    def connect(
        cls,
        conninfo: str = "",
        *,
        autocommit: bool = False,
        prepare_threshold: int | None = 5,
        context: AdaptContext | None = None,
        row_factory: RowFactory[Row] | None = None,
        cursor_factory: type[Cursor[Row]] | None = None,
        **kwargs: ConnParam,
    ) -> Self:
        """
        Connect to a database server and return a new `Connection` instance.
        """
    
        params = cls._get_connection_params(conninfo, **kwargs)
        timeout = timeout_from_conninfo(params)
        rv = None
        attempts = conninfo_attempts(params)
        conn_errors: list[tuple[e.Error, str]] = []
        for attempt in attempts:
            tdescr = (attempt.get("host"), attempt.get("port"), attempt.get("hostaddr"))
            descr = "host: %r, port: %r, hostaddr: %r" % tdescr
            logger.debug("connection attempt: %s", descr)
            try:
                conninfo = make_conninfo("", **attempt)
                gen = cls._connect_gen(conninfo, timeout=timeout)
                rv = waiting.wait_conn(gen, interval=_WAIT_INTERVAL)
            except e.Error as ex:
                logger.debug("connection failed: %s: %s", descr, str(ex))
                conn_errors.append((ex, descr))
            except e._NO_TRACEBACK as ex:
                raise ex.with_traceback(None)
            else:
                logger.debug("connection succeeded: %s", descr)
                break
    
        if not rv:
            last_ex = conn_errors[-1][0]
            if len(conn_errors) == 1:
                raise last_ex.with_traceback(None)
    
            # Create a new exception with the same type as the last one, containing
            # all attempt errors while preserving backward compatibility.
            lines = [str(last_ex)]
            lines.append("Multiple connection attempts failed. All failures were:")
            lines.extend((f"- {descr}: {error}" for error, descr in conn_errors))
>           raise type(last_ex)("\n".join(lines)).with_traceback(None)
E           psycopg.OperationalError: connection failed: connection to server at "127.0.0.1", port 5432 failed: FATAL:  la autentificaci\ufffdn password fall\ufffd para el usuario \ufffdpostgres\ufffd
E           Multiple connection attempts failed. All failures were:
E           - host: 'localhost', port: '5432', hostaddr: '::1': connection failed: connection to server at "::1", port 5432 failed: FATAL:  la autentificaci\ufffdn password fall\ufffd para el usuario \ufffdpostgres\ufffd
E           - host: 'localhost', port: '5432', hostaddr: '127.0.0.1': connection failed: connection to server at "127.0.0.1", port 5432 failed: FATAL:  la autentificaci\ufffdn password fall\ufffd para el usuario \ufffdpostgres\ufffd

..\..\..\AppData\Roaming\Python\Python313\site-packages\psycopg\connection.py:127: OperationalError

The above exception was the direct cause of the following exception:

request = <SubRequest '_django_db_marker' for <Function test_registration_missing_fields[payload0-name]>>

    @pytest.fixture(autouse=True)
    def _django_db_marker(request: pytest.FixtureRequest) -> None:
        """Implement the django_db marker, internal to pytest-django."""
        marker = request.node.get_closest_marker("django_db")
        if marker:
>           request.getfixturevalue("_django_db_helper")

..\..\..\AppData\Roaming\Python\Python313\site-packages\pytest_django\plugin.py:527: 
_ _ _ _ _ _ _ _ _ _ _ _ _ _ _ _ _ _ _ _ _ _ _ _ _ _ _ _ _ _ _ _ _ _ _ _ _ _ _ _
..\..\..\AppData\Roaming\Python\Python313\site-packages\pytest_django\fixtures.py:140: in django_db_setup
    db_cfg = setup_databases(
..\..\..\AppData\Roaming\Python\Python313\site-packages\django\test\utils.py:204: in setup_databases
    connection.creation.create_test_db(
..\..\..\AppData\Roaming\Python\Python313\site-packages\django\db\backends\base\creation.py:62: in create_test_db
    self._create_test_db(verbosity, autoclobber, keepdb)
..\..\..\AppData\Roaming\Python\Python313\site-packages\django\db\backends\base\creation.py:202: in _create_test_db
    with self._nodb_cursor() as cursor:
C:\Python313\Lib\contextlib.py:141: in __enter__
    return next(self.gen)
..\..\..\AppData\Roaming\Python\Python313\site-packages\django\db\backends\postgresql\base.py:533: in _nodb_cursor
    with conn.cursor() as cursor:
..\..\..\AppData\Roaming\Python\Python313\site-packages\django\utils\asyncio.py:26: in inner
    return func(*args, **kwargs)
..\..\..\AppData\Roaming\Python\Python313\site-packages\django\db\backends\base\base.py:320: in cursor
    return self._cursor()
..\..\..\AppData\Roaming\Python\Python313\site-packages\django\db\backends\base\base.py:296: in _cursor
    self.ensure_connection()
..\..\..\AppData\Roaming\Python\Python313\site-packages\django\utils\asyncio.py:26: in inner
    return func(*args, **kwargs)
..\..\..\AppData\Roaming\Python\Python313\site-packages\django\db\backends\base\base.py:278: in ensure_connection
    with self.wrap_database_errors:
..\..\..\AppData\Roaming\Python\Python313\site-packages\django\db\utils.py:91: in __exit__
    raise dj_exc_value.with_traceback(traceback) from exc_value
..\..\..\AppData\Roaming\Python\Python313\site-packages\django\db\backends\base\base.py:279: in ensure_connection
    self.connect()
..\..\..\AppData\Roaming\Python\Python313\site-packages\django\utils\asyncio.py:26: in inner
    return func(*args, **kwargs)
..\..\..\AppData\Roaming\Python\Python313\site-packages\django\db\backends\base\base.py:256: in connect
    self.connection = self.get_new_connection(conn_params)
..\..\..\AppData\Roaming\Python\Python313\site-packages\django\utils\asyncio.py:26: in inner
    return func(*args, **kwargs)
..\..\..\AppData\Roaming\Python\Python313\site-packages\django\db\backends\postgresql\base.py:332: in get_new_connection
    connection = self.Database.connect(**conn_params)
_ _ _ _ _ _ _ _ _ _ _ _ _ _ _ _ _ _ _ _ _ _ _ _ _ _ _ _ _ _ _ _ _ _ _ _ _ _ _ _

cls = <class 'psycopg.Connection'>
conninfo = 'dbname=ruffles_db client_encoding=UTF8 user=postgres password=postgres host=localhost port=5432 hostaddr=127.0.0.1'
autocommit = False, prepare_threshold = None
context = <psycopg.adapt.AdaptersMap object at 0x000001CEB3E42350>
row_factory = None
cursor_factory = <class 'django.db.backends.postgresql.base.Cursor'>
kwargs = {'client_encoding': 'UTF8', 'dbname': 'ruffles_db', 'host': 'localhost', 'password': 'postgres', ...}
params = {'client_encoding': 'UTF8', 'dbname': 'ruffles_db', 'host': 'localhost', 'password': 'postgres', ...}
timeout = 130

    @classmethod
    def connect(
        cls,
        conninfo: str = "",
        *,
        autocommit: bool = False,
        prepare_threshold: int | None = 5,
        context: AdaptContext | None = None,
        row_factory: RowFactory[Row] | None = None,
        cursor_factory: type[Cursor[Row]] | None = None,
        **kwargs: ConnParam,
    ) -> Self:
        """
        Connect to a database server and return a new `Connection` instance.
        """
    
        params = cls._get_connection_params(conninfo, **kwargs)
        timeout = timeout_from_conninfo(params)
        rv = None
        attempts = conninfo_attempts(params)
        conn_errors: list[tuple[e.Error, str]] = []
        for attempt in attempts:
            tdescr = (attempt.get("host"), attempt.get("port"), attempt.get("hostaddr"))
            descr = "host: %r, port: %r, hostaddr: %r" % tdescr
            logger.debug("connection attempt: %s", descr)
            try:
                conninfo = make_conninfo("", **attempt)
                gen = cls._connect_gen(conninfo, timeout=timeout)
                rv = waiting.wait_conn(gen, interval=_WAIT_INTERVAL)
            except e.Error as ex:
                logger.debug("connection failed: %s: %s", descr, str(ex))
                conn_errors.append((ex, descr))
            except e._NO_TRACEBACK as ex:
                raise ex.with_traceback(None)
            else:
                logger.debug("connection succeeded: %s", descr)
                break
    
        if not rv:
            last_ex = conn_errors[-1][0]
            if len(conn_errors) == 1:
                raise last_ex.with_traceback(None)
    
            # Create a new exception with the same type as the last one, containing
            # all attempt errors while preserving backward compatibility.
            lines = [str(last_ex)]
            lines.append("Multiple connection attempts failed. All failures were:")
            lines.extend((f"- {descr}: {error}" for error, descr in conn_errors))
>           raise type(last_ex)("\n".join(lines)).with_traceback(None)
E           django.db.utils.OperationalError: connection failed: connection to server at "127.0.0.1", port 5432 failed: FATAL:  la autentificaci\ufffdn password fall\ufffd para el usuario \ufffdpostgres\ufffd
E           Multiple connection attempts failed. All failures were:
E           - host: 'localhost', port: '5432', hostaddr: '::1': connection failed: connection to server at "::1", port 5432 failed: FATAL:  la autentificaci\ufffdn password fall\ufffd para el usuario \ufffdpostgres\ufffd
E           - host: 'localhost', port: '5432', hostaddr: '127.0.0.1': connection failed: connection to server at "127.0.0.1", port 5432 failed: FATAL:  la autentificaci\ufffdn password fall\ufffd para el usuario \ufffdpostgres\ufffd

..\..\..\AppData\Roaming\Python\Python313\site-packages\psycopg\connection.py:127: OperationalError
_____ ERROR at setup of test_registration_missing_fields[payload1-email] ______

self = <DatabaseWrapper vendor='postgresql' alias='__no_db__'>

    @async_unsafe
    def ensure_connection(self):
        """Guarantee that a connection to the database is established."""
        if self.connection is None:
            if self.in_atomic_block and self.closed_in_transaction:
                raise ProgrammingError(
                    "Cannot open a new connection in an atomic block."
                )
            with self.wrap_database_errors:
>               self.connect()

..\..\..\AppData\Roaming\Python\Python313\site-packages\django\db\backends\base\base.py:279: 
_ _ _ _ _ _ _ _ _ _ _ _ _ _ _ _ _ _ _ _ _ _ _ _ _ _ _ _ _ _ _ _ _ _ _ _ _ _ _ _
..\..\..\AppData\Roaming\Python\Python313\site-packages\django\utils\asyncio.py:26: in inner
    return func(*args, **kwargs)
..\..\..\AppData\Roaming\Python\Python313\site-packages\django\db\backends\base\base.py:256: in connect
    self.connection = self.get_new_connection(conn_params)
..\..\..\AppData\Roaming\Python\Python313\site-packages\django\utils\asyncio.py:26: in inner
    return func(*args, **kwargs)
..\..\..\AppData\Roaming\Python\Python313\site-packages\django\db\backends\postgresql\base.py:332: in get_new_connection
    connection = self.Database.connect(**conn_params)
_ _ _ _ _ _ _ _ _ _ _ _ _ _ _ _ _ _ _ _ _ _ _ _ _ _ _ _ _ _ _ _ _ _ _ _ _ _ _ _

cls = <class 'psycopg.Connection'>
conninfo = 'dbname=postgres client_encoding=UTF8 user=postgres password=postgres host=localhost port=5432 hostaddr=127.0.0.1'
autocommit = False, prepare_threshold = None
context = <psycopg.adapt.AdaptersMap object at 0x000001CEB3E42350>
row_factory = None
cursor_factory = <class 'django.db.backends.postgresql.base.Cursor'>
kwargs = {'client_encoding': 'UTF8', 'dbname': 'postgres', 'host': 'localhost', 'password': 'postgres', ...}
params = {'client_encoding': 'UTF8', 'dbname': 'postgres', 'host': 'localhost', 'password': 'postgres', ...}
timeout = 130

    @classmethod
    def connect(
        cls,
        conninfo: str = "",
        *,
        autocommit: bool = False,
        prepare_threshold: int | None = 5,
        context: AdaptContext | None = None,
        row_factory: RowFactory[Row] | None = None,
        cursor_factory: type[Cursor[Row]] | None = None,
        **kwargs: ConnParam,
    ) -> Self:
        """
        Connect to a database server and return a new `Connection` instance.
        """
    
        params = cls._get_connection_params(conninfo, **kwargs)
        timeout = timeout_from_conninfo(params)
        rv = None
        attempts = conninfo_attempts(params)
        conn_errors: list[tuple[e.Error, str]] = []
        for attempt in attempts:
            tdescr = (attempt.get("host"), attempt.get("port"), attempt.get("hostaddr"))
            descr = "host: %r, port: %r, hostaddr: %r" % tdescr
            logger.debug("connection attempt: %s", descr)
            try:
                conninfo = make_conninfo("", **attempt)
                gen = cls._connect_gen(conninfo, timeout=timeout)
                rv = waiting.wait_conn(gen, interval=_WAIT_INTERVAL)
            except e.Error as ex:
                logger.debug("connection failed: %s: %s", descr, str(ex))
                conn_errors.append((ex, descr))
            except e._NO_TRACEBACK as ex:
                raise ex.with_traceback(None)
            else:
                logger.debug("connection succeeded: %s", descr)
                break
    
        if not rv:
            last_ex = conn_errors[-1][0]
            if len(conn_errors) == 1:
                raise last_ex.with_traceback(None)
    
            # Create a new exception with the same type as the last one, containing
            # all attempt errors while preserving backward compatibility.
            lines = [str(last_ex)]
            lines.append("Multiple connection attempts failed. All failures were:")
            lines.extend((f"- {descr}: {error}" for error, descr in conn_errors))
>           raise type(last_ex)("\n".join(lines)).with_traceback(None)
E           psycopg.OperationalError: connection failed: connection to server at "127.0.0.1", port 5432 failed: FATAL:  la autentificaci\ufffdn password fall\ufffd para el usuario \ufffdpostgres\ufffd
E           Multiple connection attempts failed. All failures were:
E           - host: 'localhost', port: '5432', hostaddr: '::1': connection failed: connection to server at "::1", port 5432 failed: FATAL:  la autentificaci\ufffdn password fall\ufffd para el usuario \ufffdpostgres\ufffd
E           - host: 'localhost', port: '5432', hostaddr: '127.0.0.1': connection failed: connection to server at "127.0.0.1", port 5432 failed: FATAL:  la autentificaci\ufffdn password fall\ufffd para el usuario \ufffdpostgres\ufffd

..\..\..\AppData\Roaming\Python\Python313\site-packages\psycopg\connection.py:127: OperationalError

The above exception was the direct cause of the following exception:

self = <DatabaseWrapper vendor='postgresql' alias='default'>

    @contextmanager
    def _nodb_cursor(self):
        cursor = None
        try:
>           with super()._nodb_cursor() as cursor:

..\..\..\AppData\Roaming\Python\Python313\site-packages\django\db\backends\postgresql\base.py:507: 
_ _ _ _ _ _ _ _ _ _ _ _ _ _ _ _ _ _ _ _ _ _ _ _ _ _ _ _ _ _ _ _ _ _ _ _ _ _ _ _
C:\Python313\Lib\contextlib.py:141: in __enter__
    return next(self.gen)
..\..\..\AppData\Roaming\Python\Python313\site-packages\django\db\backends\base\base.py:712: in _nodb_cursor
    with conn.cursor() as cursor:
..\..\..\AppData\Roaming\Python\Python313\site-packages\django\utils\asyncio.py:26: in inner
    return func(*args, **kwargs)
..\..\..\AppData\Roaming\Python\Python313\site-packages\django\db\backends\base\base.py:320: in cursor
    return self._cursor()
..\..\..\AppData\Roaming\Python\Python313\site-packages\django\db\backends\base\base.py:296: in _cursor
    self.ensure_connection()
..\..\..\AppData\Roaming\Python\Python313\site-packages\django\utils\asyncio.py:26: in inner
    return func(*args, **kwargs)
..\..\..\AppData\Roaming\Python\Python313\site-packages\django\db\backends\base\base.py:278: in ensure_connection
    with self.wrap_database_errors:
..\..\..\AppData\Roaming\Python\Python313\site-packages\django\db\utils.py:91: in __exit__
    raise dj_exc_value.with_traceback(traceback) from exc_value
..\..\..\AppData\Roaming\Python\Python313\site-packages\django\db\backends\base\base.py:279: in ensure_connection
    self.connect()
..\..\..\AppData\Roaming\Python\Python313\site-packages\django\utils\asyncio.py:26: in inner
    return func(*args, **kwargs)
..\..\..\AppData\Roaming\Python\Python313\site-packages\django\db\backends\base\base.py:256: in connect
    self.connection = self.get_new_connection(conn_params)
..\..\..\AppData\Roaming\Python\Python313\site-packages\django\utils\asyncio.py:26: in inner
    return func(*args, **kwargs)
..\..\..\AppData\Roaming\Python\Python313\site-packages\django\db\backends\postgresql\base.py:332: in get_new_connection
    connection = self.Database.connect(**conn_params)
_ _ _ _ _ _ _ _ _ _ _ _ _ _ _ _ _ _ _ _ _ _ _ _ _ _ _ _ _ _ _ _ _ _ _ _ _ _ _ _

cls = <class 'psycopg.Connection'>
conninfo = 'dbname=postgres client_encoding=UTF8 user=postgres password=postgres host=localhost port=5432 hostaddr=127.0.0.1'
autocommit = False, prepare_threshold = None
context = <psycopg.adapt.AdaptersMap object at 0x000001CEB3E42350>
row_factory = None
cursor_factory = <class 'django.db.backends.postgresql.base.Cursor'>
kwargs = {'client_encoding': 'UTF8', 'dbname': 'postgres', 'host': 'localhost', 'password': 'postgres', ...}
params = {'client_encoding': 'UTF8', 'dbname': 'postgres', 'host': 'localhost', 'password': 'postgres', ...}
timeout = 130

    @classmethod
    def connect(
        cls,
        conninfo: str = "",
        *,
        autocommit: bool = False,
        prepare_threshold: int | None = 5,
        context: AdaptContext | None = None,
        row_factory: RowFactory[Row] | None = None,
        cursor_factory: type[Cursor[Row]] | None = None,
        **kwargs: ConnParam,
    ) -> Self:
        """
        Connect to a database server and return a new `Connection` instance.
        """
    
        params = cls._get_connection_params(conninfo, **kwargs)
        timeout = timeout_from_conninfo(params)
        rv = None
        attempts = conninfo_attempts(params)
        conn_errors: list[tuple[e.Error, str]] = []
        for attempt in attempts:
            tdescr = (attempt.get("host"), attempt.get("port"), attempt.get("hostaddr"))
            descr = "host: %r, port: %r, hostaddr: %r" % tdescr
            logger.debug("connection attempt: %s", descr)
            try:
                conninfo = make_conninfo("", **attempt)
                gen = cls._connect_gen(conninfo, timeout=timeout)
                rv = waiting.wait_conn(gen, interval=_WAIT_INTERVAL)
            except e.Error as ex:
                logger.debug("connection failed: %s: %s", descr, str(ex))
                conn_errors.append((ex, descr))
            except e._NO_TRACEBACK as ex:
                raise ex.with_traceback(None)
            else:
                logger.debug("connection succeeded: %s", descr)
                break
    
        if not rv:
            last_ex = conn_errors[-1][0]
            if len(conn_errors) == 1:
                raise last_ex.with_traceback(None)
    
            # Create a new exception with the same type as the last one, containing
            # all attempt errors while preserving backward compatibility.
            lines = [str(last_ex)]
            lines.append("Multiple connection attempts failed. All failures were:")
            lines.extend((f"- {descr}: {error}" for error, descr in conn_errors))
>           raise type(last_ex)("\n".join(lines)).with_traceback(None)
E           django.db.utils.OperationalError: connection failed: connection to server at "127.0.0.1", port 5432 failed: FATAL:  la autentificaci\ufffdn password fall\ufffd para el usuario \ufffdpostgres\ufffd
E           Multiple connection attempts failed. All failures were:
E           - host: 'localhost', port: '5432', hostaddr: '::1': connection failed: connection to server at "::1", port 5432 failed: FATAL:  la autentificaci\ufffdn password fall\ufffd para el usuario \ufffdpostgres\ufffd
E           - host: 'localhost', port: '5432', hostaddr: '127.0.0.1': connection failed: connection to server at "127.0.0.1", port 5432 failed: FATAL:  la autentificaci\ufffdn password fall\ufffd para el usuario \ufffdpostgres\ufffd

..\..\..\AppData\Roaming\Python\Python313\site-packages\psycopg\connection.py:127: OperationalError

During handling of the above exception, another exception occurred:

self = <DatabaseWrapper vendor='postgresql' alias='default'>

    @async_unsafe
    def ensure_connection(self):
        """Guarantee that a connection to the database is established."""
        if self.connection is None:
            if self.in_atomic_block and self.closed_in_transaction:
                raise ProgrammingError(
                    "Cannot open a new connection in an atomic block."
                )
            with self.wrap_database_errors:
>               self.connect()

..\..\..\AppData\Roaming\Python\Python313\site-packages\django\db\backends\base\base.py:279: 
_ _ _ _ _ _ _ _ _ _ _ _ _ _ _ _ _ _ _ _ _ _ _ _ _ _ _ _ _ _ _ _ _ _ _ _ _ _ _ _
..\..\..\AppData\Roaming\Python\Python313\site-packages\django\utils\asyncio.py:26: in inner
    return func(*args, **kwargs)
..\..\..\AppData\Roaming\Python\Python313\site-packages\django\db\backends\base\base.py:256: in connect
    self.connection = self.get_new_connection(conn_params)
..\..\..\AppData\Roaming\Python\Python313\site-packages\django\utils\asyncio.py:26: in inner
    return func(*args, **kwargs)
..\..\..\AppData\Roaming\Python\Python313\site-packages\django\db\backends\postgresql\base.py:332: in get_new_connection
    connection = self.Database.connect(**conn_params)
_ _ _ _ _ _ _ _ _ _ _ _ _ _ _ _ _ _ _ _ _ _ _ _ _ _ _ _ _ _ _ _ _ _ _ _ _ _ _ _

cls = <class 'psycopg.Connection'>
conninfo = 'dbname=ruffles_db client_encoding=UTF8 user=postgres password=postgres host=localhost port=5432 hostaddr=127.0.0.1'
autocommit = False, prepare_threshold = None
context = <psycopg.adapt.AdaptersMap object at 0x000001CEB3E42350>
row_factory = None
cursor_factory = <class 'django.db.backends.postgresql.base.Cursor'>
kwargs = {'client_encoding': 'UTF8', 'dbname': 'ruffles_db', 'host': 'localhost', 'password': 'postgres', ...}
params = {'client_encoding': 'UTF8', 'dbname': 'ruffles_db', 'host': 'localhost', 'password': 'postgres', ...}
timeout = 130

    @classmethod
    def connect(
        cls,
        conninfo: str = "",
        *,
        autocommit: bool = False,
        prepare_threshold: int | None = 5,
        context: AdaptContext | None = None,
        row_factory: RowFactory[Row] | None = None,
        cursor_factory: type[Cursor[Row]] | None = None,
        **kwargs: ConnParam,
    ) -> Self:
        """
        Connect to a database server and return a new `Connection` instance.
        """
    
        params = cls._get_connection_params(conninfo, **kwargs)
        timeout = timeout_from_conninfo(params)
        rv = None
        attempts = conninfo_attempts(params)
        conn_errors: list[tuple[e.Error, str]] = []
        for attempt in attempts:
            tdescr = (attempt.get("host"), attempt.get("port"), attempt.get("hostaddr"))
            descr = "host: %r, port: %r, hostaddr: %r" % tdescr
            logger.debug("connection attempt: %s", descr)
            try:
                conninfo = make_conninfo("", **attempt)
                gen = cls._connect_gen(conninfo, timeout=timeout)
                rv = waiting.wait_conn(gen, interval=_WAIT_INTERVAL)
            except e.Error as ex:
                logger.debug("connection failed: %s: %s", descr, str(ex))
                conn_errors.append((ex, descr))
            except e._NO_TRACEBACK as ex:
                raise ex.with_traceback(None)
            else:
                logger.debug("connection succeeded: %s", descr)
                break
    
        if not rv:
            last_ex = conn_errors[-1][0]
            if len(conn_errors) == 1:
                raise last_ex.with_traceback(None)
    
            # Create a new exception with the same type as the last one, containing
            # all attempt errors while preserving backward compatibility.
            lines = [str(last_ex)]
            lines.append("Multiple connection attempts failed. All failures were:")
            lines.extend((f"- {descr}: {error}" for error, descr in conn_errors))
>           raise type(last_ex)("\n".join(lines)).with_traceback(None)
E           psycopg.OperationalError: connection failed: connection to server at "127.0.0.1", port 5432 failed: FATAL:  la autentificaci\ufffdn password fall\ufffd para el usuario \ufffdpostgres\ufffd
E           Multiple connection attempts failed. All failures were:
E           - host: 'localhost', port: '5432', hostaddr: '::1': connection failed: connection to server at "::1", port 5432 failed: FATAL:  la autentificaci\ufffdn password fall\ufffd para el usuario \ufffdpostgres\ufffd
E           - host: 'localhost', port: '5432', hostaddr: '127.0.0.1': connection failed: connection to server at "127.0.0.1", port 5432 failed: FATAL:  la autentificaci\ufffdn password fall\ufffd para el usuario \ufffdpostgres\ufffd

..\..\..\AppData\Roaming\Python\Python313\site-packages\psycopg\connection.py:127: OperationalError

The above exception was the direct cause of the following exception:

request = <SubRequest '_django_db_marker' for <Function test_registration_missing_fields[payload1-email]>>

    @pytest.fixture(autouse=True)
    def _django_db_marker(request: pytest.FixtureRequest) -> None:
        """Implement the django_db marker, internal to pytest-django."""
        marker = request.node.get_closest_marker("django_db")
        if marker:
>           request.getfixturevalue("_django_db_helper")

..\..\..\AppData\Roaming\Python\Python313\site-packages\pytest_django\plugin.py:527: 
_ _ _ _ _ _ _ _ _ _ _ _ _ _ _ _ _ _ _ _ _ _ _ _ _ _ _ _ _ _ _ _ _ _ _ _ _ _ _ _
..\..\..\AppData\Roaming\Python\Python313\site-packages\pytest_django\fixtures.py:140: in django_db_setup
    db_cfg = setup_databases(
..\..\..\AppData\Roaming\Python\Python313\site-packages\django\test\utils.py:204: in setup_databases
    connection.creation.create_test_db(
..\..\..\AppData\Roaming\Python\Python313\site-packages\django\db\backends\base\creation.py:62: in create_test_db
    self._create_test_db(verbosity, autoclobber, keepdb)
..\..\..\AppData\Roaming\Python\Python313\site-packages\django\db\backends\base\creation.py:202: in _create_test_db
    with self._nodb_cursor() as cursor:
C:\Python313\Lib\contextlib.py:141: in __enter__
    return next(self.gen)
..\..\..\AppData\Roaming\Python\Python313\site-packages\django\db\backends\postgresql\base.py:533: in _nodb_cursor
    with conn.cursor() as cursor:
..\..\..\AppData\Roaming\Python\Python313\site-packages\django\utils\asyncio.py:26: in inner
    return func(*args, **kwargs)
..\..\..\AppData\Roaming\Python\Python313\site-packages\django\db\backends\base\base.py:320: in cursor
    return self._cursor()
..\..\..\AppData\Roaming\Python\Python313\site-packages\django\db\backends\base\base.py:296: in _cursor
    self.ensure_connection()
..\..\..\AppData\Roaming\Python\Python313\site-packages\django\utils\asyncio.py:26: in inner
    return func(*args, **kwargs)
..\..\..\AppData\Roaming\Python\Python313\site-packages\django\db\backends\base\base.py:278: in ensure_connection
    with self.wrap_database_errors:
..\..\..\AppData\Roaming\Python\Python313\site-packages\django\db\utils.py:91: in __exit__
    raise dj_exc_value.with_traceback(traceback) from exc_value
..\..\..\AppData\Roaming\Python\Python313\site-packages\django\db\backends\base\base.py:279: in ensure_connection
    self.connect()
..\..\..\AppData\Roaming\Python\Python313\site-packages\django\utils\asyncio.py:26: in inner
    return func(*args, **kwargs)
..\..\..\AppData\Roaming\Python\Python313\site-packages\django\db\backends\base\base.py:256: in connect
    self.connection = self.get_new_connection(conn_params)
..\..\..\AppData\Roaming\Python\Python313\site-packages\django\utils\asyncio.py:26: in inner
    return func(*args, **kwargs)
..\..\..\AppData\Roaming\Python\Python313\site-packages\django\db\backends\postgresql\base.py:332: in get_new_connection
    connection = self.Database.connect(**conn_params)
_ _ _ _ _ _ _ _ _ _ _ _ _ _ _ _ _ _ _ _ _ _ _ _ _ _ _ _ _ _ _ _ _ _ _ _ _ _ _ _

cls = <class 'psycopg.Connection'>
conninfo = 'dbname=ruffles_db client_encoding=UTF8 user=postgres password=postgres host=localhost port=5432 hostaddr=127.0.0.1'
autocommit = False, prepare_threshold = None
context = <psycopg.adapt.AdaptersMap object at 0x000001CEB3E42350>
row_factory = None
cursor_factory = <class 'django.db.backends.postgresql.base.Cursor'>
kwargs = {'client_encoding': 'UTF8', 'dbname': 'ruffles_db', 'host': 'localhost', 'password': 'postgres', ...}
params = {'client_encoding': 'UTF8', 'dbname': 'ruffles_db', 'host': 'localhost', 'password': 'postgres', ...}
timeout = 130

    @classmethod
    def connect(
        cls,
        conninfo: str = "",
        *,
        autocommit: bool = False,
        prepare_threshold: int | None = 5,
        context: AdaptContext | None = None,
        row_factory: RowFactory[Row] | None = None,
        cursor_factory: type[Cursor[Row]] | None = None,
        **kwargs: ConnParam,
    ) -> Self:
        """
        Connect to a database server and return a new `Connection` instance.
        """
    
        params = cls._get_connection_params(conninfo, **kwargs)
        timeout = timeout_from_conninfo(params)
        rv = None
        attempts = conninfo_attempts(params)
        conn_errors: list[tuple[e.Error, str]] = []
        for attempt in attempts:
            tdescr = (attempt.get("host"), attempt.get("port"), attempt.get("hostaddr"))
            descr = "host: %r, port: %r, hostaddr: %r" % tdescr
            logger.debug("connection attempt: %s", descr)
            try:
                conninfo = make_conninfo("", **attempt)
                gen = cls._connect_gen(conninfo, timeout=timeout)
                rv = waiting.wait_conn(gen, interval=_WAIT_INTERVAL)
            except e.Error as ex:
                logger.debug("connection failed: %s: %s", descr, str(ex))
                conn_errors.append((ex, descr))
            except e._NO_TRACEBACK as ex:
                raise ex.with_traceback(None)
            else:
                logger.debug("connection succeeded: %s", descr)
                break
    
        if not rv:
            last_ex = conn_errors[-1][0]
            if len(conn_errors) == 1:
                raise last_ex.with_traceback(None)
    
            # Create a new exception with the same type as the last one, containing
            # all attempt errors while preserving backward compatibility.
            lines = [str(last_ex)]
            lines.append("Multiple connection attempts failed. All failures were:")
            lines.extend((f"- {descr}: {error}" for error, descr in conn_errors))
>           raise type(last_ex)("\n".join(lines)).with_traceback(None)
E           django.db.utils.OperationalError: connection failed: connection to server at "127.0.0.1", port 5432 failed: FATAL:  la autentificaci\ufffdn password fall\ufffd para el usuario \ufffdpostgres\ufffd
E           Multiple connection attempts failed. All failures were:
E           - host: 'localhost', port: '5432', hostaddr: '::1': connection failed: connection to server at "::1", port 5432 failed: FATAL:  la autentificaci\ufffdn password fall\ufffd para el usuario \ufffdpostgres\ufffd
E           - host: 'localhost', port: '5432', hostaddr: '127.0.0.1': connection failed: connection to server at "127.0.0.1", port 5432 failed: FATAL:  la autentificaci\ufffdn password fall\ufffd para el usuario \ufffdpostgres\ufffd

..\..\..\AppData\Roaming\Python\Python313\site-packages\psycopg\connection.py:127: OperationalError
____ ERROR at setup of test_registration_missing_fields[payload2-password] ____

self = <DatabaseWrapper vendor='postgresql' alias='__no_db__'>

    @async_unsafe
    def ensure_connection(self):
        """Guarantee that a connection to the database is established."""
        if self.connection is None:
            if self.in_atomic_block and self.closed_in_transaction:
                raise ProgrammingError(
                    "Cannot open a new connection in an atomic block."
                )
            with self.wrap_database_errors:
>               self.connect()

..\..\..\AppData\Roaming\Python\Python313\site-packages\django\db\backends\base\base.py:279: 
_ _ _ _ _ _ _ _ _ _ _ _ _ _ _ _ _ _ _ _ _ _ _ _ _ _ _ _ _ _ _ _ _ _ _ _ _ _ _ _
..\..\..\AppData\Roaming\Python\Python313\site-packages\django\utils\asyncio.py:26: in inner
    return func(*args, **kwargs)
..\..\..\AppData\Roaming\Python\Python313\site-packages\django\db\backends\base\base.py:256: in connect
    self.connection = self.get_new_connection(conn_params)
..\..\..\AppData\Roaming\Python\Python313\site-packages\django\utils\asyncio.py:26: in inner
    return func(*args, **kwargs)
..\..\..\AppData\Roaming\Python\Python313\site-packages\django\db\backends\postgresql\base.py:332: in get_new_connection
    connection = self.Database.connect(**conn_params)
_ _ _ _ _ _ _ _ _ _ _ _ _ _ _ _ _ _ _ _ _ _ _ _ _ _ _ _ _ _ _ _ _ _ _ _ _ _ _ _

cls = <class 'psycopg.Connection'>
conninfo = 'dbname=postgres client_encoding=UTF8 user=postgres password=postgres host=localhost port=5432 hostaddr=127.0.0.1'
autocommit = False, prepare_threshold = None
context = <psycopg.adapt.AdaptersMap object at 0x000001CEB3E42350>
row_factory = None
cursor_factory = <class 'django.db.backends.postgresql.base.Cursor'>
kwargs = {'client_encoding': 'UTF8', 'dbname': 'postgres', 'host': 'localhost', 'password': 'postgres', ...}
params = {'client_encoding': 'UTF8', 'dbname': 'postgres', 'host': 'localhost', 'password': 'postgres', ...}
timeout = 130

    @classmethod
    def connect(
        cls,
        conninfo: str = "",
        *,
        autocommit: bool = False,
        prepare_threshold: int | None = 5,
        context: AdaptContext | None = None,
        row_factory: RowFactory[Row] | None = None,
        cursor_factory: type[Cursor[Row]] | None = None,
        **kwargs: ConnParam,
    ) -> Self:
        """
        Connect to a database server and return a new `Connection` instance.
        """
    
        params = cls._get_connection_params(conninfo, **kwargs)
        timeout = timeout_from_conninfo(params)
        rv = None
        attempts = conninfo_attempts(params)
        conn_errors: list[tuple[e.Error, str]] = []
        for attempt in attempts:
            tdescr = (attempt.get("host"), attempt.get("port"), attempt.get("hostaddr"))
            descr = "host: %r, port: %r, hostaddr: %r" % tdescr
            logger.debug("connection attempt: %s", descr)
            try:
                conninfo = make_conninfo("", **attempt)
                gen = cls._connect_gen(conninfo, timeout=timeout)
                rv = waiting.wait_conn(gen, interval=_WAIT_INTERVAL)
            except e.Error as ex:
                logger.debug("connection failed: %s: %s", descr, str(ex))
                conn_errors.append((ex, descr))
            except e._NO_TRACEBACK as ex:
                raise ex.with_traceback(None)
            else:
                logger.debug("connection succeeded: %s", descr)
                break
    
        if not rv:
            last_ex = conn_errors[-1][0]
            if len(conn_errors) == 1:
                raise last_ex.with_traceback(None)
    
            # Create a new exception with the same type as the last one, containing
            # all attempt errors while preserving backward compatibility.
            lines = [str(last_ex)]
            lines.append("Multiple connection attempts failed. All failures were:")
            lines.extend((f"- {descr}: {error}" for error, descr in conn_errors))
>           raise type(last_ex)("\n".join(lines)).with_traceback(None)
E           psycopg.OperationalError: connection failed: connection to server at "127.0.0.1", port 5432 failed: FATAL:  la autentificaci\ufffdn password fall\ufffd para el usuario \ufffdpostgres\ufffd
E           Multiple connection attempts failed. All failures were:
E           - host: 'localhost', port: '5432', hostaddr: '::1': connection failed: connection to server at "::1", port 5432 failed: FATAL:  la autentificaci\ufffdn password fall\ufffd para el usuario \ufffdpostgres\ufffd
E           - host: 'localhost', port: '5432', hostaddr: '127.0.0.1': connection failed: connection to server at "127.0.0.1", port 5432 failed: FATAL:  la autentificaci\ufffdn password fall\ufffd para el usuario \ufffdpostgres\ufffd

..\..\..\AppData\Roaming\Python\Python313\site-packages\psycopg\connection.py:127: OperationalError

The above exception was the direct cause of the following exception:

self = <DatabaseWrapper vendor='postgresql' alias='default'>

    @contextmanager
    def _nodb_cursor(self):
        cursor = None
        try:
>           with super()._nodb_cursor() as cursor:

..\..\..\AppData\Roaming\Python\Python313\site-packages\django\db\backends\postgresql\base.py:507: 
_ _ _ _ _ _ _ _ _ _ _ _ _ _ _ _ _ _ _ _ _ _ _ _ _ _ _ _ _ _ _ _ _ _ _ _ _ _ _ _
C:\Python313\Lib\contextlib.py:141: in __enter__
    return next(self.gen)
..\..\..\AppData\Roaming\Python\Python313\site-packages\django\db\backends\base\base.py:712: in _nodb_cursor
    with conn.cursor() as cursor:
..\..\..\AppData\Roaming\Python\Python313\site-packages\django\utils\asyncio.py:26: in inner
    return func(*args, **kwargs)
..\..\..\AppData\Roaming\Python\Python313\site-packages\django\db\backends\base\base.py:320: in cursor
    return self._cursor()
..\..\..\AppData\Roaming\Python\Python313\site-packages\django\db\backends\base\base.py:296: in _cursor
    self.ensure_connection()
..\..\..\AppData\Roaming\Python\Python313\site-packages\django\utils\asyncio.py:26: in inner
    return func(*args, **kwargs)
..\..\..\AppData\Roaming\Python\Python313\site-packages\django\db\backends\base\base.py:278: in ensure_connection
    with self.wrap_database_errors:
..\..\..\AppData\Roaming\Python\Python313\site-packages\django\db\utils.py:91: in __exit__
    raise dj_exc_value.with_traceback(traceback) from exc_value
..\..\..\AppData\Roaming\Python\Python313\site-packages\django\db\backends\base\base.py:279: in ensure_connection
    self.connect()
..\..\..\AppData\Roaming\Python\Python313\site-packages\django\utils\asyncio.py:26: in inner
    return func(*args, **kwargs)
..\..\..\AppData\Roaming\Python\Python313\site-packages\django\db\backends\base\base.py:256: in connect
    self.connection = self.get_new_connection(conn_params)
..\..\..\AppData\Roaming\Python\Python313\site-packages\django\utils\asyncio.py:26: in inner
    return func(*args, **kwargs)
..\..\..\AppData\Roaming\Python\Python313\site-packages\django\db\backends\postgresql\base.py:332: in get_new_connection
    connection = self.Database.connect(**conn_params)
_ _ _ _ _ _ _ _ _ _ _ _ _ _ _ _ _ _ _ _ _ _ _ _ _ _ _ _ _ _ _ _ _ _ _ _ _ _ _ _

cls = <class 'psycopg.Connection'>
conninfo = 'dbname=postgres client_encoding=UTF8 user=postgres password=postgres host=localhost port=5432 hostaddr=127.0.0.1'
autocommit = False, prepare_threshold = None
context = <psycopg.adapt.AdaptersMap object at 0x000001CEB3E42350>
row_factory = None
cursor_factory = <class 'django.db.backends.postgresql.base.Cursor'>
kwargs = {'client_encoding': 'UTF8', 'dbname': 'postgres', 'host': 'localhost', 'password': 'postgres', ...}
params = {'client_encoding': 'UTF8', 'dbname': 'postgres', 'host': 'localhost', 'password': 'postgres', ...}
timeout = 130

    @classmethod
    def connect(
        cls,
        conninfo: str = "",
        *,
        autocommit: bool = False,
        prepare_threshold: int | None = 5,
        context: AdaptContext | None = None,
        row_factory: RowFactory[Row] | None = None,
        cursor_factory: type[Cursor[Row]] | None = None,
        **kwargs: ConnParam,
    ) -> Self:
        """
        Connect to a database server and return a new `Connection` instance.
        """
    
        params = cls._get_connection_params(conninfo, **kwargs)
        timeout = timeout_from_conninfo(params)
        rv = None
        attempts = conninfo_attempts(params)
        conn_errors: list[tuple[e.Error, str]] = []
        for attempt in attempts:
            tdescr = (attempt.get("host"), attempt.get("port"), attempt.get("hostaddr"))
            descr = "host: %r, port: %r, hostaddr: %r" % tdescr
            logger.debug("connection attempt: %s", descr)
            try:
                conninfo = make_conninfo("", **attempt)
                gen = cls._connect_gen(conninfo, timeout=timeout)
                rv = waiting.wait_conn(gen, interval=_WAIT_INTERVAL)
            except e.Error as ex:
                logger.debug("connection failed: %s: %s", descr, str(ex))
                conn_errors.append((ex, descr))
            except e._NO_TRACEBACK as ex:
                raise ex.with_traceback(None)
            else:
                logger.debug("connection succeeded: %s", descr)
                break
    
        if not rv:
            last_ex = conn_errors[-1][0]
            if len(conn_errors) == 1:
                raise last_ex.with_traceback(None)
    
            # Create a new exception with the same type as the last one, containing
            # all attempt errors while preserving backward compatibility.
            lines = [str(last_ex)]
            lines.append("Multiple connection attempts failed. All failures were:")
            lines.extend((f"- {descr}: {error}" for error, descr in conn_errors))
>           raise type(last_ex)("\n".join(lines)).with_traceback(None)
E           django.db.utils.OperationalError: connection failed: connection to server at "127.0.0.1", port 5432 failed: FATAL:  la autentificaci\ufffdn password fall\ufffd para el usuario \ufffdpostgres\ufffd
E           Multiple connection attempts failed. All failures were:
E           - host: 'localhost', port: '5432', hostaddr: '::1': connection failed: connection to server at "::1", port 5432 failed: FATAL:  la autentificaci\ufffdn password fall\ufffd para el usuario \ufffdpostgres\ufffd
E           - host: 'localhost', port: '5432', hostaddr: '127.0.0.1': connection failed: connection to server at "127.0.0.1", port 5432 failed: FATAL:  la autentificaci\ufffdn password fall\ufffd para el usuario \ufffdpostgres\ufffd

..\..\..\AppData\Roaming\Python\Python313\site-packages\psycopg\connection.py:127: OperationalError

During handling of the above exception, another exception occurred:

self = <DatabaseWrapper vendor='postgresql' alias='default'>

    @async_unsafe
    def ensure_connection(self):
        """Guarantee that a connection to the database is established."""
        if self.connection is None:
            if self.in_atomic_block and self.closed_in_transaction:
                raise ProgrammingError(
                    "Cannot open a new connection in an atomic block."
                )
            with self.wrap_database_errors:
>               self.connect()

..\..\..\AppData\Roaming\Python\Python313\site-packages\django\db\backends\base\base.py:279: 
_ _ _ _ _ _ _ _ _ _ _ _ _ _ _ _ _ _ _ _ _ _ _ _ _ _ _ _ _ _ _ _ _ _ _ _ _ _ _ _
..\..\..\AppData\Roaming\Python\Python313\site-packages\django\utils\asyncio.py:26: in inner
    return func(*args, **kwargs)
..\..\..\AppData\Roaming\Python\Python313\site-packages\django\db\backends\base\base.py:256: in connect
    self.connection = self.get_new_connection(conn_params)
..\..\..\AppData\Roaming\Python\Python313\site-packages\django\utils\asyncio.py:26: in inner
    return func(*args, **kwargs)
..\..\..\AppData\Roaming\Python\Python313\site-packages\django\db\backends\postgresql\base.py:332: in get_new_connection
    connection = self.Database.connect(**conn_params)
_ _ _ _ _ _ _ _ _ _ _ _ _ _ _ _ _ _ _ _ _ _ _ _ _ _ _ _ _ _ _ _ _ _ _ _ _ _ _ _

cls = <class 'psycopg.Connection'>
conninfo = 'dbname=ruffles_db client_encoding=UTF8 user=postgres password=postgres host=localhost port=5432 hostaddr=127.0.0.1'
autocommit = False, prepare_threshold = None
context = <psycopg.adapt.AdaptersMap object at 0x000001CEB3E42350>
row_factory = None
cursor_factory = <class 'django.db.backends.postgresql.base.Cursor'>
kwargs = {'client_encoding': 'UTF8', 'dbname': 'ruffles_db', 'host': 'localhost', 'password': 'postgres', ...}
params = {'client_encoding': 'UTF8', 'dbname': 'ruffles_db', 'host': 'localhost', 'password': 'postgres', ...}
timeout = 130

    @classmethod
    def connect(
        cls,
        conninfo: str = "",
        *,
        autocommit: bool = False,
        prepare_threshold: int | None = 5,
        context: AdaptContext | None = None,
        row_factory: RowFactory[Row] | None = None,
        cursor_factory: type[Cursor[Row]] | None = None,
        **kwargs: ConnParam,
    ) -> Self:
        """
        Connect to a database server and return a new `Connection` instance.
        """
    
        params = cls._get_connection_params(conninfo, **kwargs)
        timeout = timeout_from_conninfo(params)
        rv = None
        attempts = conninfo_attempts(params)
        conn_errors: list[tuple[e.Error, str]] = []
        for attempt in attempts:
            tdescr = (attempt.get("host"), attempt.get("port"), attempt.get("hostaddr"))
            descr = "host: %r, port: %r, hostaddr: %r" % tdescr
            logger.debug("connection attempt: %s", descr)
            try:
                conninfo = make_conninfo("", **attempt)
                gen = cls._connect_gen(conninfo, timeout=timeout)
                rv = waiting.wait_conn(gen, interval=_WAIT_INTERVAL)
            except e.Error as ex:
                logger.debug("connection failed: %s: %s", descr, str(ex))
                conn_errors.append((ex, descr))
            except e._NO_TRACEBACK as ex:
                raise ex.with_traceback(None)
            else:
                logger.debug("connection succeeded: %s", descr)
                break
    
        if not rv:
            last_ex = conn_errors[-1][0]
            if len(conn_errors) == 1:
                raise last_ex.with_traceback(None)
    
            # Create a new exception with the same type as the last one, containing
            # all attempt errors while preserving backward compatibility.
            lines = [str(last_ex)]
            lines.append("Multiple connection attempts failed. All failures were:")
            lines.extend((f"- {descr}: {error}" for error, descr in conn_errors))
>           raise type(last_ex)("\n".join(lines)).with_traceback(None)
E           psycopg.OperationalError: connection failed: connection to server at "127.0.0.1", port 5432 failed: FATAL:  la autentificaci\ufffdn password fall\ufffd para el usuario \ufffdpostgres\ufffd
E           Multiple connection attempts failed. All failures were:
E           - host: 'localhost', port: '5432', hostaddr: '::1': connection failed: connection to server at "::1", port 5432 failed: FATAL:  la autentificaci\ufffdn password fall\ufffd para el usuario \ufffdpostgres\ufffd
E           - host: 'localhost', port: '5432', hostaddr: '127.0.0.1': connection failed: connection to server at "127.0.0.1", port 5432 failed: FATAL:  la autentificaci\ufffdn password fall\ufffd para el usuario \ufffdpostgres\ufffd

..\..\..\AppData\Roaming\Python\Python313\site-packages\psycopg\connection.py:127: OperationalError

The above exception was the direct cause of the following exception:

request = <SubRequest '_django_db_marker' for <Function test_registration_missing_fields[payload2-password]>>

    @pytest.fixture(autouse=True)
    def _django_db_marker(request: pytest.FixtureRequest) -> None:
        """Implement the django_db marker, internal to pytest-django."""
        marker = request.node.get_closest_marker("django_db")
        if marker:
>           request.getfixturevalue("_django_db_helper")

..\..\..\AppData\Roaming\Python\Python313\site-packages\pytest_django\plugin.py:527: 
_ _ _ _ _ _ _ _ _ _ _ _ _ _ _ _ _ _ _ _ _ _ _ _ _ _ _ _ _ _ _ _ _ _ _ _ _ _ _ _
..\..\..\AppData\Roaming\Python\Python313\site-packages\pytest_django\fixtures.py:140: in django_db_setup
    db_cfg = setup_databases(
..\..\..\AppData\Roaming\Python\Python313\site-packages\django\test\utils.py:204: in setup_databases
    connection.creation.create_test_db(
..\..\..\AppData\Roaming\Python\Python313\site-packages\django\db\backends\base\creation.py:62: in create_test_db
    self._create_test_db(verbosity, autoclobber, keepdb)
..\..\..\AppData\Roaming\Python\Python313\site-packages\django\db\backends\base\creation.py:202: in _create_test_db
    with self._nodb_cursor() as cursor:
C:\Python313\Lib\contextlib.py:141: in __enter__
    return next(self.gen)
..\..\..\AppData\Roaming\Python\Python313\site-packages\django\db\backends\postgresql\base.py:533: in _nodb_cursor
    with conn.cursor() as cursor:
..\..\..\AppData\Roaming\Python\Python313\site-packages\django\utils\asyncio.py:26: in inner
    return func(*args, **kwargs)
..\..\..\AppData\Roaming\Python\Python313\site-packages\django\db\backends\base\base.py:320: in cursor
    return self._cursor()
..\..\..\AppData\Roaming\Python\Python313\site-packages\django\db\backends\base\base.py:296: in _cursor
    self.ensure_connection()
..\..\..\AppData\Roaming\Python\Python313\site-packages\django\utils\asyncio.py:26: in inner
    return func(*args, **kwargs)
..\..\..\AppData\Roaming\Python\Python313\site-packages\django\db\backends\base\base.py:278: in ensure_connection
    with self.wrap_database_errors:
..\..\..\AppData\Roaming\Python\Python313\site-packages\django\db\utils.py:91: in __exit__
    raise dj_exc_value.with_traceback(traceback) from exc_value
..\..\..\AppData\Roaming\Python\Python313\site-packages\django\db\backends\base\base.py:279: in ensure_connection
    self.connect()
..\..\..\AppData\Roaming\Python\Python313\site-packages\django\utils\asyncio.py:26: in inner
    return func(*args, **kwargs)
..\..\..\AppData\Roaming\Python\Python313\site-packages\django\db\backends\base\base.py:256: in connect
    self.connection = self.get_new_connection(conn_params)
..\..\..\AppData\Roaming\Python\Python313\site-packages\django\utils\asyncio.py:26: in inner
    return func(*args, **kwargs)
..\..\..\AppData\Roaming\Python\Python313\site-packages\django\db\backends\postgresql\base.py:332: in get_new_connection
    connection = self.Database.connect(**conn_params)
_ _ _ _ _ _ _ _ _ _ _ _ _ _ _ _ _ _ _ _ _ _ _ _ _ _ _ _ _ _ _ _ _ _ _ _ _ _ _ _

cls = <class 'psycopg.Connection'>
conninfo = 'dbname=ruffles_db client_encoding=UTF8 user=postgres password=postgres host=localhost port=5432 hostaddr=127.0.0.1'
autocommit = False, prepare_threshold = None
context = <psycopg.adapt.AdaptersMap object at 0x000001CEB3E42350>
row_factory = None
cursor_factory = <class 'django.db.backends.postgresql.base.Cursor'>
kwargs = {'client_encoding': 'UTF8', 'dbname': 'ruffles_db', 'host': 'localhost', 'password': 'postgres', ...}
params = {'client_encoding': 'UTF8', 'dbname': 'ruffles_db', 'host': 'localhost', 'password': 'postgres', ...}
timeout = 130

    @classmethod
    def connect(
        cls,
        conninfo: str = "",
        *,
        autocommit: bool = False,
        prepare_threshold: int | None = 5,
        context: AdaptContext | None = None,
        row_factory: RowFactory[Row] | None = None,
        cursor_factory: type[Cursor[Row]] | None = None,
        **kwargs: ConnParam,
    ) -> Self:
        """
        Connect to a database server and return a new `Connection` instance.
        """
    
        params = cls._get_connection_params(conninfo, **kwargs)
        timeout = timeout_from_conninfo(params)
        rv = None
        attempts = conninfo_attempts(params)
        conn_errors: list[tuple[e.Error, str]] = []
        for attempt in attempts:
            tdescr = (attempt.get("host"), attempt.get("port"), attempt.get("hostaddr"))
            descr = "host: %r, port: %r, hostaddr: %r" % tdescr
            logger.debug("connection attempt: %s", descr)
            try:
                conninfo = make_conninfo("", **attempt)
                gen = cls._connect_gen(conninfo, timeout=timeout)
                rv = waiting.wait_conn(gen, interval=_WAIT_INTERVAL)
            except e.Error as ex:
                logger.debug("connection failed: %s: %s", descr, str(ex))
                conn_errors.append((ex, descr))
            except e._NO_TRACEBACK as ex:
                raise ex.with_traceback(None)
            else:
                logger.debug("connection succeeded: %s", descr)
                break
    
        if not rv:
            last_ex = conn_errors[-1][0]
            if len(conn_errors) == 1:
                raise last_ex.with_traceback(None)
    
            # Create a new exception with the same type as the last one, containing
            # all attempt errors while preserving backward compatibility.
            lines = [str(last_ex)]
            lines.append("Multiple connection attempts failed. All failures were:")
            lines.extend((f"- {descr}: {error}" for error, descr in conn_errors))
>           raise type(last_ex)("\n".join(lines)).with_traceback(None)
E           django.db.utils.OperationalError: connection failed: connection to server at "127.0.0.1", port 5432 failed: FATAL:  la autentificaci\ufffdn password fall\ufffd para el usuario \ufffdpostgres\ufffd
E           Multiple connection attempts failed. All failures were:
E           - host: 'localhost', port: '5432', hostaddr: '::1': connection failed: connection to server at "::1", port 5432 failed: FATAL:  la autentificaci\ufffdn password fall\ufffd para el usuario \ufffdpostgres\ufffd
E           - host: 'localhost', port: '5432', hostaddr: '127.0.0.1': connection failed: connection to server at "127.0.0.1", port 5432 failed: FATAL:  la autentificaci\ufffdn password fall\ufffd para el usuario \ufffdpostgres\ufffd

..\..\..\AppData\Roaming\Python\Python313\site-packages\psycopg\connection.py:127: OperationalError
______ ERROR at setup of test_registration_missing_fields[payload3-None] ______

self = <DatabaseWrapper vendor='postgresql' alias='__no_db__'>

    @async_unsafe
    def ensure_connection(self):
        """Guarantee that a connection to the database is established."""
        if self.connection is None:
            if self.in_atomic_block and self.closed_in_transaction:
                raise ProgrammingError(
                    "Cannot open a new connection in an atomic block."
                )
            with self.wrap_database_errors:
>               self.connect()

..\..\..\AppData\Roaming\Python\Python313\site-packages\django\db\backends\base\base.py:279: 
_ _ _ _ _ _ _ _ _ _ _ _ _ _ _ _ _ _ _ _ _ _ _ _ _ _ _ _ _ _ _ _ _ _ _ _ _ _ _ _
..\..\..\AppData\Roaming\Python\Python313\site-packages\django\utils\asyncio.py:26: in inner
    return func(*args, **kwargs)
..\..\..\AppData\Roaming\Python\Python313\site-packages\django\db\backends\base\base.py:256: in connect
    self.connection = self.get_new_connection(conn_params)
..\..\..\AppData\Roaming\Python\Python313\site-packages\django\utils\asyncio.py:26: in inner
    return func(*args, **kwargs)
..\..\..\AppData\Roaming\Python\Python313\site-packages\django\db\backends\postgresql\base.py:332: in get_new_connection
    connection = self.Database.connect(**conn_params)
_ _ _ _ _ _ _ _ _ _ _ _ _ _ _ _ _ _ _ _ _ _ _ _ _ _ _ _ _ _ _ _ _ _ _ _ _ _ _ _

cls = <class 'psycopg.Connection'>
conninfo = 'dbname=postgres client_encoding=UTF8 user=postgres password=postgres host=localhost port=5432 hostaddr=127.0.0.1'
autocommit = False, prepare_threshold = None
context = <psycopg.adapt.AdaptersMap object at 0x000001CEB3E42350>
row_factory = None
cursor_factory = <class 'django.db.backends.postgresql.base.Cursor'>
kwargs = {'client_encoding': 'UTF8', 'dbname': 'postgres', 'host': 'localhost', 'password': 'postgres', ...}
params = {'client_encoding': 'UTF8', 'dbname': 'postgres', 'host': 'localhost', 'password': 'postgres', ...}
timeout = 130

    @classmethod
    def connect(
        cls,
        conninfo: str = "",
        *,
        autocommit: bool = False,
        prepare_threshold: int | None = 5,
        context: AdaptContext | None = None,
        row_factory: RowFactory[Row] | None = None,
        cursor_factory: type[Cursor[Row]] | None = None,
        **kwargs: ConnParam,
    ) -> Self:
        """
        Connect to a database server and return a new `Connection` instance.
        """
    
        params = cls._get_connection_params(conninfo, **kwargs)
        timeout = timeout_from_conninfo(params)
        rv = None
        attempts = conninfo_attempts(params)
        conn_errors: list[tuple[e.Error, str]] = []
        for attempt in attempts:
            tdescr = (attempt.get("host"), attempt.get("port"), attempt.get("hostaddr"))
            descr = "host: %r, port: %r, hostaddr: %r" % tdescr
            logger.debug("connection attempt: %s", descr)
            try:
                conninfo = make_conninfo("", **attempt)
                gen = cls._connect_gen(conninfo, timeout=timeout)
                rv = waiting.wait_conn(gen, interval=_WAIT_INTERVAL)
            except e.Error as ex:
                logger.debug("connection failed: %s: %s", descr, str(ex))
                conn_errors.append((ex, descr))
            except e._NO_TRACEBACK as ex:
                raise ex.with_traceback(None)
            else:
                logger.debug("connection succeeded: %s", descr)
                break
    
        if not rv:
            last_ex = conn_errors[-1][0]
            if len(conn_errors) == 1:
                raise last_ex.with_traceback(None)
    
            # Create a new exception with the same type as the last one, containing
            # all attempt errors while preserving backward compatibility.
            lines = [str(last_ex)]
            lines.append("Multiple connection attempts failed. All failures were:")
            lines.extend((f"- {descr}: {error}" for error, descr in conn_errors))
>           raise type(last_ex)("\n".join(lines)).with_traceback(None)
E           psycopg.OperationalError: connection failed: connection to server at "127.0.0.1", port 5432 failed: FATAL:  la autentificaci\ufffdn password fall\ufffd para el usuario \ufffdpostgres\ufffd
E           Multiple connection attempts failed. All failures were:
E           - host: 'localhost', port: '5432', hostaddr: '::1': connection failed: connection to server at "::1", port 5432 failed: FATAL:  la autentificaci\ufffdn password fall\ufffd para el usuario \ufffdpostgres\ufffd
E           - host: 'localhost', port: '5432', hostaddr: '127.0.0.1': connection failed: connection to server at "127.0.0.1", port 5432 failed: FATAL:  la autentificaci\ufffdn password fall\ufffd para el usuario \ufffdpostgres\ufffd

..\..\..\AppData\Roaming\Python\Python313\site-packages\psycopg\connection.py:127: OperationalError

The above exception was the direct cause of the following exception:

self = <DatabaseWrapper vendor='postgresql' alias='default'>

    @contextmanager
    def _nodb_cursor(self):
        cursor = None
        try:
>           with super()._nodb_cursor() as cursor:

..\..\..\AppData\Roaming\Python\Python313\site-packages\django\db\backends\postgresql\base.py:507: 
_ _ _ _ _ _ _ _ _ _ _ _ _ _ _ _ _ _ _ _ _ _ _ _ _ _ _ _ _ _ _ _ _ _ _ _ _ _ _ _
C:\Python313\Lib\contextlib.py:141: in __enter__
    return next(self.gen)
..\..\..\AppData\Roaming\Python\Python313\site-packages\django\db\backends\base\base.py:712: in _nodb_cursor
    with conn.cursor() as cursor:
..\..\..\AppData\Roaming\Python\Python313\site-packages\django\utils\asyncio.py:26: in inner
    return func(*args, **kwargs)
..\..\..\AppData\Roaming\Python\Python313\site-packages\django\db\backends\base\base.py:320: in cursor
    return self._cursor()
..\..\..\AppData\Roaming\Python\Python313\site-packages\django\db\backends\base\base.py:296: in _cursor
    self.ensure_connection()
..\..\..\AppData\Roaming\Python\Python313\site-packages\django\utils\asyncio.py:26: in inner
    return func(*args, **kwargs)
..\..\..\AppData\Roaming\Python\Python313\site-packages\django\db\backends\base\base.py:278: in ensure_connection
    with self.wrap_database_errors:
..\..\..\AppData\Roaming\Python\Python313\site-packages\django\db\utils.py:91: in __exit__
    raise dj_exc_value.with_traceback(traceback) from exc_value
..\..\..\AppData\Roaming\Python\Python313\site-packages\django\db\backends\base\base.py:279: in ensure_connection
    self.connect()
..\..\..\AppData\Roaming\Python\Python313\site-packages\django\utils\asyncio.py:26: in inner
    return func(*args, **kwargs)
..\..\..\AppData\Roaming\Python\Python313\site-packages\django\db\backends\base\base.py:256: in connect
    self.connection = self.get_new_connection(conn_params)
..\..\..\AppData\Roaming\Python\Python313\site-packages\django\utils\asyncio.py:26: in inner
    return func(*args, **kwargs)
..\..\..\AppData\Roaming\Python\Python313\site-packages\django\db\backends\postgresql\base.py:332: in get_new_connection
    connection = self.Database.connect(**conn_params)
_ _ _ _ _ _ _ _ _ _ _ _ _ _ _ _ _ _ _ _ _ _ _ _ _ _ _ _ _ _ _ _ _ _ _ _ _ _ _ _

cls = <class 'psycopg.Connection'>
conninfo = 'dbname=postgres client_encoding=UTF8 user=postgres password=postgres host=localhost port=5432 hostaddr=127.0.0.1'
autocommit = False, prepare_threshold = None
context = <psycopg.adapt.AdaptersMap object at 0x000001CEB3E42350>
row_factory = None
cursor_factory = <class 'django.db.backends.postgresql.base.Cursor'>
kwargs = {'client_encoding': 'UTF8', 'dbname': 'postgres', 'host': 'localhost', 'password': 'postgres', ...}
params = {'client_encoding': 'UTF8', 'dbname': 'postgres', 'host': 'localhost', 'password': 'postgres', ...}
timeout = 130

    @classmethod
    def connect(
        cls,
        conninfo: str = "",
        *,
        autocommit: bool = False,
        prepare_threshold: int | None = 5,
        context: AdaptContext | None = None,
        row_factory: RowFactory[Row] | None = None,
        cursor_factory: type[Cursor[Row]] | None = None,
        **kwargs: ConnParam,
    ) -> Self:
        """
        Connect to a database server and return a new `Connection` instance.
        """
    
        params = cls._get_connection_params(conninfo, **kwargs)
        timeout = timeout_from_conninfo(params)
        rv = None
        attempts = conninfo_attempts(params)
        conn_errors: list[tuple[e.Error, str]] = []
        for attempt in attempts:
            tdescr = (attempt.get("host"), attempt.get("port"), attempt.get("hostaddr"))
            descr = "host: %r, port: %r, hostaddr: %r" % tdescr
            logger.debug("connection attempt: %s", descr)
            try:
                conninfo = make_conninfo("", **attempt)
                gen = cls._connect_gen(conninfo, timeout=timeout)
                rv = waiting.wait_conn(gen, interval=_WAIT_INTERVAL)
            except e.Error as ex:
                logger.debug("connection failed: %s: %s", descr, str(ex))
                conn_errors.append((ex, descr))
            except e._NO_TRACEBACK as ex:
                raise ex.with_traceback(None)
            else:
                logger.debug("connection succeeded: %s", descr)
                break
    
        if not rv:
            last_ex = conn_errors[-1][0]
            if len(conn_errors) == 1:
                raise last_ex.with_traceback(None)
    
            # Create a new exception with the same type as the last one, containing
            # all attempt errors while preserving backward compatibility.
            lines = [str(last_ex)]
            lines.append("Multiple connection attempts failed. All failures were:")
            lines.extend((f"- {descr}: {error}" for error, descr in conn_errors))
>           raise type(last_ex)("\n".join(lines)).with_traceback(None)
E           django.db.utils.OperationalError: connection failed: connection to server at "127.0.0.1", port 5432 failed: FATAL:  la autentificaci\ufffdn password fall\ufffd para el usuario \ufffdpostgres\ufffd
E           Multiple connection attempts failed. All failures were:
E           - host: 'localhost', port: '5432', hostaddr: '::1': connection failed: connection to server at "::1", port 5432 failed: FATAL:  la autentificaci\ufffdn password fall\ufffd para el usuario \ufffdpostgres\ufffd
E           - host: 'localhost', port: '5432', hostaddr: '127.0.0.1': connection failed: connection to server at "127.0.0.1", port 5432 failed: FATAL:  la autentificaci\ufffdn password fall\ufffd para el usuario \ufffdpostgres\ufffd

..\..\..\AppData\Roaming\Python\Python313\site-packages\psycopg\connection.py:127: OperationalError

During handling of the above exception, another exception occurred:

self = <DatabaseWrapper vendor='postgresql' alias='default'>

    @async_unsafe
    def ensure_connection(self):
        """Guarantee that a connection to the database is established."""
        if self.connection is None:
            if self.in_atomic_block and self.closed_in_transaction:
                raise ProgrammingError(
                    "Cannot open a new connection in an atomic block."
                )
            with self.wrap_database_errors:
>               self.connect()

..\..\..\AppData\Roaming\Python\Python313\site-packages\django\db\backends\base\base.py:279: 
_ _ _ _ _ _ _ _ _ _ _ _ _ _ _ _ _ _ _ _ _ _ _ _ _ _ _ _ _ _ _ _ _ _ _ _ _ _ _ _
..\..\..\AppData\Roaming\Python\Python313\site-packages\django\utils\asyncio.py:26: in inner
    return func(*args, **kwargs)
..\..\..\AppData\Roaming\Python\Python313\site-packages\django\db\backends\base\base.py:256: in connect
    self.connection = self.get_new_connection(conn_params)
..\..\..\AppData\Roaming\Python\Python313\site-packages\django\utils\asyncio.py:26: in inner
    return func(*args, **kwargs)
..\..\..\AppData\Roaming\Python\Python313\site-packages\django\db\backends\postgresql\base.py:332: in get_new_connection
    connection = self.Database.connect(**conn_params)
_ _ _ _ _ _ _ _ _ _ _ _ _ _ _ _ _ _ _ _ _ _ _ _ _ _ _ _ _ _ _ _ _ _ _ _ _ _ _ _

cls = <class 'psycopg.Connection'>
conninfo = 'dbname=ruffles_db client_encoding=UTF8 user=postgres password=postgres host=localhost port=5432 hostaddr=127.0.0.1'
autocommit = False, prepare_threshold = None
context = <psycopg.adapt.AdaptersMap object at 0x000001CEB3E42350>
row_factory = None
cursor_factory = <class 'django.db.backends.postgresql.base.Cursor'>
kwargs = {'client_encoding': 'UTF8', 'dbname': 'ruffles_db', 'host': 'localhost', 'password': 'postgres', ...}
params = {'client_encoding': 'UTF8', 'dbname': 'ruffles_db', 'host': 'localhost', 'password': 'postgres', ...}
timeout = 130

    @classmethod
    def connect(
        cls,
        conninfo: str = "",
        *,
        autocommit: bool = False,
        prepare_threshold: int | None = 5,
        context: AdaptContext | None = None,
        row_factory: RowFactory[Row] | None = None,
        cursor_factory: type[Cursor[Row]] | None = None,
        **kwargs: ConnParam,
    ) -> Self:
        """
        Connect to a database server and return a new `Connection` instance.
        """
    
        params = cls._get_connection_params(conninfo, **kwargs)
        timeout = timeout_from_conninfo(params)
        rv = None
        attempts = conninfo_attempts(params)
        conn_errors: list[tuple[e.Error, str]] = []
        for attempt in attempts:
            tdescr = (attempt.get("host"), attempt.get("port"), attempt.get("hostaddr"))
            descr = "host: %r, port: %r, hostaddr: %r" % tdescr
            logger.debug("connection attempt: %s", descr)
            try:
                conninfo = make_conninfo("", **attempt)
                gen = cls._connect_gen(conninfo, timeout=timeout)
                rv = waiting.wait_conn(gen, interval=_WAIT_INTERVAL)
            except e.Error as ex:
                logger.debug("connection failed: %s: %s", descr, str(ex))
                conn_errors.append((ex, descr))
            except e._NO_TRACEBACK as ex:
                raise ex.with_traceback(None)
            else:
                logger.debug("connection succeeded: %s", descr)
                break
    
        if not rv:
            last_ex = conn_errors[-1][0]
            if len(conn_errors) == 1:
                raise last_ex.with_traceback(None)
    
            # Create a new exception with the same type as the last one, containing
            # all attempt errors while preserving backward compatibility.
            lines = [str(last_ex)]
            lines.append("Multiple connection attempts failed. All failures were:")
            lines.extend((f"- {descr}: {error}" for error, descr in conn_errors))
>           raise type(last_ex)("\n".join(lines)).with_traceback(None)
E           psycopg.OperationalError: connection failed: connection to server at "127.0.0.1", port 5432 failed: FATAL:  la autentificaci\ufffdn password fall\ufffd para el usuario \ufffdpostgres\ufffd
E           Multiple connection attempts failed. All failures were:
E           - host: 'localhost', port: '5432', hostaddr: '::1': connection failed: connection to server at "::1", port 5432 failed: FATAL:  la autentificaci\ufffdn password fall\ufffd para el usuario \ufffdpostgres\ufffd
E           - host: 'localhost', port: '5432', hostaddr: '127.0.0.1': connection failed: connection to server at "127.0.0.1", port 5432 failed: FATAL:  la autentificaci\ufffdn password fall\ufffd para el usuario \ufffdpostgres\ufffd

..\..\..\AppData\Roaming\Python\Python313\site-packages\psycopg\connection.py:127: OperationalError

The above exception was the direct cause of the following exception:

request = <SubRequest '_django_db_marker' for <Function test_registration_missing_fields[payload3-None]>>

    @pytest.fixture(autouse=True)
    def _django_db_marker(request: pytest.FixtureRequest) -> None:
        """Implement the django_db marker, internal to pytest-django."""
        marker = request.node.get_closest_marker("django_db")
        if marker:
>           request.getfixturevalue("_django_db_helper")

..\..\..\AppData\Roaming\Python\Python313\site-packages\pytest_django\plugin.py:527: 
_ _ _ _ _ _ _ _ _ _ _ _ _ _ _ _ _ _ _ _ _ _ _ _ _ _ _ _ _ _ _ _ _ _ _ _ _ _ _ _
..\..\..\AppData\Roaming\Python\Python313\site-packages\pytest_django\fixtures.py:140: in django_db_setup
    db_cfg = setup_databases(
..\..\..\AppData\Roaming\Python\Python313\site-packages\django\test\utils.py:204: in setup_databases
    connection.creation.create_test_db(
..\..\..\AppData\Roaming\Python\Python313\site-packages\django\db\backends\base\creation.py:62: in create_test_db
    self._create_test_db(verbosity, autoclobber, keepdb)
..\..\..\AppData\Roaming\Python\Python313\site-packages\django\db\backends\base\creation.py:202: in _create_test_db
    with self._nodb_cursor() as cursor:
C:\Python313\Lib\contextlib.py:141: in __enter__
    return next(self.gen)
..\..\..\AppData\Roaming\Python\Python313\site-packages\django\db\backends\postgresql\base.py:533: in _nodb_cursor
    with conn.cursor() as cursor:
..\..\..\AppData\Roaming\Python\Python313\site-packages\django\utils\asyncio.py:26: in inner
    return func(*args, **kwargs)
..\..\..\AppData\Roaming\Python\Python313\site-packages\django\db\backends\base\base.py:320: in cursor
    return self._cursor()
..\..\..\AppData\Roaming\Python\Python313\site-packages\django\db\backends\base\base.py:296: in _cursor
    self.ensure_connection()
..\..\..\AppData\Roaming\Python\Python313\site-packages\django\utils\asyncio.py:26: in inner
    return func(*args, **kwargs)
..\..\..\AppData\Roaming\Python\Python313\site-packages\django\db\backends\base\base.py:278: in ensure_connection
    with self.wrap_database_errors:
..\..\..\AppData\Roaming\Python\Python313\site-packages\django\db\utils.py:91: in __exit__
    raise dj_exc_value.with_traceback(traceback) from exc_value
..\..\..\AppData\Roaming\Python\Python313\site-packages\django\db\backends\base\base.py:279: in ensure_connection
    self.connect()
..\..\..\AppData\Roaming\Python\Python313\site-packages\django\utils\asyncio.py:26: in inner
    return func(*args, **kwargs)
..\..\..\AppData\Roaming\Python\Python313\site-packages\django\db\backends\base\base.py:256: in connect
    self.connection = self.get_new_connection(conn_params)
..\..\..\AppData\Roaming\Python\Python313\site-packages\django\utils\asyncio.py:26: in inner
    return func(*args, **kwargs)
..\..\..\AppData\Roaming\Python\Python313\site-packages\django\db\backends\postgresql\base.py:332: in get_new_connection
    connection = self.Database.connect(**conn_params)
_ _ _ _ _ _ _ _ _ _ _ _ _ _ _ _ _ _ _ _ _ _ _ _ _ _ _ _ _ _ _ _ _ _ _ _ _ _ _ _

cls = <class 'psycopg.Connection'>
conninfo = 'dbname=ruffles_db client_encoding=UTF8 user=postgres password=postgres host=localhost port=5432 hostaddr=127.0.0.1'
autocommit = False, prepare_threshold = None
context = <psycopg.adapt.AdaptersMap object at 0x000001CEB3E42350>
row_factory = None
cursor_factory = <class 'django.db.backends.postgresql.base.Cursor'>
kwargs = {'client_encoding': 'UTF8', 'dbname': 'ruffles_db', 'host': 'localhost', 'password': 'postgres', ...}
params = {'client_encoding': 'UTF8', 'dbname': 'ruffles_db', 'host': 'localhost', 'password': 'postgres', ...}
timeout = 130

    @classmethod
    def connect(
        cls,
        conninfo: str = "",
        *,
        autocommit: bool = False,
        prepare_threshold: int | None = 5,
        context: AdaptContext | None = None,
        row_factory: RowFactory[Row] | None = None,
        cursor_factory: type[Cursor[Row]] | None = None,
        **kwargs: ConnParam,
    ) -> Self:
        """
        Connect to a database server and return a new `Connection` instance.
        """
    
        params = cls._get_connection_params(conninfo, **kwargs)
        timeout = timeout_from_conninfo(params)
        rv = None
        attempts = conninfo_attempts(params)
        conn_errors: list[tuple[e.Error, str]] = []
        for attempt in attempts:
            tdescr = (attempt.get("host"), attempt.get("port"), attempt.get("hostaddr"))
            descr = "host: %r, port: %r, hostaddr: %r" % tdescr
            logger.debug("connection attempt: %s", descr)
            try:
                conninfo = make_conninfo("", **attempt)
                gen = cls._connect_gen(conninfo, timeout=timeout)
                rv = waiting.wait_conn(gen, interval=_WAIT_INTERVAL)
            except e.Error as ex:
                logger.debug("connection failed: %s: %s", descr, str(ex))
                conn_errors.append((ex, descr))
            except e._NO_TRACEBACK as ex:
                raise ex.with_traceback(None)
            else:
                logger.debug("connection succeeded: %s", descr)
                break
    
        if not rv:
            last_ex = conn_errors[-1][0]
            if len(conn_errors) == 1:
                raise last_ex.with_traceback(None)
    
            # Create a new exception with the same type as the last one, containing
            # all attempt errors while preserving backward compatibility.
            lines = [str(last_ex)]
            lines.append("Multiple connection attempts failed. All failures were:")
            lines.extend((f"- {descr}: {error}" for error, descr in conn_errors))
>           raise type(last_ex)("\n".join(lines)).with_traceback(None)
E           django.db.utils.OperationalError: connection failed: connection to server at "127.0.0.1", port 5432 failed: FATAL:  la autentificaci\ufffdn password fall\ufffd para el usuario \ufffdpostgres\ufffd
E           Multiple connection attempts failed. All failures were:
E           - host: 'localhost', port: '5432', hostaddr: '::1': connection failed: connection to server at "::1", port 5432 failed: FATAL:  la autentificaci\ufffdn password fall\ufffd para el usuario \ufffdpostgres\ufffd
E           - host: 'localhost', port: '5432', hostaddr: '127.0.0.1': connection failed: connection to server at "127.0.0.1", port 5432 failed: FATAL:  la autentificaci\ufffdn password fall\ufffd para el usuario \ufffdpostgres\ufffd

..\..\..\AppData\Roaming\Python\Python313\site-packages\psycopg\connection.py:127: OperationalError
_______ ERROR at setup of test_registration_invalid_email[plainaddress] _______

self = <DatabaseWrapper vendor='postgresql' alias='__no_db__'>

    @async_unsafe
    def ensure_connection(self):
        """Guarantee that a connection to the database is established."""
        if self.connection is None:
            if self.in_atomic_block and self.closed_in_transaction:
                raise ProgrammingError(
                    "Cannot open a new connection in an atomic block."
                )
            with self.wrap_database_errors:
>               self.connect()

..\..\..\AppData\Roaming\Python\Python313\site-packages\django\db\backends\base\base.py:279: 
_ _ _ _ _ _ _ _ _ _ _ _ _ _ _ _ _ _ _ _ _ _ _ _ _ _ _ _ _ _ _ _ _ _ _ _ _ _ _ _
..\..\..\AppData\Roaming\Python\Python313\site-packages\django\utils\asyncio.py:26: in inner
    return func(*args, **kwargs)
..\..\..\AppData\Roaming\Python\Python313\site-packages\django\db\backends\base\base.py:256: in connect
    self.connection = self.get_new_connection(conn_params)
..\..\..\AppData\Roaming\Python\Python313\site-packages\django\utils\asyncio.py:26: in inner
    return func(*args, **kwargs)
..\..\..\AppData\Roaming\Python\Python313\site-packages\django\db\backends\postgresql\base.py:332: in get_new_connection
    connection = self.Database.connect(**conn_params)
_ _ _ _ _ _ _ _ _ _ _ _ _ _ _ _ _ _ _ _ _ _ _ _ _ _ _ _ _ _ _ _ _ _ _ _ _ _ _ _

cls = <class 'psycopg.Connection'>
conninfo = 'dbname=postgres client_encoding=UTF8 user=postgres password=postgres host=localhost port=5432 hostaddr=127.0.0.1'
autocommit = False, prepare_threshold = None
context = <psycopg.adapt.AdaptersMap object at 0x000001CEB3E42350>
row_factory = None
cursor_factory = <class 'django.db.backends.postgresql.base.Cursor'>
kwargs = {'client_encoding': 'UTF8', 'dbname': 'postgres', 'host': 'localhost', 'password': 'postgres', ...}
params = {'client_encoding': 'UTF8', 'dbname': 'postgres', 'host': 'localhost', 'password': 'postgres', ...}
timeout = 130

    @classmethod
    def connect(
        cls,
        conninfo: str = "",
        *,
        autocommit: bool = False,
        prepare_threshold: int | None = 5,
        context: AdaptContext | None = None,
        row_factory: RowFactory[Row] | None = None,
        cursor_factory: type[Cursor[Row]] | None = None,
        **kwargs: ConnParam,
    ) -> Self:
        """
        Connect to a database server and return a new `Connection` instance.
        """
    
        params = cls._get_connection_params(conninfo, **kwargs)
        timeout = timeout_from_conninfo(params)
        rv = None
        attempts = conninfo_attempts(params)
        conn_errors: list[tuple[e.Error, str]] = []
        for attempt in attempts:
            tdescr = (attempt.get("host"), attempt.get("port"), attempt.get("hostaddr"))
            descr = "host: %r, port: %r, hostaddr: %r" % tdescr
            logger.debug("connection attempt: %s", descr)
            try:
                conninfo = make_conninfo("", **attempt)
                gen = cls._connect_gen(conninfo, timeout=timeout)
                rv = waiting.wait_conn(gen, interval=_WAIT_INTERVAL)
            except e.Error as ex:
                logger.debug("connection failed: %s: %s", descr, str(ex))
                conn_errors.append((ex, descr))
            except e._NO_TRACEBACK as ex:
                raise ex.with_traceback(None)
            else:
                logger.debug("connection succeeded: %s", descr)
                break
    
        if not rv:
            last_ex = conn_errors[-1][0]
            if len(conn_errors) == 1:
                raise last_ex.with_traceback(None)
    
            # Create a new exception with the same type as the last one, containing
            # all attempt errors while preserving backward compatibility.
            lines = [str(last_ex)]
            lines.append("Multiple connection attempts failed. All failures were:")
            lines.extend((f"- {descr}: {error}" for error, descr in conn_errors))
>           raise type(last_ex)("\n".join(lines)).with_traceback(None)
E           psycopg.OperationalError: connection failed: connection to server at "127.0.0.1", port 5432 failed: FATAL:  la autentificaci\ufffdn password fall\ufffd para el usuario \ufffdpostgres\ufffd
E           Multiple connection attempts failed. All failures were:
E           - host: 'localhost', port: '5432', hostaddr: '::1': connection failed: connection to server at "::1", port 5432 failed: FATAL:  la autentificaci\ufffdn password fall\ufffd para el usuario \ufffdpostgres\ufffd
E           - host: 'localhost', port: '5432', hostaddr: '127.0.0.1': connection failed: connection to server at "127.0.0.1", port 5432 failed: FATAL:  la autentificaci\ufffdn password fall\ufffd para el usuario \ufffdpostgres\ufffd

..\..\..\AppData\Roaming\Python\Python313\site-packages\psycopg\connection.py:127: OperationalError

The above exception was the direct cause of the following exception:

self = <DatabaseWrapper vendor='postgresql' alias='default'>

    @contextmanager
    def _nodb_cursor(self):
        cursor = None
        try:
>           with super()._nodb_cursor() as cursor:

..\..\..\AppData\Roaming\Python\Python313\site-packages\django\db\backends\postgresql\base.py:507: 
_ _ _ _ _ _ _ _ _ _ _ _ _ _ _ _ _ _ _ _ _ _ _ _ _ _ _ _ _ _ _ _ _ _ _ _ _ _ _ _
C:\Python313\Lib\contextlib.py:141: in __enter__
    return next(self.gen)
..\..\..\AppData\Roaming\Python\Python313\site-packages\django\db\backends\base\base.py:712: in _nodb_cursor
    with conn.cursor() as cursor:
..\..\..\AppData\Roaming\Python\Python313\site-packages\django\utils\asyncio.py:26: in inner
    return func(*args, **kwargs)
..\..\..\AppData\Roaming\Python\Python313\site-packages\django\db\backends\base\base.py:320: in cursor
    return self._cursor()
..\..\..\AppData\Roaming\Python\Python313\site-packages\django\db\backends\base\base.py:296: in _cursor
    self.ensure_connection()
..\..\..\AppData\Roaming\Python\Python313\site-packages\django\utils\asyncio.py:26: in inner
    return func(*args, **kwargs)
..\..\..\AppData\Roaming\Python\Python313\site-packages\django\db\backends\base\base.py:278: in ensure_connection
    with self.wrap_database_errors:
..\..\..\AppData\Roaming\Python\Python313\site-packages\django\db\utils.py:91: in __exit__
    raise dj_exc_value.with_traceback(traceback) from exc_value
..\..\..\AppData\Roaming\Python\Python313\site-packages\django\db\backends\base\base.py:279: in ensure_connection
    self.connect()
..\..\..\AppData\Roaming\Python\Python313\site-packages\django\utils\asyncio.py:26: in inner
    return func(*args, **kwargs)
..\..\..\AppData\Roaming\Python\Python313\site-packages\django\db\backends\base\base.py:256: in connect
    self.connection = self.get_new_connection(conn_params)
..\..\..\AppData\Roaming\Python\Python313\site-packages\django\utils\asyncio.py:26: in inner
    return func(*args, **kwargs)
..\..\..\AppData\Roaming\Python\Python313\site-packages\django\db\backends\postgresql\base.py:332: in get_new_connection
    connection = self.Database.connect(**conn_params)
_ _ _ _ _ _ _ _ _ _ _ _ _ _ _ _ _ _ _ _ _ _ _ _ _ _ _ _ _ _ _ _ _ _ _ _ _ _ _ _

cls = <class 'psycopg.Connection'>
conninfo = 'dbname=postgres client_encoding=UTF8 user=postgres password=postgres host=localhost port=5432 hostaddr=127.0.0.1'
autocommit = False, prepare_threshold = None
context = <psycopg.adapt.AdaptersMap object at 0x000001CEB3E42350>
row_factory = None
cursor_factory = <class 'django.db.backends.postgresql.base.Cursor'>
kwargs = {'client_encoding': 'UTF8', 'dbname': 'postgres', 'host': 'localhost', 'password': 'postgres', ...}
params = {'client_encoding': 'UTF8', 'dbname': 'postgres', 'host': 'localhost', 'password': 'postgres', ...}
timeout = 130

    @classmethod
    def connect(
        cls,
        conninfo: str = "",
        *,
        autocommit: bool = False,
        prepare_threshold: int | None = 5,
        context: AdaptContext | None = None,
        row_factory: RowFactory[Row] | None = None,
        cursor_factory: type[Cursor[Row]] | None = None,
        **kwargs: ConnParam,
    ) -> Self:
        """
        Connect to a database server and return a new `Connection` instance.
        """
    
        params = cls._get_connection_params(conninfo, **kwargs)
        timeout = timeout_from_conninfo(params)
        rv = None
        attempts = conninfo_attempts(params)
        conn_errors: list[tuple[e.Error, str]] = []
        for attempt in attempts:
            tdescr = (attempt.get("host"), attempt.get("port"), attempt.get("hostaddr"))
            descr = "host: %r, port: %r, hostaddr: %r" % tdescr
            logger.debug("connection attempt: %s", descr)
            try:
                conninfo = make_conninfo("", **attempt)
                gen = cls._connect_gen(conninfo, timeout=timeout)
                rv = waiting.wait_conn(gen, interval=_WAIT_INTERVAL)
            except e.Error as ex:
                logger.debug("connection failed: %s: %s", descr, str(ex))
                conn_errors.append((ex, descr))
            except e._NO_TRACEBACK as ex:
                raise ex.with_traceback(None)
            else:
                logger.debug("connection succeeded: %s", descr)
                break
    
        if not rv:
            last_ex = conn_errors[-1][0]
            if len(conn_errors) == 1:
                raise last_ex.with_traceback(None)
    
            # Create a new exception with the same type as the last one, containing
            # all attempt errors while preserving backward compatibility.
            lines = [str(last_ex)]
            lines.append("Multiple connection attempts failed. All failures were:")
            lines.extend((f"- {descr}: {error}" for error, descr in conn_errors))
>           raise type(last_ex)("\n".join(lines)).with_traceback(None)
E           django.db.utils.OperationalError: connection failed: connection to server at "127.0.0.1", port 5432 failed: FATAL:  la autentificaci\ufffdn password fall\ufffd para el usuario \ufffdpostgres\ufffd
E           Multiple connection attempts failed. All failures were:
E           - host: 'localhost', port: '5432', hostaddr: '::1': connection failed: connection to server at "::1", port 5432 failed: FATAL:  la autentificaci\ufffdn password fall\ufffd para el usuario \ufffdpostgres\ufffd
E           - host: 'localhost', port: '5432', hostaddr: '127.0.0.1': connection failed: connection to server at "127.0.0.1", port 5432 failed: FATAL:  la autentificaci\ufffdn password fall\ufffd para el usuario \ufffdpostgres\ufffd

..\..\..\AppData\Roaming\Python\Python313\site-packages\psycopg\connection.py:127: OperationalError

During handling of the above exception, another exception occurred:

self = <DatabaseWrapper vendor='postgresql' alias='default'>

    @async_unsafe
    def ensure_connection(self):
        """Guarantee that a connection to the database is established."""
        if self.connection is None:
            if self.in_atomic_block and self.closed_in_transaction:
                raise ProgrammingError(
                    "Cannot open a new connection in an atomic block."
                )
            with self.wrap_database_errors:
>               self.connect()

..\..\..\AppData\Roaming\Python\Python313\site-packages\django\db\backends\base\base.py:279: 
_ _ _ _ _ _ _ _ _ _ _ _ _ _ _ _ _ _ _ _ _ _ _ _ _ _ _ _ _ _ _ _ _ _ _ _ _ _ _ _
..\..\..\AppData\Roaming\Python\Python313\site-packages\django\utils\asyncio.py:26: in inner
    return func(*args, **kwargs)
..\..\..\AppData\Roaming\Python\Python313\site-packages\django\db\backends\base\base.py:256: in connect
    self.connection = self.get_new_connection(conn_params)
..\..\..\AppData\Roaming\Python\Python313\site-packages\django\utils\asyncio.py:26: in inner
    return func(*args, **kwargs)
..\..\..\AppData\Roaming\Python\Python313\site-packages\django\db\backends\postgresql\base.py:332: in get_new_connection
    connection = self.Database.connect(**conn_params)
_ _ _ _ _ _ _ _ _ _ _ _ _ _ _ _ _ _ _ _ _ _ _ _ _ _ _ _ _ _ _ _ _ _ _ _ _ _ _ _

cls = <class 'psycopg.Connection'>
conninfo = 'dbname=ruffles_db client_encoding=UTF8 user=postgres password=postgres host=localhost port=5432 hostaddr=127.0.0.1'
autocommit = False, prepare_threshold = None
context = <psycopg.adapt.AdaptersMap object at 0x000001CEB3E42350>
row_factory = None
cursor_factory = <class 'django.db.backends.postgresql.base.Cursor'>
kwargs = {'client_encoding': 'UTF8', 'dbname': 'ruffles_db', 'host': 'localhost', 'password': 'postgres', ...}
params = {'client_encoding': 'UTF8', 'dbname': 'ruffles_db', 'host': 'localhost', 'password': 'postgres', ...}
timeout = 130

    @classmethod
    def connect(
        cls,
        conninfo: str = "",
        *,
        autocommit: bool = False,
        prepare_threshold: int | None = 5,
        context: AdaptContext | None = None,
        row_factory: RowFactory[Row] | None = None,
        cursor_factory: type[Cursor[Row]] | None = None,
        **kwargs: ConnParam,
    ) -> Self:
        """
        Connect to a database server and return a new `Connection` instance.
        """
    
        params = cls._get_connection_params(conninfo, **kwargs)
        timeout = timeout_from_conninfo(params)
        rv = None
        attempts = conninfo_attempts(params)
        conn_errors: list[tuple[e.Error, str]] = []
        for attempt in attempts:
            tdescr = (attempt.get("host"), attempt.get("port"), attempt.get("hostaddr"))
            descr = "host: %r, port: %r, hostaddr: %r" % tdescr
            logger.debug("connection attempt: %s", descr)
            try:
                conninfo = make_conninfo("", **attempt)
                gen = cls._connect_gen(conninfo, timeout=timeout)
                rv = waiting.wait_conn(gen, interval=_WAIT_INTERVAL)
            except e.Error as ex:
                logger.debug("connection failed: %s: %s", descr, str(ex))
                conn_errors.append((ex, descr))
            except e._NO_TRACEBACK as ex:
                raise ex.with_traceback(None)
            else:
                logger.debug("connection succeeded: %s", descr)
                break
    
        if not rv:
            last_ex = conn_errors[-1][0]
            if len(conn_errors) == 1:
                raise last_ex.with_traceback(None)
    
            # Create a new exception with the same type as the last one, containing
            # all attempt errors while preserving backward compatibility.
            lines = [str(last_ex)]
            lines.append("Multiple connection attempts failed. All failures were:")
            lines.extend((f"- {descr}: {error}" for error, descr in conn_errors))
>           raise type(last_ex)("\n".join(lines)).with_traceback(None)
E           psycopg.OperationalError: connection failed: connection to server at "127.0.0.1", port 5432 failed: FATAL:  la autentificaci\ufffdn password fall\ufffd para el usuario \ufffdpostgres\ufffd
E           Multiple connection attempts failed. All failures were:
E           - host: 'localhost', port: '5432', hostaddr: '::1': connection failed: connection to server at "::1", port 5432 failed: FATAL:  la autentificaci\ufffdn password fall\ufffd para el usuario \ufffdpostgres\ufffd
E           - host: 'localhost', port: '5432', hostaddr: '127.0.0.1': connection failed: connection to server at "127.0.0.1", port 5432 failed: FATAL:  la autentificaci\ufffdn password fall\ufffd para el usuario \ufffdpostgres\ufffd

..\..\..\AppData\Roaming\Python\Python313\site-packages\psycopg\connection.py:127: OperationalError

The above exception was the direct cause of the following exception:

request = <SubRequest '_django_db_marker' for <Function test_registration_invalid_email[plainaddress]>>

    @pytest.fixture(autouse=True)
    def _django_db_marker(request: pytest.FixtureRequest) -> None:
        """Implement the django_db marker, internal to pytest-django."""
        marker = request.node.get_closest_marker("django_db")
        if marker:
>           request.getfixturevalue("_django_db_helper")

..\..\..\AppData\Roaming\Python\Python313\site-packages\pytest_django\plugin.py:527: 
_ _ _ _ _ _ _ _ _ _ _ _ _ _ _ _ _ _ _ _ _ _ _ _ _ _ _ _ _ _ _ _ _ _ _ _ _ _ _ _
..\..\..\AppData\Roaming\Python\Python313\site-packages\pytest_django\fixtures.py:140: in django_db_setup
    db_cfg = setup_databases(
..\..\..\AppData\Roaming\Python\Python313\site-packages\django\test\utils.py:204: in setup_databases
    connection.creation.create_test_db(
..\..\..\AppData\Roaming\Python\Python313\site-packages\django\db\backends\base\creation.py:62: in create_test_db
    self._create_test_db(verbosity, autoclobber, keepdb)
..\..\..\AppData\Roaming\Python\Python313\site-packages\django\db\backends\base\creation.py:202: in _create_test_db
    with self._nodb_cursor() as cursor:
C:\Python313\Lib\contextlib.py:141: in __enter__
    return next(self.gen)
..\..\..\AppData\Roaming\Python\Python313\site-packages\django\db\backends\postgresql\base.py:533: in _nodb_cursor
    with conn.cursor() as cursor:
..\..\..\AppData\Roaming\Python\Python313\site-packages\django\utils\asyncio.py:26: in inner
    return func(*args, **kwargs)
..\..\..\AppData\Roaming\Python\Python313\site-packages\django\db\backends\base\base.py:320: in cursor
    return self._cursor()
..\..\..\AppData\Roaming\Python\Python313\site-packages\django\db\backends\base\base.py:296: in _cursor
    self.ensure_connection()
..\..\..\AppData\Roaming\Python\Python313\site-packages\django\utils\asyncio.py:26: in inner
    return func(*args, **kwargs)
..\..\..\AppData\Roaming\Python\Python313\site-packages\django\db\backends\base\base.py:278: in ensure_connection
    with self.wrap_database_errors:
..\..\..\AppData\Roaming\Python\Python313\site-packages\django\db\utils.py:91: in __exit__
    raise dj_exc_value.with_traceback(traceback) from exc_value
..\..\..\AppData\Roaming\Python\Python313\site-packages\django\db\backends\base\base.py:279: in ensure_connection
    self.connect()
..\..\..\AppData\Roaming\Python\Python313\site-packages\django\utils\asyncio.py:26: in inner
    return func(*args, **kwargs)
..\..\..\AppData\Roaming\Python\Python313\site-packages\django\db\backends\base\base.py:256: in connect
    self.connection = self.get_new_connection(conn_params)
..\..\..\AppData\Roaming\Python\Python313\site-packages\django\utils\asyncio.py:26: in inner
    return func(*args, **kwargs)
..\..\..\AppData\Roaming\Python\Python313\site-packages\django\db\backends\postgresql\base.py:332: in get_new_connection
    connection = self.Database.connect(**conn_params)
_ _ _ _ _ _ _ _ _ _ _ _ _ _ _ _ _ _ _ _ _ _ _ _ _ _ _ _ _ _ _ _ _ _ _ _ _ _ _ _

cls = <class 'psycopg.Connection'>
conninfo = 'dbname=ruffles_db client_encoding=UTF8 user=postgres password=postgres host=localhost port=5432 hostaddr=127.0.0.1'
autocommit = False, prepare_threshold = None
context = <psycopg.adapt.AdaptersMap object at 0x000001CEB3E42350>
row_factory = None
cursor_factory = <class 'django.db.backends.postgresql.base.Cursor'>
kwargs = {'client_encoding': 'UTF8', 'dbname': 'ruffles_db', 'host': 'localhost', 'password': 'postgres', ...}
params = {'client_encoding': 'UTF8', 'dbname': 'ruffles_db', 'host': 'localhost', 'password': 'postgres', ...}
timeout = 130

    @classmethod
    def connect(
        cls,
        conninfo: str = "",
        *,
        autocommit: bool = False,
        prepare_threshold: int | None = 5,
        context: AdaptContext | None = None,
        row_factory: RowFactory[Row] | None = None,
        cursor_factory: type[Cursor[Row]] | None = None,
        **kwargs: ConnParam,
    ) -> Self:
        """
        Connect to a database server and return a new `Connection` instance.
        """
    
        params = cls._get_connection_params(conninfo, **kwargs)
        timeout = timeout_from_conninfo(params)
        rv = None
        attempts = conninfo_attempts(params)
        conn_errors: list[tuple[e.Error, str]] = []
        for attempt in attempts:
            tdescr = (attempt.get("host"), attempt.get("port"), attempt.get("hostaddr"))
            descr = "host: %r, port: %r, hostaddr: %r" % tdescr
            logger.debug("connection attempt: %s", descr)
            try:
                conninfo = make_conninfo("", **attempt)
                gen = cls._connect_gen(conninfo, timeout=timeout)
                rv = waiting.wait_conn(gen, interval=_WAIT_INTERVAL)
            except e.Error as ex:
                logger.debug("connection failed: %s: %s", descr, str(ex))
                conn_errors.append((ex, descr))
            except e._NO_TRACEBACK as ex:
                raise ex.with_traceback(None)
            else:
                logger.debug("connection succeeded: %s", descr)
                break
    
        if not rv:
            last_ex = conn_errors[-1][0]
            if len(conn_errors) == 1:
                raise last_ex.with_traceback(None)
    
            # Create a new exception with the same type as the last one, containing
            # all attempt errors while preserving backward compatibility.
            lines = [str(last_ex)]
            lines.append("Multiple connection attempts failed. All failures were:")
            lines.extend((f"- {descr}: {error}" for error, descr in conn_errors))
>           raise type(last_ex)("\n".join(lines)).with_traceback(None)
E           django.db.utils.OperationalError: connection failed: connection to server at "127.0.0.1", port 5432 failed: FATAL:  la autentificaci\ufffdn password fall\ufffd para el usuario \ufffdpostgres\ufffd
E           Multiple connection attempts failed. All failures were:
E           - host: 'localhost', port: '5432', hostaddr: '::1': connection failed: connection to server at "::1", port 5432 failed: FATAL:  la autentificaci\ufffdn password fall\ufffd para el usuario \ufffdpostgres\ufffd
E           - host: 'localhost', port: '5432', hostaddr: '127.0.0.1': connection failed: connection to server at "127.0.0.1", port 5432 failed: FATAL:  la autentificaci\ufffdn password fall\ufffd para el usuario \ufffdpostgres\ufffd

..\..\..\AppData\Roaming\Python\Python313\site-packages\psycopg\connection.py:127: OperationalError
_____ ERROR at setup of test_registration_invalid_email[@missinguser.com] _____

self = <DatabaseWrapper vendor='postgresql' alias='__no_db__'>

    @async_unsafe
    def ensure_connection(self):
        """Guarantee that a connection to the database is established."""
        if self.connection is None:
            if self.in_atomic_block and self.closed_in_transaction:
                raise ProgrammingError(
                    "Cannot open a new connection in an atomic block."
                )
            with self.wrap_database_errors:
>               self.connect()

..\..\..\AppData\Roaming\Python\Python313\site-packages\django\db\backends\base\base.py:279: 
_ _ _ _ _ _ _ _ _ _ _ _ _ _ _ _ _ _ _ _ _ _ _ _ _ _ _ _ _ _ _ _ _ _ _ _ _ _ _ _
..\..\..\AppData\Roaming\Python\Python313\site-packages\django\utils\asyncio.py:26: in inner
    return func(*args, **kwargs)
..\..\..\AppData\Roaming\Python\Python313\site-packages\django\db\backends\base\base.py:256: in connect
    self.connection = self.get_new_connection(conn_params)
..\..\..\AppData\Roaming\Python\Python313\site-packages\django\utils\asyncio.py:26: in inner
    return func(*args, **kwargs)
..\..\..\AppData\Roaming\Python\Python313\site-packages\django\db\backends\postgresql\base.py:332: in get_new_connection
    connection = self.Database.connect(**conn_params)
_ _ _ _ _ _ _ _ _ _ _ _ _ _ _ _ _ _ _ _ _ _ _ _ _ _ _ _ _ _ _ _ _ _ _ _ _ _ _ _

cls = <class 'psycopg.Connection'>
conninfo = 'dbname=postgres client_encoding=UTF8 user=postgres password=postgres host=localhost port=5432 hostaddr=127.0.0.1'
autocommit = False, prepare_threshold = None
context = <psycopg.adapt.AdaptersMap object at 0x000001CEB3E42350>
row_factory = None
cursor_factory = <class 'django.db.backends.postgresql.base.Cursor'>
kwargs = {'client_encoding': 'UTF8', 'dbname': 'postgres', 'host': 'localhost', 'password': 'postgres', ...}
params = {'client_encoding': 'UTF8', 'dbname': 'postgres', 'host': 'localhost', 'password': 'postgres', ...}
timeout = 130

    @classmethod
    def connect(
        cls,
        conninfo: str = "",
        *,
        autocommit: bool = False,
        prepare_threshold: int | None = 5,
        context: AdaptContext | None = None,
        row_factory: RowFactory[Row] | None = None,
        cursor_factory: type[Cursor[Row]] | None = None,
        **kwargs: ConnParam,
    ) -> Self:
        """
        Connect to a database server and return a new `Connection` instance.
        """
    
        params = cls._get_connection_params(conninfo, **kwargs)
        timeout = timeout_from_conninfo(params)
        rv = None
        attempts = conninfo_attempts(params)
        conn_errors: list[tuple[e.Error, str]] = []
        for attempt in attempts:
            tdescr = (attempt.get("host"), attempt.get("port"), attempt.get("hostaddr"))
            descr = "host: %r, port: %r, hostaddr: %r" % tdescr
            logger.debug("connection attempt: %s", descr)
            try:
                conninfo = make_conninfo("", **attempt)
                gen = cls._connect_gen(conninfo, timeout=timeout)
                rv = waiting.wait_conn(gen, interval=_WAIT_INTERVAL)
            except e.Error as ex:
                logger.debug("connection failed: %s: %s", descr, str(ex))
                conn_errors.append((ex, descr))
            except e._NO_TRACEBACK as ex:
                raise ex.with_traceback(None)
            else:
                logger.debug("connection succeeded: %s", descr)
                break
    
        if not rv:
            last_ex = conn_errors[-1][0]
            if len(conn_errors) == 1:
                raise last_ex.with_traceback(None)
    
            # Create a new exception with the same type as the last one, containing
            # all attempt errors while preserving backward compatibility.
            lines = [str(last_ex)]
            lines.append("Multiple connection attempts failed. All failures were:")
            lines.extend((f"- {descr}: {error}" for error, descr in conn_errors))
>           raise type(last_ex)("\n".join(lines)).with_traceback(None)
E           psycopg.OperationalError: connection failed: connection to server at "127.0.0.1", port 5432 failed: FATAL:  la autentificaci\ufffdn password fall\ufffd para el usuario \ufffdpostgres\ufffd
E           Multiple connection attempts failed. All failures were:
E           - host: 'localhost', port: '5432', hostaddr: '::1': connection failed: connection to server at "::1", port 5432 failed: FATAL:  la autentificaci\ufffdn password fall\ufffd para el usuario \ufffdpostgres\ufffd
E           - host: 'localhost', port: '5432', hostaddr: '127.0.0.1': connection failed: connection to server at "127.0.0.1", port 5432 failed: FATAL:  la autentificaci\ufffdn password fall\ufffd para el usuario \ufffdpostgres\ufffd

..\..\..\AppData\Roaming\Python\Python313\site-packages\psycopg\connection.py:127: OperationalError

The above exception was the direct cause of the following exception:

self = <DatabaseWrapper vendor='postgresql' alias='default'>

    @contextmanager
    def _nodb_cursor(self):
        cursor = None
        try:
>           with super()._nodb_cursor() as cursor:

..\..\..\AppData\Roaming\Python\Python313\site-packages\django\db\backends\postgresql\base.py:507: 
_ _ _ _ _ _ _ _ _ _ _ _ _ _ _ _ _ _ _ _ _ _ _ _ _ _ _ _ _ _ _ _ _ _ _ _ _ _ _ _
C:\Python313\Lib\contextlib.py:141: in __enter__
    return next(self.gen)
..\..\..\AppData\Roaming\Python\Python313\site-packages\django\db\backends\base\base.py:712: in _nodb_cursor
    with conn.cursor() as cursor:
..\..\..\AppData\Roaming\Python\Python313\site-packages\django\utils\asyncio.py:26: in inner
    return func(*args, **kwargs)
..\..\..\AppData\Roaming\Python\Python313\site-packages\django\db\backends\base\base.py:320: in cursor
    return self._cursor()
..\..\..\AppData\Roaming\Python\Python313\site-packages\django\db\backends\base\base.py:296: in _cursor
    self.ensure_connection()
..\..\..\AppData\Roaming\Python\Python313\site-packages\django\utils\asyncio.py:26: in inner
    return func(*args, **kwargs)
..\..\..\AppData\Roaming\Python\Python313\site-packages\django\db\backends\base\base.py:278: in ensure_connection
    with self.wrap_database_errors:
..\..\..\AppData\Roaming\Python\Python313\site-packages\django\db\utils.py:91: in __exit__
    raise dj_exc_value.with_traceback(traceback) from exc_value
..\..\..\AppData\Roaming\Python\Python313\site-packages\django\db\backends\base\base.py:279: in ensure_connection
    self.connect()
..\..\..\AppData\Roaming\Python\Python313\site-packages\django\utils\asyncio.py:26: in inner
    return func(*args, **kwargs)
..\..\..\AppData\Roaming\Python\Python313\site-packages\django\db\backends\base\base.py:256: in connect
    self.connection = self.get_new_connection(conn_params)
..\..\..\AppData\Roaming\Python\Python313\site-packages\django\utils\asyncio.py:26: in inner
    return func(*args, **kwargs)
..\..\..\AppData\Roaming\Python\Python313\site-packages\django\db\backends\postgresql\base.py:332: in get_new_connection
    connection = self.Database.connect(**conn_params)
_ _ _ _ _ _ _ _ _ _ _ _ _ _ _ _ _ _ _ _ _ _ _ _ _ _ _ _ _ _ _ _ _ _ _ _ _ _ _ _

cls = <class 'psycopg.Connection'>
conninfo = 'dbname=postgres client_encoding=UTF8 user=postgres password=postgres host=localhost port=5432 hostaddr=127.0.0.1'
autocommit = False, prepare_threshold = None
context = <psycopg.adapt.AdaptersMap object at 0x000001CEB3E42350>
row_factory = None
cursor_factory = <class 'django.db.backends.postgresql.base.Cursor'>
kwargs = {'client_encoding': 'UTF8', 'dbname': 'postgres', 'host': 'localhost', 'password': 'postgres', ...}
params = {'client_encoding': 'UTF8', 'dbname': 'postgres', 'host': 'localhost', 'password': 'postgres', ...}
timeout = 130

    @classmethod
    def connect(
        cls,
        conninfo: str = "",
        *,
        autocommit: bool = False,
        prepare_threshold: int | None = 5,
        context: AdaptContext | None = None,
        row_factory: RowFactory[Row] | None = None,
        cursor_factory: type[Cursor[Row]] | None = None,
        **kwargs: ConnParam,
    ) -> Self:
        """
        Connect to a database server and return a new `Connection` instance.
        """
    
        params = cls._get_connection_params(conninfo, **kwargs)
        timeout = timeout_from_conninfo(params)
        rv = None
        attempts = conninfo_attempts(params)
        conn_errors: list[tuple[e.Error, str]] = []
        for attempt in attempts:
            tdescr = (attempt.get("host"), attempt.get("port"), attempt.get("hostaddr"))
            descr = "host: %r, port: %r, hostaddr: %r" % tdescr
            logger.debug("connection attempt: %s", descr)
            try:
                conninfo = make_conninfo("", **attempt)
                gen = cls._connect_gen(conninfo, timeout=timeout)
                rv = waiting.wait_conn(gen, interval=_WAIT_INTERVAL)
            except e.Error as ex:
                logger.debug("connection failed: %s: %s", descr, str(ex))
                conn_errors.append((ex, descr))
            except e._NO_TRACEBACK as ex:
                raise ex.with_traceback(None)
            else:
                logger.debug("connection succeeded: %s", descr)
                break
    
        if not rv:
            last_ex = conn_errors[-1][0]
            if len(conn_errors) == 1:
                raise last_ex.with_traceback(None)
    
            # Create a new exception with the same type as the last one, containing
            # all attempt errors while preserving backward compatibility.
            lines = [str(last_ex)]
            lines.append("Multiple connection attempts failed. All failures were:")
            lines.extend((f"- {descr}: {error}" for error, descr in conn_errors))
>           raise type(last_ex)("\n".join(lines)).with_traceback(None)
E           django.db.utils.OperationalError: connection failed: connection to server at "127.0.0.1", port 5432 failed: FATAL:  la autentificaci\ufffdn password fall\ufffd para el usuario \ufffdpostgres\ufffd
E           Multiple connection attempts failed. All failures were:
E           - host: 'localhost', port: '5432', hostaddr: '::1': connection failed: connection to server at "::1", port 5432 failed: FATAL:  la autentificaci\ufffdn password fall\ufffd para el usuario \ufffdpostgres\ufffd
E           - host: 'localhost', port: '5432', hostaddr: '127.0.0.1': connection failed: connection to server at "127.0.0.1", port 5432 failed: FATAL:  la autentificaci\ufffdn password fall\ufffd para el usuario \ufffdpostgres\ufffd

..\..\..\AppData\Roaming\Python\Python313\site-packages\psycopg\connection.py:127: OperationalError

During handling of the above exception, another exception occurred:

self = <DatabaseWrapper vendor='postgresql' alias='default'>

    @async_unsafe
    def ensure_connection(self):
        """Guarantee that a connection to the database is established."""
        if self.connection is None:
            if self.in_atomic_block and self.closed_in_transaction:
                raise ProgrammingError(
                    "Cannot open a new connection in an atomic block."
                )
            with self.wrap_database_errors:
>               self.connect()

..\..\..\AppData\Roaming\Python\Python313\site-packages\django\db\backends\base\base.py:279: 
_ _ _ _ _ _ _ _ _ _ _ _ _ _ _ _ _ _ _ _ _ _ _ _ _ _ _ _ _ _ _ _ _ _ _ _ _ _ _ _
..\..\..\AppData\Roaming\Python\Python313\site-packages\django\utils\asyncio.py:26: in inner
    return func(*args, **kwargs)
..\..\..\AppData\Roaming\Python\Python313\site-packages\django\db\backends\base\base.py:256: in connect
    self.connection = self.get_new_connection(conn_params)
..\..\..\AppData\Roaming\Python\Python313\site-packages\django\utils\asyncio.py:26: in inner
    return func(*args, **kwargs)
..\..\..\AppData\Roaming\Python\Python313\site-packages\django\db\backends\postgresql\base.py:332: in get_new_connection
    connection = self.Database.connect(**conn_params)
_ _ _ _ _ _ _ _ _ _ _ _ _ _ _ _ _ _ _ _ _ _ _ _ _ _ _ _ _ _ _ _ _ _ _ _ _ _ _ _

cls = <class 'psycopg.Connection'>
conninfo = 'dbname=ruffles_db client_encoding=UTF8 user=postgres password=postgres host=localhost port=5432 hostaddr=127.0.0.1'
autocommit = False, prepare_threshold = None
context = <psycopg.adapt.AdaptersMap object at 0x000001CEB3E42350>
row_factory = None
cursor_factory = <class 'django.db.backends.postgresql.base.Cursor'>
kwargs = {'client_encoding': 'UTF8', 'dbname': 'ruffles_db', 'host': 'localhost', 'password': 'postgres', ...}
params = {'client_encoding': 'UTF8', 'dbname': 'ruffles_db', 'host': 'localhost', 'password': 'postgres', ...}
timeout = 130

    @classmethod
    def connect(
        cls,
        conninfo: str = "",
        *,
        autocommit: bool = False,
        prepare_threshold: int | None = 5,
        context: AdaptContext | None = None,
        row_factory: RowFactory[Row] | None = None,
        cursor_factory: type[Cursor[Row]] | None = None,
        **kwargs: ConnParam,
    ) -> Self:
        """
        Connect to a database server and return a new `Connection` instance.
        """
    
        params = cls._get_connection_params(conninfo, **kwargs)
        timeout = timeout_from_conninfo(params)
        rv = None
        attempts = conninfo_attempts(params)
        conn_errors: list[tuple[e.Error, str]] = []
        for attempt in attempts:
            tdescr = (attempt.get("host"), attempt.get("port"), attempt.get("hostaddr"))
            descr = "host: %r, port: %r, hostaddr: %r" % tdescr
            logger.debug("connection attempt: %s", descr)
            try:
                conninfo = make_conninfo("", **attempt)
                gen = cls._connect_gen(conninfo, timeout=timeout)
                rv = waiting.wait_conn(gen, interval=_WAIT_INTERVAL)
            except e.Error as ex:
                logger.debug("connection failed: %s: %s", descr, str(ex))
                conn_errors.append((ex, descr))
            except e._NO_TRACEBACK as ex:
                raise ex.with_traceback(None)
            else:
                logger.debug("connection succeeded: %s", descr)
                break
    
        if not rv:
            last_ex = conn_errors[-1][0]
            if len(conn_errors) == 1:
                raise last_ex.with_traceback(None)
    
            # Create a new exception with the same type as the last one, containing
            # all attempt errors while preserving backward compatibility.
            lines = [str(last_ex)]
            lines.append("Multiple connection attempts failed. All failures were:")
            lines.extend((f"- {descr}: {error}" for error, descr in conn_errors))
>           raise type(last_ex)("\n".join(lines)).with_traceback(None)
E           psycopg.OperationalError: connection failed: connection to server at "127.0.0.1", port 5432 failed: FATAL:  la autentificaci\ufffdn password fall\ufffd para el usuario \ufffdpostgres\ufffd
E           Multiple connection attempts failed. All failures were:
E           - host: 'localhost', port: '5432', hostaddr: '::1': connection failed: connection to server at "::1", port 5432 failed: FATAL:  la autentificaci\ufffdn password fall\ufffd para el usuario \ufffdpostgres\ufffd
E           - host: 'localhost', port: '5432', hostaddr: '127.0.0.1': connection failed: connection to server at "127.0.0.1", port 5432 failed: FATAL:  la autentificaci\ufffdn password fall\ufffd para el usuario \ufffdpostgres\ufffd

..\..\..\AppData\Roaming\Python\Python313\site-packages\psycopg\connection.py:127: OperationalError

The above exception was the direct cause of the following exception:

request = <SubRequest '_django_db_marker' for <Function test_registration_invalid_email[@missinguser.com]>>

    @pytest.fixture(autouse=True)
    def _django_db_marker(request: pytest.FixtureRequest) -> None:
        """Implement the django_db marker, internal to pytest-django."""
        marker = request.node.get_closest_marker("django_db")
        if marker:
>           request.getfixturevalue("_django_db_helper")

..\..\..\AppData\Roaming\Python\Python313\site-packages\pytest_django\plugin.py:527: 
_ _ _ _ _ _ _ _ _ _ _ _ _ _ _ _ _ _ _ _ _ _ _ _ _ _ _ _ _ _ _ _ _ _ _ _ _ _ _ _
..\..\..\AppData\Roaming\Python\Python313\site-packages\pytest_django\fixtures.py:140: in django_db_setup
    db_cfg = setup_databases(
..\..\..\AppData\Roaming\Python\Python313\site-packages\django\test\utils.py:204: in setup_databases
    connection.creation.create_test_db(
..\..\..\AppData\Roaming\Python\Python313\site-packages\django\db\backends\base\creation.py:62: in create_test_db
    self._create_test_db(verbosity, autoclobber, keepdb)
..\..\..\AppData\Roaming\Python\Python313\site-packages\django\db\backends\base\creation.py:202: in _create_test_db
    with self._nodb_cursor() as cursor:
C:\Python313\Lib\contextlib.py:141: in __enter__
    return next(self.gen)
..\..\..\AppData\Roaming\Python\Python313\site-packages\django\db\backends\postgresql\base.py:533: in _nodb_cursor
    with conn.cursor() as cursor:
..\..\..\AppData\Roaming\Python\Python313\site-packages\django\utils\asyncio.py:26: in inner
    return func(*args, **kwargs)
..\..\..\AppData\Roaming\Python\Python313\site-packages\django\db\backends\base\base.py:320: in cursor
    return self._cursor()
..\..\..\AppData\Roaming\Python\Python313\site-packages\django\db\backends\base\base.py:296: in _cursor
    self.ensure_connection()
..\..\..\AppData\Roaming\Python\Python313\site-packages\django\utils\asyncio.py:26: in inner
    return func(*args, **kwargs)
..\..\..\AppData\Roaming\Python\Python313\site-packages\django\db\backends\base\base.py:278: in ensure_connection
    with self.wrap_database_errors:
..\..\..\AppData\Roaming\Python\Python313\site-packages\django\db\utils.py:91: in __exit__
    raise dj_exc_value.with_traceback(traceback) from exc_value
..\..\..\AppData\Roaming\Python\Python313\site-packages\django\db\backends\base\base.py:279: in ensure_connection
    self.connect()
..\..\..\AppData\Roaming\Python\Python313\site-packages\django\utils\asyncio.py:26: in inner
    return func(*args, **kwargs)
..\..\..\AppData\Roaming\Python\Python313\site-packages\django\db\backends\base\base.py:256: in connect
    self.connection = self.get_new_connection(conn_params)
..\..\..\AppData\Roaming\Python\Python313\site-packages\django\utils\asyncio.py:26: in inner
    return func(*args, **kwargs)
..\..\..\AppData\Roaming\Python\Python313\site-packages\django\db\backends\postgresql\base.py:332: in get_new_connection
    connection = self.Database.connect(**conn_params)
_ _ _ _ _ _ _ _ _ _ _ _ _ _ _ _ _ _ _ _ _ _ _ _ _ _ _ _ _ _ _ _ _ _ _ _ _ _ _ _

cls = <class 'psycopg.Connection'>
conninfo = 'dbname=ruffles_db client_encoding=UTF8 user=postgres password=postgres host=localhost port=5432 hostaddr=127.0.0.1'
autocommit = False, prepare_threshold = None
context = <psycopg.adapt.AdaptersMap object at 0x000001CEB3E42350>
row_factory = None
cursor_factory = <class 'django.db.backends.postgresql.base.Cursor'>
kwargs = {'client_encoding': 'UTF8', 'dbname': 'ruffles_db', 'host': 'localhost', 'password': 'postgres', ...}
params = {'client_encoding': 'UTF8', 'dbname': 'ruffles_db', 'host': 'localhost', 'password': 'postgres', ...}
timeout = 130

    @classmethod
    def connect(
        cls,
        conninfo: str = "",
        *,
        autocommit: bool = False,
        prepare_threshold: int | None = 5,
        context: AdaptContext | None = None,
        row_factory: RowFactory[Row] | None = None,
        cursor_factory: type[Cursor[Row]] | None = None,
        **kwargs: ConnParam,
    ) -> Self:
        """
        Connect to a database server and return a new `Connection` instance.
        """
    
        params = cls._get_connection_params(conninfo, **kwargs)
        timeout = timeout_from_conninfo(params)
        rv = None
        attempts = conninfo_attempts(params)
        conn_errors: list[tuple[e.Error, str]] = []
        for attempt in attempts:
            tdescr = (attempt.get("host"), attempt.get("port"), attempt.get("hostaddr"))
            descr = "host: %r, port: %r, hostaddr: %r" % tdescr
            logger.debug("connection attempt: %s", descr)
            try:
                conninfo = make_conninfo("", **attempt)
                gen = cls._connect_gen(conninfo, timeout=timeout)
                rv = waiting.wait_conn(gen, interval=_WAIT_INTERVAL)
            except e.Error as ex:
                logger.debug("connection failed: %s: %s", descr, str(ex))
                conn_errors.append((ex, descr))
            except e._NO_TRACEBACK as ex:
                raise ex.with_traceback(None)
            else:
                logger.debug("connection succeeded: %s", descr)
                break
    
        if not rv:
            last_ex = conn_errors[-1][0]
            if len(conn_errors) == 1:
                raise last_ex.with_traceback(None)
    
            # Create a new exception with the same type as the last one, containing
            # all attempt errors while preserving backward compatibility.
            lines = [str(last_ex)]
            lines.append("Multiple connection attempts failed. All failures were:")
            lines.extend((f"- {descr}: {error}" for error, descr in conn_errors))
>           raise type(last_ex)("\n".join(lines)).with_traceback(None)
E           django.db.utils.OperationalError: connection failed: connection to server at "127.0.0.1", port 5432 failed: FATAL:  la autentificaci\ufffdn password fall\ufffd para el usuario \ufffdpostgres\ufffd
E           Multiple connection attempts failed. All failures were:
E           - host: 'localhost', port: '5432', hostaddr: '::1': connection failed: connection to server at "::1", port 5432 failed: FATAL:  la autentificaci\ufffdn password fall\ufffd para el usuario \ufffdpostgres\ufffd
E           - host: 'localhost', port: '5432', hostaddr: '127.0.0.1': connection failed: connection to server at "127.0.0.1", port 5432 failed: FATAL:  la autentificaci\ufffdn password fall\ufffd para el usuario \ufffdpostgres\ufffd

..\..\..\AppData\Roaming\Python\Python313\site-packages\psycopg\connection.py:127: OperationalError
__________ ERROR at setup of test_registration_invalid_email[john@] ___________

self = <DatabaseWrapper vendor='postgresql' alias='__no_db__'>

    @async_unsafe
    def ensure_connection(self):
        """Guarantee that a connection to the database is established."""
        if self.connection is None:
            if self.in_atomic_block and self.closed_in_transaction:
                raise ProgrammingError(
                    "Cannot open a new connection in an atomic block."
                )
            with self.wrap_database_errors:
>               self.connect()

..\..\..\AppData\Roaming\Python\Python313\site-packages\django\db\backends\base\base.py:279: 
_ _ _ _ _ _ _ _ _ _ _ _ _ _ _ _ _ _ _ _ _ _ _ _ _ _ _ _ _ _ _ _ _ _ _ _ _ _ _ _
..\..\..\AppData\Roaming\Python\Python313\site-packages\django\utils\asyncio.py:26: in inner
    return func(*args, **kwargs)
..\..\..\AppData\Roaming\Python\Python313\site-packages\django\db\backends\base\base.py:256: in connect
    self.connection = self.get_new_connection(conn_params)
..\..\..\AppData\Roaming\Python\Python313\site-packages\django\utils\asyncio.py:26: in inner
    return func(*args, **kwargs)
..\..\..\AppData\Roaming\Python\Python313\site-packages\django\db\backends\postgresql\base.py:332: in get_new_connection
    connection = self.Database.connect(**conn_params)
_ _ _ _ _ _ _ _ _ _ _ _ _ _ _ _ _ _ _ _ _ _ _ _ _ _ _ _ _ _ _ _ _ _ _ _ _ _ _ _

cls = <class 'psycopg.Connection'>
conninfo = 'dbname=postgres client_encoding=UTF8 user=postgres password=postgres host=localhost port=5432 hostaddr=127.0.0.1'
autocommit = False, prepare_threshold = None
context = <psycopg.adapt.AdaptersMap object at 0x000001CEB3E42350>
row_factory = None
cursor_factory = <class 'django.db.backends.postgresql.base.Cursor'>
kwargs = {'client_encoding': 'UTF8', 'dbname': 'postgres', 'host': 'localhost', 'password': 'postgres', ...}
params = {'client_encoding': 'UTF8', 'dbname': 'postgres', 'host': 'localhost', 'password': 'postgres', ...}
timeout = 130

    @classmethod
    def connect(
        cls,
        conninfo: str = "",
        *,
        autocommit: bool = False,
        prepare_threshold: int | None = 5,
        context: AdaptContext | None = None,
        row_factory: RowFactory[Row] | None = None,
        cursor_factory: type[Cursor[Row]] | None = None,
        **kwargs: ConnParam,
    ) -> Self:
        """
        Connect to a database server and return a new `Connection` instance.
        """
    
        params = cls._get_connection_params(conninfo, **kwargs)
        timeout = timeout_from_conninfo(params)
        rv = None
        attempts = conninfo_attempts(params)
        conn_errors: list[tuple[e.Error, str]] = []
        for attempt in attempts:
            tdescr = (attempt.get("host"), attempt.get("port"), attempt.get("hostaddr"))
            descr = "host: %r, port: %r, hostaddr: %r" % tdescr
            logger.debug("connection attempt: %s", descr)
            try:
                conninfo = make_conninfo("", **attempt)
                gen = cls._connect_gen(conninfo, timeout=timeout)
                rv = waiting.wait_conn(gen, interval=_WAIT_INTERVAL)
            except e.Error as ex:
                logger.debug("connection failed: %s: %s", descr, str(ex))
                conn_errors.append((ex, descr))
            except e._NO_TRACEBACK as ex:
                raise ex.with_traceback(None)
            else:
                logger.debug("connection succeeded: %s", descr)
                break
    
        if not rv:
            last_ex = conn_errors[-1][0]
            if len(conn_errors) == 1:
                raise last_ex.with_traceback(None)
    
            # Create a new exception with the same type as the last one, containing
            # all attempt errors while preserving backward compatibility.
            lines = [str(last_ex)]
            lines.append("Multiple connection attempts failed. All failures were:")
            lines.extend((f"- {descr}: {error}" for error, descr in conn_errors))
>           raise type(last_ex)("\n".join(lines)).with_traceback(None)
E           psycopg.OperationalError: connection failed: connection to server at "127.0.0.1", port 5432 failed: FATAL:  la autentificaci\ufffdn password fall\ufffd para el usuario \ufffdpostgres\ufffd
E           Multiple connection attempts failed. All failures were:
E           - host: 'localhost', port: '5432', hostaddr: '::1': connection failed: connection to server at "::1", port 5432 failed: FATAL:  la autentificaci\ufffdn password fall\ufffd para el usuario \ufffdpostgres\ufffd
E           - host: 'localhost', port: '5432', hostaddr: '127.0.0.1': connection failed: connection to server at "127.0.0.1", port 5432 failed: FATAL:  la autentificaci\ufffdn password fall\ufffd para el usuario \ufffdpostgres\ufffd

..\..\..\AppData\Roaming\Python\Python313\site-packages\psycopg\connection.py:127: OperationalError

The above exception was the direct cause of the following exception:

self = <DatabaseWrapper vendor='postgresql' alias='default'>

    @contextmanager
    def _nodb_cursor(self):
        cursor = None
        try:
>           with super()._nodb_cursor() as cursor:

..\..\..\AppData\Roaming\Python\Python313\site-packages\django\db\backends\postgresql\base.py:507: 
_ _ _ _ _ _ _ _ _ _ _ _ _ _ _ _ _ _ _ _ _ _ _ _ _ _ _ _ _ _ _ _ _ _ _ _ _ _ _ _
C:\Python313\Lib\contextlib.py:141: in __enter__
    return next(self.gen)
..\..\..\AppData\Roaming\Python\Python313\site-packages\django\db\backends\base\base.py:712: in _nodb_cursor
    with conn.cursor() as cursor:
..\..\..\AppData\Roaming\Python\Python313\site-packages\django\utils\asyncio.py:26: in inner
    return func(*args, **kwargs)
..\..\..\AppData\Roaming\Python\Python313\site-packages\django\db\backends\base\base.py:320: in cursor
    return self._cursor()
..\..\..\AppData\Roaming\Python\Python313\site-packages\django\db\backends\base\base.py:296: in _cursor
    self.ensure_connection()
..\..\..\AppData\Roaming\Python\Python313\site-packages\django\utils\asyncio.py:26: in inner
    return func(*args, **kwargs)
..\..\..\AppData\Roaming\Python\Python313\site-packages\django\db\backends\base\base.py:278: in ensure_connection
    with self.wrap_database_errors:
..\..\..\AppData\Roaming\Python\Python313\site-packages\django\db\utils.py:91: in __exit__
    raise dj_exc_value.with_traceback(traceback) from exc_value
..\..\..\AppData\Roaming\Python\Python313\site-packages\django\db\backends\base\base.py:279: in ensure_connection
    self.connect()
..\..\..\AppData\Roaming\Python\Python313\site-packages\django\utils\asyncio.py:26: in inner
    return func(*args, **kwargs)
..\..\..\AppData\Roaming\Python\Python313\site-packages\django\db\backends\base\base.py:256: in connect
    self.connection = self.get_new_connection(conn_params)
..\..\..\AppData\Roaming\Python\Python313\site-packages\django\utils\asyncio.py:26: in inner
    return func(*args, **kwargs)
..\..\..\AppData\Roaming\Python\Python313\site-packages\django\db\backends\postgresql\base.py:332: in get_new_connection
    connection = self.Database.connect(**conn_params)
_ _ _ _ _ _ _ _ _ _ _ _ _ _ _ _ _ _ _ _ _ _ _ _ _ _ _ _ _ _ _ _ _ _ _ _ _ _ _ _

cls = <class 'psycopg.Connection'>
conninfo = 'dbname=postgres client_encoding=UTF8 user=postgres password=postgres host=localhost port=5432 hostaddr=127.0.0.1'
autocommit = False, prepare_threshold = None
context = <psycopg.adapt.AdaptersMap object at 0x000001CEB3E42350>
row_factory = None
cursor_factory = <class 'django.db.backends.postgresql.base.Cursor'>
kwargs = {'client_encoding': 'UTF8', 'dbname': 'postgres', 'host': 'localhost', 'password': 'postgres', ...}
params = {'client_encoding': 'UTF8', 'dbname': 'postgres', 'host': 'localhost', 'password': 'postgres', ...}
timeout = 130

    @classmethod
    def connect(
        cls,
        conninfo: str = "",
        *,
        autocommit: bool = False,
        prepare_threshold: int | None = 5,
        context: AdaptContext | None = None,
        row_factory: RowFactory[Row] | None = None,
        cursor_factory: type[Cursor[Row]] | None = None,
        **kwargs: ConnParam,
    ) -> Self:
        """
        Connect to a database server and return a new `Connection` instance.
        """
    
        params = cls._get_connection_params(conninfo, **kwargs)
        timeout = timeout_from_conninfo(params)
        rv = None
        attempts = conninfo_attempts(params)
        conn_errors: list[tuple[e.Error, str]] = []
        for attempt in attempts:
            tdescr = (attempt.get("host"), attempt.get("port"), attempt.get("hostaddr"))
            descr = "host: %r, port: %r, hostaddr: %r" % tdescr
            logger.debug("connection attempt: %s", descr)
            try:
                conninfo = make_conninfo("", **attempt)
                gen = cls._connect_gen(conninfo, timeout=timeout)
                rv = waiting.wait_conn(gen, interval=_WAIT_INTERVAL)
            except e.Error as ex:
                logger.debug("connection failed: %s: %s", descr, str(ex))
                conn_errors.append((ex, descr))
            except e._NO_TRACEBACK as ex:
                raise ex.with_traceback(None)
            else:
                logger.debug("connection succeeded: %s", descr)
                break
    
        if not rv:
            last_ex = conn_errors[-1][0]
            if len(conn_errors) == 1:
                raise last_ex.with_traceback(None)
    
            # Create a new exception with the same type as the last one, containing
            # all attempt errors while preserving backward compatibility.
            lines = [str(last_ex)]
            lines.append("Multiple connection attempts failed. All failures were:")
            lines.extend((f"- {descr}: {error}" for error, descr in conn_errors))
>           raise type(last_ex)("\n".join(lines)).with_traceback(None)
E           django.db.utils.OperationalError: connection failed: connection to server at "127.0.0.1", port 5432 failed: FATAL:  la autentificaci\ufffdn password fall\ufffd para el usuario \ufffdpostgres\ufffd
E           Multiple connection attempts failed. All failures were:
E           - host: 'localhost', port: '5432', hostaddr: '::1': connection failed: connection to server at "::1", port 5432 failed: FATAL:  la autentificaci\ufffdn password fall\ufffd para el usuario \ufffdpostgres\ufffd
E           - host: 'localhost', port: '5432', hostaddr: '127.0.0.1': connection failed: connection to server at "127.0.0.1", port 5432 failed: FATAL:  la autentificaci\ufffdn password fall\ufffd para el usuario \ufffdpostgres\ufffd

..\..\..\AppData\Roaming\Python\Python313\site-packages\psycopg\connection.py:127: OperationalError

During handling of the above exception, another exception occurred:

self = <DatabaseWrapper vendor='postgresql' alias='default'>

    @async_unsafe
    def ensure_connection(self):
        """Guarantee that a connection to the database is established."""
        if self.connection is None:
            if self.in_atomic_block and self.closed_in_transaction:
                raise ProgrammingError(
                    "Cannot open a new connection in an atomic block."
                )
            with self.wrap_database_errors:
>               self.connect()

..\..\..\AppData\Roaming\Python\Python313\site-packages\django\db\backends\base\base.py:279: 
_ _ _ _ _ _ _ _ _ _ _ _ _ _ _ _ _ _ _ _ _ _ _ _ _ _ _ _ _ _ _ _ _ _ _ _ _ _ _ _
..\..\..\AppData\Roaming\Python\Python313\site-packages\django\utils\asyncio.py:26: in inner
    return func(*args, **kwargs)
..\..\..\AppData\Roaming\Python\Python313\site-packages\django\db\backends\base\base.py:256: in connect
    self.connection = self.get_new_connection(conn_params)
..\..\..\AppData\Roaming\Python\Python313\site-packages\django\utils\asyncio.py:26: in inner
    return func(*args, **kwargs)
..\..\..\AppData\Roaming\Python\Python313\site-packages\django\db\backends\postgresql\base.py:332: in get_new_connection
    connection = self.Database.connect(**conn_params)
_ _ _ _ _ _ _ _ _ _ _ _ _ _ _ _ _ _ _ _ _ _ _ _ _ _ _ _ _ _ _ _ _ _ _ _ _ _ _ _

cls = <class 'psycopg.Connection'>
conninfo = 'dbname=ruffles_db client_encoding=UTF8 user=postgres password=postgres host=localhost port=5432 hostaddr=127.0.0.1'
autocommit = False, prepare_threshold = None
context = <psycopg.adapt.AdaptersMap object at 0x000001CEB3E42350>
row_factory = None
cursor_factory = <class 'django.db.backends.postgresql.base.Cursor'>
kwargs = {'client_encoding': 'UTF8', 'dbname': 'ruffles_db', 'host': 'localhost', 'password': 'postgres', ...}
params = {'client_encoding': 'UTF8', 'dbname': 'ruffles_db', 'host': 'localhost', 'password': 'postgres', ...}
timeout = 130

    @classmethod
    def connect(
        cls,
        conninfo: str = "",
        *,
        autocommit: bool = False,
        prepare_threshold: int | None = 5,
        context: AdaptContext | None = None,
        row_factory: RowFactory[Row] | None = None,
        cursor_factory: type[Cursor[Row]] | None = None,
        **kwargs: ConnParam,
    ) -> Self:
        """
        Connect to a database server and return a new `Connection` instance.
        """
    
        params = cls._get_connection_params(conninfo, **kwargs)
        timeout = timeout_from_conninfo(params)
        rv = None
        attempts = conninfo_attempts(params)
        conn_errors: list[tuple[e.Error, str]] = []
        for attempt in attempts:
            tdescr = (attempt.get("host"), attempt.get("port"), attempt.get("hostaddr"))
            descr = "host: %r, port: %r, hostaddr: %r" % tdescr
            logger.debug("connection attempt: %s", descr)
            try:
                conninfo = make_conninfo("", **attempt)
                gen = cls._connect_gen(conninfo, timeout=timeout)
                rv = waiting.wait_conn(gen, interval=_WAIT_INTERVAL)
            except e.Error as ex:
                logger.debug("connection failed: %s: %s", descr, str(ex))
                conn_errors.append((ex, descr))
            except e._NO_TRACEBACK as ex:
                raise ex.with_traceback(None)
            else:
                logger.debug("connection succeeded: %s", descr)
                break
    
        if not rv:
            last_ex = conn_errors[-1][0]
            if len(conn_errors) == 1:
                raise last_ex.with_traceback(None)
    
            # Create a new exception with the same type as the last one, containing
            # all attempt errors while preserving backward compatibility.
            lines = [str(last_ex)]
            lines.append("Multiple connection attempts failed. All failures were:")
            lines.extend((f"- {descr}: {error}" for error, descr in conn_errors))
>           raise type(last_ex)("\n".join(lines)).with_traceback(None)
E           psycopg.OperationalError: connection failed: connection to server at "127.0.0.1", port 5432 failed: FATAL:  la autentificaci\ufffdn password fall\ufffd para el usuario \ufffdpostgres\ufffd
E           Multiple connection attempts failed. All failures were:
E           - host: 'localhost', port: '5432', hostaddr: '::1': connection failed: connection to server at "::1", port 5432 failed: FATAL:  la autentificaci\ufffdn password fall\ufffd para el usuario \ufffdpostgres\ufffd
E           - host: 'localhost', port: '5432', hostaddr: '127.0.0.1': connection failed: connection to server at "127.0.0.1", port 5432 failed: FATAL:  la autentificaci\ufffdn password fall\ufffd para el usuario \ufffdpostgres\ufffd

..\..\..\AppData\Roaming\Python\Python313\site-packages\psycopg\connection.py:127: OperationalError

The above exception was the direct cause of the following exception:

request = <SubRequest '_django_db_marker' for <Function test_registration_invalid_email[john@]>>

    @pytest.fixture(autouse=True)
    def _django_db_marker(request: pytest.FixtureRequest) -> None:
        """Implement the django_db marker, internal to pytest-django."""
        marker = request.node.get_closest_marker("django_db")
        if marker:
>           request.getfixturevalue("_django_db_helper")

..\..\..\AppData\Roaming\Python\Python313\site-packages\pytest_django\plugin.py:527: 
_ _ _ _ _ _ _ _ _ _ _ _ _ _ _ _ _ _ _ _ _ _ _ _ _ _ _ _ _ _ _ _ _ _ _ _ _ _ _ _
..\..\..\AppData\Roaming\Python\Python313\site-packages\pytest_django\fixtures.py:140: in django_db_setup
    db_cfg = setup_databases(
..\..\..\AppData\Roaming\Python\Python313\site-packages\django\test\utils.py:204: in setup_databases
    connection.creation.create_test_db(
..\..\..\AppData\Roaming\Python\Python313\site-packages\django\db\backends\base\creation.py:62: in create_test_db
    self._create_test_db(verbosity, autoclobber, keepdb)
..\..\..\AppData\Roaming\Python\Python313\site-packages\django\db\backends\base\creation.py:202: in _create_test_db
    with self._nodb_cursor() as cursor:
C:\Python313\Lib\contextlib.py:141: in __enter__
    return next(self.gen)
..\..\..\AppData\Roaming\Python\Python313\site-packages\django\db\backends\postgresql\base.py:533: in _nodb_cursor
    with conn.cursor() as cursor:
..\..\..\AppData\Roaming\Python\Python313\site-packages\django\utils\asyncio.py:26: in inner
    return func(*args, **kwargs)
..\..\..\AppData\Roaming\Python\Python313\site-packages\django\db\backends\base\base.py:320: in cursor
    return self._cursor()
..\..\..\AppData\Roaming\Python\Python313\site-packages\django\db\backends\base\base.py:296: in _cursor
    self.ensure_connection()
..\..\..\AppData\Roaming\Python\Python313\site-packages\django\utils\asyncio.py:26: in inner
    return func(*args, **kwargs)
..\..\..\AppData\Roaming\Python\Python313\site-packages\django\db\backends\base\base.py:278: in ensure_connection
    with self.wrap_database_errors:
..\..\..\AppData\Roaming\Python\Python313\site-packages\django\db\utils.py:91: in __exit__
    raise dj_exc_value.with_traceback(traceback) from exc_value
..\..\..\AppData\Roaming\Python\Python313\site-packages\django\db\backends\base\base.py:279: in ensure_connection
    self.connect()
..\..\..\AppData\Roaming\Python\Python313\site-packages\django\utils\asyncio.py:26: in inner
    return func(*args, **kwargs)
..\..\..\AppData\Roaming\Python\Python313\site-packages\django\db\backends\base\base.py:256: in connect
    self.connection = self.get_new_connection(conn_params)
..\..\..\AppData\Roaming\Python\Python313\site-packages\django\utils\asyncio.py:26: in inner
    return func(*args, **kwargs)
..\..\..\AppData\Roaming\Python\Python313\site-packages\django\db\backends\postgresql\base.py:332: in get_new_connection
    connection = self.Database.connect(**conn_params)
_ _ _ _ _ _ _ _ _ _ _ _ _ _ _ _ _ _ _ _ _ _ _ _ _ _ _ _ _ _ _ _ _ _ _ _ _ _ _ _

cls = <class 'psycopg.Connection'>
conninfo = 'dbname=ruffles_db client_encoding=UTF8 user=postgres password=postgres host=localhost port=5432 hostaddr=127.0.0.1'
autocommit = False, prepare_threshold = None
context = <psycopg.adapt.AdaptersMap object at 0x000001CEB3E42350>
row_factory = None
cursor_factory = <class 'django.db.backends.postgresql.base.Cursor'>
kwargs = {'client_encoding': 'UTF8', 'dbname': 'ruffles_db', 'host': 'localhost', 'password': 'postgres', ...}
params = {'client_encoding': 'UTF8', 'dbname': 'ruffles_db', 'host': 'localhost', 'password': 'postgres', ...}
timeout = 130

    @classmethod
    def connect(
        cls,
        conninfo: str = "",
        *,
        autocommit: bool = False,
        prepare_threshold: int | None = 5,
        context: AdaptContext | None = None,
        row_factory: RowFactory[Row] | None = None,
        cursor_factory: type[Cursor[Row]] | None = None,
        **kwargs: ConnParam,
    ) -> Self:
        """
        Connect to a database server and return a new `Connection` instance.
        """
    
        params = cls._get_connection_params(conninfo, **kwargs)
        timeout = timeout_from_conninfo(params)
        rv = None
        attempts = conninfo_attempts(params)
        conn_errors: list[tuple[e.Error, str]] = []
        for attempt in attempts:
            tdescr = (attempt.get("host"), attempt.get("port"), attempt.get("hostaddr"))
            descr = "host: %r, port: %r, hostaddr: %r" % tdescr
            logger.debug("connection attempt: %s", descr)
            try:
                conninfo = make_conninfo("", **attempt)
                gen = cls._connect_gen(conninfo, timeout=timeout)
                rv = waiting.wait_conn(gen, interval=_WAIT_INTERVAL)
            except e.Error as ex:
                logger.debug("connection failed: %s: %s", descr, str(ex))
                conn_errors.append((ex, descr))
            except e._NO_TRACEBACK as ex:
                raise ex.with_traceback(None)
            else:
                logger.debug("connection succeeded: %s", descr)
                break
    
        if not rv:
            last_ex = conn_errors[-1][0]
            if len(conn_errors) == 1:
                raise last_ex.with_traceback(None)
    
            # Create a new exception with the same type as the last one, containing
            # all attempt errors while preserving backward compatibility.
            lines = [str(last_ex)]
            lines.append("Multiple connection attempts failed. All failures were:")
            lines.extend((f"- {descr}: {error}" for error, descr in conn_errors))
>           raise type(last_ex)("\n".join(lines)).with_traceback(None)
E           django.db.utils.OperationalError: connection failed: connection to server at "127.0.0.1", port 5432 failed: FATAL:  la autentificaci\ufffdn password fall\ufffd para el usuario \ufffdpostgres\ufffd
E           Multiple connection attempts failed. All failures were:
E           - host: 'localhost', port: '5432', hostaddr: '::1': connection failed: connection to server at "::1", port 5432 failed: FATAL:  la autentificaci\ufffdn password fall\ufffd para el usuario \ufffdpostgres\ufffd
E           - host: 'localhost', port: '5432', hostaddr: '127.0.0.1': connection failed: connection to server at "127.0.0.1", port 5432 failed: FATAL:  la autentificaci\ufffdn password fall\ufffd para el usuario \ufffdpostgres\ufffd

..\..\..\AppData\Roaming\Python\Python313\site-packages\psycopg\connection.py:127: OperationalError
________ ERROR at setup of test_registration_invalid_email[john@.com] _________

self = <DatabaseWrapper vendor='postgresql' alias='__no_db__'>

    @async_unsafe
    def ensure_connection(self):
        """Guarantee that a connection to the database is established."""
        if self.connection is None:
            if self.in_atomic_block and self.closed_in_transaction:
                raise ProgrammingError(
                    "Cannot open a new connection in an atomic block."
                )
            with self.wrap_database_errors:
>               self.connect()

..\..\..\AppData\Roaming\Python\Python313\site-packages\django\db\backends\base\base.py:279: 
_ _ _ _ _ _ _ _ _ _ _ _ _ _ _ _ _ _ _ _ _ _ _ _ _ _ _ _ _ _ _ _ _ _ _ _ _ _ _ _
..\..\..\AppData\Roaming\Python\Python313\site-packages\django\utils\asyncio.py:26: in inner
    return func(*args, **kwargs)
..\..\..\AppData\Roaming\Python\Python313\site-packages\django\db\backends\base\base.py:256: in connect
    self.connection = self.get_new_connection(conn_params)
..\..\..\AppData\Roaming\Python\Python313\site-packages\django\utils\asyncio.py:26: in inner
    return func(*args, **kwargs)
..\..\..\AppData\Roaming\Python\Python313\site-packages\django\db\backends\postgresql\base.py:332: in get_new_connection
    connection = self.Database.connect(**conn_params)
_ _ _ _ _ _ _ _ _ _ _ _ _ _ _ _ _ _ _ _ _ _ _ _ _ _ _ _ _ _ _ _ _ _ _ _ _ _ _ _

cls = <class 'psycopg.Connection'>
conninfo = 'dbname=postgres client_encoding=UTF8 user=postgres password=postgres host=localhost port=5432 hostaddr=127.0.0.1'
autocommit = False, prepare_threshold = None
context = <psycopg.adapt.AdaptersMap object at 0x000001CEB3E42350>
row_factory = None
cursor_factory = <class 'django.db.backends.postgresql.base.Cursor'>
kwargs = {'client_encoding': 'UTF8', 'dbname': 'postgres', 'host': 'localhost', 'password': 'postgres', ...}
params = {'client_encoding': 'UTF8', 'dbname': 'postgres', 'host': 'localhost', 'password': 'postgres', ...}
timeout = 130

    @classmethod
    def connect(
        cls,
        conninfo: str = "",
        *,
        autocommit: bool = False,
        prepare_threshold: int | None = 5,
        context: AdaptContext | None = None,
        row_factory: RowFactory[Row] | None = None,
        cursor_factory: type[Cursor[Row]] | None = None,
        **kwargs: ConnParam,
    ) -> Self:
        """
        Connect to a database server and return a new `Connection` instance.
        """
    
        params = cls._get_connection_params(conninfo, **kwargs)
        timeout = timeout_from_conninfo(params)
        rv = None
        attempts = conninfo_attempts(params)
        conn_errors: list[tuple[e.Error, str]] = []
        for attempt in attempts:
            tdescr = (attempt.get("host"), attempt.get("port"), attempt.get("hostaddr"))
            descr = "host: %r, port: %r, hostaddr: %r" % tdescr
            logger.debug("connection attempt: %s", descr)
            try:
                conninfo = make_conninfo("", **attempt)
                gen = cls._connect_gen(conninfo, timeout=timeout)
                rv = waiting.wait_conn(gen, interval=_WAIT_INTERVAL)
            except e.Error as ex:
                logger.debug("connection failed: %s: %s", descr, str(ex))
                conn_errors.append((ex, descr))
            except e._NO_TRACEBACK as ex:
                raise ex.with_traceback(None)
            else:
                logger.debug("connection succeeded: %s", descr)
                break
    
        if not rv:
            last_ex = conn_errors[-1][0]
            if len(conn_errors) == 1:
                raise last_ex.with_traceback(None)
    
            # Create a new exception with the same type as the last one, containing
            # all attempt errors while preserving backward compatibility.
            lines = [str(last_ex)]
            lines.append("Multiple connection attempts failed. All failures were:")
            lines.extend((f"- {descr}: {error}" for error, descr in conn_errors))
>           raise type(last_ex)("\n".join(lines)).with_traceback(None)
E           psycopg.OperationalError: connection failed: connection to server at "127.0.0.1", port 5432 failed: FATAL:  la autentificaci\ufffdn password fall\ufffd para el usuario \ufffdpostgres\ufffd
E           Multiple connection attempts failed. All failures were:
E           - host: 'localhost', port: '5432', hostaddr: '::1': connection failed: connection to server at "::1", port 5432 failed: FATAL:  la autentificaci\ufffdn password fall\ufffd para el usuario \ufffdpostgres\ufffd
E           - host: 'localhost', port: '5432', hostaddr: '127.0.0.1': connection failed: connection to server at "127.0.0.1", port 5432 failed: FATAL:  la autentificaci\ufffdn password fall\ufffd para el usuario \ufffdpostgres\ufffd

..\..\..\AppData\Roaming\Python\Python313\site-packages\psycopg\connection.py:127: OperationalError

The above exception was the direct cause of the following exception:

self = <DatabaseWrapper vendor='postgresql' alias='default'>

    @contextmanager
    def _nodb_cursor(self):
        cursor = None
        try:
>           with super()._nodb_cursor() as cursor:

..\..\..\AppData\Roaming\Python\Python313\site-packages\django\db\backends\postgresql\base.py:507: 
_ _ _ _ _ _ _ _ _ _ _ _ _ _ _ _ _ _ _ _ _ _ _ _ _ _ _ _ _ _ _ _ _ _ _ _ _ _ _ _
C:\Python313\Lib\contextlib.py:141: in __enter__
    return next(self.gen)
..\..\..\AppData\Roaming\Python\Python313\site-packages\django\db\backends\base\base.py:712: in _nodb_cursor
    with conn.cursor() as cursor:
..\..\..\AppData\Roaming\Python\Python313\site-packages\django\utils\asyncio.py:26: in inner
    return func(*args, **kwargs)
..\..\..\AppData\Roaming\Python\Python313\site-packages\django\db\backends\base\base.py:320: in cursor
    return self._cursor()
..\..\..\AppData\Roaming\Python\Python313\site-packages\django\db\backends\base\base.py:296: in _cursor
    self.ensure_connection()
..\..\..\AppData\Roaming\Python\Python313\site-packages\django\utils\asyncio.py:26: in inner
    return func(*args, **kwargs)
..\..\..\AppData\Roaming\Python\Python313\site-packages\django\db\backends\base\base.py:278: in ensure_connection
    with self.wrap_database_errors:
..\..\..\AppData\Roaming\Python\Python313\site-packages\django\db\utils.py:91: in __exit__
    raise dj_exc_value.with_traceback(traceback) from exc_value
..\..\..\AppData\Roaming\Python\Python313\site-packages\django\db\backends\base\base.py:279: in ensure_connection
    self.connect()
..\..\..\AppData\Roaming\Python\Python313\site-packages\django\utils\asyncio.py:26: in inner
    return func(*args, **kwargs)
..\..\..\AppData\Roaming\Python\Python313\site-packages\django\db\backends\base\base.py:256: in connect
    self.connection = self.get_new_connection(conn_params)
..\..\..\AppData\Roaming\Python\Python313\site-packages\django\utils\asyncio.py:26: in inner
    return func(*args, **kwargs)
..\..\..\AppData\Roaming\Python\Python313\site-packages\django\db\backends\postgresql\base.py:332: in get_new_connection
    connection = self.Database.connect(**conn_params)
_ _ _ _ _ _ _ _ _ _ _ _ _ _ _ _ _ _ _ _ _ _ _ _ _ _ _ _ _ _ _ _ _ _ _ _ _ _ _ _

cls = <class 'psycopg.Connection'>
conninfo = 'dbname=postgres client_encoding=UTF8 user=postgres password=postgres host=localhost port=5432 hostaddr=127.0.0.1'
autocommit = False, prepare_threshold = None
context = <psycopg.adapt.AdaptersMap object at 0x000001CEB3E42350>
row_factory = None
cursor_factory = <class 'django.db.backends.postgresql.base.Cursor'>
kwargs = {'client_encoding': 'UTF8', 'dbname': 'postgres', 'host': 'localhost', 'password': 'postgres', ...}
params = {'client_encoding': 'UTF8', 'dbname': 'postgres', 'host': 'localhost', 'password': 'postgres', ...}
timeout = 130

    @classmethod
    def connect(
        cls,
        conninfo: str = "",
        *,
        autocommit: bool = False,
        prepare_threshold: int | None = 5,
        context: AdaptContext | None = None,
        row_factory: RowFactory[Row] | None = None,
        cursor_factory: type[Cursor[Row]] | None = None,
        **kwargs: ConnParam,
    ) -> Self:
        """
        Connect to a database server and return a new `Connection` instance.
        """
    
        params = cls._get_connection_params(conninfo, **kwargs)
        timeout = timeout_from_conninfo(params)
        rv = None
        attempts = conninfo_attempts(params)
        conn_errors: list[tuple[e.Error, str]] = []
        for attempt in attempts:
            tdescr = (attempt.get("host"), attempt.get("port"), attempt.get("hostaddr"))
            descr = "host: %r, port: %r, hostaddr: %r" % tdescr
            logger.debug("connection attempt: %s", descr)
            try:
                conninfo = make_conninfo("", **attempt)
                gen = cls._connect_gen(conninfo, timeout=timeout)
                rv = waiting.wait_conn(gen, interval=_WAIT_INTERVAL)
            except e.Error as ex:
                logger.debug("connection failed: %s: %s", descr, str(ex))
                conn_errors.append((ex, descr))
            except e._NO_TRACEBACK as ex:
                raise ex.with_traceback(None)
            else:
                logger.debug("connection succeeded: %s", descr)
                break
    
        if not rv:
            last_ex = conn_errors[-1][0]
            if len(conn_errors) == 1:
                raise last_ex.with_traceback(None)
    
            # Create a new exception with the same type as the last one, containing
            # all attempt errors while preserving backward compatibility.
            lines = [str(last_ex)]
            lines.append("Multiple connection attempts failed. All failures were:")
            lines.extend((f"- {descr}: {error}" for error, descr in conn_errors))
>           raise type(last_ex)("\n".join(lines)).with_traceback(None)
E           django.db.utils.OperationalError: connection failed: connection to server at "127.0.0.1", port 5432 failed: FATAL:  la autentificaci\ufffdn password fall\ufffd para el usuario \ufffdpostgres\ufffd
E           Multiple connection attempts failed. All failures were:
E           - host: 'localhost', port: '5432', hostaddr: '::1': connection failed: connection to server at "::1", port 5432 failed: FATAL:  la autentificaci\ufffdn password fall\ufffd para el usuario \ufffdpostgres\ufffd
E           - host: 'localhost', port: '5432', hostaddr: '127.0.0.1': connection failed: connection to server at "127.0.0.1", port 5432 failed: FATAL:  la autentificaci\ufffdn password fall\ufffd para el usuario \ufffdpostgres\ufffd

..\..\..\AppData\Roaming\Python\Python313\site-packages\psycopg\connection.py:127: OperationalError

During handling of the above exception, another exception occurred:

self = <DatabaseWrapper vendor='postgresql' alias='default'>

    @async_unsafe
    def ensure_connection(self):
        """Guarantee that a connection to the database is established."""
        if self.connection is None:
            if self.in_atomic_block and self.closed_in_transaction:
                raise ProgrammingError(
                    "Cannot open a new connection in an atomic block."
                )
            with self.wrap_database_errors:
>               self.connect()

..\..\..\AppData\Roaming\Python\Python313\site-packages\django\db\backends\base\base.py:279: 
_ _ _ _ _ _ _ _ _ _ _ _ _ _ _ _ _ _ _ _ _ _ _ _ _ _ _ _ _ _ _ _ _ _ _ _ _ _ _ _
..\..\..\AppData\Roaming\Python\Python313\site-packages\django\utils\asyncio.py:26: in inner
    return func(*args, **kwargs)
..\..\..\AppData\Roaming\Python\Python313\site-packages\django\db\backends\base\base.py:256: in connect
    self.connection = self.get_new_connection(conn_params)
..\..\..\AppData\Roaming\Python\Python313\site-packages\django\utils\asyncio.py:26: in inner
    return func(*args, **kwargs)
..\..\..\AppData\Roaming\Python\Python313\site-packages\django\db\backends\postgresql\base.py:332: in get_new_connection
    connection = self.Database.connect(**conn_params)
_ _ _ _ _ _ _ _ _ _ _ _ _ _ _ _ _ _ _ _ _ _ _ _ _ _ _ _ _ _ _ _ _ _ _ _ _ _ _ _

cls = <class 'psycopg.Connection'>
conninfo = 'dbname=ruffles_db client_encoding=UTF8 user=postgres password=postgres host=localhost port=5432 hostaddr=127.0.0.1'
autocommit = False, prepare_threshold = None
context = <psycopg.adapt.AdaptersMap object at 0x000001CEB3E42350>
row_factory = None
cursor_factory = <class 'django.db.backends.postgresql.base.Cursor'>
kwargs = {'client_encoding': 'UTF8', 'dbname': 'ruffles_db', 'host': 'localhost', 'password': 'postgres', ...}
params = {'client_encoding': 'UTF8', 'dbname': 'ruffles_db', 'host': 'localhost', 'password': 'postgres', ...}
timeout = 130

    @classmethod
    def connect(
        cls,
        conninfo: str = "",
        *,
        autocommit: bool = False,
        prepare_threshold: int | None = 5,
        context: AdaptContext | None = None,
        row_factory: RowFactory[Row] | None = None,
        cursor_factory: type[Cursor[Row]] | None = None,
        **kwargs: ConnParam,
    ) -> Self:
        """
        Connect to a database server and return a new `Connection` instance.
        """
    
        params = cls._get_connection_params(conninfo, **kwargs)
        timeout = timeout_from_conninfo(params)
        rv = None
        attempts = conninfo_attempts(params)
        conn_errors: list[tuple[e.Error, str]] = []
        for attempt in attempts:
            tdescr = (attempt.get("host"), attempt.get("port"), attempt.get("hostaddr"))
            descr = "host: %r, port: %r, hostaddr: %r" % tdescr
            logger.debug("connection attempt: %s", descr)
            try:
                conninfo = make_conninfo("", **attempt)
                gen = cls._connect_gen(conninfo, timeout=timeout)
                rv = waiting.wait_conn(gen, interval=_WAIT_INTERVAL)
            except e.Error as ex:
                logger.debug("connection failed: %s: %s", descr, str(ex))
                conn_errors.append((ex, descr))
            except e._NO_TRACEBACK as ex:
                raise ex.with_traceback(None)
            else:
                logger.debug("connection succeeded: %s", descr)
                break
    
        if not rv:
            last_ex = conn_errors[-1][0]
            if len(conn_errors) == 1:
                raise last_ex.with_traceback(None)
    
            # Create a new exception with the same type as the last one, containing
            # all attempt errors while preserving backward compatibility.
            lines = [str(last_ex)]
            lines.append("Multiple connection attempts failed. All failures were:")
            lines.extend((f"- {descr}: {error}" for error, descr in conn_errors))
>           raise type(last_ex)("\n".join(lines)).with_traceback(None)
E           psycopg.OperationalError: connection failed: connection to server at "127.0.0.1", port 5432 failed: FATAL:  la autentificaci\ufffdn password fall\ufffd para el usuario \ufffdpostgres\ufffd
E           Multiple connection attempts failed. All failures were:
E           - host: 'localhost', port: '5432', hostaddr: '::1': connection failed: connection to server at "::1", port 5432 failed: FATAL:  la autentificaci\ufffdn password fall\ufffd para el usuario \ufffdpostgres\ufffd
E           - host: 'localhost', port: '5432', hostaddr: '127.0.0.1': connection failed: connection to server at "127.0.0.1", port 5432 failed: FATAL:  la autentificaci\ufffdn password fall\ufffd para el usuario \ufffdpostgres\ufffd

..\..\..\AppData\Roaming\Python\Python313\site-packages\psycopg\connection.py:127: OperationalError

The above exception was the direct cause of the following exception:

request = <SubRequest '_django_db_marker' for <Function test_registration_invalid_email[john@.com]>>

    @pytest.fixture(autouse=True)
    def _django_db_marker(request: pytest.FixtureRequest) -> None:
        """Implement the django_db marker, internal to pytest-django."""
        marker = request.node.get_closest_marker("django_db")
        if marker:
>           request.getfixturevalue("_django_db_helper")

..\..\..\AppData\Roaming\Python\Python313\site-packages\pytest_django\plugin.py:527: 
_ _ _ _ _ _ _ _ _ _ _ _ _ _ _ _ _ _ _ _ _ _ _ _ _ _ _ _ _ _ _ _ _ _ _ _ _ _ _ _
..\..\..\AppData\Roaming\Python\Python313\site-packages\pytest_django\fixtures.py:140: in django_db_setup
    db_cfg = setup_databases(
..\..\..\AppData\Roaming\Python\Python313\site-packages\django\test\utils.py:204: in setup_databases
    connection.creation.create_test_db(
..\..\..\AppData\Roaming\Python\Python313\site-packages\django\db\backends\base\creation.py:62: in create_test_db
    self._create_test_db(verbosity, autoclobber, keepdb)
..\..\..\AppData\Roaming\Python\Python313\site-packages\django\db\backends\base\creation.py:202: in _create_test_db
    with self._nodb_cursor() as cursor:
C:\Python313\Lib\contextlib.py:141: in __enter__
    return next(self.gen)
..\..\..\AppData\Roaming\Python\Python313\site-packages\django\db\backends\postgresql\base.py:533: in _nodb_cursor
    with conn.cursor() as cursor:
..\..\..\AppData\Roaming\Python\Python313\site-packages\django\utils\asyncio.py:26: in inner
    return func(*args, **kwargs)
..\..\..\AppData\Roaming\Python\Python313\site-packages\django\db\backends\base\base.py:320: in cursor
    return self._cursor()
..\..\..\AppData\Roaming\Python\Python313\site-packages\django\db\backends\base\base.py:296: in _cursor
    self.ensure_connection()
..\..\..\AppData\Roaming\Python\Python313\site-packages\django\utils\asyncio.py:26: in inner
    return func(*args, **kwargs)
..\..\..\AppData\Roaming\Python\Python313\site-packages\django\db\backends\base\base.py:278: in ensure_connection
    with self.wrap_database_errors:
..\..\..\AppData\Roaming\Python\Python313\site-packages\django\db\utils.py:91: in __exit__
    raise dj_exc_value.with_traceback(traceback) from exc_value
..\..\..\AppData\Roaming\Python\Python313\site-packages\django\db\backends\base\base.py:279: in ensure_connection
    self.connect()
..\..\..\AppData\Roaming\Python\Python313\site-packages\django\utils\asyncio.py:26: in inner
    return func(*args, **kwargs)
..\..\..\AppData\Roaming\Python\Python313\site-packages\django\db\backends\base\base.py:256: in connect
    self.connection = self.get_new_connection(conn_params)
..\..\..\AppData\Roaming\Python\Python313\site-packages\django\utils\asyncio.py:26: in inner
    return func(*args, **kwargs)
..\..\..\AppData\Roaming\Python\Python313\site-packages\django\db\backends\postgresql\base.py:332: in get_new_connection
    connection = self.Database.connect(**conn_params)
_ _ _ _ _ _ _ _ _ _ _ _ _ _ _ _ _ _ _ _ _ _ _ _ _ _ _ _ _ _ _ _ _ _ _ _ _ _ _ _

cls = <class 'psycopg.Connection'>
conninfo = 'dbname=ruffles_db client_encoding=UTF8 user=postgres password=postgres host=localhost port=5432 hostaddr=127.0.0.1'
autocommit = False, prepare_threshold = None
context = <psycopg.adapt.AdaptersMap object at 0x000001CEB3E42350>
row_factory = None
cursor_factory = <class 'django.db.backends.postgresql.base.Cursor'>
kwargs = {'client_encoding': 'UTF8', 'dbname': 'ruffles_db', 'host': 'localhost', 'password': 'postgres', ...}
params = {'client_encoding': 'UTF8', 'dbname': 'ruffles_db', 'host': 'localhost', 'password': 'postgres', ...}
timeout = 130

    @classmethod
    def connect(
        cls,
        conninfo: str = "",
        *,
        autocommit: bool = False,
        prepare_threshold: int | None = 5,
        context: AdaptContext | None = None,
        row_factory: RowFactory[Row] | None = None,
        cursor_factory: type[Cursor[Row]] | None = None,
        **kwargs: ConnParam,
    ) -> Self:
        """
        Connect to a database server and return a new `Connection` instance.
        """
    
        params = cls._get_connection_params(conninfo, **kwargs)
        timeout = timeout_from_conninfo(params)
        rv = None
        attempts = conninfo_attempts(params)
        conn_errors: list[tuple[e.Error, str]] = []
        for attempt in attempts:
            tdescr = (attempt.get("host"), attempt.get("port"), attempt.get("hostaddr"))
            descr = "host: %r, port: %r, hostaddr: %r" % tdescr
            logger.debug("connection attempt: %s", descr)
            try:
                conninfo = make_conninfo("", **attempt)
                gen = cls._connect_gen(conninfo, timeout=timeout)
                rv = waiting.wait_conn(gen, interval=_WAIT_INTERVAL)
            except e.Error as ex:
                logger.debug("connection failed: %s: %s", descr, str(ex))
                conn_errors.append((ex, descr))
            except e._NO_TRACEBACK as ex:
                raise ex.with_traceback(None)
            else:
                logger.debug("connection succeeded: %s", descr)
                break
    
        if not rv:
            last_ex = conn_errors[-1][0]
            if len(conn_errors) == 1:
                raise last_ex.with_traceback(None)
    
            # Create a new exception with the same type as the last one, containing
            # all attempt errors while preserving backward compatibility.
            lines = [str(last_ex)]
            lines.append("Multiple connection attempts failed. All failures were:")
            lines.extend((f"- {descr}: {error}" for error, descr in conn_errors))
>           raise type(last_ex)("\n".join(lines)).with_traceback(None)
E           django.db.utils.OperationalError: connection failed: connection to server at "127.0.0.1", port 5432 failed: FATAL:  la autentificaci\ufffdn password fall\ufffd para el usuario \ufffdpostgres\ufffd
E           Multiple connection attempts failed. All failures were:
E           - host: 'localhost', port: '5432', hostaddr: '::1': connection failed: connection to server at "::1", port 5432 failed: FATAL:  la autentificaci\ufffdn password fall\ufffd para el usuario \ufffdpostgres\ufffd
E           - host: 'localhost', port: '5432', hostaddr: '127.0.0.1': connection failed: connection to server at "127.0.0.1", port 5432 failed: FATAL:  la autentificaci\ufffdn password fall\ufffd para el usuario \ufffdpostgres\ufffd

..\..\..\AppData\Roaming\Python\Python313\site-packages\psycopg\connection.py:127: OperationalError
_________ ERROR at setup of test_registration_invalid_email[john.com] _________

self = <DatabaseWrapper vendor='postgresql' alias='__no_db__'>

    @async_unsafe
    def ensure_connection(self):
        """Guarantee that a connection to the database is established."""
        if self.connection is None:
            if self.in_atomic_block and self.closed_in_transaction:
                raise ProgrammingError(
                    "Cannot open a new connection in an atomic block."
                )
            with self.wrap_database_errors:
>               self.connect()

..\..\..\AppData\Roaming\Python\Python313\site-packages\django\db\backends\base\base.py:279: 
_ _ _ _ _ _ _ _ _ _ _ _ _ _ _ _ _ _ _ _ _ _ _ _ _ _ _ _ _ _ _ _ _ _ _ _ _ _ _ _
..\..\..\AppData\Roaming\Python\Python313\site-packages\django\utils\asyncio.py:26: in inner
    return func(*args, **kwargs)
..\..\..\AppData\Roaming\Python\Python313\site-packages\django\db\backends\base\base.py:256: in connect
    self.connection = self.get_new_connection(conn_params)
..\..\..\AppData\Roaming\Python\Python313\site-packages\django\utils\asyncio.py:26: in inner
    return func(*args, **kwargs)
..\..\..\AppData\Roaming\Python\Python313\site-packages\django\db\backends\postgresql\base.py:332: in get_new_connection
    connection = self.Database.connect(**conn_params)
_ _ _ _ _ _ _ _ _ _ _ _ _ _ _ _ _ _ _ _ _ _ _ _ _ _ _ _ _ _ _ _ _ _ _ _ _ _ _ _

cls = <class 'psycopg.Connection'>
conninfo = 'dbname=postgres client_encoding=UTF8 user=postgres password=postgres host=localhost port=5432 hostaddr=127.0.0.1'
autocommit = False, prepare_threshold = None
context = <psycopg.adapt.AdaptersMap object at 0x000001CEB3E42350>
row_factory = None
cursor_factory = <class 'django.db.backends.postgresql.base.Cursor'>
kwargs = {'client_encoding': 'UTF8', 'dbname': 'postgres', 'host': 'localhost', 'password': 'postgres', ...}
params = {'client_encoding': 'UTF8', 'dbname': 'postgres', 'host': 'localhost', 'password': 'postgres', ...}
timeout = 130

    @classmethod
    def connect(
        cls,
        conninfo: str = "",
        *,
        autocommit: bool = False,
        prepare_threshold: int | None = 5,
        context: AdaptContext | None = None,
        row_factory: RowFactory[Row] | None = None,
        cursor_factory: type[Cursor[Row]] | None = None,
        **kwargs: ConnParam,
    ) -> Self:
        """
        Connect to a database server and return a new `Connection` instance.
        """
    
        params = cls._get_connection_params(conninfo, **kwargs)
        timeout = timeout_from_conninfo(params)
        rv = None
        attempts = conninfo_attempts(params)
        conn_errors: list[tuple[e.Error, str]] = []
        for attempt in attempts:
            tdescr = (attempt.get("host"), attempt.get("port"), attempt.get("hostaddr"))
            descr = "host: %r, port: %r, hostaddr: %r" % tdescr
            logger.debug("connection attempt: %s", descr)
            try:
                conninfo = make_conninfo("", **attempt)
                gen = cls._connect_gen(conninfo, timeout=timeout)
                rv = waiting.wait_conn(gen, interval=_WAIT_INTERVAL)
            except e.Error as ex:
                logger.debug("connection failed: %s: %s", descr, str(ex))
                conn_errors.append((ex, descr))
            except e._NO_TRACEBACK as ex:
                raise ex.with_traceback(None)
            else:
                logger.debug("connection succeeded: %s", descr)
                break
    
        if not rv:
            last_ex = conn_errors[-1][0]
            if len(conn_errors) == 1:
                raise last_ex.with_traceback(None)
    
            # Create a new exception with the same type as the last one, containing
            # all attempt errors while preserving backward compatibility.
            lines = [str(last_ex)]
            lines.append("Multiple connection attempts failed. All failures were:")
            lines.extend((f"- {descr}: {error}" for error, descr in conn_errors))
>           raise type(last_ex)("\n".join(lines)).with_traceback(None)
E           psycopg.OperationalError: connection failed: connection to server at "127.0.0.1", port 5432 failed: FATAL:  la autentificaci\ufffdn password fall\ufffd para el usuario \ufffdpostgres\ufffd
E           Multiple connection attempts failed. All failures were:
E           - host: 'localhost', port: '5432', hostaddr: '::1': connection failed: connection to server at "::1", port 5432 failed: FATAL:  la autentificaci\ufffdn password fall\ufffd para el usuario \ufffdpostgres\ufffd
E           - host: 'localhost', port: '5432', hostaddr: '127.0.0.1': connection failed: connection to server at "127.0.0.1", port 5432 failed: FATAL:  la autentificaci\ufffdn password fall\ufffd para el usuario \ufffdpostgres\ufffd

..\..\..\AppData\Roaming\Python\Python313\site-packages\psycopg\connection.py:127: OperationalError

The above exception was the direct cause of the following exception:

self = <DatabaseWrapper vendor='postgresql' alias='default'>

    @contextmanager
    def _nodb_cursor(self):
        cursor = None
        try:
>           with super()._nodb_cursor() as cursor:

..\..\..\AppData\Roaming\Python\Python313\site-packages\django\db\backends\postgresql\base.py:507: 
_ _ _ _ _ _ _ _ _ _ _ _ _ _ _ _ _ _ _ _ _ _ _ _ _ _ _ _ _ _ _ _ _ _ _ _ _ _ _ _
C:\Python313\Lib\contextlib.py:141: in __enter__
    return next(self.gen)
..\..\..\AppData\Roaming\Python\Python313\site-packages\django\db\backends\base\base.py:712: in _nodb_cursor
    with conn.cursor() as cursor:
..\..\..\AppData\Roaming\Python\Python313\site-packages\django\utils\asyncio.py:26: in inner
    return func(*args, **kwargs)
..\..\..\AppData\Roaming\Python\Python313\site-packages\django\db\backends\base\base.py:320: in cursor
    return self._cursor()
..\..\..\AppData\Roaming\Python\Python313\site-packages\django\db\backends\base\base.py:296: in _cursor
    self.ensure_connection()
..\..\..\AppData\Roaming\Python\Python313\site-packages\django\utils\asyncio.py:26: in inner
    return func(*args, **kwargs)
..\..\..\AppData\Roaming\Python\Python313\site-packages\django\db\backends\base\base.py:278: in ensure_connection
    with self.wrap_database_errors:
..\..\..\AppData\Roaming\Python\Python313\site-packages\django\db\utils.py:91: in __exit__
    raise dj_exc_value.with_traceback(traceback) from exc_value
..\..\..\AppData\Roaming\Python\Python313\site-packages\django\db\backends\base\base.py:279: in ensure_connection
    self.connect()
..\..\..\AppData\Roaming\Python\Python313\site-packages\django\utils\asyncio.py:26: in inner
    return func(*args, **kwargs)
..\..\..\AppData\Roaming\Python\Python313\site-packages\django\db\backends\base\base.py:256: in connect
    self.connection = self.get_new_connection(conn_params)
..\..\..\AppData\Roaming\Python\Python313\site-packages\django\utils\asyncio.py:26: in inner
    return func(*args, **kwargs)
..\..\..\AppData\Roaming\Python\Python313\site-packages\django\db\backends\postgresql\base.py:332: in get_new_connection
    connection = self.Database.connect(**conn_params)
_ _ _ _ _ _ _ _ _ _ _ _ _ _ _ _ _ _ _ _ _ _ _ _ _ _ _ _ _ _ _ _ _ _ _ _ _ _ _ _

cls = <class 'psycopg.Connection'>
conninfo = 'dbname=postgres client_encoding=UTF8 user=postgres password=postgres host=localhost port=5432 hostaddr=127.0.0.1'
autocommit = False, prepare_threshold = None
context = <psycopg.adapt.AdaptersMap object at 0x000001CEB3E42350>
row_factory = None
cursor_factory = <class 'django.db.backends.postgresql.base.Cursor'>
kwargs = {'client_encoding': 'UTF8', 'dbname': 'postgres', 'host': 'localhost', 'password': 'postgres', ...}
params = {'client_encoding': 'UTF8', 'dbname': 'postgres', 'host': 'localhost', 'password': 'postgres', ...}
timeout = 130

    @classmethod
    def connect(
        cls,
        conninfo: str = "",
        *,
        autocommit: bool = False,
        prepare_threshold: int | None = 5,
        context: AdaptContext | None = None,
        row_factory: RowFactory[Row] | None = None,
        cursor_factory: type[Cursor[Row]] | None = None,
        **kwargs: ConnParam,
    ) -> Self:
        """
        Connect to a database server and return a new `Connection` instance.
        """
    
        params = cls._get_connection_params(conninfo, **kwargs)
        timeout = timeout_from_conninfo(params)
        rv = None
        attempts = conninfo_attempts(params)
        conn_errors: list[tuple[e.Error, str]] = []
        for attempt in attempts:
            tdescr = (attempt.get("host"), attempt.get("port"), attempt.get("hostaddr"))
            descr = "host: %r, port: %r, hostaddr: %r" % tdescr
            logger.debug("connection attempt: %s", descr)
            try:
                conninfo = make_conninfo("", **attempt)
                gen = cls._connect_gen(conninfo, timeout=timeout)
                rv = waiting.wait_conn(gen, interval=_WAIT_INTERVAL)
            except e.Error as ex:
                logger.debug("connection failed: %s: %s", descr, str(ex))
                conn_errors.append((ex, descr))
            except e._NO_TRACEBACK as ex:
                raise ex.with_traceback(None)
            else:
                logger.debug("connection succeeded: %s", descr)
                break
    
        if not rv:
            last_ex = conn_errors[-1][0]
            if len(conn_errors) == 1:
                raise last_ex.with_traceback(None)
    
            # Create a new exception with the same type as the last one, containing
            # all attempt errors while preserving backward compatibility.
            lines = [str(last_ex)]
            lines.append("Multiple connection attempts failed. All failures were:")
            lines.extend((f"- {descr}: {error}" for error, descr in conn_errors))
>           raise type(last_ex)("\n".join(lines)).with_traceback(None)
E           django.db.utils.OperationalError: connection failed: connection to server at "127.0.0.1", port 5432 failed: FATAL:  la autentificaci\ufffdn password fall\ufffd para el usuario \ufffdpostgres\ufffd
E           Multiple connection attempts failed. All failures were:
E           - host: 'localhost', port: '5432', hostaddr: '::1': connection failed: connection to server at "::1", port 5432 failed: FATAL:  la autentificaci\ufffdn password fall\ufffd para el usuario \ufffdpostgres\ufffd
E           - host: 'localhost', port: '5432', hostaddr: '127.0.0.1': connection failed: connection to server at "127.0.0.1", port 5432 failed: FATAL:  la autentificaci\ufffdn password fall\ufffd para el usuario \ufffdpostgres\ufffd

..\..\..\AppData\Roaming\Python\Python313\site-packages\psycopg\connection.py:127: OperationalError

During handling of the above exception, another exception occurred:

self = <DatabaseWrapper vendor='postgresql' alias='default'>

    @async_unsafe
    def ensure_connection(self):
        """Guarantee that a connection to the database is established."""
        if self.connection is None:
            if self.in_atomic_block and self.closed_in_transaction:
                raise ProgrammingError(
                    "Cannot open a new connection in an atomic block."
                )
            with self.wrap_database_errors:
>               self.connect()

..\..\..\AppData\Roaming\Python\Python313\site-packages\django\db\backends\base\base.py:279: 
_ _ _ _ _ _ _ _ _ _ _ _ _ _ _ _ _ _ _ _ _ _ _ _ _ _ _ _ _ _ _ _ _ _ _ _ _ _ _ _
..\..\..\AppData\Roaming\Python\Python313\site-packages\django\utils\asyncio.py:26: in inner
    return func(*args, **kwargs)
..\..\..\AppData\Roaming\Python\Python313\site-packages\django\db\backends\base\base.py:256: in connect
    self.connection = self.get_new_connection(conn_params)
..\..\..\AppData\Roaming\Python\Python313\site-packages\django\utils\asyncio.py:26: in inner
    return func(*args, **kwargs)
..\..\..\AppData\Roaming\Python\Python313\site-packages\django\db\backends\postgresql\base.py:332: in get_new_connection
    connection = self.Database.connect(**conn_params)
_ _ _ _ _ _ _ _ _ _ _ _ _ _ _ _ _ _ _ _ _ _ _ _ _ _ _ _ _ _ _ _ _ _ _ _ _ _ _ _

cls = <class 'psycopg.Connection'>
conninfo = 'dbname=ruffles_db client_encoding=UTF8 user=postgres password=postgres host=localhost port=5432 hostaddr=127.0.0.1'
autocommit = False, prepare_threshold = None
context = <psycopg.adapt.AdaptersMap object at 0x000001CEB3E42350>
row_factory = None
cursor_factory = <class 'django.db.backends.postgresql.base.Cursor'>
kwargs = {'client_encoding': 'UTF8', 'dbname': 'ruffles_db', 'host': 'localhost', 'password': 'postgres', ...}
params = {'client_encoding': 'UTF8', 'dbname': 'ruffles_db', 'host': 'localhost', 'password': 'postgres', ...}
timeout = 130

    @classmethod
    def connect(
        cls,
        conninfo: str = "",
        *,
        autocommit: bool = False,
        prepare_threshold: int | None = 5,
        context: AdaptContext | None = None,
        row_factory: RowFactory[Row] | None = None,
        cursor_factory: type[Cursor[Row]] | None = None,
        **kwargs: ConnParam,
    ) -> Self:
        """
        Connect to a database server and return a new `Connection` instance.
        """
    
        params = cls._get_connection_params(conninfo, **kwargs)
        timeout = timeout_from_conninfo(params)
        rv = None
        attempts = conninfo_attempts(params)
        conn_errors: list[tuple[e.Error, str]] = []
        for attempt in attempts:
            tdescr = (attempt.get("host"), attempt.get("port"), attempt.get("hostaddr"))
            descr = "host: %r, port: %r, hostaddr: %r" % tdescr
            logger.debug("connection attempt: %s", descr)
            try:
                conninfo = make_conninfo("", **attempt)
                gen = cls._connect_gen(conninfo, timeout=timeout)
                rv = waiting.wait_conn(gen, interval=_WAIT_INTERVAL)
            except e.Error as ex:
                logger.debug("connection failed: %s: %s", descr, str(ex))
                conn_errors.append((ex, descr))
            except e._NO_TRACEBACK as ex:
                raise ex.with_traceback(None)
            else:
                logger.debug("connection succeeded: %s", descr)
                break
    
        if not rv:
            last_ex = conn_errors[-1][0]
            if len(conn_errors) == 1:
                raise last_ex.with_traceback(None)
    
            # Create a new exception with the same type as the last one, containing
            # all attempt errors while preserving backward compatibility.
            lines = [str(last_ex)]
            lines.append("Multiple connection attempts failed. All failures were:")
            lines.extend((f"- {descr}: {error}" for error, descr in conn_errors))
>           raise type(last_ex)("\n".join(lines)).with_traceback(None)
E           psycopg.OperationalError: connection failed: connection to server at "127.0.0.1", port 5432 failed: FATAL:  la autentificaci\ufffdn password fall\ufffd para el usuario \ufffdpostgres\ufffd
E           Multiple connection attempts failed. All failures were:
E           - host: 'localhost', port: '5432', hostaddr: '::1': connection failed: connection to server at "::1", port 5432 failed: FATAL:  la autentificaci\ufffdn password fall\ufffd para el usuario \ufffdpostgres\ufffd
E           - host: 'localhost', port: '5432', hostaddr: '127.0.0.1': connection failed: connection to server at "127.0.0.1", port 5432 failed: FATAL:  la autentificaci\ufffdn password fall\ufffd para el usuario \ufffdpostgres\ufffd

..\..\..\AppData\Roaming\Python\Python313\site-packages\psycopg\connection.py:127: OperationalError

The above exception was the direct cause of the following exception:

request = <SubRequest '_django_db_marker' for <Function test_registration_invalid_email[john.com]>>

    @pytest.fixture(autouse=True)
    def _django_db_marker(request: pytest.FixtureRequest) -> None:
        """Implement the django_db marker, internal to pytest-django."""
        marker = request.node.get_closest_marker("django_db")
        if marker:
>           request.getfixturevalue("_django_db_helper")

..\..\..\AppData\Roaming\Python\Python313\site-packages\pytest_django\plugin.py:527: 
_ _ _ _ _ _ _ _ _ _ _ _ _ _ _ _ _ _ _ _ _ _ _ _ _ _ _ _ _ _ _ _ _ _ _ _ _ _ _ _
..\..\..\AppData\Roaming\Python\Python313\site-packages\pytest_django\fixtures.py:140: in django_db_setup
    db_cfg = setup_databases(
..\..\..\AppData\Roaming\Python\Python313\site-packages\django\test\utils.py:204: in setup_databases
    connection.creation.create_test_db(
..\..\..\AppData\Roaming\Python\Python313\site-packages\django\db\backends\base\creation.py:62: in create_test_db
    self._create_test_db(verbosity, autoclobber, keepdb)
..\..\..\AppData\Roaming\Python\Python313\site-packages\django\db\backends\base\creation.py:202: in _create_test_db
    with self._nodb_cursor() as cursor:
C:\Python313\Lib\contextlib.py:141: in __enter__
    return next(self.gen)
..\..\..\AppData\Roaming\Python\Python313\site-packages\django\db\backends\postgresql\base.py:533: in _nodb_cursor
    with conn.cursor() as cursor:
..\..\..\AppData\Roaming\Python\Python313\site-packages\django\utils\asyncio.py:26: in inner
    return func(*args, **kwargs)
..\..\..\AppData\Roaming\Python\Python313\site-packages\django\db\backends\base\base.py:320: in cursor
    return self._cursor()
..\..\..\AppData\Roaming\Python\Python313\site-packages\django\db\backends\base\base.py:296: in _cursor
    self.ensure_connection()
..\..\..\AppData\Roaming\Python\Python313\site-packages\django\utils\asyncio.py:26: in inner
    return func(*args, **kwargs)
..\..\..\AppData\Roaming\Python\Python313\site-packages\django\db\backends\base\base.py:278: in ensure_connection
    with self.wrap_database_errors:
..\..\..\AppData\Roaming\Python\Python313\site-packages\django\db\utils.py:91: in __exit__
    raise dj_exc_value.with_traceback(traceback) from exc_value
..\..\..\AppData\Roaming\Python\Python313\site-packages\django\db\backends\base\base.py:279: in ensure_connection
    self.connect()
..\..\..\AppData\Roaming\Python\Python313\site-packages\django\utils\asyncio.py:26: in inner
    return func(*args, **kwargs)
..\..\..\AppData\Roaming\Python\Python313\site-packages\django\db\backends\base\base.py:256: in connect
    self.connection = self.get_new_connection(conn_params)
..\..\..\AppData\Roaming\Python\Python313\site-packages\django\utils\asyncio.py:26: in inner
    return func(*args, **kwargs)
..\..\..\AppData\Roaming\Python\Python313\site-packages\django\db\backends\postgresql\base.py:332: in get_new_connection
    connection = self.Database.connect(**conn_params)
_ _ _ _ _ _ _ _ _ _ _ _ _ _ _ _ _ _ _ _ _ _ _ _ _ _ _ _ _ _ _ _ _ _ _ _ _ _ _ _

cls = <class 'psycopg.Connection'>
conninfo = 'dbname=ruffles_db client_encoding=UTF8 user=postgres password=postgres host=localhost port=5432 hostaddr=127.0.0.1'
autocommit = False, prepare_threshold = None
context = <psycopg.adapt.AdaptersMap object at 0x000001CEB3E42350>
row_factory = None
cursor_factory = <class 'django.db.backends.postgresql.base.Cursor'>
kwargs = {'client_encoding': 'UTF8', 'dbname': 'ruffles_db', 'host': 'localhost', 'password': 'postgres', ...}
params = {'client_encoding': 'UTF8', 'dbname': 'ruffles_db', 'host': 'localhost', 'password': 'postgres', ...}
timeout = 130

    @classmethod
    def connect(
        cls,
        conninfo: str = "",
        *,
        autocommit: bool = False,
        prepare_threshold: int | None = 5,
        context: AdaptContext | None = None,
        row_factory: RowFactory[Row] | None = None,
        cursor_factory: type[Cursor[Row]] | None = None,
        **kwargs: ConnParam,
    ) -> Self:
        """
        Connect to a database server and return a new `Connection` instance.
        """
    
        params = cls._get_connection_params(conninfo, **kwargs)
        timeout = timeout_from_conninfo(params)
        rv = None
        attempts = conninfo_attempts(params)
        conn_errors: list[tuple[e.Error, str]] = []
        for attempt in attempts:
            tdescr = (attempt.get("host"), attempt.get("port"), attempt.get("hostaddr"))
            descr = "host: %r, port: %r, hostaddr: %r" % tdescr
            logger.debug("connection attempt: %s", descr)
            try:
                conninfo = make_conninfo("", **attempt)
                gen = cls._connect_gen(conninfo, timeout=timeout)
                rv = waiting.wait_conn(gen, interval=_WAIT_INTERVAL)
            except e.Error as ex:
                logger.debug("connection failed: %s: %s", descr, str(ex))
                conn_errors.append((ex, descr))
            except e._NO_TRACEBACK as ex:
                raise ex.with_traceback(None)
            else:
                logger.debug("connection succeeded: %s", descr)
                break
    
        if not rv:
            last_ex = conn_errors[-1][0]
            if len(conn_errors) == 1:
                raise last_ex.with_traceback(None)
    
            # Create a new exception with the same type as the last one, containing
            # all attempt errors while preserving backward compatibility.
            lines = [str(last_ex)]
            lines.append("Multiple connection attempts failed. All failures were:")
            lines.extend((f"- {descr}: {error}" for error, descr in conn_errors))
>           raise type(last_ex)("\n".join(lines)).with_traceback(None)
E           django.db.utils.OperationalError: connection failed: connection to server at "127.0.0.1", port 5432 failed: FATAL:  la autentificaci\ufffdn password fall\ufffd para el usuario \ufffdpostgres\ufffd
E           Multiple connection attempts failed. All failures were:
E           - host: 'localhost', port: '5432', hostaddr: '::1': connection failed: connection to server at "::1", port 5432 failed: FATAL:  la autentificaci\ufffdn password fall\ufffd para el usuario \ufffdpostgres\ufffd
E           - host: 'localhost', port: '5432', hostaddr: '127.0.0.1': connection failed: connection to server at "127.0.0.1", port 5432 failed: FATAL:  la autentificaci\ufffdn password fall\ufffd para el usuario \ufffdpostgres\ufffd

..\..\..\AppData\Roaming\Python\Python313\site-packages\psycopg\connection.py:127: OperationalError
________ ERROR at setup of test_registration_password_too_short[short] ________

self = <DatabaseWrapper vendor='postgresql' alias='__no_db__'>

    @async_unsafe
    def ensure_connection(self):
        """Guarantee that a connection to the database is established."""
        if self.connection is None:
            if self.in_atomic_block and self.closed_in_transaction:
                raise ProgrammingError(
                    "Cannot open a new connection in an atomic block."
                )
            with self.wrap_database_errors:
>               self.connect()

..\..\..\AppData\Roaming\Python\Python313\site-packages\django\db\backends\base\base.py:279: 
_ _ _ _ _ _ _ _ _ _ _ _ _ _ _ _ _ _ _ _ _ _ _ _ _ _ _ _ _ _ _ _ _ _ _ _ _ _ _ _
..\..\..\AppData\Roaming\Python\Python313\site-packages\django\utils\asyncio.py:26: in inner
    return func(*args, **kwargs)
..\..\..\AppData\Roaming\Python\Python313\site-packages\django\db\backends\base\base.py:256: in connect
    self.connection = self.get_new_connection(conn_params)
..\..\..\AppData\Roaming\Python\Python313\site-packages\django\utils\asyncio.py:26: in inner
    return func(*args, **kwargs)
..\..\..\AppData\Roaming\Python\Python313\site-packages\django\db\backends\postgresql\base.py:332: in get_new_connection
    connection = self.Database.connect(**conn_params)
_ _ _ _ _ _ _ _ _ _ _ _ _ _ _ _ _ _ _ _ _ _ _ _ _ _ _ _ _ _ _ _ _ _ _ _ _ _ _ _

cls = <class 'psycopg.Connection'>
conninfo = 'dbname=postgres client_encoding=UTF8 user=postgres password=postgres host=localhost port=5432 hostaddr=127.0.0.1'
autocommit = False, prepare_threshold = None
context = <psycopg.adapt.AdaptersMap object at 0x000001CEB3E42350>
row_factory = None
cursor_factory = <class 'django.db.backends.postgresql.base.Cursor'>
kwargs = {'client_encoding': 'UTF8', 'dbname': 'postgres', 'host': 'localhost', 'password': 'postgres', ...}
params = {'client_encoding': 'UTF8', 'dbname': 'postgres', 'host': 'localhost', 'password': 'postgres', ...}
timeout = 130

    @classmethod
    def connect(
        cls,
        conninfo: str = "",
        *,
        autocommit: bool = False,
        prepare_threshold: int | None = 5,
        context: AdaptContext | None = None,
        row_factory: RowFactory[Row] | None = None,
        cursor_factory: type[Cursor[Row]] | None = None,
        **kwargs: ConnParam,
    ) -> Self:
        """
        Connect to a database server and return a new `Connection` instance.
        """
    
        params = cls._get_connection_params(conninfo, **kwargs)
        timeout = timeout_from_conninfo(params)
        rv = None
        attempts = conninfo_attempts(params)
        conn_errors: list[tuple[e.Error, str]] = []
        for attempt in attempts:
            tdescr = (attempt.get("host"), attempt.get("port"), attempt.get("hostaddr"))
            descr = "host: %r, port: %r, hostaddr: %r" % tdescr
            logger.debug("connection attempt: %s", descr)
            try:
                conninfo = make_conninfo("", **attempt)
                gen = cls._connect_gen(conninfo, timeout=timeout)
                rv = waiting.wait_conn(gen, interval=_WAIT_INTERVAL)
            except e.Error as ex:
                logger.debug("connection failed: %s: %s", descr, str(ex))
                conn_errors.append((ex, descr))
            except e._NO_TRACEBACK as ex:
                raise ex.with_traceback(None)
            else:
                logger.debug("connection succeeded: %s", descr)
                break
    
        if not rv:
            last_ex = conn_errors[-1][0]
            if len(conn_errors) == 1:
                raise last_ex.with_traceback(None)
    
            # Create a new exception with the same type as the last one, containing
            # all attempt errors while preserving backward compatibility.
            lines = [str(last_ex)]
            lines.append("Multiple connection attempts failed. All failures were:")
            lines.extend((f"- {descr}: {error}" for error, descr in conn_errors))
>           raise type(last_ex)("\n".join(lines)).with_traceback(None)
E           psycopg.OperationalError: connection failed: connection to server at "127.0.0.1", port 5432 failed: FATAL:  la autentificaci\ufffdn password fall\ufffd para el usuario \ufffdpostgres\ufffd
E           Multiple connection attempts failed. All failures were:
E           - host: 'localhost', port: '5432', hostaddr: '::1': connection failed: connection to server at "::1", port 5432 failed: FATAL:  la autentificaci\ufffdn password fall\ufffd para el usuario \ufffdpostgres\ufffd
E           - host: 'localhost', port: '5432', hostaddr: '127.0.0.1': connection failed: connection to server at "127.0.0.1", port 5432 failed: FATAL:  la autentificaci\ufffdn password fall\ufffd para el usuario \ufffdpostgres\ufffd

..\..\..\AppData\Roaming\Python\Python313\site-packages\psycopg\connection.py:127: OperationalError

The above exception was the direct cause of the following exception:

self = <DatabaseWrapper vendor='postgresql' alias='default'>

    @contextmanager
    def _nodb_cursor(self):
        cursor = None
        try:
>           with super()._nodb_cursor() as cursor:

..\..\..\AppData\Roaming\Python\Python313\site-packages\django\db\backends\postgresql\base.py:507: 
_ _ _ _ _ _ _ _ _ _ _ _ _ _ _ _ _ _ _ _ _ _ _ _ _ _ _ _ _ _ _ _ _ _ _ _ _ _ _ _
C:\Python313\Lib\contextlib.py:141: in __enter__
    return next(self.gen)
..\..\..\AppData\Roaming\Python\Python313\site-packages\django\db\backends\base\base.py:712: in _nodb_cursor
    with conn.cursor() as cursor:
..\..\..\AppData\Roaming\Python\Python313\site-packages\django\utils\asyncio.py:26: in inner
    return func(*args, **kwargs)
..\..\..\AppData\Roaming\Python\Python313\site-packages\django\db\backends\base\base.py:320: in cursor
    return self._cursor()
..\..\..\AppData\Roaming\Python\Python313\site-packages\django\db\backends\base\base.py:296: in _cursor
    self.ensure_connection()
..\..\..\AppData\Roaming\Python\Python313\site-packages\django\utils\asyncio.py:26: in inner
    return func(*args, **kwargs)
..\..\..\AppData\Roaming\Python\Python313\site-packages\django\db\backends\base\base.py:278: in ensure_connection
    with self.wrap_database_errors:
..\..\..\AppData\Roaming\Python\Python313\site-packages\django\db\utils.py:91: in __exit__
    raise dj_exc_value.with_traceback(traceback) from exc_value
..\..\..\AppData\Roaming\Python\Python313\site-packages\django\db\backends\base\base.py:279: in ensure_connection
    self.connect()
..\..\..\AppData\Roaming\Python\Python313\site-packages\django\utils\asyncio.py:26: in inner
    return func(*args, **kwargs)
..\..\..\AppData\Roaming\Python\Python313\site-packages\django\db\backends\base\base.py:256: in connect
    self.connection = self.get_new_connection(conn_params)
..\..\..\AppData\Roaming\Python\Python313\site-packages\django\utils\asyncio.py:26: in inner
    return func(*args, **kwargs)
..\..\..\AppData\Roaming\Python\Python313\site-packages\django\db\backends\postgresql\base.py:332: in get_new_connection
    connection = self.Database.connect(**conn_params)
_ _ _ _ _ _ _ _ _ _ _ _ _ _ _ _ _ _ _ _ _ _ _ _ _ _ _ _ _ _ _ _ _ _ _ _ _ _ _ _

cls = <class 'psycopg.Connection'>
conninfo = 'dbname=postgres client_encoding=UTF8 user=postgres password=postgres host=localhost port=5432 hostaddr=127.0.0.1'
autocommit = False, prepare_threshold = None
context = <psycopg.adapt.AdaptersMap object at 0x000001CEB3E42350>
row_factory = None
cursor_factory = <class 'django.db.backends.postgresql.base.Cursor'>
kwargs = {'client_encoding': 'UTF8', 'dbname': 'postgres', 'host': 'localhost', 'password': 'postgres', ...}
params = {'client_encoding': 'UTF8', 'dbname': 'postgres', 'host': 'localhost', 'password': 'postgres', ...}
timeout = 130

    @classmethod
    def connect(
        cls,
        conninfo: str = "",
        *,
        autocommit: bool = False,
        prepare_threshold: int | None = 5,
        context: AdaptContext | None = None,
        row_factory: RowFactory[Row] | None = None,
        cursor_factory: type[Cursor[Row]] | None = None,
        **kwargs: ConnParam,
    ) -> Self:
        """
        Connect to a database server and return a new `Connection` instance.
        """
    
        params = cls._get_connection_params(conninfo, **kwargs)
        timeout = timeout_from_conninfo(params)
        rv = None
        attempts = conninfo_attempts(params)
        conn_errors: list[tuple[e.Error, str]] = []
        for attempt in attempts:
            tdescr = (attempt.get("host"), attempt.get("port"), attempt.get("hostaddr"))
            descr = "host: %r, port: %r, hostaddr: %r" % tdescr
            logger.debug("connection attempt: %s", descr)
            try:
                conninfo = make_conninfo("", **attempt)
                gen = cls._connect_gen(conninfo, timeout=timeout)
                rv = waiting.wait_conn(gen, interval=_WAIT_INTERVAL)
            except e.Error as ex:
                logger.debug("connection failed: %s: %s", descr, str(ex))
                conn_errors.append((ex, descr))
            except e._NO_TRACEBACK as ex:
                raise ex.with_traceback(None)
            else:
                logger.debug("connection succeeded: %s", descr)
                break
    
        if not rv:
            last_ex = conn_errors[-1][0]
            if len(conn_errors) == 1:
                raise last_ex.with_traceback(None)
    
            # Create a new exception with the same type as the last one, containing
            # all attempt errors while preserving backward compatibility.
            lines = [str(last_ex)]
            lines.append("Multiple connection attempts failed. All failures were:")
            lines.extend((f"- {descr}: {error}" for error, descr in conn_errors))
>           raise type(last_ex)("\n".join(lines)).with_traceback(None)
E           django.db.utils.OperationalError: connection failed: connection to server at "127.0.0.1", port 5432 failed: FATAL:  la autentificaci\ufffdn password fall\ufffd para el usuario \ufffdpostgres\ufffd
E           Multiple connection attempts failed. All failures were:
E           - host: 'localhost', port: '5432', hostaddr: '::1': connection failed: connection to server at "::1", port 5432 failed: FATAL:  la autentificaci\ufffdn password fall\ufffd para el usuario \ufffdpostgres\ufffd
E           - host: 'localhost', port: '5432', hostaddr: '127.0.0.1': connection failed: connection to server at "127.0.0.1", port 5432 failed: FATAL:  la autentificaci\ufffdn password fall\ufffd para el usuario \ufffdpostgres\ufffd

..\..\..\AppData\Roaming\Python\Python313\site-packages\psycopg\connection.py:127: OperationalError

During handling of the above exception, another exception occurred:

self = <DatabaseWrapper vendor='postgresql' alias='default'>

    @async_unsafe
    def ensure_connection(self):
        """Guarantee that a connection to the database is established."""
        if self.connection is None:
            if self.in_atomic_block and self.closed_in_transaction:
                raise ProgrammingError(
                    "Cannot open a new connection in an atomic block."
                )
            with self.wrap_database_errors:
>               self.connect()

..\..\..\AppData\Roaming\Python\Python313\site-packages\django\db\backends\base\base.py:279: 
_ _ _ _ _ _ _ _ _ _ _ _ _ _ _ _ _ _ _ _ _ _ _ _ _ _ _ _ _ _ _ _ _ _ _ _ _ _ _ _
..\..\..\AppData\Roaming\Python\Python313\site-packages\django\utils\asyncio.py:26: in inner
    return func(*args, **kwargs)
..\..\..\AppData\Roaming\Python\Python313\site-packages\django\db\backends\base\base.py:256: in connect
    self.connection = self.get_new_connection(conn_params)
..\..\..\AppData\Roaming\Python\Python313\site-packages\django\utils\asyncio.py:26: in inner
    return func(*args, **kwargs)
..\..\..\AppData\Roaming\Python\Python313\site-packages\django\db\backends\postgresql\base.py:332: in get_new_connection
    connection = self.Database.connect(**conn_params)
_ _ _ _ _ _ _ _ _ _ _ _ _ _ _ _ _ _ _ _ _ _ _ _ _ _ _ _ _ _ _ _ _ _ _ _ _ _ _ _

cls = <class 'psycopg.Connection'>
conninfo = 'dbname=ruffles_db client_encoding=UTF8 user=postgres password=postgres host=localhost port=5432 hostaddr=127.0.0.1'
autocommit = False, prepare_threshold = None
context = <psycopg.adapt.AdaptersMap object at 0x000001CEB3E42350>
row_factory = None
cursor_factory = <class 'django.db.backends.postgresql.base.Cursor'>
kwargs = {'client_encoding': 'UTF8', 'dbname': 'ruffles_db', 'host': 'localhost', 'password': 'postgres', ...}
params = {'client_encoding': 'UTF8', 'dbname': 'ruffles_db', 'host': 'localhost', 'password': 'postgres', ...}
timeout = 130

    @classmethod
    def connect(
        cls,
        conninfo: str = "",
        *,
        autocommit: bool = False,
        prepare_threshold: int | None = 5,
        context: AdaptContext | None = None,
        row_factory: RowFactory[Row] | None = None,
        cursor_factory: type[Cursor[Row]] | None = None,
        **kwargs: ConnParam,
    ) -> Self:
        """
        Connect to a database server and return a new `Connection` instance.
        """
    
        params = cls._get_connection_params(conninfo, **kwargs)
        timeout = timeout_from_conninfo(params)
        rv = None
        attempts = conninfo_attempts(params)
        conn_errors: list[tuple[e.Error, str]] = []
        for attempt in attempts:
            tdescr = (attempt.get("host"), attempt.get("port"), attempt.get("hostaddr"))
            descr = "host: %r, port: %r, hostaddr: %r" % tdescr
            logger.debug("connection attempt: %s", descr)
            try:
                conninfo = make_conninfo("", **attempt)
                gen = cls._connect_gen(conninfo, timeout=timeout)
                rv = waiting.wait_conn(gen, interval=_WAIT_INTERVAL)
            except e.Error as ex:
                logger.debug("connection failed: %s: %s", descr, str(ex))
                conn_errors.append((ex, descr))
            except e._NO_TRACEBACK as ex:
                raise ex.with_traceback(None)
            else:
                logger.debug("connection succeeded: %s", descr)
                break
    
        if not rv:
            last_ex = conn_errors[-1][0]
            if len(conn_errors) == 1:
                raise last_ex.with_traceback(None)
    
            # Create a new exception with the same type as the last one, containing
            # all attempt errors while preserving backward compatibility.
            lines = [str(last_ex)]
            lines.append("Multiple connection attempts failed. All failures were:")
            lines.extend((f"- {descr}: {error}" for error, descr in conn_errors))
>           raise type(last_ex)("\n".join(lines)).with_traceback(None)
E           psycopg.OperationalError: connection failed: connection to server at "127.0.0.1", port 5432 failed: FATAL:  la autentificaci\ufffdn password fall\ufffd para el usuario \ufffdpostgres\ufffd
E           Multiple connection attempts failed. All failures were:
E           - host: 'localhost', port: '5432', hostaddr: '::1': connection failed: connection to server at "::1", port 5432 failed: FATAL:  la autentificaci\ufffdn password fall\ufffd para el usuario \ufffdpostgres\ufffd
E           - host: 'localhost', port: '5432', hostaddr: '127.0.0.1': connection failed: connection to server at "127.0.0.1", port 5432 failed: FATAL:  la autentificaci\ufffdn password fall\ufffd para el usuario \ufffdpostgres\ufffd

..\..\..\AppData\Roaming\Python\Python313\site-packages\psycopg\connection.py:127: OperationalError

The above exception was the direct cause of the following exception:

request = <SubRequest '_django_db_marker' for <Function test_registration_password_too_short[short]>>

    @pytest.fixture(autouse=True)
    def _django_db_marker(request: pytest.FixtureRequest) -> None:
        """Implement the django_db marker, internal to pytest-django."""
        marker = request.node.get_closest_marker("django_db")
        if marker:
>           request.getfixturevalue("_django_db_helper")

..\..\..\AppData\Roaming\Python\Python313\site-packages\pytest_django\plugin.py:527: 
_ _ _ _ _ _ _ _ _ _ _ _ _ _ _ _ _ _ _ _ _ _ _ _ _ _ _ _ _ _ _ _ _ _ _ _ _ _ _ _
..\..\..\AppData\Roaming\Python\Python313\site-packages\pytest_django\fixtures.py:140: in django_db_setup
    db_cfg = setup_databases(
..\..\..\AppData\Roaming\Python\Python313\site-packages\django\test\utils.py:204: in setup_databases
    connection.creation.create_test_db(
..\..\..\AppData\Roaming\Python\Python313\site-packages\django\db\backends\base\creation.py:62: in create_test_db
    self._create_test_db(verbosity, autoclobber, keepdb)
..\..\..\AppData\Roaming\Python\Python313\site-packages\django\db\backends\base\creation.py:202: in _create_test_db
    with self._nodb_cursor() as cursor:
C:\Python313\Lib\contextlib.py:141: in __enter__
    return next(self.gen)
..\..\..\AppData\Roaming\Python\Python313\site-packages\django\db\backends\postgresql\base.py:533: in _nodb_cursor
    with conn.cursor() as cursor:
..\..\..\AppData\Roaming\Python\Python313\site-packages\django\utils\asyncio.py:26: in inner
    return func(*args, **kwargs)
..\..\..\AppData\Roaming\Python\Python313\site-packages\django\db\backends\base\base.py:320: in cursor
    return self._cursor()
..\..\..\AppData\Roaming\Python\Python313\site-packages\django\db\backends\base\base.py:296: in _cursor
    self.ensure_connection()
..\..\..\AppData\Roaming\Python\Python313\site-packages\django\utils\asyncio.py:26: in inner
    return func(*args, **kwargs)
..\..\..\AppData\Roaming\Python\Python313\site-packages\django\db\backends\base\base.py:278: in ensure_connection
    with self.wrap_database_errors:
..\..\..\AppData\Roaming\Python\Python313\site-packages\django\db\utils.py:91: in __exit__
    raise dj_exc_value.with_traceback(traceback) from exc_value
..\..\..\AppData\Roaming\Python\Python313\site-packages\django\db\backends\base\base.py:279: in ensure_connection
    self.connect()
..\..\..\AppData\Roaming\Python\Python313\site-packages\django\utils\asyncio.py:26: in inner
    return func(*args, **kwargs)
..\..\..\AppData\Roaming\Python\Python313\site-packages\django\db\backends\base\base.py:256: in connect
    self.connection = self.get_new_connection(conn_params)
..\..\..\AppData\Roaming\Python\Python313\site-packages\django\utils\asyncio.py:26: in inner
    return func(*args, **kwargs)
..\..\..\AppData\Roaming\Python\Python313\site-packages\django\db\backends\postgresql\base.py:332: in get_new_connection
    connection = self.Database.connect(**conn_params)
_ _ _ _ _ _ _ _ _ _ _ _ _ _ _ _ _ _ _ _ _ _ _ _ _ _ _ _ _ _ _ _ _ _ _ _ _ _ _ _

cls = <class 'psycopg.Connection'>
conninfo = 'dbname=ruffles_db client_encoding=UTF8 user=postgres password=postgres host=localhost port=5432 hostaddr=127.0.0.1'
autocommit = False, prepare_threshold = None
context = <psycopg.adapt.AdaptersMap object at 0x000001CEB3E42350>
row_factory = None
cursor_factory = <class 'django.db.backends.postgresql.base.Cursor'>
kwargs = {'client_encoding': 'UTF8', 'dbname': 'ruffles_db', 'host': 'localhost', 'password': 'postgres', ...}
params = {'client_encoding': 'UTF8', 'dbname': 'ruffles_db', 'host': 'localhost', 'password': 'postgres', ...}
timeout = 130

    @classmethod
    def connect(
        cls,
        conninfo: str = "",
        *,
        autocommit: bool = False,
        prepare_threshold: int | None = 5,
        context: AdaptContext | None = None,
        row_factory: RowFactory[Row] | None = None,
        cursor_factory: type[Cursor[Row]] | None = None,
        **kwargs: ConnParam,
    ) -> Self:
        """
        Connect to a database server and return a new `Connection` instance.
        """
    
        params = cls._get_connection_params(conninfo, **kwargs)
        timeout = timeout_from_conninfo(params)
        rv = None
        attempts = conninfo_attempts(params)
        conn_errors: list[tuple[e.Error, str]] = []
        for attempt in attempts:
            tdescr = (attempt.get("host"), attempt.get("port"), attempt.get("hostaddr"))
            descr = "host: %r, port: %r, hostaddr: %r" % tdescr
            logger.debug("connection attempt: %s", descr)
            try:
                conninfo = make_conninfo("", **attempt)
                gen = cls._connect_gen(conninfo, timeout=timeout)
                rv = waiting.wait_conn(gen, interval=_WAIT_INTERVAL)
            except e.Error as ex:
                logger.debug("connection failed: %s: %s", descr, str(ex))
                conn_errors.append((ex, descr))
            except e._NO_TRACEBACK as ex:
                raise ex.with_traceback(None)
            else:
                logger.debug("connection succeeded: %s", descr)
                break
    
        if not rv:
            last_ex = conn_errors[-1][0]
            if len(conn_errors) == 1:
                raise last_ex.with_traceback(None)
    
            # Create a new exception with the same type as the last one, containing
            # all attempt errors while preserving backward compatibility.
            lines = [str(last_ex)]
            lines.append("Multiple connection attempts failed. All failures were:")
            lines.extend((f"- {descr}: {error}" for error, descr in conn_errors))
>           raise type(last_ex)("\n".join(lines)).with_traceback(None)
E           django.db.utils.OperationalError: connection failed: connection to server at "127.0.0.1", port 5432 failed: FATAL:  la autentificaci\ufffdn password fall\ufffd para el usuario \ufffdpostgres\ufffd
E           Multiple connection attempts failed. All failures were:
E           - host: 'localhost', port: '5432', hostaddr: '::1': connection failed: connection to server at "::1", port 5432 failed: FATAL:  la autentificaci\ufffdn password fall\ufffd para el usuario \ufffdpostgres\ufffd
E           - host: 'localhost', port: '5432', hostaddr: '127.0.0.1': connection failed: connection to server at "127.0.0.1", port 5432 failed: FATAL:  la autentificaci\ufffdn password fall\ufffd para el usuario \ufffdpostgres\ufffd

..\..\..\AppData\Roaming\Python\Python313\site-packages\psycopg\connection.py:127: OperationalError
_______ ERROR at setup of test_registration_password_too_short[1234567] _______

self = <DatabaseWrapper vendor='postgresql' alias='__no_db__'>

    @async_unsafe
    def ensure_connection(self):
        """Guarantee that a connection to the database is established."""
        if self.connection is None:
            if self.in_atomic_block and self.closed_in_transaction:
                raise ProgrammingError(
                    "Cannot open a new connection in an atomic block."
                )
            with self.wrap_database_errors:
>               self.connect()

..\..\..\AppData\Roaming\Python\Python313\site-packages\django\db\backends\base\base.py:279: 
_ _ _ _ _ _ _ _ _ _ _ _ _ _ _ _ _ _ _ _ _ _ _ _ _ _ _ _ _ _ _ _ _ _ _ _ _ _ _ _
..\..\..\AppData\Roaming\Python\Python313\site-packages\django\utils\asyncio.py:26: in inner
    return func(*args, **kwargs)
..\..\..\AppData\Roaming\Python\Python313\site-packages\django\db\backends\base\base.py:256: in connect
    self.connection = self.get_new_connection(conn_params)
..\..\..\AppData\Roaming\Python\Python313\site-packages\django\utils\asyncio.py:26: in inner
    return func(*args, **kwargs)
..\..\..\AppData\Roaming\Python\Python313\site-packages\django\db\backends\postgresql\base.py:332: in get_new_connection
    connection = self.Database.connect(**conn_params)
_ _ _ _ _ _ _ _ _ _ _ _ _ _ _ _ _ _ _ _ _ _ _ _ _ _ _ _ _ _ _ _ _ _ _ _ _ _ _ _

cls = <class 'psycopg.Connection'>
conninfo = 'dbname=postgres client_encoding=UTF8 user=postgres password=postgres host=localhost port=5432 hostaddr=127.0.0.1'
autocommit = False, prepare_threshold = None
context = <psycopg.adapt.AdaptersMap object at 0x000001CEB3E42350>
row_factory = None
cursor_factory = <class 'django.db.backends.postgresql.base.Cursor'>
kwargs = {'client_encoding': 'UTF8', 'dbname': 'postgres', 'host': 'localhost', 'password': 'postgres', ...}
params = {'client_encoding': 'UTF8', 'dbname': 'postgres', 'host': 'localhost', 'password': 'postgres', ...}
timeout = 130

    @classmethod
    def connect(
        cls,
        conninfo: str = "",
        *,
        autocommit: bool = False,
        prepare_threshold: int | None = 5,
        context: AdaptContext | None = None,
        row_factory: RowFactory[Row] | None = None,
        cursor_factory: type[Cursor[Row]] | None = None,
        **kwargs: ConnParam,
    ) -> Self:
        """
        Connect to a database server and return a new `Connection` instance.
        """
    
        params = cls._get_connection_params(conninfo, **kwargs)
        timeout = timeout_from_conninfo(params)
        rv = None
        attempts = conninfo_attempts(params)
        conn_errors: list[tuple[e.Error, str]] = []
        for attempt in attempts:
            tdescr = (attempt.get("host"), attempt.get("port"), attempt.get("hostaddr"))
            descr = "host: %r, port: %r, hostaddr: %r" % tdescr
            logger.debug("connection attempt: %s", descr)
            try:
                conninfo = make_conninfo("", **attempt)
                gen = cls._connect_gen(conninfo, timeout=timeout)
                rv = waiting.wait_conn(gen, interval=_WAIT_INTERVAL)
            except e.Error as ex:
                logger.debug("connection failed: %s: %s", descr, str(ex))
                conn_errors.append((ex, descr))
            except e._NO_TRACEBACK as ex:
                raise ex.with_traceback(None)
            else:
                logger.debug("connection succeeded: %s", descr)
                break
    
        if not rv:
            last_ex = conn_errors[-1][0]
            if len(conn_errors) == 1:
                raise last_ex.with_traceback(None)
    
            # Create a new exception with the same type as the last one, containing
            # all attempt errors while preserving backward compatibility.
            lines = [str(last_ex)]
            lines.append("Multiple connection attempts failed. All failures were:")
            lines.extend((f"- {descr}: {error}" for error, descr in conn_errors))
>           raise type(last_ex)("\n".join(lines)).with_traceback(None)
E           psycopg.OperationalError: connection failed: connection to server at "127.0.0.1", port 5432 failed: FATAL:  la autentificaci\ufffdn password fall\ufffd para el usuario \ufffdpostgres\ufffd
E           Multiple connection attempts failed. All failures were:
E           - host: 'localhost', port: '5432', hostaddr: '::1': connection failed: connection to server at "::1", port 5432 failed: FATAL:  la autentificaci\ufffdn password fall\ufffd para el usuario \ufffdpostgres\ufffd
E           - host: 'localhost', port: '5432', hostaddr: '127.0.0.1': connection failed: connection to server at "127.0.0.1", port 5432 failed: FATAL:  la autentificaci\ufffdn password fall\ufffd para el usuario \ufffdpostgres\ufffd

..\..\..\AppData\Roaming\Python\Python313\site-packages\psycopg\connection.py:127: OperationalError

The above exception was the direct cause of the following exception:

self = <DatabaseWrapper vendor='postgresql' alias='default'>

    @contextmanager
    def _nodb_cursor(self):
        cursor = None
        try:
>           with super()._nodb_cursor() as cursor:

..\..\..\AppData\Roaming\Python\Python313\site-packages\django\db\backends\postgresql\base.py:507: 
_ _ _ _ _ _ _ _ _ _ _ _ _ _ _ _ _ _ _ _ _ _ _ _ _ _ _ _ _ _ _ _ _ _ _ _ _ _ _ _
C:\Python313\Lib\contextlib.py:141: in __enter__
    return next(self.gen)
..\..\..\AppData\Roaming\Python\Python313\site-packages\django\db\backends\base\base.py:712: in _nodb_cursor
    with conn.cursor() as cursor:
..\..\..\AppData\Roaming\Python\Python313\site-packages\django\utils\asyncio.py:26: in inner
    return func(*args, **kwargs)
..\..\..\AppData\Roaming\Python\Python313\site-packages\django\db\backends\base\base.py:320: in cursor
    return self._cursor()
..\..\..\AppData\Roaming\Python\Python313\site-packages\django\db\backends\base\base.py:296: in _cursor
    self.ensure_connection()
..\..\..\AppData\Roaming\Python\Python313\site-packages\django\utils\asyncio.py:26: in inner
    return func(*args, **kwargs)
..\..\..\AppData\Roaming\Python\Python313\site-packages\django\db\backends\base\base.py:278: in ensure_connection
    with self.wrap_database_errors:
..\..\..\AppData\Roaming\Python\Python313\site-packages\django\db\utils.py:91: in __exit__
    raise dj_exc_value.with_traceback(traceback) from exc_value
..\..\..\AppData\Roaming\Python\Python313\site-packages\django\db\backends\base\base.py:279: in ensure_connection
    self.connect()
..\..\..\AppData\Roaming\Python\Python313\site-packages\django\utils\asyncio.py:26: in inner
    return func(*args, **kwargs)
..\..\..\AppData\Roaming\Python\Python313\site-packages\django\db\backends\base\base.py:256: in connect
    self.connection = self.get_new_connection(conn_params)
..\..\..\AppData\Roaming\Python\Python313\site-packages\django\utils\asyncio.py:26: in inner
    return func(*args, **kwargs)
..\..\..\AppData\Roaming\Python\Python313\site-packages\django\db\backends\postgresql\base.py:332: in get_new_connection
    connection = self.Database.connect(**conn_params)
_ _ _ _ _ _ _ _ _ _ _ _ _ _ _ _ _ _ _ _ _ _ _ _ _ _ _ _ _ _ _ _ _ _ _ _ _ _ _ _

cls = <class 'psycopg.Connection'>
conninfo = 'dbname=postgres client_encoding=UTF8 user=postgres password=postgres host=localhost port=5432 hostaddr=127.0.0.1'
autocommit = False, prepare_threshold = None
context = <psycopg.adapt.AdaptersMap object at 0x000001CEB3E42350>
row_factory = None
cursor_factory = <class 'django.db.backends.postgresql.base.Cursor'>
kwargs = {'client_encoding': 'UTF8', 'dbname': 'postgres', 'host': 'localhost', 'password': 'postgres', ...}
params = {'client_encoding': 'UTF8', 'dbname': 'postgres', 'host': 'localhost', 'password': 'postgres', ...}
timeout = 130

    @classmethod
    def connect(
        cls,
        conninfo: str = "",
        *,
        autocommit: bool = False,
        prepare_threshold: int | None = 5,
        context: AdaptContext | None = None,
        row_factory: RowFactory[Row] | None = None,
        cursor_factory: type[Cursor[Row]] | None = None,
        **kwargs: ConnParam,
    ) -> Self:
        """
        Connect to a database server and return a new `Connection` instance.
        """
    
        params = cls._get_connection_params(conninfo, **kwargs)
        timeout = timeout_from_conninfo(params)
        rv = None
        attempts = conninfo_attempts(params)
        conn_errors: list[tuple[e.Error, str]] = []
        for attempt in attempts:
            tdescr = (attempt.get("host"), attempt.get("port"), attempt.get("hostaddr"))
            descr = "host: %r, port: %r, hostaddr: %r" % tdescr
            logger.debug("connection attempt: %s", descr)
            try:
                conninfo = make_conninfo("", **attempt)
                gen = cls._connect_gen(conninfo, timeout=timeout)
                rv = waiting.wait_conn(gen, interval=_WAIT_INTERVAL)
            except e.Error as ex:
                logger.debug("connection failed: %s: %s", descr, str(ex))
                conn_errors.append((ex, descr))
            except e._NO_TRACEBACK as ex:
                raise ex.with_traceback(None)
            else:
                logger.debug("connection succeeded: %s", descr)
                break
    
        if not rv:
            last_ex = conn_errors[-1][0]
            if len(conn_errors) == 1:
                raise last_ex.with_traceback(None)
    
            # Create a new exception with the same type as the last one, containing
            # all attempt errors while preserving backward compatibility.
            lines = [str(last_ex)]
            lines.append("Multiple connection attempts failed. All failures were:")
            lines.extend((f"- {descr}: {error}" for error, descr in conn_errors))
>           raise type(last_ex)("\n".join(lines)).with_traceback(None)
E           django.db.utils.OperationalError: connection failed: connection to server at "127.0.0.1", port 5432 failed: FATAL:  la autentificaci\ufffdn password fall\ufffd para el usuario \ufffdpostgres\ufffd
E           Multiple connection attempts failed. All failures were:
E           - host: 'localhost', port: '5432', hostaddr: '::1': connection failed: connection to server at "::1", port 5432 failed: FATAL:  la autentificaci\ufffdn password fall\ufffd para el usuario \ufffdpostgres\ufffd
E           - host: 'localhost', port: '5432', hostaddr: '127.0.0.1': connection failed: connection to server at "127.0.0.1", port 5432 failed: FATAL:  la autentificaci\ufffdn password fall\ufffd para el usuario \ufffdpostgres\ufffd

..\..\..\AppData\Roaming\Python\Python313\site-packages\psycopg\connection.py:127: OperationalError

During handling of the above exception, another exception occurred:

self = <DatabaseWrapper vendor='postgresql' alias='default'>

    @async_unsafe
    def ensure_connection(self):
        """Guarantee that a connection to the database is established."""
        if self.connection is None:
            if self.in_atomic_block and self.closed_in_transaction:
                raise ProgrammingError(
                    "Cannot open a new connection in an atomic block."
                )
            with self.wrap_database_errors:
>               self.connect()

..\..\..\AppData\Roaming\Python\Python313\site-packages\django\db\backends\base\base.py:279: 
_ _ _ _ _ _ _ _ _ _ _ _ _ _ _ _ _ _ _ _ _ _ _ _ _ _ _ _ _ _ _ _ _ _ _ _ _ _ _ _
..\..\..\AppData\Roaming\Python\Python313\site-packages\django\utils\asyncio.py:26: in inner
    return func(*args, **kwargs)
..\..\..\AppData\Roaming\Python\Python313\site-packages\django\db\backends\base\base.py:256: in connect
    self.connection = self.get_new_connection(conn_params)
..\..\..\AppData\Roaming\Python\Python313\site-packages\django\utils\asyncio.py:26: in inner
    return func(*args, **kwargs)
..\..\..\AppData\Roaming\Python\Python313\site-packages\django\db\backends\postgresql\base.py:332: in get_new_connection
    connection = self.Database.connect(**conn_params)
_ _ _ _ _ _ _ _ _ _ _ _ _ _ _ _ _ _ _ _ _ _ _ _ _ _ _ _ _ _ _ _ _ _ _ _ _ _ _ _

cls = <class 'psycopg.Connection'>
conninfo = 'dbname=ruffles_db client_encoding=UTF8 user=postgres password=postgres host=localhost port=5432 hostaddr=127.0.0.1'
autocommit = False, prepare_threshold = None
context = <psycopg.adapt.AdaptersMap object at 0x000001CEB3E42350>
row_factory = None
cursor_factory = <class 'django.db.backends.postgresql.base.Cursor'>
kwargs = {'client_encoding': 'UTF8', 'dbname': 'ruffles_db', 'host': 'localhost', 'password': 'postgres', ...}
params = {'client_encoding': 'UTF8', 'dbname': 'ruffles_db', 'host': 'localhost', 'password': 'postgres', ...}
timeout = 130

    @classmethod
    def connect(
        cls,
        conninfo: str = "",
        *,
        autocommit: bool = False,
        prepare_threshold: int | None = 5,
        context: AdaptContext | None = None,
        row_factory: RowFactory[Row] | None = None,
        cursor_factory: type[Cursor[Row]] | None = None,
        **kwargs: ConnParam,
    ) -> Self:
        """
        Connect to a database server and return a new `Connection` instance.
        """
    
        params = cls._get_connection_params(conninfo, **kwargs)
        timeout = timeout_from_conninfo(params)
        rv = None
        attempts = conninfo_attempts(params)
        conn_errors: list[tuple[e.Error, str]] = []
        for attempt in attempts:
            tdescr = (attempt.get("host"), attempt.get("port"), attempt.get("hostaddr"))
            descr = "host: %r, port: %r, hostaddr: %r" % tdescr
            logger.debug("connection attempt: %s", descr)
            try:
                conninfo = make_conninfo("", **attempt)
                gen = cls._connect_gen(conninfo, timeout=timeout)
                rv = waiting.wait_conn(gen, interval=_WAIT_INTERVAL)
            except e.Error as ex:
                logger.debug("connection failed: %s: %s", descr, str(ex))
                conn_errors.append((ex, descr))
            except e._NO_TRACEBACK as ex:
                raise ex.with_traceback(None)
            else:
                logger.debug("connection succeeded: %s", descr)
                break
    
        if not rv:
            last_ex = conn_errors[-1][0]
            if len(conn_errors) == 1:
                raise last_ex.with_traceback(None)
    
            # Create a new exception with the same type as the last one, containing
            # all attempt errors while preserving backward compatibility.
            lines = [str(last_ex)]
            lines.append("Multiple connection attempts failed. All failures were:")
            lines.extend((f"- {descr}: {error}" for error, descr in conn_errors))
>           raise type(last_ex)("\n".join(lines)).with_traceback(None)
E           psycopg.OperationalError: connection failed: connection to server at "127.0.0.1", port 5432 failed: FATAL:  la autentificaci\ufffdn password fall\ufffd para el usuario \ufffdpostgres\ufffd
E           Multiple connection attempts failed. All failures were:
E           - host: 'localhost', port: '5432', hostaddr: '::1': connection failed: connection to server at "::1", port 5432 failed: FATAL:  la autentificaci\ufffdn password fall\ufffd para el usuario \ufffdpostgres\ufffd
E           - host: 'localhost', port: '5432', hostaddr: '127.0.0.1': connection failed: connection to server at "127.0.0.1", port 5432 failed: FATAL:  la autentificaci\ufffdn password fall\ufffd para el usuario \ufffdpostgres\ufffd

..\..\..\AppData\Roaming\Python\Python313\site-packages\psycopg\connection.py:127: OperationalError

The above exception was the direct cause of the following exception:

request = <SubRequest '_django_db_marker' for <Function test_registration_password_too_short[1234567]>>

    @pytest.fixture(autouse=True)
    def _django_db_marker(request: pytest.FixtureRequest) -> None:
        """Implement the django_db marker, internal to pytest-django."""
        marker = request.node.get_closest_marker("django_db")
        if marker:
>           request.getfixturevalue("_django_db_helper")

..\..\..\AppData\Roaming\Python\Python313\site-packages\pytest_django\plugin.py:527: 
_ _ _ _ _ _ _ _ _ _ _ _ _ _ _ _ _ _ _ _ _ _ _ _ _ _ _ _ _ _ _ _ _ _ _ _ _ _ _ _
..\..\..\AppData\Roaming\Python\Python313\site-packages\pytest_django\fixtures.py:140: in django_db_setup
    db_cfg = setup_databases(
..\..\..\AppData\Roaming\Python\Python313\site-packages\django\test\utils.py:204: in setup_databases
    connection.creation.create_test_db(
..\..\..\AppData\Roaming\Python\Python313\site-packages\django\db\backends\base\creation.py:62: in create_test_db
    self._create_test_db(verbosity, autoclobber, keepdb)
..\..\..\AppData\Roaming\Python\Python313\site-packages\django\db\backends\base\creation.py:202: in _create_test_db
    with self._nodb_cursor() as cursor:
C:\Python313\Lib\contextlib.py:141: in __enter__
    return next(self.gen)
..\..\..\AppData\Roaming\Python\Python313\site-packages\django\db\backends\postgresql\base.py:533: in _nodb_cursor
    with conn.cursor() as cursor:
..\..\..\AppData\Roaming\Python\Python313\site-packages\django\utils\asyncio.py:26: in inner
    return func(*args, **kwargs)
..\..\..\AppData\Roaming\Python\Python313\site-packages\django\db\backends\base\base.py:320: in cursor
    return self._cursor()
..\..\..\AppData\Roaming\Python\Python313\site-packages\django\db\backends\base\base.py:296: in _cursor
    self.ensure_connection()
..\..\..\AppData\Roaming\Python\Python313\site-packages\django\utils\asyncio.py:26: in inner
    return func(*args, **kwargs)
..\..\..\AppData\Roaming\Python\Python313\site-packages\django\db\backends\base\base.py:278: in ensure_connection
    with self.wrap_database_errors:
..\..\..\AppData\Roaming\Python\Python313\site-packages\django\db\utils.py:91: in __exit__
    raise dj_exc_value.with_traceback(traceback) from exc_value
..\..\..\AppData\Roaming\Python\Python313\site-packages\django\db\backends\base\base.py:279: in ensure_connection
    self.connect()
..\..\..\AppData\Roaming\Python\Python313\site-packages\django\utils\asyncio.py:26: in inner
    return func(*args, **kwargs)
..\..\..\AppData\Roaming\Python\Python313\site-packages\django\db\backends\base\base.py:256: in connect
    self.connection = self.get_new_connection(conn_params)
..\..\..\AppData\Roaming\Python\Python313\site-packages\django\utils\asyncio.py:26: in inner
    return func(*args, **kwargs)
..\..\..\AppData\Roaming\Python\Python313\site-packages\django\db\backends\postgresql\base.py:332: in get_new_connection
    connection = self.Database.connect(**conn_params)
_ _ _ _ _ _ _ _ _ _ _ _ _ _ _ _ _ _ _ _ _ _ _ _ _ _ _ _ _ _ _ _ _ _ _ _ _ _ _ _

cls = <class 'psycopg.Connection'>
conninfo = 'dbname=ruffles_db client_encoding=UTF8 user=postgres password=postgres host=localhost port=5432 hostaddr=127.0.0.1'
autocommit = False, prepare_threshold = None
context = <psycopg.adapt.AdaptersMap object at 0x000001CEB3E42350>
row_factory = None
cursor_factory = <class 'django.db.backends.postgresql.base.Cursor'>
kwargs = {'client_encoding': 'UTF8', 'dbname': 'ruffles_db', 'host': 'localhost', 'password': 'postgres', ...}
params = {'client_encoding': 'UTF8', 'dbname': 'ruffles_db', 'host': 'localhost', 'password': 'postgres', ...}
timeout = 130

    @classmethod
    def connect(
        cls,
        conninfo: str = "",
        *,
        autocommit: bool = False,
        prepare_threshold: int | None = 5,
        context: AdaptContext | None = None,
        row_factory: RowFactory[Row] | None = None,
        cursor_factory: type[Cursor[Row]] | None = None,
        **kwargs: ConnParam,
    ) -> Self:
        """
        Connect to a database server and return a new `Connection` instance.
        """
    
        params = cls._get_connection_params(conninfo, **kwargs)
        timeout = timeout_from_conninfo(params)
        rv = None
        attempts = conninfo_attempts(params)
        conn_errors: list[tuple[e.Error, str]] = []
        for attempt in attempts:
            tdescr = (attempt.get("host"), attempt.get("port"), attempt.get("hostaddr"))
            descr = "host: %r, port: %r, hostaddr: %r" % tdescr
            logger.debug("connection attempt: %s", descr)
            try:
                conninfo = make_conninfo("", **attempt)
                gen = cls._connect_gen(conninfo, timeout=timeout)
                rv = waiting.wait_conn(gen, interval=_WAIT_INTERVAL)
            except e.Error as ex:
                logger.debug("connection failed: %s: %s", descr, str(ex))
                conn_errors.append((ex, descr))
            except e._NO_TRACEBACK as ex:
                raise ex.with_traceback(None)
            else:
                logger.debug("connection succeeded: %s", descr)
                break
    
        if not rv:
            last_ex = conn_errors[-1][0]
            if len(conn_errors) == 1:
                raise last_ex.with_traceback(None)
    
            # Create a new exception with the same type as the last one, containing
            # all attempt errors while preserving backward compatibility.
            lines = [str(last_ex)]
            lines.append("Multiple connection attempts failed. All failures were:")
            lines.extend((f"- {descr}: {error}" for error, descr in conn_errors))
>           raise type(last_ex)("\n".join(lines)).with_traceback(None)
E           django.db.utils.OperationalError: connection failed: connection to server at "127.0.0.1", port 5432 failed: FATAL:  la autentificaci\ufffdn password fall\ufffd para el usuario \ufffdpostgres\ufffd
E           Multiple connection attempts failed. All failures were:
E           - host: 'localhost', port: '5432', hostaddr: '::1': connection failed: connection to server at "::1", port 5432 failed: FATAL:  la autentificaci\ufffdn password fall\ufffd para el usuario \ufffdpostgres\ufffd
E           - host: 'localhost', port: '5432', hostaddr: '127.0.0.1': connection failed: connection to server at "127.0.0.1", port 5432 failed: FATAL:  la autentificaci\ufffdn password fall\ufffd para el usuario \ufffdpostgres\ufffd

..\..\..\AppData\Roaming\Python\Python313\site-packages\psycopg\connection.py:127: OperationalError
_ ERROR at setup of test_registration_rejects_admin_flags_and_does_not_escalate_privileges _

self = <DatabaseWrapper vendor='postgresql' alias='__no_db__'>

    @async_unsafe
    def ensure_connection(self):
        """Guarantee that a connection to the database is established."""
        if self.connection is None:
            if self.in_atomic_block and self.closed_in_transaction:
                raise ProgrammingError(
                    "Cannot open a new connection in an atomic block."
                )
            with self.wrap_database_errors:
>               self.connect()

..\..\..\AppData\Roaming\Python\Python313\site-packages\django\db\backends\base\base.py:279: 
_ _ _ _ _ _ _ _ _ _ _ _ _ _ _ _ _ _ _ _ _ _ _ _ _ _ _ _ _ _ _ _ _ _ _ _ _ _ _ _
..\..\..\AppData\Roaming\Python\Python313\site-packages\django\utils\asyncio.py:26: in inner
    return func(*args, **kwargs)
..\..\..\AppData\Roaming\Python\Python313\site-packages\django\db\backends\base\base.py:256: in connect
    self.connection = self.get_new_connection(conn_params)
..\..\..\AppData\Roaming\Python\Python313\site-packages\django\utils\asyncio.py:26: in inner
    return func(*args, **kwargs)
..\..\..\AppData\Roaming\Python\Python313\site-packages\django\db\backends\postgresql\base.py:332: in get_new_connection
    connection = self.Database.connect(**conn_params)
_ _ _ _ _ _ _ _ _ _ _ _ _ _ _ _ _ _ _ _ _ _ _ _ _ _ _ _ _ _ _ _ _ _ _ _ _ _ _ _

cls = <class 'psycopg.Connection'>
conninfo = 'dbname=postgres client_encoding=UTF8 user=postgres password=postgres host=localhost port=5432 hostaddr=127.0.0.1'
autocommit = False, prepare_threshold = None
context = <psycopg.adapt.AdaptersMap object at 0x000001CEB3E42350>
row_factory = None
cursor_factory = <class 'django.db.backends.postgresql.base.Cursor'>
kwargs = {'client_encoding': 'UTF8', 'dbname': 'postgres', 'host': 'localhost', 'password': 'postgres', ...}
params = {'client_encoding': 'UTF8', 'dbname': 'postgres', 'host': 'localhost', 'password': 'postgres', ...}
timeout = 130

    @classmethod
    def connect(
        cls,
        conninfo: str = "",
        *,
        autocommit: bool = False,
        prepare_threshold: int | None = 5,
        context: AdaptContext | None = None,
        row_factory: RowFactory[Row] | None = None,
        cursor_factory: type[Cursor[Row]] | None = None,
        **kwargs: ConnParam,
    ) -> Self:
        """
        Connect to a database server and return a new `Connection` instance.
        """
    
        params = cls._get_connection_params(conninfo, **kwargs)
        timeout = timeout_from_conninfo(params)
        rv = None
        attempts = conninfo_attempts(params)
        conn_errors: list[tuple[e.Error, str]] = []
        for attempt in attempts:
            tdescr = (attempt.get("host"), attempt.get("port"), attempt.get("hostaddr"))
            descr = "host: %r, port: %r, hostaddr: %r" % tdescr
            logger.debug("connection attempt: %s", descr)
            try:
                conninfo = make_conninfo("", **attempt)
                gen = cls._connect_gen(conninfo, timeout=timeout)
                rv = waiting.wait_conn(gen, interval=_WAIT_INTERVAL)
            except e.Error as ex:
                logger.debug("connection failed: %s: %s", descr, str(ex))
                conn_errors.append((ex, descr))
            except e._NO_TRACEBACK as ex:
                raise ex.with_traceback(None)
            else:
                logger.debug("connection succeeded: %s", descr)
                break
    
        if not rv:
            last_ex = conn_errors[-1][0]
            if len(conn_errors) == 1:
                raise last_ex.with_traceback(None)
    
            # Create a new exception with the same type as the last one, containing
            # all attempt errors while preserving backward compatibility.
            lines = [str(last_ex)]
            lines.append("Multiple connection attempts failed. All failures were:")
            lines.extend((f"- {descr}: {error}" for error, descr in conn_errors))
>           raise type(last_ex)("\n".join(lines)).with_traceback(None)
E           psycopg.OperationalError: connection failed: connection to server at "127.0.0.1", port 5432 failed: FATAL:  la autentificaci\ufffdn password fall\ufffd para el usuario \ufffdpostgres\ufffd
E           Multiple connection attempts failed. All failures were:
E           - host: 'localhost', port: '5432', hostaddr: '::1': connection failed: connection to server at "::1", port 5432 failed: FATAL:  la autentificaci\ufffdn password fall\ufffd para el usuario \ufffdpostgres\ufffd
E           - host: 'localhost', port: '5432', hostaddr: '127.0.0.1': connection failed: connection to server at "127.0.0.1", port 5432 failed: FATAL:  la autentificaci\ufffdn password fall\ufffd para el usuario \ufffdpostgres\ufffd

..\..\..\AppData\Roaming\Python\Python313\site-packages\psycopg\connection.py:127: OperationalError

The above exception was the direct cause of the following exception:

self = <DatabaseWrapper vendor='postgresql' alias='default'>

    @contextmanager
    def _nodb_cursor(self):
        cursor = None
        try:
>           with super()._nodb_cursor() as cursor:

..\..\..\AppData\Roaming\Python\Python313\site-packages\django\db\backends\postgresql\base.py:507: 
_ _ _ _ _ _ _ _ _ _ _ _ _ _ _ _ _ _ _ _ _ _ _ _ _ _ _ _ _ _ _ _ _ _ _ _ _ _ _ _
C:\Python313\Lib\contextlib.py:141: in __enter__
    return next(self.gen)
..\..\..\AppData\Roaming\Python\Python313\site-packages\django\db\backends\base\base.py:712: in _nodb_cursor
    with conn.cursor() as cursor:
..\..\..\AppData\Roaming\Python\Python313\site-packages\django\utils\asyncio.py:26: in inner
    return func(*args, **kwargs)
..\..\..\AppData\Roaming\Python\Python313\site-packages\django\db\backends\base\base.py:320: in cursor
    return self._cursor()
..\..\..\AppData\Roaming\Python\Python313\site-packages\django\db\backends\base\base.py:296: in _cursor
    self.ensure_connection()
..\..\..\AppData\Roaming\Python\Python313\site-packages\django\utils\asyncio.py:26: in inner
    return func(*args, **kwargs)
..\..\..\AppData\Roaming\Python\Python313\site-packages\django\db\backends\base\base.py:278: in ensure_connection
    with self.wrap_database_errors:
..\..\..\AppData\Roaming\Python\Python313\site-packages\django\db\utils.py:91: in __exit__
    raise dj_exc_value.with_traceback(traceback) from exc_value
..\..\..\AppData\Roaming\Python\Python313\site-packages\django\db\backends\base\base.py:279: in ensure_connection
    self.connect()
..\..\..\AppData\Roaming\Python\Python313\site-packages\django\utils\asyncio.py:26: in inner
    return func(*args, **kwargs)
..\..\..\AppData\Roaming\Python\Python313\site-packages\django\db\backends\base\base.py:256: in connect
    self.connection = self.get_new_connection(conn_params)
..\..\..\AppData\Roaming\Python\Python313\site-packages\django\utils\asyncio.py:26: in inner
    return func(*args, **kwargs)
..\..\..\AppData\Roaming\Python\Python313\site-packages\django\db\backends\postgresql\base.py:332: in get_new_connection
    connection = self.Database.connect(**conn_params)
_ _ _ _ _ _ _ _ _ _ _ _ _ _ _ _ _ _ _ _ _ _ _ _ _ _ _ _ _ _ _ _ _ _ _ _ _ _ _ _

cls = <class 'psycopg.Connection'>
conninfo = 'dbname=postgres client_encoding=UTF8 user=postgres password=postgres host=localhost port=5432 hostaddr=127.0.0.1'
autocommit = False, prepare_threshold = None
context = <psycopg.adapt.AdaptersMap object at 0x000001CEB3E42350>
row_factory = None
cursor_factory = <class 'django.db.backends.postgresql.base.Cursor'>
kwargs = {'client_encoding': 'UTF8', 'dbname': 'postgres', 'host': 'localhost', 'password': 'postgres', ...}
params = {'client_encoding': 'UTF8', 'dbname': 'postgres', 'host': 'localhost', 'password': 'postgres', ...}
timeout = 130

    @classmethod
    def connect(
        cls,
        conninfo: str = "",
        *,
        autocommit: bool = False,
        prepare_threshold: int | None = 5,
        context: AdaptContext | None = None,
        row_factory: RowFactory[Row] | None = None,
        cursor_factory: type[Cursor[Row]] | None = None,
        **kwargs: ConnParam,
    ) -> Self:
        """
        Connect to a database server and return a new `Connection` instance.
        """
    
        params = cls._get_connection_params(conninfo, **kwargs)
        timeout = timeout_from_conninfo(params)
        rv = None
        attempts = conninfo_attempts(params)
        conn_errors: list[tuple[e.Error, str]] = []
        for attempt in attempts:
            tdescr = (attempt.get("host"), attempt.get("port"), attempt.get("hostaddr"))
            descr = "host: %r, port: %r, hostaddr: %r" % tdescr
            logger.debug("connection attempt: %s", descr)
            try:
                conninfo = make_conninfo("", **attempt)
                gen = cls._connect_gen(conninfo, timeout=timeout)
                rv = waiting.wait_conn(gen, interval=_WAIT_INTERVAL)
            except e.Error as ex:
                logger.debug("connection failed: %s: %s", descr, str(ex))
                conn_errors.append((ex, descr))
            except e._NO_TRACEBACK as ex:
                raise ex.with_traceback(None)
            else:
                logger.debug("connection succeeded: %s", descr)
                break
    
        if not rv:
            last_ex = conn_errors[-1][0]
            if len(conn_errors) == 1:
                raise last_ex.with_traceback(None)
    
            # Create a new exception with the same type as the last one, containing
            # all attempt errors while preserving backward compatibility.
            lines = [str(last_ex)]
            lines.append("Multiple connection attempts failed. All failures were:")
            lines.extend((f"- {descr}: {error}" for error, descr in conn_errors))
>           raise type(last_ex)("\n".join(lines)).with_traceback(None)
E           django.db.utils.OperationalError: connection failed: connection to server at "127.0.0.1", port 5432 failed: FATAL:  la autentificaci\ufffdn password fall\ufffd para el usuario \ufffdpostgres\ufffd
E           Multiple connection attempts failed. All failures were:
E           - host: 'localhost', port: '5432', hostaddr: '::1': connection failed: connection to server at "::1", port 5432 failed: FATAL:  la autentificaci\ufffdn password fall\ufffd para el usuario \ufffdpostgres\ufffd
E           - host: 'localhost', port: '5432', hostaddr: '127.0.0.1': connection failed: connection to server at "127.0.0.1", port 5432 failed: FATAL:  la autentificaci\ufffdn password fall\ufffd para el usuario \ufffdpostgres\ufffd

..\..\..\AppData\Roaming\Python\Python313\site-packages\psycopg\connection.py:127: OperationalError

During handling of the above exception, another exception occurred:

self = <DatabaseWrapper vendor='postgresql' alias='default'>

    @async_unsafe
    def ensure_connection(self):
        """Guarantee that a connection to the database is established."""
        if self.connection is None:
            if self.in_atomic_block and self.closed_in_transaction:
                raise ProgrammingError(
                    "Cannot open a new connection in an atomic block."
                )
            with self.wrap_database_errors:
>               self.connect()

..\..\..\AppData\Roaming\Python\Python313\site-packages\django\db\backends\base\base.py:279: 
_ _ _ _ _ _ _ _ _ _ _ _ _ _ _ _ _ _ _ _ _ _ _ _ _ _ _ _ _ _ _ _ _ _ _ _ _ _ _ _
..\..\..\AppData\Roaming\Python\Python313\site-packages\django\utils\asyncio.py:26: in inner
    return func(*args, **kwargs)
..\..\..\AppData\Roaming\Python\Python313\site-packages\django\db\backends\base\base.py:256: in connect
    self.connection = self.get_new_connection(conn_params)
..\..\..\AppData\Roaming\Python\Python313\site-packages\django\utils\asyncio.py:26: in inner
    return func(*args, **kwargs)
..\..\..\AppData\Roaming\Python\Python313\site-packages\django\db\backends\postgresql\base.py:332: in get_new_connection
    connection = self.Database.connect(**conn_params)
_ _ _ _ _ _ _ _ _ _ _ _ _ _ _ _ _ _ _ _ _ _ _ _ _ _ _ _ _ _ _ _ _ _ _ _ _ _ _ _

cls = <class 'psycopg.Connection'>
conninfo = 'dbname=ruffles_db client_encoding=UTF8 user=postgres password=postgres host=localhost port=5432 hostaddr=127.0.0.1'
autocommit = False, prepare_threshold = None
context = <psycopg.adapt.AdaptersMap object at 0x000001CEB3E42350>
row_factory = None
cursor_factory = <class 'django.db.backends.postgresql.base.Cursor'>
kwargs = {'client_encoding': 'UTF8', 'dbname': 'ruffles_db', 'host': 'localhost', 'password': 'postgres', ...}
params = {'client_encoding': 'UTF8', 'dbname': 'ruffles_db', 'host': 'localhost', 'password': 'postgres', ...}
timeout = 130

    @classmethod
    def connect(
        cls,
        conninfo: str = "",
        *,
        autocommit: bool = False,
        prepare_threshold: int | None = 5,
        context: AdaptContext | None = None,
        row_factory: RowFactory[Row] | None = None,
        cursor_factory: type[Cursor[Row]] | None = None,
        **kwargs: ConnParam,
    ) -> Self:
        """
        Connect to a database server and return a new `Connection` instance.
        """
    
        params = cls._get_connection_params(conninfo, **kwargs)
        timeout = timeout_from_conninfo(params)
        rv = None
        attempts = conninfo_attempts(params)
        conn_errors: list[tuple[e.Error, str]] = []
        for attempt in attempts:
            tdescr = (attempt.get("host"), attempt.get("port"), attempt.get("hostaddr"))
            descr = "host: %r, port: %r, hostaddr: %r" % tdescr
            logger.debug("connection attempt: %s", descr)
            try:
                conninfo = make_conninfo("", **attempt)
                gen = cls._connect_gen(conninfo, timeout=timeout)
                rv = waiting.wait_conn(gen, interval=_WAIT_INTERVAL)
            except e.Error as ex:
                logger.debug("connection failed: %s: %s", descr, str(ex))
                conn_errors.append((ex, descr))
            except e._NO_TRACEBACK as ex:
                raise ex.with_traceback(None)
            else:
                logger.debug("connection succeeded: %s", descr)
                break
    
        if not rv:
            last_ex = conn_errors[-1][0]
            if len(conn_errors) == 1:
                raise last_ex.with_traceback(None)
    
            # Create a new exception with the same type as the last one, containing
            # all attempt errors while preserving backward compatibility.
            lines = [str(last_ex)]
            lines.append("Multiple connection attempts failed. All failures were:")
            lines.extend((f"- {descr}: {error}" for error, descr in conn_errors))
>           raise type(last_ex)("\n".join(lines)).with_traceback(None)
E           psycopg.OperationalError: connection failed: connection to server at "127.0.0.1", port 5432 failed: FATAL:  la autentificaci\ufffdn password fall\ufffd para el usuario \ufffdpostgres\ufffd
E           Multiple connection attempts failed. All failures were:
E           - host: 'localhost', port: '5432', hostaddr: '::1': connection failed: connection to server at "::1", port 5432 failed: FATAL:  la autentificaci\ufffdn password fall\ufffd para el usuario \ufffdpostgres\ufffd
E           - host: 'localhost', port: '5432', hostaddr: '127.0.0.1': connection failed: connection to server at "127.0.0.1", port 5432 failed: FATAL:  la autentificaci\ufffdn password fall\ufffd para el usuario \ufffdpostgres\ufffd

..\..\..\AppData\Roaming\Python\Python313\site-packages\psycopg\connection.py:127: OperationalError

The above exception was the direct cause of the following exception:

request = <SubRequest '_django_db_marker' for <Function test_registration_rejects_admin_flags_and_does_not_escalate_privileges>>

    @pytest.fixture(autouse=True)
    def _django_db_marker(request: pytest.FixtureRequest) -> None:
        """Implement the django_db marker, internal to pytest-django."""
        marker = request.node.get_closest_marker("django_db")
        if marker:
>           request.getfixturevalue("_django_db_helper")

..\..\..\AppData\Roaming\Python\Python313\site-packages\pytest_django\plugin.py:527: 
_ _ _ _ _ _ _ _ _ _ _ _ _ _ _ _ _ _ _ _ _ _ _ _ _ _ _ _ _ _ _ _ _ _ _ _ _ _ _ _
..\..\..\AppData\Roaming\Python\Python313\site-packages\pytest_django\fixtures.py:140: in django_db_setup
    db_cfg = setup_databases(
..\..\..\AppData\Roaming\Python\Python313\site-packages\django\test\utils.py:204: in setup_databases
    connection.creation.create_test_db(
..\..\..\AppData\Roaming\Python\Python313\site-packages\django\db\backends\base\creation.py:62: in create_test_db
    self._create_test_db(verbosity, autoclobber, keepdb)
..\..\..\AppData\Roaming\Python\Python313\site-packages\django\db\backends\base\creation.py:202: in _create_test_db
    with self._nodb_cursor() as cursor:
C:\Python313\Lib\contextlib.py:141: in __enter__
    return next(self.gen)
..\..\..\AppData\Roaming\Python\Python313\site-packages\django\db\backends\postgresql\base.py:533: in _nodb_cursor
    with conn.cursor() as cursor:
..\..\..\AppData\Roaming\Python\Python313\site-packages\django\utils\asyncio.py:26: in inner
    return func(*args, **kwargs)
..\..\..\AppData\Roaming\Python\Python313\site-packages\django\db\backends\base\base.py:320: in cursor
    return self._cursor()
..\..\..\AppData\Roaming\Python\Python313\site-packages\django\db\backends\base\base.py:296: in _cursor
    self.ensure_connection()
..\..\..\AppData\Roaming\Python\Python313\site-packages\django\utils\asyncio.py:26: in inner
    return func(*args, **kwargs)
..\..\..\AppData\Roaming\Python\Python313\site-packages\django\db\backends\base\base.py:278: in ensure_connection
    with self.wrap_database_errors:
..\..\..\AppData\Roaming\Python\Python313\site-packages\django\db\utils.py:91: in __exit__
    raise dj_exc_value.with_traceback(traceback) from exc_value
..\..\..\AppData\Roaming\Python\Python313\site-packages\django\db\backends\base\base.py:279: in ensure_connection
    self.connect()
..\..\..\AppData\Roaming\Python\Python313\site-packages\django\utils\asyncio.py:26: in inner
    return func(*args, **kwargs)
..\..\..\AppData\Roaming\Python\Python313\site-packages\django\db\backends\base\base.py:256: in connect
    self.connection = self.get_new_connection(conn_params)
..\..\..\AppData\Roaming\Python\Python313\site-packages\django\utils\asyncio.py:26: in inner
    return func(*args, **kwargs)
..\..\..\AppData\Roaming\Python\Python313\site-packages\django\db\backends\postgresql\base.py:332: in get_new_connection
    connection = self.Database.connect(**conn_params)
_ _ _ _ _ _ _ _ _ _ _ _ _ _ _ _ _ _ _ _ _ _ _ _ _ _ _ _ _ _ _ _ _ _ _ _ _ _ _ _

cls = <class 'psycopg.Connection'>
conninfo = 'dbname=ruffles_db client_encoding=UTF8 user=postgres password=postgres host=localhost port=5432 hostaddr=127.0.0.1'
autocommit = False, prepare_threshold = None
context = <psycopg.adapt.AdaptersMap object at 0x000001CEB3E42350>
row_factory = None
cursor_factory = <class 'django.db.backends.postgresql.base.Cursor'>
kwargs = {'client_encoding': 'UTF8', 'dbname': 'ruffles_db', 'host': 'localhost', 'password': 'postgres', ...}
params = {'client_encoding': 'UTF8', 'dbname': 'ruffles_db', 'host': 'localhost', 'password': 'postgres', ...}
timeout = 130

    @classmethod
    def connect(
        cls,
        conninfo: str = "",
        *,
        autocommit: bool = False,
        prepare_threshold: int | None = 5,
        context: AdaptContext | None = None,
        row_factory: RowFactory[Row] | None = None,
        cursor_factory: type[Cursor[Row]] | None = None,
        **kwargs: ConnParam,
    ) -> Self:
        """
        Connect to a database server and return a new `Connection` instance.
        """
    
        params = cls._get_connection_params(conninfo, **kwargs)
        timeout = timeout_from_conninfo(params)
        rv = None
        attempts = conninfo_attempts(params)
        conn_errors: list[tuple[e.Error, str]] = []
        for attempt in attempts:
            tdescr = (attempt.get("host"), attempt.get("port"), attempt.get("hostaddr"))
            descr = "host: %r, port: %r, hostaddr: %r" % tdescr
            logger.debug("connection attempt: %s", descr)
            try:
                conninfo = make_conninfo("", **attempt)
                gen = cls._connect_gen(conninfo, timeout=timeout)
                rv = waiting.wait_conn(gen, interval=_WAIT_INTERVAL)
            except e.Error as ex:
                logger.debug("connection failed: %s: %s", descr, str(ex))
                conn_errors.append((ex, descr))
            except e._NO_TRACEBACK as ex:
                raise ex.with_traceback(None)
            else:
                logger.debug("connection succeeded: %s", descr)
                break
    
        if not rv:
            last_ex = conn_errors[-1][0]
            if len(conn_errors) == 1:
                raise last_ex.with_traceback(None)
    
            # Create a new exception with the same type as the last one, containing
            # all attempt errors while preserving backward compatibility.
            lines = [str(last_ex)]
            lines.append("Multiple connection attempts failed. All failures were:")
            lines.extend((f"- {descr}: {error}" for error, descr in conn_errors))
>           raise type(last_ex)("\n".join(lines)).with_traceback(None)
E           django.db.utils.OperationalError: connection failed: connection to server at "127.0.0.1", port 5432 failed: FATAL:  la autentificaci\ufffdn password fall\ufffd para el usuario \ufffdpostgres\ufffd
E           Multiple connection attempts failed. All failures were:
E           - host: 'localhost', port: '5432', hostaddr: '::1': connection failed: connection to server at "::1", port 5432 failed: FATAL:  la autentificaci\ufffdn password fall\ufffd para el usuario \ufffdpostgres\ufffd
E           - host: 'localhost', port: '5432', hostaddr: '127.0.0.1': connection failed: connection to server at "127.0.0.1", port 5432 failed: FATAL:  la autentificaci\ufffdn password fall\ufffd para el usuario \ufffdpostgres\ufffd

..\..\..\AppData\Roaming\Python\Python313\site-packages\psycopg\connection.py:127: OperationalError
__ ERROR at setup of test_registration_cannot_create_organizer_without_auth ___

self = <DatabaseWrapper vendor='postgresql' alias='__no_db__'>

    @async_unsafe
    def ensure_connection(self):
        """Guarantee that a connection to the database is established."""
        if self.connection is None:
            if self.in_atomic_block and self.closed_in_transaction:
                raise ProgrammingError(
                    "Cannot open a new connection in an atomic block."
                )
            with self.wrap_database_errors:
>               self.connect()

..\..\..\AppData\Roaming\Python\Python313\site-packages\django\db\backends\base\base.py:279: 
_ _ _ _ _ _ _ _ _ _ _ _ _ _ _ _ _ _ _ _ _ _ _ _ _ _ _ _ _ _ _ _ _ _ _ _ _ _ _ _
..\..\..\AppData\Roaming\Python\Python313\site-packages\django\utils\asyncio.py:26: in inner
    return func(*args, **kwargs)
..\..\..\AppData\Roaming\Python\Python313\site-packages\django\db\backends\base\base.py:256: in connect
    self.connection = self.get_new_connection(conn_params)
..\..\..\AppData\Roaming\Python\Python313\site-packages\django\utils\asyncio.py:26: in inner
    return func(*args, **kwargs)
..\..\..\AppData\Roaming\Python\Python313\site-packages\django\db\backends\postgresql\base.py:332: in get_new_connection
    connection = self.Database.connect(**conn_params)
_ _ _ _ _ _ _ _ _ _ _ _ _ _ _ _ _ _ _ _ _ _ _ _ _ _ _ _ _ _ _ _ _ _ _ _ _ _ _ _

cls = <class 'psycopg.Connection'>
conninfo = 'dbname=postgres client_encoding=UTF8 user=postgres password=postgres host=localhost port=5432 hostaddr=127.0.0.1'
autocommit = False, prepare_threshold = None
context = <psycopg.adapt.AdaptersMap object at 0x000001CEB3E42350>
row_factory = None
cursor_factory = <class 'django.db.backends.postgresql.base.Cursor'>
kwargs = {'client_encoding': 'UTF8', 'dbname': 'postgres', 'host': 'localhost', 'password': 'postgres', ...}
params = {'client_encoding': 'UTF8', 'dbname': 'postgres', 'host': 'localhost', 'password': 'postgres', ...}
timeout = 130

    @classmethod
    def connect(
        cls,
        conninfo: str = "",
        *,
        autocommit: bool = False,
        prepare_threshold: int | None = 5,
        context: AdaptContext | None = None,
        row_factory: RowFactory[Row] | None = None,
        cursor_factory: type[Cursor[Row]] | None = None,
        **kwargs: ConnParam,
    ) -> Self:
        """
        Connect to a database server and return a new `Connection` instance.
        """
    
        params = cls._get_connection_params(conninfo, **kwargs)
        timeout = timeout_from_conninfo(params)
        rv = None
        attempts = conninfo_attempts(params)
        conn_errors: list[tuple[e.Error, str]] = []
        for attempt in attempts:
            tdescr = (attempt.get("host"), attempt.get("port"), attempt.get("hostaddr"))
            descr = "host: %r, port: %r, hostaddr: %r" % tdescr
            logger.debug("connection attempt: %s", descr)
            try:
                conninfo = make_conninfo("", **attempt)
                gen = cls._connect_gen(conninfo, timeout=timeout)
                rv = waiting.wait_conn(gen, interval=_WAIT_INTERVAL)
            except e.Error as ex:
                logger.debug("connection failed: %s: %s", descr, str(ex))
                conn_errors.append((ex, descr))
            except e._NO_TRACEBACK as ex:
                raise ex.with_traceback(None)
            else:
                logger.debug("connection succeeded: %s", descr)
                break
    
        if not rv:
            last_ex = conn_errors[-1][0]
            if len(conn_errors) == 1:
                raise last_ex.with_traceback(None)
    
            # Create a new exception with the same type as the last one, containing
            # all attempt errors while preserving backward compatibility.
            lines = [str(last_ex)]
            lines.append("Multiple connection attempts failed. All failures were:")
            lines.extend((f"- {descr}: {error}" for error, descr in conn_errors))
>           raise type(last_ex)("\n".join(lines)).with_traceback(None)
E           psycopg.OperationalError: connection failed: connection to server at "127.0.0.1", port 5432 failed: FATAL:  la autentificaci\ufffdn password fall\ufffd para el usuario \ufffdpostgres\ufffd
E           Multiple connection attempts failed. All failures were:
E           - host: 'localhost', port: '5432', hostaddr: '::1': connection failed: connection to server at "::1", port 5432 failed: FATAL:  la autentificaci\ufffdn password fall\ufffd para el usuario \ufffdpostgres\ufffd
E           - host: 'localhost', port: '5432', hostaddr: '127.0.0.1': connection failed: connection to server at "127.0.0.1", port 5432 failed: FATAL:  la autentificaci\ufffdn password fall\ufffd para el usuario \ufffdpostgres\ufffd

..\..\..\AppData\Roaming\Python\Python313\site-packages\psycopg\connection.py:127: OperationalError

The above exception was the direct cause of the following exception:

self = <DatabaseWrapper vendor='postgresql' alias='default'>

    @contextmanager
    def _nodb_cursor(self):
        cursor = None
        try:
>           with super()._nodb_cursor() as cursor:

..\..\..\AppData\Roaming\Python\Python313\site-packages\django\db\backends\postgresql\base.py:507: 
_ _ _ _ _ _ _ _ _ _ _ _ _ _ _ _ _ _ _ _ _ _ _ _ _ _ _ _ _ _ _ _ _ _ _ _ _ _ _ _
C:\Python313\Lib\contextlib.py:141: in __enter__
    return next(self.gen)
..\..\..\AppData\Roaming\Python\Python313\site-packages\django\db\backends\base\base.py:712: in _nodb_cursor
    with conn.cursor() as cursor:
..\..\..\AppData\Roaming\Python\Python313\site-packages\django\utils\asyncio.py:26: in inner
    return func(*args, **kwargs)
..\..\..\AppData\Roaming\Python\Python313\site-packages\django\db\backends\base\base.py:320: in cursor
    return self._cursor()
..\..\..\AppData\Roaming\Python\Python313\site-packages\django\db\backends\base\base.py:296: in _cursor
    self.ensure_connection()
..\..\..\AppData\Roaming\Python\Python313\site-packages\django\utils\asyncio.py:26: in inner
    return func(*args, **kwargs)
..\..\..\AppData\Roaming\Python\Python313\site-packages\django\db\backends\base\base.py:278: in ensure_connection
    with self.wrap_database_errors:
..\..\..\AppData\Roaming\Python\Python313\site-packages\django\db\utils.py:91: in __exit__
    raise dj_exc_value.with_traceback(traceback) from exc_value
..\..\..\AppData\Roaming\Python\Python313\site-packages\django\db\backends\base\base.py:279: in ensure_connection
    self.connect()
..\..\..\AppData\Roaming\Python\Python313\site-packages\django\utils\asyncio.py:26: in inner
    return func(*args, **kwargs)
..\..\..\AppData\Roaming\Python\Python313\site-packages\django\db\backends\base\base.py:256: in connect
    self.connection = self.get_new_connection(conn_params)
..\..\..\AppData\Roaming\Python\Python313\site-packages\django\utils\asyncio.py:26: in inner
    return func(*args, **kwargs)
..\..\..\AppData\Roaming\Python\Python313\site-packages\django\db\backends\postgresql\base.py:332: in get_new_connection
    connection = self.Database.connect(**conn_params)
_ _ _ _ _ _ _ _ _ _ _ _ _ _ _ _ _ _ _ _ _ _ _ _ _ _ _ _ _ _ _ _ _ _ _ _ _ _ _ _

cls = <class 'psycopg.Connection'>
conninfo = 'dbname=postgres client_encoding=UTF8 user=postgres password=postgres host=localhost port=5432 hostaddr=127.0.0.1'
autocommit = False, prepare_threshold = None
context = <psycopg.adapt.AdaptersMap object at 0x000001CEB3E42350>
row_factory = None
cursor_factory = <class 'django.db.backends.postgresql.base.Cursor'>
kwargs = {'client_encoding': 'UTF8', 'dbname': 'postgres', 'host': 'localhost', 'password': 'postgres', ...}
params = {'client_encoding': 'UTF8', 'dbname': 'postgres', 'host': 'localhost', 'password': 'postgres', ...}
timeout = 130

    @classmethod
    def connect(
        cls,
        conninfo: str = "",
        *,
        autocommit: bool = False,
        prepare_threshold: int | None = 5,
        context: AdaptContext | None = None,
        row_factory: RowFactory[Row] | None = None,
        cursor_factory: type[Cursor[Row]] | None = None,
        **kwargs: ConnParam,
    ) -> Self:
        """
        Connect to a database server and return a new `Connection` instance.
        """
    
        params = cls._get_connection_params(conninfo, **kwargs)
        timeout = timeout_from_conninfo(params)
        rv = None
        attempts = conninfo_attempts(params)
        conn_errors: list[tuple[e.Error, str]] = []
        for attempt in attempts:
            tdescr = (attempt.get("host"), attempt.get("port"), attempt.get("hostaddr"))
            descr = "host: %r, port: %r, hostaddr: %r" % tdescr
            logger.debug("connection attempt: %s", descr)
            try:
                conninfo = make_conninfo("", **attempt)
                gen = cls._connect_gen(conninfo, timeout=timeout)
                rv = waiting.wait_conn(gen, interval=_WAIT_INTERVAL)
            except e.Error as ex:
                logger.debug("connection failed: %s: %s", descr, str(ex))
                conn_errors.append((ex, descr))
            except e._NO_TRACEBACK as ex:
                raise ex.with_traceback(None)
            else:
                logger.debug("connection succeeded: %s", descr)
                break
    
        if not rv:
            last_ex = conn_errors[-1][0]
            if len(conn_errors) == 1:
                raise last_ex.with_traceback(None)
    
            # Create a new exception with the same type as the last one, containing
            # all attempt errors while preserving backward compatibility.
            lines = [str(last_ex)]
            lines.append("Multiple connection attempts failed. All failures were:")
            lines.extend((f"- {descr}: {error}" for error, descr in conn_errors))
>           raise type(last_ex)("\n".join(lines)).with_traceback(None)
E           django.db.utils.OperationalError: connection failed: connection to server at "127.0.0.1", port 5432 failed: FATAL:  la autentificaci\ufffdn password fall\ufffd para el usuario \ufffdpostgres\ufffd
E           Multiple connection attempts failed. All failures were:
E           - host: 'localhost', port: '5432', hostaddr: '::1': connection failed: connection to server at "::1", port 5432 failed: FATAL:  la autentificaci\ufffdn password fall\ufffd para el usuario \ufffdpostgres\ufffd
E           - host: 'localhost', port: '5432', hostaddr: '127.0.0.1': connection failed: connection to server at "127.0.0.1", port 5432 failed: FATAL:  la autentificaci\ufffdn password fall\ufffd para el usuario \ufffdpostgres\ufffd

..\..\..\AppData\Roaming\Python\Python313\site-packages\psycopg\connection.py:127: OperationalError

During handling of the above exception, another exception occurred:

self = <DatabaseWrapper vendor='postgresql' alias='default'>

    @async_unsafe
    def ensure_connection(self):
        """Guarantee that a connection to the database is established."""
        if self.connection is None:
            if self.in_atomic_block and self.closed_in_transaction:
                raise ProgrammingError(
                    "Cannot open a new connection in an atomic block."
                )
            with self.wrap_database_errors:
>               self.connect()

..\..\..\AppData\Roaming\Python\Python313\site-packages\django\db\backends\base\base.py:279: 
_ _ _ _ _ _ _ _ _ _ _ _ _ _ _ _ _ _ _ _ _ _ _ _ _ _ _ _ _ _ _ _ _ _ _ _ _ _ _ _
..\..\..\AppData\Roaming\Python\Python313\site-packages\django\utils\asyncio.py:26: in inner
    return func(*args, **kwargs)
..\..\..\AppData\Roaming\Python\Python313\site-packages\django\db\backends\base\base.py:256: in connect
    self.connection = self.get_new_connection(conn_params)
..\..\..\AppData\Roaming\Python\Python313\site-packages\django\utils\asyncio.py:26: in inner
    return func(*args, **kwargs)
..\..\..\AppData\Roaming\Python\Python313\site-packages\django\db\backends\postgresql\base.py:332: in get_new_connection
    connection = self.Database.connect(**conn_params)
_ _ _ _ _ _ _ _ _ _ _ _ _ _ _ _ _ _ _ _ _ _ _ _ _ _ _ _ _ _ _ _ _ _ _ _ _ _ _ _

cls = <class 'psycopg.Connection'>
conninfo = 'dbname=ruffles_db client_encoding=UTF8 user=postgres password=postgres host=localhost port=5432 hostaddr=127.0.0.1'
autocommit = False, prepare_threshold = None
context = <psycopg.adapt.AdaptersMap object at 0x000001CEB3E42350>
row_factory = None
cursor_factory = <class 'django.db.backends.postgresql.base.Cursor'>
kwargs = {'client_encoding': 'UTF8', 'dbname': 'ruffles_db', 'host': 'localhost', 'password': 'postgres', ...}
params = {'client_encoding': 'UTF8', 'dbname': 'ruffles_db', 'host': 'localhost', 'password': 'postgres', ...}
timeout = 130

    @classmethod
    def connect(
        cls,
        conninfo: str = "",
        *,
        autocommit: bool = False,
        prepare_threshold: int | None = 5,
        context: AdaptContext | None = None,
        row_factory: RowFactory[Row] | None = None,
        cursor_factory: type[Cursor[Row]] | None = None,
        **kwargs: ConnParam,
    ) -> Self:
        """
        Connect to a database server and return a new `Connection` instance.
        """
    
        params = cls._get_connection_params(conninfo, **kwargs)
        timeout = timeout_from_conninfo(params)
        rv = None
        attempts = conninfo_attempts(params)
        conn_errors: list[tuple[e.Error, str]] = []
        for attempt in attempts:
            tdescr = (attempt.get("host"), attempt.get("port"), attempt.get("hostaddr"))
            descr = "host: %r, port: %r, hostaddr: %r" % tdescr
            logger.debug("connection attempt: %s", descr)
            try:
                conninfo = make_conninfo("", **attempt)
                gen = cls._connect_gen(conninfo, timeout=timeout)
                rv = waiting.wait_conn(gen, interval=_WAIT_INTERVAL)
            except e.Error as ex:
                logger.debug("connection failed: %s: %s", descr, str(ex))
                conn_errors.append((ex, descr))
            except e._NO_TRACEBACK as ex:
                raise ex.with_traceback(None)
            else:
                logger.debug("connection succeeded: %s", descr)
                break
    
        if not rv:
            last_ex = conn_errors[-1][0]
            if len(conn_errors) == 1:
                raise last_ex.with_traceback(None)
    
            # Create a new exception with the same type as the last one, containing
            # all attempt errors while preserving backward compatibility.
            lines = [str(last_ex)]
            lines.append("Multiple connection attempts failed. All failures were:")
            lines.extend((f"- {descr}: {error}" for error, descr in conn_errors))
>           raise type(last_ex)("\n".join(lines)).with_traceback(None)
E           psycopg.OperationalError: connection failed: connection to server at "127.0.0.1", port 5432 failed: FATAL:  la autentificaci\ufffdn password fall\ufffd para el usuario \ufffdpostgres\ufffd
E           Multiple connection attempts failed. All failures were:
E           - host: 'localhost', port: '5432', hostaddr: '::1': connection failed: connection to server at "::1", port 5432 failed: FATAL:  la autentificaci\ufffdn password fall\ufffd para el usuario \ufffdpostgres\ufffd
E           - host: 'localhost', port: '5432', hostaddr: '127.0.0.1': connection failed: connection to server at "127.0.0.1", port 5432 failed: FATAL:  la autentificaci\ufffdn password fall\ufffd para el usuario \ufffdpostgres\ufffd

..\..\..\AppData\Roaming\Python\Python313\site-packages\psycopg\connection.py:127: OperationalError

The above exception was the direct cause of the following exception:

request = <SubRequest '_django_db_marker' for <Function test_registration_cannot_create_organizer_without_auth>>

    @pytest.fixture(autouse=True)
    def _django_db_marker(request: pytest.FixtureRequest) -> None:
        """Implement the django_db marker, internal to pytest-django."""
        marker = request.node.get_closest_marker("django_db")
        if marker:
>           request.getfixturevalue("_django_db_helper")

..\..\..\AppData\Roaming\Python\Python313\site-packages\pytest_django\plugin.py:527: 
_ _ _ _ _ _ _ _ _ _ _ _ _ _ _ _ _ _ _ _ _ _ _ _ _ _ _ _ _ _ _ _ _ _ _ _ _ _ _ _
..\..\..\AppData\Roaming\Python\Python313\site-packages\pytest_django\fixtures.py:140: in django_db_setup
    db_cfg = setup_databases(
..\..\..\AppData\Roaming\Python\Python313\site-packages\django\test\utils.py:204: in setup_databases
    connection.creation.create_test_db(
..\..\..\AppData\Roaming\Python\Python313\site-packages\django\db\backends\base\creation.py:62: in create_test_db
    self._create_test_db(verbosity, autoclobber, keepdb)
..\..\..\AppData\Roaming\Python\Python313\site-packages\django\db\backends\base\creation.py:202: in _create_test_db
    with self._nodb_cursor() as cursor:
C:\Python313\Lib\contextlib.py:141: in __enter__
    return next(self.gen)
..\..\..\AppData\Roaming\Python\Python313\site-packages\django\db\backends\postgresql\base.py:533: in _nodb_cursor
    with conn.cursor() as cursor:
..\..\..\AppData\Roaming\Python\Python313\site-packages\django\utils\asyncio.py:26: in inner
    return func(*args, **kwargs)
..\..\..\AppData\Roaming\Python\Python313\site-packages\django\db\backends\base\base.py:320: in cursor
    return self._cursor()
..\..\..\AppData\Roaming\Python\Python313\site-packages\django\db\backends\base\base.py:296: in _cursor
    self.ensure_connection()
..\..\..\AppData\Roaming\Python\Python313\site-packages\django\utils\asyncio.py:26: in inner
    return func(*args, **kwargs)
..\..\..\AppData\Roaming\Python\Python313\site-packages\django\db\backends\base\base.py:278: in ensure_connection
    with self.wrap_database_errors:
..\..\..\AppData\Roaming\Python\Python313\site-packages\django\db\utils.py:91: in __exit__
    raise dj_exc_value.with_traceback(traceback) from exc_value
..\..\..\AppData\Roaming\Python\Python313\site-packages\django\db\backends\base\base.py:279: in ensure_connection
    self.connect()
..\..\..\AppData\Roaming\Python\Python313\site-packages\django\utils\asyncio.py:26: in inner
    return func(*args, **kwargs)
..\..\..\AppData\Roaming\Python\Python313\site-packages\django\db\backends\base\base.py:256: in connect
    self.connection = self.get_new_connection(conn_params)
..\..\..\AppData\Roaming\Python\Python313\site-packages\django\utils\asyncio.py:26: in inner
    return func(*args, **kwargs)
..\..\..\AppData\Roaming\Python\Python313\site-packages\django\db\backends\postgresql\base.py:332: in get_new_connection
    connection = self.Database.connect(**conn_params)
_ _ _ _ _ _ _ _ _ _ _ _ _ _ _ _ _ _ _ _ _ _ _ _ _ _ _ _ _ _ _ _ _ _ _ _ _ _ _ _

cls = <class 'psycopg.Connection'>
conninfo = 'dbname=ruffles_db client_encoding=UTF8 user=postgres password=postgres host=localhost port=5432 hostaddr=127.0.0.1'
autocommit = False, prepare_threshold = None
context = <psycopg.adapt.AdaptersMap object at 0x000001CEB3E42350>
row_factory = None
cursor_factory = <class 'django.db.backends.postgresql.base.Cursor'>
kwargs = {'client_encoding': 'UTF8', 'dbname': 'ruffles_db', 'host': 'localhost', 'password': 'postgres', ...}
params = {'client_encoding': 'UTF8', 'dbname': 'ruffles_db', 'host': 'localhost', 'password': 'postgres', ...}
timeout = 130

    @classmethod
    def connect(
        cls,
        conninfo: str = "",
        *,
        autocommit: bool = False,
        prepare_threshold: int | None = 5,
        context: AdaptContext | None = None,
        row_factory: RowFactory[Row] | None = None,
        cursor_factory: type[Cursor[Row]] | None = None,
        **kwargs: ConnParam,
    ) -> Self:
        """
        Connect to a database server and return a new `Connection` instance.
        """
    
        params = cls._get_connection_params(conninfo, **kwargs)
        timeout = timeout_from_conninfo(params)
        rv = None
        attempts = conninfo_attempts(params)
        conn_errors: list[tuple[e.Error, str]] = []
        for attempt in attempts:
            tdescr = (attempt.get("host"), attempt.get("port"), attempt.get("hostaddr"))
            descr = "host: %r, port: %r, hostaddr: %r" % tdescr
            logger.debug("connection attempt: %s", descr)
            try:
                conninfo = make_conninfo("", **attempt)
                gen = cls._connect_gen(conninfo, timeout=timeout)
                rv = waiting.wait_conn(gen, interval=_WAIT_INTERVAL)
            except e.Error as ex:
                logger.debug("connection failed: %s: %s", descr, str(ex))
                conn_errors.append((ex, descr))
            except e._NO_TRACEBACK as ex:
                raise ex.with_traceback(None)
            else:
                logger.debug("connection succeeded: %s", descr)
                break
    
        if not rv:
            last_ex = conn_errors[-1][0]
            if len(conn_errors) == 1:
                raise last_ex.with_traceback(None)
    
            # Create a new exception with the same type as the last one, containing
            # all attempt errors while preserving backward compatibility.
            lines = [str(last_ex)]
            lines.append("Multiple connection attempts failed. All failures were:")
            lines.extend((f"- {descr}: {error}" for error, descr in conn_errors))
>           raise type(last_ex)("\n".join(lines)).with_traceback(None)
E           django.db.utils.OperationalError: connection failed: connection to server at "127.0.0.1", port 5432 failed: FATAL:  la autentificaci\ufffdn password fall\ufffd para el usuario \ufffdpostgres\ufffd
E           Multiple connection attempts failed. All failures were:
E           - host: 'localhost', port: '5432', hostaddr: '::1': connection failed: connection to server at "::1", port 5432 failed: FATAL:  la autentificaci\ufffdn password fall\ufffd para el usuario \ufffdpostgres\ufffd
E           - host: 'localhost', port: '5432', hostaddr: '127.0.0.1': connection failed: connection to server at "127.0.0.1", port 5432 failed: FATAL:  la autentificaci\ufffdn password fall\ufffd para el usuario \ufffdpostgres\ufffd

..\..\..\AppData\Roaming\Python\Python313\site-packages\psycopg\connection.py:127: OperationalError
_________ ERROR at setup of test_registration_accepts_optional_phone __________

self = <DatabaseWrapper vendor='postgresql' alias='__no_db__'>

    @async_unsafe
    def ensure_connection(self):
        """Guarantee that a connection to the database is established."""
        if self.connection is None:
            if self.in_atomic_block and self.closed_in_transaction:
                raise ProgrammingError(
                    "Cannot open a new connection in an atomic block."
                )
            with self.wrap_database_errors:
>               self.connect()

..\..\..\AppData\Roaming\Python\Python313\site-packages\django\db\backends\base\base.py:279: 
_ _ _ _ _ _ _ _ _ _ _ _ _ _ _ _ _ _ _ _ _ _ _ _ _ _ _ _ _ _ _ _ _ _ _ _ _ _ _ _
..\..\..\AppData\Roaming\Python\Python313\site-packages\django\utils\asyncio.py:26: in inner
    return func(*args, **kwargs)
..\..\..\AppData\Roaming\Python\Python313\site-packages\django\db\backends\base\base.py:256: in connect
    self.connection = self.get_new_connection(conn_params)
..\..\..\AppData\Roaming\Python\Python313\site-packages\django\utils\asyncio.py:26: in inner
    return func(*args, **kwargs)
..\..\..\AppData\Roaming\Python\Python313\site-packages\django\db\backends\postgresql\base.py:332: in get_new_connection
    connection = self.Database.connect(**conn_params)
_ _ _ _ _ _ _ _ _ _ _ _ _ _ _ _ _ _ _ _ _ _ _ _ _ _ _ _ _ _ _ _ _ _ _ _ _ _ _ _

cls = <class 'psycopg.Connection'>
conninfo = 'dbname=postgres client_encoding=UTF8 user=postgres password=postgres host=localhost port=5432 hostaddr=127.0.0.1'
autocommit = False, prepare_threshold = None
context = <psycopg.adapt.AdaptersMap object at 0x000001CEB3E42350>
row_factory = None
cursor_factory = <class 'django.db.backends.postgresql.base.Cursor'>
kwargs = {'client_encoding': 'UTF8', 'dbname': 'postgres', 'host': 'localhost', 'password': 'postgres', ...}
params = {'client_encoding': 'UTF8', 'dbname': 'postgres', 'host': 'localhost', 'password': 'postgres', ...}
timeout = 130

    @classmethod
    def connect(
        cls,
        conninfo: str = "",
        *,
        autocommit: bool = False,
        prepare_threshold: int | None = 5,
        context: AdaptContext | None = None,
        row_factory: RowFactory[Row] | None = None,
        cursor_factory: type[Cursor[Row]] | None = None,
        **kwargs: ConnParam,
    ) -> Self:
        """
        Connect to a database server and return a new `Connection` instance.
        """
    
        params = cls._get_connection_params(conninfo, **kwargs)
        timeout = timeout_from_conninfo(params)
        rv = None
        attempts = conninfo_attempts(params)
        conn_errors: list[tuple[e.Error, str]] = []
        for attempt in attempts:
            tdescr = (attempt.get("host"), attempt.get("port"), attempt.get("hostaddr"))
            descr = "host: %r, port: %r, hostaddr: %r" % tdescr
            logger.debug("connection attempt: %s", descr)
            try:
                conninfo = make_conninfo("", **attempt)
                gen = cls._connect_gen(conninfo, timeout=timeout)
                rv = waiting.wait_conn(gen, interval=_WAIT_INTERVAL)
            except e.Error as ex:
                logger.debug("connection failed: %s: %s", descr, str(ex))
                conn_errors.append((ex, descr))
            except e._NO_TRACEBACK as ex:
                raise ex.with_traceback(None)
            else:
                logger.debug("connection succeeded: %s", descr)
                break
    
        if not rv:
            last_ex = conn_errors[-1][0]
            if len(conn_errors) == 1:
                raise last_ex.with_traceback(None)
    
            # Create a new exception with the same type as the last one, containing
            # all attempt errors while preserving backward compatibility.
            lines = [str(last_ex)]
            lines.append("Multiple connection attempts failed. All failures were:")
            lines.extend((f"- {descr}: {error}" for error, descr in conn_errors))
>           raise type(last_ex)("\n".join(lines)).with_traceback(None)
E           psycopg.OperationalError: connection failed: connection to server at "127.0.0.1", port 5432 failed: FATAL:  la autentificaci\ufffdn password fall\ufffd para el usuario \ufffdpostgres\ufffd
E           Multiple connection attempts failed. All failures were:
E           - host: 'localhost', port: '5432', hostaddr: '::1': connection failed: connection to server at "::1", port 5432 failed: FATAL:  la autentificaci\ufffdn password fall\ufffd para el usuario \ufffdpostgres\ufffd
E           - host: 'localhost', port: '5432', hostaddr: '127.0.0.1': connection failed: connection to server at "127.0.0.1", port 5432 failed: FATAL:  la autentificaci\ufffdn password fall\ufffd para el usuario \ufffdpostgres\ufffd

..\..\..\AppData\Roaming\Python\Python313\site-packages\psycopg\connection.py:127: OperationalError

The above exception was the direct cause of the following exception:

self = <DatabaseWrapper vendor='postgresql' alias='default'>

    @contextmanager
    def _nodb_cursor(self):
        cursor = None
        try:
>           with super()._nodb_cursor() as cursor:

..\..\..\AppData\Roaming\Python\Python313\site-packages\django\db\backends\postgresql\base.py:507: 
_ _ _ _ _ _ _ _ _ _ _ _ _ _ _ _ _ _ _ _ _ _ _ _ _ _ _ _ _ _ _ _ _ _ _ _ _ _ _ _
C:\Python313\Lib\contextlib.py:141: in __enter__
    return next(self.gen)
..\..\..\AppData\Roaming\Python\Python313\site-packages\django\db\backends\base\base.py:712: in _nodb_cursor
    with conn.cursor() as cursor:
..\..\..\AppData\Roaming\Python\Python313\site-packages\django\utils\asyncio.py:26: in inner
    return func(*args, **kwargs)
..\..\..\AppData\Roaming\Python\Python313\site-packages\django\db\backends\base\base.py:320: in cursor
    return self._cursor()
..\..\..\AppData\Roaming\Python\Python313\site-packages\django\db\backends\base\base.py:296: in _cursor
    self.ensure_connection()
..\..\..\AppData\Roaming\Python\Python313\site-packages\django\utils\asyncio.py:26: in inner
    return func(*args, **kwargs)
..\..\..\AppData\Roaming\Python\Python313\site-packages\django\db\backends\base\base.py:278: in ensure_connection
    with self.wrap_database_errors:
..\..\..\AppData\Roaming\Python\Python313\site-packages\django\db\utils.py:91: in __exit__
    raise dj_exc_value.with_traceback(traceback) from exc_value
..\..\..\AppData\Roaming\Python\Python313\site-packages\django\db\backends\base\base.py:279: in ensure_connection
    self.connect()
..\..\..\AppData\Roaming\Python\Python313\site-packages\django\utils\asyncio.py:26: in inner
    return func(*args, **kwargs)
..\..\..\AppData\Roaming\Python\Python313\site-packages\django\db\backends\base\base.py:256: in connect
    self.connection = self.get_new_connection(conn_params)
..\..\..\AppData\Roaming\Python\Python313\site-packages\django\utils\asyncio.py:26: in inner
    return func(*args, **kwargs)
..\..\..\AppData\Roaming\Python\Python313\site-packages\django\db\backends\postgresql\base.py:332: in get_new_connection
    connection = self.Database.connect(**conn_params)
_ _ _ _ _ _ _ _ _ _ _ _ _ _ _ _ _ _ _ _ _ _ _ _ _ _ _ _ _ _ _ _ _ _ _ _ _ _ _ _

cls = <class 'psycopg.Connection'>
conninfo = 'dbname=postgres client_encoding=UTF8 user=postgres password=postgres host=localhost port=5432 hostaddr=127.0.0.1'
autocommit = False, prepare_threshold = None
context = <psycopg.adapt.AdaptersMap object at 0x000001CEB3E42350>
row_factory = None
cursor_factory = <class 'django.db.backends.postgresql.base.Cursor'>
kwargs = {'client_encoding': 'UTF8', 'dbname': 'postgres', 'host': 'localhost', 'password': 'postgres', ...}
params = {'client_encoding': 'UTF8', 'dbname': 'postgres', 'host': 'localhost', 'password': 'postgres', ...}
timeout = 130

    @classmethod
    def connect(
        cls,
        conninfo: str = "",
        *,
        autocommit: bool = False,
        prepare_threshold: int | None = 5,
        context: AdaptContext | None = None,
        row_factory: RowFactory[Row] | None = None,
        cursor_factory: type[Cursor[Row]] | None = None,
        **kwargs: ConnParam,
    ) -> Self:
        """
        Connect to a database server and return a new `Connection` instance.
        """
    
        params = cls._get_connection_params(conninfo, **kwargs)
        timeout = timeout_from_conninfo(params)
        rv = None
        attempts = conninfo_attempts(params)
        conn_errors: list[tuple[e.Error, str]] = []
        for attempt in attempts:
            tdescr = (attempt.get("host"), attempt.get("port"), attempt.get("hostaddr"))
            descr = "host: %r, port: %r, hostaddr: %r" % tdescr
            logger.debug("connection attempt: %s", descr)
            try:
                conninfo = make_conninfo("", **attempt)
                gen = cls._connect_gen(conninfo, timeout=timeout)
                rv = waiting.wait_conn(gen, interval=_WAIT_INTERVAL)
            except e.Error as ex:
                logger.debug("connection failed: %s: %s", descr, str(ex))
                conn_errors.append((ex, descr))
            except e._NO_TRACEBACK as ex:
                raise ex.with_traceback(None)
            else:
                logger.debug("connection succeeded: %s", descr)
                break
    
        if not rv:
            last_ex = conn_errors[-1][0]
            if len(conn_errors) == 1:
                raise last_ex.with_traceback(None)
    
            # Create a new exception with the same type as the last one, containing
            # all attempt errors while preserving backward compatibility.
            lines = [str(last_ex)]
            lines.append("Multiple connection attempts failed. All failures were:")
            lines.extend((f"- {descr}: {error}" for error, descr in conn_errors))
>           raise type(last_ex)("\n".join(lines)).with_traceback(None)
E           django.db.utils.OperationalError: connection failed: connection to server at "127.0.0.1", port 5432 failed: FATAL:  la autentificaci\ufffdn password fall\ufffd para el usuario \ufffdpostgres\ufffd
E           Multiple connection attempts failed. All failures were:
E           - host: 'localhost', port: '5432', hostaddr: '::1': connection failed: connection to server at "::1", port 5432 failed: FATAL:  la autentificaci\ufffdn password fall\ufffd para el usuario \ufffdpostgres\ufffd
E           - host: 'localhost', port: '5432', hostaddr: '127.0.0.1': connection failed: connection to server at "127.0.0.1", port 5432 failed: FATAL:  la autentificaci\ufffdn password fall\ufffd para el usuario \ufffdpostgres\ufffd

..\..\..\AppData\Roaming\Python\Python313\site-packages\psycopg\connection.py:127: OperationalError

During handling of the above exception, another exception occurred:

self = <DatabaseWrapper vendor='postgresql' alias='default'>

    @async_unsafe
    def ensure_connection(self):
        """Guarantee that a connection to the database is established."""
        if self.connection is None:
            if self.in_atomic_block and self.closed_in_transaction:
                raise ProgrammingError(
                    "Cannot open a new connection in an atomic block."
                )
            with self.wrap_database_errors:
>               self.connect()

..\..\..\AppData\Roaming\Python\Python313\site-packages\django\db\backends\base\base.py:279: 
_ _ _ _ _ _ _ _ _ _ _ _ _ _ _ _ _ _ _ _ _ _ _ _ _ _ _ _ _ _ _ _ _ _ _ _ _ _ _ _
..\..\..\AppData\Roaming\Python\Python313\site-packages\django\utils\asyncio.py:26: in inner
    return func(*args, **kwargs)
..\..\..\AppData\Roaming\Python\Python313\site-packages\django\db\backends\base\base.py:256: in connect
    self.connection = self.get_new_connection(conn_params)
..\..\..\AppData\Roaming\Python\Python313\site-packages\django\utils\asyncio.py:26: in inner
    return func(*args, **kwargs)
..\..\..\AppData\Roaming\Python\Python313\site-packages\django\db\backends\postgresql\base.py:332: in get_new_connection
    connection = self.Database.connect(**conn_params)
_ _ _ _ _ _ _ _ _ _ _ _ _ _ _ _ _ _ _ _ _ _ _ _ _ _ _ _ _ _ _ _ _ _ _ _ _ _ _ _

cls = <class 'psycopg.Connection'>
conninfo = 'dbname=ruffles_db client_encoding=UTF8 user=postgres password=postgres host=localhost port=5432 hostaddr=127.0.0.1'
autocommit = False, prepare_threshold = None
context = <psycopg.adapt.AdaptersMap object at 0x000001CEB3E42350>
row_factory = None
cursor_factory = <class 'django.db.backends.postgresql.base.Cursor'>
kwargs = {'client_encoding': 'UTF8', 'dbname': 'ruffles_db', 'host': 'localhost', 'password': 'postgres', ...}
params = {'client_encoding': 'UTF8', 'dbname': 'ruffles_db', 'host': 'localhost', 'password': 'postgres', ...}
timeout = 130

    @classmethod
    def connect(
        cls,
        conninfo: str = "",
        *,
        autocommit: bool = False,
        prepare_threshold: int | None = 5,
        context: AdaptContext | None = None,
        row_factory: RowFactory[Row] | None = None,
        cursor_factory: type[Cursor[Row]] | None = None,
        **kwargs: ConnParam,
    ) -> Self:
        """
        Connect to a database server and return a new `Connection` instance.
        """
    
        params = cls._get_connection_params(conninfo, **kwargs)
        timeout = timeout_from_conninfo(params)
        rv = None
        attempts = conninfo_attempts(params)
        conn_errors: list[tuple[e.Error, str]] = []
        for attempt in attempts:
            tdescr = (attempt.get("host"), attempt.get("port"), attempt.get("hostaddr"))
            descr = "host: %r, port: %r, hostaddr: %r" % tdescr
            logger.debug("connection attempt: %s", descr)
            try:
                conninfo = make_conninfo("", **attempt)
                gen = cls._connect_gen(conninfo, timeout=timeout)
                rv = waiting.wait_conn(gen, interval=_WAIT_INTERVAL)
            except e.Error as ex:
                logger.debug("connection failed: %s: %s", descr, str(ex))
                conn_errors.append((ex, descr))
            except e._NO_TRACEBACK as ex:
                raise ex.with_traceback(None)
            else:
                logger.debug("connection succeeded: %s", descr)
                break
    
        if not rv:
            last_ex = conn_errors[-1][0]
            if len(conn_errors) == 1:
                raise last_ex.with_traceback(None)
    
            # Create a new exception with the same type as the last one, containing
            # all attempt errors while preserving backward compatibility.
            lines = [str(last_ex)]
            lines.append("Multiple connection attempts failed. All failures were:")
            lines.extend((f"- {descr}: {error}" for error, descr in conn_errors))
>           raise type(last_ex)("\n".join(lines)).with_traceback(None)
E           psycopg.OperationalError: connection failed: connection to server at "127.0.0.1", port 5432 failed: FATAL:  la autentificaci\ufffdn password fall\ufffd para el usuario \ufffdpostgres\ufffd
E           Multiple connection attempts failed. All failures were:
E           - host: 'localhost', port: '5432', hostaddr: '::1': connection failed: connection to server at "::1", port 5432 failed: FATAL:  la autentificaci\ufffdn password fall\ufffd para el usuario \ufffdpostgres\ufffd
E           - host: 'localhost', port: '5432', hostaddr: '127.0.0.1': connection failed: connection to server at "127.0.0.1", port 5432 failed: FATAL:  la autentificaci\ufffdn password fall\ufffd para el usuario \ufffdpostgres\ufffd

..\..\..\AppData\Roaming\Python\Python313\site-packages\psycopg\connection.py:127: OperationalError

The above exception was the direct cause of the following exception:

request = <SubRequest '_django_db_marker' for <Function test_registration_accepts_optional_phone>>

    @pytest.fixture(autouse=True)
    def _django_db_marker(request: pytest.FixtureRequest) -> None:
        """Implement the django_db marker, internal to pytest-django."""
        marker = request.node.get_closest_marker("django_db")
        if marker:
>           request.getfixturevalue("_django_db_helper")

..\..\..\AppData\Roaming\Python\Python313\site-packages\pytest_django\plugin.py:527: 
_ _ _ _ _ _ _ _ _ _ _ _ _ _ _ _ _ _ _ _ _ _ _ _ _ _ _ _ _ _ _ _ _ _ _ _ _ _ _ _
..\..\..\AppData\Roaming\Python\Python313\site-packages\pytest_django\fixtures.py:140: in django_db_setup
    db_cfg = setup_databases(
..\..\..\AppData\Roaming\Python\Python313\site-packages\django\test\utils.py:204: in setup_databases
    connection.creation.create_test_db(
..\..\..\AppData\Roaming\Python\Python313\site-packages\django\db\backends\base\creation.py:62: in create_test_db
    self._create_test_db(verbosity, autoclobber, keepdb)
..\..\..\AppData\Roaming\Python\Python313\site-packages\django\db\backends\base\creation.py:202: in _create_test_db
    with self._nodb_cursor() as cursor:
C:\Python313\Lib\contextlib.py:141: in __enter__
    return next(self.gen)
..\..\..\AppData\Roaming\Python\Python313\site-packages\django\db\backends\postgresql\base.py:533: in _nodb_cursor
    with conn.cursor() as cursor:
..\..\..\AppData\Roaming\Python\Python313\site-packages\django\utils\asyncio.py:26: in inner
    return func(*args, **kwargs)
..\..\..\AppData\Roaming\Python\Python313\site-packages\django\db\backends\base\base.py:320: in cursor
    return self._cursor()
..\..\..\AppData\Roaming\Python\Python313\site-packages\django\db\backends\base\base.py:296: in _cursor
    self.ensure_connection()
..\..\..\AppData\Roaming\Python\Python313\site-packages\django\utils\asyncio.py:26: in inner
    return func(*args, **kwargs)
..\..\..\AppData\Roaming\Python\Python313\site-packages\django\db\backends\base\base.py:278: in ensure_connection
    with self.wrap_database_errors:
..\..\..\AppData\Roaming\Python\Python313\site-packages\django\db\utils.py:91: in __exit__
    raise dj_exc_value.with_traceback(traceback) from exc_value
..\..\..\AppData\Roaming\Python\Python313\site-packages\django\db\backends\base\base.py:279: in ensure_connection
    self.connect()
..\..\..\AppData\Roaming\Python\Python313\site-packages\django\utils\asyncio.py:26: in inner
    return func(*args, **kwargs)
..\..\..\AppData\Roaming\Python\Python313\site-packages\django\db\backends\base\base.py:256: in connect
    self.connection = self.get_new_connection(conn_params)
..\..\..\AppData\Roaming\Python\Python313\site-packages\django\utils\asyncio.py:26: in inner
    return func(*args, **kwargs)
..\..\..\AppData\Roaming\Python\Python313\site-packages\django\db\backends\postgresql\base.py:332: in get_new_connection
    connection = self.Database.connect(**conn_params)
_ _ _ _ _ _ _ _ _ _ _ _ _ _ _ _ _ _ _ _ _ _ _ _ _ _ _ _ _ _ _ _ _ _ _ _ _ _ _ _

cls = <class 'psycopg.Connection'>
conninfo = 'dbname=ruffles_db client_encoding=UTF8 user=postgres password=postgres host=localhost port=5432 hostaddr=127.0.0.1'
autocommit = False, prepare_threshold = None
context = <psycopg.adapt.AdaptersMap object at 0x000001CEB3E42350>
row_factory = None
cursor_factory = <class 'django.db.backends.postgresql.base.Cursor'>
kwargs = {'client_encoding': 'UTF8', 'dbname': 'ruffles_db', 'host': 'localhost', 'password': 'postgres', ...}
params = {'client_encoding': 'UTF8', 'dbname': 'ruffles_db', 'host': 'localhost', 'password': 'postgres', ...}
timeout = 130

    @classmethod
    def connect(
        cls,
        conninfo: str = "",
        *,
        autocommit: bool = False,
        prepare_threshold: int | None = 5,
        context: AdaptContext | None = None,
        row_factory: RowFactory[Row] | None = None,
        cursor_factory: type[Cursor[Row]] | None = None,
        **kwargs: ConnParam,
    ) -> Self:
        """
        Connect to a database server and return a new `Connection` instance.
        """
    
        params = cls._get_connection_params(conninfo, **kwargs)
        timeout = timeout_from_conninfo(params)
        rv = None
        attempts = conninfo_attempts(params)
        conn_errors: list[tuple[e.Error, str]] = []
        for attempt in attempts:
            tdescr = (attempt.get("host"), attempt.get("port"), attempt.get("hostaddr"))
            descr = "host: %r, port: %r, hostaddr: %r" % tdescr
            logger.debug("connection attempt: %s", descr)
            try:
                conninfo = make_conninfo("", **attempt)
                gen = cls._connect_gen(conninfo, timeout=timeout)
                rv = waiting.wait_conn(gen, interval=_WAIT_INTERVAL)
            except e.Error as ex:
                logger.debug("connection failed: %s: %s", descr, str(ex))
                conn_errors.append((ex, descr))
            except e._NO_TRACEBACK as ex:
                raise ex.with_traceback(None)
            else:
                logger.debug("connection succeeded: %s", descr)
                break
    
        if not rv:
            last_ex = conn_errors[-1][0]
            if len(conn_errors) == 1:
                raise last_ex.with_traceback(None)
    
            # Create a new exception with the same type as the last one, containing
            # all attempt errors while preserving backward compatibility.
            lines = [str(last_ex)]
            lines.append("Multiple connection attempts failed. All failures were:")
            lines.extend((f"- {descr}: {error}" for error, descr in conn_errors))
>           raise type(last_ex)("\n".join(lines)).with_traceback(None)
E           django.db.utils.OperationalError: connection failed: connection to server at "127.0.0.1", port 5432 failed: FATAL:  la autentificaci\ufffdn password fall\ufffd para el usuario \ufffdpostgres\ufffd
E           Multiple connection attempts failed. All failures were:
E           - host: 'localhost', port: '5432', hostaddr: '::1': connection failed: connection to server at "::1", port 5432 failed: FATAL:  la autentificaci\ufffdn password fall\ufffd para el usuario \ufffdpostgres\ufffd
E           - host: 'localhost', port: '5432', hostaddr: '127.0.0.1': connection failed: connection to server at "127.0.0.1", port 5432 failed: FATAL:  la autentificaci\ufffdn password fall\ufffd para el usuario \ufffdpostgres\ufffd

..\..\..\AppData\Roaming\Python\Python313\site-packages\psycopg\connection.py:127: OperationalError
____ ERROR at setup of TestPersonalPanel.test_guest_list_purchases_success ____

self = <DatabaseWrapper vendor='postgresql' alias='__no_db__'>

    @async_unsafe
    def ensure_connection(self):
        """Guarantee that a connection to the database is established."""
        if self.connection is None:
            if self.in_atomic_block and self.closed_in_transaction:
                raise ProgrammingError(
                    "Cannot open a new connection in an atomic block."
                )
            with self.wrap_database_errors:
>               self.connect()

..\..\..\AppData\Roaming\Python\Python313\site-packages\django\db\backends\base\base.py:279: 
_ _ _ _ _ _ _ _ _ _ _ _ _ _ _ _ _ _ _ _ _ _ _ _ _ _ _ _ _ _ _ _ _ _ _ _ _ _ _ _
..\..\..\AppData\Roaming\Python\Python313\site-packages\django\utils\asyncio.py:26: in inner
    return func(*args, **kwargs)
..\..\..\AppData\Roaming\Python\Python313\site-packages\django\db\backends\base\base.py:256: in connect
    self.connection = self.get_new_connection(conn_params)
..\..\..\AppData\Roaming\Python\Python313\site-packages\django\utils\asyncio.py:26: in inner
    return func(*args, **kwargs)
..\..\..\AppData\Roaming\Python\Python313\site-packages\django\db\backends\postgresql\base.py:332: in get_new_connection
    connection = self.Database.connect(**conn_params)
_ _ _ _ _ _ _ _ _ _ _ _ _ _ _ _ _ _ _ _ _ _ _ _ _ _ _ _ _ _ _ _ _ _ _ _ _ _ _ _

cls = <class 'psycopg.Connection'>
conninfo = 'dbname=postgres client_encoding=UTF8 user=postgres password=postgres host=localhost port=5432 hostaddr=127.0.0.1'
autocommit = False, prepare_threshold = None
context = <psycopg.adapt.AdaptersMap object at 0x000001CEB3E42350>
row_factory = None
cursor_factory = <class 'django.db.backends.postgresql.base.Cursor'>
kwargs = {'client_encoding': 'UTF8', 'dbname': 'postgres', 'host': 'localhost', 'password': 'postgres', ...}
params = {'client_encoding': 'UTF8', 'dbname': 'postgres', 'host': 'localhost', 'password': 'postgres', ...}
timeout = 130

    @classmethod
    def connect(
        cls,
        conninfo: str = "",
        *,
        autocommit: bool = False,
        prepare_threshold: int | None = 5,
        context: AdaptContext | None = None,
        row_factory: RowFactory[Row] | None = None,
        cursor_factory: type[Cursor[Row]] | None = None,
        **kwargs: ConnParam,
    ) -> Self:
        """
        Connect to a database server and return a new `Connection` instance.
        """
    
        params = cls._get_connection_params(conninfo, **kwargs)
        timeout = timeout_from_conninfo(params)
        rv = None
        attempts = conninfo_attempts(params)
        conn_errors: list[tuple[e.Error, str]] = []
        for attempt in attempts:
            tdescr = (attempt.get("host"), attempt.get("port"), attempt.get("hostaddr"))
            descr = "host: %r, port: %r, hostaddr: %r" % tdescr
            logger.debug("connection attempt: %s", descr)
            try:
                conninfo = make_conninfo("", **attempt)
                gen = cls._connect_gen(conninfo, timeout=timeout)
                rv = waiting.wait_conn(gen, interval=_WAIT_INTERVAL)
            except e.Error as ex:
                logger.debug("connection failed: %s: %s", descr, str(ex))
                conn_errors.append((ex, descr))
            except e._NO_TRACEBACK as ex:
                raise ex.with_traceback(None)
            else:
                logger.debug("connection succeeded: %s", descr)
                break
    
        if not rv:
            last_ex = conn_errors[-1][0]
            if len(conn_errors) == 1:
                raise last_ex.with_traceback(None)
    
            # Create a new exception with the same type as the last one, containing
            # all attempt errors while preserving backward compatibility.
            lines = [str(last_ex)]
            lines.append("Multiple connection attempts failed. All failures were:")
            lines.extend((f"- {descr}: {error}" for error, descr in conn_errors))
>           raise type(last_ex)("\n".join(lines)).with_traceback(None)
E           psycopg.OperationalError: connection failed: connection to server at "127.0.0.1", port 5432 failed: FATAL:  la autentificaci\ufffdn password fall\ufffd para el usuario \ufffdpostgres\ufffd
E           Multiple connection attempts failed. All failures were:
E           - host: 'localhost', port: '5432', hostaddr: '::1': connection failed: connection to server at "::1", port 5432 failed: FATAL:  la autentificaci\ufffdn password fall\ufffd para el usuario \ufffdpostgres\ufffd
E           - host: 'localhost', port: '5432', hostaddr: '127.0.0.1': connection failed: connection to server at "127.0.0.1", port 5432 failed: FATAL:  la autentificaci\ufffdn password fall\ufffd para el usuario \ufffdpostgres\ufffd

..\..\..\AppData\Roaming\Python\Python313\site-packages\psycopg\connection.py:127: OperationalError

The above exception was the direct cause of the following exception:

self = <DatabaseWrapper vendor='postgresql' alias='default'>

    @contextmanager
    def _nodb_cursor(self):
        cursor = None
        try:
>           with super()._nodb_cursor() as cursor:

..\..\..\AppData\Roaming\Python\Python313\site-packages\django\db\backends\postgresql\base.py:507: 
_ _ _ _ _ _ _ _ _ _ _ _ _ _ _ _ _ _ _ _ _ _ _ _ _ _ _ _ _ _ _ _ _ _ _ _ _ _ _ _
C:\Python313\Lib\contextlib.py:141: in __enter__
    return next(self.gen)
..\..\..\AppData\Roaming\Python\Python313\site-packages\django\db\backends\base\base.py:712: in _nodb_cursor
    with conn.cursor() as cursor:
..\..\..\AppData\Roaming\Python\Python313\site-packages\django\utils\asyncio.py:26: in inner
    return func(*args, **kwargs)
..\..\..\AppData\Roaming\Python\Python313\site-packages\django\db\backends\base\base.py:320: in cursor
    return self._cursor()
..\..\..\AppData\Roaming\Python\Python313\site-packages\django\db\backends\base\base.py:296: in _cursor
    self.ensure_connection()
..\..\..\AppData\Roaming\Python\Python313\site-packages\django\utils\asyncio.py:26: in inner
    return func(*args, **kwargs)
..\..\..\AppData\Roaming\Python\Python313\site-packages\django\db\backends\base\base.py:278: in ensure_connection
    with self.wrap_database_errors:
..\..\..\AppData\Roaming\Python\Python313\site-packages\django\db\utils.py:91: in __exit__
    raise dj_exc_value.with_traceback(traceback) from exc_value
..\..\..\AppData\Roaming\Python\Python313\site-packages\django\db\backends\base\base.py:279: in ensure_connection
    self.connect()
..\..\..\AppData\Roaming\Python\Python313\site-packages\django\utils\asyncio.py:26: in inner
    return func(*args, **kwargs)
..\..\..\AppData\Roaming\Python\Python313\site-packages\django\db\backends\base\base.py:256: in connect
    self.connection = self.get_new_connection(conn_params)
..\..\..\AppData\Roaming\Python\Python313\site-packages\django\utils\asyncio.py:26: in inner
    return func(*args, **kwargs)
..\..\..\AppData\Roaming\Python\Python313\site-packages\django\db\backends\postgresql\base.py:332: in get_new_connection
    connection = self.Database.connect(**conn_params)
_ _ _ _ _ _ _ _ _ _ _ _ _ _ _ _ _ _ _ _ _ _ _ _ _ _ _ _ _ _ _ _ _ _ _ _ _ _ _ _

cls = <class 'psycopg.Connection'>
conninfo = 'dbname=postgres client_encoding=UTF8 user=postgres password=postgres host=localhost port=5432 hostaddr=127.0.0.1'
autocommit = False, prepare_threshold = None
context = <psycopg.adapt.AdaptersMap object at 0x000001CEB3E42350>
row_factory = None
cursor_factory = <class 'django.db.backends.postgresql.base.Cursor'>
kwargs = {'client_encoding': 'UTF8', 'dbname': 'postgres', 'host': 'localhost', 'password': 'postgres', ...}
params = {'client_encoding': 'UTF8', 'dbname': 'postgres', 'host': 'localhost', 'password': 'postgres', ...}
timeout = 130

    @classmethod
    def connect(
        cls,
        conninfo: str = "",
        *,
        autocommit: bool = False,
        prepare_threshold: int | None = 5,
        context: AdaptContext | None = None,
        row_factory: RowFactory[Row] | None = None,
        cursor_factory: type[Cursor[Row]] | None = None,
        **kwargs: ConnParam,
    ) -> Self:
        """
        Connect to a database server and return a new `Connection` instance.
        """
    
        params = cls._get_connection_params(conninfo, **kwargs)
        timeout = timeout_from_conninfo(params)
        rv = None
        attempts = conninfo_attempts(params)
        conn_errors: list[tuple[e.Error, str]] = []
        for attempt in attempts:
            tdescr = (attempt.get("host"), attempt.get("port"), attempt.get("hostaddr"))
            descr = "host: %r, port: %r, hostaddr: %r" % tdescr
            logger.debug("connection attempt: %s", descr)
            try:
                conninfo = make_conninfo("", **attempt)
                gen = cls._connect_gen(conninfo, timeout=timeout)
                rv = waiting.wait_conn(gen, interval=_WAIT_INTERVAL)
            except e.Error as ex:
                logger.debug("connection failed: %s: %s", descr, str(ex))
                conn_errors.append((ex, descr))
            except e._NO_TRACEBACK as ex:
                raise ex.with_traceback(None)
            else:
                logger.debug("connection succeeded: %s", descr)
                break
    
        if not rv:
            last_ex = conn_errors[-1][0]
            if len(conn_errors) == 1:
                raise last_ex.with_traceback(None)
    
            # Create a new exception with the same type as the last one, containing
            # all attempt errors while preserving backward compatibility.
            lines = [str(last_ex)]
            lines.append("Multiple connection attempts failed. All failures were:")
            lines.extend((f"- {descr}: {error}" for error, descr in conn_errors))
>           raise type(last_ex)("\n".join(lines)).with_traceback(None)
E           django.db.utils.OperationalError: connection failed: connection to server at "127.0.0.1", port 5432 failed: FATAL:  la autentificaci\ufffdn password fall\ufffd para el usuario \ufffdpostgres\ufffd
E           Multiple connection attempts failed. All failures were:
E           - host: 'localhost', port: '5432', hostaddr: '::1': connection failed: connection to server at "::1", port 5432 failed: FATAL:  la autentificaci\ufffdn password fall\ufffd para el usuario \ufffdpostgres\ufffd
E           - host: 'localhost', port: '5432', hostaddr: '127.0.0.1': connection failed: connection to server at "127.0.0.1", port 5432 failed: FATAL:  la autentificaci\ufffdn password fall\ufffd para el usuario \ufffdpostgres\ufffd

..\..\..\AppData\Roaming\Python\Python313\site-packages\psycopg\connection.py:127: OperationalError

During handling of the above exception, another exception occurred:

self = <DatabaseWrapper vendor='postgresql' alias='default'>

    @async_unsafe
    def ensure_connection(self):
        """Guarantee that a connection to the database is established."""
        if self.connection is None:
            if self.in_atomic_block and self.closed_in_transaction:
                raise ProgrammingError(
                    "Cannot open a new connection in an atomic block."
                )
            with self.wrap_database_errors:
>               self.connect()

..\..\..\AppData\Roaming\Python\Python313\site-packages\django\db\backends\base\base.py:279: 
_ _ _ _ _ _ _ _ _ _ _ _ _ _ _ _ _ _ _ _ _ _ _ _ _ _ _ _ _ _ _ _ _ _ _ _ _ _ _ _
..\..\..\AppData\Roaming\Python\Python313\site-packages\django\utils\asyncio.py:26: in inner
    return func(*args, **kwargs)
..\..\..\AppData\Roaming\Python\Python313\site-packages\django\db\backends\base\base.py:256: in connect
    self.connection = self.get_new_connection(conn_params)
..\..\..\AppData\Roaming\Python\Python313\site-packages\django\utils\asyncio.py:26: in inner
    return func(*args, **kwargs)
..\..\..\AppData\Roaming\Python\Python313\site-packages\django\db\backends\postgresql\base.py:332: in get_new_connection
    connection = self.Database.connect(**conn_params)
_ _ _ _ _ _ _ _ _ _ _ _ _ _ _ _ _ _ _ _ _ _ _ _ _ _ _ _ _ _ _ _ _ _ _ _ _ _ _ _

cls = <class 'psycopg.Connection'>
conninfo = 'dbname=ruffles_db client_encoding=UTF8 user=postgres password=postgres host=localhost port=5432 hostaddr=127.0.0.1'
autocommit = False, prepare_threshold = None
context = <psycopg.adapt.AdaptersMap object at 0x000001CEB3E42350>
row_factory = None
cursor_factory = <class 'django.db.backends.postgresql.base.Cursor'>
kwargs = {'client_encoding': 'UTF8', 'dbname': 'ruffles_db', 'host': 'localhost', 'password': 'postgres', ...}
params = {'client_encoding': 'UTF8', 'dbname': 'ruffles_db', 'host': 'localhost', 'password': 'postgres', ...}
timeout = 130

    @classmethod
    def connect(
        cls,
        conninfo: str = "",
        *,
        autocommit: bool = False,
        prepare_threshold: int | None = 5,
        context: AdaptContext | None = None,
        row_factory: RowFactory[Row] | None = None,
        cursor_factory: type[Cursor[Row]] | None = None,
        **kwargs: ConnParam,
    ) -> Self:
        """
        Connect to a database server and return a new `Connection` instance.
        """
    
        params = cls._get_connection_params(conninfo, **kwargs)
        timeout = timeout_from_conninfo(params)
        rv = None
        attempts = conninfo_attempts(params)
        conn_errors: list[tuple[e.Error, str]] = []
        for attempt in attempts:
            tdescr = (attempt.get("host"), attempt.get("port"), attempt.get("hostaddr"))
            descr = "host: %r, port: %r, hostaddr: %r" % tdescr
            logger.debug("connection attempt: %s", descr)
            try:
                conninfo = make_conninfo("", **attempt)
                gen = cls._connect_gen(conninfo, timeout=timeout)
                rv = waiting.wait_conn(gen, interval=_WAIT_INTERVAL)
            except e.Error as ex:
                logger.debug("connection failed: %s: %s", descr, str(ex))
                conn_errors.append((ex, descr))
            except e._NO_TRACEBACK as ex:
                raise ex.with_traceback(None)
            else:
                logger.debug("connection succeeded: %s", descr)
                break
    
        if not rv:
            last_ex = conn_errors[-1][0]
            if len(conn_errors) == 1:
                raise last_ex.with_traceback(None)
    
            # Create a new exception with the same type as the last one, containing
            # all attempt errors while preserving backward compatibility.
            lines = [str(last_ex)]
            lines.append("Multiple connection attempts failed. All failures were:")
            lines.extend((f"- {descr}: {error}" for error, descr in conn_errors))
>           raise type(last_ex)("\n".join(lines)).with_traceback(None)
E           psycopg.OperationalError: connection failed: connection to server at "127.0.0.1", port 5432 failed: FATAL:  la autentificaci\ufffdn password fall\ufffd para el usuario \ufffdpostgres\ufffd
E           Multiple connection attempts failed. All failures were:
E           - host: 'localhost', port: '5432', hostaddr: '::1': connection failed: connection to server at "::1", port 5432 failed: FATAL:  la autentificaci\ufffdn password fall\ufffd para el usuario \ufffdpostgres\ufffd
E           - host: 'localhost', port: '5432', hostaddr: '127.0.0.1': connection failed: connection to server at "127.0.0.1", port 5432 failed: FATAL:  la autentificaci\ufffdn password fall\ufffd para el usuario \ufffdpostgres\ufffd

..\..\..\AppData\Roaming\Python\Python313\site-packages\psycopg\connection.py:127: OperationalError

The above exception was the direct cause of the following exception:

request = <SubRequest 'django_db_setup' for <Function test_login_success_returns_jwt>>
django_test_environment = None
django_db_blocker = <pytest_django.plugin.DjangoDbBlocker object at 0x000001CEB17F0050>
django_db_use_migrations = True, django_db_keepdb = False
django_db_createdb = False, django_db_modify_db_settings = None

    @pytest.fixture(scope="session")
    def django_db_setup(
        request: pytest.FixtureRequest,
        django_test_environment: None,
        django_db_blocker: DjangoDbBlocker,
        django_db_use_migrations: bool,
        django_db_keepdb: bool,
        django_db_createdb: bool,
        django_db_modify_db_settings: None,
    ) -> Generator[None, None, None]:
        """Top level fixture to ensure test databases are available"""
        from django.test.utils import setup_databases, teardown_databases
    
        setup_databases_args = {}
    
        if not django_db_use_migrations:
            _disable_migrations()
    
        if django_db_keepdb and not django_db_createdb:
            setup_databases_args["keepdb"] = True
    
        with django_db_blocker.unblock():
>           db_cfg = setup_databases(
                verbosity=request.config.option.verbose,
                interactive=False,
                **setup_databases_args,
            )

..\..\..\AppData\Roaming\Python\Python313\site-packages\pytest_django\fixtures.py:140: 
_ _ _ _ _ _ _ _ _ _ _ _ _ _ _ _ _ _ _ _ _ _ _ _ _ _ _ _ _ _ _ _ _ _ _ _ _ _ _ _
..\..\..\AppData\Roaming\Python\Python313\site-packages\django\test\utils.py:204: in setup_databases
    connection.creation.create_test_db(
..\..\..\AppData\Roaming\Python\Python313\site-packages\django\db\backends\base\creation.py:62: in create_test_db
    self._create_test_db(verbosity, autoclobber, keepdb)
..\..\..\AppData\Roaming\Python\Python313\site-packages\django\db\backends\base\creation.py:202: in _create_test_db
    with self._nodb_cursor() as cursor:
C:\Python313\Lib\contextlib.py:141: in __enter__
    return next(self.gen)
..\..\..\AppData\Roaming\Python\Python313\site-packages\django\db\backends\postgresql\base.py:533: in _nodb_cursor
    with conn.cursor() as cursor:
..\..\..\AppData\Roaming\Python\Python313\site-packages\django\utils\asyncio.py:26: in inner
    return func(*args, **kwargs)
..\..\..\AppData\Roaming\Python\Python313\site-packages\django\db\backends\base\base.py:320: in cursor
    return self._cursor()
..\..\..\AppData\Roaming\Python\Python313\site-packages\django\db\backends\base\base.py:296: in _cursor
    self.ensure_connection()
..\..\..\AppData\Roaming\Python\Python313\site-packages\django\utils\asyncio.py:26: in inner
    return func(*args, **kwargs)
..\..\..\AppData\Roaming\Python\Python313\site-packages\django\db\backends\base\base.py:278: in ensure_connection
    with self.wrap_database_errors:
..\..\..\AppData\Roaming\Python\Python313\site-packages\django\db\utils.py:91: in __exit__
    raise dj_exc_value.with_traceback(traceback) from exc_value
..\..\..\AppData\Roaming\Python\Python313\site-packages\django\db\backends\base\base.py:279: in ensure_connection
    self.connect()
..\..\..\AppData\Roaming\Python\Python313\site-packages\django\utils\asyncio.py:26: in inner
    return func(*args, **kwargs)
..\..\..\AppData\Roaming\Python\Python313\site-packages\django\db\backends\base\base.py:256: in connect
    self.connection = self.get_new_connection(conn_params)
..\..\..\AppData\Roaming\Python\Python313\site-packages\django\utils\asyncio.py:26: in inner
    return func(*args, **kwargs)
..\..\..\AppData\Roaming\Python\Python313\site-packages\django\db\backends\postgresql\base.py:332: in get_new_connection
    connection = self.Database.connect(**conn_params)
_ _ _ _ _ _ _ _ _ _ _ _ _ _ _ _ _ _ _ _ _ _ _ _ _ _ _ _ _ _ _ _ _ _ _ _ _ _ _ _

cls = <class 'psycopg.Connection'>
conninfo = 'dbname=ruffles_db client_encoding=UTF8 user=postgres password=postgres host=localhost port=5432 hostaddr=127.0.0.1'
autocommit = False, prepare_threshold = None
context = <psycopg.adapt.AdaptersMap object at 0x000001CEB3E42350>
row_factory = None
cursor_factory = <class 'django.db.backends.postgresql.base.Cursor'>
kwargs = {'client_encoding': 'UTF8', 'dbname': 'ruffles_db', 'host': 'localhost', 'password': 'postgres', ...}
params = {'client_encoding': 'UTF8', 'dbname': 'ruffles_db', 'host': 'localhost', 'password': 'postgres', ...}
timeout = 130

    @classmethod
    def connect(
        cls,
        conninfo: str = "",
        *,
        autocommit: bool = False,
        prepare_threshold: int | None = 5,
        context: AdaptContext | None = None,
        row_factory: RowFactory[Row] | None = None,
        cursor_factory: type[Cursor[Row]] | None = None,
        **kwargs: ConnParam,
    ) -> Self:
        """
        Connect to a database server and return a new `Connection` instance.
        """
    
        params = cls._get_connection_params(conninfo, **kwargs)
        timeout = timeout_from_conninfo(params)
        rv = None
        attempts = conninfo_attempts(params)
        conn_errors: list[tuple[e.Error, str]] = []
        for attempt in attempts:
            tdescr = (attempt.get("host"), attempt.get("port"), attempt.get("hostaddr"))
            descr = "host: %r, port: %r, hostaddr: %r" % tdescr
            logger.debug("connection attempt: %s", descr)
            try:
                conninfo = make_conninfo("", **attempt)
                gen = cls._connect_gen(conninfo, timeout=timeout)
                rv = waiting.wait_conn(gen, interval=_WAIT_INTERVAL)
            except e.Error as ex:
                logger.debug("connection failed: %s: %s", descr, str(ex))
                conn_errors.append((ex, descr))
            except e._NO_TRACEBACK as ex:
                raise ex.with_traceback(None)
            else:
                logger.debug("connection succeeded: %s", descr)
                break
    
        if not rv:
            last_ex = conn_errors[-1][0]
            if len(conn_errors) == 1:
                raise last_ex.with_traceback(None)
    
            # Create a new exception with the same type as the last one, containing
            # all attempt errors while preserving backward compatibility.
            lines = [str(last_ex)]
            lines.append("Multiple connection attempts failed. All failures were:")
            lines.extend((f"- {descr}: {error}" for error, descr in conn_errors))
>           raise type(last_ex)("\n".join(lines)).with_traceback(None)
E           django.db.utils.OperationalError: connection failed: connection to server at "127.0.0.1", port 5432 failed: FATAL:  la autentificaci\ufffdn password fall\ufffd para el usuario \ufffdpostgres\ufffd
E           Multiple connection attempts failed. All failures were:
E           - host: 'localhost', port: '5432', hostaddr: '::1': connection failed: connection to server at "::1", port 5432 failed: FATAL:  la autentificaci\ufffdn password fall\ufffd para el usuario \ufffdpostgres\ufffd
E           - host: 'localhost', port: '5432', hostaddr: '127.0.0.1': connection failed: connection to server at "127.0.0.1", port 5432 failed: FATAL:  la autentificaci\ufffdn password fall\ufffd para el usuario \ufffdpostgres\ufffd

..\..\..\AppData\Roaming\Python\Python313\site-packages\psycopg\connection.py:127: OperationalError
_ ERROR at setup of TestPersonalPanel.test_guest_list_purchases_no_phone_error _

self = <DatabaseWrapper vendor='postgresql' alias='__no_db__'>

    @async_unsafe
    def ensure_connection(self):
        """Guarantee that a connection to the database is established."""
        if self.connection is None:
            if self.in_atomic_block and self.closed_in_transaction:
                raise ProgrammingError(
                    "Cannot open a new connection in an atomic block."
                )
            with self.wrap_database_errors:
>               self.connect()

..\..\..\AppData\Roaming\Python\Python313\site-packages\django\db\backends\base\base.py:279: 
_ _ _ _ _ _ _ _ _ _ _ _ _ _ _ _ _ _ _ _ _ _ _ _ _ _ _ _ _ _ _ _ _ _ _ _ _ _ _ _
..\..\..\AppData\Roaming\Python\Python313\site-packages\django\utils\asyncio.py:26: in inner
    return func(*args, **kwargs)
..\..\..\AppData\Roaming\Python\Python313\site-packages\django\db\backends\base\base.py:256: in connect
    self.connection = self.get_new_connection(conn_params)
..\..\..\AppData\Roaming\Python\Python313\site-packages\django\utils\asyncio.py:26: in inner
    return func(*args, **kwargs)
..\..\..\AppData\Roaming\Python\Python313\site-packages\django\db\backends\postgresql\base.py:332: in get_new_connection
    connection = self.Database.connect(**conn_params)
_ _ _ _ _ _ _ _ _ _ _ _ _ _ _ _ _ _ _ _ _ _ _ _ _ _ _ _ _ _ _ _ _ _ _ _ _ _ _ _

cls = <class 'psycopg.Connection'>
conninfo = 'dbname=postgres client_encoding=UTF8 user=postgres password=postgres host=localhost port=5432 hostaddr=127.0.0.1'
autocommit = False, prepare_threshold = None
context = <psycopg.adapt.AdaptersMap object at 0x000001CEB3E42350>
row_factory = None
cursor_factory = <class 'django.db.backends.postgresql.base.Cursor'>
kwargs = {'client_encoding': 'UTF8', 'dbname': 'postgres', 'host': 'localhost', 'password': 'postgres', ...}
params = {'client_encoding': 'UTF8', 'dbname': 'postgres', 'host': 'localhost', 'password': 'postgres', ...}
timeout = 130

    @classmethod
    def connect(
        cls,
        conninfo: str = "",
        *,
        autocommit: bool = False,
        prepare_threshold: int | None = 5,
        context: AdaptContext | None = None,
        row_factory: RowFactory[Row] | None = None,
        cursor_factory: type[Cursor[Row]] | None = None,
        **kwargs: ConnParam,
    ) -> Self:
        """
        Connect to a database server and return a new `Connection` instance.
        """
    
        params = cls._get_connection_params(conninfo, **kwargs)
        timeout = timeout_from_conninfo(params)
        rv = None
        attempts = conninfo_attempts(params)
        conn_errors: list[tuple[e.Error, str]] = []
        for attempt in attempts:
            tdescr = (attempt.get("host"), attempt.get("port"), attempt.get("hostaddr"))
            descr = "host: %r, port: %r, hostaddr: %r" % tdescr
            logger.debug("connection attempt: %s", descr)
            try:
                conninfo = make_conninfo("", **attempt)
                gen = cls._connect_gen(conninfo, timeout=timeout)
                rv = waiting.wait_conn(gen, interval=_WAIT_INTERVAL)
            except e.Error as ex:
                logger.debug("connection failed: %s: %s", descr, str(ex))
                conn_errors.append((ex, descr))
            except e._NO_TRACEBACK as ex:
                raise ex.with_traceback(None)
            else:
                logger.debug("connection succeeded: %s", descr)
                break
    
        if not rv:
            last_ex = conn_errors[-1][0]
            if len(conn_errors) == 1:
                raise last_ex.with_traceback(None)
    
            # Create a new exception with the same type as the last one, containing
            # all attempt errors while preserving backward compatibility.
            lines = [str(last_ex)]
            lines.append("Multiple connection attempts failed. All failures were:")
            lines.extend((f"- {descr}: {error}" for error, descr in conn_errors))
>           raise type(last_ex)("\n".join(lines)).with_traceback(None)
E           psycopg.OperationalError: connection failed: connection to server at "127.0.0.1", port 5432 failed: FATAL:  la autentificaci\ufffdn password fall\ufffd para el usuario \ufffdpostgres\ufffd
E           Multiple connection attempts failed. All failures were:
E           - host: 'localhost', port: '5432', hostaddr: '::1': connection failed: connection to server at "::1", port 5432 failed: FATAL:  la autentificaci\ufffdn password fall\ufffd para el usuario \ufffdpostgres\ufffd
E           - host: 'localhost', port: '5432', hostaddr: '127.0.0.1': connection failed: connection to server at "127.0.0.1", port 5432 failed: FATAL:  la autentificaci\ufffdn password fall\ufffd para el usuario \ufffdpostgres\ufffd

..\..\..\AppData\Roaming\Python\Python313\site-packages\psycopg\connection.py:127: OperationalError

The above exception was the direct cause of the following exception:

self = <DatabaseWrapper vendor='postgresql' alias='default'>

    @contextmanager
    def _nodb_cursor(self):
        cursor = None
        try:
>           with super()._nodb_cursor() as cursor:

..\..\..\AppData\Roaming\Python\Python313\site-packages\django\db\backends\postgresql\base.py:507: 
_ _ _ _ _ _ _ _ _ _ _ _ _ _ _ _ _ _ _ _ _ _ _ _ _ _ _ _ _ _ _ _ _ _ _ _ _ _ _ _
C:\Python313\Lib\contextlib.py:141: in __enter__
    return next(self.gen)
..\..\..\AppData\Roaming\Python\Python313\site-packages\django\db\backends\base\base.py:712: in _nodb_cursor
    with conn.cursor() as cursor:
..\..\..\AppData\Roaming\Python\Python313\site-packages\django\utils\asyncio.py:26: in inner
    return func(*args, **kwargs)
..\..\..\AppData\Roaming\Python\Python313\site-packages\django\db\backends\base\base.py:320: in cursor
    return self._cursor()
..\..\..\AppData\Roaming\Python\Python313\site-packages\django\db\backends\base\base.py:296: in _cursor
    self.ensure_connection()
..\..\..\AppData\Roaming\Python\Python313\site-packages\django\utils\asyncio.py:26: in inner
    return func(*args, **kwargs)
..\..\..\AppData\Roaming\Python\Python313\site-packages\django\db\backends\base\base.py:278: in ensure_connection
    with self.wrap_database_errors:
..\..\..\AppData\Roaming\Python\Python313\site-packages\django\db\utils.py:91: in __exit__
    raise dj_exc_value.with_traceback(traceback) from exc_value
..\..\..\AppData\Roaming\Python\Python313\site-packages\django\db\backends\base\base.py:279: in ensure_connection
    self.connect()
..\..\..\AppData\Roaming\Python\Python313\site-packages\django\utils\asyncio.py:26: in inner
    return func(*args, **kwargs)
..\..\..\AppData\Roaming\Python\Python313\site-packages\django\db\backends\base\base.py:256: in connect
    self.connection = self.get_new_connection(conn_params)
..\..\..\AppData\Roaming\Python\Python313\site-packages\django\utils\asyncio.py:26: in inner
    return func(*args, **kwargs)
..\..\..\AppData\Roaming\Python\Python313\site-packages\django\db\backends\postgresql\base.py:332: in get_new_connection
    connection = self.Database.connect(**conn_params)
_ _ _ _ _ _ _ _ _ _ _ _ _ _ _ _ _ _ _ _ _ _ _ _ _ _ _ _ _ _ _ _ _ _ _ _ _ _ _ _

cls = <class 'psycopg.Connection'>
conninfo = 'dbname=postgres client_encoding=UTF8 user=postgres password=postgres host=localhost port=5432 hostaddr=127.0.0.1'
autocommit = False, prepare_threshold = None
context = <psycopg.adapt.AdaptersMap object at 0x000001CEB3E42350>
row_factory = None
cursor_factory = <class 'django.db.backends.postgresql.base.Cursor'>
kwargs = {'client_encoding': 'UTF8', 'dbname': 'postgres', 'host': 'localhost', 'password': 'postgres', ...}
params = {'client_encoding': 'UTF8', 'dbname': 'postgres', 'host': 'localhost', 'password': 'postgres', ...}
timeout = 130

    @classmethod
    def connect(
        cls,
        conninfo: str = "",
        *,
        autocommit: bool = False,
        prepare_threshold: int | None = 5,
        context: AdaptContext | None = None,
        row_factory: RowFactory[Row] | None = None,
        cursor_factory: type[Cursor[Row]] | None = None,
        **kwargs: ConnParam,
    ) -> Self:
        """
        Connect to a database server and return a new `Connection` instance.
        """
    
        params = cls._get_connection_params(conninfo, **kwargs)
        timeout = timeout_from_conninfo(params)
        rv = None
        attempts = conninfo_attempts(params)
        conn_errors: list[tuple[e.Error, str]] = []
        for attempt in attempts:
            tdescr = (attempt.get("host"), attempt.get("port"), attempt.get("hostaddr"))
            descr = "host: %r, port: %r, hostaddr: %r" % tdescr
            logger.debug("connection attempt: %s", descr)
            try:
                conninfo = make_conninfo("", **attempt)
                gen = cls._connect_gen(conninfo, timeout=timeout)
                rv = waiting.wait_conn(gen, interval=_WAIT_INTERVAL)
            except e.Error as ex:
                logger.debug("connection failed: %s: %s", descr, str(ex))
                conn_errors.append((ex, descr))
            except e._NO_TRACEBACK as ex:
                raise ex.with_traceback(None)
            else:
                logger.debug("connection succeeded: %s", descr)
                break
    
        if not rv:
            last_ex = conn_errors[-1][0]
            if len(conn_errors) == 1:
                raise last_ex.with_traceback(None)
    
            # Create a new exception with the same type as the last one, containing
            # all attempt errors while preserving backward compatibility.
            lines = [str(last_ex)]
            lines.append("Multiple connection attempts failed. All failures were:")
            lines.extend((f"- {descr}: {error}" for error, descr in conn_errors))
>           raise type(last_ex)("\n".join(lines)).with_traceback(None)
E           django.db.utils.OperationalError: connection failed: connection to server at "127.0.0.1", port 5432 failed: FATAL:  la autentificaci\ufffdn password fall\ufffd para el usuario \ufffdpostgres\ufffd
E           Multiple connection attempts failed. All failures were:
E           - host: 'localhost', port: '5432', hostaddr: '::1': connection failed: connection to server at "::1", port 5432 failed: FATAL:  la autentificaci\ufffdn password fall\ufffd para el usuario \ufffdpostgres\ufffd
E           - host: 'localhost', port: '5432', hostaddr: '127.0.0.1': connection failed: connection to server at "127.0.0.1", port 5432 failed: FATAL:  la autentificaci\ufffdn password fall\ufffd para el usuario \ufffdpostgres\ufffd

..\..\..\AppData\Roaming\Python\Python313\site-packages\psycopg\connection.py:127: OperationalError

During handling of the above exception, another exception occurred:

self = <DatabaseWrapper vendor='postgresql' alias='default'>

    @async_unsafe
    def ensure_connection(self):
        """Guarantee that a connection to the database is established."""
        if self.connection is None:
            if self.in_atomic_block and self.closed_in_transaction:
                raise ProgrammingError(
                    "Cannot open a new connection in an atomic block."
                )
            with self.wrap_database_errors:
>               self.connect()

..\..\..\AppData\Roaming\Python\Python313\site-packages\django\db\backends\base\base.py:279: 
_ _ _ _ _ _ _ _ _ _ _ _ _ _ _ _ _ _ _ _ _ _ _ _ _ _ _ _ _ _ _ _ _ _ _ _ _ _ _ _
..\..\..\AppData\Roaming\Python\Python313\site-packages\django\utils\asyncio.py:26: in inner
    return func(*args, **kwargs)
..\..\..\AppData\Roaming\Python\Python313\site-packages\django\db\backends\base\base.py:256: in connect
    self.connection = self.get_new_connection(conn_params)
..\..\..\AppData\Roaming\Python\Python313\site-packages\django\utils\asyncio.py:26: in inner
    return func(*args, **kwargs)
..\..\..\AppData\Roaming\Python\Python313\site-packages\django\db\backends\postgresql\base.py:332: in get_new_connection
    connection = self.Database.connect(**conn_params)
_ _ _ _ _ _ _ _ _ _ _ _ _ _ _ _ _ _ _ _ _ _ _ _ _ _ _ _ _ _ _ _ _ _ _ _ _ _ _ _

cls = <class 'psycopg.Connection'>
conninfo = 'dbname=ruffles_db client_encoding=UTF8 user=postgres password=postgres host=localhost port=5432 hostaddr=127.0.0.1'
autocommit = False, prepare_threshold = None
context = <psycopg.adapt.AdaptersMap object at 0x000001CEB3E42350>
row_factory = None
cursor_factory = <class 'django.db.backends.postgresql.base.Cursor'>
kwargs = {'client_encoding': 'UTF8', 'dbname': 'ruffles_db', 'host': 'localhost', 'password': 'postgres', ...}
params = {'client_encoding': 'UTF8', 'dbname': 'ruffles_db', 'host': 'localhost', 'password': 'postgres', ...}
timeout = 130

    @classmethod
    def connect(
        cls,
        conninfo: str = "",
        *,
        autocommit: bool = False,
        prepare_threshold: int | None = 5,
        context: AdaptContext | None = None,
        row_factory: RowFactory[Row] | None = None,
        cursor_factory: type[Cursor[Row]] | None = None,
        **kwargs: ConnParam,
    ) -> Self:
        """
        Connect to a database server and return a new `Connection` instance.
        """
    
        params = cls._get_connection_params(conninfo, **kwargs)
        timeout = timeout_from_conninfo(params)
        rv = None
        attempts = conninfo_attempts(params)
        conn_errors: list[tuple[e.Error, str]] = []
        for attempt in attempts:
            tdescr = (attempt.get("host"), attempt.get("port"), attempt.get("hostaddr"))
            descr = "host: %r, port: %r, hostaddr: %r" % tdescr
            logger.debug("connection attempt: %s", descr)
            try:
                conninfo = make_conninfo("", **attempt)
                gen = cls._connect_gen(conninfo, timeout=timeout)
                rv = waiting.wait_conn(gen, interval=_WAIT_INTERVAL)
            except e.Error as ex:
                logger.debug("connection failed: %s: %s", descr, str(ex))
                conn_errors.append((ex, descr))
            except e._NO_TRACEBACK as ex:
                raise ex.with_traceback(None)
            else:
                logger.debug("connection succeeded: %s", descr)
                break
    
        if not rv:
            last_ex = conn_errors[-1][0]
            if len(conn_errors) == 1:
                raise last_ex.with_traceback(None)
    
            # Create a new exception with the same type as the last one, containing
            # all attempt errors while preserving backward compatibility.
            lines = [str(last_ex)]
            lines.append("Multiple connection attempts failed. All failures were:")
            lines.extend((f"- {descr}: {error}" for error, descr in conn_errors))
>           raise type(last_ex)("\n".join(lines)).with_traceback(None)
E           psycopg.OperationalError: connection failed: connection to server at "127.0.0.1", port 5432 failed: FATAL:  la autentificaci\ufffdn password fall\ufffd para el usuario \ufffdpostgres\ufffd
E           Multiple connection attempts failed. All failures were:
E           - host: 'localhost', port: '5432', hostaddr: '::1': connection failed: connection to server at "::1", port 5432 failed: FATAL:  la autentificaci\ufffdn password fall\ufffd para el usuario \ufffdpostgres\ufffd
E           - host: 'localhost', port: '5432', hostaddr: '127.0.0.1': connection failed: connection to server at "127.0.0.1", port 5432 failed: FATAL:  la autentificaci\ufffdn password fall\ufffd para el usuario \ufffdpostgres\ufffd

..\..\..\AppData\Roaming\Python\Python313\site-packages\psycopg\connection.py:127: OperationalError

The above exception was the direct cause of the following exception:

request = <SubRequest '_django_db_marker' for <Function test_guest_list_purchases_no_phone_error>>

    @pytest.fixture(autouse=True)
    def _django_db_marker(request: pytest.FixtureRequest) -> None:
        """Implement the django_db marker, internal to pytest-django."""
        marker = request.node.get_closest_marker("django_db")
        if marker:
>           request.getfixturevalue("_django_db_helper")

..\..\..\AppData\Roaming\Python\Python313\site-packages\pytest_django\plugin.py:527: 
_ _ _ _ _ _ _ _ _ _ _ _ _ _ _ _ _ _ _ _ _ _ _ _ _ _ _ _ _ _ _ _ _ _ _ _ _ _ _ _
..\..\..\AppData\Roaming\Python\Python313\site-packages\pytest_django\fixtures.py:140: in django_db_setup
    db_cfg = setup_databases(
..\..\..\AppData\Roaming\Python\Python313\site-packages\django\test\utils.py:204: in setup_databases
    connection.creation.create_test_db(
..\..\..\AppData\Roaming\Python\Python313\site-packages\django\db\backends\base\creation.py:62: in create_test_db
    self._create_test_db(verbosity, autoclobber, keepdb)
..\..\..\AppData\Roaming\Python\Python313\site-packages\django\db\backends\base\creation.py:202: in _create_test_db
    with self._nodb_cursor() as cursor:
C:\Python313\Lib\contextlib.py:141: in __enter__
    return next(self.gen)
..\..\..\AppData\Roaming\Python\Python313\site-packages\django\db\backends\postgresql\base.py:533: in _nodb_cursor
    with conn.cursor() as cursor:
..\..\..\AppData\Roaming\Python\Python313\site-packages\django\utils\asyncio.py:26: in inner
    return func(*args, **kwargs)
..\..\..\AppData\Roaming\Python\Python313\site-packages\django\db\backends\base\base.py:320: in cursor
    return self._cursor()
..\..\..\AppData\Roaming\Python\Python313\site-packages\django\db\backends\base\base.py:296: in _cursor
    self.ensure_connection()
..\..\..\AppData\Roaming\Python\Python313\site-packages\django\utils\asyncio.py:26: in inner
    return func(*args, **kwargs)
..\..\..\AppData\Roaming\Python\Python313\site-packages\django\db\backends\base\base.py:278: in ensure_connection
    with self.wrap_database_errors:
..\..\..\AppData\Roaming\Python\Python313\site-packages\django\db\utils.py:91: in __exit__
    raise dj_exc_value.with_traceback(traceback) from exc_value
..\..\..\AppData\Roaming\Python\Python313\site-packages\django\db\backends\base\base.py:279: in ensure_connection
    self.connect()
..\..\..\AppData\Roaming\Python\Python313\site-packages\django\utils\asyncio.py:26: in inner
    return func(*args, **kwargs)
..\..\..\AppData\Roaming\Python\Python313\site-packages\django\db\backends\base\base.py:256: in connect
    self.connection = self.get_new_connection(conn_params)
..\..\..\AppData\Roaming\Python\Python313\site-packages\django\utils\asyncio.py:26: in inner
    return func(*args, **kwargs)
..\..\..\AppData\Roaming\Python\Python313\site-packages\django\db\backends\postgresql\base.py:332: in get_new_connection
    connection = self.Database.connect(**conn_params)
_ _ _ _ _ _ _ _ _ _ _ _ _ _ _ _ _ _ _ _ _ _ _ _ _ _ _ _ _ _ _ _ _ _ _ _ _ _ _ _

cls = <class 'psycopg.Connection'>
conninfo = 'dbname=ruffles_db client_encoding=UTF8 user=postgres password=postgres host=localhost port=5432 hostaddr=127.0.0.1'
autocommit = False, prepare_threshold = None
context = <psycopg.adapt.AdaptersMap object at 0x000001CEB3E42350>
row_factory = None
cursor_factory = <class 'django.db.backends.postgresql.base.Cursor'>
kwargs = {'client_encoding': 'UTF8', 'dbname': 'ruffles_db', 'host': 'localhost', 'password': 'postgres', ...}
params = {'client_encoding': 'UTF8', 'dbname': 'ruffles_db', 'host': 'localhost', 'password': 'postgres', ...}
timeout = 130

    @classmethod
    def connect(
        cls,
        conninfo: str = "",
        *,
        autocommit: bool = False,
        prepare_threshold: int | None = 5,
        context: AdaptContext | None = None,
        row_factory: RowFactory[Row] | None = None,
        cursor_factory: type[Cursor[Row]] | None = None,
        **kwargs: ConnParam,
    ) -> Self:
        """
        Connect to a database server and return a new `Connection` instance.
        """
    
        params = cls._get_connection_params(conninfo, **kwargs)
        timeout = timeout_from_conninfo(params)
        rv = None
        attempts = conninfo_attempts(params)
        conn_errors: list[tuple[e.Error, str]] = []
        for attempt in attempts:
            tdescr = (attempt.get("host"), attempt.get("port"), attempt.get("hostaddr"))
            descr = "host: %r, port: %r, hostaddr: %r" % tdescr
            logger.debug("connection attempt: %s", descr)
            try:
                conninfo = make_conninfo("", **attempt)
                gen = cls._connect_gen(conninfo, timeout=timeout)
                rv = waiting.wait_conn(gen, interval=_WAIT_INTERVAL)
            except e.Error as ex:
                logger.debug("connection failed: %s: %s", descr, str(ex))
                conn_errors.append((ex, descr))
            except e._NO_TRACEBACK as ex:
                raise ex.with_traceback(None)
            else:
                logger.debug("connection succeeded: %s", descr)
                break
    
        if not rv:
            last_ex = conn_errors[-1][0]
            if len(conn_errors) == 1:
                raise last_ex.with_traceback(None)
    
            # Create a new exception with the same type as the last one, containing
            # all attempt errors while preserving backward compatibility.
            lines = [str(last_ex)]
            lines.append("Multiple connection attempts failed. All failures were:")
            lines.extend((f"- {descr}: {error}" for error, descr in conn_errors))
>           raise type(last_ex)("\n".join(lines)).with_traceback(None)
E           django.db.utils.OperationalError: connection failed: connection to server at "127.0.0.1", port 5432 failed: FATAL:  la autentificaci\ufffdn password fall\ufffd para el usuario \ufffdpostgres\ufffd
E           Multiple connection attempts failed. All failures were:
E           - host: 'localhost', port: '5432', hostaddr: '::1': connection failed: connection to server at "::1", port 5432 failed: FATAL:  la autentificaci\ufffdn password fall\ufffd para el usuario \ufffdpostgres\ufffd
E           - host: 'localhost', port: '5432', hostaddr: '127.0.0.1': connection failed: connection to server at "127.0.0.1", port 5432 failed: FATAL:  la autentificaci\ufffdn password fall\ufffd para el usuario \ufffdpostgres\ufffd

..\..\..\AppData\Roaming\Python\Python313\site-packages\psycopg\connection.py:127: OperationalError
_ ERROR at setup of TestPersonalPanel.test_guest_list_purchases_invalid_phone_format _

self = <DatabaseWrapper vendor='postgresql' alias='__no_db__'>

    @async_unsafe
    def ensure_connection(self):
        """Guarantee that a connection to the database is established."""
        if self.connection is None:
            if self.in_atomic_block and self.closed_in_transaction:
                raise ProgrammingError(
                    "Cannot open a new connection in an atomic block."
                )
            with self.wrap_database_errors:
>               self.connect()

..\..\..\AppData\Roaming\Python\Python313\site-packages\django\db\backends\base\base.py:279: 
_ _ _ _ _ _ _ _ _ _ _ _ _ _ _ _ _ _ _ _ _ _ _ _ _ _ _ _ _ _ _ _ _ _ _ _ _ _ _ _
..\..\..\AppData\Roaming\Python\Python313\site-packages\django\utils\asyncio.py:26: in inner
    return func(*args, **kwargs)
..\..\..\AppData\Roaming\Python\Python313\site-packages\django\db\backends\base\base.py:256: in connect
    self.connection = self.get_new_connection(conn_params)
..\..\..\AppData\Roaming\Python\Python313\site-packages\django\utils\asyncio.py:26: in inner
    return func(*args, **kwargs)
..\..\..\AppData\Roaming\Python\Python313\site-packages\django\db\backends\postgresql\base.py:332: in get_new_connection
    connection = self.Database.connect(**conn_params)
_ _ _ _ _ _ _ _ _ _ _ _ _ _ _ _ _ _ _ _ _ _ _ _ _ _ _ _ _ _ _ _ _ _ _ _ _ _ _ _

cls = <class 'psycopg.Connection'>
conninfo = 'dbname=postgres client_encoding=UTF8 user=postgres password=postgres host=localhost port=5432 hostaddr=127.0.0.1'
autocommit = False, prepare_threshold = None
context = <psycopg.adapt.AdaptersMap object at 0x000001CEB3E42350>
row_factory = None
cursor_factory = <class 'django.db.backends.postgresql.base.Cursor'>
kwargs = {'client_encoding': 'UTF8', 'dbname': 'postgres', 'host': 'localhost', 'password': 'postgres', ...}
params = {'client_encoding': 'UTF8', 'dbname': 'postgres', 'host': 'localhost', 'password': 'postgres', ...}
timeout = 130

    @classmethod
    def connect(
        cls,
        conninfo: str = "",
        *,
        autocommit: bool = False,
        prepare_threshold: int | None = 5,
        context: AdaptContext | None = None,
        row_factory: RowFactory[Row] | None = None,
        cursor_factory: type[Cursor[Row]] | None = None,
        **kwargs: ConnParam,
    ) -> Self:
        """
        Connect to a database server and return a new `Connection` instance.
        """
    
        params = cls._get_connection_params(conninfo, **kwargs)
        timeout = timeout_from_conninfo(params)
        rv = None
        attempts = conninfo_attempts(params)
        conn_errors: list[tuple[e.Error, str]] = []
        for attempt in attempts:
            tdescr = (attempt.get("host"), attempt.get("port"), attempt.get("hostaddr"))
            descr = "host: %r, port: %r, hostaddr: %r" % tdescr
            logger.debug("connection attempt: %s", descr)
            try:
                conninfo = make_conninfo("", **attempt)
                gen = cls._connect_gen(conninfo, timeout=timeout)
                rv = waiting.wait_conn(gen, interval=_WAIT_INTERVAL)
            except e.Error as ex:
                logger.debug("connection failed: %s: %s", descr, str(ex))
                conn_errors.append((ex, descr))
            except e._NO_TRACEBACK as ex:
                raise ex.with_traceback(None)
            else:
                logger.debug("connection succeeded: %s", descr)
                break
    
        if not rv:
            last_ex = conn_errors[-1][0]
            if len(conn_errors) == 1:
                raise last_ex.with_traceback(None)
    
            # Create a new exception with the same type as the last one, containing
            # all attempt errors while preserving backward compatibility.
            lines = [str(last_ex)]
            lines.append("Multiple connection attempts failed. All failures were:")
            lines.extend((f"- {descr}: {error}" for error, descr in conn_errors))
>           raise type(last_ex)("\n".join(lines)).with_traceback(None)
E           psycopg.OperationalError: connection failed: connection to server at "127.0.0.1", port 5432 failed: FATAL:  la autentificaci\ufffdn password fall\ufffd para el usuario \ufffdpostgres\ufffd
E           Multiple connection attempts failed. All failures were:
E           - host: 'localhost', port: '5432', hostaddr: '::1': connection failed: connection to server at "::1", port 5432 failed: FATAL:  la autentificaci\ufffdn password fall\ufffd para el usuario \ufffdpostgres\ufffd
E           - host: 'localhost', port: '5432', hostaddr: '127.0.0.1': connection failed: connection to server at "127.0.0.1", port 5432 failed: FATAL:  la autentificaci\ufffdn password fall\ufffd para el usuario \ufffdpostgres\ufffd

..\..\..\AppData\Roaming\Python\Python313\site-packages\psycopg\connection.py:127: OperationalError

The above exception was the direct cause of the following exception:

self = <DatabaseWrapper vendor='postgresql' alias='default'>

    @contextmanager
    def _nodb_cursor(self):
        cursor = None
        try:
>           with super()._nodb_cursor() as cursor:

..\..\..\AppData\Roaming\Python\Python313\site-packages\django\db\backends\postgresql\base.py:507: 
_ _ _ _ _ _ _ _ _ _ _ _ _ _ _ _ _ _ _ _ _ _ _ _ _ _ _ _ _ _ _ _ _ _ _ _ _ _ _ _
C:\Python313\Lib\contextlib.py:141: in __enter__
    return next(self.gen)
..\..\..\AppData\Roaming\Python\Python313\site-packages\django\db\backends\base\base.py:712: in _nodb_cursor
    with conn.cursor() as cursor:
..\..\..\AppData\Roaming\Python\Python313\site-packages\django\utils\asyncio.py:26: in inner
    return func(*args, **kwargs)
..\..\..\AppData\Roaming\Python\Python313\site-packages\django\db\backends\base\base.py:320: in cursor
    return self._cursor()
..\..\..\AppData\Roaming\Python\Python313\site-packages\django\db\backends\base\base.py:296: in _cursor
    self.ensure_connection()
..\..\..\AppData\Roaming\Python\Python313\site-packages\django\utils\asyncio.py:26: in inner
    return func(*args, **kwargs)
..\..\..\AppData\Roaming\Python\Python313\site-packages\django\db\backends\base\base.py:278: in ensure_connection
    with self.wrap_database_errors:
..\..\..\AppData\Roaming\Python\Python313\site-packages\django\db\utils.py:91: in __exit__
    raise dj_exc_value.with_traceback(traceback) from exc_value
..\..\..\AppData\Roaming\Python\Python313\site-packages\django\db\backends\base\base.py:279: in ensure_connection
    self.connect()
..\..\..\AppData\Roaming\Python\Python313\site-packages\django\utils\asyncio.py:26: in inner
    return func(*args, **kwargs)
..\..\..\AppData\Roaming\Python\Python313\site-packages\django\db\backends\base\base.py:256: in connect
    self.connection = self.get_new_connection(conn_params)
..\..\..\AppData\Roaming\Python\Python313\site-packages\django\utils\asyncio.py:26: in inner
    return func(*args, **kwargs)
..\..\..\AppData\Roaming\Python\Python313\site-packages\django\db\backends\postgresql\base.py:332: in get_new_connection
    connection = self.Database.connect(**conn_params)
_ _ _ _ _ _ _ _ _ _ _ _ _ _ _ _ _ _ _ _ _ _ _ _ _ _ _ _ _ _ _ _ _ _ _ _ _ _ _ _

cls = <class 'psycopg.Connection'>
conninfo = 'dbname=postgres client_encoding=UTF8 user=postgres password=postgres host=localhost port=5432 hostaddr=127.0.0.1'
autocommit = False, prepare_threshold = None
context = <psycopg.adapt.AdaptersMap object at 0x000001CEB3E42350>
row_factory = None
cursor_factory = <class 'django.db.backends.postgresql.base.Cursor'>
kwargs = {'client_encoding': 'UTF8', 'dbname': 'postgres', 'host': 'localhost', 'password': 'postgres', ...}
params = {'client_encoding': 'UTF8', 'dbname': 'postgres', 'host': 'localhost', 'password': 'postgres', ...}
timeout = 130

    @classmethod
    def connect(
        cls,
        conninfo: str = "",
        *,
        autocommit: bool = False,
        prepare_threshold: int | None = 5,
        context: AdaptContext | None = None,
        row_factory: RowFactory[Row] | None = None,
        cursor_factory: type[Cursor[Row]] | None = None,
        **kwargs: ConnParam,
    ) -> Self:
        """
        Connect to a database server and return a new `Connection` instance.
        """
    
        params = cls._get_connection_params(conninfo, **kwargs)
        timeout = timeout_from_conninfo(params)
        rv = None
        attempts = conninfo_attempts(params)
        conn_errors: list[tuple[e.Error, str]] = []
        for attempt in attempts:
            tdescr = (attempt.get("host"), attempt.get("port"), attempt.get("hostaddr"))
            descr = "host: %r, port: %r, hostaddr: %r" % tdescr
            logger.debug("connection attempt: %s", descr)
            try:
                conninfo = make_conninfo("", **attempt)
                gen = cls._connect_gen(conninfo, timeout=timeout)
                rv = waiting.wait_conn(gen, interval=_WAIT_INTERVAL)
            except e.Error as ex:
                logger.debug("connection failed: %s: %s", descr, str(ex))
                conn_errors.append((ex, descr))
            except e._NO_TRACEBACK as ex:
                raise ex.with_traceback(None)
            else:
                logger.debug("connection succeeded: %s", descr)
                break
    
        if not rv:
            last_ex = conn_errors[-1][0]
            if len(conn_errors) == 1:
                raise last_ex.with_traceback(None)
    
            # Create a new exception with the same type as the last one, containing
            # all attempt errors while preserving backward compatibility.
            lines = [str(last_ex)]
            lines.append("Multiple connection attempts failed. All failures were:")
            lines.extend((f"- {descr}: {error}" for error, descr in conn_errors))
>           raise type(last_ex)("\n".join(lines)).with_traceback(None)
E           django.db.utils.OperationalError: connection failed: connection to server at "127.0.0.1", port 5432 failed: FATAL:  la autentificaci\ufffdn password fall\ufffd para el usuario \ufffdpostgres\ufffd
E           Multiple connection attempts failed. All failures were:
E           - host: 'localhost', port: '5432', hostaddr: '::1': connection failed: connection to server at "::1", port 5432 failed: FATAL:  la autentificaci\ufffdn password fall\ufffd para el usuario \ufffdpostgres\ufffd
E           - host: 'localhost', port: '5432', hostaddr: '127.0.0.1': connection failed: connection to server at "127.0.0.1", port 5432 failed: FATAL:  la autentificaci\ufffdn password fall\ufffd para el usuario \ufffdpostgres\ufffd

..\..\..\AppData\Roaming\Python\Python313\site-packages\psycopg\connection.py:127: OperationalError

During handling of the above exception, another exception occurred:

self = <DatabaseWrapper vendor='postgresql' alias='default'>

    @async_unsafe
    def ensure_connection(self):
        """Guarantee that a connection to the database is established."""
        if self.connection is None:
            if self.in_atomic_block and self.closed_in_transaction:
                raise ProgrammingError(
                    "Cannot open a new connection in an atomic block."
                )
            with self.wrap_database_errors:
>               self.connect()

..\..\..\AppData\Roaming\Python\Python313\site-packages\django\db\backends\base\base.py:279: 
_ _ _ _ _ _ _ _ _ _ _ _ _ _ _ _ _ _ _ _ _ _ _ _ _ _ _ _ _ _ _ _ _ _ _ _ _ _ _ _
..\..\..\AppData\Roaming\Python\Python313\site-packages\django\utils\asyncio.py:26: in inner
    return func(*args, **kwargs)
..\..\..\AppData\Roaming\Python\Python313\site-packages\django\db\backends\base\base.py:256: in connect
    self.connection = self.get_new_connection(conn_params)
..\..\..\AppData\Roaming\Python\Python313\site-packages\django\utils\asyncio.py:26: in inner
    return func(*args, **kwargs)
..\..\..\AppData\Roaming\Python\Python313\site-packages\django\db\backends\postgresql\base.py:332: in get_new_connection
    connection = self.Database.connect(**conn_params)
_ _ _ _ _ _ _ _ _ _ _ _ _ _ _ _ _ _ _ _ _ _ _ _ _ _ _ _ _ _ _ _ _ _ _ _ _ _ _ _

cls = <class 'psycopg.Connection'>
conninfo = 'dbname=ruffles_db client_encoding=UTF8 user=postgres password=postgres host=localhost port=5432 hostaddr=127.0.0.1'
autocommit = False, prepare_threshold = None
context = <psycopg.adapt.AdaptersMap object at 0x000001CEB3E42350>
row_factory = None
cursor_factory = <class 'django.db.backends.postgresql.base.Cursor'>
kwargs = {'client_encoding': 'UTF8', 'dbname': 'ruffles_db', 'host': 'localhost', 'password': 'postgres', ...}
params = {'client_encoding': 'UTF8', 'dbname': 'ruffles_db', 'host': 'localhost', 'password': 'postgres', ...}
timeout = 130

    @classmethod
    def connect(
        cls,
        conninfo: str = "",
        *,
        autocommit: bool = False,
        prepare_threshold: int | None = 5,
        context: AdaptContext | None = None,
        row_factory: RowFactory[Row] | None = None,
        cursor_factory: type[Cursor[Row]] | None = None,
        **kwargs: ConnParam,
    ) -> Self:
        """
        Connect to a database server and return a new `Connection` instance.
        """
    
        params = cls._get_connection_params(conninfo, **kwargs)
        timeout = timeout_from_conninfo(params)
        rv = None
        attempts = conninfo_attempts(params)
        conn_errors: list[tuple[e.Error, str]] = []
        for attempt in attempts:
            tdescr = (attempt.get("host"), attempt.get("port"), attempt.get("hostaddr"))
            descr = "host: %r, port: %r, hostaddr: %r" % tdescr
            logger.debug("connection attempt: %s", descr)
            try:
                conninfo = make_conninfo("", **attempt)
                gen = cls._connect_gen(conninfo, timeout=timeout)
                rv = waiting.wait_conn(gen, interval=_WAIT_INTERVAL)
            except e.Error as ex:
                logger.debug("connection failed: %s: %s", descr, str(ex))
                conn_errors.append((ex, descr))
            except e._NO_TRACEBACK as ex:
                raise ex.with_traceback(None)
            else:
                logger.debug("connection succeeded: %s", descr)
                break
    
        if not rv:
            last_ex = conn_errors[-1][0]
            if len(conn_errors) == 1:
                raise last_ex.with_traceback(None)
    
            # Create a new exception with the same type as the last one, containing
            # all attempt errors while preserving backward compatibility.
            lines = [str(last_ex)]
            lines.append("Multiple connection attempts failed. All failures were:")
            lines.extend((f"- {descr}: {error}" for error, descr in conn_errors))
>           raise type(last_ex)("\n".join(lines)).with_traceback(None)
E           psycopg.OperationalError: connection failed: connection to server at "127.0.0.1", port 5432 failed: FATAL:  la autentificaci\ufffdn password fall\ufffd para el usuario \ufffdpostgres\ufffd
E           Multiple connection attempts failed. All failures were:
E           - host: 'localhost', port: '5432', hostaddr: '::1': connection failed: connection to server at "::1", port 5432 failed: FATAL:  la autentificaci\ufffdn password fall\ufffd para el usuario \ufffdpostgres\ufffd
E           - host: 'localhost', port: '5432', hostaddr: '127.0.0.1': connection failed: connection to server at "127.0.0.1", port 5432 failed: FATAL:  la autentificaci\ufffdn password fall\ufffd para el usuario \ufffdpostgres\ufffd

..\..\..\AppData\Roaming\Python\Python313\site-packages\psycopg\connection.py:127: OperationalError

The above exception was the direct cause of the following exception:

request = <SubRequest '_django_db_marker' for <Function test_guest_list_purchases_invalid_phone_format>>

    @pytest.fixture(autouse=True)
    def _django_db_marker(request: pytest.FixtureRequest) -> None:
        """Implement the django_db marker, internal to pytest-django."""
        marker = request.node.get_closest_marker("django_db")
        if marker:
>           request.getfixturevalue("_django_db_helper")

..\..\..\AppData\Roaming\Python\Python313\site-packages\pytest_django\plugin.py:527: 
_ _ _ _ _ _ _ _ _ _ _ _ _ _ _ _ _ _ _ _ _ _ _ _ _ _ _ _ _ _ _ _ _ _ _ _ _ _ _ _
..\..\..\AppData\Roaming\Python\Python313\site-packages\pytest_django\fixtures.py:140: in django_db_setup
    db_cfg = setup_databases(
..\..\..\AppData\Roaming\Python\Python313\site-packages\django\test\utils.py:204: in setup_databases
    connection.creation.create_test_db(
..\..\..\AppData\Roaming\Python\Python313\site-packages\django\db\backends\base\creation.py:62: in create_test_db
    self._create_test_db(verbosity, autoclobber, keepdb)
..\..\..\AppData\Roaming\Python\Python313\site-packages\django\db\backends\base\creation.py:202: in _create_test_db
    with self._nodb_cursor() as cursor:
C:\Python313\Lib\contextlib.py:141: in __enter__
    return next(self.gen)
..\..\..\AppData\Roaming\Python\Python313\site-packages\django\db\backends\postgresql\base.py:533: in _nodb_cursor
    with conn.cursor() as cursor:
..\..\..\AppData\Roaming\Python\Python313\site-packages\django\utils\asyncio.py:26: in inner
    return func(*args, **kwargs)
..\..\..\AppData\Roaming\Python\Python313\site-packages\django\db\backends\base\base.py:320: in cursor
    return self._cursor()
..\..\..\AppData\Roaming\Python\Python313\site-packages\django\db\backends\base\base.py:296: in _cursor
    self.ensure_connection()
..\..\..\AppData\Roaming\Python\Python313\site-packages\django\utils\asyncio.py:26: in inner
    return func(*args, **kwargs)
..\..\..\AppData\Roaming\Python\Python313\site-packages\django\db\backends\base\base.py:278: in ensure_connection
    with self.wrap_database_errors:
..\..\..\AppData\Roaming\Python\Python313\site-packages\django\db\utils.py:91: in __exit__
    raise dj_exc_value.with_traceback(traceback) from exc_value
..\..\..\AppData\Roaming\Python\Python313\site-packages\django\db\backends\base\base.py:279: in ensure_connection
    self.connect()
..\..\..\AppData\Roaming\Python\Python313\site-packages\django\utils\asyncio.py:26: in inner
    return func(*args, **kwargs)
..\..\..\AppData\Roaming\Python\Python313\site-packages\django\db\backends\base\base.py:256: in connect
    self.connection = self.get_new_connection(conn_params)
..\..\..\AppData\Roaming\Python\Python313\site-packages\django\utils\asyncio.py:26: in inner
    return func(*args, **kwargs)
..\..\..\AppData\Roaming\Python\Python313\site-packages\django\db\backends\postgresql\base.py:332: in get_new_connection
    connection = self.Database.connect(**conn_params)
_ _ _ _ _ _ _ _ _ _ _ _ _ _ _ _ _ _ _ _ _ _ _ _ _ _ _ _ _ _ _ _ _ _ _ _ _ _ _ _

cls = <class 'psycopg.Connection'>
conninfo = 'dbname=ruffles_db client_encoding=UTF8 user=postgres password=postgres host=localhost port=5432 hostaddr=127.0.0.1'
autocommit = False, prepare_threshold = None
context = <psycopg.adapt.AdaptersMap object at 0x000001CEB3E42350>
row_factory = None
cursor_factory = <class 'django.db.backends.postgresql.base.Cursor'>
kwargs = {'client_encoding': 'UTF8', 'dbname': 'ruffles_db', 'host': 'localhost', 'password': 'postgres', ...}
params = {'client_encoding': 'UTF8', 'dbname': 'ruffles_db', 'host': 'localhost', 'password': 'postgres', ...}
timeout = 130

    @classmethod
    def connect(
        cls,
        conninfo: str = "",
        *,
        autocommit: bool = False,
        prepare_threshold: int | None = 5,
        context: AdaptContext | None = None,
        row_factory: RowFactory[Row] | None = None,
        cursor_factory: type[Cursor[Row]] | None = None,
        **kwargs: ConnParam,
    ) -> Self:
        """
        Connect to a database server and return a new `Connection` instance.
        """
    
        params = cls._get_connection_params(conninfo, **kwargs)
        timeout = timeout_from_conninfo(params)
        rv = None
        attempts = conninfo_attempts(params)
        conn_errors: list[tuple[e.Error, str]] = []
        for attempt in attempts:
            tdescr = (attempt.get("host"), attempt.get("port"), attempt.get("hostaddr"))
            descr = "host: %r, port: %r, hostaddr: %r" % tdescr
            logger.debug("connection attempt: %s", descr)
            try:
                conninfo = make_conninfo("", **attempt)
                gen = cls._connect_gen(conninfo, timeout=timeout)
                rv = waiting.wait_conn(gen, interval=_WAIT_INTERVAL)
            except e.Error as ex:
                logger.debug("connection failed: %s: %s", descr, str(ex))
                conn_errors.append((ex, descr))
            except e._NO_TRACEBACK as ex:
                raise ex.with_traceback(None)
            else:
                logger.debug("connection succeeded: %s", descr)
                break
    
        if not rv:
            last_ex = conn_errors[-1][0]
            if len(conn_errors) == 1:
                raise last_ex.with_traceback(None)
    
            # Create a new exception with the same type as the last one, containing
            # all attempt errors while preserving backward compatibility.
            lines = [str(last_ex)]
            lines.append("Multiple connection attempts failed. All failures were:")
            lines.extend((f"- {descr}: {error}" for error, descr in conn_errors))
>           raise type(last_ex)("\n".join(lines)).with_traceback(None)
E           django.db.utils.OperationalError: connection failed: connection to server at "127.0.0.1", port 5432 failed: FATAL:  la autentificaci\ufffdn password fall\ufffd para el usuario \ufffdpostgres\ufffd
E           Multiple connection attempts failed. All failures were:
E           - host: 'localhost', port: '5432', hostaddr: '::1': connection failed: connection to server at "::1", port 5432 failed: FATAL:  la autentificaci\ufffdn password fall\ufffd para el usuario \ufffdpostgres\ufffd
E           - host: 'localhost', port: '5432', hostaddr: '127.0.0.1': connection failed: connection to server at "127.0.0.1", port 5432 failed: FATAL:  la autentificaci\ufffdn password fall\ufffd para el usuario \ufffdpostgres\ufffd

..\..\..\AppData\Roaming\Python\Python313\site-packages\psycopg\connection.py:127: OperationalError
_____ ERROR at setup of TestPersonalPanel.test_guest_list_purchases_empty _____

self = <DatabaseWrapper vendor='postgresql' alias='__no_db__'>

    @async_unsafe
    def ensure_connection(self):
        """Guarantee that a connection to the database is established."""
        if self.connection is None:
            if self.in_atomic_block and self.closed_in_transaction:
                raise ProgrammingError(
                    "Cannot open a new connection in an atomic block."
                )
            with self.wrap_database_errors:
>               self.connect()

..\..\..\AppData\Roaming\Python\Python313\site-packages\django\db\backends\base\base.py:279: 
_ _ _ _ _ _ _ _ _ _ _ _ _ _ _ _ _ _ _ _ _ _ _ _ _ _ _ _ _ _ _ _ _ _ _ _ _ _ _ _
..\..\..\AppData\Roaming\Python\Python313\site-packages\django\utils\asyncio.py:26: in inner
    return func(*args, **kwargs)
..\..\..\AppData\Roaming\Python\Python313\site-packages\django\db\backends\base\base.py:256: in connect
    self.connection = self.get_new_connection(conn_params)
..\..\..\AppData\Roaming\Python\Python313\site-packages\django\utils\asyncio.py:26: in inner
    return func(*args, **kwargs)
..\..\..\AppData\Roaming\Python\Python313\site-packages\django\db\backends\postgresql\base.py:332: in get_new_connection
    connection = self.Database.connect(**conn_params)
_ _ _ _ _ _ _ _ _ _ _ _ _ _ _ _ _ _ _ _ _ _ _ _ _ _ _ _ _ _ _ _ _ _ _ _ _ _ _ _

cls = <class 'psycopg.Connection'>
conninfo = 'dbname=postgres client_encoding=UTF8 user=postgres password=postgres host=localhost port=5432 hostaddr=127.0.0.1'
autocommit = False, prepare_threshold = None
context = <psycopg.adapt.AdaptersMap object at 0x000001CEB3E42350>
row_factory = None
cursor_factory = <class 'django.db.backends.postgresql.base.Cursor'>
kwargs = {'client_encoding': 'UTF8', 'dbname': 'postgres', 'host': 'localhost', 'password': 'postgres', ...}
params = {'client_encoding': 'UTF8', 'dbname': 'postgres', 'host': 'localhost', 'password': 'postgres', ...}
timeout = 130

    @classmethod
    def connect(
        cls,
        conninfo: str = "",
        *,
        autocommit: bool = False,
        prepare_threshold: int | None = 5,
        context: AdaptContext | None = None,
        row_factory: RowFactory[Row] | None = None,
        cursor_factory: type[Cursor[Row]] | None = None,
        **kwargs: ConnParam,
    ) -> Self:
        """
        Connect to a database server and return a new `Connection` instance.
        """
    
        params = cls._get_connection_params(conninfo, **kwargs)
        timeout = timeout_from_conninfo(params)
        rv = None
        attempts = conninfo_attempts(params)
        conn_errors: list[tuple[e.Error, str]] = []
        for attempt in attempts:
            tdescr = (attempt.get("host"), attempt.get("port"), attempt.get("hostaddr"))
            descr = "host: %r, port: %r, hostaddr: %r" % tdescr
            logger.debug("connection attempt: %s", descr)
            try:
                conninfo = make_conninfo("", **attempt)
                gen = cls._connect_gen(conninfo, timeout=timeout)
                rv = waiting.wait_conn(gen, interval=_WAIT_INTERVAL)
            except e.Error as ex:
                logger.debug("connection failed: %s: %s", descr, str(ex))
                conn_errors.append((ex, descr))
            except e._NO_TRACEBACK as ex:
                raise ex.with_traceback(None)
            else:
                logger.debug("connection succeeded: %s", descr)
                break
    
        if not rv:
            last_ex = conn_errors[-1][0]
            if len(conn_errors) == 1:
                raise last_ex.with_traceback(None)
    
            # Create a new exception with the same type as the last one, containing
            # all attempt errors while preserving backward compatibility.
            lines = [str(last_ex)]
            lines.append("Multiple connection attempts failed. All failures were:")
            lines.extend((f"- {descr}: {error}" for error, descr in conn_errors))
>           raise type(last_ex)("\n".join(lines)).with_traceback(None)
E           psycopg.OperationalError: connection failed: connection to server at "127.0.0.1", port 5432 failed: FATAL:  la autentificaci\ufffdn password fall\ufffd para el usuario \ufffdpostgres\ufffd
E           Multiple connection attempts failed. All failures were:
E           - host: 'localhost', port: '5432', hostaddr: '::1': connection failed: connection to server at "::1", port 5432 failed: FATAL:  la autentificaci\ufffdn password fall\ufffd para el usuario \ufffdpostgres\ufffd
E           - host: 'localhost', port: '5432', hostaddr: '127.0.0.1': connection failed: connection to server at "127.0.0.1", port 5432 failed: FATAL:  la autentificaci\ufffdn password fall\ufffd para el usuario \ufffdpostgres\ufffd

..\..\..\AppData\Roaming\Python\Python313\site-packages\psycopg\connection.py:127: OperationalError

The above exception was the direct cause of the following exception:

self = <DatabaseWrapper vendor='postgresql' alias='default'>

    @contextmanager
    def _nodb_cursor(self):
        cursor = None
        try:
>           with super()._nodb_cursor() as cursor:

..\..\..\AppData\Roaming\Python\Python313\site-packages\django\db\backends\postgresql\base.py:507: 
_ _ _ _ _ _ _ _ _ _ _ _ _ _ _ _ _ _ _ _ _ _ _ _ _ _ _ _ _ _ _ _ _ _ _ _ _ _ _ _
C:\Python313\Lib\contextlib.py:141: in __enter__
    return next(self.gen)
..\..\..\AppData\Roaming\Python\Python313\site-packages\django\db\backends\base\base.py:712: in _nodb_cursor
    with conn.cursor() as cursor:
..\..\..\AppData\Roaming\Python\Python313\site-packages\django\utils\asyncio.py:26: in inner
    return func(*args, **kwargs)
..\..\..\AppData\Roaming\Python\Python313\site-packages\django\db\backends\base\base.py:320: in cursor
    return self._cursor()
..\..\..\AppData\Roaming\Python\Python313\site-packages\django\db\backends\base\base.py:296: in _cursor
    self.ensure_connection()
..\..\..\AppData\Roaming\Python\Python313\site-packages\django\utils\asyncio.py:26: in inner
    return func(*args, **kwargs)
..\..\..\AppData\Roaming\Python\Python313\site-packages\django\db\backends\base\base.py:278: in ensure_connection
    with self.wrap_database_errors:
..\..\..\AppData\Roaming\Python\Python313\site-packages\django\db\utils.py:91: in __exit__
    raise dj_exc_value.with_traceback(traceback) from exc_value
..\..\..\AppData\Roaming\Python\Python313\site-packages\django\db\backends\base\base.py:279: in ensure_connection
    self.connect()
..\..\..\AppData\Roaming\Python\Python313\site-packages\django\utils\asyncio.py:26: in inner
    return func(*args, **kwargs)
..\..\..\AppData\Roaming\Python\Python313\site-packages\django\db\backends\base\base.py:256: in connect
    self.connection = self.get_new_connection(conn_params)
..\..\..\AppData\Roaming\Python\Python313\site-packages\django\utils\asyncio.py:26: in inner
    return func(*args, **kwargs)
..\..\..\AppData\Roaming\Python\Python313\site-packages\django\db\backends\postgresql\base.py:332: in get_new_connection
    connection = self.Database.connect(**conn_params)
_ _ _ _ _ _ _ _ _ _ _ _ _ _ _ _ _ _ _ _ _ _ _ _ _ _ _ _ _ _ _ _ _ _ _ _ _ _ _ _

cls = <class 'psycopg.Connection'>
conninfo = 'dbname=postgres client_encoding=UTF8 user=postgres password=postgres host=localhost port=5432 hostaddr=127.0.0.1'
autocommit = False, prepare_threshold = None
context = <psycopg.adapt.AdaptersMap object at 0x000001CEB3E42350>
row_factory = None
cursor_factory = <class 'django.db.backends.postgresql.base.Cursor'>
kwargs = {'client_encoding': 'UTF8', 'dbname': 'postgres', 'host': 'localhost', 'password': 'postgres', ...}
params = {'client_encoding': 'UTF8', 'dbname': 'postgres', 'host': 'localhost', 'password': 'postgres', ...}
timeout = 130

    @classmethod
    def connect(
        cls,
        conninfo: str = "",
        *,
        autocommit: bool = False,
        prepare_threshold: int | None = 5,
        context: AdaptContext | None = None,
        row_factory: RowFactory[Row] | None = None,
        cursor_factory: type[Cursor[Row]] | None = None,
        **kwargs: ConnParam,
    ) -> Self:
        """
        Connect to a database server and return a new `Connection` instance.
        """
    
        params = cls._get_connection_params(conninfo, **kwargs)
        timeout = timeout_from_conninfo(params)
        rv = None
        attempts = conninfo_attempts(params)
        conn_errors: list[tuple[e.Error, str]] = []
        for attempt in attempts:
            tdescr = (attempt.get("host"), attempt.get("port"), attempt.get("hostaddr"))
            descr = "host: %r, port: %r, hostaddr: %r" % tdescr
            logger.debug("connection attempt: %s", descr)
            try:
                conninfo = make_conninfo("", **attempt)
                gen = cls._connect_gen(conninfo, timeout=timeout)
                rv = waiting.wait_conn(gen, interval=_WAIT_INTERVAL)
            except e.Error as ex:
                logger.debug("connection failed: %s: %s", descr, str(ex))
                conn_errors.append((ex, descr))
            except e._NO_TRACEBACK as ex:
                raise ex.with_traceback(None)
            else:
                logger.debug("connection succeeded: %s", descr)
                break
    
        if not rv:
            last_ex = conn_errors[-1][0]
            if len(conn_errors) == 1:
                raise last_ex.with_traceback(None)
    
            # Create a new exception with the same type as the last one, containing
            # all attempt errors while preserving backward compatibility.
            lines = [str(last_ex)]
            lines.append("Multiple connection attempts failed. All failures were:")
            lines.extend((f"- {descr}: {error}" for error, descr in conn_errors))
>           raise type(last_ex)("\n".join(lines)).with_traceback(None)
E           django.db.utils.OperationalError: connection failed: connection to server at "127.0.0.1", port 5432 failed: FATAL:  la autentificaci\ufffdn password fall\ufffd para el usuario \ufffdpostgres\ufffd
E           Multiple connection attempts failed. All failures were:
E           - host: 'localhost', port: '5432', hostaddr: '::1': connection failed: connection to server at "::1", port 5432 failed: FATAL:  la autentificaci\ufffdn password fall\ufffd para el usuario \ufffdpostgres\ufffd
E           - host: 'localhost', port: '5432', hostaddr: '127.0.0.1': connection failed: connection to server at "127.0.0.1", port 5432 failed: FATAL:  la autentificaci\ufffdn password fall\ufffd para el usuario \ufffdpostgres\ufffd

..\..\..\AppData\Roaming\Python\Python313\site-packages\psycopg\connection.py:127: OperationalError

During handling of the above exception, another exception occurred:

self = <DatabaseWrapper vendor='postgresql' alias='default'>

    @async_unsafe
    def ensure_connection(self):
        """Guarantee that a connection to the database is established."""
        if self.connection is None:
            if self.in_atomic_block and self.closed_in_transaction:
                raise ProgrammingError(
                    "Cannot open a new connection in an atomic block."
                )
            with self.wrap_database_errors:
>               self.connect()

..\..\..\AppData\Roaming\Python\Python313\site-packages\django\db\backends\base\base.py:279: 
_ _ _ _ _ _ _ _ _ _ _ _ _ _ _ _ _ _ _ _ _ _ _ _ _ _ _ _ _ _ _ _ _ _ _ _ _ _ _ _
..\..\..\AppData\Roaming\Python\Python313\site-packages\django\utils\asyncio.py:26: in inner
    return func(*args, **kwargs)
..\..\..\AppData\Roaming\Python\Python313\site-packages\django\db\backends\base\base.py:256: in connect
    self.connection = self.get_new_connection(conn_params)
..\..\..\AppData\Roaming\Python\Python313\site-packages\django\utils\asyncio.py:26: in inner
    return func(*args, **kwargs)
..\..\..\AppData\Roaming\Python\Python313\site-packages\django\db\backends\postgresql\base.py:332: in get_new_connection
    connection = self.Database.connect(**conn_params)
_ _ _ _ _ _ _ _ _ _ _ _ _ _ _ _ _ _ _ _ _ _ _ _ _ _ _ _ _ _ _ _ _ _ _ _ _ _ _ _

cls = <class 'psycopg.Connection'>
conninfo = 'dbname=ruffles_db client_encoding=UTF8 user=postgres password=postgres host=localhost port=5432 hostaddr=127.0.0.1'
autocommit = False, prepare_threshold = None
context = <psycopg.adapt.AdaptersMap object at 0x000001CEB3E42350>
row_factory = None
cursor_factory = <class 'django.db.backends.postgresql.base.Cursor'>
kwargs = {'client_encoding': 'UTF8', 'dbname': 'ruffles_db', 'host': 'localhost', 'password': 'postgres', ...}
params = {'client_encoding': 'UTF8', 'dbname': 'ruffles_db', 'host': 'localhost', 'password': 'postgres', ...}
timeout = 130

    @classmethod
    def connect(
        cls,
        conninfo: str = "",
        *,
        autocommit: bool = False,
        prepare_threshold: int | None = 5,
        context: AdaptContext | None = None,
        row_factory: RowFactory[Row] | None = None,
        cursor_factory: type[Cursor[Row]] | None = None,
        **kwargs: ConnParam,
    ) -> Self:
        """
        Connect to a database server and return a new `Connection` instance.
        """
    
        params = cls._get_connection_params(conninfo, **kwargs)
        timeout = timeout_from_conninfo(params)
        rv = None
        attempts = conninfo_attempts(params)
        conn_errors: list[tuple[e.Error, str]] = []
        for attempt in attempts:
            tdescr = (attempt.get("host"), attempt.get("port"), attempt.get("hostaddr"))
            descr = "host: %r, port: %r, hostaddr: %r" % tdescr
            logger.debug("connection attempt: %s", descr)
            try:
                conninfo = make_conninfo("", **attempt)
                gen = cls._connect_gen(conninfo, timeout=timeout)
                rv = waiting.wait_conn(gen, interval=_WAIT_INTERVAL)
            except e.Error as ex:
                logger.debug("connection failed: %s: %s", descr, str(ex))
                conn_errors.append((ex, descr))
            except e._NO_TRACEBACK as ex:
                raise ex.with_traceback(None)
            else:
                logger.debug("connection succeeded: %s", descr)
                break
    
        if not rv:
            last_ex = conn_errors[-1][0]
            if len(conn_errors) == 1:
                raise last_ex.with_traceback(None)
    
            # Create a new exception with the same type as the last one, containing
            # all attempt errors while preserving backward compatibility.
            lines = [str(last_ex)]
            lines.append("Multiple connection attempts failed. All failures were:")
            lines.extend((f"- {descr}: {error}" for error, descr in conn_errors))
>           raise type(last_ex)("\n".join(lines)).with_traceback(None)
E           psycopg.OperationalError: connection failed: connection to server at "127.0.0.1", port 5432 failed: FATAL:  la autentificaci\ufffdn password fall\ufffd para el usuario \ufffdpostgres\ufffd
E           Multiple connection attempts failed. All failures were:
E           - host: 'localhost', port: '5432', hostaddr: '::1': connection failed: connection to server at "::1", port 5432 failed: FATAL:  la autentificaci\ufffdn password fall\ufffd para el usuario \ufffdpostgres\ufffd
E           - host: 'localhost', port: '5432', hostaddr: '127.0.0.1': connection failed: connection to server at "127.0.0.1", port 5432 failed: FATAL:  la autentificaci\ufffdn password fall\ufffd para el usuario \ufffdpostgres\ufffd

..\..\..\AppData\Roaming\Python\Python313\site-packages\psycopg\connection.py:127: OperationalError

The above exception was the direct cause of the following exception:

request = <SubRequest '_django_db_marker' for <Function test_guest_list_purchases_empty>>

    @pytest.fixture(autouse=True)
    def _django_db_marker(request: pytest.FixtureRequest) -> None:
        """Implement the django_db marker, internal to pytest-django."""
        marker = request.node.get_closest_marker("django_db")
        if marker:
>           request.getfixturevalue("_django_db_helper")

..\..\..\AppData\Roaming\Python\Python313\site-packages\pytest_django\plugin.py:527: 
_ _ _ _ _ _ _ _ _ _ _ _ _ _ _ _ _ _ _ _ _ _ _ _ _ _ _ _ _ _ _ _ _ _ _ _ _ _ _ _
..\..\..\AppData\Roaming\Python\Python313\site-packages\pytest_django\fixtures.py:140: in django_db_setup
    db_cfg = setup_databases(
..\..\..\AppData\Roaming\Python\Python313\site-packages\django\test\utils.py:204: in setup_databases
    connection.creation.create_test_db(
..\..\..\AppData\Roaming\Python\Python313\site-packages\django\db\backends\base\creation.py:62: in create_test_db
    self._create_test_db(verbosity, autoclobber, keepdb)
..\..\..\AppData\Roaming\Python\Python313\site-packages\django\db\backends\base\creation.py:202: in _create_test_db
    with self._nodb_cursor() as cursor:
C:\Python313\Lib\contextlib.py:141: in __enter__
    return next(self.gen)
..\..\..\AppData\Roaming\Python\Python313\site-packages\django\db\backends\postgresql\base.py:533: in _nodb_cursor
    with conn.cursor() as cursor:
..\..\..\AppData\Roaming\Python\Python313\site-packages\django\utils\asyncio.py:26: in inner
    return func(*args, **kwargs)
..\..\..\AppData\Roaming\Python\Python313\site-packages\django\db\backends\base\base.py:320: in cursor
    return self._cursor()
..\..\..\AppData\Roaming\Python\Python313\site-packages\django\db\backends\base\base.py:296: in _cursor
    self.ensure_connection()
..\..\..\AppData\Roaming\Python\Python313\site-packages\django\utils\asyncio.py:26: in inner
    return func(*args, **kwargs)
..\..\..\AppData\Roaming\Python\Python313\site-packages\django\db\backends\base\base.py:278: in ensure_connection
    with self.wrap_database_errors:
..\..\..\AppData\Roaming\Python\Python313\site-packages\django\db\utils.py:91: in __exit__
    raise dj_exc_value.with_traceback(traceback) from exc_value
..\..\..\AppData\Roaming\Python\Python313\site-packages\django\db\backends\base\base.py:279: in ensure_connection
    self.connect()
..\..\..\AppData\Roaming\Python\Python313\site-packages\django\utils\asyncio.py:26: in inner
    return func(*args, **kwargs)
..\..\..\AppData\Roaming\Python\Python313\site-packages\django\db\backends\base\base.py:256: in connect
    self.connection = self.get_new_connection(conn_params)
..\..\..\AppData\Roaming\Python\Python313\site-packages\django\utils\asyncio.py:26: in inner
    return func(*args, **kwargs)
..\..\..\AppData\Roaming\Python\Python313\site-packages\django\db\backends\postgresql\base.py:332: in get_new_connection
    connection = self.Database.connect(**conn_params)
_ _ _ _ _ _ _ _ _ _ _ _ _ _ _ _ _ _ _ _ _ _ _ _ _ _ _ _ _ _ _ _ _ _ _ _ _ _ _ _

cls = <class 'psycopg.Connection'>
conninfo = 'dbname=ruffles_db client_encoding=UTF8 user=postgres password=postgres host=localhost port=5432 hostaddr=127.0.0.1'
autocommit = False, prepare_threshold = None
context = <psycopg.adapt.AdaptersMap object at 0x000001CEB3E42350>
row_factory = None
cursor_factory = <class 'django.db.backends.postgresql.base.Cursor'>
kwargs = {'client_encoding': 'UTF8', 'dbname': 'ruffles_db', 'host': 'localhost', 'password': 'postgres', ...}
params = {'client_encoding': 'UTF8', 'dbname': 'ruffles_db', 'host': 'localhost', 'password': 'postgres', ...}
timeout = 130

    @classmethod
    def connect(
        cls,
        conninfo: str = "",
        *,
        autocommit: bool = False,
        prepare_threshold: int | None = 5,
        context: AdaptContext | None = None,
        row_factory: RowFactory[Row] | None = None,
        cursor_factory: type[Cursor[Row]] | None = None,
        **kwargs: ConnParam,
    ) -> Self:
        """
        Connect to a database server and return a new `Connection` instance.
        """
    
        params = cls._get_connection_params(conninfo, **kwargs)
        timeout = timeout_from_conninfo(params)
        rv = None
        attempts = conninfo_attempts(params)
        conn_errors: list[tuple[e.Error, str]] = []
        for attempt in attempts:
            tdescr = (attempt.get("host"), attempt.get("port"), attempt.get("hostaddr"))
            descr = "host: %r, port: %r, hostaddr: %r" % tdescr
            logger.debug("connection attempt: %s", descr)
            try:
                conninfo = make_conninfo("", **attempt)
                gen = cls._connect_gen(conninfo, timeout=timeout)
                rv = waiting.wait_conn(gen, interval=_WAIT_INTERVAL)
            except e.Error as ex:
                logger.debug("connection failed: %s: %s", descr, str(ex))
                conn_errors.append((ex, descr))
            except e._NO_TRACEBACK as ex:
                raise ex.with_traceback(None)
            else:
                logger.debug("connection succeeded: %s", descr)
                break
    
        if not rv:
            last_ex = conn_errors[-1][0]
            if len(conn_errors) == 1:
                raise last_ex.with_traceback(None)
    
            # Create a new exception with the same type as the last one, containing
            # all attempt errors while preserving backward compatibility.
            lines = [str(last_ex)]
            lines.append("Multiple connection attempts failed. All failures were:")
            lines.extend((f"- {descr}: {error}" for error, descr in conn_errors))
>           raise type(last_ex)("\n".join(lines)).with_traceback(None)
E           django.db.utils.OperationalError: connection failed: connection to server at "127.0.0.1", port 5432 failed: FATAL:  la autentificaci\ufffdn password fall\ufffd para el usuario \ufffdpostgres\ufffd
E           Multiple connection attempts failed. All failures were:
E           - host: 'localhost', port: '5432', hostaddr: '::1': connection failed: connection to server at "::1", port 5432 failed: FATAL:  la autentificaci\ufffdn password fall\ufffd para el usuario \ufffdpostgres\ufffd
E           - host: 'localhost', port: '5432', hostaddr: '127.0.0.1': connection failed: connection to server at "127.0.0.1", port 5432 failed: FATAL:  la autentificaci\ufffdn password fall\ufffd para el usuario \ufffdpostgres\ufffd

..\..\..\AppData\Roaming\Python\Python313\site-packages\psycopg\connection.py:127: OperationalError
_ ERROR at setup of TestPersonalPanel.test_guest_cannot_see_others_purchases __

self = <DatabaseWrapper vendor='postgresql' alias='__no_db__'>

    @async_unsafe
    def ensure_connection(self):
        """Guarantee that a connection to the database is established."""
        if self.connection is None:
            if self.in_atomic_block and self.closed_in_transaction:
                raise ProgrammingError(
                    "Cannot open a new connection in an atomic block."
                )
            with self.wrap_database_errors:
>               self.connect()

..\..\..\AppData\Roaming\Python\Python313\site-packages\django\db\backends\base\base.py:279: 
_ _ _ _ _ _ _ _ _ _ _ _ _ _ _ _ _ _ _ _ _ _ _ _ _ _ _ _ _ _ _ _ _ _ _ _ _ _ _ _
..\..\..\AppData\Roaming\Python\Python313\site-packages\django\utils\asyncio.py:26: in inner
    return func(*args, **kwargs)
..\..\..\AppData\Roaming\Python\Python313\site-packages\django\db\backends\base\base.py:256: in connect
    self.connection = self.get_new_connection(conn_params)
..\..\..\AppData\Roaming\Python\Python313\site-packages\django\utils\asyncio.py:26: in inner
    return func(*args, **kwargs)
..\..\..\AppData\Roaming\Python\Python313\site-packages\django\db\backends\postgresql\base.py:332: in get_new_connection
    connection = self.Database.connect(**conn_params)
_ _ _ _ _ _ _ _ _ _ _ _ _ _ _ _ _ _ _ _ _ _ _ _ _ _ _ _ _ _ _ _ _ _ _ _ _ _ _ _

cls = <class 'psycopg.Connection'>
conninfo = 'dbname=postgres client_encoding=UTF8 user=postgres password=postgres host=localhost port=5432 hostaddr=127.0.0.1'
autocommit = False, prepare_threshold = None
context = <psycopg.adapt.AdaptersMap object at 0x000001CEB3E42350>
row_factory = None
cursor_factory = <class 'django.db.backends.postgresql.base.Cursor'>
kwargs = {'client_encoding': 'UTF8', 'dbname': 'postgres', 'host': 'localhost', 'password': 'postgres', ...}
params = {'client_encoding': 'UTF8', 'dbname': 'postgres', 'host': 'localhost', 'password': 'postgres', ...}
timeout = 130

    @classmethod
    def connect(
        cls,
        conninfo: str = "",
        *,
        autocommit: bool = False,
        prepare_threshold: int | None = 5,
        context: AdaptContext | None = None,
        row_factory: RowFactory[Row] | None = None,
        cursor_factory: type[Cursor[Row]] | None = None,
        **kwargs: ConnParam,
    ) -> Self:
        """
        Connect to a database server and return a new `Connection` instance.
        """
    
        params = cls._get_connection_params(conninfo, **kwargs)
        timeout = timeout_from_conninfo(params)
        rv = None
        attempts = conninfo_attempts(params)
        conn_errors: list[tuple[e.Error, str]] = []
        for attempt in attempts:
            tdescr = (attempt.get("host"), attempt.get("port"), attempt.get("hostaddr"))
            descr = "host: %r, port: %r, hostaddr: %r" % tdescr
            logger.debug("connection attempt: %s", descr)
            try:
                conninfo = make_conninfo("", **attempt)
                gen = cls._connect_gen(conninfo, timeout=timeout)
                rv = waiting.wait_conn(gen, interval=_WAIT_INTERVAL)
            except e.Error as ex:
                logger.debug("connection failed: %s: %s", descr, str(ex))
                conn_errors.append((ex, descr))
            except e._NO_TRACEBACK as ex:
                raise ex.with_traceback(None)
            else:
                logger.debug("connection succeeded: %s", descr)
                break
    
        if not rv:
            last_ex = conn_errors[-1][0]
            if len(conn_errors) == 1:
                raise last_ex.with_traceback(None)
    
            # Create a new exception with the same type as the last one, containing
            # all attempt errors while preserving backward compatibility.
            lines = [str(last_ex)]
            lines.append("Multiple connection attempts failed. All failures were:")
            lines.extend((f"- {descr}: {error}" for error, descr in conn_errors))
>           raise type(last_ex)("\n".join(lines)).with_traceback(None)
E           psycopg.OperationalError: connection failed: connection to server at "127.0.0.1", port 5432 failed: FATAL:  la autentificaci\ufffdn password fall\ufffd para el usuario \ufffdpostgres\ufffd
E           Multiple connection attempts failed. All failures were:
E           - host: 'localhost', port: '5432', hostaddr: '::1': connection failed: connection to server at "::1", port 5432 failed: FATAL:  la autentificaci\ufffdn password fall\ufffd para el usuario \ufffdpostgres\ufffd
E           - host: 'localhost', port: '5432', hostaddr: '127.0.0.1': connection failed: connection to server at "127.0.0.1", port 5432 failed: FATAL:  la autentificaci\ufffdn password fall\ufffd para el usuario \ufffdpostgres\ufffd

..\..\..\AppData\Roaming\Python\Python313\site-packages\psycopg\connection.py:127: OperationalError

The above exception was the direct cause of the following exception:

self = <DatabaseWrapper vendor='postgresql' alias='default'>

    @contextmanager
    def _nodb_cursor(self):
        cursor = None
        try:
>           with super()._nodb_cursor() as cursor:

..\..\..\AppData\Roaming\Python\Python313\site-packages\django\db\backends\postgresql\base.py:507: 
_ _ _ _ _ _ _ _ _ _ _ _ _ _ _ _ _ _ _ _ _ _ _ _ _ _ _ _ _ _ _ _ _ _ _ _ _ _ _ _
C:\Python313\Lib\contextlib.py:141: in __enter__
    return next(self.gen)
..\..\..\AppData\Roaming\Python\Python313\site-packages\django\db\backends\base\base.py:712: in _nodb_cursor
    with conn.cursor() as cursor:
..\..\..\AppData\Roaming\Python\Python313\site-packages\django\utils\asyncio.py:26: in inner
    return func(*args, **kwargs)
..\..\..\AppData\Roaming\Python\Python313\site-packages\django\db\backends\base\base.py:320: in cursor
    return self._cursor()
..\..\..\AppData\Roaming\Python\Python313\site-packages\django\db\backends\base\base.py:296: in _cursor
    self.ensure_connection()
..\..\..\AppData\Roaming\Python\Python313\site-packages\django\utils\asyncio.py:26: in inner
    return func(*args, **kwargs)
..\..\..\AppData\Roaming\Python\Python313\site-packages\django\db\backends\base\base.py:278: in ensure_connection
    with self.wrap_database_errors:
..\..\..\AppData\Roaming\Python\Python313\site-packages\django\db\utils.py:91: in __exit__
    raise dj_exc_value.with_traceback(traceback) from exc_value
..\..\..\AppData\Roaming\Python\Python313\site-packages\django\db\backends\base\base.py:279: in ensure_connection
    self.connect()
..\..\..\AppData\Roaming\Python\Python313\site-packages\django\utils\asyncio.py:26: in inner
    return func(*args, **kwargs)
..\..\..\AppData\Roaming\Python\Python313\site-packages\django\db\backends\base\base.py:256: in connect
    self.connection = self.get_new_connection(conn_params)
..\..\..\AppData\Roaming\Python\Python313\site-packages\django\utils\asyncio.py:26: in inner
    return func(*args, **kwargs)
..\..\..\AppData\Roaming\Python\Python313\site-packages\django\db\backends\postgresql\base.py:332: in get_new_connection
    connection = self.Database.connect(**conn_params)
_ _ _ _ _ _ _ _ _ _ _ _ _ _ _ _ _ _ _ _ _ _ _ _ _ _ _ _ _ _ _ _ _ _ _ _ _ _ _ _

cls = <class 'psycopg.Connection'>
conninfo = 'dbname=postgres client_encoding=UTF8 user=postgres password=postgres host=localhost port=5432 hostaddr=127.0.0.1'
autocommit = False, prepare_threshold = None
context = <psycopg.adapt.AdaptersMap object at 0x000001CEB3E42350>
row_factory = None
cursor_factory = <class 'django.db.backends.postgresql.base.Cursor'>
kwargs = {'client_encoding': 'UTF8', 'dbname': 'postgres', 'host': 'localhost', 'password': 'postgres', ...}
params = {'client_encoding': 'UTF8', 'dbname': 'postgres', 'host': 'localhost', 'password': 'postgres', ...}
timeout = 130

    @classmethod
    def connect(
        cls,
        conninfo: str = "",
        *,
        autocommit: bool = False,
        prepare_threshold: int | None = 5,
        context: AdaptContext | None = None,
        row_factory: RowFactory[Row] | None = None,
        cursor_factory: type[Cursor[Row]] | None = None,
        **kwargs: ConnParam,
    ) -> Self:
        """
        Connect to a database server and return a new `Connection` instance.
        """
    
        params = cls._get_connection_params(conninfo, **kwargs)
        timeout = timeout_from_conninfo(params)
        rv = None
        attempts = conninfo_attempts(params)
        conn_errors: list[tuple[e.Error, str]] = []
        for attempt in attempts:
            tdescr = (attempt.get("host"), attempt.get("port"), attempt.get("hostaddr"))
            descr = "host: %r, port: %r, hostaddr: %r" % tdescr
            logger.debug("connection attempt: %s", descr)
            try:
                conninfo = make_conninfo("", **attempt)
                gen = cls._connect_gen(conninfo, timeout=timeout)
                rv = waiting.wait_conn(gen, interval=_WAIT_INTERVAL)
            except e.Error as ex:
                logger.debug("connection failed: %s: %s", descr, str(ex))
                conn_errors.append((ex, descr))
            except e._NO_TRACEBACK as ex:
                raise ex.with_traceback(None)
            else:
                logger.debug("connection succeeded: %s", descr)
                break
    
        if not rv:
            last_ex = conn_errors[-1][0]
            if len(conn_errors) == 1:
                raise last_ex.with_traceback(None)
    
            # Create a new exception with the same type as the last one, containing
            # all attempt errors while preserving backward compatibility.
            lines = [str(last_ex)]
            lines.append("Multiple connection attempts failed. All failures were:")
            lines.extend((f"- {descr}: {error}" for error, descr in conn_errors))
>           raise type(last_ex)("\n".join(lines)).with_traceback(None)
E           django.db.utils.OperationalError: connection failed: connection to server at "127.0.0.1", port 5432 failed: FATAL:  la autentificaci\ufffdn password fall\ufffd para el usuario \ufffdpostgres\ufffd
E           Multiple connection attempts failed. All failures were:
E           - host: 'localhost', port: '5432', hostaddr: '::1': connection failed: connection to server at "::1", port 5432 failed: FATAL:  la autentificaci\ufffdn password fall\ufffd para el usuario \ufffdpostgres\ufffd
E           - host: 'localhost', port: '5432', hostaddr: '127.0.0.1': connection failed: connection to server at "127.0.0.1", port 5432 failed: FATAL:  la autentificaci\ufffdn password fall\ufffd para el usuario \ufffdpostgres\ufffd

..\..\..\AppData\Roaming\Python\Python313\site-packages\psycopg\connection.py:127: OperationalError

During handling of the above exception, another exception occurred:

self = <DatabaseWrapper vendor='postgresql' alias='default'>

    @async_unsafe
    def ensure_connection(self):
        """Guarantee that a connection to the database is established."""
        if self.connection is None:
            if self.in_atomic_block and self.closed_in_transaction:
                raise ProgrammingError(
                    "Cannot open a new connection in an atomic block."
                )
            with self.wrap_database_errors:
>               self.connect()

..\..\..\AppData\Roaming\Python\Python313\site-packages\django\db\backends\base\base.py:279: 
_ _ _ _ _ _ _ _ _ _ _ _ _ _ _ _ _ _ _ _ _ _ _ _ _ _ _ _ _ _ _ _ _ _ _ _ _ _ _ _
..\..\..\AppData\Roaming\Python\Python313\site-packages\django\utils\asyncio.py:26: in inner
    return func(*args, **kwargs)
..\..\..\AppData\Roaming\Python\Python313\site-packages\django\db\backends\base\base.py:256: in connect
    self.connection = self.get_new_connection(conn_params)
..\..\..\AppData\Roaming\Python\Python313\site-packages\django\utils\asyncio.py:26: in inner
    return func(*args, **kwargs)
..\..\..\AppData\Roaming\Python\Python313\site-packages\django\db\backends\postgresql\base.py:332: in get_new_connection
    connection = self.Database.connect(**conn_params)
_ _ _ _ _ _ _ _ _ _ _ _ _ _ _ _ _ _ _ _ _ _ _ _ _ _ _ _ _ _ _ _ _ _ _ _ _ _ _ _

cls = <class 'psycopg.Connection'>
conninfo = 'dbname=ruffles_db client_encoding=UTF8 user=postgres password=postgres host=localhost port=5432 hostaddr=127.0.0.1'
autocommit = False, prepare_threshold = None
context = <psycopg.adapt.AdaptersMap object at 0x000001CEB3E42350>
row_factory = None
cursor_factory = <class 'django.db.backends.postgresql.base.Cursor'>
kwargs = {'client_encoding': 'UTF8', 'dbname': 'ruffles_db', 'host': 'localhost', 'password': 'postgres', ...}
params = {'client_encoding': 'UTF8', 'dbname': 'ruffles_db', 'host': 'localhost', 'password': 'postgres', ...}
timeout = 130

    @classmethod
    def connect(
        cls,
        conninfo: str = "",
        *,
        autocommit: bool = False,
        prepare_threshold: int | None = 5,
        context: AdaptContext | None = None,
        row_factory: RowFactory[Row] | None = None,
        cursor_factory: type[Cursor[Row]] | None = None,
        **kwargs: ConnParam,
    ) -> Self:
        """
        Connect to a database server and return a new `Connection` instance.
        """
    
        params = cls._get_connection_params(conninfo, **kwargs)
        timeout = timeout_from_conninfo(params)
        rv = None
        attempts = conninfo_attempts(params)
        conn_errors: list[tuple[e.Error, str]] = []
        for attempt in attempts:
            tdescr = (attempt.get("host"), attempt.get("port"), attempt.get("hostaddr"))
            descr = "host: %r, port: %r, hostaddr: %r" % tdescr
            logger.debug("connection attempt: %s", descr)
            try:
                conninfo = make_conninfo("", **attempt)
                gen = cls._connect_gen(conninfo, timeout=timeout)
                rv = waiting.wait_conn(gen, interval=_WAIT_INTERVAL)
            except e.Error as ex:
                logger.debug("connection failed: %s: %s", descr, str(ex))
                conn_errors.append((ex, descr))
            except e._NO_TRACEBACK as ex:
                raise ex.with_traceback(None)
            else:
                logger.debug("connection succeeded: %s", descr)
                break
    
        if not rv:
            last_ex = conn_errors[-1][0]
            if len(conn_errors) == 1:
                raise last_ex.with_traceback(None)
    
            # Create a new exception with the same type as the last one, containing
            # all attempt errors while preserving backward compatibility.
            lines = [str(last_ex)]
            lines.append("Multiple connection attempts failed. All failures were:")
            lines.extend((f"- {descr}: {error}" for error, descr in conn_errors))
>           raise type(last_ex)("\n".join(lines)).with_traceback(None)
E           psycopg.OperationalError: connection failed: connection to server at "127.0.0.1", port 5432 failed: FATAL:  la autentificaci\ufffdn password fall\ufffd para el usuario \ufffdpostgres\ufffd
E           Multiple connection attempts failed. All failures were:
E           - host: 'localhost', port: '5432', hostaddr: '::1': connection failed: connection to server at "::1", port 5432 failed: FATAL:  la autentificaci\ufffdn password fall\ufffd para el usuario \ufffdpostgres\ufffd
E           - host: 'localhost', port: '5432', hostaddr: '127.0.0.1': connection failed: connection to server at "127.0.0.1", port 5432 failed: FATAL:  la autentificaci\ufffdn password fall\ufffd para el usuario \ufffdpostgres\ufffd

..\..\..\AppData\Roaming\Python\Python313\site-packages\psycopg\connection.py:127: OperationalError

The above exception was the direct cause of the following exception:

request = <SubRequest 'django_db_setup' for <Function test_login_success_returns_jwt>>
django_test_environment = None
django_db_blocker = <pytest_django.plugin.DjangoDbBlocker object at 0x000001CEB17F0050>
django_db_use_migrations = True, django_db_keepdb = False
django_db_createdb = False, django_db_modify_db_settings = None

    @pytest.fixture(scope="session")
    def django_db_setup(
        request: pytest.FixtureRequest,
        django_test_environment: None,
        django_db_blocker: DjangoDbBlocker,
        django_db_use_migrations: bool,
        django_db_keepdb: bool,
        django_db_createdb: bool,
        django_db_modify_db_settings: None,
    ) -> Generator[None, None, None]:
        """Top level fixture to ensure test databases are available"""
        from django.test.utils import setup_databases, teardown_databases
    
        setup_databases_args = {}
    
        if not django_db_use_migrations:
            _disable_migrations()
    
        if django_db_keepdb and not django_db_createdb:
            setup_databases_args["keepdb"] = True
    
        with django_db_blocker.unblock():
>           db_cfg = setup_databases(
                verbosity=request.config.option.verbose,
                interactive=False,
                **setup_databases_args,
            )

..\..\..\AppData\Roaming\Python\Python313\site-packages\pytest_django\fixtures.py:140: 
_ _ _ _ _ _ _ _ _ _ _ _ _ _ _ _ _ _ _ _ _ _ _ _ _ _ _ _ _ _ _ _ _ _ _ _ _ _ _ _
..\..\..\AppData\Roaming\Python\Python313\site-packages\django\test\utils.py:204: in setup_databases
    connection.creation.create_test_db(
..\..\..\AppData\Roaming\Python\Python313\site-packages\django\db\backends\base\creation.py:62: in create_test_db
    self._create_test_db(verbosity, autoclobber, keepdb)
..\..\..\AppData\Roaming\Python\Python313\site-packages\django\db\backends\base\creation.py:202: in _create_test_db
    with self._nodb_cursor() as cursor:
C:\Python313\Lib\contextlib.py:141: in __enter__
    return next(self.gen)
..\..\..\AppData\Roaming\Python\Python313\site-packages\django\db\backends\postgresql\base.py:533: in _nodb_cursor
    with conn.cursor() as cursor:
..\..\..\AppData\Roaming\Python\Python313\site-packages\django\utils\asyncio.py:26: in inner
    return func(*args, **kwargs)
..\..\..\AppData\Roaming\Python\Python313\site-packages\django\db\backends\base\base.py:320: in cursor
    return self._cursor()
..\..\..\AppData\Roaming\Python\Python313\site-packages\django\db\backends\base\base.py:296: in _cursor
    self.ensure_connection()
..\..\..\AppData\Roaming\Python\Python313\site-packages\django\utils\asyncio.py:26: in inner
    return func(*args, **kwargs)
..\..\..\AppData\Roaming\Python\Python313\site-packages\django\db\backends\base\base.py:278: in ensure_connection
    with self.wrap_database_errors:
..\..\..\AppData\Roaming\Python\Python313\site-packages\django\db\utils.py:91: in __exit__
    raise dj_exc_value.with_traceback(traceback) from exc_value
..\..\..\AppData\Roaming\Python\Python313\site-packages\django\db\backends\base\base.py:279: in ensure_connection
    self.connect()
..\..\..\AppData\Roaming\Python\Python313\site-packages\django\utils\asyncio.py:26: in inner
    return func(*args, **kwargs)
..\..\..\AppData\Roaming\Python\Python313\site-packages\django\db\backends\base\base.py:256: in connect
    self.connection = self.get_new_connection(conn_params)
..\..\..\AppData\Roaming\Python\Python313\site-packages\django\utils\asyncio.py:26: in inner
    return func(*args, **kwargs)
..\..\..\AppData\Roaming\Python\Python313\site-packages\django\db\backends\postgresql\base.py:332: in get_new_connection
    connection = self.Database.connect(**conn_params)
_ _ _ _ _ _ _ _ _ _ _ _ _ _ _ _ _ _ _ _ _ _ _ _ _ _ _ _ _ _ _ _ _ _ _ _ _ _ _ _

cls = <class 'psycopg.Connection'>
conninfo = 'dbname=ruffles_db client_encoding=UTF8 user=postgres password=postgres host=localhost port=5432 hostaddr=127.0.0.1'
autocommit = False, prepare_threshold = None
context = <psycopg.adapt.AdaptersMap object at 0x000001CEB3E42350>
row_factory = None
cursor_factory = <class 'django.db.backends.postgresql.base.Cursor'>
kwargs = {'client_encoding': 'UTF8', 'dbname': 'ruffles_db', 'host': 'localhost', 'password': 'postgres', ...}
params = {'client_encoding': 'UTF8', 'dbname': 'ruffles_db', 'host': 'localhost', 'password': 'postgres', ...}
timeout = 130

    @classmethod
    def connect(
        cls,
        conninfo: str = "",
        *,
        autocommit: bool = False,
        prepare_threshold: int | None = 5,
        context: AdaptContext | None = None,
        row_factory: RowFactory[Row] | None = None,
        cursor_factory: type[Cursor[Row]] | None = None,
        **kwargs: ConnParam,
    ) -> Self:
        """
        Connect to a database server and return a new `Connection` instance.
        """
    
        params = cls._get_connection_params(conninfo, **kwargs)
        timeout = timeout_from_conninfo(params)
        rv = None
        attempts = conninfo_attempts(params)
        conn_errors: list[tuple[e.Error, str]] = []
        for attempt in attempts:
            tdescr = (attempt.get("host"), attempt.get("port"), attempt.get("hostaddr"))
            descr = "host: %r, port: %r, hostaddr: %r" % tdescr
            logger.debug("connection attempt: %s", descr)
            try:
                conninfo = make_conninfo("", **attempt)
                gen = cls._connect_gen(conninfo, timeout=timeout)
                rv = waiting.wait_conn(gen, interval=_WAIT_INTERVAL)
            except e.Error as ex:
                logger.debug("connection failed: %s: %s", descr, str(ex))
                conn_errors.append((ex, descr))
            except e._NO_TRACEBACK as ex:
                raise ex.with_traceback(None)
            else:
                logger.debug("connection succeeded: %s", descr)
                break
    
        if not rv:
            last_ex = conn_errors[-1][0]
            if len(conn_errors) == 1:
                raise last_ex.with_traceback(None)
    
            # Create a new exception with the same type as the last one, containing
            # all attempt errors while preserving backward compatibility.
            lines = [str(last_ex)]
            lines.append("Multiple connection attempts failed. All failures were:")
            lines.extend((f"- {descr}: {error}" for error, descr in conn_errors))
>           raise type(last_ex)("\n".join(lines)).with_traceback(None)
E           django.db.utils.OperationalError: connection failed: connection to server at "127.0.0.1", port 5432 failed: FATAL:  la autentificaci\ufffdn password fall\ufffd para el usuario \ufffdpostgres\ufffd
E           Multiple connection attempts failed. All failures were:
E           - host: 'localhost', port: '5432', hostaddr: '::1': connection failed: connection to server at "::1", port 5432 failed: FATAL:  la autentificaci\ufffdn password fall\ufffd para el usuario \ufffdpostgres\ufffd
E           - host: 'localhost', port: '5432', hostaddr: '127.0.0.1': connection failed: connection to server at "127.0.0.1", port 5432 failed: FATAL:  la autentificaci\ufffdn password fall\ufffd para el usuario \ufffdpostgres\ufffd

..\..\..\AppData\Roaming\Python\Python313\site-packages\psycopg\connection.py:127: OperationalError
____ ERROR at setup of TestPersonalPanel.test_organizer_list_own_purchases ____

self = <DatabaseWrapper vendor='postgresql' alias='__no_db__'>

    @async_unsafe
    def ensure_connection(self):
        """Guarantee that a connection to the database is established."""
        if self.connection is None:
            if self.in_atomic_block and self.closed_in_transaction:
                raise ProgrammingError(
                    "Cannot open a new connection in an atomic block."
                )
            with self.wrap_database_errors:
>               self.connect()

..\..\..\AppData\Roaming\Python\Python313\site-packages\django\db\backends\base\base.py:279: 
_ _ _ _ _ _ _ _ _ _ _ _ _ _ _ _ _ _ _ _ _ _ _ _ _ _ _ _ _ _ _ _ _ _ _ _ _ _ _ _
..\..\..\AppData\Roaming\Python\Python313\site-packages\django\utils\asyncio.py:26: in inner
    return func(*args, **kwargs)
..\..\..\AppData\Roaming\Python\Python313\site-packages\django\db\backends\base\base.py:256: in connect
    self.connection = self.get_new_connection(conn_params)
..\..\..\AppData\Roaming\Python\Python313\site-packages\django\utils\asyncio.py:26: in inner
    return func(*args, **kwargs)
..\..\..\AppData\Roaming\Python\Python313\site-packages\django\db\backends\postgresql\base.py:332: in get_new_connection
    connection = self.Database.connect(**conn_params)
_ _ _ _ _ _ _ _ _ _ _ _ _ _ _ _ _ _ _ _ _ _ _ _ _ _ _ _ _ _ _ _ _ _ _ _ _ _ _ _

cls = <class 'psycopg.Connection'>
conninfo = 'dbname=postgres client_encoding=UTF8 user=postgres password=postgres host=localhost port=5432 hostaddr=127.0.0.1'
autocommit = False, prepare_threshold = None
context = <psycopg.adapt.AdaptersMap object at 0x000001CEB3E42350>
row_factory = None
cursor_factory = <class 'django.db.backends.postgresql.base.Cursor'>
kwargs = {'client_encoding': 'UTF8', 'dbname': 'postgres', 'host': 'localhost', 'password': 'postgres', ...}
params = {'client_encoding': 'UTF8', 'dbname': 'postgres', 'host': 'localhost', 'password': 'postgres', ...}
timeout = 130

    @classmethod
    def connect(
        cls,
        conninfo: str = "",
        *,
        autocommit: bool = False,
        prepare_threshold: int | None = 5,
        context: AdaptContext | None = None,
        row_factory: RowFactory[Row] | None = None,
        cursor_factory: type[Cursor[Row]] | None = None,
        **kwargs: ConnParam,
    ) -> Self:
        """
        Connect to a database server and return a new `Connection` instance.
        """
    
        params = cls._get_connection_params(conninfo, **kwargs)
        timeout = timeout_from_conninfo(params)
        rv = None
        attempts = conninfo_attempts(params)
        conn_errors: list[tuple[e.Error, str]] = []
        for attempt in attempts:
            tdescr = (attempt.get("host"), attempt.get("port"), attempt.get("hostaddr"))
            descr = "host: %r, port: %r, hostaddr: %r" % tdescr
            logger.debug("connection attempt: %s", descr)
            try:
                conninfo = make_conninfo("", **attempt)
                gen = cls._connect_gen(conninfo, timeout=timeout)
                rv = waiting.wait_conn(gen, interval=_WAIT_INTERVAL)
            except e.Error as ex:
                logger.debug("connection failed: %s: %s", descr, str(ex))
                conn_errors.append((ex, descr))
            except e._NO_TRACEBACK as ex:
                raise ex.with_traceback(None)
            else:
                logger.debug("connection succeeded: %s", descr)
                break
    
        if not rv:
            last_ex = conn_errors[-1][0]
            if len(conn_errors) == 1:
                raise last_ex.with_traceback(None)
    
            # Create a new exception with the same type as the last one, containing
            # all attempt errors while preserving backward compatibility.
            lines = [str(last_ex)]
            lines.append("Multiple connection attempts failed. All failures were:")
            lines.extend((f"- {descr}: {error}" for error, descr in conn_errors))
>           raise type(last_ex)("\n".join(lines)).with_traceback(None)
E           psycopg.OperationalError: connection failed: connection to server at "127.0.0.1", port 5432 failed: FATAL:  la autentificaci\ufffdn password fall\ufffd para el usuario \ufffdpostgres\ufffd
E           Multiple connection attempts failed. All failures were:
E           - host: 'localhost', port: '5432', hostaddr: '::1': connection failed: connection to server at "::1", port 5432 failed: FATAL:  la autentificaci\ufffdn password fall\ufffd para el usuario \ufffdpostgres\ufffd
E           - host: 'localhost', port: '5432', hostaddr: '127.0.0.1': connection failed: connection to server at "127.0.0.1", port 5432 failed: FATAL:  la autentificaci\ufffdn password fall\ufffd para el usuario \ufffdpostgres\ufffd

..\..\..\AppData\Roaming\Python\Python313\site-packages\psycopg\connection.py:127: OperationalError

The above exception was the direct cause of the following exception:

self = <DatabaseWrapper vendor='postgresql' alias='default'>

    @contextmanager
    def _nodb_cursor(self):
        cursor = None
        try:
>           with super()._nodb_cursor() as cursor:

..\..\..\AppData\Roaming\Python\Python313\site-packages\django\db\backends\postgresql\base.py:507: 
_ _ _ _ _ _ _ _ _ _ _ _ _ _ _ _ _ _ _ _ _ _ _ _ _ _ _ _ _ _ _ _ _ _ _ _ _ _ _ _
C:\Python313\Lib\contextlib.py:141: in __enter__
    return next(self.gen)
..\..\..\AppData\Roaming\Python\Python313\site-packages\django\db\backends\base\base.py:712: in _nodb_cursor
    with conn.cursor() as cursor:
..\..\..\AppData\Roaming\Python\Python313\site-packages\django\utils\asyncio.py:26: in inner
    return func(*args, **kwargs)
..\..\..\AppData\Roaming\Python\Python313\site-packages\django\db\backends\base\base.py:320: in cursor
    return self._cursor()
..\..\..\AppData\Roaming\Python\Python313\site-packages\django\db\backends\base\base.py:296: in _cursor
    self.ensure_connection()
..\..\..\AppData\Roaming\Python\Python313\site-packages\django\utils\asyncio.py:26: in inner
    return func(*args, **kwargs)
..\..\..\AppData\Roaming\Python\Python313\site-packages\django\db\backends\base\base.py:278: in ensure_connection
    with self.wrap_database_errors:
..\..\..\AppData\Roaming\Python\Python313\site-packages\django\db\utils.py:91: in __exit__
    raise dj_exc_value.with_traceback(traceback) from exc_value
..\..\..\AppData\Roaming\Python\Python313\site-packages\django\db\backends\base\base.py:279: in ensure_connection
    self.connect()
..\..\..\AppData\Roaming\Python\Python313\site-packages\django\utils\asyncio.py:26: in inner
    return func(*args, **kwargs)
..\..\..\AppData\Roaming\Python\Python313\site-packages\django\db\backends\base\base.py:256: in connect
    self.connection = self.get_new_connection(conn_params)
..\..\..\AppData\Roaming\Python\Python313\site-packages\django\utils\asyncio.py:26: in inner
    return func(*args, **kwargs)
..\..\..\AppData\Roaming\Python\Python313\site-packages\django\db\backends\postgresql\base.py:332: in get_new_connection
    connection = self.Database.connect(**conn_params)
_ _ _ _ _ _ _ _ _ _ _ _ _ _ _ _ _ _ _ _ _ _ _ _ _ _ _ _ _ _ _ _ _ _ _ _ _ _ _ _

cls = <class 'psycopg.Connection'>
conninfo = 'dbname=postgres client_encoding=UTF8 user=postgres password=postgres host=localhost port=5432 hostaddr=127.0.0.1'
autocommit = False, prepare_threshold = None
context = <psycopg.adapt.AdaptersMap object at 0x000001CEB3E42350>
row_factory = None
cursor_factory = <class 'django.db.backends.postgresql.base.Cursor'>
kwargs = {'client_encoding': 'UTF8', 'dbname': 'postgres', 'host': 'localhost', 'password': 'postgres', ...}
params = {'client_encoding': 'UTF8', 'dbname': 'postgres', 'host': 'localhost', 'password': 'postgres', ...}
timeout = 130

    @classmethod
    def connect(
        cls,
        conninfo: str = "",
        *,
        autocommit: bool = False,
        prepare_threshold: int | None = 5,
        context: AdaptContext | None = None,
        row_factory: RowFactory[Row] | None = None,
        cursor_factory: type[Cursor[Row]] | None = None,
        **kwargs: ConnParam,
    ) -> Self:
        """
        Connect to a database server and return a new `Connection` instance.
        """
    
        params = cls._get_connection_params(conninfo, **kwargs)
        timeout = timeout_from_conninfo(params)
        rv = None
        attempts = conninfo_attempts(params)
        conn_errors: list[tuple[e.Error, str]] = []
        for attempt in attempts:
            tdescr = (attempt.get("host"), attempt.get("port"), attempt.get("hostaddr"))
            descr = "host: %r, port: %r, hostaddr: %r" % tdescr
            logger.debug("connection attempt: %s", descr)
            try:
                conninfo = make_conninfo("", **attempt)
                gen = cls._connect_gen(conninfo, timeout=timeout)
                rv = waiting.wait_conn(gen, interval=_WAIT_INTERVAL)
            except e.Error as ex:
                logger.debug("connection failed: %s: %s", descr, str(ex))
                conn_errors.append((ex, descr))
            except e._NO_TRACEBACK as ex:
                raise ex.with_traceback(None)
            else:
                logger.debug("connection succeeded: %s", descr)
                break
    
        if not rv:
            last_ex = conn_errors[-1][0]
            if len(conn_errors) == 1:
                raise last_ex.with_traceback(None)
    
            # Create a new exception with the same type as the last one, containing
            # all attempt errors while preserving backward compatibility.
            lines = [str(last_ex)]
            lines.append("Multiple connection attempts failed. All failures were:")
            lines.extend((f"- {descr}: {error}" for error, descr in conn_errors))
>           raise type(last_ex)("\n".join(lines)).with_traceback(None)
E           django.db.utils.OperationalError: connection failed: connection to server at "127.0.0.1", port 5432 failed: FATAL:  la autentificaci\ufffdn password fall\ufffd para el usuario \ufffdpostgres\ufffd
E           Multiple connection attempts failed. All failures were:
E           - host: 'localhost', port: '5432', hostaddr: '::1': connection failed: connection to server at "::1", port 5432 failed: FATAL:  la autentificaci\ufffdn password fall\ufffd para el usuario \ufffdpostgres\ufffd
E           - host: 'localhost', port: '5432', hostaddr: '127.0.0.1': connection failed: connection to server at "127.0.0.1", port 5432 failed: FATAL:  la autentificaci\ufffdn password fall\ufffd para el usuario \ufffdpostgres\ufffd

..\..\..\AppData\Roaming\Python\Python313\site-packages\psycopg\connection.py:127: OperationalError

During handling of the above exception, another exception occurred:

self = <DatabaseWrapper vendor='postgresql' alias='default'>

    @async_unsafe
    def ensure_connection(self):
        """Guarantee that a connection to the database is established."""
        if self.connection is None:
            if self.in_atomic_block and self.closed_in_transaction:
                raise ProgrammingError(
                    "Cannot open a new connection in an atomic block."
                )
            with self.wrap_database_errors:
>               self.connect()

..\..\..\AppData\Roaming\Python\Python313\site-packages\django\db\backends\base\base.py:279: 
_ _ _ _ _ _ _ _ _ _ _ _ _ _ _ _ _ _ _ _ _ _ _ _ _ _ _ _ _ _ _ _ _ _ _ _ _ _ _ _
..\..\..\AppData\Roaming\Python\Python313\site-packages\django\utils\asyncio.py:26: in inner
    return func(*args, **kwargs)
..\..\..\AppData\Roaming\Python\Python313\site-packages\django\db\backends\base\base.py:256: in connect
    self.connection = self.get_new_connection(conn_params)
..\..\..\AppData\Roaming\Python\Python313\site-packages\django\utils\asyncio.py:26: in inner
    return func(*args, **kwargs)
..\..\..\AppData\Roaming\Python\Python313\site-packages\django\db\backends\postgresql\base.py:332: in get_new_connection
    connection = self.Database.connect(**conn_params)
_ _ _ _ _ _ _ _ _ _ _ _ _ _ _ _ _ _ _ _ _ _ _ _ _ _ _ _ _ _ _ _ _ _ _ _ _ _ _ _

cls = <class 'psycopg.Connection'>
conninfo = 'dbname=ruffles_db client_encoding=UTF8 user=postgres password=postgres host=localhost port=5432 hostaddr=127.0.0.1'
autocommit = False, prepare_threshold = None
context = <psycopg.adapt.AdaptersMap object at 0x000001CEB3E42350>
row_factory = None
cursor_factory = <class 'django.db.backends.postgresql.base.Cursor'>
kwargs = {'client_encoding': 'UTF8', 'dbname': 'ruffles_db', 'host': 'localhost', 'password': 'postgres', ...}
params = {'client_encoding': 'UTF8', 'dbname': 'ruffles_db', 'host': 'localhost', 'password': 'postgres', ...}
timeout = 130

    @classmethod
    def connect(
        cls,
        conninfo: str = "",
        *,
        autocommit: bool = False,
        prepare_threshold: int | None = 5,
        context: AdaptContext | None = None,
        row_factory: RowFactory[Row] | None = None,
        cursor_factory: type[Cursor[Row]] | None = None,
        **kwargs: ConnParam,
    ) -> Self:
        """
        Connect to a database server and return a new `Connection` instance.
        """
    
        params = cls._get_connection_params(conninfo, **kwargs)
        timeout = timeout_from_conninfo(params)
        rv = None
        attempts = conninfo_attempts(params)
        conn_errors: list[tuple[e.Error, str]] = []
        for attempt in attempts:
            tdescr = (attempt.get("host"), attempt.get("port"), attempt.get("hostaddr"))
            descr = "host: %r, port: %r, hostaddr: %r" % tdescr
            logger.debug("connection attempt: %s", descr)
            try:
                conninfo = make_conninfo("", **attempt)
                gen = cls._connect_gen(conninfo, timeout=timeout)
                rv = waiting.wait_conn(gen, interval=_WAIT_INTERVAL)
            except e.Error as ex:
                logger.debug("connection failed: %s: %s", descr, str(ex))
                conn_errors.append((ex, descr))
            except e._NO_TRACEBACK as ex:
                raise ex.with_traceback(None)
            else:
                logger.debug("connection succeeded: %s", descr)
                break
    
        if not rv:
            last_ex = conn_errors[-1][0]
            if len(conn_errors) == 1:
                raise last_ex.with_traceback(None)
    
            # Create a new exception with the same type as the last one, containing
            # all attempt errors while preserving backward compatibility.
            lines = [str(last_ex)]
            lines.append("Multiple connection attempts failed. All failures were:")
            lines.extend((f"- {descr}: {error}" for error, descr in conn_errors))
>           raise type(last_ex)("\n".join(lines)).with_traceback(None)
E           psycopg.OperationalError: connection failed: connection to server at "127.0.0.1", port 5432 failed: FATAL:  la autentificaci\ufffdn password fall\ufffd para el usuario \ufffdpostgres\ufffd
E           Multiple connection attempts failed. All failures were:
E           - host: 'localhost', port: '5432', hostaddr: '::1': connection failed: connection to server at "::1", port 5432 failed: FATAL:  la autentificaci\ufffdn password fall\ufffd para el usuario \ufffdpostgres\ufffd
E           - host: 'localhost', port: '5432', hostaddr: '127.0.0.1': connection failed: connection to server at "127.0.0.1", port 5432 failed: FATAL:  la autentificaci\ufffdn password fall\ufffd para el usuario \ufffdpostgres\ufffd

..\..\..\AppData\Roaming\Python\Python313\site-packages\psycopg\connection.py:127: OperationalError

The above exception was the direct cause of the following exception:

request = <SubRequest 'django_db_setup' for <Function test_login_success_returns_jwt>>
django_test_environment = None
django_db_blocker = <pytest_django.plugin.DjangoDbBlocker object at 0x000001CEB17F0050>
django_db_use_migrations = True, django_db_keepdb = False
django_db_createdb = False, django_db_modify_db_settings = None

    @pytest.fixture(scope="session")
    def django_db_setup(
        request: pytest.FixtureRequest,
        django_test_environment: None,
        django_db_blocker: DjangoDbBlocker,
        django_db_use_migrations: bool,
        django_db_keepdb: bool,
        django_db_createdb: bool,
        django_db_modify_db_settings: None,
    ) -> Generator[None, None, None]:
        """Top level fixture to ensure test databases are available"""
        from django.test.utils import setup_databases, teardown_databases
    
        setup_databases_args = {}
    
        if not django_db_use_migrations:
            _disable_migrations()
    
        if django_db_keepdb and not django_db_createdb:
            setup_databases_args["keepdb"] = True
    
        with django_db_blocker.unblock():
>           db_cfg = setup_databases(
                verbosity=request.config.option.verbose,
                interactive=False,
                **setup_databases_args,
            )

..\..\..\AppData\Roaming\Python\Python313\site-packages\pytest_django\fixtures.py:140: 
_ _ _ _ _ _ _ _ _ _ _ _ _ _ _ _ _ _ _ _ _ _ _ _ _ _ _ _ _ _ _ _ _ _ _ _ _ _ _ _
..\..\..\AppData\Roaming\Python\Python313\site-packages\django\test\utils.py:204: in setup_databases
    connection.creation.create_test_db(
..\..\..\AppData\Roaming\Python\Python313\site-packages\django\db\backends\base\creation.py:62: in create_test_db
    self._create_test_db(verbosity, autoclobber, keepdb)
..\..\..\AppData\Roaming\Python\Python313\site-packages\django\db\backends\base\creation.py:202: in _create_test_db
    with self._nodb_cursor() as cursor:
C:\Python313\Lib\contextlib.py:141: in __enter__
    return next(self.gen)
..\..\..\AppData\Roaming\Python\Python313\site-packages\django\db\backends\postgresql\base.py:533: in _nodb_cursor
    with conn.cursor() as cursor:
..\..\..\AppData\Roaming\Python\Python313\site-packages\django\utils\asyncio.py:26: in inner
    return func(*args, **kwargs)
..\..\..\AppData\Roaming\Python\Python313\site-packages\django\db\backends\base\base.py:320: in cursor
    return self._cursor()
..\..\..\AppData\Roaming\Python\Python313\site-packages\django\db\backends\base\base.py:296: in _cursor
    self.ensure_connection()
..\..\..\AppData\Roaming\Python\Python313\site-packages\django\utils\asyncio.py:26: in inner
    return func(*args, **kwargs)
..\..\..\AppData\Roaming\Python\Python313\site-packages\django\db\backends\base\base.py:278: in ensure_connection
    with self.wrap_database_errors:
..\..\..\AppData\Roaming\Python\Python313\site-packages\django\db\utils.py:91: in __exit__
    raise dj_exc_value.with_traceback(traceback) from exc_value
..\..\..\AppData\Roaming\Python\Python313\site-packages\django\db\backends\base\base.py:279: in ensure_connection
    self.connect()
..\..\..\AppData\Roaming\Python\Python313\site-packages\django\utils\asyncio.py:26: in inner
    return func(*args, **kwargs)
..\..\..\AppData\Roaming\Python\Python313\site-packages\django\db\backends\base\base.py:256: in connect
    self.connection = self.get_new_connection(conn_params)
..\..\..\AppData\Roaming\Python\Python313\site-packages\django\utils\asyncio.py:26: in inner
    return func(*args, **kwargs)
..\..\..\AppData\Roaming\Python\Python313\site-packages\django\db\backends\postgresql\base.py:332: in get_new_connection
    connection = self.Database.connect(**conn_params)
_ _ _ _ _ _ _ _ _ _ _ _ _ _ _ _ _ _ _ _ _ _ _ _ _ _ _ _ _ _ _ _ _ _ _ _ _ _ _ _

cls = <class 'psycopg.Connection'>
conninfo = 'dbname=ruffles_db client_encoding=UTF8 user=postgres password=postgres host=localhost port=5432 hostaddr=127.0.0.1'
autocommit = False, prepare_threshold = None
context = <psycopg.adapt.AdaptersMap object at 0x000001CEB3E42350>
row_factory = None
cursor_factory = <class 'django.db.backends.postgresql.base.Cursor'>
kwargs = {'client_encoding': 'UTF8', 'dbname': 'ruffles_db', 'host': 'localhost', 'password': 'postgres', ...}
params = {'client_encoding': 'UTF8', 'dbname': 'ruffles_db', 'host': 'localhost', 'password': 'postgres', ...}
timeout = 130

    @classmethod
    def connect(
        cls,
        conninfo: str = "",
        *,
        autocommit: bool = False,
        prepare_threshold: int | None = 5,
        context: AdaptContext | None = None,
        row_factory: RowFactory[Row] | None = None,
        cursor_factory: type[Cursor[Row]] | None = None,
        **kwargs: ConnParam,
    ) -> Self:
        """
        Connect to a database server and return a new `Connection` instance.
        """
    
        params = cls._get_connection_params(conninfo, **kwargs)
        timeout = timeout_from_conninfo(params)
        rv = None
        attempts = conninfo_attempts(params)
        conn_errors: list[tuple[e.Error, str]] = []
        for attempt in attempts:
            tdescr = (attempt.get("host"), attempt.get("port"), attempt.get("hostaddr"))
            descr = "host: %r, port: %r, hostaddr: %r" % tdescr
            logger.debug("connection attempt: %s", descr)
            try:
                conninfo = make_conninfo("", **attempt)
                gen = cls._connect_gen(conninfo, timeout=timeout)
                rv = waiting.wait_conn(gen, interval=_WAIT_INTERVAL)
            except e.Error as ex:
                logger.debug("connection failed: %s: %s", descr, str(ex))
                conn_errors.append((ex, descr))
            except e._NO_TRACEBACK as ex:
                raise ex.with_traceback(None)
            else:
                logger.debug("connection succeeded: %s", descr)
                break
    
        if not rv:
            last_ex = conn_errors[-1][0]
            if len(conn_errors) == 1:
                raise last_ex.with_traceback(None)
    
            # Create a new exception with the same type as the last one, containing
            # all attempt errors while preserving backward compatibility.
            lines = [str(last_ex)]
            lines.append("Multiple connection attempts failed. All failures were:")
            lines.extend((f"- {descr}: {error}" for error, descr in conn_errors))
>           raise type(last_ex)("\n".join(lines)).with_traceback(None)
E           django.db.utils.OperationalError: connection failed: connection to server at "127.0.0.1", port 5432 failed: FATAL:  la autentificaci\ufffdn password fall\ufffd para el usuario \ufffdpostgres\ufffd
E           Multiple connection attempts failed. All failures were:
E           - host: 'localhost', port: '5432', hostaddr: '::1': connection failed: connection to server at "::1", port 5432 failed: FATAL:  la autentificaci\ufffdn password fall\ufffd para el usuario \ufffdpostgres\ufffd
E           - host: 'localhost', port: '5432', hostaddr: '127.0.0.1': connection failed: connection to server at "127.0.0.1", port 5432 failed: FATAL:  la autentificaci\ufffdn password fall\ufffd para el usuario \ufffdpostgres\ufffd

..\..\..\AppData\Roaming\Python\Python313\site-packages\psycopg\connection.py:127: OperationalError
___ ERROR at setup of TestPersonalPanel.test_organizer_list_guest_purchases ___

self = <DatabaseWrapper vendor='postgresql' alias='__no_db__'>

    @async_unsafe
    def ensure_connection(self):
        """Guarantee that a connection to the database is established."""
        if self.connection is None:
            if self.in_atomic_block and self.closed_in_transaction:
                raise ProgrammingError(
                    "Cannot open a new connection in an atomic block."
                )
            with self.wrap_database_errors:
>               self.connect()

..\..\..\AppData\Roaming\Python\Python313\site-packages\django\db\backends\base\base.py:279: 
_ _ _ _ _ _ _ _ _ _ _ _ _ _ _ _ _ _ _ _ _ _ _ _ _ _ _ _ _ _ _ _ _ _ _ _ _ _ _ _
..\..\..\AppData\Roaming\Python\Python313\site-packages\django\utils\asyncio.py:26: in inner
    return func(*args, **kwargs)
..\..\..\AppData\Roaming\Python\Python313\site-packages\django\db\backends\base\base.py:256: in connect
    self.connection = self.get_new_connection(conn_params)
..\..\..\AppData\Roaming\Python\Python313\site-packages\django\utils\asyncio.py:26: in inner
    return func(*args, **kwargs)
..\..\..\AppData\Roaming\Python\Python313\site-packages\django\db\backends\postgresql\base.py:332: in get_new_connection
    connection = self.Database.connect(**conn_params)
_ _ _ _ _ _ _ _ _ _ _ _ _ _ _ _ _ _ _ _ _ _ _ _ _ _ _ _ _ _ _ _ _ _ _ _ _ _ _ _

cls = <class 'psycopg.Connection'>
conninfo = 'dbname=postgres client_encoding=UTF8 user=postgres password=postgres host=localhost port=5432 hostaddr=127.0.0.1'
autocommit = False, prepare_threshold = None
context = <psycopg.adapt.AdaptersMap object at 0x000001CEB3E42350>
row_factory = None
cursor_factory = <class 'django.db.backends.postgresql.base.Cursor'>
kwargs = {'client_encoding': 'UTF8', 'dbname': 'postgres', 'host': 'localhost', 'password': 'postgres', ...}
params = {'client_encoding': 'UTF8', 'dbname': 'postgres', 'host': 'localhost', 'password': 'postgres', ...}
timeout = 130

    @classmethod
    def connect(
        cls,
        conninfo: str = "",
        *,
        autocommit: bool = False,
        prepare_threshold: int | None = 5,
        context: AdaptContext | None = None,
        row_factory: RowFactory[Row] | None = None,
        cursor_factory: type[Cursor[Row]] | None = None,
        **kwargs: ConnParam,
    ) -> Self:
        """
        Connect to a database server and return a new `Connection` instance.
        """
    
        params = cls._get_connection_params(conninfo, **kwargs)
        timeout = timeout_from_conninfo(params)
        rv = None
        attempts = conninfo_attempts(params)
        conn_errors: list[tuple[e.Error, str]] = []
        for attempt in attempts:
            tdescr = (attempt.get("host"), attempt.get("port"), attempt.get("hostaddr"))
            descr = "host: %r, port: %r, hostaddr: %r" % tdescr
            logger.debug("connection attempt: %s", descr)
            try:
                conninfo = make_conninfo("", **attempt)
                gen = cls._connect_gen(conninfo, timeout=timeout)
                rv = waiting.wait_conn(gen, interval=_WAIT_INTERVAL)
            except e.Error as ex:
                logger.debug("connection failed: %s: %s", descr, str(ex))
                conn_errors.append((ex, descr))
            except e._NO_TRACEBACK as ex:
                raise ex.with_traceback(None)
            else:
                logger.debug("connection succeeded: %s", descr)
                break
    
        if not rv:
            last_ex = conn_errors[-1][0]
            if len(conn_errors) == 1:
                raise last_ex.with_traceback(None)
    
            # Create a new exception with the same type as the last one, containing
            # all attempt errors while preserving backward compatibility.
            lines = [str(last_ex)]
            lines.append("Multiple connection attempts failed. All failures were:")
            lines.extend((f"- {descr}: {error}" for error, descr in conn_errors))
>           raise type(last_ex)("\n".join(lines)).with_traceback(None)
E           psycopg.OperationalError: connection failed: connection to server at "127.0.0.1", port 5432 failed: FATAL:  la autentificaci\ufffdn password fall\ufffd para el usuario \ufffdpostgres\ufffd
E           Multiple connection attempts failed. All failures were:
E           - host: 'localhost', port: '5432', hostaddr: '::1': connection failed: connection to server at "::1", port 5432 failed: FATAL:  la autentificaci\ufffdn password fall\ufffd para el usuario \ufffdpostgres\ufffd
E           - host: 'localhost', port: '5432', hostaddr: '127.0.0.1': connection failed: connection to server at "127.0.0.1", port 5432 failed: FATAL:  la autentificaci\ufffdn password fall\ufffd para el usuario \ufffdpostgres\ufffd

..\..\..\AppData\Roaming\Python\Python313\site-packages\psycopg\connection.py:127: OperationalError

The above exception was the direct cause of the following exception:

self = <DatabaseWrapper vendor='postgresql' alias='default'>

    @contextmanager
    def _nodb_cursor(self):
        cursor = None
        try:
>           with super()._nodb_cursor() as cursor:

..\..\..\AppData\Roaming\Python\Python313\site-packages\django\db\backends\postgresql\base.py:507: 
_ _ _ _ _ _ _ _ _ _ _ _ _ _ _ _ _ _ _ _ _ _ _ _ _ _ _ _ _ _ _ _ _ _ _ _ _ _ _ _
C:\Python313\Lib\contextlib.py:141: in __enter__
    return next(self.gen)
..\..\..\AppData\Roaming\Python\Python313\site-packages\django\db\backends\base\base.py:712: in _nodb_cursor
    with conn.cursor() as cursor:
..\..\..\AppData\Roaming\Python\Python313\site-packages\django\utils\asyncio.py:26: in inner
    return func(*args, **kwargs)
..\..\..\AppData\Roaming\Python\Python313\site-packages\django\db\backends\base\base.py:320: in cursor
    return self._cursor()
..\..\..\AppData\Roaming\Python\Python313\site-packages\django\db\backends\base\base.py:296: in _cursor
    self.ensure_connection()
..\..\..\AppData\Roaming\Python\Python313\site-packages\django\utils\asyncio.py:26: in inner
    return func(*args, **kwargs)
..\..\..\AppData\Roaming\Python\Python313\site-packages\django\db\backends\base\base.py:278: in ensure_connection
    with self.wrap_database_errors:
..\..\..\AppData\Roaming\Python\Python313\site-packages\django\db\utils.py:91: in __exit__
    raise dj_exc_value.with_traceback(traceback) from exc_value
..\..\..\AppData\Roaming\Python\Python313\site-packages\django\db\backends\base\base.py:279: in ensure_connection
    self.connect()
..\..\..\AppData\Roaming\Python\Python313\site-packages\django\utils\asyncio.py:26: in inner
    return func(*args, **kwargs)
..\..\..\AppData\Roaming\Python\Python313\site-packages\django\db\backends\base\base.py:256: in connect
    self.connection = self.get_new_connection(conn_params)
..\..\..\AppData\Roaming\Python\Python313\site-packages\django\utils\asyncio.py:26: in inner
    return func(*args, **kwargs)
..\..\..\AppData\Roaming\Python\Python313\site-packages\django\db\backends\postgresql\base.py:332: in get_new_connection
    connection = self.Database.connect(**conn_params)
_ _ _ _ _ _ _ _ _ _ _ _ _ _ _ _ _ _ _ _ _ _ _ _ _ _ _ _ _ _ _ _ _ _ _ _ _ _ _ _

cls = <class 'psycopg.Connection'>
conninfo = 'dbname=postgres client_encoding=UTF8 user=postgres password=postgres host=localhost port=5432 hostaddr=127.0.0.1'
autocommit = False, prepare_threshold = None
context = <psycopg.adapt.AdaptersMap object at 0x000001CEB3E42350>
row_factory = None
cursor_factory = <class 'django.db.backends.postgresql.base.Cursor'>
kwargs = {'client_encoding': 'UTF8', 'dbname': 'postgres', 'host': 'localhost', 'password': 'postgres', ...}
params = {'client_encoding': 'UTF8', 'dbname': 'postgres', 'host': 'localhost', 'password': 'postgres', ...}
timeout = 130

    @classmethod
    def connect(
        cls,
        conninfo: str = "",
        *,
        autocommit: bool = False,
        prepare_threshold: int | None = 5,
        context: AdaptContext | None = None,
        row_factory: RowFactory[Row] | None = None,
        cursor_factory: type[Cursor[Row]] | None = None,
        **kwargs: ConnParam,
    ) -> Self:
        """
        Connect to a database server and return a new `Connection` instance.
        """
    
        params = cls._get_connection_params(conninfo, **kwargs)
        timeout = timeout_from_conninfo(params)
        rv = None
        attempts = conninfo_attempts(params)
        conn_errors: list[tuple[e.Error, str]] = []
        for attempt in attempts:
            tdescr = (attempt.get("host"), attempt.get("port"), attempt.get("hostaddr"))
            descr = "host: %r, port: %r, hostaddr: %r" % tdescr
            logger.debug("connection attempt: %s", descr)
            try:
                conninfo = make_conninfo("", **attempt)
                gen = cls._connect_gen(conninfo, timeout=timeout)
                rv = waiting.wait_conn(gen, interval=_WAIT_INTERVAL)
            except e.Error as ex:
                logger.debug("connection failed: %s: %s", descr, str(ex))
                conn_errors.append((ex, descr))
            except e._NO_TRACEBACK as ex:
                raise ex.with_traceback(None)
            else:
                logger.debug("connection succeeded: %s", descr)
                break
    
        if not rv:
            last_ex = conn_errors[-1][0]
            if len(conn_errors) == 1:
                raise last_ex.with_traceback(None)
    
            # Create a new exception with the same type as the last one, containing
            # all attempt errors while preserving backward compatibility.
            lines = [str(last_ex)]
            lines.append("Multiple connection attempts failed. All failures were:")
            lines.extend((f"- {descr}: {error}" for error, descr in conn_errors))
>           raise type(last_ex)("\n".join(lines)).with_traceback(None)
E           django.db.utils.OperationalError: connection failed: connection to server at "127.0.0.1", port 5432 failed: FATAL:  la autentificaci\ufffdn password fall\ufffd para el usuario \ufffdpostgres\ufffd
E           Multiple connection attempts failed. All failures were:
E           - host: 'localhost', port: '5432', hostaddr: '::1': connection failed: connection to server at "::1", port 5432 failed: FATAL:  la autentificaci\ufffdn password fall\ufffd para el usuario \ufffdpostgres\ufffd
E           - host: 'localhost', port: '5432', hostaddr: '127.0.0.1': connection failed: connection to server at "127.0.0.1", port 5432 failed: FATAL:  la autentificaci\ufffdn password fall\ufffd para el usuario \ufffdpostgres\ufffd

..\..\..\AppData\Roaming\Python\Python313\site-packages\psycopg\connection.py:127: OperationalError

During handling of the above exception, another exception occurred:

self = <DatabaseWrapper vendor='postgresql' alias='default'>

    @async_unsafe
    def ensure_connection(self):
        """Guarantee that a connection to the database is established."""
        if self.connection is None:
            if self.in_atomic_block and self.closed_in_transaction:
                raise ProgrammingError(
                    "Cannot open a new connection in an atomic block."
                )
            with self.wrap_database_errors:
>               self.connect()

..\..\..\AppData\Roaming\Python\Python313\site-packages\django\db\backends\base\base.py:279: 
_ _ _ _ _ _ _ _ _ _ _ _ _ _ _ _ _ _ _ _ _ _ _ _ _ _ _ _ _ _ _ _ _ _ _ _ _ _ _ _
..\..\..\AppData\Roaming\Python\Python313\site-packages\django\utils\asyncio.py:26: in inner
    return func(*args, **kwargs)
..\..\..\AppData\Roaming\Python\Python313\site-packages\django\db\backends\base\base.py:256: in connect
    self.connection = self.get_new_connection(conn_params)
..\..\..\AppData\Roaming\Python\Python313\site-packages\django\utils\asyncio.py:26: in inner
    return func(*args, **kwargs)
..\..\..\AppData\Roaming\Python\Python313\site-packages\django\db\backends\postgresql\base.py:332: in get_new_connection
    connection = self.Database.connect(**conn_params)
_ _ _ _ _ _ _ _ _ _ _ _ _ _ _ _ _ _ _ _ _ _ _ _ _ _ _ _ _ _ _ _ _ _ _ _ _ _ _ _

cls = <class 'psycopg.Connection'>
conninfo = 'dbname=ruffles_db client_encoding=UTF8 user=postgres password=postgres host=localhost port=5432 hostaddr=127.0.0.1'
autocommit = False, prepare_threshold = None
context = <psycopg.adapt.AdaptersMap object at 0x000001CEB3E42350>
row_factory = None
cursor_factory = <class 'django.db.backends.postgresql.base.Cursor'>
kwargs = {'client_encoding': 'UTF8', 'dbname': 'ruffles_db', 'host': 'localhost', 'password': 'postgres', ...}
params = {'client_encoding': 'UTF8', 'dbname': 'ruffles_db', 'host': 'localhost', 'password': 'postgres', ...}
timeout = 130

    @classmethod
    def connect(
        cls,
        conninfo: str = "",
        *,
        autocommit: bool = False,
        prepare_threshold: int | None = 5,
        context: AdaptContext | None = None,
        row_factory: RowFactory[Row] | None = None,
        cursor_factory: type[Cursor[Row]] | None = None,
        **kwargs: ConnParam,
    ) -> Self:
        """
        Connect to a database server and return a new `Connection` instance.
        """
    
        params = cls._get_connection_params(conninfo, **kwargs)
        timeout = timeout_from_conninfo(params)
        rv = None
        attempts = conninfo_attempts(params)
        conn_errors: list[tuple[e.Error, str]] = []
        for attempt in attempts:
            tdescr = (attempt.get("host"), attempt.get("port"), attempt.get("hostaddr"))
            descr = "host: %r, port: %r, hostaddr: %r" % tdescr
            logger.debug("connection attempt: %s", descr)
            try:
                conninfo = make_conninfo("", **attempt)
                gen = cls._connect_gen(conninfo, timeout=timeout)
                rv = waiting.wait_conn(gen, interval=_WAIT_INTERVAL)
            except e.Error as ex:
                logger.debug("connection failed: %s: %s", descr, str(ex))
                conn_errors.append((ex, descr))
            except e._NO_TRACEBACK as ex:
                raise ex.with_traceback(None)
            else:
                logger.debug("connection succeeded: %s", descr)
                break
    
        if not rv:
            last_ex = conn_errors[-1][0]
            if len(conn_errors) == 1:
                raise last_ex.with_traceback(None)
    
            # Create a new exception with the same type as the last one, containing
            # all attempt errors while preserving backward compatibility.
            lines = [str(last_ex)]
            lines.append("Multiple connection attempts failed. All failures were:")
            lines.extend((f"- {descr}: {error}" for error, descr in conn_errors))
>           raise type(last_ex)("\n".join(lines)).with_traceback(None)
E           psycopg.OperationalError: connection failed: connection to server at "127.0.0.1", port 5432 failed: FATAL:  la autentificaci\ufffdn password fall\ufffd para el usuario \ufffdpostgres\ufffd
E           Multiple connection attempts failed. All failures were:
E           - host: 'localhost', port: '5432', hostaddr: '::1': connection failed: connection to server at "::1", port 5432 failed: FATAL:  la autentificaci\ufffdn password fall\ufffd para el usuario \ufffdpostgres\ufffd
E           - host: 'localhost', port: '5432', hostaddr: '127.0.0.1': connection failed: connection to server at "127.0.0.1", port 5432 failed: FATAL:  la autentificaci\ufffdn password fall\ufffd para el usuario \ufffdpostgres\ufffd

..\..\..\AppData\Roaming\Python\Python313\site-packages\psycopg\connection.py:127: OperationalError

The above exception was the direct cause of the following exception:

request = <SubRequest 'django_db_setup' for <Function test_login_success_returns_jwt>>
django_test_environment = None
django_db_blocker = <pytest_django.plugin.DjangoDbBlocker object at 0x000001CEB17F0050>
django_db_use_migrations = True, django_db_keepdb = False
django_db_createdb = False, django_db_modify_db_settings = None

    @pytest.fixture(scope="session")
    def django_db_setup(
        request: pytest.FixtureRequest,
        django_test_environment: None,
        django_db_blocker: DjangoDbBlocker,
        django_db_use_migrations: bool,
        django_db_keepdb: bool,
        django_db_createdb: bool,
        django_db_modify_db_settings: None,
    ) -> Generator[None, None, None]:
        """Top level fixture to ensure test databases are available"""
        from django.test.utils import setup_databases, teardown_databases
    
        setup_databases_args = {}
    
        if not django_db_use_migrations:
            _disable_migrations()
    
        if django_db_keepdb and not django_db_createdb:
            setup_databases_args["keepdb"] = True
    
        with django_db_blocker.unblock():
>           db_cfg = setup_databases(
                verbosity=request.config.option.verbose,
                interactive=False,
                **setup_databases_args,
            )

..\..\..\AppData\Roaming\Python\Python313\site-packages\pytest_django\fixtures.py:140: 
_ _ _ _ _ _ _ _ _ _ _ _ _ _ _ _ _ _ _ _ _ _ _ _ _ _ _ _ _ _ _ _ _ _ _ _ _ _ _ _
..\..\..\AppData\Roaming\Python\Python313\site-packages\django\test\utils.py:204: in setup_databases
    connection.creation.create_test_db(
..\..\..\AppData\Roaming\Python\Python313\site-packages\django\db\backends\base\creation.py:62: in create_test_db
    self._create_test_db(verbosity, autoclobber, keepdb)
..\..\..\AppData\Roaming\Python\Python313\site-packages\django\db\backends\base\creation.py:202: in _create_test_db
    with self._nodb_cursor() as cursor:
C:\Python313\Lib\contextlib.py:141: in __enter__
    return next(self.gen)
..\..\..\AppData\Roaming\Python\Python313\site-packages\django\db\backends\postgresql\base.py:533: in _nodb_cursor
    with conn.cursor() as cursor:
..\..\..\AppData\Roaming\Python\Python313\site-packages\django\utils\asyncio.py:26: in inner
    return func(*args, **kwargs)
..\..\..\AppData\Roaming\Python\Python313\site-packages\django\db\backends\base\base.py:320: in cursor
    return self._cursor()
..\..\..\AppData\Roaming\Python\Python313\site-packages\django\db\backends\base\base.py:296: in _cursor
    self.ensure_connection()
..\..\..\AppData\Roaming\Python\Python313\site-packages\django\utils\asyncio.py:26: in inner
    return func(*args, **kwargs)
..\..\..\AppData\Roaming\Python\Python313\site-packages\django\db\backends\base\base.py:278: in ensure_connection
    with self.wrap_database_errors:
..\..\..\AppData\Roaming\Python\Python313\site-packages\django\db\utils.py:91: in __exit__
    raise dj_exc_value.with_traceback(traceback) from exc_value
..\..\..\AppData\Roaming\Python\Python313\site-packages\django\db\backends\base\base.py:279: in ensure_connection
    self.connect()
..\..\..\AppData\Roaming\Python\Python313\site-packages\django\utils\asyncio.py:26: in inner
    return func(*args, **kwargs)
..\..\..\AppData\Roaming\Python\Python313\site-packages\django\db\backends\base\base.py:256: in connect
    self.connection = self.get_new_connection(conn_params)
..\..\..\AppData\Roaming\Python\Python313\site-packages\django\utils\asyncio.py:26: in inner
    return func(*args, **kwargs)
..\..\..\AppData\Roaming\Python\Python313\site-packages\django\db\backends\postgresql\base.py:332: in get_new_connection
    connection = self.Database.connect(**conn_params)
_ _ _ _ _ _ _ _ _ _ _ _ _ _ _ _ _ _ _ _ _ _ _ _ _ _ _ _ _ _ _ _ _ _ _ _ _ _ _ _

cls = <class 'psycopg.Connection'>
conninfo = 'dbname=ruffles_db client_encoding=UTF8 user=postgres password=postgres host=localhost port=5432 hostaddr=127.0.0.1'
autocommit = False, prepare_threshold = None
context = <psycopg.adapt.AdaptersMap object at 0x000001CEB3E42350>
row_factory = None
cursor_factory = <class 'django.db.backends.postgresql.base.Cursor'>
kwargs = {'client_encoding': 'UTF8', 'dbname': 'ruffles_db', 'host': 'localhost', 'password': 'postgres', ...}
params = {'client_encoding': 'UTF8', 'dbname': 'ruffles_db', 'host': 'localhost', 'password': 'postgres', ...}
timeout = 130

    @classmethod
    def connect(
        cls,
        conninfo: str = "",
        *,
        autocommit: bool = False,
        prepare_threshold: int | None = 5,
        context: AdaptContext | None = None,
        row_factory: RowFactory[Row] | None = None,
        cursor_factory: type[Cursor[Row]] | None = None,
        **kwargs: ConnParam,
    ) -> Self:
        """
        Connect to a database server and return a new `Connection` instance.
        """
    
        params = cls._get_connection_params(conninfo, **kwargs)
        timeout = timeout_from_conninfo(params)
        rv = None
        attempts = conninfo_attempts(params)
        conn_errors: list[tuple[e.Error, str]] = []
        for attempt in attempts:
            tdescr = (attempt.get("host"), attempt.get("port"), attempt.get("hostaddr"))
            descr = "host: %r, port: %r, hostaddr: %r" % tdescr
            logger.debug("connection attempt: %s", descr)
            try:
                conninfo = make_conninfo("", **attempt)
                gen = cls._connect_gen(conninfo, timeout=timeout)
                rv = waiting.wait_conn(gen, interval=_WAIT_INTERVAL)
            except e.Error as ex:
                logger.debug("connection failed: %s: %s", descr, str(ex))
                conn_errors.append((ex, descr))
            except e._NO_TRACEBACK as ex:
                raise ex.with_traceback(None)
            else:
                logger.debug("connection succeeded: %s", descr)
                break
    
        if not rv:
            last_ex = conn_errors[-1][0]
            if len(conn_errors) == 1:
                raise last_ex.with_traceback(None)
    
            # Create a new exception with the same type as the last one, containing
            # all attempt errors while preserving backward compatibility.
            lines = [str(last_ex)]
            lines.append("Multiple connection attempts failed. All failures were:")
            lines.extend((f"- {descr}: {error}" for error, descr in conn_errors))
>           raise type(last_ex)("\n".join(lines)).with_traceback(None)
E           django.db.utils.OperationalError: connection failed: connection to server at "127.0.0.1", port 5432 failed: FATAL:  la autentificaci\ufffdn password fall\ufffd para el usuario \ufffdpostgres\ufffd
E           Multiple connection attempts failed. All failures were:
E           - host: 'localhost', port: '5432', hostaddr: '::1': connection failed: connection to server at "::1", port 5432 failed: FATAL:  la autentificaci\ufffdn password fall\ufffd para el usuario \ufffdpostgres\ufffd
E           - host: 'localhost', port: '5432', hostaddr: '127.0.0.1': connection failed: connection to server at "127.0.0.1", port 5432 failed: FATAL:  la autentificaci\ufffdn password fall\ufffd para el usuario \ufffdpostgres\ufffd

..\..\..\AppData\Roaming\Python\Python313\site-packages\psycopg\connection.py:127: OperationalError
__ ERROR at setup of ReservationTests.test_reservation_authenticated_success __

self = <DatabaseWrapper vendor='postgresql' alias='__no_db__'>

    @async_unsafe
    def ensure_connection(self):
        """Guarantee that a connection to the database is established."""
        if self.connection is None:
            if self.in_atomic_block and self.closed_in_transaction:
                raise ProgrammingError(
                    "Cannot open a new connection in an atomic block."
                )
            with self.wrap_database_errors:
>               self.connect()

..\..\..\AppData\Roaming\Python\Python313\site-packages\django\db\backends\base\base.py:279: 
_ _ _ _ _ _ _ _ _ _ _ _ _ _ _ _ _ _ _ _ _ _ _ _ _ _ _ _ _ _ _ _ _ _ _ _ _ _ _ _
..\..\..\AppData\Roaming\Python\Python313\site-packages\django\utils\asyncio.py:26: in inner
    return func(*args, **kwargs)
..\..\..\AppData\Roaming\Python\Python313\site-packages\django\db\backends\base\base.py:256: in connect
    self.connection = self.get_new_connection(conn_params)
..\..\..\AppData\Roaming\Python\Python313\site-packages\django\utils\asyncio.py:26: in inner
    return func(*args, **kwargs)
..\..\..\AppData\Roaming\Python\Python313\site-packages\django\db\backends\postgresql\base.py:332: in get_new_connection
    connection = self.Database.connect(**conn_params)
_ _ _ _ _ _ _ _ _ _ _ _ _ _ _ _ _ _ _ _ _ _ _ _ _ _ _ _ _ _ _ _ _ _ _ _ _ _ _ _

cls = <class 'psycopg.Connection'>
conninfo = 'dbname=postgres client_encoding=UTF8 user=postgres password=postgres host=localhost port=5432 hostaddr=127.0.0.1'
autocommit = False, prepare_threshold = None
context = <psycopg.adapt.AdaptersMap object at 0x000001CEB3E42350>
row_factory = None
cursor_factory = <class 'django.db.backends.postgresql.base.Cursor'>
kwargs = {'client_encoding': 'UTF8', 'dbname': 'postgres', 'host': 'localhost', 'password': 'postgres', ...}
params = {'client_encoding': 'UTF8', 'dbname': 'postgres', 'host': 'localhost', 'password': 'postgres', ...}
timeout = 130

    @classmethod
    def connect(
        cls,
        conninfo: str = "",
        *,
        autocommit: bool = False,
        prepare_threshold: int | None = 5,
        context: AdaptContext | None = None,
        row_factory: RowFactory[Row] | None = None,
        cursor_factory: type[Cursor[Row]] | None = None,
        **kwargs: ConnParam,
    ) -> Self:
        """
        Connect to a database server and return a new `Connection` instance.
        """
    
        params = cls._get_connection_params(conninfo, **kwargs)
        timeout = timeout_from_conninfo(params)
        rv = None
        attempts = conninfo_attempts(params)
        conn_errors: list[tuple[e.Error, str]] = []
        for attempt in attempts:
            tdescr = (attempt.get("host"), attempt.get("port"), attempt.get("hostaddr"))
            descr = "host: %r, port: %r, hostaddr: %r" % tdescr
            logger.debug("connection attempt: %s", descr)
            try:
                conninfo = make_conninfo("", **attempt)
                gen = cls._connect_gen(conninfo, timeout=timeout)
                rv = waiting.wait_conn(gen, interval=_WAIT_INTERVAL)
            except e.Error as ex:
                logger.debug("connection failed: %s: %s", descr, str(ex))
                conn_errors.append((ex, descr))
            except e._NO_TRACEBACK as ex:
                raise ex.with_traceback(None)
            else:
                logger.debug("connection succeeded: %s", descr)
                break
    
        if not rv:
            last_ex = conn_errors[-1][0]
            if len(conn_errors) == 1:
                raise last_ex.with_traceback(None)
    
            # Create a new exception with the same type as the last one, containing
            # all attempt errors while preserving backward compatibility.
            lines = [str(last_ex)]
            lines.append("Multiple connection attempts failed. All failures were:")
            lines.extend((f"- {descr}: {error}" for error, descr in conn_errors))
>           raise type(last_ex)("\n".join(lines)).with_traceback(None)
E           psycopg.OperationalError: connection failed: connection to server at "127.0.0.1", port 5432 failed: FATAL:  la autentificaci\ufffdn password fall\ufffd para el usuario \ufffdpostgres\ufffd
E           Multiple connection attempts failed. All failures were:
E           - host: 'localhost', port: '5432', hostaddr: '::1': connection failed: connection to server at "::1", port 5432 failed: FATAL:  la autentificaci\ufffdn password fall\ufffd para el usuario \ufffdpostgres\ufffd
E           - host: 'localhost', port: '5432', hostaddr: '127.0.0.1': connection failed: connection to server at "127.0.0.1", port 5432 failed: FATAL:  la autentificaci\ufffdn password fall\ufffd para el usuario \ufffdpostgres\ufffd

..\..\..\AppData\Roaming\Python\Python313\site-packages\psycopg\connection.py:127: OperationalError

The above exception was the direct cause of the following exception:

self = <DatabaseWrapper vendor='postgresql' alias='default'>

    @contextmanager
    def _nodb_cursor(self):
        cursor = None
        try:
>           with super()._nodb_cursor() as cursor:

..\..\..\AppData\Roaming\Python\Python313\site-packages\django\db\backends\postgresql\base.py:507: 
_ _ _ _ _ _ _ _ _ _ _ _ _ _ _ _ _ _ _ _ _ _ _ _ _ _ _ _ _ _ _ _ _ _ _ _ _ _ _ _
C:\Python313\Lib\contextlib.py:141: in __enter__
    return next(self.gen)
..\..\..\AppData\Roaming\Python\Python313\site-packages\django\db\backends\base\base.py:712: in _nodb_cursor
    with conn.cursor() as cursor:
..\..\..\AppData\Roaming\Python\Python313\site-packages\django\utils\asyncio.py:26: in inner
    return func(*args, **kwargs)
..\..\..\AppData\Roaming\Python\Python313\site-packages\django\db\backends\base\base.py:320: in cursor
    return self._cursor()
..\..\..\AppData\Roaming\Python\Python313\site-packages\django\db\backends\base\base.py:296: in _cursor
    self.ensure_connection()
..\..\..\AppData\Roaming\Python\Python313\site-packages\django\utils\asyncio.py:26: in inner
    return func(*args, **kwargs)
..\..\..\AppData\Roaming\Python\Python313\site-packages\django\db\backends\base\base.py:278: in ensure_connection
    with self.wrap_database_errors:
..\..\..\AppData\Roaming\Python\Python313\site-packages\django\db\utils.py:91: in __exit__
    raise dj_exc_value.with_traceback(traceback) from exc_value
..\..\..\AppData\Roaming\Python\Python313\site-packages\django\db\backends\base\base.py:279: in ensure_connection
    self.connect()
..\..\..\AppData\Roaming\Python\Python313\site-packages\django\utils\asyncio.py:26: in inner
    return func(*args, **kwargs)
..\..\..\AppData\Roaming\Python\Python313\site-packages\django\db\backends\base\base.py:256: in connect
    self.connection = self.get_new_connection(conn_params)
..\..\..\AppData\Roaming\Python\Python313\site-packages\django\utils\asyncio.py:26: in inner
    return func(*args, **kwargs)
..\..\..\AppData\Roaming\Python\Python313\site-packages\django\db\backends\postgresql\base.py:332: in get_new_connection
    connection = self.Database.connect(**conn_params)
_ _ _ _ _ _ _ _ _ _ _ _ _ _ _ _ _ _ _ _ _ _ _ _ _ _ _ _ _ _ _ _ _ _ _ _ _ _ _ _

cls = <class 'psycopg.Connection'>
conninfo = 'dbname=postgres client_encoding=UTF8 user=postgres password=postgres host=localhost port=5432 hostaddr=127.0.0.1'
autocommit = False, prepare_threshold = None
context = <psycopg.adapt.AdaptersMap object at 0x000001CEB3E42350>
row_factory = None
cursor_factory = <class 'django.db.backends.postgresql.base.Cursor'>
kwargs = {'client_encoding': 'UTF8', 'dbname': 'postgres', 'host': 'localhost', 'password': 'postgres', ...}
params = {'client_encoding': 'UTF8', 'dbname': 'postgres', 'host': 'localhost', 'password': 'postgres', ...}
timeout = 130

    @classmethod
    def connect(
        cls,
        conninfo: str = "",
        *,
        autocommit: bool = False,
        prepare_threshold: int | None = 5,
        context: AdaptContext | None = None,
        row_factory: RowFactory[Row] | None = None,
        cursor_factory: type[Cursor[Row]] | None = None,
        **kwargs: ConnParam,
    ) -> Self:
        """
        Connect to a database server and return a new `Connection` instance.
        """
    
        params = cls._get_connection_params(conninfo, **kwargs)
        timeout = timeout_from_conninfo(params)
        rv = None
        attempts = conninfo_attempts(params)
        conn_errors: list[tuple[e.Error, str]] = []
        for attempt in attempts:
            tdescr = (attempt.get("host"), attempt.get("port"), attempt.get("hostaddr"))
            descr = "host: %r, port: %r, hostaddr: %r" % tdescr
            logger.debug("connection attempt: %s", descr)
            try:
                conninfo = make_conninfo("", **attempt)
                gen = cls._connect_gen(conninfo, timeout=timeout)
                rv = waiting.wait_conn(gen, interval=_WAIT_INTERVAL)
            except e.Error as ex:
                logger.debug("connection failed: %s: %s", descr, str(ex))
                conn_errors.append((ex, descr))
            except e._NO_TRACEBACK as ex:
                raise ex.with_traceback(None)
            else:
                logger.debug("connection succeeded: %s", descr)
                break
    
        if not rv:
            last_ex = conn_errors[-1][0]
            if len(conn_errors) == 1:
                raise last_ex.with_traceback(None)
    
            # Create a new exception with the same type as the last one, containing
            # all attempt errors while preserving backward compatibility.
            lines = [str(last_ex)]
            lines.append("Multiple connection attempts failed. All failures were:")
            lines.extend((f"- {descr}: {error}" for error, descr in conn_errors))
>           raise type(last_ex)("\n".join(lines)).with_traceback(None)
E           django.db.utils.OperationalError: connection failed: connection to server at "127.0.0.1", port 5432 failed: FATAL:  la autentificaci\ufffdn password fall\ufffd para el usuario \ufffdpostgres\ufffd
E           Multiple connection attempts failed. All failures were:
E           - host: 'localhost', port: '5432', hostaddr: '::1': connection failed: connection to server at "::1", port 5432 failed: FATAL:  la autentificaci\ufffdn password fall\ufffd para el usuario \ufffdpostgres\ufffd
E           - host: 'localhost', port: '5432', hostaddr: '127.0.0.1': connection failed: connection to server at "127.0.0.1", port 5432 failed: FATAL:  la autentificaci\ufffdn password fall\ufffd para el usuario \ufffdpostgres\ufffd

..\..\..\AppData\Roaming\Python\Python313\site-packages\psycopg\connection.py:127: OperationalError

During handling of the above exception, another exception occurred:

self = <DatabaseWrapper vendor='postgresql' alias='default'>

    @async_unsafe
    def ensure_connection(self):
        """Guarantee that a connection to the database is established."""
        if self.connection is None:
            if self.in_atomic_block and self.closed_in_transaction:
                raise ProgrammingError(
                    "Cannot open a new connection in an atomic block."
                )
            with self.wrap_database_errors:
>               self.connect()

..\..\..\AppData\Roaming\Python\Python313\site-packages\django\db\backends\base\base.py:279: 
_ _ _ _ _ _ _ _ _ _ _ _ _ _ _ _ _ _ _ _ _ _ _ _ _ _ _ _ _ _ _ _ _ _ _ _ _ _ _ _
..\..\..\AppData\Roaming\Python\Python313\site-packages\django\utils\asyncio.py:26: in inner
    return func(*args, **kwargs)
..\..\..\AppData\Roaming\Python\Python313\site-packages\django\db\backends\base\base.py:256: in connect
    self.connection = self.get_new_connection(conn_params)
..\..\..\AppData\Roaming\Python\Python313\site-packages\django\utils\asyncio.py:26: in inner
    return func(*args, **kwargs)
..\..\..\AppData\Roaming\Python\Python313\site-packages\django\db\backends\postgresql\base.py:332: in get_new_connection
    connection = self.Database.connect(**conn_params)
_ _ _ _ _ _ _ _ _ _ _ _ _ _ _ _ _ _ _ _ _ _ _ _ _ _ _ _ _ _ _ _ _ _ _ _ _ _ _ _

cls = <class 'psycopg.Connection'>
conninfo = 'dbname=ruffles_db client_encoding=UTF8 user=postgres password=postgres host=localhost port=5432 hostaddr=127.0.0.1'
autocommit = False, prepare_threshold = None
context = <psycopg.adapt.AdaptersMap object at 0x000001CEB3E42350>
row_factory = None
cursor_factory = <class 'django.db.backends.postgresql.base.Cursor'>
kwargs = {'client_encoding': 'UTF8', 'dbname': 'ruffles_db', 'host': 'localhost', 'password': 'postgres', ...}
params = {'client_encoding': 'UTF8', 'dbname': 'ruffles_db', 'host': 'localhost', 'password': 'postgres', ...}
timeout = 130

    @classmethod
    def connect(
        cls,
        conninfo: str = "",
        *,
        autocommit: bool = False,
        prepare_threshold: int | None = 5,
        context: AdaptContext | None = None,
        row_factory: RowFactory[Row] | None = None,
        cursor_factory: type[Cursor[Row]] | None = None,
        **kwargs: ConnParam,
    ) -> Self:
        """
        Connect to a database server and return a new `Connection` instance.
        """
    
        params = cls._get_connection_params(conninfo, **kwargs)
        timeout = timeout_from_conninfo(params)
        rv = None
        attempts = conninfo_attempts(params)
        conn_errors: list[tuple[e.Error, str]] = []
        for attempt in attempts:
            tdescr = (attempt.get("host"), attempt.get("port"), attempt.get("hostaddr"))
            descr = "host: %r, port: %r, hostaddr: %r" % tdescr
            logger.debug("connection attempt: %s", descr)
            try:
                conninfo = make_conninfo("", **attempt)
                gen = cls._connect_gen(conninfo, timeout=timeout)
                rv = waiting.wait_conn(gen, interval=_WAIT_INTERVAL)
            except e.Error as ex:
                logger.debug("connection failed: %s: %s", descr, str(ex))
                conn_errors.append((ex, descr))
            except e._NO_TRACEBACK as ex:
                raise ex.with_traceback(None)
            else:
                logger.debug("connection succeeded: %s", descr)
                break
    
        if not rv:
            last_ex = conn_errors[-1][0]
            if len(conn_errors) == 1:
                raise last_ex.with_traceback(None)
    
            # Create a new exception with the same type as the last one, containing
            # all attempt errors while preserving backward compatibility.
            lines = [str(last_ex)]
            lines.append("Multiple connection attempts failed. All failures were:")
            lines.extend((f"- {descr}: {error}" for error, descr in conn_errors))
>           raise type(last_ex)("\n".join(lines)).with_traceback(None)
E           psycopg.OperationalError: connection failed: connection to server at "127.0.0.1", port 5432 failed: FATAL:  la autentificaci\ufffdn password fall\ufffd para el usuario \ufffdpostgres\ufffd
E           Multiple connection attempts failed. All failures were:
E           - host: 'localhost', port: '5432', hostaddr: '::1': connection failed: connection to server at "::1", port 5432 failed: FATAL:  la autentificaci\ufffdn password fall\ufffd para el usuario \ufffdpostgres\ufffd
E           - host: 'localhost', port: '5432', hostaddr: '127.0.0.1': connection failed: connection to server at "127.0.0.1", port 5432 failed: FATAL:  la autentificaci\ufffdn password fall\ufffd para el usuario \ufffdpostgres\ufffd

..\..\..\AppData\Roaming\Python\Python313\site-packages\psycopg\connection.py:127: OperationalError

The above exception was the direct cause of the following exception:

request = <SubRequest '_django_setup_unittest' for <TestCaseFunction test_reservation_authenticated_success>>
django_db_blocker = <pytest_django.plugin.DjangoDbBlocker object at 0x000001CEB17F0050>

    @pytest.fixture(autouse=True, scope="class")
    def _django_setup_unittest(
        request: pytest.FixtureRequest,
        django_db_blocker: DjangoDbBlocker,
    ) -> Generator[None, None, None]:
        """Setup a django unittest, internal to pytest-django."""
        if not django_settings_is_configured() or not is_django_unittest(request):
            yield
            return
    
        # Fix/patch pytest.
        # Before pytest 5.4: https://github.com/pytest-dev/pytest/issues/5991
        # After pytest 5.4: https://github.com/pytest-dev/pytest-django/issues/824
        from _pytest.unittest import TestCaseFunction
    
        original_runtest = TestCaseFunction.runtest
    
        def non_debugging_runtest(self) -> None:
            self._testcase(result=self)
    
        try:
            TestCaseFunction.runtest = non_debugging_runtest  # type: ignore[method-assign]
    
>           request.getfixturevalue("django_db_setup")

..\..\..\AppData\Roaming\Python\Python313\site-packages\pytest_django\plugin.py:553: 
_ _ _ _ _ _ _ _ _ _ _ _ _ _ _ _ _ _ _ _ _ _ _ _ _ _ _ _ _ _ _ _ _ _ _ _ _ _ _ _
..\..\..\AppData\Roaming\Python\Python313\site-packages\pytest_django\fixtures.py:140: in django_db_setup
    db_cfg = setup_databases(
..\..\..\AppData\Roaming\Python\Python313\site-packages\django\test\utils.py:204: in setup_databases
    connection.creation.create_test_db(
..\..\..\AppData\Roaming\Python\Python313\site-packages\django\db\backends\base\creation.py:62: in create_test_db
    self._create_test_db(verbosity, autoclobber, keepdb)
..\..\..\AppData\Roaming\Python\Python313\site-packages\django\db\backends\base\creation.py:202: in _create_test_db
    with self._nodb_cursor() as cursor:
C:\Python313\Lib\contextlib.py:141: in __enter__
    return next(self.gen)
..\..\..\AppData\Roaming\Python\Python313\site-packages\django\db\backends\postgresql\base.py:533: in _nodb_cursor
    with conn.cursor() as cursor:
..\..\..\AppData\Roaming\Python\Python313\site-packages\django\utils\asyncio.py:26: in inner
    return func(*args, **kwargs)
..\..\..\AppData\Roaming\Python\Python313\site-packages\django\db\backends\base\base.py:320: in cursor
    return self._cursor()
..\..\..\AppData\Roaming\Python\Python313\site-packages\django\db\backends\base\base.py:296: in _cursor
    self.ensure_connection()
..\..\..\AppData\Roaming\Python\Python313\site-packages\django\utils\asyncio.py:26: in inner
    return func(*args, **kwargs)
..\..\..\AppData\Roaming\Python\Python313\site-packages\django\db\backends\base\base.py:278: in ensure_connection
    with self.wrap_database_errors:
..\..\..\AppData\Roaming\Python\Python313\site-packages\django\db\utils.py:91: in __exit__
    raise dj_exc_value.with_traceback(traceback) from exc_value
..\..\..\AppData\Roaming\Python\Python313\site-packages\django\db\backends\base\base.py:279: in ensure_connection
    self.connect()
..\..\..\AppData\Roaming\Python\Python313\site-packages\django\utils\asyncio.py:26: in inner
    return func(*args, **kwargs)
..\..\..\AppData\Roaming\Python\Python313\site-packages\django\db\backends\base\base.py:256: in connect
    self.connection = self.get_new_connection(conn_params)
..\..\..\AppData\Roaming\Python\Python313\site-packages\django\utils\asyncio.py:26: in inner
    return func(*args, **kwargs)
..\..\..\AppData\Roaming\Python\Python313\site-packages\django\db\backends\postgresql\base.py:332: in get_new_connection
    connection = self.Database.connect(**conn_params)
_ _ _ _ _ _ _ _ _ _ _ _ _ _ _ _ _ _ _ _ _ _ _ _ _ _ _ _ _ _ _ _ _ _ _ _ _ _ _ _

cls = <class 'psycopg.Connection'>
conninfo = 'dbname=ruffles_db client_encoding=UTF8 user=postgres password=postgres host=localhost port=5432 hostaddr=127.0.0.1'
autocommit = False, prepare_threshold = None
context = <psycopg.adapt.AdaptersMap object at 0x000001CEB3E42350>
row_factory = None
cursor_factory = <class 'django.db.backends.postgresql.base.Cursor'>
kwargs = {'client_encoding': 'UTF8', 'dbname': 'ruffles_db', 'host': 'localhost', 'password': 'postgres', ...}
params = {'client_encoding': 'UTF8', 'dbname': 'ruffles_db', 'host': 'localhost', 'password': 'postgres', ...}
timeout = 130

    @classmethod
    def connect(
        cls,
        conninfo: str = "",
        *,
        autocommit: bool = False,
        prepare_threshold: int | None = 5,
        context: AdaptContext | None = None,
        row_factory: RowFactory[Row] | None = None,
        cursor_factory: type[Cursor[Row]] | None = None,
        **kwargs: ConnParam,
    ) -> Self:
        """
        Connect to a database server and return a new `Connection` instance.
        """
    
        params = cls._get_connection_params(conninfo, **kwargs)
        timeout = timeout_from_conninfo(params)
        rv = None
        attempts = conninfo_attempts(params)
        conn_errors: list[tuple[e.Error, str]] = []
        for attempt in attempts:
            tdescr = (attempt.get("host"), attempt.get("port"), attempt.get("hostaddr"))
            descr = "host: %r, port: %r, hostaddr: %r" % tdescr
            logger.debug("connection attempt: %s", descr)
            try:
                conninfo = make_conninfo("", **attempt)
                gen = cls._connect_gen(conninfo, timeout=timeout)
                rv = waiting.wait_conn(gen, interval=_WAIT_INTERVAL)
            except e.Error as ex:
                logger.debug("connection failed: %s: %s", descr, str(ex))
                conn_errors.append((ex, descr))
            except e._NO_TRACEBACK as ex:
                raise ex.with_traceback(None)
            else:
                logger.debug("connection succeeded: %s", descr)
                break
    
        if not rv:
            last_ex = conn_errors[-1][0]
            if len(conn_errors) == 1:
                raise last_ex.with_traceback(None)
    
            # Create a new exception with the same type as the last one, containing
            # all attempt errors while preserving backward compatibility.
            lines = [str(last_ex)]
            lines.append("Multiple connection attempts failed. All failures were:")
            lines.extend((f"- {descr}: {error}" for error, descr in conn_errors))
>           raise type(last_ex)("\n".join(lines)).with_traceback(None)
E           django.db.utils.OperationalError: connection failed: connection to server at "127.0.0.1", port 5432 failed: FATAL:  la autentificaci\ufffdn password fall\ufffd para el usuario \ufffdpostgres\ufffd
E           Multiple connection attempts failed. All failures were:
E           - host: 'localhost', port: '5432', hostaddr: '::1': connection failed: connection to server at "::1", port 5432 failed: FATAL:  la autentificaci\ufffdn password fall\ufffd para el usuario \ufffdpostgres\ufffd
E           - host: 'localhost', port: '5432', hostaddr: '127.0.0.1': connection failed: connection to server at "127.0.0.1", port 5432 failed: FATAL:  la autentificaci\ufffdn password fall\ufffd para el usuario \ufffdpostgres\ufffd

..\..\..\AppData\Roaming\Python\Python313\site-packages\psycopg\connection.py:127: OperationalError
___ ERROR at setup of ReservationTests.test_reservation_guest_info_missing ____

self = <DatabaseWrapper vendor='postgresql' alias='__no_db__'>

    @async_unsafe
    def ensure_connection(self):
        """Guarantee that a connection to the database is established."""
        if self.connection is None:
            if self.in_atomic_block and self.closed_in_transaction:
                raise ProgrammingError(
                    "Cannot open a new connection in an atomic block."
                )
            with self.wrap_database_errors:
>               self.connect()

..\..\..\AppData\Roaming\Python\Python313\site-packages\django\db\backends\base\base.py:279: 
_ _ _ _ _ _ _ _ _ _ _ _ _ _ _ _ _ _ _ _ _ _ _ _ _ _ _ _ _ _ _ _ _ _ _ _ _ _ _ _
..\..\..\AppData\Roaming\Python\Python313\site-packages\django\utils\asyncio.py:26: in inner
    return func(*args, **kwargs)
..\..\..\AppData\Roaming\Python\Python313\site-packages\django\db\backends\base\base.py:256: in connect
    self.connection = self.get_new_connection(conn_params)
..\..\..\AppData\Roaming\Python\Python313\site-packages\django\utils\asyncio.py:26: in inner
    return func(*args, **kwargs)
..\..\..\AppData\Roaming\Python\Python313\site-packages\django\db\backends\postgresql\base.py:332: in get_new_connection
    connection = self.Database.connect(**conn_params)
_ _ _ _ _ _ _ _ _ _ _ _ _ _ _ _ _ _ _ _ _ _ _ _ _ _ _ _ _ _ _ _ _ _ _ _ _ _ _ _

cls = <class 'psycopg.Connection'>
conninfo = 'dbname=postgres client_encoding=UTF8 user=postgres password=postgres host=localhost port=5432 hostaddr=127.0.0.1'
autocommit = False, prepare_threshold = None
context = <psycopg.adapt.AdaptersMap object at 0x000001CEB3E42350>
row_factory = None
cursor_factory = <class 'django.db.backends.postgresql.base.Cursor'>
kwargs = {'client_encoding': 'UTF8', 'dbname': 'postgres', 'host': 'localhost', 'password': 'postgres', ...}
params = {'client_encoding': 'UTF8', 'dbname': 'postgres', 'host': 'localhost', 'password': 'postgres', ...}
timeout = 130

    @classmethod
    def connect(
        cls,
        conninfo: str = "",
        *,
        autocommit: bool = False,
        prepare_threshold: int | None = 5,
        context: AdaptContext | None = None,
        row_factory: RowFactory[Row] | None = None,
        cursor_factory: type[Cursor[Row]] | None = None,
        **kwargs: ConnParam,
    ) -> Self:
        """
        Connect to a database server and return a new `Connection` instance.
        """
    
        params = cls._get_connection_params(conninfo, **kwargs)
        timeout = timeout_from_conninfo(params)
        rv = None
        attempts = conninfo_attempts(params)
        conn_errors: list[tuple[e.Error, str]] = []
        for attempt in attempts:
            tdescr = (attempt.get("host"), attempt.get("port"), attempt.get("hostaddr"))
            descr = "host: %r, port: %r, hostaddr: %r" % tdescr
            logger.debug("connection attempt: %s", descr)
            try:
                conninfo = make_conninfo("", **attempt)
                gen = cls._connect_gen(conninfo, timeout=timeout)
                rv = waiting.wait_conn(gen, interval=_WAIT_INTERVAL)
            except e.Error as ex:
                logger.debug("connection failed: %s: %s", descr, str(ex))
                conn_errors.append((ex, descr))
            except e._NO_TRACEBACK as ex:
                raise ex.with_traceback(None)
            else:
                logger.debug("connection succeeded: %s", descr)
                break
    
        if not rv:
            last_ex = conn_errors[-1][0]
            if len(conn_errors) == 1:
                raise last_ex.with_traceback(None)
    
            # Create a new exception with the same type as the last one, containing
            # all attempt errors while preserving backward compatibility.
            lines = [str(last_ex)]
            lines.append("Multiple connection attempts failed. All failures were:")
            lines.extend((f"- {descr}: {error}" for error, descr in conn_errors))
>           raise type(last_ex)("\n".join(lines)).with_traceback(None)
E           psycopg.OperationalError: connection failed: connection to server at "127.0.0.1", port 5432 failed: FATAL:  la autentificaci\ufffdn password fall\ufffd para el usuario \ufffdpostgres\ufffd
E           Multiple connection attempts failed. All failures were:
E           - host: 'localhost', port: '5432', hostaddr: '::1': connection failed: connection to server at "::1", port 5432 failed: FATAL:  la autentificaci\ufffdn password fall\ufffd para el usuario \ufffdpostgres\ufffd
E           - host: 'localhost', port: '5432', hostaddr: '127.0.0.1': connection failed: connection to server at "127.0.0.1", port 5432 failed: FATAL:  la autentificaci\ufffdn password fall\ufffd para el usuario \ufffdpostgres\ufffd

..\..\..\AppData\Roaming\Python\Python313\site-packages\psycopg\connection.py:127: OperationalError

The above exception was the direct cause of the following exception:

self = <DatabaseWrapper vendor='postgresql' alias='default'>

    @contextmanager
    def _nodb_cursor(self):
        cursor = None
        try:
>           with super()._nodb_cursor() as cursor:

..\..\..\AppData\Roaming\Python\Python313\site-packages\django\db\backends\postgresql\base.py:507: 
_ _ _ _ _ _ _ _ _ _ _ _ _ _ _ _ _ _ _ _ _ _ _ _ _ _ _ _ _ _ _ _ _ _ _ _ _ _ _ _
C:\Python313\Lib\contextlib.py:141: in __enter__
    return next(self.gen)
..\..\..\AppData\Roaming\Python\Python313\site-packages\django\db\backends\base\base.py:712: in _nodb_cursor
    with conn.cursor() as cursor:
..\..\..\AppData\Roaming\Python\Python313\site-packages\django\utils\asyncio.py:26: in inner
    return func(*args, **kwargs)
..\..\..\AppData\Roaming\Python\Python313\site-packages\django\db\backends\base\base.py:320: in cursor
    return self._cursor()
..\..\..\AppData\Roaming\Python\Python313\site-packages\django\db\backends\base\base.py:296: in _cursor
    self.ensure_connection()
..\..\..\AppData\Roaming\Python\Python313\site-packages\django\utils\asyncio.py:26: in inner
    return func(*args, **kwargs)
..\..\..\AppData\Roaming\Python\Python313\site-packages\django\db\backends\base\base.py:278: in ensure_connection
    with self.wrap_database_errors:
..\..\..\AppData\Roaming\Python\Python313\site-packages\django\db\utils.py:91: in __exit__
    raise dj_exc_value.with_traceback(traceback) from exc_value
..\..\..\AppData\Roaming\Python\Python313\site-packages\django\db\backends\base\base.py:279: in ensure_connection
    self.connect()
..\..\..\AppData\Roaming\Python\Python313\site-packages\django\utils\asyncio.py:26: in inner
    return func(*args, **kwargs)
..\..\..\AppData\Roaming\Python\Python313\site-packages\django\db\backends\base\base.py:256: in connect
    self.connection = self.get_new_connection(conn_params)
..\..\..\AppData\Roaming\Python\Python313\site-packages\django\utils\asyncio.py:26: in inner
    return func(*args, **kwargs)
..\..\..\AppData\Roaming\Python\Python313\site-packages\django\db\backends\postgresql\base.py:332: in get_new_connection
    connection = self.Database.connect(**conn_params)
_ _ _ _ _ _ _ _ _ _ _ _ _ _ _ _ _ _ _ _ _ _ _ _ _ _ _ _ _ _ _ _ _ _ _ _ _ _ _ _

cls = <class 'psycopg.Connection'>
conninfo = 'dbname=postgres client_encoding=UTF8 user=postgres password=postgres host=localhost port=5432 hostaddr=127.0.0.1'
autocommit = False, prepare_threshold = None
context = <psycopg.adapt.AdaptersMap object at 0x000001CEB3E42350>
row_factory = None
cursor_factory = <class 'django.db.backends.postgresql.base.Cursor'>
kwargs = {'client_encoding': 'UTF8', 'dbname': 'postgres', 'host': 'localhost', 'password': 'postgres', ...}
params = {'client_encoding': 'UTF8', 'dbname': 'postgres', 'host': 'localhost', 'password': 'postgres', ...}
timeout = 130

    @classmethod
    def connect(
        cls,
        conninfo: str = "",
        *,
        autocommit: bool = False,
        prepare_threshold: int | None = 5,
        context: AdaptContext | None = None,
        row_factory: RowFactory[Row] | None = None,
        cursor_factory: type[Cursor[Row]] | None = None,
        **kwargs: ConnParam,
    ) -> Self:
        """
        Connect to a database server and return a new `Connection` instance.
        """
    
        params = cls._get_connection_params(conninfo, **kwargs)
        timeout = timeout_from_conninfo(params)
        rv = None
        attempts = conninfo_attempts(params)
        conn_errors: list[tuple[e.Error, str]] = []
        for attempt in attempts:
            tdescr = (attempt.get("host"), attempt.get("port"), attempt.get("hostaddr"))
            descr = "host: %r, port: %r, hostaddr: %r" % tdescr
            logger.debug("connection attempt: %s", descr)
            try:
                conninfo = make_conninfo("", **attempt)
                gen = cls._connect_gen(conninfo, timeout=timeout)
                rv = waiting.wait_conn(gen, interval=_WAIT_INTERVAL)
            except e.Error as ex:
                logger.debug("connection failed: %s: %s", descr, str(ex))
                conn_errors.append((ex, descr))
            except e._NO_TRACEBACK as ex:
                raise ex.with_traceback(None)
            else:
                logger.debug("connection succeeded: %s", descr)
                break
    
        if not rv:
            last_ex = conn_errors[-1][0]
            if len(conn_errors) == 1:
                raise last_ex.with_traceback(None)
    
            # Create a new exception with the same type as the last one, containing
            # all attempt errors while preserving backward compatibility.
            lines = [str(last_ex)]
            lines.append("Multiple connection attempts failed. All failures were:")
            lines.extend((f"- {descr}: {error}" for error, descr in conn_errors))
>           raise type(last_ex)("\n".join(lines)).with_traceback(None)
E           django.db.utils.OperationalError: connection failed: connection to server at "127.0.0.1", port 5432 failed: FATAL:  la autentificaci\ufffdn password fall\ufffd para el usuario \ufffdpostgres\ufffd
E           Multiple connection attempts failed. All failures were:
E           - host: 'localhost', port: '5432', hostaddr: '::1': connection failed: connection to server at "::1", port 5432 failed: FATAL:  la autentificaci\ufffdn password fall\ufffd para el usuario \ufffdpostgres\ufffd
E           - host: 'localhost', port: '5432', hostaddr: '127.0.0.1': connection failed: connection to server at "127.0.0.1", port 5432 failed: FATAL:  la autentificaci\ufffdn password fall\ufffd para el usuario \ufffdpostgres\ufffd

..\..\..\AppData\Roaming\Python\Python313\site-packages\psycopg\connection.py:127: OperationalError

During handling of the above exception, another exception occurred:

self = <DatabaseWrapper vendor='postgresql' alias='default'>

    @async_unsafe
    def ensure_connection(self):
        """Guarantee that a connection to the database is established."""
        if self.connection is None:
            if self.in_atomic_block and self.closed_in_transaction:
                raise ProgrammingError(
                    "Cannot open a new connection in an atomic block."
                )
            with self.wrap_database_errors:
>               self.connect()

..\..\..\AppData\Roaming\Python\Python313\site-packages\django\db\backends\base\base.py:279: 
_ _ _ _ _ _ _ _ _ _ _ _ _ _ _ _ _ _ _ _ _ _ _ _ _ _ _ _ _ _ _ _ _ _ _ _ _ _ _ _
..\..\..\AppData\Roaming\Python\Python313\site-packages\django\utils\asyncio.py:26: in inner
    return func(*args, **kwargs)
..\..\..\AppData\Roaming\Python\Python313\site-packages\django\db\backends\base\base.py:256: in connect
    self.connection = self.get_new_connection(conn_params)
..\..\..\AppData\Roaming\Python\Python313\site-packages\django\utils\asyncio.py:26: in inner
    return func(*args, **kwargs)
..\..\..\AppData\Roaming\Python\Python313\site-packages\django\db\backends\postgresql\base.py:332: in get_new_connection
    connection = self.Database.connect(**conn_params)
_ _ _ _ _ _ _ _ _ _ _ _ _ _ _ _ _ _ _ _ _ _ _ _ _ _ _ _ _ _ _ _ _ _ _ _ _ _ _ _

cls = <class 'psycopg.Connection'>
conninfo = 'dbname=ruffles_db client_encoding=UTF8 user=postgres password=postgres host=localhost port=5432 hostaddr=127.0.0.1'
autocommit = False, prepare_threshold = None
context = <psycopg.adapt.AdaptersMap object at 0x000001CEB3E42350>
row_factory = None
cursor_factory = <class 'django.db.backends.postgresql.base.Cursor'>
kwargs = {'client_encoding': 'UTF8', 'dbname': 'ruffles_db', 'host': 'localhost', 'password': 'postgres', ...}
params = {'client_encoding': 'UTF8', 'dbname': 'ruffles_db', 'host': 'localhost', 'password': 'postgres', ...}
timeout = 130

    @classmethod
    def connect(
        cls,
        conninfo: str = "",
        *,
        autocommit: bool = False,
        prepare_threshold: int | None = 5,
        context: AdaptContext | None = None,
        row_factory: RowFactory[Row] | None = None,
        cursor_factory: type[Cursor[Row]] | None = None,
        **kwargs: ConnParam,
    ) -> Self:
        """
        Connect to a database server and return a new `Connection` instance.
        """
    
        params = cls._get_connection_params(conninfo, **kwargs)
        timeout = timeout_from_conninfo(params)
        rv = None
        attempts = conninfo_attempts(params)
        conn_errors: list[tuple[e.Error, str]] = []
        for attempt in attempts:
            tdescr = (attempt.get("host"), attempt.get("port"), attempt.get("hostaddr"))
            descr = "host: %r, port: %r, hostaddr: %r" % tdescr
            logger.debug("connection attempt: %s", descr)
            try:
                conninfo = make_conninfo("", **attempt)
                gen = cls._connect_gen(conninfo, timeout=timeout)
                rv = waiting.wait_conn(gen, interval=_WAIT_INTERVAL)
            except e.Error as ex:
                logger.debug("connection failed: %s: %s", descr, str(ex))
                conn_errors.append((ex, descr))
            except e._NO_TRACEBACK as ex:
                raise ex.with_traceback(None)
            else:
                logger.debug("connection succeeded: %s", descr)
                break
    
        if not rv:
            last_ex = conn_errors[-1][0]
            if len(conn_errors) == 1:
                raise last_ex.with_traceback(None)
    
            # Create a new exception with the same type as the last one, containing
            # all attempt errors while preserving backward compatibility.
            lines = [str(last_ex)]
            lines.append("Multiple connection attempts failed. All failures were:")
            lines.extend((f"- {descr}: {error}" for error, descr in conn_errors))
>           raise type(last_ex)("\n".join(lines)).with_traceback(None)
E           psycopg.OperationalError: connection failed: connection to server at "127.0.0.1", port 5432 failed: FATAL:  la autentificaci\ufffdn password fall\ufffd para el usuario \ufffdpostgres\ufffd
E           Multiple connection attempts failed. All failures were:
E           - host: 'localhost', port: '5432', hostaddr: '::1': connection failed: connection to server at "::1", port 5432 failed: FATAL:  la autentificaci\ufffdn password fall\ufffd para el usuario \ufffdpostgres\ufffd
E           - host: 'localhost', port: '5432', hostaddr: '127.0.0.1': connection failed: connection to server at "127.0.0.1", port 5432 failed: FATAL:  la autentificaci\ufffdn password fall\ufffd para el usuario \ufffdpostgres\ufffd

..\..\..\AppData\Roaming\Python\Python313\site-packages\psycopg\connection.py:127: OperationalError

The above exception was the direct cause of the following exception:

request = <SubRequest '_django_setup_unittest' for <TestCaseFunction test_reservation_authenticated_success>>
django_db_blocker = <pytest_django.plugin.DjangoDbBlocker object at 0x000001CEB17F0050>

    @pytest.fixture(autouse=True, scope="class")
    def _django_setup_unittest(
        request: pytest.FixtureRequest,
        django_db_blocker: DjangoDbBlocker,
    ) -> Generator[None, None, None]:
        """Setup a django unittest, internal to pytest-django."""
        if not django_settings_is_configured() or not is_django_unittest(request):
            yield
            return
    
        # Fix/patch pytest.
        # Before pytest 5.4: https://github.com/pytest-dev/pytest/issues/5991
        # After pytest 5.4: https://github.com/pytest-dev/pytest-django/issues/824
        from _pytest.unittest import TestCaseFunction
    
        original_runtest = TestCaseFunction.runtest
    
        def non_debugging_runtest(self) -> None:
            self._testcase(result=self)
    
        try:
            TestCaseFunction.runtest = non_debugging_runtest  # type: ignore[method-assign]
    
>           request.getfixturevalue("django_db_setup")

..\..\..\AppData\Roaming\Python\Python313\site-packages\pytest_django\plugin.py:553: 
_ _ _ _ _ _ _ _ _ _ _ _ _ _ _ _ _ _ _ _ _ _ _ _ _ _ _ _ _ _ _ _ _ _ _ _ _ _ _ _
..\..\..\AppData\Roaming\Python\Python313\site-packages\pytest_django\fixtures.py:140: in django_db_setup
    db_cfg = setup_databases(
..\..\..\AppData\Roaming\Python\Python313\site-packages\django\test\utils.py:204: in setup_databases
    connection.creation.create_test_db(
..\..\..\AppData\Roaming\Python\Python313\site-packages\django\db\backends\base\creation.py:62: in create_test_db
    self._create_test_db(verbosity, autoclobber, keepdb)
..\..\..\AppData\Roaming\Python\Python313\site-packages\django\db\backends\base\creation.py:202: in _create_test_db
    with self._nodb_cursor() as cursor:
C:\Python313\Lib\contextlib.py:141: in __enter__
    return next(self.gen)
..\..\..\AppData\Roaming\Python\Python313\site-packages\django\db\backends\postgresql\base.py:533: in _nodb_cursor
    with conn.cursor() as cursor:
..\..\..\AppData\Roaming\Python\Python313\site-packages\django\utils\asyncio.py:26: in inner
    return func(*args, **kwargs)
..\..\..\AppData\Roaming\Python\Python313\site-packages\django\db\backends\base\base.py:320: in cursor
    return self._cursor()
..\..\..\AppData\Roaming\Python\Python313\site-packages\django\db\backends\base\base.py:296: in _cursor
    self.ensure_connection()
..\..\..\AppData\Roaming\Python\Python313\site-packages\django\utils\asyncio.py:26: in inner
    return func(*args, **kwargs)
..\..\..\AppData\Roaming\Python\Python313\site-packages\django\db\backends\base\base.py:278: in ensure_connection
    with self.wrap_database_errors:
..\..\..\AppData\Roaming\Python\Python313\site-packages\django\db\utils.py:91: in __exit__
    raise dj_exc_value.with_traceback(traceback) from exc_value
..\..\..\AppData\Roaming\Python\Python313\site-packages\django\db\backends\base\base.py:279: in ensure_connection
    self.connect()
..\..\..\AppData\Roaming\Python\Python313\site-packages\django\utils\asyncio.py:26: in inner
    return func(*args, **kwargs)
..\..\..\AppData\Roaming\Python\Python313\site-packages\django\db\backends\base\base.py:256: in connect
    self.connection = self.get_new_connection(conn_params)
..\..\..\AppData\Roaming\Python\Python313\site-packages\django\utils\asyncio.py:26: in inner
    return func(*args, **kwargs)
..\..\..\AppData\Roaming\Python\Python313\site-packages\django\db\backends\postgresql\base.py:332: in get_new_connection
    connection = self.Database.connect(**conn_params)
_ _ _ _ _ _ _ _ _ _ _ _ _ _ _ _ _ _ _ _ _ _ _ _ _ _ _ _ _ _ _ _ _ _ _ _ _ _ _ _

cls = <class 'psycopg.Connection'>
conninfo = 'dbname=ruffles_db client_encoding=UTF8 user=postgres password=postgres host=localhost port=5432 hostaddr=127.0.0.1'
autocommit = False, prepare_threshold = None
context = <psycopg.adapt.AdaptersMap object at 0x000001CEB3E42350>
row_factory = None
cursor_factory = <class 'django.db.backends.postgresql.base.Cursor'>
kwargs = {'client_encoding': 'UTF8', 'dbname': 'ruffles_db', 'host': 'localhost', 'password': 'postgres', ...}
params = {'client_encoding': 'UTF8', 'dbname': 'ruffles_db', 'host': 'localhost', 'password': 'postgres', ...}
timeout = 130

    @classmethod
    def connect(
        cls,
        conninfo: str = "",
        *,
        autocommit: bool = False,
        prepare_threshold: int | None = 5,
        context: AdaptContext | None = None,
        row_factory: RowFactory[Row] | None = None,
        cursor_factory: type[Cursor[Row]] | None = None,
        **kwargs: ConnParam,
    ) -> Self:
        """
        Connect to a database server and return a new `Connection` instance.
        """
    
        params = cls._get_connection_params(conninfo, **kwargs)
        timeout = timeout_from_conninfo(params)
        rv = None
        attempts = conninfo_attempts(params)
        conn_errors: list[tuple[e.Error, str]] = []
        for attempt in attempts:
            tdescr = (attempt.get("host"), attempt.get("port"), attempt.get("hostaddr"))
            descr = "host: %r, port: %r, hostaddr: %r" % tdescr
            logger.debug("connection attempt: %s", descr)
            try:
                conninfo = make_conninfo("", **attempt)
                gen = cls._connect_gen(conninfo, timeout=timeout)
                rv = waiting.wait_conn(gen, interval=_WAIT_INTERVAL)
            except e.Error as ex:
                logger.debug("connection failed: %s: %s", descr, str(ex))
                conn_errors.append((ex, descr))
            except e._NO_TRACEBACK as ex:
                raise ex.with_traceback(None)
            else:
                logger.debug("connection succeeded: %s", descr)
                break
    
        if not rv:
            last_ex = conn_errors[-1][0]
            if len(conn_errors) == 1:
                raise last_ex.with_traceback(None)
    
            # Create a new exception with the same type as the last one, containing
            # all attempt errors while preserving backward compatibility.
            lines = [str(last_ex)]
            lines.append("Multiple connection attempts failed. All failures were:")
            lines.extend((f"- {descr}: {error}" for error, descr in conn_errors))
>           raise type(last_ex)("\n".join(lines)).with_traceback(None)
E           django.db.utils.OperationalError: connection failed: connection to server at "127.0.0.1", port 5432 failed: FATAL:  la autentificaci\ufffdn password fall\ufffd para el usuario \ufffdpostgres\ufffd
E           Multiple connection attempts failed. All failures were:
E           - host: 'localhost', port: '5432', hostaddr: '::1': connection failed: connection to server at "::1", port 5432 failed: FATAL:  la autentificaci\ufffdn password fall\ufffd para el usuario \ufffdpostgres\ufffd
E           - host: 'localhost', port: '5432', hostaddr: '127.0.0.1': connection failed: connection to server at "127.0.0.1", port 5432 failed: FATAL:  la autentificaci\ufffdn password fall\ufffd para el usuario \ufffdpostgres\ufffd

..\..\..\AppData\Roaming\Python\Python313\site-packages\psycopg\connection.py:127: OperationalError
______ ERROR at setup of ReservationTests.test_reservation_guest_success ______

self = <DatabaseWrapper vendor='postgresql' alias='__no_db__'>

    @async_unsafe
    def ensure_connection(self):
        """Guarantee that a connection to the database is established."""
        if self.connection is None:
            if self.in_atomic_block and self.closed_in_transaction:
                raise ProgrammingError(
                    "Cannot open a new connection in an atomic block."
                )
            with self.wrap_database_errors:
>               self.connect()

..\..\..\AppData\Roaming\Python\Python313\site-packages\django\db\backends\base\base.py:279: 
_ _ _ _ _ _ _ _ _ _ _ _ _ _ _ _ _ _ _ _ _ _ _ _ _ _ _ _ _ _ _ _ _ _ _ _ _ _ _ _
..\..\..\AppData\Roaming\Python\Python313\site-packages\django\utils\asyncio.py:26: in inner
    return func(*args, **kwargs)
..\..\..\AppData\Roaming\Python\Python313\site-packages\django\db\backends\base\base.py:256: in connect
    self.connection = self.get_new_connection(conn_params)
..\..\..\AppData\Roaming\Python\Python313\site-packages\django\utils\asyncio.py:26: in inner
    return func(*args, **kwargs)
..\..\..\AppData\Roaming\Python\Python313\site-packages\django\db\backends\postgresql\base.py:332: in get_new_connection
    connection = self.Database.connect(**conn_params)
_ _ _ _ _ _ _ _ _ _ _ _ _ _ _ _ _ _ _ _ _ _ _ _ _ _ _ _ _ _ _ _ _ _ _ _ _ _ _ _

cls = <class 'psycopg.Connection'>
conninfo = 'dbname=postgres client_encoding=UTF8 user=postgres password=postgres host=localhost port=5432 hostaddr=127.0.0.1'
autocommit = False, prepare_threshold = None
context = <psycopg.adapt.AdaptersMap object at 0x000001CEB3E42350>
row_factory = None
cursor_factory = <class 'django.db.backends.postgresql.base.Cursor'>
kwargs = {'client_encoding': 'UTF8', 'dbname': 'postgres', 'host': 'localhost', 'password': 'postgres', ...}
params = {'client_encoding': 'UTF8', 'dbname': 'postgres', 'host': 'localhost', 'password': 'postgres', ...}
timeout = 130

    @classmethod
    def connect(
        cls,
        conninfo: str = "",
        *,
        autocommit: bool = False,
        prepare_threshold: int | None = 5,
        context: AdaptContext | None = None,
        row_factory: RowFactory[Row] | None = None,
        cursor_factory: type[Cursor[Row]] | None = None,
        **kwargs: ConnParam,
    ) -> Self:
        """
        Connect to a database server and return a new `Connection` instance.
        """
    
        params = cls._get_connection_params(conninfo, **kwargs)
        timeout = timeout_from_conninfo(params)
        rv = None
        attempts = conninfo_attempts(params)
        conn_errors: list[tuple[e.Error, str]] = []
        for attempt in attempts:
            tdescr = (attempt.get("host"), attempt.get("port"), attempt.get("hostaddr"))
            descr = "host: %r, port: %r, hostaddr: %r" % tdescr
            logger.debug("connection attempt: %s", descr)
            try:
                conninfo = make_conninfo("", **attempt)
                gen = cls._connect_gen(conninfo, timeout=timeout)
                rv = waiting.wait_conn(gen, interval=_WAIT_INTERVAL)
            except e.Error as ex:
                logger.debug("connection failed: %s: %s", descr, str(ex))
                conn_errors.append((ex, descr))
            except e._NO_TRACEBACK as ex:
                raise ex.with_traceback(None)
            else:
                logger.debug("connection succeeded: %s", descr)
                break
    
        if not rv:
            last_ex = conn_errors[-1][0]
            if len(conn_errors) == 1:
                raise last_ex.with_traceback(None)
    
            # Create a new exception with the same type as the last one, containing
            # all attempt errors while preserving backward compatibility.
            lines = [str(last_ex)]
            lines.append("Multiple connection attempts failed. All failures were:")
            lines.extend((f"- {descr}: {error}" for error, descr in conn_errors))
>           raise type(last_ex)("\n".join(lines)).with_traceback(None)
E           psycopg.OperationalError: connection failed: connection to server at "127.0.0.1", port 5432 failed: FATAL:  la autentificaci\ufffdn password fall\ufffd para el usuario \ufffdpostgres\ufffd
E           Multiple connection attempts failed. All failures were:
E           - host: 'localhost', port: '5432', hostaddr: '::1': connection failed: connection to server at "::1", port 5432 failed: FATAL:  la autentificaci\ufffdn password fall\ufffd para el usuario \ufffdpostgres\ufffd
E           - host: 'localhost', port: '5432', hostaddr: '127.0.0.1': connection failed: connection to server at "127.0.0.1", port 5432 failed: FATAL:  la autentificaci\ufffdn password fall\ufffd para el usuario \ufffdpostgres\ufffd

..\..\..\AppData\Roaming\Python\Python313\site-packages\psycopg\connection.py:127: OperationalError

The above exception was the direct cause of the following exception:

self = <DatabaseWrapper vendor='postgresql' alias='default'>

    @contextmanager
    def _nodb_cursor(self):
        cursor = None
        try:
>           with super()._nodb_cursor() as cursor:

..\..\..\AppData\Roaming\Python\Python313\site-packages\django\db\backends\postgresql\base.py:507: 
_ _ _ _ _ _ _ _ _ _ _ _ _ _ _ _ _ _ _ _ _ _ _ _ _ _ _ _ _ _ _ _ _ _ _ _ _ _ _ _
C:\Python313\Lib\contextlib.py:141: in __enter__
    return next(self.gen)
..\..\..\AppData\Roaming\Python\Python313\site-packages\django\db\backends\base\base.py:712: in _nodb_cursor
    with conn.cursor() as cursor:
..\..\..\AppData\Roaming\Python\Python313\site-packages\django\utils\asyncio.py:26: in inner
    return func(*args, **kwargs)
..\..\..\AppData\Roaming\Python\Python313\site-packages\django\db\backends\base\base.py:320: in cursor
    return self._cursor()
..\..\..\AppData\Roaming\Python\Python313\site-packages\django\db\backends\base\base.py:296: in _cursor
    self.ensure_connection()
..\..\..\AppData\Roaming\Python\Python313\site-packages\django\utils\asyncio.py:26: in inner
    return func(*args, **kwargs)
..\..\..\AppData\Roaming\Python\Python313\site-packages\django\db\backends\base\base.py:278: in ensure_connection
    with self.wrap_database_errors:
..\..\..\AppData\Roaming\Python\Python313\site-packages\django\db\utils.py:91: in __exit__
    raise dj_exc_value.with_traceback(traceback) from exc_value
..\..\..\AppData\Roaming\Python\Python313\site-packages\django\db\backends\base\base.py:279: in ensure_connection
    self.connect()
..\..\..\AppData\Roaming\Python\Python313\site-packages\django\utils\asyncio.py:26: in inner
    return func(*args, **kwargs)
..\..\..\AppData\Roaming\Python\Python313\site-packages\django\db\backends\base\base.py:256: in connect
    self.connection = self.get_new_connection(conn_params)
..\..\..\AppData\Roaming\Python\Python313\site-packages\django\utils\asyncio.py:26: in inner
    return func(*args, **kwargs)
..\..\..\AppData\Roaming\Python\Python313\site-packages\django\db\backends\postgresql\base.py:332: in get_new_connection
    connection = self.Database.connect(**conn_params)
_ _ _ _ _ _ _ _ _ _ _ _ _ _ _ _ _ _ _ _ _ _ _ _ _ _ _ _ _ _ _ _ _ _ _ _ _ _ _ _

cls = <class 'psycopg.Connection'>
conninfo = 'dbname=postgres client_encoding=UTF8 user=postgres password=postgres host=localhost port=5432 hostaddr=127.0.0.1'
autocommit = False, prepare_threshold = None
context = <psycopg.adapt.AdaptersMap object at 0x000001CEB3E42350>
row_factory = None
cursor_factory = <class 'django.db.backends.postgresql.base.Cursor'>
kwargs = {'client_encoding': 'UTF8', 'dbname': 'postgres', 'host': 'localhost', 'password': 'postgres', ...}
params = {'client_encoding': 'UTF8', 'dbname': 'postgres', 'host': 'localhost', 'password': 'postgres', ...}
timeout = 130

    @classmethod
    def connect(
        cls,
        conninfo: str = "",
        *,
        autocommit: bool = False,
        prepare_threshold: int | None = 5,
        context: AdaptContext | None = None,
        row_factory: RowFactory[Row] | None = None,
        cursor_factory: type[Cursor[Row]] | None = None,
        **kwargs: ConnParam,
    ) -> Self:
        """
        Connect to a database server and return a new `Connection` instance.
        """
    
        params = cls._get_connection_params(conninfo, **kwargs)
        timeout = timeout_from_conninfo(params)
        rv = None
        attempts = conninfo_attempts(params)
        conn_errors: list[tuple[e.Error, str]] = []
        for attempt in attempts:
            tdescr = (attempt.get("host"), attempt.get("port"), attempt.get("hostaddr"))
            descr = "host: %r, port: %r, hostaddr: %r" % tdescr
            logger.debug("connection attempt: %s", descr)
            try:
                conninfo = make_conninfo("", **attempt)
                gen = cls._connect_gen(conninfo, timeout=timeout)
                rv = waiting.wait_conn(gen, interval=_WAIT_INTERVAL)
            except e.Error as ex:
                logger.debug("connection failed: %s: %s", descr, str(ex))
                conn_errors.append((ex, descr))
            except e._NO_TRACEBACK as ex:
                raise ex.with_traceback(None)
            else:
                logger.debug("connection succeeded: %s", descr)
                break
    
        if not rv:
            last_ex = conn_errors[-1][0]
            if len(conn_errors) == 1:
                raise last_ex.with_traceback(None)
    
            # Create a new exception with the same type as the last one, containing
            # all attempt errors while preserving backward compatibility.
            lines = [str(last_ex)]
            lines.append("Multiple connection attempts failed. All failures were:")
            lines.extend((f"- {descr}: {error}" for error, descr in conn_errors))
>           raise type(last_ex)("\n".join(lines)).with_traceback(None)
E           django.db.utils.OperationalError: connection failed: connection to server at "127.0.0.1", port 5432 failed: FATAL:  la autentificaci\ufffdn password fall\ufffd para el usuario \ufffdpostgres\ufffd
E           Multiple connection attempts failed. All failures were:
E           - host: 'localhost', port: '5432', hostaddr: '::1': connection failed: connection to server at "::1", port 5432 failed: FATAL:  la autentificaci\ufffdn password fall\ufffd para el usuario \ufffdpostgres\ufffd
E           - host: 'localhost', port: '5432', hostaddr: '127.0.0.1': connection failed: connection to server at "127.0.0.1", port 5432 failed: FATAL:  la autentificaci\ufffdn password fall\ufffd para el usuario \ufffdpostgres\ufffd

..\..\..\AppData\Roaming\Python\Python313\site-packages\psycopg\connection.py:127: OperationalError

During handling of the above exception, another exception occurred:

self = <DatabaseWrapper vendor='postgresql' alias='default'>

    @async_unsafe
    def ensure_connection(self):
        """Guarantee that a connection to the database is established."""
        if self.connection is None:
            if self.in_atomic_block and self.closed_in_transaction:
                raise ProgrammingError(
                    "Cannot open a new connection in an atomic block."
                )
            with self.wrap_database_errors:
>               self.connect()

..\..\..\AppData\Roaming\Python\Python313\site-packages\django\db\backends\base\base.py:279: 
_ _ _ _ _ _ _ _ _ _ _ _ _ _ _ _ _ _ _ _ _ _ _ _ _ _ _ _ _ _ _ _ _ _ _ _ _ _ _ _
..\..\..\AppData\Roaming\Python\Python313\site-packages\django\utils\asyncio.py:26: in inner
    return func(*args, **kwargs)
..\..\..\AppData\Roaming\Python\Python313\site-packages\django\db\backends\base\base.py:256: in connect
    self.connection = self.get_new_connection(conn_params)
..\..\..\AppData\Roaming\Python\Python313\site-packages\django\utils\asyncio.py:26: in inner
    return func(*args, **kwargs)
..\..\..\AppData\Roaming\Python\Python313\site-packages\django\db\backends\postgresql\base.py:332: in get_new_connection
    connection = self.Database.connect(**conn_params)
_ _ _ _ _ _ _ _ _ _ _ _ _ _ _ _ _ _ _ _ _ _ _ _ _ _ _ _ _ _ _ _ _ _ _ _ _ _ _ _

cls = <class 'psycopg.Connection'>
conninfo = 'dbname=ruffles_db client_encoding=UTF8 user=postgres password=postgres host=localhost port=5432 hostaddr=127.0.0.1'
autocommit = False, prepare_threshold = None
context = <psycopg.adapt.AdaptersMap object at 0x000001CEB3E42350>
row_factory = None
cursor_factory = <class 'django.db.backends.postgresql.base.Cursor'>
kwargs = {'client_encoding': 'UTF8', 'dbname': 'ruffles_db', 'host': 'localhost', 'password': 'postgres', ...}
params = {'client_encoding': 'UTF8', 'dbname': 'ruffles_db', 'host': 'localhost', 'password': 'postgres', ...}
timeout = 130

    @classmethod
    def connect(
        cls,
        conninfo: str = "",
        *,
        autocommit: bool = False,
        prepare_threshold: int | None = 5,
        context: AdaptContext | None = None,
        row_factory: RowFactory[Row] | None = None,
        cursor_factory: type[Cursor[Row]] | None = None,
        **kwargs: ConnParam,
    ) -> Self:
        """
        Connect to a database server and return a new `Connection` instance.
        """
    
        params = cls._get_connection_params(conninfo, **kwargs)
        timeout = timeout_from_conninfo(params)
        rv = None
        attempts = conninfo_attempts(params)
        conn_errors: list[tuple[e.Error, str]] = []
        for attempt in attempts:
            tdescr = (attempt.get("host"), attempt.get("port"), attempt.get("hostaddr"))
            descr = "host: %r, port: %r, hostaddr: %r" % tdescr
            logger.debug("connection attempt: %s", descr)
            try:
                conninfo = make_conninfo("", **attempt)
                gen = cls._connect_gen(conninfo, timeout=timeout)
                rv = waiting.wait_conn(gen, interval=_WAIT_INTERVAL)
            except e.Error as ex:
                logger.debug("connection failed: %s: %s", descr, str(ex))
                conn_errors.append((ex, descr))
            except e._NO_TRACEBACK as ex:
                raise ex.with_traceback(None)
            else:
                logger.debug("connection succeeded: %s", descr)
                break
    
        if not rv:
            last_ex = conn_errors[-1][0]
            if len(conn_errors) == 1:
                raise last_ex.with_traceback(None)
    
            # Create a new exception with the same type as the last one, containing
            # all attempt errors while preserving backward compatibility.
            lines = [str(last_ex)]
            lines.append("Multiple connection attempts failed. All failures were:")
            lines.extend((f"- {descr}: {error}" for error, descr in conn_errors))
>           raise type(last_ex)("\n".join(lines)).with_traceback(None)
E           psycopg.OperationalError: connection failed: connection to server at "127.0.0.1", port 5432 failed: FATAL:  la autentificaci\ufffdn password fall\ufffd para el usuario \ufffdpostgres\ufffd
E           Multiple connection attempts failed. All failures were:
E           - host: 'localhost', port: '5432', hostaddr: '::1': connection failed: connection to server at "::1", port 5432 failed: FATAL:  la autentificaci\ufffdn password fall\ufffd para el usuario \ufffdpostgres\ufffd
E           - host: 'localhost', port: '5432', hostaddr: '127.0.0.1': connection failed: connection to server at "127.0.0.1", port 5432 failed: FATAL:  la autentificaci\ufffdn password fall\ufffd para el usuario \ufffdpostgres\ufffd

..\..\..\AppData\Roaming\Python\Python313\site-packages\psycopg\connection.py:127: OperationalError

The above exception was the direct cause of the following exception:

request = <SubRequest '_django_setup_unittest' for <TestCaseFunction test_reservation_authenticated_success>>
django_db_blocker = <pytest_django.plugin.DjangoDbBlocker object at 0x000001CEB17F0050>

    @pytest.fixture(autouse=True, scope="class")
    def _django_setup_unittest(
        request: pytest.FixtureRequest,
        django_db_blocker: DjangoDbBlocker,
    ) -> Generator[None, None, None]:
        """Setup a django unittest, internal to pytest-django."""
        if not django_settings_is_configured() or not is_django_unittest(request):
            yield
            return
    
        # Fix/patch pytest.
        # Before pytest 5.4: https://github.com/pytest-dev/pytest/issues/5991
        # After pytest 5.4: https://github.com/pytest-dev/pytest-django/issues/824
        from _pytest.unittest import TestCaseFunction
    
        original_runtest = TestCaseFunction.runtest
    
        def non_debugging_runtest(self) -> None:
            self._testcase(result=self)
    
        try:
            TestCaseFunction.runtest = non_debugging_runtest  # type: ignore[method-assign]
    
>           request.getfixturevalue("django_db_setup")

..\..\..\AppData\Roaming\Python\Python313\site-packages\pytest_django\plugin.py:553: 
_ _ _ _ _ _ _ _ _ _ _ _ _ _ _ _ _ _ _ _ _ _ _ _ _ _ _ _ _ _ _ _ _ _ _ _ _ _ _ _
..\..\..\AppData\Roaming\Python\Python313\site-packages\pytest_django\fixtures.py:140: in django_db_setup
    db_cfg = setup_databases(
..\..\..\AppData\Roaming\Python\Python313\site-packages\django\test\utils.py:204: in setup_databases
    connection.creation.create_test_db(
..\..\..\AppData\Roaming\Python\Python313\site-packages\django\db\backends\base\creation.py:62: in create_test_db
    self._create_test_db(verbosity, autoclobber, keepdb)
..\..\..\AppData\Roaming\Python\Python313\site-packages\django\db\backends\base\creation.py:202: in _create_test_db
    with self._nodb_cursor() as cursor:
C:\Python313\Lib\contextlib.py:141: in __enter__
    return next(self.gen)
..\..\..\AppData\Roaming\Python\Python313\site-packages\django\db\backends\postgresql\base.py:533: in _nodb_cursor
    with conn.cursor() as cursor:
..\..\..\AppData\Roaming\Python\Python313\site-packages\django\utils\asyncio.py:26: in inner
    return func(*args, **kwargs)
..\..\..\AppData\Roaming\Python\Python313\site-packages\django\db\backends\base\base.py:320: in cursor
    return self._cursor()
..\..\..\AppData\Roaming\Python\Python313\site-packages\django\db\backends\base\base.py:296: in _cursor
    self.ensure_connection()
..\..\..\AppData\Roaming\Python\Python313\site-packages\django\utils\asyncio.py:26: in inner
    return func(*args, **kwargs)
..\..\..\AppData\Roaming\Python\Python313\site-packages\django\db\backends\base\base.py:278: in ensure_connection
    with self.wrap_database_errors:
..\..\..\AppData\Roaming\Python\Python313\site-packages\django\db\utils.py:91: in __exit__
    raise dj_exc_value.with_traceback(traceback) from exc_value
..\..\..\AppData\Roaming\Python\Python313\site-packages\django\db\backends\base\base.py:279: in ensure_connection
    self.connect()
..\..\..\AppData\Roaming\Python\Python313\site-packages\django\utils\asyncio.py:26: in inner
    return func(*args, **kwargs)
..\..\..\AppData\Roaming\Python\Python313\site-packages\django\db\backends\base\base.py:256: in connect
    self.connection = self.get_new_connection(conn_params)
..\..\..\AppData\Roaming\Python\Python313\site-packages\django\utils\asyncio.py:26: in inner
    return func(*args, **kwargs)
..\..\..\AppData\Roaming\Python\Python313\site-packages\django\db\backends\postgresql\base.py:332: in get_new_connection
    connection = self.Database.connect(**conn_params)
_ _ _ _ _ _ _ _ _ _ _ _ _ _ _ _ _ _ _ _ _ _ _ _ _ _ _ _ _ _ _ _ _ _ _ _ _ _ _ _

cls = <class 'psycopg.Connection'>
conninfo = 'dbname=ruffles_db client_encoding=UTF8 user=postgres password=postgres host=localhost port=5432 hostaddr=127.0.0.1'
autocommit = False, prepare_threshold = None
context = <psycopg.adapt.AdaptersMap object at 0x000001CEB3E42350>
row_factory = None
cursor_factory = <class 'django.db.backends.postgresql.base.Cursor'>
kwargs = {'client_encoding': 'UTF8', 'dbname': 'ruffles_db', 'host': 'localhost', 'password': 'postgres', ...}
params = {'client_encoding': 'UTF8', 'dbname': 'ruffles_db', 'host': 'localhost', 'password': 'postgres', ...}
timeout = 130

    @classmethod
    def connect(
        cls,
        conninfo: str = "",
        *,
        autocommit: bool = False,
        prepare_threshold: int | None = 5,
        context: AdaptContext | None = None,
        row_factory: RowFactory[Row] | None = None,
        cursor_factory: type[Cursor[Row]] | None = None,
        **kwargs: ConnParam,
    ) -> Self:
        """
        Connect to a database server and return a new `Connection` instance.
        """
    
        params = cls._get_connection_params(conninfo, **kwargs)
        timeout = timeout_from_conninfo(params)
        rv = None
        attempts = conninfo_attempts(params)
        conn_errors: list[tuple[e.Error, str]] = []
        for attempt in attempts:
            tdescr = (attempt.get("host"), attempt.get("port"), attempt.get("hostaddr"))
            descr = "host: %r, port: %r, hostaddr: %r" % tdescr
            logger.debug("connection attempt: %s", descr)
            try:
                conninfo = make_conninfo("", **attempt)
                gen = cls._connect_gen(conninfo, timeout=timeout)
                rv = waiting.wait_conn(gen, interval=_WAIT_INTERVAL)
            except e.Error as ex:
                logger.debug("connection failed: %s: %s", descr, str(ex))
                conn_errors.append((ex, descr))
            except e._NO_TRACEBACK as ex:
                raise ex.with_traceback(None)
            else:
                logger.debug("connection succeeded: %s", descr)
                break
    
        if not rv:
            last_ex = conn_errors[-1][0]
            if len(conn_errors) == 1:
                raise last_ex.with_traceback(None)
    
            # Create a new exception with the same type as the last one, containing
            # all attempt errors while preserving backward compatibility.
            lines = [str(last_ex)]
            lines.append("Multiple connection attempts failed. All failures were:")
            lines.extend((f"- {descr}: {error}" for error, descr in conn_errors))
>           raise type(last_ex)("\n".join(lines)).with_traceback(None)
E           django.db.utils.OperationalError: connection failed: connection to server at "127.0.0.1", port 5432 failed: FATAL:  la autentificaci\ufffdn password fall\ufffd para el usuario \ufffdpostgres\ufffd
E           Multiple connection attempts failed. All failures were:
E           - host: 'localhost', port: '5432', hostaddr: '::1': connection failed: connection to server at "::1", port 5432 failed: FATAL:  la autentificaci\ufffdn password fall\ufffd para el usuario \ufffdpostgres\ufffd
E           - host: 'localhost', port: '5432', hostaddr: '127.0.0.1': connection failed: connection to server at "127.0.0.1", port 5432 failed: FATAL:  la autentificaci\ufffdn password fall\ufffd para el usuario \ufffdpostgres\ufffd

..\..\..\AppData\Roaming\Python\Python313\site-packages\psycopg\connection.py:127: OperationalError
_____ ERROR at setup of ReservationTests.test_reservation_invalid_numbers _____

self = <DatabaseWrapper vendor='postgresql' alias='__no_db__'>

    @async_unsafe
    def ensure_connection(self):
        """Guarantee that a connection to the database is established."""
        if self.connection is None:
            if self.in_atomic_block and self.closed_in_transaction:
                raise ProgrammingError(
                    "Cannot open a new connection in an atomic block."
                )
            with self.wrap_database_errors:
>               self.connect()

..\..\..\AppData\Roaming\Python\Python313\site-packages\django\db\backends\base\base.py:279: 
_ _ _ _ _ _ _ _ _ _ _ _ _ _ _ _ _ _ _ _ _ _ _ _ _ _ _ _ _ _ _ _ _ _ _ _ _ _ _ _
..\..\..\AppData\Roaming\Python\Python313\site-packages\django\utils\asyncio.py:26: in inner
    return func(*args, **kwargs)
..\..\..\AppData\Roaming\Python\Python313\site-packages\django\db\backends\base\base.py:256: in connect
    self.connection = self.get_new_connection(conn_params)
..\..\..\AppData\Roaming\Python\Python313\site-packages\django\utils\asyncio.py:26: in inner
    return func(*args, **kwargs)
..\..\..\AppData\Roaming\Python\Python313\site-packages\django\db\backends\postgresql\base.py:332: in get_new_connection
    connection = self.Database.connect(**conn_params)
_ _ _ _ _ _ _ _ _ _ _ _ _ _ _ _ _ _ _ _ _ _ _ _ _ _ _ _ _ _ _ _ _ _ _ _ _ _ _ _

cls = <class 'psycopg.Connection'>
conninfo = 'dbname=postgres client_encoding=UTF8 user=postgres password=postgres host=localhost port=5432 hostaddr=127.0.0.1'
autocommit = False, prepare_threshold = None
context = <psycopg.adapt.AdaptersMap object at 0x000001CEB3E42350>
row_factory = None
cursor_factory = <class 'django.db.backends.postgresql.base.Cursor'>
kwargs = {'client_encoding': 'UTF8', 'dbname': 'postgres', 'host': 'localhost', 'password': 'postgres', ...}
params = {'client_encoding': 'UTF8', 'dbname': 'postgres', 'host': 'localhost', 'password': 'postgres', ...}
timeout = 130

    @classmethod
    def connect(
        cls,
        conninfo: str = "",
        *,
        autocommit: bool = False,
        prepare_threshold: int | None = 5,
        context: AdaptContext | None = None,
        row_factory: RowFactory[Row] | None = None,
        cursor_factory: type[Cursor[Row]] | None = None,
        **kwargs: ConnParam,
    ) -> Self:
        """
        Connect to a database server and return a new `Connection` instance.
        """
    
        params = cls._get_connection_params(conninfo, **kwargs)
        timeout = timeout_from_conninfo(params)
        rv = None
        attempts = conninfo_attempts(params)
        conn_errors: list[tuple[e.Error, str]] = []
        for attempt in attempts:
            tdescr = (attempt.get("host"), attempt.get("port"), attempt.get("hostaddr"))
            descr = "host: %r, port: %r, hostaddr: %r" % tdescr
            logger.debug("connection attempt: %s", descr)
            try:
                conninfo = make_conninfo("", **attempt)
                gen = cls._connect_gen(conninfo, timeout=timeout)
                rv = waiting.wait_conn(gen, interval=_WAIT_INTERVAL)
            except e.Error as ex:
                logger.debug("connection failed: %s: %s", descr, str(ex))
                conn_errors.append((ex, descr))
            except e._NO_TRACEBACK as ex:
                raise ex.with_traceback(None)
            else:
                logger.debug("connection succeeded: %s", descr)
                break
    
        if not rv:
            last_ex = conn_errors[-1][0]
            if len(conn_errors) == 1:
                raise last_ex.with_traceback(None)
    
            # Create a new exception with the same type as the last one, containing
            # all attempt errors while preserving backward compatibility.
            lines = [str(last_ex)]
            lines.append("Multiple connection attempts failed. All failures were:")
            lines.extend((f"- {descr}: {error}" for error, descr in conn_errors))
>           raise type(last_ex)("\n".join(lines)).with_traceback(None)
E           psycopg.OperationalError: connection failed: connection to server at "127.0.0.1", port 5432 failed: FATAL:  la autentificaci\ufffdn password fall\ufffd para el usuario \ufffdpostgres\ufffd
E           Multiple connection attempts failed. All failures were:
E           - host: 'localhost', port: '5432', hostaddr: '::1': connection failed: connection to server at "::1", port 5432 failed: FATAL:  la autentificaci\ufffdn password fall\ufffd para el usuario \ufffdpostgres\ufffd
E           - host: 'localhost', port: '5432', hostaddr: '127.0.0.1': connection failed: connection to server at "127.0.0.1", port 5432 failed: FATAL:  la autentificaci\ufffdn password fall\ufffd para el usuario \ufffdpostgres\ufffd

..\..\..\AppData\Roaming\Python\Python313\site-packages\psycopg\connection.py:127: OperationalError

The above exception was the direct cause of the following exception:

self = <DatabaseWrapper vendor='postgresql' alias='default'>

    @contextmanager
    def _nodb_cursor(self):
        cursor = None
        try:
>           with super()._nodb_cursor() as cursor:

..\..\..\AppData\Roaming\Python\Python313\site-packages\django\db\backends\postgresql\base.py:507: 
_ _ _ _ _ _ _ _ _ _ _ _ _ _ _ _ _ _ _ _ _ _ _ _ _ _ _ _ _ _ _ _ _ _ _ _ _ _ _ _
C:\Python313\Lib\contextlib.py:141: in __enter__
    return next(self.gen)
..\..\..\AppData\Roaming\Python\Python313\site-packages\django\db\backends\base\base.py:712: in _nodb_cursor
    with conn.cursor() as cursor:
..\..\..\AppData\Roaming\Python\Python313\site-packages\django\utils\asyncio.py:26: in inner
    return func(*args, **kwargs)
..\..\..\AppData\Roaming\Python\Python313\site-packages\django\db\backends\base\base.py:320: in cursor
    return self._cursor()
..\..\..\AppData\Roaming\Python\Python313\site-packages\django\db\backends\base\base.py:296: in _cursor
    self.ensure_connection()
..\..\..\AppData\Roaming\Python\Python313\site-packages\django\utils\asyncio.py:26: in inner
    return func(*args, **kwargs)
..\..\..\AppData\Roaming\Python\Python313\site-packages\django\db\backends\base\base.py:278: in ensure_connection
    with self.wrap_database_errors:
..\..\..\AppData\Roaming\Python\Python313\site-packages\django\db\utils.py:91: in __exit__
    raise dj_exc_value.with_traceback(traceback) from exc_value
..\..\..\AppData\Roaming\Python\Python313\site-packages\django\db\backends\base\base.py:279: in ensure_connection
    self.connect()
..\..\..\AppData\Roaming\Python\Python313\site-packages\django\utils\asyncio.py:26: in inner
    return func(*args, **kwargs)
..\..\..\AppData\Roaming\Python\Python313\site-packages\django\db\backends\base\base.py:256: in connect
    self.connection = self.get_new_connection(conn_params)
..\..\..\AppData\Roaming\Python\Python313\site-packages\django\utils\asyncio.py:26: in inner
    return func(*args, **kwargs)
..\..\..\AppData\Roaming\Python\Python313\site-packages\django\db\backends\postgresql\base.py:332: in get_new_connection
    connection = self.Database.connect(**conn_params)
_ _ _ _ _ _ _ _ _ _ _ _ _ _ _ _ _ _ _ _ _ _ _ _ _ _ _ _ _ _ _ _ _ _ _ _ _ _ _ _

cls = <class 'psycopg.Connection'>
conninfo = 'dbname=postgres client_encoding=UTF8 user=postgres password=postgres host=localhost port=5432 hostaddr=127.0.0.1'
autocommit = False, prepare_threshold = None
context = <psycopg.adapt.AdaptersMap object at 0x000001CEB3E42350>
row_factory = None
cursor_factory = <class 'django.db.backends.postgresql.base.Cursor'>
kwargs = {'client_encoding': 'UTF8', 'dbname': 'postgres', 'host': 'localhost', 'password': 'postgres', ...}
params = {'client_encoding': 'UTF8', 'dbname': 'postgres', 'host': 'localhost', 'password': 'postgres', ...}
timeout = 130

    @classmethod
    def connect(
        cls,
        conninfo: str = "",
        *,
        autocommit: bool = False,
        prepare_threshold: int | None = 5,
        context: AdaptContext | None = None,
        row_factory: RowFactory[Row] | None = None,
        cursor_factory: type[Cursor[Row]] | None = None,
        **kwargs: ConnParam,
    ) -> Self:
        """
        Connect to a database server and return a new `Connection` instance.
        """
    
        params = cls._get_connection_params(conninfo, **kwargs)
        timeout = timeout_from_conninfo(params)
        rv = None
        attempts = conninfo_attempts(params)
        conn_errors: list[tuple[e.Error, str]] = []
        for attempt in attempts:
            tdescr = (attempt.get("host"), attempt.get("port"), attempt.get("hostaddr"))
            descr = "host: %r, port: %r, hostaddr: %r" % tdescr
            logger.debug("connection attempt: %s", descr)
            try:
                conninfo = make_conninfo("", **attempt)
                gen = cls._connect_gen(conninfo, timeout=timeout)
                rv = waiting.wait_conn(gen, interval=_WAIT_INTERVAL)
            except e.Error as ex:
                logger.debug("connection failed: %s: %s", descr, str(ex))
                conn_errors.append((ex, descr))
            except e._NO_TRACEBACK as ex:
                raise ex.with_traceback(None)
            else:
                logger.debug("connection succeeded: %s", descr)
                break
    
        if not rv:
            last_ex = conn_errors[-1][0]
            if len(conn_errors) == 1:
                raise last_ex.with_traceback(None)
    
            # Create a new exception with the same type as the last one, containing
            # all attempt errors while preserving backward compatibility.
            lines = [str(last_ex)]
            lines.append("Multiple connection attempts failed. All failures were:")
            lines.extend((f"- {descr}: {error}" for error, descr in conn_errors))
>           raise type(last_ex)("\n".join(lines)).with_traceback(None)
E           django.db.utils.OperationalError: connection failed: connection to server at "127.0.0.1", port 5432 failed: FATAL:  la autentificaci\ufffdn password fall\ufffd para el usuario \ufffdpostgres\ufffd
E           Multiple connection attempts failed. All failures were:
E           - host: 'localhost', port: '5432', hostaddr: '::1': connection failed: connection to server at "::1", port 5432 failed: FATAL:  la autentificaci\ufffdn password fall\ufffd para el usuario \ufffdpostgres\ufffd
E           - host: 'localhost', port: '5432', hostaddr: '127.0.0.1': connection failed: connection to server at "127.0.0.1", port 5432 failed: FATAL:  la autentificaci\ufffdn password fall\ufffd para el usuario \ufffdpostgres\ufffd

..\..\..\AppData\Roaming\Python\Python313\site-packages\psycopg\connection.py:127: OperationalError

During handling of the above exception, another exception occurred:

self = <DatabaseWrapper vendor='postgresql' alias='default'>

    @async_unsafe
    def ensure_connection(self):
        """Guarantee that a connection to the database is established."""
        if self.connection is None:
            if self.in_atomic_block and self.closed_in_transaction:
                raise ProgrammingError(
                    "Cannot open a new connection in an atomic block."
                )
            with self.wrap_database_errors:
>               self.connect()

..\..\..\AppData\Roaming\Python\Python313\site-packages\django\db\backends\base\base.py:279: 
_ _ _ _ _ _ _ _ _ _ _ _ _ _ _ _ _ _ _ _ _ _ _ _ _ _ _ _ _ _ _ _ _ _ _ _ _ _ _ _
..\..\..\AppData\Roaming\Python\Python313\site-packages\django\utils\asyncio.py:26: in inner
    return func(*args, **kwargs)
..\..\..\AppData\Roaming\Python\Python313\site-packages\django\db\backends\base\base.py:256: in connect
    self.connection = self.get_new_connection(conn_params)
..\..\..\AppData\Roaming\Python\Python313\site-packages\django\utils\asyncio.py:26: in inner
    return func(*args, **kwargs)
..\..\..\AppData\Roaming\Python\Python313\site-packages\django\db\backends\postgresql\base.py:332: in get_new_connection
    connection = self.Database.connect(**conn_params)
_ _ _ _ _ _ _ _ _ _ _ _ _ _ _ _ _ _ _ _ _ _ _ _ _ _ _ _ _ _ _ _ _ _ _ _ _ _ _ _

cls = <class 'psycopg.Connection'>
conninfo = 'dbname=ruffles_db client_encoding=UTF8 user=postgres password=postgres host=localhost port=5432 hostaddr=127.0.0.1'
autocommit = False, prepare_threshold = None
context = <psycopg.adapt.AdaptersMap object at 0x000001CEB3E42350>
row_factory = None
cursor_factory = <class 'django.db.backends.postgresql.base.Cursor'>
kwargs = {'client_encoding': 'UTF8', 'dbname': 'ruffles_db', 'host': 'localhost', 'password': 'postgres', ...}
params = {'client_encoding': 'UTF8', 'dbname': 'ruffles_db', 'host': 'localhost', 'password': 'postgres', ...}
timeout = 130

    @classmethod
    def connect(
        cls,
        conninfo: str = "",
        *,
        autocommit: bool = False,
        prepare_threshold: int | None = 5,
        context: AdaptContext | None = None,
        row_factory: RowFactory[Row] | None = None,
        cursor_factory: type[Cursor[Row]] | None = None,
        **kwargs: ConnParam,
    ) -> Self:
        """
        Connect to a database server and return a new `Connection` instance.
        """
    
        params = cls._get_connection_params(conninfo, **kwargs)
        timeout = timeout_from_conninfo(params)
        rv = None
        attempts = conninfo_attempts(params)
        conn_errors: list[tuple[e.Error, str]] = []
        for attempt in attempts:
            tdescr = (attempt.get("host"), attempt.get("port"), attempt.get("hostaddr"))
            descr = "host: %r, port: %r, hostaddr: %r" % tdescr
            logger.debug("connection attempt: %s", descr)
            try:
                conninfo = make_conninfo("", **attempt)
                gen = cls._connect_gen(conninfo, timeout=timeout)
                rv = waiting.wait_conn(gen, interval=_WAIT_INTERVAL)
            except e.Error as ex:
                logger.debug("connection failed: %s: %s", descr, str(ex))
                conn_errors.append((ex, descr))
            except e._NO_TRACEBACK as ex:
                raise ex.with_traceback(None)
            else:
                logger.debug("connection succeeded: %s", descr)
                break
    
        if not rv:
            last_ex = conn_errors[-1][0]
            if len(conn_errors) == 1:
                raise last_ex.with_traceback(None)
    
            # Create a new exception with the same type as the last one, containing
            # all attempt errors while preserving backward compatibility.
            lines = [str(last_ex)]
            lines.append("Multiple connection attempts failed. All failures were:")
            lines.extend((f"- {descr}: {error}" for error, descr in conn_errors))
>           raise type(last_ex)("\n".join(lines)).with_traceback(None)
E           psycopg.OperationalError: connection failed: connection to server at "127.0.0.1", port 5432 failed: FATAL:  la autentificaci\ufffdn password fall\ufffd para el usuario \ufffdpostgres\ufffd
E           Multiple connection attempts failed. All failures were:
E           - host: 'localhost', port: '5432', hostaddr: '::1': connection failed: connection to server at "::1", port 5432 failed: FATAL:  la autentificaci\ufffdn password fall\ufffd para el usuario \ufffdpostgres\ufffd
E           - host: 'localhost', port: '5432', hostaddr: '127.0.0.1': connection failed: connection to server at "127.0.0.1", port 5432 failed: FATAL:  la autentificaci\ufffdn password fall\ufffd para el usuario \ufffdpostgres\ufffd

..\..\..\AppData\Roaming\Python\Python313\site-packages\psycopg\connection.py:127: OperationalError

The above exception was the direct cause of the following exception:

request = <SubRequest '_django_setup_unittest' for <TestCaseFunction test_reservation_authenticated_success>>
django_db_blocker = <pytest_django.plugin.DjangoDbBlocker object at 0x000001CEB17F0050>

    @pytest.fixture(autouse=True, scope="class")
    def _django_setup_unittest(
        request: pytest.FixtureRequest,
        django_db_blocker: DjangoDbBlocker,
    ) -> Generator[None, None, None]:
        """Setup a django unittest, internal to pytest-django."""
        if not django_settings_is_configured() or not is_django_unittest(request):
            yield
            return
    
        # Fix/patch pytest.
        # Before pytest 5.4: https://github.com/pytest-dev/pytest/issues/5991
        # After pytest 5.4: https://github.com/pytest-dev/pytest-django/issues/824
        from _pytest.unittest import TestCaseFunction
    
        original_runtest = TestCaseFunction.runtest
    
        def non_debugging_runtest(self) -> None:
            self._testcase(result=self)
    
        try:
            TestCaseFunction.runtest = non_debugging_runtest  # type: ignore[method-assign]
    
>           request.getfixturevalue("django_db_setup")

..\..\..\AppData\Roaming\Python\Python313\site-packages\pytest_django\plugin.py:553: 
_ _ _ _ _ _ _ _ _ _ _ _ _ _ _ _ _ _ _ _ _ _ _ _ _ _ _ _ _ _ _ _ _ _ _ _ _ _ _ _
..\..\..\AppData\Roaming\Python\Python313\site-packages\pytest_django\fixtures.py:140: in django_db_setup
    db_cfg = setup_databases(
..\..\..\AppData\Roaming\Python\Python313\site-packages\django\test\utils.py:204: in setup_databases
    connection.creation.create_test_db(
..\..\..\AppData\Roaming\Python\Python313\site-packages\django\db\backends\base\creation.py:62: in create_test_db
    self._create_test_db(verbosity, autoclobber, keepdb)
..\..\..\AppData\Roaming\Python\Python313\site-packages\django\db\backends\base\creation.py:202: in _create_test_db
    with self._nodb_cursor() as cursor:
C:\Python313\Lib\contextlib.py:141: in __enter__
    return next(self.gen)
..\..\..\AppData\Roaming\Python\Python313\site-packages\django\db\backends\postgresql\base.py:533: in _nodb_cursor
    with conn.cursor() as cursor:
..\..\..\AppData\Roaming\Python\Python313\site-packages\django\utils\asyncio.py:26: in inner
    return func(*args, **kwargs)
..\..\..\AppData\Roaming\Python\Python313\site-packages\django\db\backends\base\base.py:320: in cursor
    return self._cursor()
..\..\..\AppData\Roaming\Python\Python313\site-packages\django\db\backends\base\base.py:296: in _cursor
    self.ensure_connection()
..\..\..\AppData\Roaming\Python\Python313\site-packages\django\utils\asyncio.py:26: in inner
    return func(*args, **kwargs)
..\..\..\AppData\Roaming\Python\Python313\site-packages\django\db\backends\base\base.py:278: in ensure_connection
    with self.wrap_database_errors:
..\..\..\AppData\Roaming\Python\Python313\site-packages\django\db\utils.py:91: in __exit__
    raise dj_exc_value.with_traceback(traceback) from exc_value
..\..\..\AppData\Roaming\Python\Python313\site-packages\django\db\backends\base\base.py:279: in ensure_connection
    self.connect()
..\..\..\AppData\Roaming\Python\Python313\site-packages\django\utils\asyncio.py:26: in inner
    return func(*args, **kwargs)
..\..\..\AppData\Roaming\Python\Python313\site-packages\django\db\backends\base\base.py:256: in connect
    self.connection = self.get_new_connection(conn_params)
..\..\..\AppData\Roaming\Python\Python313\site-packages\django\utils\asyncio.py:26: in inner
    return func(*args, **kwargs)
..\..\..\AppData\Roaming\Python\Python313\site-packages\django\db\backends\postgresql\base.py:332: in get_new_connection
    connection = self.Database.connect(**conn_params)
_ _ _ _ _ _ _ _ _ _ _ _ _ _ _ _ _ _ _ _ _ _ _ _ _ _ _ _ _ _ _ _ _ _ _ _ _ _ _ _

cls = <class 'psycopg.Connection'>
conninfo = 'dbname=ruffles_db client_encoding=UTF8 user=postgres password=postgres host=localhost port=5432 hostaddr=127.0.0.1'
autocommit = False, prepare_threshold = None
context = <psycopg.adapt.AdaptersMap object at 0x000001CEB3E42350>
row_factory = None
cursor_factory = <class 'django.db.backends.postgresql.base.Cursor'>
kwargs = {'client_encoding': 'UTF8', 'dbname': 'ruffles_db', 'host': 'localhost', 'password': 'postgres', ...}
params = {'client_encoding': 'UTF8', 'dbname': 'ruffles_db', 'host': 'localhost', 'password': 'postgres', ...}
timeout = 130

    @classmethod
    def connect(
        cls,
        conninfo: str = "",
        *,
        autocommit: bool = False,
        prepare_threshold: int | None = 5,
        context: AdaptContext | None = None,
        row_factory: RowFactory[Row] | None = None,
        cursor_factory: type[Cursor[Row]] | None = None,
        **kwargs: ConnParam,
    ) -> Self:
        """
        Connect to a database server and return a new `Connection` instance.
        """
    
        params = cls._get_connection_params(conninfo, **kwargs)
        timeout = timeout_from_conninfo(params)
        rv = None
        attempts = conninfo_attempts(params)
        conn_errors: list[tuple[e.Error, str]] = []
        for attempt in attempts:
            tdescr = (attempt.get("host"), attempt.get("port"), attempt.get("hostaddr"))
            descr = "host: %r, port: %r, hostaddr: %r" % tdescr
            logger.debug("connection attempt: %s", descr)
            try:
                conninfo = make_conninfo("", **attempt)
                gen = cls._connect_gen(conninfo, timeout=timeout)
                rv = waiting.wait_conn(gen, interval=_WAIT_INTERVAL)
            except e.Error as ex:
                logger.debug("connection failed: %s: %s", descr, str(ex))
                conn_errors.append((ex, descr))
            except e._NO_TRACEBACK as ex:
                raise ex.with_traceback(None)
            else:
                logger.debug("connection succeeded: %s", descr)
                break
    
        if not rv:
            last_ex = conn_errors[-1][0]
            if len(conn_errors) == 1:
                raise last_ex.with_traceback(None)
    
            # Create a new exception with the same type as the last one, containing
            # all attempt errors while preserving backward compatibility.
            lines = [str(last_ex)]
            lines.append("Multiple connection attempts failed. All failures were:")
            lines.extend((f"- {descr}: {error}" for error, descr in conn_errors))
>           raise type(last_ex)("\n".join(lines)).with_traceback(None)
E           django.db.utils.OperationalError: connection failed: connection to server at "127.0.0.1", port 5432 failed: FATAL:  la autentificaci\ufffdn password fall\ufffd para el usuario \ufffdpostgres\ufffd
E           Multiple connection attempts failed. All failures were:
E           - host: 'localhost', port: '5432', hostaddr: '::1': connection failed: connection to server at "::1", port 5432 failed: FATAL:  la autentificaci\ufffdn password fall\ufffd para el usuario \ufffdpostgres\ufffd
E           - host: 'localhost', port: '5432', hostaddr: '127.0.0.1': connection failed: connection to server at "127.0.0.1", port 5432 failed: FATAL:  la autentificaci\ufffdn password fall\ufffd para el usuario \ufffdpostgres\ufffd

..\..\..\AppData\Roaming\Python\Python313\site-packages\psycopg\connection.py:127: OperationalError
______ ERROR at setup of ReservationTests.test_reservation_invalid_phone ______

self = <DatabaseWrapper vendor='postgresql' alias='__no_db__'>

    @async_unsafe
    def ensure_connection(self):
        """Guarantee that a connection to the database is established."""
        if self.connection is None:
            if self.in_atomic_block and self.closed_in_transaction:
                raise ProgrammingError(
                    "Cannot open a new connection in an atomic block."
                )
            with self.wrap_database_errors:
>               self.connect()

..\..\..\AppData\Roaming\Python\Python313\site-packages\django\db\backends\base\base.py:279: 
_ _ _ _ _ _ _ _ _ _ _ _ _ _ _ _ _ _ _ _ _ _ _ _ _ _ _ _ _ _ _ _ _ _ _ _ _ _ _ _
..\..\..\AppData\Roaming\Python\Python313\site-packages\django\utils\asyncio.py:26: in inner
    return func(*args, **kwargs)
..\..\..\AppData\Roaming\Python\Python313\site-packages\django\db\backends\base\base.py:256: in connect
    self.connection = self.get_new_connection(conn_params)
..\..\..\AppData\Roaming\Python\Python313\site-packages\django\utils\asyncio.py:26: in inner
    return func(*args, **kwargs)
..\..\..\AppData\Roaming\Python\Python313\site-packages\django\db\backends\postgresql\base.py:332: in get_new_connection
    connection = self.Database.connect(**conn_params)
_ _ _ _ _ _ _ _ _ _ _ _ _ _ _ _ _ _ _ _ _ _ _ _ _ _ _ _ _ _ _ _ _ _ _ _ _ _ _ _

cls = <class 'psycopg.Connection'>
conninfo = 'dbname=postgres client_encoding=UTF8 user=postgres password=postgres host=localhost port=5432 hostaddr=127.0.0.1'
autocommit = False, prepare_threshold = None
context = <psycopg.adapt.AdaptersMap object at 0x000001CEB3E42350>
row_factory = None
cursor_factory = <class 'django.db.backends.postgresql.base.Cursor'>
kwargs = {'client_encoding': 'UTF8', 'dbname': 'postgres', 'host': 'localhost', 'password': 'postgres', ...}
params = {'client_encoding': 'UTF8', 'dbname': 'postgres', 'host': 'localhost', 'password': 'postgres', ...}
timeout = 130

    @classmethod
    def connect(
        cls,
        conninfo: str = "",
        *,
        autocommit: bool = False,
        prepare_threshold: int | None = 5,
        context: AdaptContext | None = None,
        row_factory: RowFactory[Row] | None = None,
        cursor_factory: type[Cursor[Row]] | None = None,
        **kwargs: ConnParam,
    ) -> Self:
        """
        Connect to a database server and return a new `Connection` instance.
        """
    
        params = cls._get_connection_params(conninfo, **kwargs)
        timeout = timeout_from_conninfo(params)
        rv = None
        attempts = conninfo_attempts(params)
        conn_errors: list[tuple[e.Error, str]] = []
        for attempt in attempts:
            tdescr = (attempt.get("host"), attempt.get("port"), attempt.get("hostaddr"))
            descr = "host: %r, port: %r, hostaddr: %r" % tdescr
            logger.debug("connection attempt: %s", descr)
            try:
                conninfo = make_conninfo("", **attempt)
                gen = cls._connect_gen(conninfo, timeout=timeout)
                rv = waiting.wait_conn(gen, interval=_WAIT_INTERVAL)
            except e.Error as ex:
                logger.debug("connection failed: %s: %s", descr, str(ex))
                conn_errors.append((ex, descr))
            except e._NO_TRACEBACK as ex:
                raise ex.with_traceback(None)
            else:
                logger.debug("connection succeeded: %s", descr)
                break
    
        if not rv:
            last_ex = conn_errors[-1][0]
            if len(conn_errors) == 1:
                raise last_ex.with_traceback(None)
    
            # Create a new exception with the same type as the last one, containing
            # all attempt errors while preserving backward compatibility.
            lines = [str(last_ex)]
            lines.append("Multiple connection attempts failed. All failures were:")
            lines.extend((f"- {descr}: {error}" for error, descr in conn_errors))
>           raise type(last_ex)("\n".join(lines)).with_traceback(None)
E           psycopg.OperationalError: connection failed: connection to server at "127.0.0.1", port 5432 failed: FATAL:  la autentificaci\ufffdn password fall\ufffd para el usuario \ufffdpostgres\ufffd
E           Multiple connection attempts failed. All failures were:
E           - host: 'localhost', port: '5432', hostaddr: '::1': connection failed: connection to server at "::1", port 5432 failed: FATAL:  la autentificaci\ufffdn password fall\ufffd para el usuario \ufffdpostgres\ufffd
E           - host: 'localhost', port: '5432', hostaddr: '127.0.0.1': connection failed: connection to server at "127.0.0.1", port 5432 failed: FATAL:  la autentificaci\ufffdn password fall\ufffd para el usuario \ufffdpostgres\ufffd

..\..\..\AppData\Roaming\Python\Python313\site-packages\psycopg\connection.py:127: OperationalError

The above exception was the direct cause of the following exception:

self = <DatabaseWrapper vendor='postgresql' alias='default'>

    @contextmanager
    def _nodb_cursor(self):
        cursor = None
        try:
>           with super()._nodb_cursor() as cursor:

..\..\..\AppData\Roaming\Python\Python313\site-packages\django\db\backends\postgresql\base.py:507: 
_ _ _ _ _ _ _ _ _ _ _ _ _ _ _ _ _ _ _ _ _ _ _ _ _ _ _ _ _ _ _ _ _ _ _ _ _ _ _ _
C:\Python313\Lib\contextlib.py:141: in __enter__
    return next(self.gen)
..\..\..\AppData\Roaming\Python\Python313\site-packages\django\db\backends\base\base.py:712: in _nodb_cursor
    with conn.cursor() as cursor:
..\..\..\AppData\Roaming\Python\Python313\site-packages\django\utils\asyncio.py:26: in inner
    return func(*args, **kwargs)
..\..\..\AppData\Roaming\Python\Python313\site-packages\django\db\backends\base\base.py:320: in cursor
    return self._cursor()
..\..\..\AppData\Roaming\Python\Python313\site-packages\django\db\backends\base\base.py:296: in _cursor
    self.ensure_connection()
..\..\..\AppData\Roaming\Python\Python313\site-packages\django\utils\asyncio.py:26: in inner
    return func(*args, **kwargs)
..\..\..\AppData\Roaming\Python\Python313\site-packages\django\db\backends\base\base.py:278: in ensure_connection
    with self.wrap_database_errors:
..\..\..\AppData\Roaming\Python\Python313\site-packages\django\db\utils.py:91: in __exit__
    raise dj_exc_value.with_traceback(traceback) from exc_value
..\..\..\AppData\Roaming\Python\Python313\site-packages\django\db\backends\base\base.py:279: in ensure_connection
    self.connect()
..\..\..\AppData\Roaming\Python\Python313\site-packages\django\utils\asyncio.py:26: in inner
    return func(*args, **kwargs)
..\..\..\AppData\Roaming\Python\Python313\site-packages\django\db\backends\base\base.py:256: in connect
    self.connection = self.get_new_connection(conn_params)
..\..\..\AppData\Roaming\Python\Python313\site-packages\django\utils\asyncio.py:26: in inner
    return func(*args, **kwargs)
..\..\..\AppData\Roaming\Python\Python313\site-packages\django\db\backends\postgresql\base.py:332: in get_new_connection
    connection = self.Database.connect(**conn_params)
_ _ _ _ _ _ _ _ _ _ _ _ _ _ _ _ _ _ _ _ _ _ _ _ _ _ _ _ _ _ _ _ _ _ _ _ _ _ _ _

cls = <class 'psycopg.Connection'>
conninfo = 'dbname=postgres client_encoding=UTF8 user=postgres password=postgres host=localhost port=5432 hostaddr=127.0.0.1'
autocommit = False, prepare_threshold = None
context = <psycopg.adapt.AdaptersMap object at 0x000001CEB3E42350>
row_factory = None
cursor_factory = <class 'django.db.backends.postgresql.base.Cursor'>
kwargs = {'client_encoding': 'UTF8', 'dbname': 'postgres', 'host': 'localhost', 'password': 'postgres', ...}
params = {'client_encoding': 'UTF8', 'dbname': 'postgres', 'host': 'localhost', 'password': 'postgres', ...}
timeout = 130

    @classmethod
    def connect(
        cls,
        conninfo: str = "",
        *,
        autocommit: bool = False,
        prepare_threshold: int | None = 5,
        context: AdaptContext | None = None,
        row_factory: RowFactory[Row] | None = None,
        cursor_factory: type[Cursor[Row]] | None = None,
        **kwargs: ConnParam,
    ) -> Self:
        """
        Connect to a database server and return a new `Connection` instance.
        """
    
        params = cls._get_connection_params(conninfo, **kwargs)
        timeout = timeout_from_conninfo(params)
        rv = None
        attempts = conninfo_attempts(params)
        conn_errors: list[tuple[e.Error, str]] = []
        for attempt in attempts:
            tdescr = (attempt.get("host"), attempt.get("port"), attempt.get("hostaddr"))
            descr = "host: %r, port: %r, hostaddr: %r" % tdescr
            logger.debug("connection attempt: %s", descr)
            try:
                conninfo = make_conninfo("", **attempt)
                gen = cls._connect_gen(conninfo, timeout=timeout)
                rv = waiting.wait_conn(gen, interval=_WAIT_INTERVAL)
            except e.Error as ex:
                logger.debug("connection failed: %s: %s", descr, str(ex))
                conn_errors.append((ex, descr))
            except e._NO_TRACEBACK as ex:
                raise ex.with_traceback(None)
            else:
                logger.debug("connection succeeded: %s", descr)
                break
    
        if not rv:
            last_ex = conn_errors[-1][0]
            if len(conn_errors) == 1:
                raise last_ex.with_traceback(None)
    
            # Create a new exception with the same type as the last one, containing
            # all attempt errors while preserving backward compatibility.
            lines = [str(last_ex)]
            lines.append("Multiple connection attempts failed. All failures were:")
            lines.extend((f"- {descr}: {error}" for error, descr in conn_errors))
>           raise type(last_ex)("\n".join(lines)).with_traceback(None)
E           django.db.utils.OperationalError: connection failed: connection to server at "127.0.0.1", port 5432 failed: FATAL:  la autentificaci\ufffdn password fall\ufffd para el usuario \ufffdpostgres\ufffd
E           Multiple connection attempts failed. All failures were:
E           - host: 'localhost', port: '5432', hostaddr: '::1': connection failed: connection to server at "::1", port 5432 failed: FATAL:  la autentificaci\ufffdn password fall\ufffd para el usuario \ufffdpostgres\ufffd
E           - host: 'localhost', port: '5432', hostaddr: '127.0.0.1': connection failed: connection to server at "127.0.0.1", port 5432 failed: FATAL:  la autentificaci\ufffdn password fall\ufffd para el usuario \ufffdpostgres\ufffd

..\..\..\AppData\Roaming\Python\Python313\site-packages\psycopg\connection.py:127: OperationalError

During handling of the above exception, another exception occurred:

self = <DatabaseWrapper vendor='postgresql' alias='default'>

    @async_unsafe
    def ensure_connection(self):
        """Guarantee that a connection to the database is established."""
        if self.connection is None:
            if self.in_atomic_block and self.closed_in_transaction:
                raise ProgrammingError(
                    "Cannot open a new connection in an atomic block."
                )
            with self.wrap_database_errors:
>               self.connect()

..\..\..\AppData\Roaming\Python\Python313\site-packages\django\db\backends\base\base.py:279: 
_ _ _ _ _ _ _ _ _ _ _ _ _ _ _ _ _ _ _ _ _ _ _ _ _ _ _ _ _ _ _ _ _ _ _ _ _ _ _ _
..\..\..\AppData\Roaming\Python\Python313\site-packages\django\utils\asyncio.py:26: in inner
    return func(*args, **kwargs)
..\..\..\AppData\Roaming\Python\Python313\site-packages\django\db\backends\base\base.py:256: in connect
    self.connection = self.get_new_connection(conn_params)
..\..\..\AppData\Roaming\Python\Python313\site-packages\django\utils\asyncio.py:26: in inner
    return func(*args, **kwargs)
..\..\..\AppData\Roaming\Python\Python313\site-packages\django\db\backends\postgresql\base.py:332: in get_new_connection
    connection = self.Database.connect(**conn_params)
_ _ _ _ _ _ _ _ _ _ _ _ _ _ _ _ _ _ _ _ _ _ _ _ _ _ _ _ _ _ _ _ _ _ _ _ _ _ _ _

cls = <class 'psycopg.Connection'>
conninfo = 'dbname=ruffles_db client_encoding=UTF8 user=postgres password=postgres host=localhost port=5432 hostaddr=127.0.0.1'
autocommit = False, prepare_threshold = None
context = <psycopg.adapt.AdaptersMap object at 0x000001CEB3E42350>
row_factory = None
cursor_factory = <class 'django.db.backends.postgresql.base.Cursor'>
kwargs = {'client_encoding': 'UTF8', 'dbname': 'ruffles_db', 'host': 'localhost', 'password': 'postgres', ...}
params = {'client_encoding': 'UTF8', 'dbname': 'ruffles_db', 'host': 'localhost', 'password': 'postgres', ...}
timeout = 130

    @classmethod
    def connect(
        cls,
        conninfo: str = "",
        *,
        autocommit: bool = False,
        prepare_threshold: int | None = 5,
        context: AdaptContext | None = None,
        row_factory: RowFactory[Row] | None = None,
        cursor_factory: type[Cursor[Row]] | None = None,
        **kwargs: ConnParam,
    ) -> Self:
        """
        Connect to a database server and return a new `Connection` instance.
        """
    
        params = cls._get_connection_params(conninfo, **kwargs)
        timeout = timeout_from_conninfo(params)
        rv = None
        attempts = conninfo_attempts(params)
        conn_errors: list[tuple[e.Error, str]] = []
        for attempt in attempts:
            tdescr = (attempt.get("host"), attempt.get("port"), attempt.get("hostaddr"))
            descr = "host: %r, port: %r, hostaddr: %r" % tdescr
            logger.debug("connection attempt: %s", descr)
            try:
                conninfo = make_conninfo("", **attempt)
                gen = cls._connect_gen(conninfo, timeout=timeout)
                rv = waiting.wait_conn(gen, interval=_WAIT_INTERVAL)
            except e.Error as ex:
                logger.debug("connection failed: %s: %s", descr, str(ex))
                conn_errors.append((ex, descr))
            except e._NO_TRACEBACK as ex:
                raise ex.with_traceback(None)
            else:
                logger.debug("connection succeeded: %s", descr)
                break
    
        if not rv:
            last_ex = conn_errors[-1][0]
            if len(conn_errors) == 1:
                raise last_ex.with_traceback(None)
    
            # Create a new exception with the same type as the last one, containing
            # all attempt errors while preserving backward compatibility.
            lines = [str(last_ex)]
            lines.append("Multiple connection attempts failed. All failures were:")
            lines.extend((f"- {descr}: {error}" for error, descr in conn_errors))
>           raise type(last_ex)("\n".join(lines)).with_traceback(None)
E           psycopg.OperationalError: connection failed: connection to server at "127.0.0.1", port 5432 failed: FATAL:  la autentificaci\ufffdn password fall\ufffd para el usuario \ufffdpostgres\ufffd
E           Multiple connection attempts failed. All failures were:
E           - host: 'localhost', port: '5432', hostaddr: '::1': connection failed: connection to server at "::1", port 5432 failed: FATAL:  la autentificaci\ufffdn password fall\ufffd para el usuario \ufffdpostgres\ufffd
E           - host: 'localhost', port: '5432', hostaddr: '127.0.0.1': connection failed: connection to server at "127.0.0.1", port 5432 failed: FATAL:  la autentificaci\ufffdn password fall\ufffd para el usuario \ufffdpostgres\ufffd

..\..\..\AppData\Roaming\Python\Python313\site-packages\psycopg\connection.py:127: OperationalError

The above exception was the direct cause of the following exception:

request = <SubRequest '_django_setup_unittest' for <TestCaseFunction test_reservation_authenticated_success>>
django_db_blocker = <pytest_django.plugin.DjangoDbBlocker object at 0x000001CEB17F0050>

    @pytest.fixture(autouse=True, scope="class")
    def _django_setup_unittest(
        request: pytest.FixtureRequest,
        django_db_blocker: DjangoDbBlocker,
    ) -> Generator[None, None, None]:
        """Setup a django unittest, internal to pytest-django."""
        if not django_settings_is_configured() or not is_django_unittest(request):
            yield
            return
    
        # Fix/patch pytest.
        # Before pytest 5.4: https://github.com/pytest-dev/pytest/issues/5991
        # After pytest 5.4: https://github.com/pytest-dev/pytest-django/issues/824
        from _pytest.unittest import TestCaseFunction
    
        original_runtest = TestCaseFunction.runtest
    
        def non_debugging_runtest(self) -> None:
            self._testcase(result=self)
    
        try:
            TestCaseFunction.runtest = non_debugging_runtest  # type: ignore[method-assign]
    
>           request.getfixturevalue("django_db_setup")

..\..\..\AppData\Roaming\Python\Python313\site-packages\pytest_django\plugin.py:553: 
_ _ _ _ _ _ _ _ _ _ _ _ _ _ _ _ _ _ _ _ _ _ _ _ _ _ _ _ _ _ _ _ _ _ _ _ _ _ _ _
..\..\..\AppData\Roaming\Python\Python313\site-packages\pytest_django\fixtures.py:140: in django_db_setup
    db_cfg = setup_databases(
..\..\..\AppData\Roaming\Python\Python313\site-packages\django\test\utils.py:204: in setup_databases
    connection.creation.create_test_db(
..\..\..\AppData\Roaming\Python\Python313\site-packages\django\db\backends\base\creation.py:62: in create_test_db
    self._create_test_db(verbosity, autoclobber, keepdb)
..\..\..\AppData\Roaming\Python\Python313\site-packages\django\db\backends\base\creation.py:202: in _create_test_db
    with self._nodb_cursor() as cursor:
C:\Python313\Lib\contextlib.py:141: in __enter__
    return next(self.gen)
..\..\..\AppData\Roaming\Python\Python313\site-packages\django\db\backends\postgresql\base.py:533: in _nodb_cursor
    with conn.cursor() as cursor:
..\..\..\AppData\Roaming\Python\Python313\site-packages\django\utils\asyncio.py:26: in inner
    return func(*args, **kwargs)
..\..\..\AppData\Roaming\Python\Python313\site-packages\django\db\backends\base\base.py:320: in cursor
    return self._cursor()
..\..\..\AppData\Roaming\Python\Python313\site-packages\django\db\backends\base\base.py:296: in _cursor
    self.ensure_connection()
..\..\..\AppData\Roaming\Python\Python313\site-packages\django\utils\asyncio.py:26: in inner
    return func(*args, **kwargs)
..\..\..\AppData\Roaming\Python\Python313\site-packages\django\db\backends\base\base.py:278: in ensure_connection
    with self.wrap_database_errors:
..\..\..\AppData\Roaming\Python\Python313\site-packages\django\db\utils.py:91: in __exit__
    raise dj_exc_value.with_traceback(traceback) from exc_value
..\..\..\AppData\Roaming\Python\Python313\site-packages\django\db\backends\base\base.py:279: in ensure_connection
    self.connect()
..\..\..\AppData\Roaming\Python\Python313\site-packages\django\utils\asyncio.py:26: in inner
    return func(*args, **kwargs)
..\..\..\AppData\Roaming\Python\Python313\site-packages\django\db\backends\base\base.py:256: in connect
    self.connection = self.get_new_connection(conn_params)
..\..\..\AppData\Roaming\Python\Python313\site-packages\django\utils\asyncio.py:26: in inner
    return func(*args, **kwargs)
..\..\..\AppData\Roaming\Python\Python313\site-packages\django\db\backends\postgresql\base.py:332: in get_new_connection
    connection = self.Database.connect(**conn_params)
_ _ _ _ _ _ _ _ _ _ _ _ _ _ _ _ _ _ _ _ _ _ _ _ _ _ _ _ _ _ _ _ _ _ _ _ _ _ _ _

cls = <class 'psycopg.Connection'>
conninfo = 'dbname=ruffles_db client_encoding=UTF8 user=postgres password=postgres host=localhost port=5432 hostaddr=127.0.0.1'
autocommit = False, prepare_threshold = None
context = <psycopg.adapt.AdaptersMap object at 0x000001CEB3E42350>
row_factory = None
cursor_factory = <class 'django.db.backends.postgresql.base.Cursor'>
kwargs = {'client_encoding': 'UTF8', 'dbname': 'ruffles_db', 'host': 'localhost', 'password': 'postgres', ...}
params = {'client_encoding': 'UTF8', 'dbname': 'ruffles_db', 'host': 'localhost', 'password': 'postgres', ...}
timeout = 130

    @classmethod
    def connect(
        cls,
        conninfo: str = "",
        *,
        autocommit: bool = False,
        prepare_threshold: int | None = 5,
        context: AdaptContext | None = None,
        row_factory: RowFactory[Row] | None = None,
        cursor_factory: type[Cursor[Row]] | None = None,
        **kwargs: ConnParam,
    ) -> Self:
        """
        Connect to a database server and return a new `Connection` instance.
        """
    
        params = cls._get_connection_params(conninfo, **kwargs)
        timeout = timeout_from_conninfo(params)
        rv = None
        attempts = conninfo_attempts(params)
        conn_errors: list[tuple[e.Error, str]] = []
        for attempt in attempts:
            tdescr = (attempt.get("host"), attempt.get("port"), attempt.get("hostaddr"))
            descr = "host: %r, port: %r, hostaddr: %r" % tdescr
            logger.debug("connection attempt: %s", descr)
            try:
                conninfo = make_conninfo("", **attempt)
                gen = cls._connect_gen(conninfo, timeout=timeout)
                rv = waiting.wait_conn(gen, interval=_WAIT_INTERVAL)
            except e.Error as ex:
                logger.debug("connection failed: %s: %s", descr, str(ex))
                conn_errors.append((ex, descr))
            except e._NO_TRACEBACK as ex:
                raise ex.with_traceback(None)
            else:
                logger.debug("connection succeeded: %s", descr)
                break
    
        if not rv:
            last_ex = conn_errors[-1][0]
            if len(conn_errors) == 1:
                raise last_ex.with_traceback(None)
    
            # Create a new exception with the same type as the last one, containing
            # all attempt errors while preserving backward compatibility.
            lines = [str(last_ex)]
            lines.append("Multiple connection attempts failed. All failures were:")
            lines.extend((f"- {descr}: {error}" for error, descr in conn_errors))
>           raise type(last_ex)("\n".join(lines)).with_traceback(None)
E           django.db.utils.OperationalError: connection failed: connection to server at "127.0.0.1", port 5432 failed: FATAL:  la autentificaci\ufffdn password fall\ufffd para el usuario \ufffdpostgres\ufffd
E           Multiple connection attempts failed. All failures were:
E           - host: 'localhost', port: '5432', hostaddr: '::1': connection failed: connection to server at "::1", port 5432 failed: FATAL:  la autentificaci\ufffdn password fall\ufffd para el usuario \ufffdpostgres\ufffd
E           - host: 'localhost', port: '5432', hostaddr: '127.0.0.1': connection failed: connection to server at "127.0.0.1", port 5432 failed: FATAL:  la autentificaci\ufffdn password fall\ufffd para el usuario \ufffdpostgres\ufffd

..\..\..\AppData\Roaming\Python\Python313\site-packages\psycopg\connection.py:127: OperationalError
__ ERROR at setup of ReservationTests.test_reservation_numbers_already_taken __

self = <DatabaseWrapper vendor='postgresql' alias='__no_db__'>

    @async_unsafe
    def ensure_connection(self):
        """Guarantee that a connection to the database is established."""
        if self.connection is None:
            if self.in_atomic_block and self.closed_in_transaction:
                raise ProgrammingError(
                    "Cannot open a new connection in an atomic block."
                )
            with self.wrap_database_errors:
>               self.connect()

..\..\..\AppData\Roaming\Python\Python313\site-packages\django\db\backends\base\base.py:279: 
_ _ _ _ _ _ _ _ _ _ _ _ _ _ _ _ _ _ _ _ _ _ _ _ _ _ _ _ _ _ _ _ _ _ _ _ _ _ _ _
..\..\..\AppData\Roaming\Python\Python313\site-packages\django\utils\asyncio.py:26: in inner
    return func(*args, **kwargs)
..\..\..\AppData\Roaming\Python\Python313\site-packages\django\db\backends\base\base.py:256: in connect
    self.connection = self.get_new_connection(conn_params)
..\..\..\AppData\Roaming\Python\Python313\site-packages\django\utils\asyncio.py:26: in inner
    return func(*args, **kwargs)
..\..\..\AppData\Roaming\Python\Python313\site-packages\django\db\backends\postgresql\base.py:332: in get_new_connection
    connection = self.Database.connect(**conn_params)
_ _ _ _ _ _ _ _ _ _ _ _ _ _ _ _ _ _ _ _ _ _ _ _ _ _ _ _ _ _ _ _ _ _ _ _ _ _ _ _

cls = <class 'psycopg.Connection'>
conninfo = 'dbname=postgres client_encoding=UTF8 user=postgres password=postgres host=localhost port=5432 hostaddr=127.0.0.1'
autocommit = False, prepare_threshold = None
context = <psycopg.adapt.AdaptersMap object at 0x000001CEB3E42350>
row_factory = None
cursor_factory = <class 'django.db.backends.postgresql.base.Cursor'>
kwargs = {'client_encoding': 'UTF8', 'dbname': 'postgres', 'host': 'localhost', 'password': 'postgres', ...}
params = {'client_encoding': 'UTF8', 'dbname': 'postgres', 'host': 'localhost', 'password': 'postgres', ...}
timeout = 130

    @classmethod
    def connect(
        cls,
        conninfo: str = "",
        *,
        autocommit: bool = False,
        prepare_threshold: int | None = 5,
        context: AdaptContext | None = None,
        row_factory: RowFactory[Row] | None = None,
        cursor_factory: type[Cursor[Row]] | None = None,
        **kwargs: ConnParam,
    ) -> Self:
        """
        Connect to a database server and return a new `Connection` instance.
        """
    
        params = cls._get_connection_params(conninfo, **kwargs)
        timeout = timeout_from_conninfo(params)
        rv = None
        attempts = conninfo_attempts(params)
        conn_errors: list[tuple[e.Error, str]] = []
        for attempt in attempts:
            tdescr = (attempt.get("host"), attempt.get("port"), attempt.get("hostaddr"))
            descr = "host: %r, port: %r, hostaddr: %r" % tdescr
            logger.debug("connection attempt: %s", descr)
            try:
                conninfo = make_conninfo("", **attempt)
                gen = cls._connect_gen(conninfo, timeout=timeout)
                rv = waiting.wait_conn(gen, interval=_WAIT_INTERVAL)
            except e.Error as ex:
                logger.debug("connection failed: %s: %s", descr, str(ex))
                conn_errors.append((ex, descr))
            except e._NO_TRACEBACK as ex:
                raise ex.with_traceback(None)
            else:
                logger.debug("connection succeeded: %s", descr)
                break
    
        if not rv:
            last_ex = conn_errors[-1][0]
            if len(conn_errors) == 1:
                raise last_ex.with_traceback(None)
    
            # Create a new exception with the same type as the last one, containing
            # all attempt errors while preserving backward compatibility.
            lines = [str(last_ex)]
            lines.append("Multiple connection attempts failed. All failures were:")
            lines.extend((f"- {descr}: {error}" for error, descr in conn_errors))
>           raise type(last_ex)("\n".join(lines)).with_traceback(None)
E           psycopg.OperationalError: connection failed: connection to server at "127.0.0.1", port 5432 failed: FATAL:  la autentificaci\ufffdn password fall\ufffd para el usuario \ufffdpostgres\ufffd
E           Multiple connection attempts failed. All failures were:
E           - host: 'localhost', port: '5432', hostaddr: '::1': connection failed: connection to server at "::1", port 5432 failed: FATAL:  la autentificaci\ufffdn password fall\ufffd para el usuario \ufffdpostgres\ufffd
E           - host: 'localhost', port: '5432', hostaddr: '127.0.0.1': connection failed: connection to server at "127.0.0.1", port 5432 failed: FATAL:  la autentificaci\ufffdn password fall\ufffd para el usuario \ufffdpostgres\ufffd

..\..\..\AppData\Roaming\Python\Python313\site-packages\psycopg\connection.py:127: OperationalError

The above exception was the direct cause of the following exception:

self = <DatabaseWrapper vendor='postgresql' alias='default'>

    @contextmanager
    def _nodb_cursor(self):
        cursor = None
        try:
>           with super()._nodb_cursor() as cursor:

..\..\..\AppData\Roaming\Python\Python313\site-packages\django\db\backends\postgresql\base.py:507: 
_ _ _ _ _ _ _ _ _ _ _ _ _ _ _ _ _ _ _ _ _ _ _ _ _ _ _ _ _ _ _ _ _ _ _ _ _ _ _ _
C:\Python313\Lib\contextlib.py:141: in __enter__
    return next(self.gen)
..\..\..\AppData\Roaming\Python\Python313\site-packages\django\db\backends\base\base.py:712: in _nodb_cursor
    with conn.cursor() as cursor:
..\..\..\AppData\Roaming\Python\Python313\site-packages\django\utils\asyncio.py:26: in inner
    return func(*args, **kwargs)
..\..\..\AppData\Roaming\Python\Python313\site-packages\django\db\backends\base\base.py:320: in cursor
    return self._cursor()
..\..\..\AppData\Roaming\Python\Python313\site-packages\django\db\backends\base\base.py:296: in _cursor
    self.ensure_connection()
..\..\..\AppData\Roaming\Python\Python313\site-packages\django\utils\asyncio.py:26: in inner
    return func(*args, **kwargs)
..\..\..\AppData\Roaming\Python\Python313\site-packages\django\db\backends\base\base.py:278: in ensure_connection
    with self.wrap_database_errors:
..\..\..\AppData\Roaming\Python\Python313\site-packages\django\db\utils.py:91: in __exit__
    raise dj_exc_value.with_traceback(traceback) from exc_value
..\..\..\AppData\Roaming\Python\Python313\site-packages\django\db\backends\base\base.py:279: in ensure_connection
    self.connect()
..\..\..\AppData\Roaming\Python\Python313\site-packages\django\utils\asyncio.py:26: in inner
    return func(*args, **kwargs)
..\..\..\AppData\Roaming\Python\Python313\site-packages\django\db\backends\base\base.py:256: in connect
    self.connection = self.get_new_connection(conn_params)
..\..\..\AppData\Roaming\Python\Python313\site-packages\django\utils\asyncio.py:26: in inner
    return func(*args, **kwargs)
..\..\..\AppData\Roaming\Python\Python313\site-packages\django\db\backends\postgresql\base.py:332: in get_new_connection
    connection = self.Database.connect(**conn_params)
_ _ _ _ _ _ _ _ _ _ _ _ _ _ _ _ _ _ _ _ _ _ _ _ _ _ _ _ _ _ _ _ _ _ _ _ _ _ _ _

cls = <class 'psycopg.Connection'>
conninfo = 'dbname=postgres client_encoding=UTF8 user=postgres password=postgres host=localhost port=5432 hostaddr=127.0.0.1'
autocommit = False, prepare_threshold = None
context = <psycopg.adapt.AdaptersMap object at 0x000001CEB3E42350>
row_factory = None
cursor_factory = <class 'django.db.backends.postgresql.base.Cursor'>
kwargs = {'client_encoding': 'UTF8', 'dbname': 'postgres', 'host': 'localhost', 'password': 'postgres', ...}
params = {'client_encoding': 'UTF8', 'dbname': 'postgres', 'host': 'localhost', 'password': 'postgres', ...}
timeout = 130

    @classmethod
    def connect(
        cls,
        conninfo: str = "",
        *,
        autocommit: bool = False,
        prepare_threshold: int | None = 5,
        context: AdaptContext | None = None,
        row_factory: RowFactory[Row] | None = None,
        cursor_factory: type[Cursor[Row]] | None = None,
        **kwargs: ConnParam,
    ) -> Self:
        """
        Connect to a database server and return a new `Connection` instance.
        """
    
        params = cls._get_connection_params(conninfo, **kwargs)
        timeout = timeout_from_conninfo(params)
        rv = None
        attempts = conninfo_attempts(params)
        conn_errors: list[tuple[e.Error, str]] = []
        for attempt in attempts:
            tdescr = (attempt.get("host"), attempt.get("port"), attempt.get("hostaddr"))
            descr = "host: %r, port: %r, hostaddr: %r" % tdescr
            logger.debug("connection attempt: %s", descr)
            try:
                conninfo = make_conninfo("", **attempt)
                gen = cls._connect_gen(conninfo, timeout=timeout)
                rv = waiting.wait_conn(gen, interval=_WAIT_INTERVAL)
            except e.Error as ex:
                logger.debug("connection failed: %s: %s", descr, str(ex))
                conn_errors.append((ex, descr))
            except e._NO_TRACEBACK as ex:
                raise ex.with_traceback(None)
            else:
                logger.debug("connection succeeded: %s", descr)
                break
    
        if not rv:
            last_ex = conn_errors[-1][0]
            if len(conn_errors) == 1:
                raise last_ex.with_traceback(None)
    
            # Create a new exception with the same type as the last one, containing
            # all attempt errors while preserving backward compatibility.
            lines = [str(last_ex)]
            lines.append("Multiple connection attempts failed. All failures were:")
            lines.extend((f"- {descr}: {error}" for error, descr in conn_errors))
>           raise type(last_ex)("\n".join(lines)).with_traceback(None)
E           django.db.utils.OperationalError: connection failed: connection to server at "127.0.0.1", port 5432 failed: FATAL:  la autentificaci\ufffdn password fall\ufffd para el usuario \ufffdpostgres\ufffd
E           Multiple connection attempts failed. All failures were:
E           - host: 'localhost', port: '5432', hostaddr: '::1': connection failed: connection to server at "::1", port 5432 failed: FATAL:  la autentificaci\ufffdn password fall\ufffd para el usuario \ufffdpostgres\ufffd
E           - host: 'localhost', port: '5432', hostaddr: '127.0.0.1': connection failed: connection to server at "127.0.0.1", port 5432 failed: FATAL:  la autentificaci\ufffdn password fall\ufffd para el usuario \ufffdpostgres\ufffd

..\..\..\AppData\Roaming\Python\Python313\site-packages\psycopg\connection.py:127: OperationalError

During handling of the above exception, another exception occurred:

self = <DatabaseWrapper vendor='postgresql' alias='default'>

    @async_unsafe
    def ensure_connection(self):
        """Guarantee that a connection to the database is established."""
        if self.connection is None:
            if self.in_atomic_block and self.closed_in_transaction:
                raise ProgrammingError(
                    "Cannot open a new connection in an atomic block."
                )
            with self.wrap_database_errors:
>               self.connect()

..\..\..\AppData\Roaming\Python\Python313\site-packages\django\db\backends\base\base.py:279: 
_ _ _ _ _ _ _ _ _ _ _ _ _ _ _ _ _ _ _ _ _ _ _ _ _ _ _ _ _ _ _ _ _ _ _ _ _ _ _ _
..\..\..\AppData\Roaming\Python\Python313\site-packages\django\utils\asyncio.py:26: in inner
    return func(*args, **kwargs)
..\..\..\AppData\Roaming\Python\Python313\site-packages\django\db\backends\base\base.py:256: in connect
    self.connection = self.get_new_connection(conn_params)
..\..\..\AppData\Roaming\Python\Python313\site-packages\django\utils\asyncio.py:26: in inner
    return func(*args, **kwargs)
..\..\..\AppData\Roaming\Python\Python313\site-packages\django\db\backends\postgresql\base.py:332: in get_new_connection
    connection = self.Database.connect(**conn_params)
_ _ _ _ _ _ _ _ _ _ _ _ _ _ _ _ _ _ _ _ _ _ _ _ _ _ _ _ _ _ _ _ _ _ _ _ _ _ _ _

cls = <class 'psycopg.Connection'>
conninfo = 'dbname=ruffles_db client_encoding=UTF8 user=postgres password=postgres host=localhost port=5432 hostaddr=127.0.0.1'
autocommit = False, prepare_threshold = None
context = <psycopg.adapt.AdaptersMap object at 0x000001CEB3E42350>
row_factory = None
cursor_factory = <class 'django.db.backends.postgresql.base.Cursor'>
kwargs = {'client_encoding': 'UTF8', 'dbname': 'ruffles_db', 'host': 'localhost', 'password': 'postgres', ...}
params = {'client_encoding': 'UTF8', 'dbname': 'ruffles_db', 'host': 'localhost', 'password': 'postgres', ...}
timeout = 130

    @classmethod
    def connect(
        cls,
        conninfo: str = "",
        *,
        autocommit: bool = False,
        prepare_threshold: int | None = 5,
        context: AdaptContext | None = None,
        row_factory: RowFactory[Row] | None = None,
        cursor_factory: type[Cursor[Row]] | None = None,
        **kwargs: ConnParam,
    ) -> Self:
        """
        Connect to a database server and return a new `Connection` instance.
        """
    
        params = cls._get_connection_params(conninfo, **kwargs)
        timeout = timeout_from_conninfo(params)
        rv = None
        attempts = conninfo_attempts(params)
        conn_errors: list[tuple[e.Error, str]] = []
        for attempt in attempts:
            tdescr = (attempt.get("host"), attempt.get("port"), attempt.get("hostaddr"))
            descr = "host: %r, port: %r, hostaddr: %r" % tdescr
            logger.debug("connection attempt: %s", descr)
            try:
                conninfo = make_conninfo("", **attempt)
                gen = cls._connect_gen(conninfo, timeout=timeout)
                rv = waiting.wait_conn(gen, interval=_WAIT_INTERVAL)
            except e.Error as ex:
                logger.debug("connection failed: %s: %s", descr, str(ex))
                conn_errors.append((ex, descr))
            except e._NO_TRACEBACK as ex:
                raise ex.with_traceback(None)
            else:
                logger.debug("connection succeeded: %s", descr)
                break
    
        if not rv:
            last_ex = conn_errors[-1][0]
            if len(conn_errors) == 1:
                raise last_ex.with_traceback(None)
    
            # Create a new exception with the same type as the last one, containing
            # all attempt errors while preserving backward compatibility.
            lines = [str(last_ex)]
            lines.append("Multiple connection attempts failed. All failures were:")
            lines.extend((f"- {descr}: {error}" for error, descr in conn_errors))
>           raise type(last_ex)("\n".join(lines)).with_traceback(None)
E           psycopg.OperationalError: connection failed: connection to server at "127.0.0.1", port 5432 failed: FATAL:  la autentificaci\ufffdn password fall\ufffd para el usuario \ufffdpostgres\ufffd
E           Multiple connection attempts failed. All failures were:
E           - host: 'localhost', port: '5432', hostaddr: '::1': connection failed: connection to server at "::1", port 5432 failed: FATAL:  la autentificaci\ufffdn password fall\ufffd para el usuario \ufffdpostgres\ufffd
E           - host: 'localhost', port: '5432', hostaddr: '127.0.0.1': connection failed: connection to server at "127.0.0.1", port 5432 failed: FATAL:  la autentificaci\ufffdn password fall\ufffd para el usuario \ufffdpostgres\ufffd

..\..\..\AppData\Roaming\Python\Python313\site-packages\psycopg\connection.py:127: OperationalError

The above exception was the direct cause of the following exception:

request = <SubRequest '_django_setup_unittest' for <TestCaseFunction test_reservation_authenticated_success>>
django_db_blocker = <pytest_django.plugin.DjangoDbBlocker object at 0x000001CEB17F0050>

    @pytest.fixture(autouse=True, scope="class")
    def _django_setup_unittest(
        request: pytest.FixtureRequest,
        django_db_blocker: DjangoDbBlocker,
    ) -> Generator[None, None, None]:
        """Setup a django unittest, internal to pytest-django."""
        if not django_settings_is_configured() or not is_django_unittest(request):
            yield
            return
    
        # Fix/patch pytest.
        # Before pytest 5.4: https://github.com/pytest-dev/pytest/issues/5991
        # After pytest 5.4: https://github.com/pytest-dev/pytest-django/issues/824
        from _pytest.unittest import TestCaseFunction
    
        original_runtest = TestCaseFunction.runtest
    
        def non_debugging_runtest(self) -> None:
            self._testcase(result=self)
    
        try:
            TestCaseFunction.runtest = non_debugging_runtest  # type: ignore[method-assign]
    
>           request.getfixturevalue("django_db_setup")

..\..\..\AppData\Roaming\Python\Python313\site-packages\pytest_django\plugin.py:553: 
_ _ _ _ _ _ _ _ _ _ _ _ _ _ _ _ _ _ _ _ _ _ _ _ _ _ _ _ _ _ _ _ _ _ _ _ _ _ _ _
..\..\..\AppData\Roaming\Python\Python313\site-packages\pytest_django\fixtures.py:140: in django_db_setup
    db_cfg = setup_databases(
..\..\..\AppData\Roaming\Python\Python313\site-packages\django\test\utils.py:204: in setup_databases
    connection.creation.create_test_db(
..\..\..\AppData\Roaming\Python\Python313\site-packages\django\db\backends\base\creation.py:62: in create_test_db
    self._create_test_db(verbosity, autoclobber, keepdb)
..\..\..\AppData\Roaming\Python\Python313\site-packages\django\db\backends\base\creation.py:202: in _create_test_db
    with self._nodb_cursor() as cursor:
C:\Python313\Lib\contextlib.py:141: in __enter__
    return next(self.gen)
..\..\..\AppData\Roaming\Python\Python313\site-packages\django\db\backends\postgresql\base.py:533: in _nodb_cursor
    with conn.cursor() as cursor:
..\..\..\AppData\Roaming\Python\Python313\site-packages\django\utils\asyncio.py:26: in inner
    return func(*args, **kwargs)
..\..\..\AppData\Roaming\Python\Python313\site-packages\django\db\backends\base\base.py:320: in cursor
    return self._cursor()
..\..\..\AppData\Roaming\Python\Python313\site-packages\django\db\backends\base\base.py:296: in _cursor
    self.ensure_connection()
..\..\..\AppData\Roaming\Python\Python313\site-packages\django\utils\asyncio.py:26: in inner
    return func(*args, **kwargs)
..\..\..\AppData\Roaming\Python\Python313\site-packages\django\db\backends\base\base.py:278: in ensure_connection
    with self.wrap_database_errors:
..\..\..\AppData\Roaming\Python\Python313\site-packages\django\db\utils.py:91: in __exit__
    raise dj_exc_value.with_traceback(traceback) from exc_value
..\..\..\AppData\Roaming\Python\Python313\site-packages\django\db\backends\base\base.py:279: in ensure_connection
    self.connect()
..\..\..\AppData\Roaming\Python\Python313\site-packages\django\utils\asyncio.py:26: in inner
    return func(*args, **kwargs)
..\..\..\AppData\Roaming\Python\Python313\site-packages\django\db\backends\base\base.py:256: in connect
    self.connection = self.get_new_connection(conn_params)
..\..\..\AppData\Roaming\Python\Python313\site-packages\django\utils\asyncio.py:26: in inner
    return func(*args, **kwargs)
..\..\..\AppData\Roaming\Python\Python313\site-packages\django\db\backends\postgresql\base.py:332: in get_new_connection
    connection = self.Database.connect(**conn_params)
_ _ _ _ _ _ _ _ _ _ _ _ _ _ _ _ _ _ _ _ _ _ _ _ _ _ _ _ _ _ _ _ _ _ _ _ _ _ _ _

cls = <class 'psycopg.Connection'>
conninfo = 'dbname=ruffles_db client_encoding=UTF8 user=postgres password=postgres host=localhost port=5432 hostaddr=127.0.0.1'
autocommit = False, prepare_threshold = None
context = <psycopg.adapt.AdaptersMap object at 0x000001CEB3E42350>
row_factory = None
cursor_factory = <class 'django.db.backends.postgresql.base.Cursor'>
kwargs = {'client_encoding': 'UTF8', 'dbname': 'ruffles_db', 'host': 'localhost', 'password': 'postgres', ...}
params = {'client_encoding': 'UTF8', 'dbname': 'ruffles_db', 'host': 'localhost', 'password': 'postgres', ...}
timeout = 130

    @classmethod
    def connect(
        cls,
        conninfo: str = "",
        *,
        autocommit: bool = False,
        prepare_threshold: int | None = 5,
        context: AdaptContext | None = None,
        row_factory: RowFactory[Row] | None = None,
        cursor_factory: type[Cursor[Row]] | None = None,
        **kwargs: ConnParam,
    ) -> Self:
        """
        Connect to a database server and return a new `Connection` instance.
        """
    
        params = cls._get_connection_params(conninfo, **kwargs)
        timeout = timeout_from_conninfo(params)
        rv = None
        attempts = conninfo_attempts(params)
        conn_errors: list[tuple[e.Error, str]] = []
        for attempt in attempts:
            tdescr = (attempt.get("host"), attempt.get("port"), attempt.get("hostaddr"))
            descr = "host: %r, port: %r, hostaddr: %r" % tdescr
            logger.debug("connection attempt: %s", descr)
            try:
                conninfo = make_conninfo("", **attempt)
                gen = cls._connect_gen(conninfo, timeout=timeout)
                rv = waiting.wait_conn(gen, interval=_WAIT_INTERVAL)
            except e.Error as ex:
                logger.debug("connection failed: %s: %s", descr, str(ex))
                conn_errors.append((ex, descr))
            except e._NO_TRACEBACK as ex:
                raise ex.with_traceback(None)
            else:
                logger.debug("connection succeeded: %s", descr)
                break
    
        if not rv:
            last_ex = conn_errors[-1][0]
            if len(conn_errors) == 1:
                raise last_ex.with_traceback(None)
    
            # Create a new exception with the same type as the last one, containing
            # all attempt errors while preserving backward compatibility.
            lines = [str(last_ex)]
            lines.append("Multiple connection attempts failed. All failures were:")
            lines.extend((f"- {descr}: {error}" for error, descr in conn_errors))
>           raise type(last_ex)("\n".join(lines)).with_traceback(None)
E           django.db.utils.OperationalError: connection failed: connection to server at "127.0.0.1", port 5432 failed: FATAL:  la autentificaci\ufffdn password fall\ufffd para el usuario \ufffdpostgres\ufffd
E           Multiple connection attempts failed. All failures were:
E           - host: 'localhost', port: '5432', hostaddr: '::1': connection failed: connection to server at "::1", port 5432 failed: FATAL:  la autentificaci\ufffdn password fall\ufffd para el usuario \ufffdpostgres\ufffd
E           - host: 'localhost', port: '5432', hostaddr: '127.0.0.1': connection failed: connection to server at "127.0.0.1", port 5432 failed: FATAL:  la autentificaci\ufffdn password fall\ufffd para el usuario \ufffdpostgres\ufffd

..\..\..\AppData\Roaming\Python\Python313\site-packages\psycopg\connection.py:127: OperationalError
_______ ERROR at setup of ReservationTests.test_reservation_short_phone _______

self = <DatabaseWrapper vendor='postgresql' alias='__no_db__'>

    @async_unsafe
    def ensure_connection(self):
        """Guarantee that a connection to the database is established."""
        if self.connection is None:
            if self.in_atomic_block and self.closed_in_transaction:
                raise ProgrammingError(
                    "Cannot open a new connection in an atomic block."
                )
            with self.wrap_database_errors:
>               self.connect()

..\..\..\AppData\Roaming\Python\Python313\site-packages\django\db\backends\base\base.py:279: 
_ _ _ _ _ _ _ _ _ _ _ _ _ _ _ _ _ _ _ _ _ _ _ _ _ _ _ _ _ _ _ _ _ _ _ _ _ _ _ _
..\..\..\AppData\Roaming\Python\Python313\site-packages\django\utils\asyncio.py:26: in inner
    return func(*args, **kwargs)
..\..\..\AppData\Roaming\Python\Python313\site-packages\django\db\backends\base\base.py:256: in connect
    self.connection = self.get_new_connection(conn_params)
..\..\..\AppData\Roaming\Python\Python313\site-packages\django\utils\asyncio.py:26: in inner
    return func(*args, **kwargs)
..\..\..\AppData\Roaming\Python\Python313\site-packages\django\db\backends\postgresql\base.py:332: in get_new_connection
    connection = self.Database.connect(**conn_params)
_ _ _ _ _ _ _ _ _ _ _ _ _ _ _ _ _ _ _ _ _ _ _ _ _ _ _ _ _ _ _ _ _ _ _ _ _ _ _ _

cls = <class 'psycopg.Connection'>
conninfo = 'dbname=postgres client_encoding=UTF8 user=postgres password=postgres host=localhost port=5432 hostaddr=127.0.0.1'
autocommit = False, prepare_threshold = None
context = <psycopg.adapt.AdaptersMap object at 0x000001CEB3E42350>
row_factory = None
cursor_factory = <class 'django.db.backends.postgresql.base.Cursor'>
kwargs = {'client_encoding': 'UTF8', 'dbname': 'postgres', 'host': 'localhost', 'password': 'postgres', ...}
params = {'client_encoding': 'UTF8', 'dbname': 'postgres', 'host': 'localhost', 'password': 'postgres', ...}
timeout = 130

    @classmethod
    def connect(
        cls,
        conninfo: str = "",
        *,
        autocommit: bool = False,
        prepare_threshold: int | None = 5,
        context: AdaptContext | None = None,
        row_factory: RowFactory[Row] | None = None,
        cursor_factory: type[Cursor[Row]] | None = None,
        **kwargs: ConnParam,
    ) -> Self:
        """
        Connect to a database server and return a new `Connection` instance.
        """
    
        params = cls._get_connection_params(conninfo, **kwargs)
        timeout = timeout_from_conninfo(params)
        rv = None
        attempts = conninfo_attempts(params)
        conn_errors: list[tuple[e.Error, str]] = []
        for attempt in attempts:
            tdescr = (attempt.get("host"), attempt.get("port"), attempt.get("hostaddr"))
            descr = "host: %r, port: %r, hostaddr: %r" % tdescr
            logger.debug("connection attempt: %s", descr)
            try:
                conninfo = make_conninfo("", **attempt)
                gen = cls._connect_gen(conninfo, timeout=timeout)
                rv = waiting.wait_conn(gen, interval=_WAIT_INTERVAL)
            except e.Error as ex:
                logger.debug("connection failed: %s: %s", descr, str(ex))
                conn_errors.append((ex, descr))
            except e._NO_TRACEBACK as ex:
                raise ex.with_traceback(None)
            else:
                logger.debug("connection succeeded: %s", descr)
                break
    
        if not rv:
            last_ex = conn_errors[-1][0]
            if len(conn_errors) == 1:
                raise last_ex.with_traceback(None)
    
            # Create a new exception with the same type as the last one, containing
            # all attempt errors while preserving backward compatibility.
            lines = [str(last_ex)]
            lines.append("Multiple connection attempts failed. All failures were:")
            lines.extend((f"- {descr}: {error}" for error, descr in conn_errors))
>           raise type(last_ex)("\n".join(lines)).with_traceback(None)
E           psycopg.OperationalError: connection failed: connection to server at "127.0.0.1", port 5432 failed: FATAL:  la autentificaci\ufffdn password fall\ufffd para el usuario \ufffdpostgres\ufffd
E           Multiple connection attempts failed. All failures were:
E           - host: 'localhost', port: '5432', hostaddr: '::1': connection failed: connection to server at "::1", port 5432 failed: FATAL:  la autentificaci\ufffdn password fall\ufffd para el usuario \ufffdpostgres\ufffd
E           - host: 'localhost', port: '5432', hostaddr: '127.0.0.1': connection failed: connection to server at "127.0.0.1", port 5432 failed: FATAL:  la autentificaci\ufffdn password fall\ufffd para el usuario \ufffdpostgres\ufffd

..\..\..\AppData\Roaming\Python\Python313\site-packages\psycopg\connection.py:127: OperationalError

The above exception was the direct cause of the following exception:

self = <DatabaseWrapper vendor='postgresql' alias='default'>

    @contextmanager
    def _nodb_cursor(self):
        cursor = None
        try:
>           with super()._nodb_cursor() as cursor:

..\..\..\AppData\Roaming\Python\Python313\site-packages\django\db\backends\postgresql\base.py:507: 
_ _ _ _ _ _ _ _ _ _ _ _ _ _ _ _ _ _ _ _ _ _ _ _ _ _ _ _ _ _ _ _ _ _ _ _ _ _ _ _
C:\Python313\Lib\contextlib.py:141: in __enter__
    return next(self.gen)
..\..\..\AppData\Roaming\Python\Python313\site-packages\django\db\backends\base\base.py:712: in _nodb_cursor
    with conn.cursor() as cursor:
..\..\..\AppData\Roaming\Python\Python313\site-packages\django\utils\asyncio.py:26: in inner
    return func(*args, **kwargs)
..\..\..\AppData\Roaming\Python\Python313\site-packages\django\db\backends\base\base.py:320: in cursor
    return self._cursor()
..\..\..\AppData\Roaming\Python\Python313\site-packages\django\db\backends\base\base.py:296: in _cursor
    self.ensure_connection()
..\..\..\AppData\Roaming\Python\Python313\site-packages\django\utils\asyncio.py:26: in inner
    return func(*args, **kwargs)
..\..\..\AppData\Roaming\Python\Python313\site-packages\django\db\backends\base\base.py:278: in ensure_connection
    with self.wrap_database_errors:
..\..\..\AppData\Roaming\Python\Python313\site-packages\django\db\utils.py:91: in __exit__
    raise dj_exc_value.with_traceback(traceback) from exc_value
..\..\..\AppData\Roaming\Python\Python313\site-packages\django\db\backends\base\base.py:279: in ensure_connection
    self.connect()
..\..\..\AppData\Roaming\Python\Python313\site-packages\django\utils\asyncio.py:26: in inner
    return func(*args, **kwargs)
..\..\..\AppData\Roaming\Python\Python313\site-packages\django\db\backends\base\base.py:256: in connect
    self.connection = self.get_new_connection(conn_params)
..\..\..\AppData\Roaming\Python\Python313\site-packages\django\utils\asyncio.py:26: in inner
    return func(*args, **kwargs)
..\..\..\AppData\Roaming\Python\Python313\site-packages\django\db\backends\postgresql\base.py:332: in get_new_connection
    connection = self.Database.connect(**conn_params)
_ _ _ _ _ _ _ _ _ _ _ _ _ _ _ _ _ _ _ _ _ _ _ _ _ _ _ _ _ _ _ _ _ _ _ _ _ _ _ _

cls = <class 'psycopg.Connection'>
conninfo = 'dbname=postgres client_encoding=UTF8 user=postgres password=postgres host=localhost port=5432 hostaddr=127.0.0.1'
autocommit = False, prepare_threshold = None
context = <psycopg.adapt.AdaptersMap object at 0x000001CEB3E42350>
row_factory = None
cursor_factory = <class 'django.db.backends.postgresql.base.Cursor'>
kwargs = {'client_encoding': 'UTF8', 'dbname': 'postgres', 'host': 'localhost', 'password': 'postgres', ...}
params = {'client_encoding': 'UTF8', 'dbname': 'postgres', 'host': 'localhost', 'password': 'postgres', ...}
timeout = 130

    @classmethod
    def connect(
        cls,
        conninfo: str = "",
        *,
        autocommit: bool = False,
        prepare_threshold: int | None = 5,
        context: AdaptContext | None = None,
        row_factory: RowFactory[Row] | None = None,
        cursor_factory: type[Cursor[Row]] | None = None,
        **kwargs: ConnParam,
    ) -> Self:
        """
        Connect to a database server and return a new `Connection` instance.
        """
    
        params = cls._get_connection_params(conninfo, **kwargs)
        timeout = timeout_from_conninfo(params)
        rv = None
        attempts = conninfo_attempts(params)
        conn_errors: list[tuple[e.Error, str]] = []
        for attempt in attempts:
            tdescr = (attempt.get("host"), attempt.get("port"), attempt.get("hostaddr"))
            descr = "host: %r, port: %r, hostaddr: %r" % tdescr
            logger.debug("connection attempt: %s", descr)
            try:
                conninfo = make_conninfo("", **attempt)
                gen = cls._connect_gen(conninfo, timeout=timeout)
                rv = waiting.wait_conn(gen, interval=_WAIT_INTERVAL)
            except e.Error as ex:
                logger.debug("connection failed: %s: %s", descr, str(ex))
                conn_errors.append((ex, descr))
            except e._NO_TRACEBACK as ex:
                raise ex.with_traceback(None)
            else:
                logger.debug("connection succeeded: %s", descr)
                break
    
        if not rv:
            last_ex = conn_errors[-1][0]
            if len(conn_errors) == 1:
                raise last_ex.with_traceback(None)
    
            # Create a new exception with the same type as the last one, containing
            # all attempt errors while preserving backward compatibility.
            lines = [str(last_ex)]
            lines.append("Multiple connection attempts failed. All failures were:")
            lines.extend((f"- {descr}: {error}" for error, descr in conn_errors))
>           raise type(last_ex)("\n".join(lines)).with_traceback(None)
E           django.db.utils.OperationalError: connection failed: connection to server at "127.0.0.1", port 5432 failed: FATAL:  la autentificaci\ufffdn password fall\ufffd para el usuario \ufffdpostgres\ufffd
E           Multiple connection attempts failed. All failures were:
E           - host: 'localhost', port: '5432', hostaddr: '::1': connection failed: connection to server at "::1", port 5432 failed: FATAL:  la autentificaci\ufffdn password fall\ufffd para el usuario \ufffdpostgres\ufffd
E           - host: 'localhost', port: '5432', hostaddr: '127.0.0.1': connection failed: connection to server at "127.0.0.1", port 5432 failed: FATAL:  la autentificaci\ufffdn password fall\ufffd para el usuario \ufffdpostgres\ufffd

..\..\..\AppData\Roaming\Python\Python313\site-packages\psycopg\connection.py:127: OperationalError

During handling of the above exception, another exception occurred:

self = <DatabaseWrapper vendor='postgresql' alias='default'>

    @async_unsafe
    def ensure_connection(self):
        """Guarantee that a connection to the database is established."""
        if self.connection is None:
            if self.in_atomic_block and self.closed_in_transaction:
                raise ProgrammingError(
                    "Cannot open a new connection in an atomic block."
                )
            with self.wrap_database_errors:
>               self.connect()

..\..\..\AppData\Roaming\Python\Python313\site-packages\django\db\backends\base\base.py:279: 
_ _ _ _ _ _ _ _ _ _ _ _ _ _ _ _ _ _ _ _ _ _ _ _ _ _ _ _ _ _ _ _ _ _ _ _ _ _ _ _
..\..\..\AppData\Roaming\Python\Python313\site-packages\django\utils\asyncio.py:26: in inner
    return func(*args, **kwargs)
..\..\..\AppData\Roaming\Python\Python313\site-packages\django\db\backends\base\base.py:256: in connect
    self.connection = self.get_new_connection(conn_params)
..\..\..\AppData\Roaming\Python\Python313\site-packages\django\utils\asyncio.py:26: in inner
    return func(*args, **kwargs)
..\..\..\AppData\Roaming\Python\Python313\site-packages\django\db\backends\postgresql\base.py:332: in get_new_connection
    connection = self.Database.connect(**conn_params)
_ _ _ _ _ _ _ _ _ _ _ _ _ _ _ _ _ _ _ _ _ _ _ _ _ _ _ _ _ _ _ _ _ _ _ _ _ _ _ _

cls = <class 'psycopg.Connection'>
conninfo = 'dbname=ruffles_db client_encoding=UTF8 user=postgres password=postgres host=localhost port=5432 hostaddr=127.0.0.1'
autocommit = False, prepare_threshold = None
context = <psycopg.adapt.AdaptersMap object at 0x000001CEB3E42350>
row_factory = None
cursor_factory = <class 'django.db.backends.postgresql.base.Cursor'>
kwargs = {'client_encoding': 'UTF8', 'dbname': 'ruffles_db', 'host': 'localhost', 'password': 'postgres', ...}
params = {'client_encoding': 'UTF8', 'dbname': 'ruffles_db', 'host': 'localhost', 'password': 'postgres', ...}
timeout = 130

    @classmethod
    def connect(
        cls,
        conninfo: str = "",
        *,
        autocommit: bool = False,
        prepare_threshold: int | None = 5,
        context: AdaptContext | None = None,
        row_factory: RowFactory[Row] | None = None,
        cursor_factory: type[Cursor[Row]] | None = None,
        **kwargs: ConnParam,
    ) -> Self:
        """
        Connect to a database server and return a new `Connection` instance.
        """
    
        params = cls._get_connection_params(conninfo, **kwargs)
        timeout = timeout_from_conninfo(params)
        rv = None
        attempts = conninfo_attempts(params)
        conn_errors: list[tuple[e.Error, str]] = []
        for attempt in attempts:
            tdescr = (attempt.get("host"), attempt.get("port"), attempt.get("hostaddr"))
            descr = "host: %r, port: %r, hostaddr: %r" % tdescr
            logger.debug("connection attempt: %s", descr)
            try:
                conninfo = make_conninfo("", **attempt)
                gen = cls._connect_gen(conninfo, timeout=timeout)
                rv = waiting.wait_conn(gen, interval=_WAIT_INTERVAL)
            except e.Error as ex:
                logger.debug("connection failed: %s: %s", descr, str(ex))
                conn_errors.append((ex, descr))
            except e._NO_TRACEBACK as ex:
                raise ex.with_traceback(None)
            else:
                logger.debug("connection succeeded: %s", descr)
                break
    
        if not rv:
            last_ex = conn_errors[-1][0]
            if len(conn_errors) == 1:
                raise last_ex.with_traceback(None)
    
            # Create a new exception with the same type as the last one, containing
            # all attempt errors while preserving backward compatibility.
            lines = [str(last_ex)]
            lines.append("Multiple connection attempts failed. All failures were:")
            lines.extend((f"- {descr}: {error}" for error, descr in conn_errors))
>           raise type(last_ex)("\n".join(lines)).with_traceback(None)
E           psycopg.OperationalError: connection failed: connection to server at "127.0.0.1", port 5432 failed: FATAL:  la autentificaci\ufffdn password fall\ufffd para el usuario \ufffdpostgres\ufffd
E           Multiple connection attempts failed. All failures were:
E           - host: 'localhost', port: '5432', hostaddr: '::1': connection failed: connection to server at "::1", port 5432 failed: FATAL:  la autentificaci\ufffdn password fall\ufffd para el usuario \ufffdpostgres\ufffd
E           - host: 'localhost', port: '5432', hostaddr: '127.0.0.1': connection failed: connection to server at "127.0.0.1", port 5432 failed: FATAL:  la autentificaci\ufffdn password fall\ufffd para el usuario \ufffdpostgres\ufffd

..\..\..\AppData\Roaming\Python\Python313\site-packages\psycopg\connection.py:127: OperationalError

The above exception was the direct cause of the following exception:

request = <SubRequest '_django_setup_unittest' for <TestCaseFunction test_reservation_authenticated_success>>
django_db_blocker = <pytest_django.plugin.DjangoDbBlocker object at 0x000001CEB17F0050>

    @pytest.fixture(autouse=True, scope="class")
    def _django_setup_unittest(
        request: pytest.FixtureRequest,
        django_db_blocker: DjangoDbBlocker,
    ) -> Generator[None, None, None]:
        """Setup a django unittest, internal to pytest-django."""
        if not django_settings_is_configured() or not is_django_unittest(request):
            yield
            return
    
        # Fix/patch pytest.
        # Before pytest 5.4: https://github.com/pytest-dev/pytest/issues/5991
        # After pytest 5.4: https://github.com/pytest-dev/pytest-django/issues/824
        from _pytest.unittest import TestCaseFunction
    
        original_runtest = TestCaseFunction.runtest
    
        def non_debugging_runtest(self) -> None:
            self._testcase(result=self)
    
        try:
            TestCaseFunction.runtest = non_debugging_runtest  # type: ignore[method-assign]
    
>           request.getfixturevalue("django_db_setup")

..\..\..\AppData\Roaming\Python\Python313\site-packages\pytest_django\plugin.py:553: 
_ _ _ _ _ _ _ _ _ _ _ _ _ _ _ _ _ _ _ _ _ _ _ _ _ _ _ _ _ _ _ _ _ _ _ _ _ _ _ _
..\..\..\AppData\Roaming\Python\Python313\site-packages\pytest_django\fixtures.py:140: in django_db_setup
    db_cfg = setup_databases(
..\..\..\AppData\Roaming\Python\Python313\site-packages\django\test\utils.py:204: in setup_databases
    connection.creation.create_test_db(
..\..\..\AppData\Roaming\Python\Python313\site-packages\django\db\backends\base\creation.py:62: in create_test_db
    self._create_test_db(verbosity, autoclobber, keepdb)
..\..\..\AppData\Roaming\Python\Python313\site-packages\django\db\backends\base\creation.py:202: in _create_test_db
    with self._nodb_cursor() as cursor:
C:\Python313\Lib\contextlib.py:141: in __enter__
    return next(self.gen)
..\..\..\AppData\Roaming\Python\Python313\site-packages\django\db\backends\postgresql\base.py:533: in _nodb_cursor
    with conn.cursor() as cursor:
..\..\..\AppData\Roaming\Python\Python313\site-packages\django\utils\asyncio.py:26: in inner
    return func(*args, **kwargs)
..\..\..\AppData\Roaming\Python\Python313\site-packages\django\db\backends\base\base.py:320: in cursor
    return self._cursor()
..\..\..\AppData\Roaming\Python\Python313\site-packages\django\db\backends\base\base.py:296: in _cursor
    self.ensure_connection()
..\..\..\AppData\Roaming\Python\Python313\site-packages\django\utils\asyncio.py:26: in inner
    return func(*args, **kwargs)
..\..\..\AppData\Roaming\Python\Python313\site-packages\django\db\backends\base\base.py:278: in ensure_connection
    with self.wrap_database_errors:
..\..\..\AppData\Roaming\Python\Python313\site-packages\django\db\utils.py:91: in __exit__
    raise dj_exc_value.with_traceback(traceback) from exc_value
..\..\..\AppData\Roaming\Python\Python313\site-packages\django\db\backends\base\base.py:279: in ensure_connection
    self.connect()
..\..\..\AppData\Roaming\Python\Python313\site-packages\django\utils\asyncio.py:26: in inner
    return func(*args, **kwargs)
..\..\..\AppData\Roaming\Python\Python313\site-packages\django\db\backends\base\base.py:256: in connect
    self.connection = self.get_new_connection(conn_params)
..\..\..\AppData\Roaming\Python\Python313\site-packages\django\utils\asyncio.py:26: in inner
    return func(*args, **kwargs)
..\..\..\AppData\Roaming\Python\Python313\site-packages\django\db\backends\postgresql\base.py:332: in get_new_connection
    connection = self.Database.connect(**conn_params)
_ _ _ _ _ _ _ _ _ _ _ _ _ _ _ _ _ _ _ _ _ _ _ _ _ _ _ _ _ _ _ _ _ _ _ _ _ _ _ _

cls = <class 'psycopg.Connection'>
conninfo = 'dbname=ruffles_db client_encoding=UTF8 user=postgres password=postgres host=localhost port=5432 hostaddr=127.0.0.1'
autocommit = False, prepare_threshold = None
context = <psycopg.adapt.AdaptersMap object at 0x000001CEB3E42350>
row_factory = None
cursor_factory = <class 'django.db.backends.postgresql.base.Cursor'>
kwargs = {'client_encoding': 'UTF8', 'dbname': 'ruffles_db', 'host': 'localhost', 'password': 'postgres', ...}
params = {'client_encoding': 'UTF8', 'dbname': 'ruffles_db', 'host': 'localhost', 'password': 'postgres', ...}
timeout = 130

    @classmethod
    def connect(
        cls,
        conninfo: str = "",
        *,
        autocommit: bool = False,
        prepare_threshold: int | None = 5,
        context: AdaptContext | None = None,
        row_factory: RowFactory[Row] | None = None,
        cursor_factory: type[Cursor[Row]] | None = None,
        **kwargs: ConnParam,
    ) -> Self:
        """
        Connect to a database server and return a new `Connection` instance.
        """
    
        params = cls._get_connection_params(conninfo, **kwargs)
        timeout = timeout_from_conninfo(params)
        rv = None
        attempts = conninfo_attempts(params)
        conn_errors: list[tuple[e.Error, str]] = []
        for attempt in attempts:
            tdescr = (attempt.get("host"), attempt.get("port"), attempt.get("hostaddr"))
            descr = "host: %r, port: %r, hostaddr: %r" % tdescr
            logger.debug("connection attempt: %s", descr)
            try:
                conninfo = make_conninfo("", **attempt)
                gen = cls._connect_gen(conninfo, timeout=timeout)
                rv = waiting.wait_conn(gen, interval=_WAIT_INTERVAL)
            except e.Error as ex:
                logger.debug("connection failed: %s: %s", descr, str(ex))
                conn_errors.append((ex, descr))
            except e._NO_TRACEBACK as ex:
                raise ex.with_traceback(None)
            else:
                logger.debug("connection succeeded: %s", descr)
                break
    
        if not rv:
            last_ex = conn_errors[-1][0]
            if len(conn_errors) == 1:
                raise last_ex.with_traceback(None)
    
            # Create a new exception with the same type as the last one, containing
            # all attempt errors while preserving backward compatibility.
            lines = [str(last_ex)]
            lines.append("Multiple connection attempts failed. All failures were:")
            lines.extend((f"- {descr}: {error}" for error, descr in conn_errors))
>           raise type(last_ex)("\n".join(lines)).with_traceback(None)
E           django.db.utils.OperationalError: connection failed: connection to server at "127.0.0.1", port 5432 failed: FATAL:  la autentificaci\ufffdn password fall\ufffd para el usuario \ufffdpostgres\ufffd
E           Multiple connection attempts failed. All failures were:
E           - host: 'localhost', port: '5432', hostaddr: '::1': connection failed: connection to server at "::1", port 5432 failed: FATAL:  la autentificaci\ufffdn password fall\ufffd para el usuario \ufffdpostgres\ufffd
E           - host: 'localhost', port: '5432', hostaddr: '127.0.0.1': connection failed: connection to server at "127.0.0.1", port 5432 failed: FATAL:  la autentificaci\ufffdn password fall\ufffd para el usuario \ufffdpostgres\ufffd

..\..\..\AppData\Roaming\Python\Python313\site-packages\psycopg\connection.py:127: OperationalError
_ ERROR at setup of ReservationEdgeCaseTests.test_reservation_expired_number_should_be_available _

self = <DatabaseWrapper vendor='postgresql' alias='__no_db__'>

    @async_unsafe
    def ensure_connection(self):
        """Guarantee that a connection to the database is established."""
        if self.connection is None:
            if self.in_atomic_block and self.closed_in_transaction:
                raise ProgrammingError(
                    "Cannot open a new connection in an atomic block."
                )
            with self.wrap_database_errors:
>               self.connect()

..\..\..\AppData\Roaming\Python\Python313\site-packages\django\db\backends\base\base.py:279: 
_ _ _ _ _ _ _ _ _ _ _ _ _ _ _ _ _ _ _ _ _ _ _ _ _ _ _ _ _ _ _ _ _ _ _ _ _ _ _ _
..\..\..\AppData\Roaming\Python\Python313\site-packages\django\utils\asyncio.py:26: in inner
    return func(*args, **kwargs)
..\..\..\AppData\Roaming\Python\Python313\site-packages\django\db\backends\base\base.py:256: in connect
    self.connection = self.get_new_connection(conn_params)
..\..\..\AppData\Roaming\Python\Python313\site-packages\django\utils\asyncio.py:26: in inner
    return func(*args, **kwargs)
..\..\..\AppData\Roaming\Python\Python313\site-packages\django\db\backends\postgresql\base.py:332: in get_new_connection
    connection = self.Database.connect(**conn_params)
_ _ _ _ _ _ _ _ _ _ _ _ _ _ _ _ _ _ _ _ _ _ _ _ _ _ _ _ _ _ _ _ _ _ _ _ _ _ _ _

cls = <class 'psycopg.Connection'>
conninfo = 'dbname=postgres client_encoding=UTF8 user=postgres password=postgres host=localhost port=5432 hostaddr=127.0.0.1'
autocommit = False, prepare_threshold = None
context = <psycopg.adapt.AdaptersMap object at 0x000001CEB3E42350>
row_factory = None
cursor_factory = <class 'django.db.backends.postgresql.base.Cursor'>
kwargs = {'client_encoding': 'UTF8', 'dbname': 'postgres', 'host': 'localhost', 'password': 'postgres', ...}
params = {'client_encoding': 'UTF8', 'dbname': 'postgres', 'host': 'localhost', 'password': 'postgres', ...}
timeout = 130

    @classmethod
    def connect(
        cls,
        conninfo: str = "",
        *,
        autocommit: bool = False,
        prepare_threshold: int | None = 5,
        context: AdaptContext | None = None,
        row_factory: RowFactory[Row] | None = None,
        cursor_factory: type[Cursor[Row]] | None = None,
        **kwargs: ConnParam,
    ) -> Self:
        """
        Connect to a database server and return a new `Connection` instance.
        """
    
        params = cls._get_connection_params(conninfo, **kwargs)
        timeout = timeout_from_conninfo(params)
        rv = None
        attempts = conninfo_attempts(params)
        conn_errors: list[tuple[e.Error, str]] = []
        for attempt in attempts:
            tdescr = (attempt.get("host"), attempt.get("port"), attempt.get("hostaddr"))
            descr = "host: %r, port: %r, hostaddr: %r" % tdescr
            logger.debug("connection attempt: %s", descr)
            try:
                conninfo = make_conninfo("", **attempt)
                gen = cls._connect_gen(conninfo, timeout=timeout)
                rv = waiting.wait_conn(gen, interval=_WAIT_INTERVAL)
            except e.Error as ex:
                logger.debug("connection failed: %s: %s", descr, str(ex))
                conn_errors.append((ex, descr))
            except e._NO_TRACEBACK as ex:
                raise ex.with_traceback(None)
            else:
                logger.debug("connection succeeded: %s", descr)
                break
    
        if not rv:
            last_ex = conn_errors[-1][0]
            if len(conn_errors) == 1:
                raise last_ex.with_traceback(None)
    
            # Create a new exception with the same type as the last one, containing
            # all attempt errors while preserving backward compatibility.
            lines = [str(last_ex)]
            lines.append("Multiple connection attempts failed. All failures were:")
            lines.extend((f"- {descr}: {error}" for error, descr in conn_errors))
>           raise type(last_ex)("\n".join(lines)).with_traceback(None)
E           psycopg.OperationalError: connection failed: connection to server at "127.0.0.1", port 5432 failed: FATAL:  la autentificaci\ufffdn password fall\ufffd para el usuario \ufffdpostgres\ufffd
E           Multiple connection attempts failed. All failures were:
E           - host: 'localhost', port: '5432', hostaddr: '::1': connection failed: connection to server at "::1", port 5432 failed: FATAL:  la autentificaci\ufffdn password fall\ufffd para el usuario \ufffdpostgres\ufffd
E           - host: 'localhost', port: '5432', hostaddr: '127.0.0.1': connection failed: connection to server at "127.0.0.1", port 5432 failed: FATAL:  la autentificaci\ufffdn password fall\ufffd para el usuario \ufffdpostgres\ufffd

..\..\..\AppData\Roaming\Python\Python313\site-packages\psycopg\connection.py:127: OperationalError

The above exception was the direct cause of the following exception:

self = <DatabaseWrapper vendor='postgresql' alias='default'>

    @contextmanager
    def _nodb_cursor(self):
        cursor = None
        try:
>           with super()._nodb_cursor() as cursor:

..\..\..\AppData\Roaming\Python\Python313\site-packages\django\db\backends\postgresql\base.py:507: 
_ _ _ _ _ _ _ _ _ _ _ _ _ _ _ _ _ _ _ _ _ _ _ _ _ _ _ _ _ _ _ _ _ _ _ _ _ _ _ _
C:\Python313\Lib\contextlib.py:141: in __enter__
    return next(self.gen)
..\..\..\AppData\Roaming\Python\Python313\site-packages\django\db\backends\base\base.py:712: in _nodb_cursor
    with conn.cursor() as cursor:
..\..\..\AppData\Roaming\Python\Python313\site-packages\django\utils\asyncio.py:26: in inner
    return func(*args, **kwargs)
..\..\..\AppData\Roaming\Python\Python313\site-packages\django\db\backends\base\base.py:320: in cursor
    return self._cursor()
..\..\..\AppData\Roaming\Python\Python313\site-packages\django\db\backends\base\base.py:296: in _cursor
    self.ensure_connection()
..\..\..\AppData\Roaming\Python\Python313\site-packages\django\utils\asyncio.py:26: in inner
    return func(*args, **kwargs)
..\..\..\AppData\Roaming\Python\Python313\site-packages\django\db\backends\base\base.py:278: in ensure_connection
    with self.wrap_database_errors:
..\..\..\AppData\Roaming\Python\Python313\site-packages\django\db\utils.py:91: in __exit__
    raise dj_exc_value.with_traceback(traceback) from exc_value
..\..\..\AppData\Roaming\Python\Python313\site-packages\django\db\backends\base\base.py:279: in ensure_connection
    self.connect()
..\..\..\AppData\Roaming\Python\Python313\site-packages\django\utils\asyncio.py:26: in inner
    return func(*args, **kwargs)
..\..\..\AppData\Roaming\Python\Python313\site-packages\django\db\backends\base\base.py:256: in connect
    self.connection = self.get_new_connection(conn_params)
..\..\..\AppData\Roaming\Python\Python313\site-packages\django\utils\asyncio.py:26: in inner
    return func(*args, **kwargs)
..\..\..\AppData\Roaming\Python\Python313\site-packages\django\db\backends\postgresql\base.py:332: in get_new_connection
    connection = self.Database.connect(**conn_params)
_ _ _ _ _ _ _ _ _ _ _ _ _ _ _ _ _ _ _ _ _ _ _ _ _ _ _ _ _ _ _ _ _ _ _ _ _ _ _ _

cls = <class 'psycopg.Connection'>
conninfo = 'dbname=postgres client_encoding=UTF8 user=postgres password=postgres host=localhost port=5432 hostaddr=127.0.0.1'
autocommit = False, prepare_threshold = None
context = <psycopg.adapt.AdaptersMap object at 0x000001CEB3E42350>
row_factory = None
cursor_factory = <class 'django.db.backends.postgresql.base.Cursor'>
kwargs = {'client_encoding': 'UTF8', 'dbname': 'postgres', 'host': 'localhost', 'password': 'postgres', ...}
params = {'client_encoding': 'UTF8', 'dbname': 'postgres', 'host': 'localhost', 'password': 'postgres', ...}
timeout = 130

    @classmethod
    def connect(
        cls,
        conninfo: str = "",
        *,
        autocommit: bool = False,
        prepare_threshold: int | None = 5,
        context: AdaptContext | None = None,
        row_factory: RowFactory[Row] | None = None,
        cursor_factory: type[Cursor[Row]] | None = None,
        **kwargs: ConnParam,
    ) -> Self:
        """
        Connect to a database server and return a new `Connection` instance.
        """
    
        params = cls._get_connection_params(conninfo, **kwargs)
        timeout = timeout_from_conninfo(params)
        rv = None
        attempts = conninfo_attempts(params)
        conn_errors: list[tuple[e.Error, str]] = []
        for attempt in attempts:
            tdescr = (attempt.get("host"), attempt.get("port"), attempt.get("hostaddr"))
            descr = "host: %r, port: %r, hostaddr: %r" % tdescr
            logger.debug("connection attempt: %s", descr)
            try:
                conninfo = make_conninfo("", **attempt)
                gen = cls._connect_gen(conninfo, timeout=timeout)
                rv = waiting.wait_conn(gen, interval=_WAIT_INTERVAL)
            except e.Error as ex:
                logger.debug("connection failed: %s: %s", descr, str(ex))
                conn_errors.append((ex, descr))
            except e._NO_TRACEBACK as ex:
                raise ex.with_traceback(None)
            else:
                logger.debug("connection succeeded: %s", descr)
                break
    
        if not rv:
            last_ex = conn_errors[-1][0]
            if len(conn_errors) == 1:
                raise last_ex.with_traceback(None)
    
            # Create a new exception with the same type as the last one, containing
            # all attempt errors while preserving backward compatibility.
            lines = [str(last_ex)]
            lines.append("Multiple connection attempts failed. All failures were:")
            lines.extend((f"- {descr}: {error}" for error, descr in conn_errors))
>           raise type(last_ex)("\n".join(lines)).with_traceback(None)
E           django.db.utils.OperationalError: connection failed: connection to server at "127.0.0.1", port 5432 failed: FATAL:  la autentificaci\ufffdn password fall\ufffd para el usuario \ufffdpostgres\ufffd
E           Multiple connection attempts failed. All failures were:
E           - host: 'localhost', port: '5432', hostaddr: '::1': connection failed: connection to server at "::1", port 5432 failed: FATAL:  la autentificaci\ufffdn password fall\ufffd para el usuario \ufffdpostgres\ufffd
E           - host: 'localhost', port: '5432', hostaddr: '127.0.0.1': connection failed: connection to server at "127.0.0.1", port 5432 failed: FATAL:  la autentificaci\ufffdn password fall\ufffd para el usuario \ufffdpostgres\ufffd

..\..\..\AppData\Roaming\Python\Python313\site-packages\psycopg\connection.py:127: OperationalError

During handling of the above exception, another exception occurred:

self = <DatabaseWrapper vendor='postgresql' alias='default'>

    @async_unsafe
    def ensure_connection(self):
        """Guarantee that a connection to the database is established."""
        if self.connection is None:
            if self.in_atomic_block and self.closed_in_transaction:
                raise ProgrammingError(
                    "Cannot open a new connection in an atomic block."
                )
            with self.wrap_database_errors:
>               self.connect()

..\..\..\AppData\Roaming\Python\Python313\site-packages\django\db\backends\base\base.py:279: 
_ _ _ _ _ _ _ _ _ _ _ _ _ _ _ _ _ _ _ _ _ _ _ _ _ _ _ _ _ _ _ _ _ _ _ _ _ _ _ _
..\..\..\AppData\Roaming\Python\Python313\site-packages\django\utils\asyncio.py:26: in inner
    return func(*args, **kwargs)
..\..\..\AppData\Roaming\Python\Python313\site-packages\django\db\backends\base\base.py:256: in connect
    self.connection = self.get_new_connection(conn_params)
..\..\..\AppData\Roaming\Python\Python313\site-packages\django\utils\asyncio.py:26: in inner
    return func(*args, **kwargs)
..\..\..\AppData\Roaming\Python\Python313\site-packages\django\db\backends\postgresql\base.py:332: in get_new_connection
    connection = self.Database.connect(**conn_params)
_ _ _ _ _ _ _ _ _ _ _ _ _ _ _ _ _ _ _ _ _ _ _ _ _ _ _ _ _ _ _ _ _ _ _ _ _ _ _ _

cls = <class 'psycopg.Connection'>
conninfo = 'dbname=ruffles_db client_encoding=UTF8 user=postgres password=postgres host=localhost port=5432 hostaddr=127.0.0.1'
autocommit = False, prepare_threshold = None
context = <psycopg.adapt.AdaptersMap object at 0x000001CEB3E42350>
row_factory = None
cursor_factory = <class 'django.db.backends.postgresql.base.Cursor'>
kwargs = {'client_encoding': 'UTF8', 'dbname': 'ruffles_db', 'host': 'localhost', 'password': 'postgres', ...}
params = {'client_encoding': 'UTF8', 'dbname': 'ruffles_db', 'host': 'localhost', 'password': 'postgres', ...}
timeout = 130

    @classmethod
    def connect(
        cls,
        conninfo: str = "",
        *,
        autocommit: bool = False,
        prepare_threshold: int | None = 5,
        context: AdaptContext | None = None,
        row_factory: RowFactory[Row] | None = None,
        cursor_factory: type[Cursor[Row]] | None = None,
        **kwargs: ConnParam,
    ) -> Self:
        """
        Connect to a database server and return a new `Connection` instance.
        """
    
        params = cls._get_connection_params(conninfo, **kwargs)
        timeout = timeout_from_conninfo(params)
        rv = None
        attempts = conninfo_attempts(params)
        conn_errors: list[tuple[e.Error, str]] = []
        for attempt in attempts:
            tdescr = (attempt.get("host"), attempt.get("port"), attempt.get("hostaddr"))
            descr = "host: %r, port: %r, hostaddr: %r" % tdescr
            logger.debug("connection attempt: %s", descr)
            try:
                conninfo = make_conninfo("", **attempt)
                gen = cls._connect_gen(conninfo, timeout=timeout)
                rv = waiting.wait_conn(gen, interval=_WAIT_INTERVAL)
            except e.Error as ex:
                logger.debug("connection failed: %s: %s", descr, str(ex))
                conn_errors.append((ex, descr))
            except e._NO_TRACEBACK as ex:
                raise ex.with_traceback(None)
            else:
                logger.debug("connection succeeded: %s", descr)
                break
    
        if not rv:
            last_ex = conn_errors[-1][0]
            if len(conn_errors) == 1:
                raise last_ex.with_traceback(None)
    
            # Create a new exception with the same type as the last one, containing
            # all attempt errors while preserving backward compatibility.
            lines = [str(last_ex)]
            lines.append("Multiple connection attempts failed. All failures were:")
            lines.extend((f"- {descr}: {error}" for error, descr in conn_errors))
>           raise type(last_ex)("\n".join(lines)).with_traceback(None)
E           psycopg.OperationalError: connection failed: connection to server at "127.0.0.1", port 5432 failed: FATAL:  la autentificaci\ufffdn password fall\ufffd para el usuario \ufffdpostgres\ufffd
E           Multiple connection attempts failed. All failures were:
E           - host: 'localhost', port: '5432', hostaddr: '::1': connection failed: connection to server at "::1", port 5432 failed: FATAL:  la autentificaci\ufffdn password fall\ufffd para el usuario \ufffdpostgres\ufffd
E           - host: 'localhost', port: '5432', hostaddr: '127.0.0.1': connection failed: connection to server at "127.0.0.1", port 5432 failed: FATAL:  la autentificaci\ufffdn password fall\ufffd para el usuario \ufffdpostgres\ufffd

..\..\..\AppData\Roaming\Python\Python313\site-packages\psycopg\connection.py:127: OperationalError

The above exception was the direct cause of the following exception:

request = <SubRequest '_django_setup_unittest' for <TestCaseFunction test_reservation_expired_number_should_be_available>>
django_db_blocker = <pytest_django.plugin.DjangoDbBlocker object at 0x000001CEB17F0050>

    @pytest.fixture(autouse=True, scope="class")
    def _django_setup_unittest(
        request: pytest.FixtureRequest,
        django_db_blocker: DjangoDbBlocker,
    ) -> Generator[None, None, None]:
        """Setup a django unittest, internal to pytest-django."""
        if not django_settings_is_configured() or not is_django_unittest(request):
            yield
            return
    
        # Fix/patch pytest.
        # Before pytest 5.4: https://github.com/pytest-dev/pytest/issues/5991
        # After pytest 5.4: https://github.com/pytest-dev/pytest-django/issues/824
        from _pytest.unittest import TestCaseFunction
    
        original_runtest = TestCaseFunction.runtest
    
        def non_debugging_runtest(self) -> None:
            self._testcase(result=self)
    
        try:
            TestCaseFunction.runtest = non_debugging_runtest  # type: ignore[method-assign]
    
>           request.getfixturevalue("django_db_setup")

..\..\..\AppData\Roaming\Python\Python313\site-packages\pytest_django\plugin.py:553: 
_ _ _ _ _ _ _ _ _ _ _ _ _ _ _ _ _ _ _ _ _ _ _ _ _ _ _ _ _ _ _ _ _ _ _ _ _ _ _ _
..\..\..\AppData\Roaming\Python\Python313\site-packages\pytest_django\fixtures.py:140: in django_db_setup
    db_cfg = setup_databases(
..\..\..\AppData\Roaming\Python\Python313\site-packages\django\test\utils.py:204: in setup_databases
    connection.creation.create_test_db(
..\..\..\AppData\Roaming\Python\Python313\site-packages\django\db\backends\base\creation.py:62: in create_test_db
    self._create_test_db(verbosity, autoclobber, keepdb)
..\..\..\AppData\Roaming\Python\Python313\site-packages\django\db\backends\base\creation.py:202: in _create_test_db
    with self._nodb_cursor() as cursor:
C:\Python313\Lib\contextlib.py:141: in __enter__
    return next(self.gen)
..\..\..\AppData\Roaming\Python\Python313\site-packages\django\db\backends\postgresql\base.py:533: in _nodb_cursor
    with conn.cursor() as cursor:
..\..\..\AppData\Roaming\Python\Python313\site-packages\django\utils\asyncio.py:26: in inner
    return func(*args, **kwargs)
..\..\..\AppData\Roaming\Python\Python313\site-packages\django\db\backends\base\base.py:320: in cursor
    return self._cursor()
..\..\..\AppData\Roaming\Python\Python313\site-packages\django\db\backends\base\base.py:296: in _cursor
    self.ensure_connection()
..\..\..\AppData\Roaming\Python\Python313\site-packages\django\utils\asyncio.py:26: in inner
    return func(*args, **kwargs)
..\..\..\AppData\Roaming\Python\Python313\site-packages\django\db\backends\base\base.py:278: in ensure_connection
    with self.wrap_database_errors:
..\..\..\AppData\Roaming\Python\Python313\site-packages\django\db\utils.py:91: in __exit__
    raise dj_exc_value.with_traceback(traceback) from exc_value
..\..\..\AppData\Roaming\Python\Python313\site-packages\django\db\backends\base\base.py:279: in ensure_connection
    self.connect()
..\..\..\AppData\Roaming\Python\Python313\site-packages\django\utils\asyncio.py:26: in inner
    return func(*args, **kwargs)
..\..\..\AppData\Roaming\Python\Python313\site-packages\django\db\backends\base\base.py:256: in connect
    self.connection = self.get_new_connection(conn_params)
..\..\..\AppData\Roaming\Python\Python313\site-packages\django\utils\asyncio.py:26: in inner
    return func(*args, **kwargs)
..\..\..\AppData\Roaming\Python\Python313\site-packages\django\db\backends\postgresql\base.py:332: in get_new_connection
    connection = self.Database.connect(**conn_params)
_ _ _ _ _ _ _ _ _ _ _ _ _ _ _ _ _ _ _ _ _ _ _ _ _ _ _ _ _ _ _ _ _ _ _ _ _ _ _ _

cls = <class 'psycopg.Connection'>
conninfo = 'dbname=ruffles_db client_encoding=UTF8 user=postgres password=postgres host=localhost port=5432 hostaddr=127.0.0.1'
autocommit = False, prepare_threshold = None
context = <psycopg.adapt.AdaptersMap object at 0x000001CEB3E42350>
row_factory = None
cursor_factory = <class 'django.db.backends.postgresql.base.Cursor'>
kwargs = {'client_encoding': 'UTF8', 'dbname': 'ruffles_db', 'host': 'localhost', 'password': 'postgres', ...}
params = {'client_encoding': 'UTF8', 'dbname': 'ruffles_db', 'host': 'localhost', 'password': 'postgres', ...}
timeout = 130

    @classmethod
    def connect(
        cls,
        conninfo: str = "",
        *,
        autocommit: bool = False,
        prepare_threshold: int | None = 5,
        context: AdaptContext | None = None,
        row_factory: RowFactory[Row] | None = None,
        cursor_factory: type[Cursor[Row]] | None = None,
        **kwargs: ConnParam,
    ) -> Self:
        """
        Connect to a database server and return a new `Connection` instance.
        """
    
        params = cls._get_connection_params(conninfo, **kwargs)
        timeout = timeout_from_conninfo(params)
        rv = None
        attempts = conninfo_attempts(params)
        conn_errors: list[tuple[e.Error, str]] = []
        for attempt in attempts:
            tdescr = (attempt.get("host"), attempt.get("port"), attempt.get("hostaddr"))
            descr = "host: %r, port: %r, hostaddr: %r" % tdescr
            logger.debug("connection attempt: %s", descr)
            try:
                conninfo = make_conninfo("", **attempt)
                gen = cls._connect_gen(conninfo, timeout=timeout)
                rv = waiting.wait_conn(gen, interval=_WAIT_INTERVAL)
            except e.Error as ex:
                logger.debug("connection failed: %s: %s", descr, str(ex))
                conn_errors.append((ex, descr))
            except e._NO_TRACEBACK as ex:
                raise ex.with_traceback(None)
            else:
                logger.debug("connection succeeded: %s", descr)
                break
    
        if not rv:
            last_ex = conn_errors[-1][0]
            if len(conn_errors) == 1:
                raise last_ex.with_traceback(None)
    
            # Create a new exception with the same type as the last one, containing
            # all attempt errors while preserving backward compatibility.
            lines = [str(last_ex)]
            lines.append("Multiple connection attempts failed. All failures were:")
            lines.extend((f"- {descr}: {error}" for error, descr in conn_errors))
>           raise type(last_ex)("\n".join(lines)).with_traceback(None)
E           django.db.utils.OperationalError: connection failed: connection to server at "127.0.0.1", port 5432 failed: FATAL:  la autentificaci\ufffdn password fall\ufffd para el usuario \ufffdpostgres\ufffd
E           Multiple connection attempts failed. All failures were:
E           - host: 'localhost', port: '5432', hostaddr: '::1': connection failed: connection to server at "::1", port 5432 failed: FATAL:  la autentificaci\ufffdn password fall\ufffd para el usuario \ufffdpostgres\ufffd
E           - host: 'localhost', port: '5432', hostaddr: '127.0.0.1': connection failed: connection to server at "127.0.0.1", port 5432 failed: FATAL:  la autentificaci\ufffdn password fall\ufffd para el usuario \ufffdpostgres\ufffd

..\..\..\AppData\Roaming\Python\Python313\site-packages\psycopg\connection.py:127: OperationalError
_ ERROR at setup of ReservationEdgeCaseTests.test_reservation_on_closed_raffle _

self = <DatabaseWrapper vendor='postgresql' alias='__no_db__'>

    @async_unsafe
    def ensure_connection(self):
        """Guarantee that a connection to the database is established."""
        if self.connection is None:
            if self.in_atomic_block and self.closed_in_transaction:
                raise ProgrammingError(
                    "Cannot open a new connection in an atomic block."
                )
            with self.wrap_database_errors:
>               self.connect()

..\..\..\AppData\Roaming\Python\Python313\site-packages\django\db\backends\base\base.py:279: 
_ _ _ _ _ _ _ _ _ _ _ _ _ _ _ _ _ _ _ _ _ _ _ _ _ _ _ _ _ _ _ _ _ _ _ _ _ _ _ _
..\..\..\AppData\Roaming\Python\Python313\site-packages\django\utils\asyncio.py:26: in inner
    return func(*args, **kwargs)
..\..\..\AppData\Roaming\Python\Python313\site-packages\django\db\backends\base\base.py:256: in connect
    self.connection = self.get_new_connection(conn_params)
..\..\..\AppData\Roaming\Python\Python313\site-packages\django\utils\asyncio.py:26: in inner
    return func(*args, **kwargs)
..\..\..\AppData\Roaming\Python\Python313\site-packages\django\db\backends\postgresql\base.py:332: in get_new_connection
    connection = self.Database.connect(**conn_params)
_ _ _ _ _ _ _ _ _ _ _ _ _ _ _ _ _ _ _ _ _ _ _ _ _ _ _ _ _ _ _ _ _ _ _ _ _ _ _ _

cls = <class 'psycopg.Connection'>
conninfo = 'dbname=postgres client_encoding=UTF8 user=postgres password=postgres host=localhost port=5432 hostaddr=127.0.0.1'
autocommit = False, prepare_threshold = None
context = <psycopg.adapt.AdaptersMap object at 0x000001CEB3E42350>
row_factory = None
cursor_factory = <class 'django.db.backends.postgresql.base.Cursor'>
kwargs = {'client_encoding': 'UTF8', 'dbname': 'postgres', 'host': 'localhost', 'password': 'postgres', ...}
params = {'client_encoding': 'UTF8', 'dbname': 'postgres', 'host': 'localhost', 'password': 'postgres', ...}
timeout = 130

    @classmethod
    def connect(
        cls,
        conninfo: str = "",
        *,
        autocommit: bool = False,
        prepare_threshold: int | None = 5,
        context: AdaptContext | None = None,
        row_factory: RowFactory[Row] | None = None,
        cursor_factory: type[Cursor[Row]] | None = None,
        **kwargs: ConnParam,
    ) -> Self:
        """
        Connect to a database server and return a new `Connection` instance.
        """
    
        params = cls._get_connection_params(conninfo, **kwargs)
        timeout = timeout_from_conninfo(params)
        rv = None
        attempts = conninfo_attempts(params)
        conn_errors: list[tuple[e.Error, str]] = []
        for attempt in attempts:
            tdescr = (attempt.get("host"), attempt.get("port"), attempt.get("hostaddr"))
            descr = "host: %r, port: %r, hostaddr: %r" % tdescr
            logger.debug("connection attempt: %s", descr)
            try:
                conninfo = make_conninfo("", **attempt)
                gen = cls._connect_gen(conninfo, timeout=timeout)
                rv = waiting.wait_conn(gen, interval=_WAIT_INTERVAL)
            except e.Error as ex:
                logger.debug("connection failed: %s: %s", descr, str(ex))
                conn_errors.append((ex, descr))
            except e._NO_TRACEBACK as ex:
                raise ex.with_traceback(None)
            else:
                logger.debug("connection succeeded: %s", descr)
                break
    
        if not rv:
            last_ex = conn_errors[-1][0]
            if len(conn_errors) == 1:
                raise last_ex.with_traceback(None)
    
            # Create a new exception with the same type as the last one, containing
            # all attempt errors while preserving backward compatibility.
            lines = [str(last_ex)]
            lines.append("Multiple connection attempts failed. All failures were:")
            lines.extend((f"- {descr}: {error}" for error, descr in conn_errors))
>           raise type(last_ex)("\n".join(lines)).with_traceback(None)
E           psycopg.OperationalError: connection failed: connection to server at "127.0.0.1", port 5432 failed: FATAL:  la autentificaci\ufffdn password fall\ufffd para el usuario \ufffdpostgres\ufffd
E           Multiple connection attempts failed. All failures were:
E           - host: 'localhost', port: '5432', hostaddr: '::1': connection failed: connection to server at "::1", port 5432 failed: FATAL:  la autentificaci\ufffdn password fall\ufffd para el usuario \ufffdpostgres\ufffd
E           - host: 'localhost', port: '5432', hostaddr: '127.0.0.1': connection failed: connection to server at "127.0.0.1", port 5432 failed: FATAL:  la autentificaci\ufffdn password fall\ufffd para el usuario \ufffdpostgres\ufffd

..\..\..\AppData\Roaming\Python\Python313\site-packages\psycopg\connection.py:127: OperationalError

The above exception was the direct cause of the following exception:

self = <DatabaseWrapper vendor='postgresql' alias='default'>

    @contextmanager
    def _nodb_cursor(self):
        cursor = None
        try:
>           with super()._nodb_cursor() as cursor:

..\..\..\AppData\Roaming\Python\Python313\site-packages\django\db\backends\postgresql\base.py:507: 
_ _ _ _ _ _ _ _ _ _ _ _ _ _ _ _ _ _ _ _ _ _ _ _ _ _ _ _ _ _ _ _ _ _ _ _ _ _ _ _
C:\Python313\Lib\contextlib.py:141: in __enter__
    return next(self.gen)
..\..\..\AppData\Roaming\Python\Python313\site-packages\django\db\backends\base\base.py:712: in _nodb_cursor
    with conn.cursor() as cursor:
..\..\..\AppData\Roaming\Python\Python313\site-packages\django\utils\asyncio.py:26: in inner
    return func(*args, **kwargs)
..\..\..\AppData\Roaming\Python\Python313\site-packages\django\db\backends\base\base.py:320: in cursor
    return self._cursor()
..\..\..\AppData\Roaming\Python\Python313\site-packages\django\db\backends\base\base.py:296: in _cursor
    self.ensure_connection()
..\..\..\AppData\Roaming\Python\Python313\site-packages\django\utils\asyncio.py:26: in inner
    return func(*args, **kwargs)
..\..\..\AppData\Roaming\Python\Python313\site-packages\django\db\backends\base\base.py:278: in ensure_connection
    with self.wrap_database_errors:
..\..\..\AppData\Roaming\Python\Python313\site-packages\django\db\utils.py:91: in __exit__
    raise dj_exc_value.with_traceback(traceback) from exc_value
..\..\..\AppData\Roaming\Python\Python313\site-packages\django\db\backends\base\base.py:279: in ensure_connection
    self.connect()
..\..\..\AppData\Roaming\Python\Python313\site-packages\django\utils\asyncio.py:26: in inner
    return func(*args, **kwargs)
..\..\..\AppData\Roaming\Python\Python313\site-packages\django\db\backends\base\base.py:256: in connect
    self.connection = self.get_new_connection(conn_params)
..\..\..\AppData\Roaming\Python\Python313\site-packages\django\utils\asyncio.py:26: in inner
    return func(*args, **kwargs)
..\..\..\AppData\Roaming\Python\Python313\site-packages\django\db\backends\postgresql\base.py:332: in get_new_connection
    connection = self.Database.connect(**conn_params)
_ _ _ _ _ _ _ _ _ _ _ _ _ _ _ _ _ _ _ _ _ _ _ _ _ _ _ _ _ _ _ _ _ _ _ _ _ _ _ _

cls = <class 'psycopg.Connection'>
conninfo = 'dbname=postgres client_encoding=UTF8 user=postgres password=postgres host=localhost port=5432 hostaddr=127.0.0.1'
autocommit = False, prepare_threshold = None
context = <psycopg.adapt.AdaptersMap object at 0x000001CEB3E42350>
row_factory = None
cursor_factory = <class 'django.db.backends.postgresql.base.Cursor'>
kwargs = {'client_encoding': 'UTF8', 'dbname': 'postgres', 'host': 'localhost', 'password': 'postgres', ...}
params = {'client_encoding': 'UTF8', 'dbname': 'postgres', 'host': 'localhost', 'password': 'postgres', ...}
timeout = 130

    @classmethod
    def connect(
        cls,
        conninfo: str = "",
        *,
        autocommit: bool = False,
        prepare_threshold: int | None = 5,
        context: AdaptContext | None = None,
        row_factory: RowFactory[Row] | None = None,
        cursor_factory: type[Cursor[Row]] | None = None,
        **kwargs: ConnParam,
    ) -> Self:
        """
        Connect to a database server and return a new `Connection` instance.
        """
    
        params = cls._get_connection_params(conninfo, **kwargs)
        timeout = timeout_from_conninfo(params)
        rv = None
        attempts = conninfo_attempts(params)
        conn_errors: list[tuple[e.Error, str]] = []
        for attempt in attempts:
            tdescr = (attempt.get("host"), attempt.get("port"), attempt.get("hostaddr"))
            descr = "host: %r, port: %r, hostaddr: %r" % tdescr
            logger.debug("connection attempt: %s", descr)
            try:
                conninfo = make_conninfo("", **attempt)
                gen = cls._connect_gen(conninfo, timeout=timeout)
                rv = waiting.wait_conn(gen, interval=_WAIT_INTERVAL)
            except e.Error as ex:
                logger.debug("connection failed: %s: %s", descr, str(ex))
                conn_errors.append((ex, descr))
            except e._NO_TRACEBACK as ex:
                raise ex.with_traceback(None)
            else:
                logger.debug("connection succeeded: %s", descr)
                break
    
        if not rv:
            last_ex = conn_errors[-1][0]
            if len(conn_errors) == 1:
                raise last_ex.with_traceback(None)
    
            # Create a new exception with the same type as the last one, containing
            # all attempt errors while preserving backward compatibility.
            lines = [str(last_ex)]
            lines.append("Multiple connection attempts failed. All failures were:")
            lines.extend((f"- {descr}: {error}" for error, descr in conn_errors))
>           raise type(last_ex)("\n".join(lines)).with_traceback(None)
E           django.db.utils.OperationalError: connection failed: connection to server at "127.0.0.1", port 5432 failed: FATAL:  la autentificaci\ufffdn password fall\ufffd para el usuario \ufffdpostgres\ufffd
E           Multiple connection attempts failed. All failures were:
E           - host: 'localhost', port: '5432', hostaddr: '::1': connection failed: connection to server at "::1", port 5432 failed: FATAL:  la autentificaci\ufffdn password fall\ufffd para el usuario \ufffdpostgres\ufffd
E           - host: 'localhost', port: '5432', hostaddr: '127.0.0.1': connection failed: connection to server at "127.0.0.1", port 5432 failed: FATAL:  la autentificaci\ufffdn password fall\ufffd para el usuario \ufffdpostgres\ufffd

..\..\..\AppData\Roaming\Python\Python313\site-packages\psycopg\connection.py:127: OperationalError

During handling of the above exception, another exception occurred:

self = <DatabaseWrapper vendor='postgresql' alias='default'>

    @async_unsafe
    def ensure_connection(self):
        """Guarantee that a connection to the database is established."""
        if self.connection is None:
            if self.in_atomic_block and self.closed_in_transaction:
                raise ProgrammingError(
                    "Cannot open a new connection in an atomic block."
                )
            with self.wrap_database_errors:
>               self.connect()

..\..\..\AppData\Roaming\Python\Python313\site-packages\django\db\backends\base\base.py:279: 
_ _ _ _ _ _ _ _ _ _ _ _ _ _ _ _ _ _ _ _ _ _ _ _ _ _ _ _ _ _ _ _ _ _ _ _ _ _ _ _
..\..\..\AppData\Roaming\Python\Python313\site-packages\django\utils\asyncio.py:26: in inner
    return func(*args, **kwargs)
..\..\..\AppData\Roaming\Python\Python313\site-packages\django\db\backends\base\base.py:256: in connect
    self.connection = self.get_new_connection(conn_params)
..\..\..\AppData\Roaming\Python\Python313\site-packages\django\utils\asyncio.py:26: in inner
    return func(*args, **kwargs)
..\..\..\AppData\Roaming\Python\Python313\site-packages\django\db\backends\postgresql\base.py:332: in get_new_connection
    connection = self.Database.connect(**conn_params)
_ _ _ _ _ _ _ _ _ _ _ _ _ _ _ _ _ _ _ _ _ _ _ _ _ _ _ _ _ _ _ _ _ _ _ _ _ _ _ _

cls = <class 'psycopg.Connection'>
conninfo = 'dbname=ruffles_db client_encoding=UTF8 user=postgres password=postgres host=localhost port=5432 hostaddr=127.0.0.1'
autocommit = False, prepare_threshold = None
context = <psycopg.adapt.AdaptersMap object at 0x000001CEB3E42350>
row_factory = None
cursor_factory = <class 'django.db.backends.postgresql.base.Cursor'>
kwargs = {'client_encoding': 'UTF8', 'dbname': 'ruffles_db', 'host': 'localhost', 'password': 'postgres', ...}
params = {'client_encoding': 'UTF8', 'dbname': 'ruffles_db', 'host': 'localhost', 'password': 'postgres', ...}
timeout = 130

    @classmethod
    def connect(
        cls,
        conninfo: str = "",
        *,
        autocommit: bool = False,
        prepare_threshold: int | None = 5,
        context: AdaptContext | None = None,
        row_factory: RowFactory[Row] | None = None,
        cursor_factory: type[Cursor[Row]] | None = None,
        **kwargs: ConnParam,
    ) -> Self:
        """
        Connect to a database server and return a new `Connection` instance.
        """
    
        params = cls._get_connection_params(conninfo, **kwargs)
        timeout = timeout_from_conninfo(params)
        rv = None
        attempts = conninfo_attempts(params)
        conn_errors: list[tuple[e.Error, str]] = []
        for attempt in attempts:
            tdescr = (attempt.get("host"), attempt.get("port"), attempt.get("hostaddr"))
            descr = "host: %r, port: %r, hostaddr: %r" % tdescr
            logger.debug("connection attempt: %s", descr)
            try:
                conninfo = make_conninfo("", **attempt)
                gen = cls._connect_gen(conninfo, timeout=timeout)
                rv = waiting.wait_conn(gen, interval=_WAIT_INTERVAL)
            except e.Error as ex:
                logger.debug("connection failed: %s: %s", descr, str(ex))
                conn_errors.append((ex, descr))
            except e._NO_TRACEBACK as ex:
                raise ex.with_traceback(None)
            else:
                logger.debug("connection succeeded: %s", descr)
                break
    
        if not rv:
            last_ex = conn_errors[-1][0]
            if len(conn_errors) == 1:
                raise last_ex.with_traceback(None)
    
            # Create a new exception with the same type as the last one, containing
            # all attempt errors while preserving backward compatibility.
            lines = [str(last_ex)]
            lines.append("Multiple connection attempts failed. All failures were:")
            lines.extend((f"- {descr}: {error}" for error, descr in conn_errors))
>           raise type(last_ex)("\n".join(lines)).with_traceback(None)
E           psycopg.OperationalError: connection failed: connection to server at "127.0.0.1", port 5432 failed: FATAL:  la autentificaci\ufffdn password fall\ufffd para el usuario \ufffdpostgres\ufffd
E           Multiple connection attempts failed. All failures were:
E           - host: 'localhost', port: '5432', hostaddr: '::1': connection failed: connection to server at "::1", port 5432 failed: FATAL:  la autentificaci\ufffdn password fall\ufffd para el usuario \ufffdpostgres\ufffd
E           - host: 'localhost', port: '5432', hostaddr: '127.0.0.1': connection failed: connection to server at "127.0.0.1", port 5432 failed: FATAL:  la autentificaci\ufffdn password fall\ufffd para el usuario \ufffdpostgres\ufffd

..\..\..\AppData\Roaming\Python\Python313\site-packages\psycopg\connection.py:127: OperationalError

The above exception was the direct cause of the following exception:

request = <SubRequest '_django_setup_unittest' for <TestCaseFunction test_reservation_expired_number_should_be_available>>
django_db_blocker = <pytest_django.plugin.DjangoDbBlocker object at 0x000001CEB17F0050>

    @pytest.fixture(autouse=True, scope="class")
    def _django_setup_unittest(
        request: pytest.FixtureRequest,
        django_db_blocker: DjangoDbBlocker,
    ) -> Generator[None, None, None]:
        """Setup a django unittest, internal to pytest-django."""
        if not django_settings_is_configured() or not is_django_unittest(request):
            yield
            return
    
        # Fix/patch pytest.
        # Before pytest 5.4: https://github.com/pytest-dev/pytest/issues/5991
        # After pytest 5.4: https://github.com/pytest-dev/pytest-django/issues/824
        from _pytest.unittest import TestCaseFunction
    
        original_runtest = TestCaseFunction.runtest
    
        def non_debugging_runtest(self) -> None:
            self._testcase(result=self)
    
        try:
            TestCaseFunction.runtest = non_debugging_runtest  # type: ignore[method-assign]
    
>           request.getfixturevalue("django_db_setup")

..\..\..\AppData\Roaming\Python\Python313\site-packages\pytest_django\plugin.py:553: 
_ _ _ _ _ _ _ _ _ _ _ _ _ _ _ _ _ _ _ _ _ _ _ _ _ _ _ _ _ _ _ _ _ _ _ _ _ _ _ _
..\..\..\AppData\Roaming\Python\Python313\site-packages\pytest_django\fixtures.py:140: in django_db_setup
    db_cfg = setup_databases(
..\..\..\AppData\Roaming\Python\Python313\site-packages\django\test\utils.py:204: in setup_databases
    connection.creation.create_test_db(
..\..\..\AppData\Roaming\Python\Python313\site-packages\django\db\backends\base\creation.py:62: in create_test_db
    self._create_test_db(verbosity, autoclobber, keepdb)
..\..\..\AppData\Roaming\Python\Python313\site-packages\django\db\backends\base\creation.py:202: in _create_test_db
    with self._nodb_cursor() as cursor:
C:\Python313\Lib\contextlib.py:141: in __enter__
    return next(self.gen)
..\..\..\AppData\Roaming\Python\Python313\site-packages\django\db\backends\postgresql\base.py:533: in _nodb_cursor
    with conn.cursor() as cursor:
..\..\..\AppData\Roaming\Python\Python313\site-packages\django\utils\asyncio.py:26: in inner
    return func(*args, **kwargs)
..\..\..\AppData\Roaming\Python\Python313\site-packages\django\db\backends\base\base.py:320: in cursor
    return self._cursor()
..\..\..\AppData\Roaming\Python\Python313\site-packages\django\db\backends\base\base.py:296: in _cursor
    self.ensure_connection()
..\..\..\AppData\Roaming\Python\Python313\site-packages\django\utils\asyncio.py:26: in inner
    return func(*args, **kwargs)
..\..\..\AppData\Roaming\Python\Python313\site-packages\django\db\backends\base\base.py:278: in ensure_connection
    with self.wrap_database_errors:
..\..\..\AppData\Roaming\Python\Python313\site-packages\django\db\utils.py:91: in __exit__
    raise dj_exc_value.with_traceback(traceback) from exc_value
..\..\..\AppData\Roaming\Python\Python313\site-packages\django\db\backends\base\base.py:279: in ensure_connection
    self.connect()
..\..\..\AppData\Roaming\Python\Python313\site-packages\django\utils\asyncio.py:26: in inner
    return func(*args, **kwargs)
..\..\..\AppData\Roaming\Python\Python313\site-packages\django\db\backends\base\base.py:256: in connect
    self.connection = self.get_new_connection(conn_params)
..\..\..\AppData\Roaming\Python\Python313\site-packages\django\utils\asyncio.py:26: in inner
    return func(*args, **kwargs)
..\..\..\AppData\Roaming\Python\Python313\site-packages\django\db\backends\postgresql\base.py:332: in get_new_connection
    connection = self.Database.connect(**conn_params)
_ _ _ _ _ _ _ _ _ _ _ _ _ _ _ _ _ _ _ _ _ _ _ _ _ _ _ _ _ _ _ _ _ _ _ _ _ _ _ _

cls = <class 'psycopg.Connection'>
conninfo = 'dbname=ruffles_db client_encoding=UTF8 user=postgres password=postgres host=localhost port=5432 hostaddr=127.0.0.1'
autocommit = False, prepare_threshold = None
context = <psycopg.adapt.AdaptersMap object at 0x000001CEB3E42350>
row_factory = None
cursor_factory = <class 'django.db.backends.postgresql.base.Cursor'>
kwargs = {'client_encoding': 'UTF8', 'dbname': 'ruffles_db', 'host': 'localhost', 'password': 'postgres', ...}
params = {'client_encoding': 'UTF8', 'dbname': 'ruffles_db', 'host': 'localhost', 'password': 'postgres', ...}
timeout = 130

    @classmethod
    def connect(
        cls,
        conninfo: str = "",
        *,
        autocommit: bool = False,
        prepare_threshold: int | None = 5,
        context: AdaptContext | None = None,
        row_factory: RowFactory[Row] | None = None,
        cursor_factory: type[Cursor[Row]] | None = None,
        **kwargs: ConnParam,
    ) -> Self:
        """
        Connect to a database server and return a new `Connection` instance.
        """
    
        params = cls._get_connection_params(conninfo, **kwargs)
        timeout = timeout_from_conninfo(params)
        rv = None
        attempts = conninfo_attempts(params)
        conn_errors: list[tuple[e.Error, str]] = []
        for attempt in attempts:
            tdescr = (attempt.get("host"), attempt.get("port"), attempt.get("hostaddr"))
            descr = "host: %r, port: %r, hostaddr: %r" % tdescr
            logger.debug("connection attempt: %s", descr)
            try:
                conninfo = make_conninfo("", **attempt)
                gen = cls._connect_gen(conninfo, timeout=timeout)
                rv = waiting.wait_conn(gen, interval=_WAIT_INTERVAL)
            except e.Error as ex:
                logger.debug("connection failed: %s: %s", descr, str(ex))
                conn_errors.append((ex, descr))
            except e._NO_TRACEBACK as ex:
                raise ex.with_traceback(None)
            else:
                logger.debug("connection succeeded: %s", descr)
                break
    
        if not rv:
            last_ex = conn_errors[-1][0]
            if len(conn_errors) == 1:
                raise last_ex.with_traceback(None)
    
            # Create a new exception with the same type as the last one, containing
            # all attempt errors while preserving backward compatibility.
            lines = [str(last_ex)]
            lines.append("Multiple connection attempts failed. All failures were:")
            lines.extend((f"- {descr}: {error}" for error, descr in conn_errors))
>           raise type(last_ex)("\n".join(lines)).with_traceback(None)
E           django.db.utils.OperationalError: connection failed: connection to server at "127.0.0.1", port 5432 failed: FATAL:  la autentificaci\ufffdn password fall\ufffd para el usuario \ufffdpostgres\ufffd
E           Multiple connection attempts failed. All failures were:
E           - host: 'localhost', port: '5432', hostaddr: '::1': connection failed: connection to server at "::1", port 5432 failed: FATAL:  la autentificaci\ufffdn password fall\ufffd para el usuario \ufffdpostgres\ufffd
E           - host: 'localhost', port: '5432', hostaddr: '127.0.0.1': connection failed: connection to server at "127.0.0.1", port 5432 failed: FATAL:  la autentificaci\ufffdn password fall\ufffd para el usuario \ufffdpostgres\ufffd

..\..\..\AppData\Roaming\Python\Python313\site-packages\psycopg\connection.py:127: OperationalError
_ ERROR at setup of ValidationEdgeCaseTests.test_duplicate_numbers_in_request _

self = <DatabaseWrapper vendor='postgresql' alias='__no_db__'>

    @async_unsafe
    def ensure_connection(self):
        """Guarantee that a connection to the database is established."""
        if self.connection is None:
            if self.in_atomic_block and self.closed_in_transaction:
                raise ProgrammingError(
                    "Cannot open a new connection in an atomic block."
                )
            with self.wrap_database_errors:
>               self.connect()

..\..\..\AppData\Roaming\Python\Python313\site-packages\django\db\backends\base\base.py:279: 
_ _ _ _ _ _ _ _ _ _ _ _ _ _ _ _ _ _ _ _ _ _ _ _ _ _ _ _ _ _ _ _ _ _ _ _ _ _ _ _
..\..\..\AppData\Roaming\Python\Python313\site-packages\django\utils\asyncio.py:26: in inner
    return func(*args, **kwargs)
..\..\..\AppData\Roaming\Python\Python313\site-packages\django\db\backends\base\base.py:256: in connect
    self.connection = self.get_new_connection(conn_params)
..\..\..\AppData\Roaming\Python\Python313\site-packages\django\utils\asyncio.py:26: in inner
    return func(*args, **kwargs)
..\..\..\AppData\Roaming\Python\Python313\site-packages\django\db\backends\postgresql\base.py:332: in get_new_connection
    connection = self.Database.connect(**conn_params)
_ _ _ _ _ _ _ _ _ _ _ _ _ _ _ _ _ _ _ _ _ _ _ _ _ _ _ _ _ _ _ _ _ _ _ _ _ _ _ _

cls = <class 'psycopg.Connection'>
conninfo = 'dbname=postgres client_encoding=UTF8 user=postgres password=postgres host=localhost port=5432 hostaddr=127.0.0.1'
autocommit = False, prepare_threshold = None
context = <psycopg.adapt.AdaptersMap object at 0x000001CEB3E42350>
row_factory = None
cursor_factory = <class 'django.db.backends.postgresql.base.Cursor'>
kwargs = {'client_encoding': 'UTF8', 'dbname': 'postgres', 'host': 'localhost', 'password': 'postgres', ...}
params = {'client_encoding': 'UTF8', 'dbname': 'postgres', 'host': 'localhost', 'password': 'postgres', ...}
timeout = 130

    @classmethod
    def connect(
        cls,
        conninfo: str = "",
        *,
        autocommit: bool = False,
        prepare_threshold: int | None = 5,
        context: AdaptContext | None = None,
        row_factory: RowFactory[Row] | None = None,
        cursor_factory: type[Cursor[Row]] | None = None,
        **kwargs: ConnParam,
    ) -> Self:
        """
        Connect to a database server and return a new `Connection` instance.
        """
    
        params = cls._get_connection_params(conninfo, **kwargs)
        timeout = timeout_from_conninfo(params)
        rv = None
        attempts = conninfo_attempts(params)
        conn_errors: list[tuple[e.Error, str]] = []
        for attempt in attempts:
            tdescr = (attempt.get("host"), attempt.get("port"), attempt.get("hostaddr"))
            descr = "host: %r, port: %r, hostaddr: %r" % tdescr
            logger.debug("connection attempt: %s", descr)
            try:
                conninfo = make_conninfo("", **attempt)
                gen = cls._connect_gen(conninfo, timeout=timeout)
                rv = waiting.wait_conn(gen, interval=_WAIT_INTERVAL)
            except e.Error as ex:
                logger.debug("connection failed: %s: %s", descr, str(ex))
                conn_errors.append((ex, descr))
            except e._NO_TRACEBACK as ex:
                raise ex.with_traceback(None)
            else:
                logger.debug("connection succeeded: %s", descr)
                break
    
        if not rv:
            last_ex = conn_errors[-1][0]
            if len(conn_errors) == 1:
                raise last_ex.with_traceback(None)
    
            # Create a new exception with the same type as the last one, containing
            # all attempt errors while preserving backward compatibility.
            lines = [str(last_ex)]
            lines.append("Multiple connection attempts failed. All failures were:")
            lines.extend((f"- {descr}: {error}" for error, descr in conn_errors))
>           raise type(last_ex)("\n".join(lines)).with_traceback(None)
E           psycopg.OperationalError: connection failed: connection to server at "127.0.0.1", port 5432 failed: FATAL:  la autentificaci\ufffdn password fall\ufffd para el usuario \ufffdpostgres\ufffd
E           Multiple connection attempts failed. All failures were:
E           - host: 'localhost', port: '5432', hostaddr: '::1': connection failed: connection to server at "::1", port 5432 failed: FATAL:  la autentificaci\ufffdn password fall\ufffd para el usuario \ufffdpostgres\ufffd
E           - host: 'localhost', port: '5432', hostaddr: '127.0.0.1': connection failed: connection to server at "127.0.0.1", port 5432 failed: FATAL:  la autentificaci\ufffdn password fall\ufffd para el usuario \ufffdpostgres\ufffd

..\..\..\AppData\Roaming\Python\Python313\site-packages\psycopg\connection.py:127: OperationalError

The above exception was the direct cause of the following exception:

self = <DatabaseWrapper vendor='postgresql' alias='default'>

    @contextmanager
    def _nodb_cursor(self):
        cursor = None
        try:
>           with super()._nodb_cursor() as cursor:

..\..\..\AppData\Roaming\Python\Python313\site-packages\django\db\backends\postgresql\base.py:507: 
_ _ _ _ _ _ _ _ _ _ _ _ _ _ _ _ _ _ _ _ _ _ _ _ _ _ _ _ _ _ _ _ _ _ _ _ _ _ _ _
C:\Python313\Lib\contextlib.py:141: in __enter__
    return next(self.gen)
..\..\..\AppData\Roaming\Python\Python313\site-packages\django\db\backends\base\base.py:712: in _nodb_cursor
    with conn.cursor() as cursor:
..\..\..\AppData\Roaming\Python\Python313\site-packages\django\utils\asyncio.py:26: in inner
    return func(*args, **kwargs)
..\..\..\AppData\Roaming\Python\Python313\site-packages\django\db\backends\base\base.py:320: in cursor
    return self._cursor()
..\..\..\AppData\Roaming\Python\Python313\site-packages\django\db\backends\base\base.py:296: in _cursor
    self.ensure_connection()
..\..\..\AppData\Roaming\Python\Python313\site-packages\django\utils\asyncio.py:26: in inner
    return func(*args, **kwargs)
..\..\..\AppData\Roaming\Python\Python313\site-packages\django\db\backends\base\base.py:278: in ensure_connection
    with self.wrap_database_errors:
..\..\..\AppData\Roaming\Python\Python313\site-packages\django\db\utils.py:91: in __exit__
    raise dj_exc_value.with_traceback(traceback) from exc_value
..\..\..\AppData\Roaming\Python\Python313\site-packages\django\db\backends\base\base.py:279: in ensure_connection
    self.connect()
..\..\..\AppData\Roaming\Python\Python313\site-packages\django\utils\asyncio.py:26: in inner
    return func(*args, **kwargs)
..\..\..\AppData\Roaming\Python\Python313\site-packages\django\db\backends\base\base.py:256: in connect
    self.connection = self.get_new_connection(conn_params)
..\..\..\AppData\Roaming\Python\Python313\site-packages\django\utils\asyncio.py:26: in inner
    return func(*args, **kwargs)
..\..\..\AppData\Roaming\Python\Python313\site-packages\django\db\backends\postgresql\base.py:332: in get_new_connection
    connection = self.Database.connect(**conn_params)
_ _ _ _ _ _ _ _ _ _ _ _ _ _ _ _ _ _ _ _ _ _ _ _ _ _ _ _ _ _ _ _ _ _ _ _ _ _ _ _

cls = <class 'psycopg.Connection'>
conninfo = 'dbname=postgres client_encoding=UTF8 user=postgres password=postgres host=localhost port=5432 hostaddr=127.0.0.1'
autocommit = False, prepare_threshold = None
context = <psycopg.adapt.AdaptersMap object at 0x000001CEB3E42350>
row_factory = None
cursor_factory = <class 'django.db.backends.postgresql.base.Cursor'>
kwargs = {'client_encoding': 'UTF8', 'dbname': 'postgres', 'host': 'localhost', 'password': 'postgres', ...}
params = {'client_encoding': 'UTF8', 'dbname': 'postgres', 'host': 'localhost', 'password': 'postgres', ...}
timeout = 130

    @classmethod
    def connect(
        cls,
        conninfo: str = "",
        *,
        autocommit: bool = False,
        prepare_threshold: int | None = 5,
        context: AdaptContext | None = None,
        row_factory: RowFactory[Row] | None = None,
        cursor_factory: type[Cursor[Row]] | None = None,
        **kwargs: ConnParam,
    ) -> Self:
        """
        Connect to a database server and return a new `Connection` instance.
        """
    
        params = cls._get_connection_params(conninfo, **kwargs)
        timeout = timeout_from_conninfo(params)
        rv = None
        attempts = conninfo_attempts(params)
        conn_errors: list[tuple[e.Error, str]] = []
        for attempt in attempts:
            tdescr = (attempt.get("host"), attempt.get("port"), attempt.get("hostaddr"))
            descr = "host: %r, port: %r, hostaddr: %r" % tdescr
            logger.debug("connection attempt: %s", descr)
            try:
                conninfo = make_conninfo("", **attempt)
                gen = cls._connect_gen(conninfo, timeout=timeout)
                rv = waiting.wait_conn(gen, interval=_WAIT_INTERVAL)
            except e.Error as ex:
                logger.debug("connection failed: %s: %s", descr, str(ex))
                conn_errors.append((ex, descr))
            except e._NO_TRACEBACK as ex:
                raise ex.with_traceback(None)
            else:
                logger.debug("connection succeeded: %s", descr)
                break
    
        if not rv:
            last_ex = conn_errors[-1][0]
            if len(conn_errors) == 1:
                raise last_ex.with_traceback(None)
    
            # Create a new exception with the same type as the last one, containing
            # all attempt errors while preserving backward compatibility.
            lines = [str(last_ex)]
            lines.append("Multiple connection attempts failed. All failures were:")
            lines.extend((f"- {descr}: {error}" for error, descr in conn_errors))
>           raise type(last_ex)("\n".join(lines)).with_traceback(None)
E           django.db.utils.OperationalError: connection failed: connection to server at "127.0.0.1", port 5432 failed: FATAL:  la autentificaci\ufffdn password fall\ufffd para el usuario \ufffdpostgres\ufffd
E           Multiple connection attempts failed. All failures were:
E           - host: 'localhost', port: '5432', hostaddr: '::1': connection failed: connection to server at "::1", port 5432 failed: FATAL:  la autentificaci\ufffdn password fall\ufffd para el usuario \ufffdpostgres\ufffd
E           - host: 'localhost', port: '5432', hostaddr: '127.0.0.1': connection failed: connection to server at "127.0.0.1", port 5432 failed: FATAL:  la autentificaci\ufffdn password fall\ufffd para el usuario \ufffdpostgres\ufffd

..\..\..\AppData\Roaming\Python\Python313\site-packages\psycopg\connection.py:127: OperationalError

During handling of the above exception, another exception occurred:

self = <DatabaseWrapper vendor='postgresql' alias='default'>

    @async_unsafe
    def ensure_connection(self):
        """Guarantee that a connection to the database is established."""
        if self.connection is None:
            if self.in_atomic_block and self.closed_in_transaction:
                raise ProgrammingError(
                    "Cannot open a new connection in an atomic block."
                )
            with self.wrap_database_errors:
>               self.connect()

..\..\..\AppData\Roaming\Python\Python313\site-packages\django\db\backends\base\base.py:279: 
_ _ _ _ _ _ _ _ _ _ _ _ _ _ _ _ _ _ _ _ _ _ _ _ _ _ _ _ _ _ _ _ _ _ _ _ _ _ _ _
..\..\..\AppData\Roaming\Python\Python313\site-packages\django\utils\asyncio.py:26: in inner
    return func(*args, **kwargs)
..\..\..\AppData\Roaming\Python\Python313\site-packages\django\db\backends\base\base.py:256: in connect
    self.connection = self.get_new_connection(conn_params)
..\..\..\AppData\Roaming\Python\Python313\site-packages\django\utils\asyncio.py:26: in inner
    return func(*args, **kwargs)
..\..\..\AppData\Roaming\Python\Python313\site-packages\django\db\backends\postgresql\base.py:332: in get_new_connection
    connection = self.Database.connect(**conn_params)
_ _ _ _ _ _ _ _ _ _ _ _ _ _ _ _ _ _ _ _ _ _ _ _ _ _ _ _ _ _ _ _ _ _ _ _ _ _ _ _

cls = <class 'psycopg.Connection'>
conninfo = 'dbname=ruffles_db client_encoding=UTF8 user=postgres password=postgres host=localhost port=5432 hostaddr=127.0.0.1'
autocommit = False, prepare_threshold = None
context = <psycopg.adapt.AdaptersMap object at 0x000001CEB3E42350>
row_factory = None
cursor_factory = <class 'django.db.backends.postgresql.base.Cursor'>
kwargs = {'client_encoding': 'UTF8', 'dbname': 'ruffles_db', 'host': 'localhost', 'password': 'postgres', ...}
params = {'client_encoding': 'UTF8', 'dbname': 'ruffles_db', 'host': 'localhost', 'password': 'postgres', ...}
timeout = 130

    @classmethod
    def connect(
        cls,
        conninfo: str = "",
        *,
        autocommit: bool = False,
        prepare_threshold: int | None = 5,
        context: AdaptContext | None = None,
        row_factory: RowFactory[Row] | None = None,
        cursor_factory: type[Cursor[Row]] | None = None,
        **kwargs: ConnParam,
    ) -> Self:
        """
        Connect to a database server and return a new `Connection` instance.
        """
    
        params = cls._get_connection_params(conninfo, **kwargs)
        timeout = timeout_from_conninfo(params)
        rv = None
        attempts = conninfo_attempts(params)
        conn_errors: list[tuple[e.Error, str]] = []
        for attempt in attempts:
            tdescr = (attempt.get("host"), attempt.get("port"), attempt.get("hostaddr"))
            descr = "host: %r, port: %r, hostaddr: %r" % tdescr
            logger.debug("connection attempt: %s", descr)
            try:
                conninfo = make_conninfo("", **attempt)
                gen = cls._connect_gen(conninfo, timeout=timeout)
                rv = waiting.wait_conn(gen, interval=_WAIT_INTERVAL)
            except e.Error as ex:
                logger.debug("connection failed: %s: %s", descr, str(ex))
                conn_errors.append((ex, descr))
            except e._NO_TRACEBACK as ex:
                raise ex.with_traceback(None)
            else:
                logger.debug("connection succeeded: %s", descr)
                break
    
        if not rv:
            last_ex = conn_errors[-1][0]
            if len(conn_errors) == 1:
                raise last_ex.with_traceback(None)
    
            # Create a new exception with the same type as the last one, containing
            # all attempt errors while preserving backward compatibility.
            lines = [str(last_ex)]
            lines.append("Multiple connection attempts failed. All failures were:")
            lines.extend((f"- {descr}: {error}" for error, descr in conn_errors))
>           raise type(last_ex)("\n".join(lines)).with_traceback(None)
E           psycopg.OperationalError: connection failed: connection to server at "127.0.0.1", port 5432 failed: FATAL:  la autentificaci\ufffdn password fall\ufffd para el usuario \ufffdpostgres\ufffd
E           Multiple connection attempts failed. All failures were:
E           - host: 'localhost', port: '5432', hostaddr: '::1': connection failed: connection to server at "::1", port 5432 failed: FATAL:  la autentificaci\ufffdn password fall\ufffd para el usuario \ufffdpostgres\ufffd
E           - host: 'localhost', port: '5432', hostaddr: '127.0.0.1': connection failed: connection to server at "127.0.0.1", port 5432 failed: FATAL:  la autentificaci\ufffdn password fall\ufffd para el usuario \ufffdpostgres\ufffd

..\..\..\AppData\Roaming\Python\Python313\site-packages\psycopg\connection.py:127: OperationalError

The above exception was the direct cause of the following exception:

request = <SubRequest '_django_setup_unittest' for <TestCaseFunction test_duplicate_numbers_in_request>>
django_db_blocker = <pytest_django.plugin.DjangoDbBlocker object at 0x000001CEB17F0050>

    @pytest.fixture(autouse=True, scope="class")
    def _django_setup_unittest(
        request: pytest.FixtureRequest,
        django_db_blocker: DjangoDbBlocker,
    ) -> Generator[None, None, None]:
        """Setup a django unittest, internal to pytest-django."""
        if not django_settings_is_configured() or not is_django_unittest(request):
            yield
            return
    
        # Fix/patch pytest.
        # Before pytest 5.4: https://github.com/pytest-dev/pytest/issues/5991
        # After pytest 5.4: https://github.com/pytest-dev/pytest-django/issues/824
        from _pytest.unittest import TestCaseFunction
    
        original_runtest = TestCaseFunction.runtest
    
        def non_debugging_runtest(self) -> None:
            self._testcase(result=self)
    
        try:
            TestCaseFunction.runtest = non_debugging_runtest  # type: ignore[method-assign]
    
>           request.getfixturevalue("django_db_setup")

..\..\..\AppData\Roaming\Python\Python313\site-packages\pytest_django\plugin.py:553: 
_ _ _ _ _ _ _ _ _ _ _ _ _ _ _ _ _ _ _ _ _ _ _ _ _ _ _ _ _ _ _ _ _ _ _ _ _ _ _ _
..\..\..\AppData\Roaming\Python\Python313\site-packages\pytest_django\fixtures.py:140: in django_db_setup
    db_cfg = setup_databases(
..\..\..\AppData\Roaming\Python\Python313\site-packages\django\test\utils.py:204: in setup_databases
    connection.creation.create_test_db(
..\..\..\AppData\Roaming\Python\Python313\site-packages\django\db\backends\base\creation.py:62: in create_test_db
    self._create_test_db(verbosity, autoclobber, keepdb)
..\..\..\AppData\Roaming\Python\Python313\site-packages\django\db\backends\base\creation.py:202: in _create_test_db
    with self._nodb_cursor() as cursor:
C:\Python313\Lib\contextlib.py:141: in __enter__
    return next(self.gen)
..\..\..\AppData\Roaming\Python\Python313\site-packages\django\db\backends\postgresql\base.py:533: in _nodb_cursor
    with conn.cursor() as cursor:
..\..\..\AppData\Roaming\Python\Python313\site-packages\django\utils\asyncio.py:26: in inner
    return func(*args, **kwargs)
..\..\..\AppData\Roaming\Python\Python313\site-packages\django\db\backends\base\base.py:320: in cursor
    return self._cursor()
..\..\..\AppData\Roaming\Python\Python313\site-packages\django\db\backends\base\base.py:296: in _cursor
    self.ensure_connection()
..\..\..\AppData\Roaming\Python\Python313\site-packages\django\utils\asyncio.py:26: in inner
    return func(*args, **kwargs)
..\..\..\AppData\Roaming\Python\Python313\site-packages\django\db\backends\base\base.py:278: in ensure_connection
    with self.wrap_database_errors:
..\..\..\AppData\Roaming\Python\Python313\site-packages\django\db\utils.py:91: in __exit__
    raise dj_exc_value.with_traceback(traceback) from exc_value
..\..\..\AppData\Roaming\Python\Python313\site-packages\django\db\backends\base\base.py:279: in ensure_connection
    self.connect()
..\..\..\AppData\Roaming\Python\Python313\site-packages\django\utils\asyncio.py:26: in inner
    return func(*args, **kwargs)
..\..\..\AppData\Roaming\Python\Python313\site-packages\django\db\backends\base\base.py:256: in connect
    self.connection = self.get_new_connection(conn_params)
..\..\..\AppData\Roaming\Python\Python313\site-packages\django\utils\asyncio.py:26: in inner
    return func(*args, **kwargs)
..\..\..\AppData\Roaming\Python\Python313\site-packages\django\db\backends\postgresql\base.py:332: in get_new_connection
    connection = self.Database.connect(**conn_params)
_ _ _ _ _ _ _ _ _ _ _ _ _ _ _ _ _ _ _ _ _ _ _ _ _ _ _ _ _ _ _ _ _ _ _ _ _ _ _ _

cls = <class 'psycopg.Connection'>
conninfo = 'dbname=ruffles_db client_encoding=UTF8 user=postgres password=postgres host=localhost port=5432 hostaddr=127.0.0.1'
autocommit = False, prepare_threshold = None
context = <psycopg.adapt.AdaptersMap object at 0x000001CEB3E42350>
row_factory = None
cursor_factory = <class 'django.db.backends.postgresql.base.Cursor'>
kwargs = {'client_encoding': 'UTF8', 'dbname': 'ruffles_db', 'host': 'localhost', 'password': 'postgres', ...}
params = {'client_encoding': 'UTF8', 'dbname': 'ruffles_db', 'host': 'localhost', 'password': 'postgres', ...}
timeout = 130

    @classmethod
    def connect(
        cls,
        conninfo: str = "",
        *,
        autocommit: bool = False,
        prepare_threshold: int | None = 5,
        context: AdaptContext | None = None,
        row_factory: RowFactory[Row] | None = None,
        cursor_factory: type[Cursor[Row]] | None = None,
        **kwargs: ConnParam,
    ) -> Self:
        """
        Connect to a database server and return a new `Connection` instance.
        """
    
        params = cls._get_connection_params(conninfo, **kwargs)
        timeout = timeout_from_conninfo(params)
        rv = None
        attempts = conninfo_attempts(params)
        conn_errors: list[tuple[e.Error, str]] = []
        for attempt in attempts:
            tdescr = (attempt.get("host"), attempt.get("port"), attempt.get("hostaddr"))
            descr = "host: %r, port: %r, hostaddr: %r" % tdescr
            logger.debug("connection attempt: %s", descr)
            try:
                conninfo = make_conninfo("", **attempt)
                gen = cls._connect_gen(conninfo, timeout=timeout)
                rv = waiting.wait_conn(gen, interval=_WAIT_INTERVAL)
            except e.Error as ex:
                logger.debug("connection failed: %s: %s", descr, str(ex))
                conn_errors.append((ex, descr))
            except e._NO_TRACEBACK as ex:
                raise ex.with_traceback(None)
            else:
                logger.debug("connection succeeded: %s", descr)
                break
    
        if not rv:
            last_ex = conn_errors[-1][0]
            if len(conn_errors) == 1:
                raise last_ex.with_traceback(None)
    
            # Create a new exception with the same type as the last one, containing
            # all attempt errors while preserving backward compatibility.
            lines = [str(last_ex)]
            lines.append("Multiple connection attempts failed. All failures were:")
            lines.extend((f"- {descr}: {error}" for error, descr in conn_errors))
>           raise type(last_ex)("\n".join(lines)).with_traceback(None)
E           django.db.utils.OperationalError: connection failed: connection to server at "127.0.0.1", port 5432 failed: FATAL:  la autentificaci\ufffdn password fall\ufffd para el usuario \ufffdpostgres\ufffd
E           Multiple connection attempts failed. All failures were:
E           - host: 'localhost', port: '5432', hostaddr: '::1': connection failed: connection to server at "::1", port 5432 failed: FATAL:  la autentificaci\ufffdn password fall\ufffd para el usuario \ufffdpostgres\ufffd
E           - host: 'localhost', port: '5432', hostaddr: '127.0.0.1': connection failed: connection to server at "127.0.0.1", port 5432 failed: FATAL:  la autentificaci\ufffdn password fall\ufffd para el usuario \ufffdpostgres\ufffd

..\..\..\AppData\Roaming\Python\Python313\site-packages\psycopg\connection.py:127: OperationalError
______ ERROR at setup of TestRaffleAPI.test_gallery_shows_active_raffles ______

self = <DatabaseWrapper vendor='postgresql' alias='__no_db__'>

    @async_unsafe
    def ensure_connection(self):
        """Guarantee that a connection to the database is established."""
        if self.connection is None:
            if self.in_atomic_block and self.closed_in_transaction:
                raise ProgrammingError(
                    "Cannot open a new connection in an atomic block."
                )
            with self.wrap_database_errors:
>               self.connect()

..\..\..\AppData\Roaming\Python\Python313\site-packages\django\db\backends\base\base.py:279: 
_ _ _ _ _ _ _ _ _ _ _ _ _ _ _ _ _ _ _ _ _ _ _ _ _ _ _ _ _ _ _ _ _ _ _ _ _ _ _ _
..\..\..\AppData\Roaming\Python\Python313\site-packages\django\utils\asyncio.py:26: in inner
    return func(*args, **kwargs)
..\..\..\AppData\Roaming\Python\Python313\site-packages\django\db\backends\base\base.py:256: in connect
    self.connection = self.get_new_connection(conn_params)
..\..\..\AppData\Roaming\Python\Python313\site-packages\django\utils\asyncio.py:26: in inner
    return func(*args, **kwargs)
..\..\..\AppData\Roaming\Python\Python313\site-packages\django\db\backends\postgresql\base.py:332: in get_new_connection
    connection = self.Database.connect(**conn_params)
_ _ _ _ _ _ _ _ _ _ _ _ _ _ _ _ _ _ _ _ _ _ _ _ _ _ _ _ _ _ _ _ _ _ _ _ _ _ _ _

cls = <class 'psycopg.Connection'>
conninfo = 'dbname=postgres client_encoding=UTF8 user=postgres password=postgres host=localhost port=5432 hostaddr=127.0.0.1'
autocommit = False, prepare_threshold = None
context = <psycopg.adapt.AdaptersMap object at 0x000001CEB3E42350>
row_factory = None
cursor_factory = <class 'django.db.backends.postgresql.base.Cursor'>
kwargs = {'client_encoding': 'UTF8', 'dbname': 'postgres', 'host': 'localhost', 'password': 'postgres', ...}
params = {'client_encoding': 'UTF8', 'dbname': 'postgres', 'host': 'localhost', 'password': 'postgres', ...}
timeout = 130

    @classmethod
    def connect(
        cls,
        conninfo: str = "",
        *,
        autocommit: bool = False,
        prepare_threshold: int | None = 5,
        context: AdaptContext | None = None,
        row_factory: RowFactory[Row] | None = None,
        cursor_factory: type[Cursor[Row]] | None = None,
        **kwargs: ConnParam,
    ) -> Self:
        """
        Connect to a database server and return a new `Connection` instance.
        """
    
        params = cls._get_connection_params(conninfo, **kwargs)
        timeout = timeout_from_conninfo(params)
        rv = None
        attempts = conninfo_attempts(params)
        conn_errors: list[tuple[e.Error, str]] = []
        for attempt in attempts:
            tdescr = (attempt.get("host"), attempt.get("port"), attempt.get("hostaddr"))
            descr = "host: %r, port: %r, hostaddr: %r" % tdescr
            logger.debug("connection attempt: %s", descr)
            try:
                conninfo = make_conninfo("", **attempt)
                gen = cls._connect_gen(conninfo, timeout=timeout)
                rv = waiting.wait_conn(gen, interval=_WAIT_INTERVAL)
            except e.Error as ex:
                logger.debug("connection failed: %s: %s", descr, str(ex))
                conn_errors.append((ex, descr))
            except e._NO_TRACEBACK as ex:
                raise ex.with_traceback(None)
            else:
                logger.debug("connection succeeded: %s", descr)
                break
    
        if not rv:
            last_ex = conn_errors[-1][0]
            if len(conn_errors) == 1:
                raise last_ex.with_traceback(None)
    
            # Create a new exception with the same type as the last one, containing
            # all attempt errors while preserving backward compatibility.
            lines = [str(last_ex)]
            lines.append("Multiple connection attempts failed. All failures were:")
            lines.extend((f"- {descr}: {error}" for error, descr in conn_errors))
>           raise type(last_ex)("\n".join(lines)).with_traceback(None)
E           psycopg.OperationalError: connection failed: connection to server at "127.0.0.1", port 5432 failed: FATAL:  la autentificaci\ufffdn password fall\ufffd para el usuario \ufffdpostgres\ufffd
E           Multiple connection attempts failed. All failures were:
E           - host: 'localhost', port: '5432', hostaddr: '::1': connection failed: connection to server at "::1", port 5432 failed: FATAL:  la autentificaci\ufffdn password fall\ufffd para el usuario \ufffdpostgres\ufffd
E           - host: 'localhost', port: '5432', hostaddr: '127.0.0.1': connection failed: connection to server at "127.0.0.1", port 5432 failed: FATAL:  la autentificaci\ufffdn password fall\ufffd para el usuario \ufffdpostgres\ufffd

..\..\..\AppData\Roaming\Python\Python313\site-packages\psycopg\connection.py:127: OperationalError

The above exception was the direct cause of the following exception:

self = <DatabaseWrapper vendor='postgresql' alias='default'>

    @contextmanager
    def _nodb_cursor(self):
        cursor = None
        try:
>           with super()._nodb_cursor() as cursor:

..\..\..\AppData\Roaming\Python\Python313\site-packages\django\db\backends\postgresql\base.py:507: 
_ _ _ _ _ _ _ _ _ _ _ _ _ _ _ _ _ _ _ _ _ _ _ _ _ _ _ _ _ _ _ _ _ _ _ _ _ _ _ _
C:\Python313\Lib\contextlib.py:141: in __enter__
    return next(self.gen)
..\..\..\AppData\Roaming\Python\Python313\site-packages\django\db\backends\base\base.py:712: in _nodb_cursor
    with conn.cursor() as cursor:
..\..\..\AppData\Roaming\Python\Python313\site-packages\django\utils\asyncio.py:26: in inner
    return func(*args, **kwargs)
..\..\..\AppData\Roaming\Python\Python313\site-packages\django\db\backends\base\base.py:320: in cursor
    return self._cursor()
..\..\..\AppData\Roaming\Python\Python313\site-packages\django\db\backends\base\base.py:296: in _cursor
    self.ensure_connection()
..\..\..\AppData\Roaming\Python\Python313\site-packages\django\utils\asyncio.py:26: in inner
    return func(*args, **kwargs)
..\..\..\AppData\Roaming\Python\Python313\site-packages\django\db\backends\base\base.py:278: in ensure_connection
    with self.wrap_database_errors:
..\..\..\AppData\Roaming\Python\Python313\site-packages\django\db\utils.py:91: in __exit__
    raise dj_exc_value.with_traceback(traceback) from exc_value
..\..\..\AppData\Roaming\Python\Python313\site-packages\django\db\backends\base\base.py:279: in ensure_connection
    self.connect()
..\..\..\AppData\Roaming\Python\Python313\site-packages\django\utils\asyncio.py:26: in inner
    return func(*args, **kwargs)
..\..\..\AppData\Roaming\Python\Python313\site-packages\django\db\backends\base\base.py:256: in connect
    self.connection = self.get_new_connection(conn_params)
..\..\..\AppData\Roaming\Python\Python313\site-packages\django\utils\asyncio.py:26: in inner
    return func(*args, **kwargs)
..\..\..\AppData\Roaming\Python\Python313\site-packages\django\db\backends\postgresql\base.py:332: in get_new_connection
    connection = self.Database.connect(**conn_params)
_ _ _ _ _ _ _ _ _ _ _ _ _ _ _ _ _ _ _ _ _ _ _ _ _ _ _ _ _ _ _ _ _ _ _ _ _ _ _ _

cls = <class 'psycopg.Connection'>
conninfo = 'dbname=postgres client_encoding=UTF8 user=postgres password=postgres host=localhost port=5432 hostaddr=127.0.0.1'
autocommit = False, prepare_threshold = None
context = <psycopg.adapt.AdaptersMap object at 0x000001CEB3E42350>
row_factory = None
cursor_factory = <class 'django.db.backends.postgresql.base.Cursor'>
kwargs = {'client_encoding': 'UTF8', 'dbname': 'postgres', 'host': 'localhost', 'password': 'postgres', ...}
params = {'client_encoding': 'UTF8', 'dbname': 'postgres', 'host': 'localhost', 'password': 'postgres', ...}
timeout = 130

    @classmethod
    def connect(
        cls,
        conninfo: str = "",
        *,
        autocommit: bool = False,
        prepare_threshold: int | None = 5,
        context: AdaptContext | None = None,
        row_factory: RowFactory[Row] | None = None,
        cursor_factory: type[Cursor[Row]] | None = None,
        **kwargs: ConnParam,
    ) -> Self:
        """
        Connect to a database server and return a new `Connection` instance.
        """
    
        params = cls._get_connection_params(conninfo, **kwargs)
        timeout = timeout_from_conninfo(params)
        rv = None
        attempts = conninfo_attempts(params)
        conn_errors: list[tuple[e.Error, str]] = []
        for attempt in attempts:
            tdescr = (attempt.get("host"), attempt.get("port"), attempt.get("hostaddr"))
            descr = "host: %r, port: %r, hostaddr: %r" % tdescr
            logger.debug("connection attempt: %s", descr)
            try:
                conninfo = make_conninfo("", **attempt)
                gen = cls._connect_gen(conninfo, timeout=timeout)
                rv = waiting.wait_conn(gen, interval=_WAIT_INTERVAL)
            except e.Error as ex:
                logger.debug("connection failed: %s: %s", descr, str(ex))
                conn_errors.append((ex, descr))
            except e._NO_TRACEBACK as ex:
                raise ex.with_traceback(None)
            else:
                logger.debug("connection succeeded: %s", descr)
                break
    
        if not rv:
            last_ex = conn_errors[-1][0]
            if len(conn_errors) == 1:
                raise last_ex.with_traceback(None)
    
            # Create a new exception with the same type as the last one, containing
            # all attempt errors while preserving backward compatibility.
            lines = [str(last_ex)]
            lines.append("Multiple connection attempts failed. All failures were:")
            lines.extend((f"- {descr}: {error}" for error, descr in conn_errors))
>           raise type(last_ex)("\n".join(lines)).with_traceback(None)
E           django.db.utils.OperationalError: connection failed: connection to server at "127.0.0.1", port 5432 failed: FATAL:  la autentificaci\ufffdn password fall\ufffd para el usuario \ufffdpostgres\ufffd
E           Multiple connection attempts failed. All failures were:
E           - host: 'localhost', port: '5432', hostaddr: '::1': connection failed: connection to server at "::1", port 5432 failed: FATAL:  la autentificaci\ufffdn password fall\ufffd para el usuario \ufffdpostgres\ufffd
E           - host: 'localhost', port: '5432', hostaddr: '127.0.0.1': connection failed: connection to server at "127.0.0.1", port 5432 failed: FATAL:  la autentificaci\ufffdn password fall\ufffd para el usuario \ufffdpostgres\ufffd

..\..\..\AppData\Roaming\Python\Python313\site-packages\psycopg\connection.py:127: OperationalError

During handling of the above exception, another exception occurred:

self = <DatabaseWrapper vendor='postgresql' alias='default'>

    @async_unsafe
    def ensure_connection(self):
        """Guarantee that a connection to the database is established."""
        if self.connection is None:
            if self.in_atomic_block and self.closed_in_transaction:
                raise ProgrammingError(
                    "Cannot open a new connection in an atomic block."
                )
            with self.wrap_database_errors:
>               self.connect()

..\..\..\AppData\Roaming\Python\Python313\site-packages\django\db\backends\base\base.py:279: 
_ _ _ _ _ _ _ _ _ _ _ _ _ _ _ _ _ _ _ _ _ _ _ _ _ _ _ _ _ _ _ _ _ _ _ _ _ _ _ _
..\..\..\AppData\Roaming\Python\Python313\site-packages\django\utils\asyncio.py:26: in inner
    return func(*args, **kwargs)
..\..\..\AppData\Roaming\Python\Python313\site-packages\django\db\backends\base\base.py:256: in connect
    self.connection = self.get_new_connection(conn_params)
..\..\..\AppData\Roaming\Python\Python313\site-packages\django\utils\asyncio.py:26: in inner
    return func(*args, **kwargs)
..\..\..\AppData\Roaming\Python\Python313\site-packages\django\db\backends\postgresql\base.py:332: in get_new_connection
    connection = self.Database.connect(**conn_params)
_ _ _ _ _ _ _ _ _ _ _ _ _ _ _ _ _ _ _ _ _ _ _ _ _ _ _ _ _ _ _ _ _ _ _ _ _ _ _ _

cls = <class 'psycopg.Connection'>
conninfo = 'dbname=ruffles_db client_encoding=UTF8 user=postgres password=postgres host=localhost port=5432 hostaddr=127.0.0.1'
autocommit = False, prepare_threshold = None
context = <psycopg.adapt.AdaptersMap object at 0x000001CEB3E42350>
row_factory = None
cursor_factory = <class 'django.db.backends.postgresql.base.Cursor'>
kwargs = {'client_encoding': 'UTF8', 'dbname': 'ruffles_db', 'host': 'localhost', 'password': 'postgres', ...}
params = {'client_encoding': 'UTF8', 'dbname': 'ruffles_db', 'host': 'localhost', 'password': 'postgres', ...}
timeout = 130

    @classmethod
    def connect(
        cls,
        conninfo: str = "",
        *,
        autocommit: bool = False,
        prepare_threshold: int | None = 5,
        context: AdaptContext | None = None,
        row_factory: RowFactory[Row] | None = None,
        cursor_factory: type[Cursor[Row]] | None = None,
        **kwargs: ConnParam,
    ) -> Self:
        """
        Connect to a database server and return a new `Connection` instance.
        """
    
        params = cls._get_connection_params(conninfo, **kwargs)
        timeout = timeout_from_conninfo(params)
        rv = None
        attempts = conninfo_attempts(params)
        conn_errors: list[tuple[e.Error, str]] = []
        for attempt in attempts:
            tdescr = (attempt.get("host"), attempt.get("port"), attempt.get("hostaddr"))
            descr = "host: %r, port: %r, hostaddr: %r" % tdescr
            logger.debug("connection attempt: %s", descr)
            try:
                conninfo = make_conninfo("", **attempt)
                gen = cls._connect_gen(conninfo, timeout=timeout)
                rv = waiting.wait_conn(gen, interval=_WAIT_INTERVAL)
            except e.Error as ex:
                logger.debug("connection failed: %s: %s", descr, str(ex))
                conn_errors.append((ex, descr))
            except e._NO_TRACEBACK as ex:
                raise ex.with_traceback(None)
            else:
                logger.debug("connection succeeded: %s", descr)
                break
    
        if not rv:
            last_ex = conn_errors[-1][0]
            if len(conn_errors) == 1:
                raise last_ex.with_traceback(None)
    
            # Create a new exception with the same type as the last one, containing
            # all attempt errors while preserving backward compatibility.
            lines = [str(last_ex)]
            lines.append("Multiple connection attempts failed. All failures were:")
            lines.extend((f"- {descr}: {error}" for error, descr in conn_errors))
>           raise type(last_ex)("\n".join(lines)).with_traceback(None)
E           psycopg.OperationalError: connection failed: connection to server at "127.0.0.1", port 5432 failed: FATAL:  la autentificaci\ufffdn password fall\ufffd para el usuario \ufffdpostgres\ufffd
E           Multiple connection attempts failed. All failures were:
E           - host: 'localhost', port: '5432', hostaddr: '::1': connection failed: connection to server at "::1", port 5432 failed: FATAL:  la autentificaci\ufffdn password fall\ufffd para el usuario \ufffdpostgres\ufffd
E           - host: 'localhost', port: '5432', hostaddr: '127.0.0.1': connection failed: connection to server at "127.0.0.1", port 5432 failed: FATAL:  la autentificaci\ufffdn password fall\ufffd para el usuario \ufffdpostgres\ufffd

..\..\..\AppData\Roaming\Python\Python313\site-packages\psycopg\connection.py:127: OperationalError

The above exception was the direct cause of the following exception:

request = <SubRequest 'django_db_setup' for <Function test_login_success_returns_jwt>>
django_test_environment = None
django_db_blocker = <pytest_django.plugin.DjangoDbBlocker object at 0x000001CEB17F0050>
django_db_use_migrations = True, django_db_keepdb = False
django_db_createdb = False, django_db_modify_db_settings = None

    @pytest.fixture(scope="session")
    def django_db_setup(
        request: pytest.FixtureRequest,
        django_test_environment: None,
        django_db_blocker: DjangoDbBlocker,
        django_db_use_migrations: bool,
        django_db_keepdb: bool,
        django_db_createdb: bool,
        django_db_modify_db_settings: None,
    ) -> Generator[None, None, None]:
        """Top level fixture to ensure test databases are available"""
        from django.test.utils import setup_databases, teardown_databases
    
        setup_databases_args = {}
    
        if not django_db_use_migrations:
            _disable_migrations()
    
        if django_db_keepdb and not django_db_createdb:
            setup_databases_args["keepdb"] = True
    
        with django_db_blocker.unblock():
>           db_cfg = setup_databases(
                verbosity=request.config.option.verbose,
                interactive=False,
                **setup_databases_args,
            )

..\..\..\AppData\Roaming\Python\Python313\site-packages\pytest_django\fixtures.py:140: 
_ _ _ _ _ _ _ _ _ _ _ _ _ _ _ _ _ _ _ _ _ _ _ _ _ _ _ _ _ _ _ _ _ _ _ _ _ _ _ _
..\..\..\AppData\Roaming\Python\Python313\site-packages\django\test\utils.py:204: in setup_databases
    connection.creation.create_test_db(
..\..\..\AppData\Roaming\Python\Python313\site-packages\django\db\backends\base\creation.py:62: in create_test_db
    self._create_test_db(verbosity, autoclobber, keepdb)
..\..\..\AppData\Roaming\Python\Python313\site-packages\django\db\backends\base\creation.py:202: in _create_test_db
    with self._nodb_cursor() as cursor:
C:\Python313\Lib\contextlib.py:141: in __enter__
    return next(self.gen)
..\..\..\AppData\Roaming\Python\Python313\site-packages\django\db\backends\postgresql\base.py:533: in _nodb_cursor
    with conn.cursor() as cursor:
..\..\..\AppData\Roaming\Python\Python313\site-packages\django\utils\asyncio.py:26: in inner
    return func(*args, **kwargs)
..\..\..\AppData\Roaming\Python\Python313\site-packages\django\db\backends\base\base.py:320: in cursor
    return self._cursor()
..\..\..\AppData\Roaming\Python\Python313\site-packages\django\db\backends\base\base.py:296: in _cursor
    self.ensure_connection()
..\..\..\AppData\Roaming\Python\Python313\site-packages\django\utils\asyncio.py:26: in inner
    return func(*args, **kwargs)
..\..\..\AppData\Roaming\Python\Python313\site-packages\django\db\backends\base\base.py:278: in ensure_connection
    with self.wrap_database_errors:
..\..\..\AppData\Roaming\Python\Python313\site-packages\django\db\utils.py:91: in __exit__
    raise dj_exc_value.with_traceback(traceback) from exc_value
..\..\..\AppData\Roaming\Python\Python313\site-packages\django\db\backends\base\base.py:279: in ensure_connection
    self.connect()
..\..\..\AppData\Roaming\Python\Python313\site-packages\django\utils\asyncio.py:26: in inner
    return func(*args, **kwargs)
..\..\..\AppData\Roaming\Python\Python313\site-packages\django\db\backends\base\base.py:256: in connect
    self.connection = self.get_new_connection(conn_params)
..\..\..\AppData\Roaming\Python\Python313\site-packages\django\utils\asyncio.py:26: in inner
    return func(*args, **kwargs)
..\..\..\AppData\Roaming\Python\Python313\site-packages\django\db\backends\postgresql\base.py:332: in get_new_connection
    connection = self.Database.connect(**conn_params)
_ _ _ _ _ _ _ _ _ _ _ _ _ _ _ _ _ _ _ _ _ _ _ _ _ _ _ _ _ _ _ _ _ _ _ _ _ _ _ _

cls = <class 'psycopg.Connection'>
conninfo = 'dbname=ruffles_db client_encoding=UTF8 user=postgres password=postgres host=localhost port=5432 hostaddr=127.0.0.1'
autocommit = False, prepare_threshold = None
context = <psycopg.adapt.AdaptersMap object at 0x000001CEB3E42350>
row_factory = None
cursor_factory = <class 'django.db.backends.postgresql.base.Cursor'>
kwargs = {'client_encoding': 'UTF8', 'dbname': 'ruffles_db', 'host': 'localhost', 'password': 'postgres', ...}
params = {'client_encoding': 'UTF8', 'dbname': 'ruffles_db', 'host': 'localhost', 'password': 'postgres', ...}
timeout = 130

    @classmethod
    def connect(
        cls,
        conninfo: str = "",
        *,
        autocommit: bool = False,
        prepare_threshold: int | None = 5,
        context: AdaptContext | None = None,
        row_factory: RowFactory[Row] | None = None,
        cursor_factory: type[Cursor[Row]] | None = None,
        **kwargs: ConnParam,
    ) -> Self:
        """
        Connect to a database server and return a new `Connection` instance.
        """
    
        params = cls._get_connection_params(conninfo, **kwargs)
        timeout = timeout_from_conninfo(params)
        rv = None
        attempts = conninfo_attempts(params)
        conn_errors: list[tuple[e.Error, str]] = []
        for attempt in attempts:
            tdescr = (attempt.get("host"), attempt.get("port"), attempt.get("hostaddr"))
            descr = "host: %r, port: %r, hostaddr: %r" % tdescr
            logger.debug("connection attempt: %s", descr)
            try:
                conninfo = make_conninfo("", **attempt)
                gen = cls._connect_gen(conninfo, timeout=timeout)
                rv = waiting.wait_conn(gen, interval=_WAIT_INTERVAL)
            except e.Error as ex:
                logger.debug("connection failed: %s: %s", descr, str(ex))
                conn_errors.append((ex, descr))
            except e._NO_TRACEBACK as ex:
                raise ex.with_traceback(None)
            else:
                logger.debug("connection succeeded: %s", descr)
                break
    
        if not rv:
            last_ex = conn_errors[-1][0]
            if len(conn_errors) == 1:
                raise last_ex.with_traceback(None)
    
            # Create a new exception with the same type as the last one, containing
            # all attempt errors while preserving backward compatibility.
            lines = [str(last_ex)]
            lines.append("Multiple connection attempts failed. All failures were:")
            lines.extend((f"- {descr}: {error}" for error, descr in conn_errors))
>           raise type(last_ex)("\n".join(lines)).with_traceback(None)
E           django.db.utils.OperationalError: connection failed: connection to server at "127.0.0.1", port 5432 failed: FATAL:  la autentificaci\ufffdn password fall\ufffd para el usuario \ufffdpostgres\ufffd
E           Multiple connection attempts failed. All failures were:
E           - host: 'localhost', port: '5432', hostaddr: '::1': connection failed: connection to server at "::1", port 5432 failed: FATAL:  la autentificaci\ufffdn password fall\ufffd para el usuario \ufffdpostgres\ufffd
E           - host: 'localhost', port: '5432', hostaddr: '127.0.0.1': connection failed: connection to server at "127.0.0.1", port 5432 failed: FATAL:  la autentificaci\ufffdn password fall\ufffd para el usuario \ufffdpostgres\ufffd

..\..\..\AppData\Roaming\Python\Python313\site-packages\psycopg\connection.py:127: OperationalError
____ ERROR at setup of TestRaffleAPI.test_raffle_card_has_image_name_price ____

self = <DatabaseWrapper vendor='postgresql' alias='__no_db__'>

    @async_unsafe
    def ensure_connection(self):
        """Guarantee that a connection to the database is established."""
        if self.connection is None:
            if self.in_atomic_block and self.closed_in_transaction:
                raise ProgrammingError(
                    "Cannot open a new connection in an atomic block."
                )
            with self.wrap_database_errors:
>               self.connect()

..\..\..\AppData\Roaming\Python\Python313\site-packages\django\db\backends\base\base.py:279: 
_ _ _ _ _ _ _ _ _ _ _ _ _ _ _ _ _ _ _ _ _ _ _ _ _ _ _ _ _ _ _ _ _ _ _ _ _ _ _ _
..\..\..\AppData\Roaming\Python\Python313\site-packages\django\utils\asyncio.py:26: in inner
    return func(*args, **kwargs)
..\..\..\AppData\Roaming\Python\Python313\site-packages\django\db\backends\base\base.py:256: in connect
    self.connection = self.get_new_connection(conn_params)
..\..\..\AppData\Roaming\Python\Python313\site-packages\django\utils\asyncio.py:26: in inner
    return func(*args, **kwargs)
..\..\..\AppData\Roaming\Python\Python313\site-packages\django\db\backends\postgresql\base.py:332: in get_new_connection
    connection = self.Database.connect(**conn_params)
_ _ _ _ _ _ _ _ _ _ _ _ _ _ _ _ _ _ _ _ _ _ _ _ _ _ _ _ _ _ _ _ _ _ _ _ _ _ _ _

cls = <class 'psycopg.Connection'>
conninfo = 'dbname=postgres client_encoding=UTF8 user=postgres password=postgres host=localhost port=5432 hostaddr=127.0.0.1'
autocommit = False, prepare_threshold = None
context = <psycopg.adapt.AdaptersMap object at 0x000001CEB3E42350>
row_factory = None
cursor_factory = <class 'django.db.backends.postgresql.base.Cursor'>
kwargs = {'client_encoding': 'UTF8', 'dbname': 'postgres', 'host': 'localhost', 'password': 'postgres', ...}
params = {'client_encoding': 'UTF8', 'dbname': 'postgres', 'host': 'localhost', 'password': 'postgres', ...}
timeout = 130

    @classmethod
    def connect(
        cls,
        conninfo: str = "",
        *,
        autocommit: bool = False,
        prepare_threshold: int | None = 5,
        context: AdaptContext | None = None,
        row_factory: RowFactory[Row] | None = None,
        cursor_factory: type[Cursor[Row]] | None = None,
        **kwargs: ConnParam,
    ) -> Self:
        """
        Connect to a database server and return a new `Connection` instance.
        """
    
        params = cls._get_connection_params(conninfo, **kwargs)
        timeout = timeout_from_conninfo(params)
        rv = None
        attempts = conninfo_attempts(params)
        conn_errors: list[tuple[e.Error, str]] = []
        for attempt in attempts:
            tdescr = (attempt.get("host"), attempt.get("port"), attempt.get("hostaddr"))
            descr = "host: %r, port: %r, hostaddr: %r" % tdescr
            logger.debug("connection attempt: %s", descr)
            try:
                conninfo = make_conninfo("", **attempt)
                gen = cls._connect_gen(conninfo, timeout=timeout)
                rv = waiting.wait_conn(gen, interval=_WAIT_INTERVAL)
            except e.Error as ex:
                logger.debug("connection failed: %s: %s", descr, str(ex))
                conn_errors.append((ex, descr))
            except e._NO_TRACEBACK as ex:
                raise ex.with_traceback(None)
            else:
                logger.debug("connection succeeded: %s", descr)
                break
    
        if not rv:
            last_ex = conn_errors[-1][0]
            if len(conn_errors) == 1:
                raise last_ex.with_traceback(None)
    
            # Create a new exception with the same type as the last one, containing
            # all attempt errors while preserving backward compatibility.
            lines = [str(last_ex)]
            lines.append("Multiple connection attempts failed. All failures were:")
            lines.extend((f"- {descr}: {error}" for error, descr in conn_errors))
>           raise type(last_ex)("\n".join(lines)).with_traceback(None)
E           psycopg.OperationalError: connection failed: connection to server at "127.0.0.1", port 5432 failed: FATAL:  la autentificaci\ufffdn password fall\ufffd para el usuario \ufffdpostgres\ufffd
E           Multiple connection attempts failed. All failures were:
E           - host: 'localhost', port: '5432', hostaddr: '::1': connection failed: connection to server at "::1", port 5432 failed: FATAL:  la autentificaci\ufffdn password fall\ufffd para el usuario \ufffdpostgres\ufffd
E           - host: 'localhost', port: '5432', hostaddr: '127.0.0.1': connection failed: connection to server at "127.0.0.1", port 5432 failed: FATAL:  la autentificaci\ufffdn password fall\ufffd para el usuario \ufffdpostgres\ufffd

..\..\..\AppData\Roaming\Python\Python313\site-packages\psycopg\connection.py:127: OperationalError

The above exception was the direct cause of the following exception:

self = <DatabaseWrapper vendor='postgresql' alias='default'>

    @contextmanager
    def _nodb_cursor(self):
        cursor = None
        try:
>           with super()._nodb_cursor() as cursor:

..\..\..\AppData\Roaming\Python\Python313\site-packages\django\db\backends\postgresql\base.py:507: 
_ _ _ _ _ _ _ _ _ _ _ _ _ _ _ _ _ _ _ _ _ _ _ _ _ _ _ _ _ _ _ _ _ _ _ _ _ _ _ _
C:\Python313\Lib\contextlib.py:141: in __enter__
    return next(self.gen)
..\..\..\AppData\Roaming\Python\Python313\site-packages\django\db\backends\base\base.py:712: in _nodb_cursor
    with conn.cursor() as cursor:
..\..\..\AppData\Roaming\Python\Python313\site-packages\django\utils\asyncio.py:26: in inner
    return func(*args, **kwargs)
..\..\..\AppData\Roaming\Python\Python313\site-packages\django\db\backends\base\base.py:320: in cursor
    return self._cursor()
..\..\..\AppData\Roaming\Python\Python313\site-packages\django\db\backends\base\base.py:296: in _cursor
    self.ensure_connection()
..\..\..\AppData\Roaming\Python\Python313\site-packages\django\utils\asyncio.py:26: in inner
    return func(*args, **kwargs)
..\..\..\AppData\Roaming\Python\Python313\site-packages\django\db\backends\base\base.py:278: in ensure_connection
    with self.wrap_database_errors:
..\..\..\AppData\Roaming\Python\Python313\site-packages\django\db\utils.py:91: in __exit__
    raise dj_exc_value.with_traceback(traceback) from exc_value
..\..\..\AppData\Roaming\Python\Python313\site-packages\django\db\backends\base\base.py:279: in ensure_connection
    self.connect()
..\..\..\AppData\Roaming\Python\Python313\site-packages\django\utils\asyncio.py:26: in inner
    return func(*args, **kwargs)
..\..\..\AppData\Roaming\Python\Python313\site-packages\django\db\backends\base\base.py:256: in connect
    self.connection = self.get_new_connection(conn_params)
..\..\..\AppData\Roaming\Python\Python313\site-packages\django\utils\asyncio.py:26: in inner
    return func(*args, **kwargs)
..\..\..\AppData\Roaming\Python\Python313\site-packages\django\db\backends\postgresql\base.py:332: in get_new_connection
    connection = self.Database.connect(**conn_params)
_ _ _ _ _ _ _ _ _ _ _ _ _ _ _ _ _ _ _ _ _ _ _ _ _ _ _ _ _ _ _ _ _ _ _ _ _ _ _ _

cls = <class 'psycopg.Connection'>
conninfo = 'dbname=postgres client_encoding=UTF8 user=postgres password=postgres host=localhost port=5432 hostaddr=127.0.0.1'
autocommit = False, prepare_threshold = None
context = <psycopg.adapt.AdaptersMap object at 0x000001CEB3E42350>
row_factory = None
cursor_factory = <class 'django.db.backends.postgresql.base.Cursor'>
kwargs = {'client_encoding': 'UTF8', 'dbname': 'postgres', 'host': 'localhost', 'password': 'postgres', ...}
params = {'client_encoding': 'UTF8', 'dbname': 'postgres', 'host': 'localhost', 'password': 'postgres', ...}
timeout = 130

    @classmethod
    def connect(
        cls,
        conninfo: str = "",
        *,
        autocommit: bool = False,
        prepare_threshold: int | None = 5,
        context: AdaptContext | None = None,
        row_factory: RowFactory[Row] | None = None,
        cursor_factory: type[Cursor[Row]] | None = None,
        **kwargs: ConnParam,
    ) -> Self:
        """
        Connect to a database server and return a new `Connection` instance.
        """
    
        params = cls._get_connection_params(conninfo, **kwargs)
        timeout = timeout_from_conninfo(params)
        rv = None
        attempts = conninfo_attempts(params)
        conn_errors: list[tuple[e.Error, str]] = []
        for attempt in attempts:
            tdescr = (attempt.get("host"), attempt.get("port"), attempt.get("hostaddr"))
            descr = "host: %r, port: %r, hostaddr: %r" % tdescr
            logger.debug("connection attempt: %s", descr)
            try:
                conninfo = make_conninfo("", **attempt)
                gen = cls._connect_gen(conninfo, timeout=timeout)
                rv = waiting.wait_conn(gen, interval=_WAIT_INTERVAL)
            except e.Error as ex:
                logger.debug("connection failed: %s: %s", descr, str(ex))
                conn_errors.append((ex, descr))
            except e._NO_TRACEBACK as ex:
                raise ex.with_traceback(None)
            else:
                logger.debug("connection succeeded: %s", descr)
                break
    
        if not rv:
            last_ex = conn_errors[-1][0]
            if len(conn_errors) == 1:
                raise last_ex.with_traceback(None)
    
            # Create a new exception with the same type as the last one, containing
            # all attempt errors while preserving backward compatibility.
            lines = [str(last_ex)]
            lines.append("Multiple connection attempts failed. All failures were:")
            lines.extend((f"- {descr}: {error}" for error, descr in conn_errors))
>           raise type(last_ex)("\n".join(lines)).with_traceback(None)
E           django.db.utils.OperationalError: connection failed: connection to server at "127.0.0.1", port 5432 failed: FATAL:  la autentificaci\ufffdn password fall\ufffd para el usuario \ufffdpostgres\ufffd
E           Multiple connection attempts failed. All failures were:
E           - host: 'localhost', port: '5432', hostaddr: '::1': connection failed: connection to server at "::1", port 5432 failed: FATAL:  la autentificaci\ufffdn password fall\ufffd para el usuario \ufffdpostgres\ufffd
E           - host: 'localhost', port: '5432', hostaddr: '127.0.0.1': connection failed: connection to server at "127.0.0.1", port 5432 failed: FATAL:  la autentificaci\ufffdn password fall\ufffd para el usuario \ufffdpostgres\ufffd

..\..\..\AppData\Roaming\Python\Python313\site-packages\psycopg\connection.py:127: OperationalError

During handling of the above exception, another exception occurred:

self = <DatabaseWrapper vendor='postgresql' alias='default'>

    @async_unsafe
    def ensure_connection(self):
        """Guarantee that a connection to the database is established."""
        if self.connection is None:
            if self.in_atomic_block and self.closed_in_transaction:
                raise ProgrammingError(
                    "Cannot open a new connection in an atomic block."
                )
            with self.wrap_database_errors:
>               self.connect()

..\..\..\AppData\Roaming\Python\Python313\site-packages\django\db\backends\base\base.py:279: 
_ _ _ _ _ _ _ _ _ _ _ _ _ _ _ _ _ _ _ _ _ _ _ _ _ _ _ _ _ _ _ _ _ _ _ _ _ _ _ _
..\..\..\AppData\Roaming\Python\Python313\site-packages\django\utils\asyncio.py:26: in inner
    return func(*args, **kwargs)
..\..\..\AppData\Roaming\Python\Python313\site-packages\django\db\backends\base\base.py:256: in connect
    self.connection = self.get_new_connection(conn_params)
..\..\..\AppData\Roaming\Python\Python313\site-packages\django\utils\asyncio.py:26: in inner
    return func(*args, **kwargs)
..\..\..\AppData\Roaming\Python\Python313\site-packages\django\db\backends\postgresql\base.py:332: in get_new_connection
    connection = self.Database.connect(**conn_params)
_ _ _ _ _ _ _ _ _ _ _ _ _ _ _ _ _ _ _ _ _ _ _ _ _ _ _ _ _ _ _ _ _ _ _ _ _ _ _ _

cls = <class 'psycopg.Connection'>
conninfo = 'dbname=ruffles_db client_encoding=UTF8 user=postgres password=postgres host=localhost port=5432 hostaddr=127.0.0.1'
autocommit = False, prepare_threshold = None
context = <psycopg.adapt.AdaptersMap object at 0x000001CEB3E42350>
row_factory = None
cursor_factory = <class 'django.db.backends.postgresql.base.Cursor'>
kwargs = {'client_encoding': 'UTF8', 'dbname': 'ruffles_db', 'host': 'localhost', 'password': 'postgres', ...}
params = {'client_encoding': 'UTF8', 'dbname': 'ruffles_db', 'host': 'localhost', 'password': 'postgres', ...}
timeout = 130

    @classmethod
    def connect(
        cls,
        conninfo: str = "",
        *,
        autocommit: bool = False,
        prepare_threshold: int | None = 5,
        context: AdaptContext | None = None,
        row_factory: RowFactory[Row] | None = None,
        cursor_factory: type[Cursor[Row]] | None = None,
        **kwargs: ConnParam,
    ) -> Self:
        """
        Connect to a database server and return a new `Connection` instance.
        """
    
        params = cls._get_connection_params(conninfo, **kwargs)
        timeout = timeout_from_conninfo(params)
        rv = None
        attempts = conninfo_attempts(params)
        conn_errors: list[tuple[e.Error, str]] = []
        for attempt in attempts:
            tdescr = (attempt.get("host"), attempt.get("port"), attempt.get("hostaddr"))
            descr = "host: %r, port: %r, hostaddr: %r" % tdescr
            logger.debug("connection attempt: %s", descr)
            try:
                conninfo = make_conninfo("", **attempt)
                gen = cls._connect_gen(conninfo, timeout=timeout)
                rv = waiting.wait_conn(gen, interval=_WAIT_INTERVAL)
            except e.Error as ex:
                logger.debug("connection failed: %s: %s", descr, str(ex))
                conn_errors.append((ex, descr))
            except e._NO_TRACEBACK as ex:
                raise ex.with_traceback(None)
            else:
                logger.debug("connection succeeded: %s", descr)
                break
    
        if not rv:
            last_ex = conn_errors[-1][0]
            if len(conn_errors) == 1:
                raise last_ex.with_traceback(None)
    
            # Create a new exception with the same type as the last one, containing
            # all attempt errors while preserving backward compatibility.
            lines = [str(last_ex)]
            lines.append("Multiple connection attempts failed. All failures were:")
            lines.extend((f"- {descr}: {error}" for error, descr in conn_errors))
>           raise type(last_ex)("\n".join(lines)).with_traceback(None)
E           psycopg.OperationalError: connection failed: connection to server at "127.0.0.1", port 5432 failed: FATAL:  la autentificaci\ufffdn password fall\ufffd para el usuario \ufffdpostgres\ufffd
E           Multiple connection attempts failed. All failures were:
E           - host: 'localhost', port: '5432', hostaddr: '::1': connection failed: connection to server at "::1", port 5432 failed: FATAL:  la autentificaci\ufffdn password fall\ufffd para el usuario \ufffdpostgres\ufffd
E           - host: 'localhost', port: '5432', hostaddr: '127.0.0.1': connection failed: connection to server at "127.0.0.1", port 5432 failed: FATAL:  la autentificaci\ufffdn password fall\ufffd para el usuario \ufffdpostgres\ufffd

..\..\..\AppData\Roaming\Python\Python313\site-packages\psycopg\connection.py:127: OperationalError

The above exception was the direct cause of the following exception:

request = <SubRequest 'django_db_setup' for <Function test_login_success_returns_jwt>>
django_test_environment = None
django_db_blocker = <pytest_django.plugin.DjangoDbBlocker object at 0x000001CEB17F0050>
django_db_use_migrations = True, django_db_keepdb = False
django_db_createdb = False, django_db_modify_db_settings = None

    @pytest.fixture(scope="session")
    def django_db_setup(
        request: pytest.FixtureRequest,
        django_test_environment: None,
        django_db_blocker: DjangoDbBlocker,
        django_db_use_migrations: bool,
        django_db_keepdb: bool,
        django_db_createdb: bool,
        django_db_modify_db_settings: None,
    ) -> Generator[None, None, None]:
        """Top level fixture to ensure test databases are available"""
        from django.test.utils import setup_databases, teardown_databases
    
        setup_databases_args = {}
    
        if not django_db_use_migrations:
            _disable_migrations()
    
        if django_db_keepdb and not django_db_createdb:
            setup_databases_args["keepdb"] = True
    
        with django_db_blocker.unblock():
>           db_cfg = setup_databases(
                verbosity=request.config.option.verbose,
                interactive=False,
                **setup_databases_args,
            )

..\..\..\AppData\Roaming\Python\Python313\site-packages\pytest_django\fixtures.py:140: 
_ _ _ _ _ _ _ _ _ _ _ _ _ _ _ _ _ _ _ _ _ _ _ _ _ _ _ _ _ _ _ _ _ _ _ _ _ _ _ _
..\..\..\AppData\Roaming\Python\Python313\site-packages\django\test\utils.py:204: in setup_databases
    connection.creation.create_test_db(
..\..\..\AppData\Roaming\Python\Python313\site-packages\django\db\backends\base\creation.py:62: in create_test_db
    self._create_test_db(verbosity, autoclobber, keepdb)
..\..\..\AppData\Roaming\Python\Python313\site-packages\django\db\backends\base\creation.py:202: in _create_test_db
    with self._nodb_cursor() as cursor:
C:\Python313\Lib\contextlib.py:141: in __enter__
    return next(self.gen)
..\..\..\AppData\Roaming\Python\Python313\site-packages\django\db\backends\postgresql\base.py:533: in _nodb_cursor
    with conn.cursor() as cursor:
..\..\..\AppData\Roaming\Python\Python313\site-packages\django\utils\asyncio.py:26: in inner
    return func(*args, **kwargs)
..\..\..\AppData\Roaming\Python\Python313\site-packages\django\db\backends\base\base.py:320: in cursor
    return self._cursor()
..\..\..\AppData\Roaming\Python\Python313\site-packages\django\db\backends\base\base.py:296: in _cursor
    self.ensure_connection()
..\..\..\AppData\Roaming\Python\Python313\site-packages\django\utils\asyncio.py:26: in inner
    return func(*args, **kwargs)
..\..\..\AppData\Roaming\Python\Python313\site-packages\django\db\backends\base\base.py:278: in ensure_connection
    with self.wrap_database_errors:
..\..\..\AppData\Roaming\Python\Python313\site-packages\django\db\utils.py:91: in __exit__
    raise dj_exc_value.with_traceback(traceback) from exc_value
..\..\..\AppData\Roaming\Python\Python313\site-packages\django\db\backends\base\base.py:279: in ensure_connection
    self.connect()
..\..\..\AppData\Roaming\Python\Python313\site-packages\django\utils\asyncio.py:26: in inner
    return func(*args, **kwargs)
..\..\..\AppData\Roaming\Python\Python313\site-packages\django\db\backends\base\base.py:256: in connect
    self.connection = self.get_new_connection(conn_params)
..\..\..\AppData\Roaming\Python\Python313\site-packages\django\utils\asyncio.py:26: in inner
    return func(*args, **kwargs)
..\..\..\AppData\Roaming\Python\Python313\site-packages\django\db\backends\postgresql\base.py:332: in get_new_connection
    connection = self.Database.connect(**conn_params)
_ _ _ _ _ _ _ _ _ _ _ _ _ _ _ _ _ _ _ _ _ _ _ _ _ _ _ _ _ _ _ _ _ _ _ _ _ _ _ _

cls = <class 'psycopg.Connection'>
conninfo = 'dbname=ruffles_db client_encoding=UTF8 user=postgres password=postgres host=localhost port=5432 hostaddr=127.0.0.1'
autocommit = False, prepare_threshold = None
context = <psycopg.adapt.AdaptersMap object at 0x000001CEB3E42350>
row_factory = None
cursor_factory = <class 'django.db.backends.postgresql.base.Cursor'>
kwargs = {'client_encoding': 'UTF8', 'dbname': 'ruffles_db', 'host': 'localhost', 'password': 'postgres', ...}
params = {'client_encoding': 'UTF8', 'dbname': 'ruffles_db', 'host': 'localhost', 'password': 'postgres', ...}
timeout = 130

    @classmethod
    def connect(
        cls,
        conninfo: str = "",
        *,
        autocommit: bool = False,
        prepare_threshold: int | None = 5,
        context: AdaptContext | None = None,
        row_factory: RowFactory[Row] | None = None,
        cursor_factory: type[Cursor[Row]] | None = None,
        **kwargs: ConnParam,
    ) -> Self:
        """
        Connect to a database server and return a new `Connection` instance.
        """
    
        params = cls._get_connection_params(conninfo, **kwargs)
        timeout = timeout_from_conninfo(params)
        rv = None
        attempts = conninfo_attempts(params)
        conn_errors: list[tuple[e.Error, str]] = []
        for attempt in attempts:
            tdescr = (attempt.get("host"), attempt.get("port"), attempt.get("hostaddr"))
            descr = "host: %r, port: %r, hostaddr: %r" % tdescr
            logger.debug("connection attempt: %s", descr)
            try:
                conninfo = make_conninfo("", **attempt)
                gen = cls._connect_gen(conninfo, timeout=timeout)
                rv = waiting.wait_conn(gen, interval=_WAIT_INTERVAL)
            except e.Error as ex:
                logger.debug("connection failed: %s: %s", descr, str(ex))
                conn_errors.append((ex, descr))
            except e._NO_TRACEBACK as ex:
                raise ex.with_traceback(None)
            else:
                logger.debug("connection succeeded: %s", descr)
                break
    
        if not rv:
            last_ex = conn_errors[-1][0]
            if len(conn_errors) == 1:
                raise last_ex.with_traceback(None)
    
            # Create a new exception with the same type as the last one, containing
            # all attempt errors while preserving backward compatibility.
            lines = [str(last_ex)]
            lines.append("Multiple connection attempts failed. All failures were:")
            lines.extend((f"- {descr}: {error}" for error, descr in conn_errors))
>           raise type(last_ex)("\n".join(lines)).with_traceback(None)
E           django.db.utils.OperationalError: connection failed: connection to server at "127.0.0.1", port 5432 failed: FATAL:  la autentificaci\ufffdn password fall\ufffd para el usuario \ufffdpostgres\ufffd
E           Multiple connection attempts failed. All failures were:
E           - host: 'localhost', port: '5432', hostaddr: '::1': connection failed: connection to server at "::1", port 5432 failed: FATAL:  la autentificaci\ufffdn password fall\ufffd para el usuario \ufffdpostgres\ufffd
E           - host: 'localhost', port: '5432', hostaddr: '127.0.0.1': connection failed: connection to server at "127.0.0.1", port 5432 failed: FATAL:  la autentificaci\ufffdn password fall\ufffd para el usuario \ufffdpostgres\ufffd

..\..\..\AppData\Roaming\Python\Python313\site-packages\psycopg\connection.py:127: OperationalError
__________ ERROR at setup of TestRaffleAPI.test_raffle_filter_status __________

self = <DatabaseWrapper vendor='postgresql' alias='__no_db__'>

    @async_unsafe
    def ensure_connection(self):
        """Guarantee that a connection to the database is established."""
        if self.connection is None:
            if self.in_atomic_block and self.closed_in_transaction:
                raise ProgrammingError(
                    "Cannot open a new connection in an atomic block."
                )
            with self.wrap_database_errors:
>               self.connect()

..\..\..\AppData\Roaming\Python\Python313\site-packages\django\db\backends\base\base.py:279: 
_ _ _ _ _ _ _ _ _ _ _ _ _ _ _ _ _ _ _ _ _ _ _ _ _ _ _ _ _ _ _ _ _ _ _ _ _ _ _ _
..\..\..\AppData\Roaming\Python\Python313\site-packages\django\utils\asyncio.py:26: in inner
    return func(*args, **kwargs)
..\..\..\AppData\Roaming\Python\Python313\site-packages\django\db\backends\base\base.py:256: in connect
    self.connection = self.get_new_connection(conn_params)
..\..\..\AppData\Roaming\Python\Python313\site-packages\django\utils\asyncio.py:26: in inner
    return func(*args, **kwargs)
..\..\..\AppData\Roaming\Python\Python313\site-packages\django\db\backends\postgresql\base.py:332: in get_new_connection
    connection = self.Database.connect(**conn_params)
_ _ _ _ _ _ _ _ _ _ _ _ _ _ _ _ _ _ _ _ _ _ _ _ _ _ _ _ _ _ _ _ _ _ _ _ _ _ _ _

cls = <class 'psycopg.Connection'>
conninfo = 'dbname=postgres client_encoding=UTF8 user=postgres password=postgres host=localhost port=5432 hostaddr=127.0.0.1'
autocommit = False, prepare_threshold = None
context = <psycopg.adapt.AdaptersMap object at 0x000001CEB3E42350>
row_factory = None
cursor_factory = <class 'django.db.backends.postgresql.base.Cursor'>
kwargs = {'client_encoding': 'UTF8', 'dbname': 'postgres', 'host': 'localhost', 'password': 'postgres', ...}
params = {'client_encoding': 'UTF8', 'dbname': 'postgres', 'host': 'localhost', 'password': 'postgres', ...}
timeout = 130

    @classmethod
    def connect(
        cls,
        conninfo: str = "",
        *,
        autocommit: bool = False,
        prepare_threshold: int | None = 5,
        context: AdaptContext | None = None,
        row_factory: RowFactory[Row] | None = None,
        cursor_factory: type[Cursor[Row]] | None = None,
        **kwargs: ConnParam,
    ) -> Self:
        """
        Connect to a database server and return a new `Connection` instance.
        """
    
        params = cls._get_connection_params(conninfo, **kwargs)
        timeout = timeout_from_conninfo(params)
        rv = None
        attempts = conninfo_attempts(params)
        conn_errors: list[tuple[e.Error, str]] = []
        for attempt in attempts:
            tdescr = (attempt.get("host"), attempt.get("port"), attempt.get("hostaddr"))
            descr = "host: %r, port: %r, hostaddr: %r" % tdescr
            logger.debug("connection attempt: %s", descr)
            try:
                conninfo = make_conninfo("", **attempt)
                gen = cls._connect_gen(conninfo, timeout=timeout)
                rv = waiting.wait_conn(gen, interval=_WAIT_INTERVAL)
            except e.Error as ex:
                logger.debug("connection failed: %s: %s", descr, str(ex))
                conn_errors.append((ex, descr))
            except e._NO_TRACEBACK as ex:
                raise ex.with_traceback(None)
            else:
                logger.debug("connection succeeded: %s", descr)
                break
    
        if not rv:
            last_ex = conn_errors[-1][0]
            if len(conn_errors) == 1:
                raise last_ex.with_traceback(None)
    
            # Create a new exception with the same type as the last one, containing
            # all attempt errors while preserving backward compatibility.
            lines = [str(last_ex)]
            lines.append("Multiple connection attempts failed. All failures were:")
            lines.extend((f"- {descr}: {error}" for error, descr in conn_errors))
>           raise type(last_ex)("\n".join(lines)).with_traceback(None)
E           psycopg.OperationalError: connection failed: connection to server at "127.0.0.1", port 5432 failed: FATAL:  la autentificaci\ufffdn password fall\ufffd para el usuario \ufffdpostgres\ufffd
E           Multiple connection attempts failed. All failures were:
E           - host: 'localhost', port: '5432', hostaddr: '::1': connection failed: connection to server at "::1", port 5432 failed: FATAL:  la autentificaci\ufffdn password fall\ufffd para el usuario \ufffdpostgres\ufffd
E           - host: 'localhost', port: '5432', hostaddr: '127.0.0.1': connection failed: connection to server at "127.0.0.1", port 5432 failed: FATAL:  la autentificaci\ufffdn password fall\ufffd para el usuario \ufffdpostgres\ufffd

..\..\..\AppData\Roaming\Python\Python313\site-packages\psycopg\connection.py:127: OperationalError

The above exception was the direct cause of the following exception:

self = <DatabaseWrapper vendor='postgresql' alias='default'>

    @contextmanager
    def _nodb_cursor(self):
        cursor = None
        try:
>           with super()._nodb_cursor() as cursor:

..\..\..\AppData\Roaming\Python\Python313\site-packages\django\db\backends\postgresql\base.py:507: 
_ _ _ _ _ _ _ _ _ _ _ _ _ _ _ _ _ _ _ _ _ _ _ _ _ _ _ _ _ _ _ _ _ _ _ _ _ _ _ _
C:\Python313\Lib\contextlib.py:141: in __enter__
    return next(self.gen)
..\..\..\AppData\Roaming\Python\Python313\site-packages\django\db\backends\base\base.py:712: in _nodb_cursor
    with conn.cursor() as cursor:
..\..\..\AppData\Roaming\Python\Python313\site-packages\django\utils\asyncio.py:26: in inner
    return func(*args, **kwargs)
..\..\..\AppData\Roaming\Python\Python313\site-packages\django\db\backends\base\base.py:320: in cursor
    return self._cursor()
..\..\..\AppData\Roaming\Python\Python313\site-packages\django\db\backends\base\base.py:296: in _cursor
    self.ensure_connection()
..\..\..\AppData\Roaming\Python\Python313\site-packages\django\utils\asyncio.py:26: in inner
    return func(*args, **kwargs)
..\..\..\AppData\Roaming\Python\Python313\site-packages\django\db\backends\base\base.py:278: in ensure_connection
    with self.wrap_database_errors:
..\..\..\AppData\Roaming\Python\Python313\site-packages\django\db\utils.py:91: in __exit__
    raise dj_exc_value.with_traceback(traceback) from exc_value
..\..\..\AppData\Roaming\Python\Python313\site-packages\django\db\backends\base\base.py:279: in ensure_connection
    self.connect()
..\..\..\AppData\Roaming\Python\Python313\site-packages\django\utils\asyncio.py:26: in inner
    return func(*args, **kwargs)
..\..\..\AppData\Roaming\Python\Python313\site-packages\django\db\backends\base\base.py:256: in connect
    self.connection = self.get_new_connection(conn_params)
..\..\..\AppData\Roaming\Python\Python313\site-packages\django\utils\asyncio.py:26: in inner
    return func(*args, **kwargs)
..\..\..\AppData\Roaming\Python\Python313\site-packages\django\db\backends\postgresql\base.py:332: in get_new_connection
    connection = self.Database.connect(**conn_params)
_ _ _ _ _ _ _ _ _ _ _ _ _ _ _ _ _ _ _ _ _ _ _ _ _ _ _ _ _ _ _ _ _ _ _ _ _ _ _ _

cls = <class 'psycopg.Connection'>
conninfo = 'dbname=postgres client_encoding=UTF8 user=postgres password=postgres host=localhost port=5432 hostaddr=127.0.0.1'
autocommit = False, prepare_threshold = None
context = <psycopg.adapt.AdaptersMap object at 0x000001CEB3E42350>
row_factory = None
cursor_factory = <class 'django.db.backends.postgresql.base.Cursor'>
kwargs = {'client_encoding': 'UTF8', 'dbname': 'postgres', 'host': 'localhost', 'password': 'postgres', ...}
params = {'client_encoding': 'UTF8', 'dbname': 'postgres', 'host': 'localhost', 'password': 'postgres', ...}
timeout = 130

    @classmethod
    def connect(
        cls,
        conninfo: str = "",
        *,
        autocommit: bool = False,
        prepare_threshold: int | None = 5,
        context: AdaptContext | None = None,
        row_factory: RowFactory[Row] | None = None,
        cursor_factory: type[Cursor[Row]] | None = None,
        **kwargs: ConnParam,
    ) -> Self:
        """
        Connect to a database server and return a new `Connection` instance.
        """
    
        params = cls._get_connection_params(conninfo, **kwargs)
        timeout = timeout_from_conninfo(params)
        rv = None
        attempts = conninfo_attempts(params)
        conn_errors: list[tuple[e.Error, str]] = []
        for attempt in attempts:
            tdescr = (attempt.get("host"), attempt.get("port"), attempt.get("hostaddr"))
            descr = "host: %r, port: %r, hostaddr: %r" % tdescr
            logger.debug("connection attempt: %s", descr)
            try:
                conninfo = make_conninfo("", **attempt)
                gen = cls._connect_gen(conninfo, timeout=timeout)
                rv = waiting.wait_conn(gen, interval=_WAIT_INTERVAL)
            except e.Error as ex:
                logger.debug("connection failed: %s: %s", descr, str(ex))
                conn_errors.append((ex, descr))
            except e._NO_TRACEBACK as ex:
                raise ex.with_traceback(None)
            else:
                logger.debug("connection succeeded: %s", descr)
                break
    
        if not rv:
            last_ex = conn_errors[-1][0]
            if len(conn_errors) == 1:
                raise last_ex.with_traceback(None)
    
            # Create a new exception with the same type as the last one, containing
            # all attempt errors while preserving backward compatibility.
            lines = [str(last_ex)]
            lines.append("Multiple connection attempts failed. All failures were:")
            lines.extend((f"- {descr}: {error}" for error, descr in conn_errors))
>           raise type(last_ex)("\n".join(lines)).with_traceback(None)
E           django.db.utils.OperationalError: connection failed: connection to server at "127.0.0.1", port 5432 failed: FATAL:  la autentificaci\ufffdn password fall\ufffd para el usuario \ufffdpostgres\ufffd
E           Multiple connection attempts failed. All failures were:
E           - host: 'localhost', port: '5432', hostaddr: '::1': connection failed: connection to server at "::1", port 5432 failed: FATAL:  la autentificaci\ufffdn password fall\ufffd para el usuario \ufffdpostgres\ufffd
E           - host: 'localhost', port: '5432', hostaddr: '127.0.0.1': connection failed: connection to server at "127.0.0.1", port 5432 failed: FATAL:  la autentificaci\ufffdn password fall\ufffd para el usuario \ufffdpostgres\ufffd

..\..\..\AppData\Roaming\Python\Python313\site-packages\psycopg\connection.py:127: OperationalError

During handling of the above exception, another exception occurred:

self = <DatabaseWrapper vendor='postgresql' alias='default'>

    @async_unsafe
    def ensure_connection(self):
        """Guarantee that a connection to the database is established."""
        if self.connection is None:
            if self.in_atomic_block and self.closed_in_transaction:
                raise ProgrammingError(
                    "Cannot open a new connection in an atomic block."
                )
            with self.wrap_database_errors:
>               self.connect()

..\..\..\AppData\Roaming\Python\Python313\site-packages\django\db\backends\base\base.py:279: 
_ _ _ _ _ _ _ _ _ _ _ _ _ _ _ _ _ _ _ _ _ _ _ _ _ _ _ _ _ _ _ _ _ _ _ _ _ _ _ _
..\..\..\AppData\Roaming\Python\Python313\site-packages\django\utils\asyncio.py:26: in inner
    return func(*args, **kwargs)
..\..\..\AppData\Roaming\Python\Python313\site-packages\django\db\backends\base\base.py:256: in connect
    self.connection = self.get_new_connection(conn_params)
..\..\..\AppData\Roaming\Python\Python313\site-packages\django\utils\asyncio.py:26: in inner
    return func(*args, **kwargs)
..\..\..\AppData\Roaming\Python\Python313\site-packages\django\db\backends\postgresql\base.py:332: in get_new_connection
    connection = self.Database.connect(**conn_params)
_ _ _ _ _ _ _ _ _ _ _ _ _ _ _ _ _ _ _ _ _ _ _ _ _ _ _ _ _ _ _ _ _ _ _ _ _ _ _ _

cls = <class 'psycopg.Connection'>
conninfo = 'dbname=ruffles_db client_encoding=UTF8 user=postgres password=postgres host=localhost port=5432 hostaddr=127.0.0.1'
autocommit = False, prepare_threshold = None
context = <psycopg.adapt.AdaptersMap object at 0x000001CEB3E42350>
row_factory = None
cursor_factory = <class 'django.db.backends.postgresql.base.Cursor'>
kwargs = {'client_encoding': 'UTF8', 'dbname': 'ruffles_db', 'host': 'localhost', 'password': 'postgres', ...}
params = {'client_encoding': 'UTF8', 'dbname': 'ruffles_db', 'host': 'localhost', 'password': 'postgres', ...}
timeout = 130

    @classmethod
    def connect(
        cls,
        conninfo: str = "",
        *,
        autocommit: bool = False,
        prepare_threshold: int | None = 5,
        context: AdaptContext | None = None,
        row_factory: RowFactory[Row] | None = None,
        cursor_factory: type[Cursor[Row]] | None = None,
        **kwargs: ConnParam,
    ) -> Self:
        """
        Connect to a database server and return a new `Connection` instance.
        """
    
        params = cls._get_connection_params(conninfo, **kwargs)
        timeout = timeout_from_conninfo(params)
        rv = None
        attempts = conninfo_attempts(params)
        conn_errors: list[tuple[e.Error, str]] = []
        for attempt in attempts:
            tdescr = (attempt.get("host"), attempt.get("port"), attempt.get("hostaddr"))
            descr = "host: %r, port: %r, hostaddr: %r" % tdescr
            logger.debug("connection attempt: %s", descr)
            try:
                conninfo = make_conninfo("", **attempt)
                gen = cls._connect_gen(conninfo, timeout=timeout)
                rv = waiting.wait_conn(gen, interval=_WAIT_INTERVAL)
            except e.Error as ex:
                logger.debug("connection failed: %s: %s", descr, str(ex))
                conn_errors.append((ex, descr))
            except e._NO_TRACEBACK as ex:
                raise ex.with_traceback(None)
            else:
                logger.debug("connection succeeded: %s", descr)
                break
    
        if not rv:
            last_ex = conn_errors[-1][0]
            if len(conn_errors) == 1:
                raise last_ex.with_traceback(None)
    
            # Create a new exception with the same type as the last one, containing
            # all attempt errors while preserving backward compatibility.
            lines = [str(last_ex)]
            lines.append("Multiple connection attempts failed. All failures were:")
            lines.extend((f"- {descr}: {error}" for error, descr in conn_errors))
>           raise type(last_ex)("\n".join(lines)).with_traceback(None)
E           psycopg.OperationalError: connection failed: connection to server at "127.0.0.1", port 5432 failed: FATAL:  la autentificaci\ufffdn password fall\ufffd para el usuario \ufffdpostgres\ufffd
E           Multiple connection attempts failed. All failures were:
E           - host: 'localhost', port: '5432', hostaddr: '::1': connection failed: connection to server at "::1", port 5432 failed: FATAL:  la autentificaci\ufffdn password fall\ufffd para el usuario \ufffdpostgres\ufffd
E           - host: 'localhost', port: '5432', hostaddr: '127.0.0.1': connection failed: connection to server at "127.0.0.1", port 5432 failed: FATAL:  la autentificaci\ufffdn password fall\ufffd para el usuario \ufffdpostgres\ufffd

..\..\..\AppData\Roaming\Python\Python313\site-packages\psycopg\connection.py:127: OperationalError

The above exception was the direct cause of the following exception:

request = <SubRequest 'django_db_setup' for <Function test_login_success_returns_jwt>>
django_test_environment = None
django_db_blocker = <pytest_django.plugin.DjangoDbBlocker object at 0x000001CEB17F0050>
django_db_use_migrations = True, django_db_keepdb = False
django_db_createdb = False, django_db_modify_db_settings = None

    @pytest.fixture(scope="session")
    def django_db_setup(
        request: pytest.FixtureRequest,
        django_test_environment: None,
        django_db_blocker: DjangoDbBlocker,
        django_db_use_migrations: bool,
        django_db_keepdb: bool,
        django_db_createdb: bool,
        django_db_modify_db_settings: None,
    ) -> Generator[None, None, None]:
        """Top level fixture to ensure test databases are available"""
        from django.test.utils import setup_databases, teardown_databases
    
        setup_databases_args = {}
    
        if not django_db_use_migrations:
            _disable_migrations()
    
        if django_db_keepdb and not django_db_createdb:
            setup_databases_args["keepdb"] = True
    
        with django_db_blocker.unblock():
>           db_cfg = setup_databases(
                verbosity=request.config.option.verbose,
                interactive=False,
                **setup_databases_args,
            )

..\..\..\AppData\Roaming\Python\Python313\site-packages\pytest_django\fixtures.py:140: 
_ _ _ _ _ _ _ _ _ _ _ _ _ _ _ _ _ _ _ _ _ _ _ _ _ _ _ _ _ _ _ _ _ _ _ _ _ _ _ _
..\..\..\AppData\Roaming\Python\Python313\site-packages\django\test\utils.py:204: in setup_databases
    connection.creation.create_test_db(
..\..\..\AppData\Roaming\Python\Python313\site-packages\django\db\backends\base\creation.py:62: in create_test_db
    self._create_test_db(verbosity, autoclobber, keepdb)
..\..\..\AppData\Roaming\Python\Python313\site-packages\django\db\backends\base\creation.py:202: in _create_test_db
    with self._nodb_cursor() as cursor:
C:\Python313\Lib\contextlib.py:141: in __enter__
    return next(self.gen)
..\..\..\AppData\Roaming\Python\Python313\site-packages\django\db\backends\postgresql\base.py:533: in _nodb_cursor
    with conn.cursor() as cursor:
..\..\..\AppData\Roaming\Python\Python313\site-packages\django\utils\asyncio.py:26: in inner
    return func(*args, **kwargs)
..\..\..\AppData\Roaming\Python\Python313\site-packages\django\db\backends\base\base.py:320: in cursor
    return self._cursor()
..\..\..\AppData\Roaming\Python\Python313\site-packages\django\db\backends\base\base.py:296: in _cursor
    self.ensure_connection()
..\..\..\AppData\Roaming\Python\Python313\site-packages\django\utils\asyncio.py:26: in inner
    return func(*args, **kwargs)
..\..\..\AppData\Roaming\Python\Python313\site-packages\django\db\backends\base\base.py:278: in ensure_connection
    with self.wrap_database_errors:
..\..\..\AppData\Roaming\Python\Python313\site-packages\django\db\utils.py:91: in __exit__
    raise dj_exc_value.with_traceback(traceback) from exc_value
..\..\..\AppData\Roaming\Python\Python313\site-packages\django\db\backends\base\base.py:279: in ensure_connection
    self.connect()
..\..\..\AppData\Roaming\Python\Python313\site-packages\django\utils\asyncio.py:26: in inner
    return func(*args, **kwargs)
..\..\..\AppData\Roaming\Python\Python313\site-packages\django\db\backends\base\base.py:256: in connect
    self.connection = self.get_new_connection(conn_params)
..\..\..\AppData\Roaming\Python\Python313\site-packages\django\utils\asyncio.py:26: in inner
    return func(*args, **kwargs)
..\..\..\AppData\Roaming\Python\Python313\site-packages\django\db\backends\postgresql\base.py:332: in get_new_connection
    connection = self.Database.connect(**conn_params)
_ _ _ _ _ _ _ _ _ _ _ _ _ _ _ _ _ _ _ _ _ _ _ _ _ _ _ _ _ _ _ _ _ _ _ _ _ _ _ _

cls = <class 'psycopg.Connection'>
conninfo = 'dbname=ruffles_db client_encoding=UTF8 user=postgres password=postgres host=localhost port=5432 hostaddr=127.0.0.1'
autocommit = False, prepare_threshold = None
context = <psycopg.adapt.AdaptersMap object at 0x000001CEB3E42350>
row_factory = None
cursor_factory = <class 'django.db.backends.postgresql.base.Cursor'>
kwargs = {'client_encoding': 'UTF8', 'dbname': 'ruffles_db', 'host': 'localhost', 'password': 'postgres', ...}
params = {'client_encoding': 'UTF8', 'dbname': 'ruffles_db', 'host': 'localhost', 'password': 'postgres', ...}
timeout = 130

    @classmethod
    def connect(
        cls,
        conninfo: str = "",
        *,
        autocommit: bool = False,
        prepare_threshold: int | None = 5,
        context: AdaptContext | None = None,
        row_factory: RowFactory[Row] | None = None,
        cursor_factory: type[Cursor[Row]] | None = None,
        **kwargs: ConnParam,
    ) -> Self:
        """
        Connect to a database server and return a new `Connection` instance.
        """
    
        params = cls._get_connection_params(conninfo, **kwargs)
        timeout = timeout_from_conninfo(params)
        rv = None
        attempts = conninfo_attempts(params)
        conn_errors: list[tuple[e.Error, str]] = []
        for attempt in attempts:
            tdescr = (attempt.get("host"), attempt.get("port"), attempt.get("hostaddr"))
            descr = "host: %r, port: %r, hostaddr: %r" % tdescr
            logger.debug("connection attempt: %s", descr)
            try:
                conninfo = make_conninfo("", **attempt)
                gen = cls._connect_gen(conninfo, timeout=timeout)
                rv = waiting.wait_conn(gen, interval=_WAIT_INTERVAL)
            except e.Error as ex:
                logger.debug("connection failed: %s: %s", descr, str(ex))
                conn_errors.append((ex, descr))
            except e._NO_TRACEBACK as ex:
                raise ex.with_traceback(None)
            else:
                logger.debug("connection succeeded: %s", descr)
                break
    
        if not rv:
            last_ex = conn_errors[-1][0]
            if len(conn_errors) == 1:
                raise last_ex.with_traceback(None)
    
            # Create a new exception with the same type as the last one, containing
            # all attempt errors while preserving backward compatibility.
            lines = [str(last_ex)]
            lines.append("Multiple connection attempts failed. All failures were:")
            lines.extend((f"- {descr}: {error}" for error, descr in conn_errors))
>           raise type(last_ex)("\n".join(lines)).with_traceback(None)
E           django.db.utils.OperationalError: connection failed: connection to server at "127.0.0.1", port 5432 failed: FATAL:  la autentificaci\ufffdn password fall\ufffd para el usuario \ufffdpostgres\ufffd
E           Multiple connection attempts failed. All failures were:
E           - host: 'localhost', port: '5432', hostaddr: '::1': connection failed: connection to server at "::1", port 5432 failed: FATAL:  la autentificaci\ufffdn password fall\ufffd para el usuario \ufffdpostgres\ufffd
E           - host: 'localhost', port: '5432', hostaddr: '127.0.0.1': connection failed: connection to server at "127.0.0.1", port 5432 failed: FATAL:  la autentificaci\ufffdn password fall\ufffd para el usuario \ufffdpostgres\ufffd

..\..\..\AppData\Roaming\Python\Python313\site-packages\psycopg\connection.py:127: OperationalError
____ ERROR at setup of TestRaffleAPI.test_empty_raffle_returns_empty_list _____

self = <DatabaseWrapper vendor='postgresql' alias='__no_db__'>

    @async_unsafe
    def ensure_connection(self):
        """Guarantee that a connection to the database is established."""
        if self.connection is None:
            if self.in_atomic_block and self.closed_in_transaction:
                raise ProgrammingError(
                    "Cannot open a new connection in an atomic block."
                )
            with self.wrap_database_errors:
>               self.connect()

..\..\..\AppData\Roaming\Python\Python313\site-packages\django\db\backends\base\base.py:279: 
_ _ _ _ _ _ _ _ _ _ _ _ _ _ _ _ _ _ _ _ _ _ _ _ _ _ _ _ _ _ _ _ _ _ _ _ _ _ _ _
..\..\..\AppData\Roaming\Python\Python313\site-packages\django\utils\asyncio.py:26: in inner
    return func(*args, **kwargs)
..\..\..\AppData\Roaming\Python\Python313\site-packages\django\db\backends\base\base.py:256: in connect
    self.connection = self.get_new_connection(conn_params)
..\..\..\AppData\Roaming\Python\Python313\site-packages\django\utils\asyncio.py:26: in inner
    return func(*args, **kwargs)
..\..\..\AppData\Roaming\Python\Python313\site-packages\django\db\backends\postgresql\base.py:332: in get_new_connection
    connection = self.Database.connect(**conn_params)
_ _ _ _ _ _ _ _ _ _ _ _ _ _ _ _ _ _ _ _ _ _ _ _ _ _ _ _ _ _ _ _ _ _ _ _ _ _ _ _

cls = <class 'psycopg.Connection'>
conninfo = 'dbname=postgres client_encoding=UTF8 user=postgres password=postgres host=localhost port=5432 hostaddr=127.0.0.1'
autocommit = False, prepare_threshold = None
context = <psycopg.adapt.AdaptersMap object at 0x000001CEB3E42350>
row_factory = None
cursor_factory = <class 'django.db.backends.postgresql.base.Cursor'>
kwargs = {'client_encoding': 'UTF8', 'dbname': 'postgres', 'host': 'localhost', 'password': 'postgres', ...}
params = {'client_encoding': 'UTF8', 'dbname': 'postgres', 'host': 'localhost', 'password': 'postgres', ...}
timeout = 130

    @classmethod
    def connect(
        cls,
        conninfo: str = "",
        *,
        autocommit: bool = False,
        prepare_threshold: int | None = 5,
        context: AdaptContext | None = None,
        row_factory: RowFactory[Row] | None = None,
        cursor_factory: type[Cursor[Row]] | None = None,
        **kwargs: ConnParam,
    ) -> Self:
        """
        Connect to a database server and return a new `Connection` instance.
        """
    
        params = cls._get_connection_params(conninfo, **kwargs)
        timeout = timeout_from_conninfo(params)
        rv = None
        attempts = conninfo_attempts(params)
        conn_errors: list[tuple[e.Error, str]] = []
        for attempt in attempts:
            tdescr = (attempt.get("host"), attempt.get("port"), attempt.get("hostaddr"))
            descr = "host: %r, port: %r, hostaddr: %r" % tdescr
            logger.debug("connection attempt: %s", descr)
            try:
                conninfo = make_conninfo("", **attempt)
                gen = cls._connect_gen(conninfo, timeout=timeout)
                rv = waiting.wait_conn(gen, interval=_WAIT_INTERVAL)
            except e.Error as ex:
                logger.debug("connection failed: %s: %s", descr, str(ex))
                conn_errors.append((ex, descr))
            except e._NO_TRACEBACK as ex:
                raise ex.with_traceback(None)
            else:
                logger.debug("connection succeeded: %s", descr)
                break
    
        if not rv:
            last_ex = conn_errors[-1][0]
            if len(conn_errors) == 1:
                raise last_ex.with_traceback(None)
    
            # Create a new exception with the same type as the last one, containing
            # all attempt errors while preserving backward compatibility.
            lines = [str(last_ex)]
            lines.append("Multiple connection attempts failed. All failures were:")
            lines.extend((f"- {descr}: {error}" for error, descr in conn_errors))
>           raise type(last_ex)("\n".join(lines)).with_traceback(None)
E           psycopg.OperationalError: connection failed: connection to server at "127.0.0.1", port 5432 failed: FATAL:  la autentificaci\ufffdn password fall\ufffd para el usuario \ufffdpostgres\ufffd
E           Multiple connection attempts failed. All failures were:
E           - host: 'localhost', port: '5432', hostaddr: '::1': connection failed: connection to server at "::1", port 5432 failed: FATAL:  la autentificaci\ufffdn password fall\ufffd para el usuario \ufffdpostgres\ufffd
E           - host: 'localhost', port: '5432', hostaddr: '127.0.0.1': connection failed: connection to server at "127.0.0.1", port 5432 failed: FATAL:  la autentificaci\ufffdn password fall\ufffd para el usuario \ufffdpostgres\ufffd

..\..\..\AppData\Roaming\Python\Python313\site-packages\psycopg\connection.py:127: OperationalError

The above exception was the direct cause of the following exception:

self = <DatabaseWrapper vendor='postgresql' alias='default'>

    @contextmanager
    def _nodb_cursor(self):
        cursor = None
        try:
>           with super()._nodb_cursor() as cursor:

..\..\..\AppData\Roaming\Python\Python313\site-packages\django\db\backends\postgresql\base.py:507: 
_ _ _ _ _ _ _ _ _ _ _ _ _ _ _ _ _ _ _ _ _ _ _ _ _ _ _ _ _ _ _ _ _ _ _ _ _ _ _ _
C:\Python313\Lib\contextlib.py:141: in __enter__
    return next(self.gen)
..\..\..\AppData\Roaming\Python\Python313\site-packages\django\db\backends\base\base.py:712: in _nodb_cursor
    with conn.cursor() as cursor:
..\..\..\AppData\Roaming\Python\Python313\site-packages\django\utils\asyncio.py:26: in inner
    return func(*args, **kwargs)
..\..\..\AppData\Roaming\Python\Python313\site-packages\django\db\backends\base\base.py:320: in cursor
    return self._cursor()
..\..\..\AppData\Roaming\Python\Python313\site-packages\django\db\backends\base\base.py:296: in _cursor
    self.ensure_connection()
..\..\..\AppData\Roaming\Python\Python313\site-packages\django\utils\asyncio.py:26: in inner
    return func(*args, **kwargs)
..\..\..\AppData\Roaming\Python\Python313\site-packages\django\db\backends\base\base.py:278: in ensure_connection
    with self.wrap_database_errors:
..\..\..\AppData\Roaming\Python\Python313\site-packages\django\db\utils.py:91: in __exit__
    raise dj_exc_value.with_traceback(traceback) from exc_value
..\..\..\AppData\Roaming\Python\Python313\site-packages\django\db\backends\base\base.py:279: in ensure_connection
    self.connect()
..\..\..\AppData\Roaming\Python\Python313\site-packages\django\utils\asyncio.py:26: in inner
    return func(*args, **kwargs)
..\..\..\AppData\Roaming\Python\Python313\site-packages\django\db\backends\base\base.py:256: in connect
    self.connection = self.get_new_connection(conn_params)
..\..\..\AppData\Roaming\Python\Python313\site-packages\django\utils\asyncio.py:26: in inner
    return func(*args, **kwargs)
..\..\..\AppData\Roaming\Python\Python313\site-packages\django\db\backends\postgresql\base.py:332: in get_new_connection
    connection = self.Database.connect(**conn_params)
_ _ _ _ _ _ _ _ _ _ _ _ _ _ _ _ _ _ _ _ _ _ _ _ _ _ _ _ _ _ _ _ _ _ _ _ _ _ _ _

cls = <class 'psycopg.Connection'>
conninfo = 'dbname=postgres client_encoding=UTF8 user=postgres password=postgres host=localhost port=5432 hostaddr=127.0.0.1'
autocommit = False, prepare_threshold = None
context = <psycopg.adapt.AdaptersMap object at 0x000001CEB3E42350>
row_factory = None
cursor_factory = <class 'django.db.backends.postgresql.base.Cursor'>
kwargs = {'client_encoding': 'UTF8', 'dbname': 'postgres', 'host': 'localhost', 'password': 'postgres', ...}
params = {'client_encoding': 'UTF8', 'dbname': 'postgres', 'host': 'localhost', 'password': 'postgres', ...}
timeout = 130

    @classmethod
    def connect(
        cls,
        conninfo: str = "",
        *,
        autocommit: bool = False,
        prepare_threshold: int | None = 5,
        context: AdaptContext | None = None,
        row_factory: RowFactory[Row] | None = None,
        cursor_factory: type[Cursor[Row]] | None = None,
        **kwargs: ConnParam,
    ) -> Self:
        """
        Connect to a database server and return a new `Connection` instance.
        """
    
        params = cls._get_connection_params(conninfo, **kwargs)
        timeout = timeout_from_conninfo(params)
        rv = None
        attempts = conninfo_attempts(params)
        conn_errors: list[tuple[e.Error, str]] = []
        for attempt in attempts:
            tdescr = (attempt.get("host"), attempt.get("port"), attempt.get("hostaddr"))
            descr = "host: %r, port: %r, hostaddr: %r" % tdescr
            logger.debug("connection attempt: %s", descr)
            try:
                conninfo = make_conninfo("", **attempt)
                gen = cls._connect_gen(conninfo, timeout=timeout)
                rv = waiting.wait_conn(gen, interval=_WAIT_INTERVAL)
            except e.Error as ex:
                logger.debug("connection failed: %s: %s", descr, str(ex))
                conn_errors.append((ex, descr))
            except e._NO_TRACEBACK as ex:
                raise ex.with_traceback(None)
            else:
                logger.debug("connection succeeded: %s", descr)
                break
    
        if not rv:
            last_ex = conn_errors[-1][0]
            if len(conn_errors) == 1:
                raise last_ex.with_traceback(None)
    
            # Create a new exception with the same type as the last one, containing
            # all attempt errors while preserving backward compatibility.
            lines = [str(last_ex)]
            lines.append("Multiple connection attempts failed. All failures were:")
            lines.extend((f"- {descr}: {error}" for error, descr in conn_errors))
>           raise type(last_ex)("\n".join(lines)).with_traceback(None)
E           django.db.utils.OperationalError: connection failed: connection to server at "127.0.0.1", port 5432 failed: FATAL:  la autentificaci\ufffdn password fall\ufffd para el usuario \ufffdpostgres\ufffd
E           Multiple connection attempts failed. All failures were:
E           - host: 'localhost', port: '5432', hostaddr: '::1': connection failed: connection to server at "::1", port 5432 failed: FATAL:  la autentificaci\ufffdn password fall\ufffd para el usuario \ufffdpostgres\ufffd
E           - host: 'localhost', port: '5432', hostaddr: '127.0.0.1': connection failed: connection to server at "127.0.0.1", port 5432 failed: FATAL:  la autentificaci\ufffdn password fall\ufffd para el usuario \ufffdpostgres\ufffd

..\..\..\AppData\Roaming\Python\Python313\site-packages\psycopg\connection.py:127: OperationalError

During handling of the above exception, another exception occurred:

self = <DatabaseWrapper vendor='postgresql' alias='default'>

    @async_unsafe
    def ensure_connection(self):
        """Guarantee that a connection to the database is established."""
        if self.connection is None:
            if self.in_atomic_block and self.closed_in_transaction:
                raise ProgrammingError(
                    "Cannot open a new connection in an atomic block."
                )
            with self.wrap_database_errors:
>               self.connect()

..\..\..\AppData\Roaming\Python\Python313\site-packages\django\db\backends\base\base.py:279: 
_ _ _ _ _ _ _ _ _ _ _ _ _ _ _ _ _ _ _ _ _ _ _ _ _ _ _ _ _ _ _ _ _ _ _ _ _ _ _ _
..\..\..\AppData\Roaming\Python\Python313\site-packages\django\utils\asyncio.py:26: in inner
    return func(*args, **kwargs)
..\..\..\AppData\Roaming\Python\Python313\site-packages\django\db\backends\base\base.py:256: in connect
    self.connection = self.get_new_connection(conn_params)
..\..\..\AppData\Roaming\Python\Python313\site-packages\django\utils\asyncio.py:26: in inner
    return func(*args, **kwargs)
..\..\..\AppData\Roaming\Python\Python313\site-packages\django\db\backends\postgresql\base.py:332: in get_new_connection
    connection = self.Database.connect(**conn_params)
_ _ _ _ _ _ _ _ _ _ _ _ _ _ _ _ _ _ _ _ _ _ _ _ _ _ _ _ _ _ _ _ _ _ _ _ _ _ _ _

cls = <class 'psycopg.Connection'>
conninfo = 'dbname=ruffles_db client_encoding=UTF8 user=postgres password=postgres host=localhost port=5432 hostaddr=127.0.0.1'
autocommit = False, prepare_threshold = None
context = <psycopg.adapt.AdaptersMap object at 0x000001CEB3E42350>
row_factory = None
cursor_factory = <class 'django.db.backends.postgresql.base.Cursor'>
kwargs = {'client_encoding': 'UTF8', 'dbname': 'ruffles_db', 'host': 'localhost', 'password': 'postgres', ...}
params = {'client_encoding': 'UTF8', 'dbname': 'ruffles_db', 'host': 'localhost', 'password': 'postgres', ...}
timeout = 130

    @classmethod
    def connect(
        cls,
        conninfo: str = "",
        *,
        autocommit: bool = False,
        prepare_threshold: int | None = 5,
        context: AdaptContext | None = None,
        row_factory: RowFactory[Row] | None = None,
        cursor_factory: type[Cursor[Row]] | None = None,
        **kwargs: ConnParam,
    ) -> Self:
        """
        Connect to a database server and return a new `Connection` instance.
        """
    
        params = cls._get_connection_params(conninfo, **kwargs)
        timeout = timeout_from_conninfo(params)
        rv = None
        attempts = conninfo_attempts(params)
        conn_errors: list[tuple[e.Error, str]] = []
        for attempt in attempts:
            tdescr = (attempt.get("host"), attempt.get("port"), attempt.get("hostaddr"))
            descr = "host: %r, port: %r, hostaddr: %r" % tdescr
            logger.debug("connection attempt: %s", descr)
            try:
                conninfo = make_conninfo("", **attempt)
                gen = cls._connect_gen(conninfo, timeout=timeout)
                rv = waiting.wait_conn(gen, interval=_WAIT_INTERVAL)
            except e.Error as ex:
                logger.debug("connection failed: %s: %s", descr, str(ex))
                conn_errors.append((ex, descr))
            except e._NO_TRACEBACK as ex:
                raise ex.with_traceback(None)
            else:
                logger.debug("connection succeeded: %s", descr)
                break
    
        if not rv:
            last_ex = conn_errors[-1][0]
            if len(conn_errors) == 1:
                raise last_ex.with_traceback(None)
    
            # Create a new exception with the same type as the last one, containing
            # all attempt errors while preserving backward compatibility.
            lines = [str(last_ex)]
            lines.append("Multiple connection attempts failed. All failures were:")
            lines.extend((f"- {descr}: {error}" for error, descr in conn_errors))
>           raise type(last_ex)("\n".join(lines)).with_traceback(None)
E           psycopg.OperationalError: connection failed: connection to server at "127.0.0.1", port 5432 failed: FATAL:  la autentificaci\ufffdn password fall\ufffd para el usuario \ufffdpostgres\ufffd
E           Multiple connection attempts failed. All failures were:
E           - host: 'localhost', port: '5432', hostaddr: '::1': connection failed: connection to server at "::1", port 5432 failed: FATAL:  la autentificaci\ufffdn password fall\ufffd para el usuario \ufffdpostgres\ufffd
E           - host: 'localhost', port: '5432', hostaddr: '127.0.0.1': connection failed: connection to server at "127.0.0.1", port 5432 failed: FATAL:  la autentificaci\ufffdn password fall\ufffd para el usuario \ufffdpostgres\ufffd

..\..\..\AppData\Roaming\Python\Python313\site-packages\psycopg\connection.py:127: OperationalError

The above exception was the direct cause of the following exception:

request = <SubRequest '_django_db_marker' for <Function test_empty_raffle_returns_empty_list>>

    @pytest.fixture(autouse=True)
    def _django_db_marker(request: pytest.FixtureRequest) -> None:
        """Implement the django_db marker, internal to pytest-django."""
        marker = request.node.get_closest_marker("django_db")
        if marker:
>           request.getfixturevalue("_django_db_helper")

..\..\..\AppData\Roaming\Python\Python313\site-packages\pytest_django\plugin.py:527: 
_ _ _ _ _ _ _ _ _ _ _ _ _ _ _ _ _ _ _ _ _ _ _ _ _ _ _ _ _ _ _ _ _ _ _ _ _ _ _ _
..\..\..\AppData\Roaming\Python\Python313\site-packages\pytest_django\fixtures.py:140: in django_db_setup
    db_cfg = setup_databases(
..\..\..\AppData\Roaming\Python\Python313\site-packages\django\test\utils.py:204: in setup_databases
    connection.creation.create_test_db(
..\..\..\AppData\Roaming\Python\Python313\site-packages\django\db\backends\base\creation.py:62: in create_test_db
    self._create_test_db(verbosity, autoclobber, keepdb)
..\..\..\AppData\Roaming\Python\Python313\site-packages\django\db\backends\base\creation.py:202: in _create_test_db
    with self._nodb_cursor() as cursor:
C:\Python313\Lib\contextlib.py:141: in __enter__
    return next(self.gen)
..\..\..\AppData\Roaming\Python\Python313\site-packages\django\db\backends\postgresql\base.py:533: in _nodb_cursor
    with conn.cursor() as cursor:
..\..\..\AppData\Roaming\Python\Python313\site-packages\django\utils\asyncio.py:26: in inner
    return func(*args, **kwargs)
..\..\..\AppData\Roaming\Python\Python313\site-packages\django\db\backends\base\base.py:320: in cursor
    return self._cursor()
..\..\..\AppData\Roaming\Python\Python313\site-packages\django\db\backends\base\base.py:296: in _cursor
    self.ensure_connection()
..\..\..\AppData\Roaming\Python\Python313\site-packages\django\utils\asyncio.py:26: in inner
    return func(*args, **kwargs)
..\..\..\AppData\Roaming\Python\Python313\site-packages\django\db\backends\base\base.py:278: in ensure_connection
    with self.wrap_database_errors:
..\..\..\AppData\Roaming\Python\Python313\site-packages\django\db\utils.py:91: in __exit__
    raise dj_exc_value.with_traceback(traceback) from exc_value
..\..\..\AppData\Roaming\Python\Python313\site-packages\django\db\backends\base\base.py:279: in ensure_connection
    self.connect()
..\..\..\AppData\Roaming\Python\Python313\site-packages\django\utils\asyncio.py:26: in inner
    return func(*args, **kwargs)
..\..\..\AppData\Roaming\Python\Python313\site-packages\django\db\backends\base\base.py:256: in connect
    self.connection = self.get_new_connection(conn_params)
..\..\..\AppData\Roaming\Python\Python313\site-packages\django\utils\asyncio.py:26: in inner
    return func(*args, **kwargs)
..\..\..\AppData\Roaming\Python\Python313\site-packages\django\db\backends\postgresql\base.py:332: in get_new_connection
    connection = self.Database.connect(**conn_params)
_ _ _ _ _ _ _ _ _ _ _ _ _ _ _ _ _ _ _ _ _ _ _ _ _ _ _ _ _ _ _ _ _ _ _ _ _ _ _ _

cls = <class 'psycopg.Connection'>
conninfo = 'dbname=ruffles_db client_encoding=UTF8 user=postgres password=postgres host=localhost port=5432 hostaddr=127.0.0.1'
autocommit = False, prepare_threshold = None
context = <psycopg.adapt.AdaptersMap object at 0x000001CEB3E42350>
row_factory = None
cursor_factory = <class 'django.db.backends.postgresql.base.Cursor'>
kwargs = {'client_encoding': 'UTF8', 'dbname': 'ruffles_db', 'host': 'localhost', 'password': 'postgres', ...}
params = {'client_encoding': 'UTF8', 'dbname': 'ruffles_db', 'host': 'localhost', 'password': 'postgres', ...}
timeout = 130

    @classmethod
    def connect(
        cls,
        conninfo: str = "",
        *,
        autocommit: bool = False,
        prepare_threshold: int | None = 5,
        context: AdaptContext | None = None,
        row_factory: RowFactory[Row] | None = None,
        cursor_factory: type[Cursor[Row]] | None = None,
        **kwargs: ConnParam,
    ) -> Self:
        """
        Connect to a database server and return a new `Connection` instance.
        """
    
        params = cls._get_connection_params(conninfo, **kwargs)
        timeout = timeout_from_conninfo(params)
        rv = None
        attempts = conninfo_attempts(params)
        conn_errors: list[tuple[e.Error, str]] = []
        for attempt in attempts:
            tdescr = (attempt.get("host"), attempt.get("port"), attempt.get("hostaddr"))
            descr = "host: %r, port: %r, hostaddr: %r" % tdescr
            logger.debug("connection attempt: %s", descr)
            try:
                conninfo = make_conninfo("", **attempt)
                gen = cls._connect_gen(conninfo, timeout=timeout)
                rv = waiting.wait_conn(gen, interval=_WAIT_INTERVAL)
            except e.Error as ex:
                logger.debug("connection failed: %s: %s", descr, str(ex))
                conn_errors.append((ex, descr))
            except e._NO_TRACEBACK as ex:
                raise ex.with_traceback(None)
            else:
                logger.debug("connection succeeded: %s", descr)
                break
    
        if not rv:
            last_ex = conn_errors[-1][0]
            if len(conn_errors) == 1:
                raise last_ex.with_traceback(None)
    
            # Create a new exception with the same type as the last one, containing
            # all attempt errors while preserving backward compatibility.
            lines = [str(last_ex)]
            lines.append("Multiple connection attempts failed. All failures were:")
            lines.extend((f"- {descr}: {error}" for error, descr in conn_errors))
>           raise type(last_ex)("\n".join(lines)).with_traceback(None)
E           django.db.utils.OperationalError: connection failed: connection to server at "127.0.0.1", port 5432 failed: FATAL:  la autentificaci\ufffdn password fall\ufffd para el usuario \ufffdpostgres\ufffd
E           Multiple connection attempts failed. All failures were:
E           - host: 'localhost', port: '5432', hostaddr: '::1': connection failed: connection to server at "::1", port 5432 failed: FATAL:  la autentificaci\ufffdn password fall\ufffd para el usuario \ufffdpostgres\ufffd
E           - host: 'localhost', port: '5432', hostaddr: '127.0.0.1': connection failed: connection to server at "127.0.0.1", port 5432 failed: FATAL:  la autentificaci\ufffdn password fall\ufffd para el usuario \ufffdpostgres\ufffd

..\..\..\AppData\Roaming\Python\Python313\site-packages\psycopg\connection.py:127: OperationalError
_______ ERROR at setup of TestRaffleAPI.test_organizer_sees_all_raffles _______

self = <DatabaseWrapper vendor='postgresql' alias='__no_db__'>

    @async_unsafe
    def ensure_connection(self):
        """Guarantee that a connection to the database is established."""
        if self.connection is None:
            if self.in_atomic_block and self.closed_in_transaction:
                raise ProgrammingError(
                    "Cannot open a new connection in an atomic block."
                )
            with self.wrap_database_errors:
>               self.connect()

..\..\..\AppData\Roaming\Python\Python313\site-packages\django\db\backends\base\base.py:279: 
_ _ _ _ _ _ _ _ _ _ _ _ _ _ _ _ _ _ _ _ _ _ _ _ _ _ _ _ _ _ _ _ _ _ _ _ _ _ _ _
..\..\..\AppData\Roaming\Python\Python313\site-packages\django\utils\asyncio.py:26: in inner
    return func(*args, **kwargs)
..\..\..\AppData\Roaming\Python\Python313\site-packages\django\db\backends\base\base.py:256: in connect
    self.connection = self.get_new_connection(conn_params)
..\..\..\AppData\Roaming\Python\Python313\site-packages\django\utils\asyncio.py:26: in inner
    return func(*args, **kwargs)
..\..\..\AppData\Roaming\Python\Python313\site-packages\django\db\backends\postgresql\base.py:332: in get_new_connection
    connection = self.Database.connect(**conn_params)
_ _ _ _ _ _ _ _ _ _ _ _ _ _ _ _ _ _ _ _ _ _ _ _ _ _ _ _ _ _ _ _ _ _ _ _ _ _ _ _

cls = <class 'psycopg.Connection'>
conninfo = 'dbname=postgres client_encoding=UTF8 user=postgres password=postgres host=localhost port=5432 hostaddr=127.0.0.1'
autocommit = False, prepare_threshold = None
context = <psycopg.adapt.AdaptersMap object at 0x000001CEB3E42350>
row_factory = None
cursor_factory = <class 'django.db.backends.postgresql.base.Cursor'>
kwargs = {'client_encoding': 'UTF8', 'dbname': 'postgres', 'host': 'localhost', 'password': 'postgres', ...}
params = {'client_encoding': 'UTF8', 'dbname': 'postgres', 'host': 'localhost', 'password': 'postgres', ...}
timeout = 130

    @classmethod
    def connect(
        cls,
        conninfo: str = "",
        *,
        autocommit: bool = False,
        prepare_threshold: int | None = 5,
        context: AdaptContext | None = None,
        row_factory: RowFactory[Row] | None = None,
        cursor_factory: type[Cursor[Row]] | None = None,
        **kwargs: ConnParam,
    ) -> Self:
        """
        Connect to a database server and return a new `Connection` instance.
        """
    
        params = cls._get_connection_params(conninfo, **kwargs)
        timeout = timeout_from_conninfo(params)
        rv = None
        attempts = conninfo_attempts(params)
        conn_errors: list[tuple[e.Error, str]] = []
        for attempt in attempts:
            tdescr = (attempt.get("host"), attempt.get("port"), attempt.get("hostaddr"))
            descr = "host: %r, port: %r, hostaddr: %r" % tdescr
            logger.debug("connection attempt: %s", descr)
            try:
                conninfo = make_conninfo("", **attempt)
                gen = cls._connect_gen(conninfo, timeout=timeout)
                rv = waiting.wait_conn(gen, interval=_WAIT_INTERVAL)
            except e.Error as ex:
                logger.debug("connection failed: %s: %s", descr, str(ex))
                conn_errors.append((ex, descr))
            except e._NO_TRACEBACK as ex:
                raise ex.with_traceback(None)
            else:
                logger.debug("connection succeeded: %s", descr)
                break
    
        if not rv:
            last_ex = conn_errors[-1][0]
            if len(conn_errors) == 1:
                raise last_ex.with_traceback(None)
    
            # Create a new exception with the same type as the last one, containing
            # all attempt errors while preserving backward compatibility.
            lines = [str(last_ex)]
            lines.append("Multiple connection attempts failed. All failures were:")
            lines.extend((f"- {descr}: {error}" for error, descr in conn_errors))
>           raise type(last_ex)("\n".join(lines)).with_traceback(None)
E           psycopg.OperationalError: connection failed: connection to server at "127.0.0.1", port 5432 failed: FATAL:  la autentificaci\ufffdn password fall\ufffd para el usuario \ufffdpostgres\ufffd
E           Multiple connection attempts failed. All failures were:
E           - host: 'localhost', port: '5432', hostaddr: '::1': connection failed: connection to server at "::1", port 5432 failed: FATAL:  la autentificaci\ufffdn password fall\ufffd para el usuario \ufffdpostgres\ufffd
E           - host: 'localhost', port: '5432', hostaddr: '127.0.0.1': connection failed: connection to server at "127.0.0.1", port 5432 failed: FATAL:  la autentificaci\ufffdn password fall\ufffd para el usuario \ufffdpostgres\ufffd

..\..\..\AppData\Roaming\Python\Python313\site-packages\psycopg\connection.py:127: OperationalError

The above exception was the direct cause of the following exception:

self = <DatabaseWrapper vendor='postgresql' alias='default'>

    @contextmanager
    def _nodb_cursor(self):
        cursor = None
        try:
>           with super()._nodb_cursor() as cursor:

..\..\..\AppData\Roaming\Python\Python313\site-packages\django\db\backends\postgresql\base.py:507: 
_ _ _ _ _ _ _ _ _ _ _ _ _ _ _ _ _ _ _ _ _ _ _ _ _ _ _ _ _ _ _ _ _ _ _ _ _ _ _ _
C:\Python313\Lib\contextlib.py:141: in __enter__
    return next(self.gen)
..\..\..\AppData\Roaming\Python\Python313\site-packages\django\db\backends\base\base.py:712: in _nodb_cursor
    with conn.cursor() as cursor:
..\..\..\AppData\Roaming\Python\Python313\site-packages\django\utils\asyncio.py:26: in inner
    return func(*args, **kwargs)
..\..\..\AppData\Roaming\Python\Python313\site-packages\django\db\backends\base\base.py:320: in cursor
    return self._cursor()
..\..\..\AppData\Roaming\Python\Python313\site-packages\django\db\backends\base\base.py:296: in _cursor
    self.ensure_connection()
..\..\..\AppData\Roaming\Python\Python313\site-packages\django\utils\asyncio.py:26: in inner
    return func(*args, **kwargs)
..\..\..\AppData\Roaming\Python\Python313\site-packages\django\db\backends\base\base.py:278: in ensure_connection
    with self.wrap_database_errors:
..\..\..\AppData\Roaming\Python\Python313\site-packages\django\db\utils.py:91: in __exit__
    raise dj_exc_value.with_traceback(traceback) from exc_value
..\..\..\AppData\Roaming\Python\Python313\site-packages\django\db\backends\base\base.py:279: in ensure_connection
    self.connect()
..\..\..\AppData\Roaming\Python\Python313\site-packages\django\utils\asyncio.py:26: in inner
    return func(*args, **kwargs)
..\..\..\AppData\Roaming\Python\Python313\site-packages\django\db\backends\base\base.py:256: in connect
    self.connection = self.get_new_connection(conn_params)
..\..\..\AppData\Roaming\Python\Python313\site-packages\django\utils\asyncio.py:26: in inner
    return func(*args, **kwargs)
..\..\..\AppData\Roaming\Python\Python313\site-packages\django\db\backends\postgresql\base.py:332: in get_new_connection
    connection = self.Database.connect(**conn_params)
_ _ _ _ _ _ _ _ _ _ _ _ _ _ _ _ _ _ _ _ _ _ _ _ _ _ _ _ _ _ _ _ _ _ _ _ _ _ _ _

cls = <class 'psycopg.Connection'>
conninfo = 'dbname=postgres client_encoding=UTF8 user=postgres password=postgres host=localhost port=5432 hostaddr=127.0.0.1'
autocommit = False, prepare_threshold = None
context = <psycopg.adapt.AdaptersMap object at 0x000001CEB3E42350>
row_factory = None
cursor_factory = <class 'django.db.backends.postgresql.base.Cursor'>
kwargs = {'client_encoding': 'UTF8', 'dbname': 'postgres', 'host': 'localhost', 'password': 'postgres', ...}
params = {'client_encoding': 'UTF8', 'dbname': 'postgres', 'host': 'localhost', 'password': 'postgres', ...}
timeout = 130

    @classmethod
    def connect(
        cls,
        conninfo: str = "",
        *,
        autocommit: bool = False,
        prepare_threshold: int | None = 5,
        context: AdaptContext | None = None,
        row_factory: RowFactory[Row] | None = None,
        cursor_factory: type[Cursor[Row]] | None = None,
        **kwargs: ConnParam,
    ) -> Self:
        """
        Connect to a database server and return a new `Connection` instance.
        """
    
        params = cls._get_connection_params(conninfo, **kwargs)
        timeout = timeout_from_conninfo(params)
        rv = None
        attempts = conninfo_attempts(params)
        conn_errors: list[tuple[e.Error, str]] = []
        for attempt in attempts:
            tdescr = (attempt.get("host"), attempt.get("port"), attempt.get("hostaddr"))
            descr = "host: %r, port: %r, hostaddr: %r" % tdescr
            logger.debug("connection attempt: %s", descr)
            try:
                conninfo = make_conninfo("", **attempt)
                gen = cls._connect_gen(conninfo, timeout=timeout)
                rv = waiting.wait_conn(gen, interval=_WAIT_INTERVAL)
            except e.Error as ex:
                logger.debug("connection failed: %s: %s", descr, str(ex))
                conn_errors.append((ex, descr))
            except e._NO_TRACEBACK as ex:
                raise ex.with_traceback(None)
            else:
                logger.debug("connection succeeded: %s", descr)
                break
    
        if not rv:
            last_ex = conn_errors[-1][0]
            if len(conn_errors) == 1:
                raise last_ex.with_traceback(None)
    
            # Create a new exception with the same type as the last one, containing
            # all attempt errors while preserving backward compatibility.
            lines = [str(last_ex)]
            lines.append("Multiple connection attempts failed. All failures were:")
            lines.extend((f"- {descr}: {error}" for error, descr in conn_errors))
>           raise type(last_ex)("\n".join(lines)).with_traceback(None)
E           django.db.utils.OperationalError: connection failed: connection to server at "127.0.0.1", port 5432 failed: FATAL:  la autentificaci\ufffdn password fall\ufffd para el usuario \ufffdpostgres\ufffd
E           Multiple connection attempts failed. All failures were:
E           - host: 'localhost', port: '5432', hostaddr: '::1': connection failed: connection to server at "::1", port 5432 failed: FATAL:  la autentificaci\ufffdn password fall\ufffd para el usuario \ufffdpostgres\ufffd
E           - host: 'localhost', port: '5432', hostaddr: '127.0.0.1': connection failed: connection to server at "127.0.0.1", port 5432 failed: FATAL:  la autentificaci\ufffdn password fall\ufffd para el usuario \ufffdpostgres\ufffd

..\..\..\AppData\Roaming\Python\Python313\site-packages\psycopg\connection.py:127: OperationalError

During handling of the above exception, another exception occurred:

self = <DatabaseWrapper vendor='postgresql' alias='default'>

    @async_unsafe
    def ensure_connection(self):
        """Guarantee that a connection to the database is established."""
        if self.connection is None:
            if self.in_atomic_block and self.closed_in_transaction:
                raise ProgrammingError(
                    "Cannot open a new connection in an atomic block."
                )
            with self.wrap_database_errors:
>               self.connect()

..\..\..\AppData\Roaming\Python\Python313\site-packages\django\db\backends\base\base.py:279: 
_ _ _ _ _ _ _ _ _ _ _ _ _ _ _ _ _ _ _ _ _ _ _ _ _ _ _ _ _ _ _ _ _ _ _ _ _ _ _ _
..\..\..\AppData\Roaming\Python\Python313\site-packages\django\utils\asyncio.py:26: in inner
    return func(*args, **kwargs)
..\..\..\AppData\Roaming\Python\Python313\site-packages\django\db\backends\base\base.py:256: in connect
    self.connection = self.get_new_connection(conn_params)
..\..\..\AppData\Roaming\Python\Python313\site-packages\django\utils\asyncio.py:26: in inner
    return func(*args, **kwargs)
..\..\..\AppData\Roaming\Python\Python313\site-packages\django\db\backends\postgresql\base.py:332: in get_new_connection
    connection = self.Database.connect(**conn_params)
_ _ _ _ _ _ _ _ _ _ _ _ _ _ _ _ _ _ _ _ _ _ _ _ _ _ _ _ _ _ _ _ _ _ _ _ _ _ _ _

cls = <class 'psycopg.Connection'>
conninfo = 'dbname=ruffles_db client_encoding=UTF8 user=postgres password=postgres host=localhost port=5432 hostaddr=127.0.0.1'
autocommit = False, prepare_threshold = None
context = <psycopg.adapt.AdaptersMap object at 0x000001CEB3E42350>
row_factory = None
cursor_factory = <class 'django.db.backends.postgresql.base.Cursor'>
kwargs = {'client_encoding': 'UTF8', 'dbname': 'ruffles_db', 'host': 'localhost', 'password': 'postgres', ...}
params = {'client_encoding': 'UTF8', 'dbname': 'ruffles_db', 'host': 'localhost', 'password': 'postgres', ...}
timeout = 130

    @classmethod
    def connect(
        cls,
        conninfo: str = "",
        *,
        autocommit: bool = False,
        prepare_threshold: int | None = 5,
        context: AdaptContext | None = None,
        row_factory: RowFactory[Row] | None = None,
        cursor_factory: type[Cursor[Row]] | None = None,
        **kwargs: ConnParam,
    ) -> Self:
        """
        Connect to a database server and return a new `Connection` instance.
        """
    
        params = cls._get_connection_params(conninfo, **kwargs)
        timeout = timeout_from_conninfo(params)
        rv = None
        attempts = conninfo_attempts(params)
        conn_errors: list[tuple[e.Error, str]] = []
        for attempt in attempts:
            tdescr = (attempt.get("host"), attempt.get("port"), attempt.get("hostaddr"))
            descr = "host: %r, port: %r, hostaddr: %r" % tdescr
            logger.debug("connection attempt: %s", descr)
            try:
                conninfo = make_conninfo("", **attempt)
                gen = cls._connect_gen(conninfo, timeout=timeout)
                rv = waiting.wait_conn(gen, interval=_WAIT_INTERVAL)
            except e.Error as ex:
                logger.debug("connection failed: %s: %s", descr, str(ex))
                conn_errors.append((ex, descr))
            except e._NO_TRACEBACK as ex:
                raise ex.with_traceback(None)
            else:
                logger.debug("connection succeeded: %s", descr)
                break
    
        if not rv:
            last_ex = conn_errors[-1][0]
            if len(conn_errors) == 1:
                raise last_ex.with_traceback(None)
    
            # Create a new exception with the same type as the last one, containing
            # all attempt errors while preserving backward compatibility.
            lines = [str(last_ex)]
            lines.append("Multiple connection attempts failed. All failures were:")
            lines.extend((f"- {descr}: {error}" for error, descr in conn_errors))
>           raise type(last_ex)("\n".join(lines)).with_traceback(None)
E           psycopg.OperationalError: connection failed: connection to server at "127.0.0.1", port 5432 failed: FATAL:  la autentificaci\ufffdn password fall\ufffd para el usuario \ufffdpostgres\ufffd
E           Multiple connection attempts failed. All failures were:
E           - host: 'localhost', port: '5432', hostaddr: '::1': connection failed: connection to server at "::1", port 5432 failed: FATAL:  la autentificaci\ufffdn password fall\ufffd para el usuario \ufffdpostgres\ufffd
E           - host: 'localhost', port: '5432', hostaddr: '127.0.0.1': connection failed: connection to server at "127.0.0.1", port 5432 failed: FATAL:  la autentificaci\ufffdn password fall\ufffd para el usuario \ufffdpostgres\ufffd

..\..\..\AppData\Roaming\Python\Python313\site-packages\psycopg\connection.py:127: OperationalError

The above exception was the direct cause of the following exception:

request = <SubRequest 'django_db_setup' for <Function test_login_success_returns_jwt>>
django_test_environment = None
django_db_blocker = <pytest_django.plugin.DjangoDbBlocker object at 0x000001CEB17F0050>
django_db_use_migrations = True, django_db_keepdb = False
django_db_createdb = False, django_db_modify_db_settings = None

    @pytest.fixture(scope="session")
    def django_db_setup(
        request: pytest.FixtureRequest,
        django_test_environment: None,
        django_db_blocker: DjangoDbBlocker,
        django_db_use_migrations: bool,
        django_db_keepdb: bool,
        django_db_createdb: bool,
        django_db_modify_db_settings: None,
    ) -> Generator[None, None, None]:
        """Top level fixture to ensure test databases are available"""
        from django.test.utils import setup_databases, teardown_databases
    
        setup_databases_args = {}
    
        if not django_db_use_migrations:
            _disable_migrations()
    
        if django_db_keepdb and not django_db_createdb:
            setup_databases_args["keepdb"] = True
    
        with django_db_blocker.unblock():
>           db_cfg = setup_databases(
                verbosity=request.config.option.verbose,
                interactive=False,
                **setup_databases_args,
            )

..\..\..\AppData\Roaming\Python\Python313\site-packages\pytest_django\fixtures.py:140: 
_ _ _ _ _ _ _ _ _ _ _ _ _ _ _ _ _ _ _ _ _ _ _ _ _ _ _ _ _ _ _ _ _ _ _ _ _ _ _ _
..\..\..\AppData\Roaming\Python\Python313\site-packages\django\test\utils.py:204: in setup_databases
    connection.creation.create_test_db(
..\..\..\AppData\Roaming\Python\Python313\site-packages\django\db\backends\base\creation.py:62: in create_test_db
    self._create_test_db(verbosity, autoclobber, keepdb)
..\..\..\AppData\Roaming\Python\Python313\site-packages\django\db\backends\base\creation.py:202: in _create_test_db
    with self._nodb_cursor() as cursor:
C:\Python313\Lib\contextlib.py:141: in __enter__
    return next(self.gen)
..\..\..\AppData\Roaming\Python\Python313\site-packages\django\db\backends\postgresql\base.py:533: in _nodb_cursor
    with conn.cursor() as cursor:
..\..\..\AppData\Roaming\Python\Python313\site-packages\django\utils\asyncio.py:26: in inner
    return func(*args, **kwargs)
..\..\..\AppData\Roaming\Python\Python313\site-packages\django\db\backends\base\base.py:320: in cursor
    return self._cursor()
..\..\..\AppData\Roaming\Python\Python313\site-packages\django\db\backends\base\base.py:296: in _cursor
    self.ensure_connection()
..\..\..\AppData\Roaming\Python\Python313\site-packages\django\utils\asyncio.py:26: in inner
    return func(*args, **kwargs)
..\..\..\AppData\Roaming\Python\Python313\site-packages\django\db\backends\base\base.py:278: in ensure_connection
    with self.wrap_database_errors:
..\..\..\AppData\Roaming\Python\Python313\site-packages\django\db\utils.py:91: in __exit__
    raise dj_exc_value.with_traceback(traceback) from exc_value
..\..\..\AppData\Roaming\Python\Python313\site-packages\django\db\backends\base\base.py:279: in ensure_connection
    self.connect()
..\..\..\AppData\Roaming\Python\Python313\site-packages\django\utils\asyncio.py:26: in inner
    return func(*args, **kwargs)
..\..\..\AppData\Roaming\Python\Python313\site-packages\django\db\backends\base\base.py:256: in connect
    self.connection = self.get_new_connection(conn_params)
..\..\..\AppData\Roaming\Python\Python313\site-packages\django\utils\asyncio.py:26: in inner
    return func(*args, **kwargs)
..\..\..\AppData\Roaming\Python\Python313\site-packages\django\db\backends\postgresql\base.py:332: in get_new_connection
    connection = self.Database.connect(**conn_params)
_ _ _ _ _ _ _ _ _ _ _ _ _ _ _ _ _ _ _ _ _ _ _ _ _ _ _ _ _ _ _ _ _ _ _ _ _ _ _ _

cls = <class 'psycopg.Connection'>
conninfo = 'dbname=ruffles_db client_encoding=UTF8 user=postgres password=postgres host=localhost port=5432 hostaddr=127.0.0.1'
autocommit = False, prepare_threshold = None
context = <psycopg.adapt.AdaptersMap object at 0x000001CEB3E42350>
row_factory = None
cursor_factory = <class 'django.db.backends.postgresql.base.Cursor'>
kwargs = {'client_encoding': 'UTF8', 'dbname': 'ruffles_db', 'host': 'localhost', 'password': 'postgres', ...}
params = {'client_encoding': 'UTF8', 'dbname': 'ruffles_db', 'host': 'localhost', 'password': 'postgres', ...}
timeout = 130

    @classmethod
    def connect(
        cls,
        conninfo: str = "",
        *,
        autocommit: bool = False,
        prepare_threshold: int | None = 5,
        context: AdaptContext | None = None,
        row_factory: RowFactory[Row] | None = None,
        cursor_factory: type[Cursor[Row]] | None = None,
        **kwargs: ConnParam,
    ) -> Self:
        """
        Connect to a database server and return a new `Connection` instance.
        """
    
        params = cls._get_connection_params(conninfo, **kwargs)
        timeout = timeout_from_conninfo(params)
        rv = None
        attempts = conninfo_attempts(params)
        conn_errors: list[tuple[e.Error, str]] = []
        for attempt in attempts:
            tdescr = (attempt.get("host"), attempt.get("port"), attempt.get("hostaddr"))
            descr = "host: %r, port: %r, hostaddr: %r" % tdescr
            logger.debug("connection attempt: %s", descr)
            try:
                conninfo = make_conninfo("", **attempt)
                gen = cls._connect_gen(conninfo, timeout=timeout)
                rv = waiting.wait_conn(gen, interval=_WAIT_INTERVAL)
            except e.Error as ex:
                logger.debug("connection failed: %s: %s", descr, str(ex))
                conn_errors.append((ex, descr))
            except e._NO_TRACEBACK as ex:
                raise ex.with_traceback(None)
            else:
                logger.debug("connection succeeded: %s", descr)
                break
    
        if not rv:
            last_ex = conn_errors[-1][0]
            if len(conn_errors) == 1:
                raise last_ex.with_traceback(None)
    
            # Create a new exception with the same type as the last one, containing
            # all attempt errors while preserving backward compatibility.
            lines = [str(last_ex)]
            lines.append("Multiple connection attempts failed. All failures were:")
            lines.extend((f"- {descr}: {error}" for error, descr in conn_errors))
>           raise type(last_ex)("\n".join(lines)).with_traceback(None)
E           django.db.utils.OperationalError: connection failed: connection to server at "127.0.0.1", port 5432 failed: FATAL:  la autentificaci\ufffdn password fall\ufffd para el usuario \ufffdpostgres\ufffd
E           Multiple connection attempts failed. All failures were:
E           - host: 'localhost', port: '5432', hostaddr: '::1': connection failed: connection to server at "::1", port 5432 failed: FATAL:  la autentificaci\ufffdn password fall\ufffd para el usuario \ufffdpostgres\ufffd
E           - host: 'localhost', port: '5432', hostaddr: '127.0.0.1': connection failed: connection to server at "127.0.0.1", port 5432 failed: FATAL:  la autentificaci\ufffdn password fall\ufffd para el usuario \ufffdpostgres\ufffd

..\..\..\AppData\Roaming\Python\Python313\site-packages\psycopg\connection.py:127: OperationalError
__________ ERROR at setup of TestRaffleAPI.test_organizer_card_field __________

self = <DatabaseWrapper vendor='postgresql' alias='__no_db__'>

    @async_unsafe
    def ensure_connection(self):
        """Guarantee that a connection to the database is established."""
        if self.connection is None:
            if self.in_atomic_block and self.closed_in_transaction:
                raise ProgrammingError(
                    "Cannot open a new connection in an atomic block."
                )
            with self.wrap_database_errors:
>               self.connect()

..\..\..\AppData\Roaming\Python\Python313\site-packages\django\db\backends\base\base.py:279: 
_ _ _ _ _ _ _ _ _ _ _ _ _ _ _ _ _ _ _ _ _ _ _ _ _ _ _ _ _ _ _ _ _ _ _ _ _ _ _ _
..\..\..\AppData\Roaming\Python\Python313\site-packages\django\utils\asyncio.py:26: in inner
    return func(*args, **kwargs)
..\..\..\AppData\Roaming\Python\Python313\site-packages\django\db\backends\base\base.py:256: in connect
    self.connection = self.get_new_connection(conn_params)
..\..\..\AppData\Roaming\Python\Python313\site-packages\django\utils\asyncio.py:26: in inner
    return func(*args, **kwargs)
..\..\..\AppData\Roaming\Python\Python313\site-packages\django\db\backends\postgresql\base.py:332: in get_new_connection
    connection = self.Database.connect(**conn_params)
_ _ _ _ _ _ _ _ _ _ _ _ _ _ _ _ _ _ _ _ _ _ _ _ _ _ _ _ _ _ _ _ _ _ _ _ _ _ _ _

cls = <class 'psycopg.Connection'>
conninfo = 'dbname=postgres client_encoding=UTF8 user=postgres password=postgres host=localhost port=5432 hostaddr=127.0.0.1'
autocommit = False, prepare_threshold = None
context = <psycopg.adapt.AdaptersMap object at 0x000001CEB3E42350>
row_factory = None
cursor_factory = <class 'django.db.backends.postgresql.base.Cursor'>
kwargs = {'client_encoding': 'UTF8', 'dbname': 'postgres', 'host': 'localhost', 'password': 'postgres', ...}
params = {'client_encoding': 'UTF8', 'dbname': 'postgres', 'host': 'localhost', 'password': 'postgres', ...}
timeout = 130

    @classmethod
    def connect(
        cls,
        conninfo: str = "",
        *,
        autocommit: bool = False,
        prepare_threshold: int | None = 5,
        context: AdaptContext | None = None,
        row_factory: RowFactory[Row] | None = None,
        cursor_factory: type[Cursor[Row]] | None = None,
        **kwargs: ConnParam,
    ) -> Self:
        """
        Connect to a database server and return a new `Connection` instance.
        """
    
        params = cls._get_connection_params(conninfo, **kwargs)
        timeout = timeout_from_conninfo(params)
        rv = None
        attempts = conninfo_attempts(params)
        conn_errors: list[tuple[e.Error, str]] = []
        for attempt in attempts:
            tdescr = (attempt.get("host"), attempt.get("port"), attempt.get("hostaddr"))
            descr = "host: %r, port: %r, hostaddr: %r" % tdescr
            logger.debug("connection attempt: %s", descr)
            try:
                conninfo = make_conninfo("", **attempt)
                gen = cls._connect_gen(conninfo, timeout=timeout)
                rv = waiting.wait_conn(gen, interval=_WAIT_INTERVAL)
            except e.Error as ex:
                logger.debug("connection failed: %s: %s", descr, str(ex))
                conn_errors.append((ex, descr))
            except e._NO_TRACEBACK as ex:
                raise ex.with_traceback(None)
            else:
                logger.debug("connection succeeded: %s", descr)
                break
    
        if not rv:
            last_ex = conn_errors[-1][0]
            if len(conn_errors) == 1:
                raise last_ex.with_traceback(None)
    
            # Create a new exception with the same type as the last one, containing
            # all attempt errors while preserving backward compatibility.
            lines = [str(last_ex)]
            lines.append("Multiple connection attempts failed. All failures were:")
            lines.extend((f"- {descr}: {error}" for error, descr in conn_errors))
>           raise type(last_ex)("\n".join(lines)).with_traceback(None)
E           psycopg.OperationalError: connection failed: connection to server at "127.0.0.1", port 5432 failed: FATAL:  la autentificaci\ufffdn password fall\ufffd para el usuario \ufffdpostgres\ufffd
E           Multiple connection attempts failed. All failures were:
E           - host: 'localhost', port: '5432', hostaddr: '::1': connection failed: connection to server at "::1", port 5432 failed: FATAL:  la autentificaci\ufffdn password fall\ufffd para el usuario \ufffdpostgres\ufffd
E           - host: 'localhost', port: '5432', hostaddr: '127.0.0.1': connection failed: connection to server at "127.0.0.1", port 5432 failed: FATAL:  la autentificaci\ufffdn password fall\ufffd para el usuario \ufffdpostgres\ufffd

..\..\..\AppData\Roaming\Python\Python313\site-packages\psycopg\connection.py:127: OperationalError

The above exception was the direct cause of the following exception:

self = <DatabaseWrapper vendor='postgresql' alias='default'>

    @contextmanager
    def _nodb_cursor(self):
        cursor = None
        try:
>           with super()._nodb_cursor() as cursor:

..\..\..\AppData\Roaming\Python\Python313\site-packages\django\db\backends\postgresql\base.py:507: 
_ _ _ _ _ _ _ _ _ _ _ _ _ _ _ _ _ _ _ _ _ _ _ _ _ _ _ _ _ _ _ _ _ _ _ _ _ _ _ _
C:\Python313\Lib\contextlib.py:141: in __enter__
    return next(self.gen)
..\..\..\AppData\Roaming\Python\Python313\site-packages\django\db\backends\base\base.py:712: in _nodb_cursor
    with conn.cursor() as cursor:
..\..\..\AppData\Roaming\Python\Python313\site-packages\django\utils\asyncio.py:26: in inner
    return func(*args, **kwargs)
..\..\..\AppData\Roaming\Python\Python313\site-packages\django\db\backends\base\base.py:320: in cursor
    return self._cursor()
..\..\..\AppData\Roaming\Python\Python313\site-packages\django\db\backends\base\base.py:296: in _cursor
    self.ensure_connection()
..\..\..\AppData\Roaming\Python\Python313\site-packages\django\utils\asyncio.py:26: in inner
    return func(*args, **kwargs)
..\..\..\AppData\Roaming\Python\Python313\site-packages\django\db\backends\base\base.py:278: in ensure_connection
    with self.wrap_database_errors:
..\..\..\AppData\Roaming\Python\Python313\site-packages\django\db\utils.py:91: in __exit__
    raise dj_exc_value.with_traceback(traceback) from exc_value
..\..\..\AppData\Roaming\Python\Python313\site-packages\django\db\backends\base\base.py:279: in ensure_connection
    self.connect()
..\..\..\AppData\Roaming\Python\Python313\site-packages\django\utils\asyncio.py:26: in inner
    return func(*args, **kwargs)
..\..\..\AppData\Roaming\Python\Python313\site-packages\django\db\backends\base\base.py:256: in connect
    self.connection = self.get_new_connection(conn_params)
..\..\..\AppData\Roaming\Python\Python313\site-packages\django\utils\asyncio.py:26: in inner
    return func(*args, **kwargs)
..\..\..\AppData\Roaming\Python\Python313\site-packages\django\db\backends\postgresql\base.py:332: in get_new_connection
    connection = self.Database.connect(**conn_params)
_ _ _ _ _ _ _ _ _ _ _ _ _ _ _ _ _ _ _ _ _ _ _ _ _ _ _ _ _ _ _ _ _ _ _ _ _ _ _ _

cls = <class 'psycopg.Connection'>
conninfo = 'dbname=postgres client_encoding=UTF8 user=postgres password=postgres host=localhost port=5432 hostaddr=127.0.0.1'
autocommit = False, prepare_threshold = None
context = <psycopg.adapt.AdaptersMap object at 0x000001CEB3E42350>
row_factory = None
cursor_factory = <class 'django.db.backends.postgresql.base.Cursor'>
kwargs = {'client_encoding': 'UTF8', 'dbname': 'postgres', 'host': 'localhost', 'password': 'postgres', ...}
params = {'client_encoding': 'UTF8', 'dbname': 'postgres', 'host': 'localhost', 'password': 'postgres', ...}
timeout = 130

    @classmethod
    def connect(
        cls,
        conninfo: str = "",
        *,
        autocommit: bool = False,
        prepare_threshold: int | None = 5,
        context: AdaptContext | None = None,
        row_factory: RowFactory[Row] | None = None,
        cursor_factory: type[Cursor[Row]] | None = None,
        **kwargs: ConnParam,
    ) -> Self:
        """
        Connect to a database server and return a new `Connection` instance.
        """
    
        params = cls._get_connection_params(conninfo, **kwargs)
        timeout = timeout_from_conninfo(params)
        rv = None
        attempts = conninfo_attempts(params)
        conn_errors: list[tuple[e.Error, str]] = []
        for attempt in attempts:
            tdescr = (attempt.get("host"), attempt.get("port"), attempt.get("hostaddr"))
            descr = "host: %r, port: %r, hostaddr: %r" % tdescr
            logger.debug("connection attempt: %s", descr)
            try:
                conninfo = make_conninfo("", **attempt)
                gen = cls._connect_gen(conninfo, timeout=timeout)
                rv = waiting.wait_conn(gen, interval=_WAIT_INTERVAL)
            except e.Error as ex:
                logger.debug("connection failed: %s: %s", descr, str(ex))
                conn_errors.append((ex, descr))
            except e._NO_TRACEBACK as ex:
                raise ex.with_traceback(None)
            else:
                logger.debug("connection succeeded: %s", descr)
                break
    
        if not rv:
            last_ex = conn_errors[-1][0]
            if len(conn_errors) == 1:
                raise last_ex.with_traceback(None)
    
            # Create a new exception with the same type as the last one, containing
            # all attempt errors while preserving backward compatibility.
            lines = [str(last_ex)]
            lines.append("Multiple connection attempts failed. All failures were:")
            lines.extend((f"- {descr}: {error}" for error, descr in conn_errors))
>           raise type(last_ex)("\n".join(lines)).with_traceback(None)
E           django.db.utils.OperationalError: connection failed: connection to server at "127.0.0.1", port 5432 failed: FATAL:  la autentificaci\ufffdn password fall\ufffd para el usuario \ufffdpostgres\ufffd
E           Multiple connection attempts failed. All failures were:
E           - host: 'localhost', port: '5432', hostaddr: '::1': connection failed: connection to server at "::1", port 5432 failed: FATAL:  la autentificaci\ufffdn password fall\ufffd para el usuario \ufffdpostgres\ufffd
E           - host: 'localhost', port: '5432', hostaddr: '127.0.0.1': connection failed: connection to server at "127.0.0.1", port 5432 failed: FATAL:  la autentificaci\ufffdn password fall\ufffd para el usuario \ufffdpostgres\ufffd

..\..\..\AppData\Roaming\Python\Python313\site-packages\psycopg\connection.py:127: OperationalError

During handling of the above exception, another exception occurred:

self = <DatabaseWrapper vendor='postgresql' alias='default'>

    @async_unsafe
    def ensure_connection(self):
        """Guarantee that a connection to the database is established."""
        if self.connection is None:
            if self.in_atomic_block and self.closed_in_transaction:
                raise ProgrammingError(
                    "Cannot open a new connection in an atomic block."
                )
            with self.wrap_database_errors:
>               self.connect()

..\..\..\AppData\Roaming\Python\Python313\site-packages\django\db\backends\base\base.py:279: 
_ _ _ _ _ _ _ _ _ _ _ _ _ _ _ _ _ _ _ _ _ _ _ _ _ _ _ _ _ _ _ _ _ _ _ _ _ _ _ _
..\..\..\AppData\Roaming\Python\Python313\site-packages\django\utils\asyncio.py:26: in inner
    return func(*args, **kwargs)
..\..\..\AppData\Roaming\Python\Python313\site-packages\django\db\backends\base\base.py:256: in connect
    self.connection = self.get_new_connection(conn_params)
..\..\..\AppData\Roaming\Python\Python313\site-packages\django\utils\asyncio.py:26: in inner
    return func(*args, **kwargs)
..\..\..\AppData\Roaming\Python\Python313\site-packages\django\db\backends\postgresql\base.py:332: in get_new_connection
    connection = self.Database.connect(**conn_params)
_ _ _ _ _ _ _ _ _ _ _ _ _ _ _ _ _ _ _ _ _ _ _ _ _ _ _ _ _ _ _ _ _ _ _ _ _ _ _ _

cls = <class 'psycopg.Connection'>
conninfo = 'dbname=ruffles_db client_encoding=UTF8 user=postgres password=postgres host=localhost port=5432 hostaddr=127.0.0.1'
autocommit = False, prepare_threshold = None
context = <psycopg.adapt.AdaptersMap object at 0x000001CEB3E42350>
row_factory = None
cursor_factory = <class 'django.db.backends.postgresql.base.Cursor'>
kwargs = {'client_encoding': 'UTF8', 'dbname': 'ruffles_db', 'host': 'localhost', 'password': 'postgres', ...}
params = {'client_encoding': 'UTF8', 'dbname': 'ruffles_db', 'host': 'localhost', 'password': 'postgres', ...}
timeout = 130

    @classmethod
    def connect(
        cls,
        conninfo: str = "",
        *,
        autocommit: bool = False,
        prepare_threshold: int | None = 5,
        context: AdaptContext | None = None,
        row_factory: RowFactory[Row] | None = None,
        cursor_factory: type[Cursor[Row]] | None = None,
        **kwargs: ConnParam,
    ) -> Self:
        """
        Connect to a database server and return a new `Connection` instance.
        """
    
        params = cls._get_connection_params(conninfo, **kwargs)
        timeout = timeout_from_conninfo(params)
        rv = None
        attempts = conninfo_attempts(params)
        conn_errors: list[tuple[e.Error, str]] = []
        for attempt in attempts:
            tdescr = (attempt.get("host"), attempt.get("port"), attempt.get("hostaddr"))
            descr = "host: %r, port: %r, hostaddr: %r" % tdescr
            logger.debug("connection attempt: %s", descr)
            try:
                conninfo = make_conninfo("", **attempt)
                gen = cls._connect_gen(conninfo, timeout=timeout)
                rv = waiting.wait_conn(gen, interval=_WAIT_INTERVAL)
            except e.Error as ex:
                logger.debug("connection failed: %s: %s", descr, str(ex))
                conn_errors.append((ex, descr))
            except e._NO_TRACEBACK as ex:
                raise ex.with_traceback(None)
            else:
                logger.debug("connection succeeded: %s", descr)
                break
    
        if not rv:
            last_ex = conn_errors[-1][0]
            if len(conn_errors) == 1:
                raise last_ex.with_traceback(None)
    
            # Create a new exception with the same type as the last one, containing
            # all attempt errors while preserving backward compatibility.
            lines = [str(last_ex)]
            lines.append("Multiple connection attempts failed. All failures were:")
            lines.extend((f"- {descr}: {error}" for error, descr in conn_errors))
>           raise type(last_ex)("\n".join(lines)).with_traceback(None)
E           psycopg.OperationalError: connection failed: connection to server at "127.0.0.1", port 5432 failed: FATAL:  la autentificaci\ufffdn password fall\ufffd para el usuario \ufffdpostgres\ufffd
E           Multiple connection attempts failed. All failures were:
E           - host: 'localhost', port: '5432', hostaddr: '::1': connection failed: connection to server at "::1", port 5432 failed: FATAL:  la autentificaci\ufffdn password fall\ufffd para el usuario \ufffdpostgres\ufffd
E           - host: 'localhost', port: '5432', hostaddr: '127.0.0.1': connection failed: connection to server at "127.0.0.1", port 5432 failed: FATAL:  la autentificaci\ufffdn password fall\ufffd para el usuario \ufffdpostgres\ufffd

..\..\..\AppData\Roaming\Python\Python313\site-packages\psycopg\connection.py:127: OperationalError

The above exception was the direct cause of the following exception:

request = <SubRequest 'django_db_setup' for <Function test_login_success_returns_jwt>>
django_test_environment = None
django_db_blocker = <pytest_django.plugin.DjangoDbBlocker object at 0x000001CEB17F0050>
django_db_use_migrations = True, django_db_keepdb = False
django_db_createdb = False, django_db_modify_db_settings = None

    @pytest.fixture(scope="session")
    def django_db_setup(
        request: pytest.FixtureRequest,
        django_test_environment: None,
        django_db_blocker: DjangoDbBlocker,
        django_db_use_migrations: bool,
        django_db_keepdb: bool,
        django_db_createdb: bool,
        django_db_modify_db_settings: None,
    ) -> Generator[None, None, None]:
        """Top level fixture to ensure test databases are available"""
        from django.test.utils import setup_databases, teardown_databases
    
        setup_databases_args = {}
    
        if not django_db_use_migrations:
            _disable_migrations()
    
        if django_db_keepdb and not django_db_createdb:
            setup_databases_args["keepdb"] = True
    
        with django_db_blocker.unblock():
>           db_cfg = setup_databases(
                verbosity=request.config.option.verbose,
                interactive=False,
                **setup_databases_args,
            )

..\..\..\AppData\Roaming\Python\Python313\site-packages\pytest_django\fixtures.py:140: 
_ _ _ _ _ _ _ _ _ _ _ _ _ _ _ _ _ _ _ _ _ _ _ _ _ _ _ _ _ _ _ _ _ _ _ _ _ _ _ _
..\..\..\AppData\Roaming\Python\Python313\site-packages\django\test\utils.py:204: in setup_databases
    connection.creation.create_test_db(
..\..\..\AppData\Roaming\Python\Python313\site-packages\django\db\backends\base\creation.py:62: in create_test_db
    self._create_test_db(verbosity, autoclobber, keepdb)
..\..\..\AppData\Roaming\Python\Python313\site-packages\django\db\backends\base\creation.py:202: in _create_test_db
    with self._nodb_cursor() as cursor:
C:\Python313\Lib\contextlib.py:141: in __enter__
    return next(self.gen)
..\..\..\AppData\Roaming\Python\Python313\site-packages\django\db\backends\postgresql\base.py:533: in _nodb_cursor
    with conn.cursor() as cursor:
..\..\..\AppData\Roaming\Python\Python313\site-packages\django\utils\asyncio.py:26: in inner
    return func(*args, **kwargs)
..\..\..\AppData\Roaming\Python\Python313\site-packages\django\db\backends\base\base.py:320: in cursor
    return self._cursor()
..\..\..\AppData\Roaming\Python\Python313\site-packages\django\db\backends\base\base.py:296: in _cursor
    self.ensure_connection()
..\..\..\AppData\Roaming\Python\Python313\site-packages\django\utils\asyncio.py:26: in inner
    return func(*args, **kwargs)
..\..\..\AppData\Roaming\Python\Python313\site-packages\django\db\backends\base\base.py:278: in ensure_connection
    with self.wrap_database_errors:
..\..\..\AppData\Roaming\Python\Python313\site-packages\django\db\utils.py:91: in __exit__
    raise dj_exc_value.with_traceback(traceback) from exc_value
..\..\..\AppData\Roaming\Python\Python313\site-packages\django\db\backends\base\base.py:279: in ensure_connection
    self.connect()
..\..\..\AppData\Roaming\Python\Python313\site-packages\django\utils\asyncio.py:26: in inner
    return func(*args, **kwargs)
..\..\..\AppData\Roaming\Python\Python313\site-packages\django\db\backends\base\base.py:256: in connect
    self.connection = self.get_new_connection(conn_params)
..\..\..\AppData\Roaming\Python\Python313\site-packages\django\utils\asyncio.py:26: in inner
    return func(*args, **kwargs)
..\..\..\AppData\Roaming\Python\Python313\site-packages\django\db\backends\postgresql\base.py:332: in get_new_connection
    connection = self.Database.connect(**conn_params)
_ _ _ _ _ _ _ _ _ _ _ _ _ _ _ _ _ _ _ _ _ _ _ _ _ _ _ _ _ _ _ _ _ _ _ _ _ _ _ _

cls = <class 'psycopg.Connection'>
conninfo = 'dbname=ruffles_db client_encoding=UTF8 user=postgres password=postgres host=localhost port=5432 hostaddr=127.0.0.1'
autocommit = False, prepare_threshold = None
context = <psycopg.adapt.AdaptersMap object at 0x000001CEB3E42350>
row_factory = None
cursor_factory = <class 'django.db.backends.postgresql.base.Cursor'>
kwargs = {'client_encoding': 'UTF8', 'dbname': 'ruffles_db', 'host': 'localhost', 'password': 'postgres', ...}
params = {'client_encoding': 'UTF8', 'dbname': 'ruffles_db', 'host': 'localhost', 'password': 'postgres', ...}
timeout = 130

    @classmethod
    def connect(
        cls,
        conninfo: str = "",
        *,
        autocommit: bool = False,
        prepare_threshold: int | None = 5,
        context: AdaptContext | None = None,
        row_factory: RowFactory[Row] | None = None,
        cursor_factory: type[Cursor[Row]] | None = None,
        **kwargs: ConnParam,
    ) -> Self:
        """
        Connect to a database server and return a new `Connection` instance.
        """
    
        params = cls._get_connection_params(conninfo, **kwargs)
        timeout = timeout_from_conninfo(params)
        rv = None
        attempts = conninfo_attempts(params)
        conn_errors: list[tuple[e.Error, str]] = []
        for attempt in attempts:
            tdescr = (attempt.get("host"), attempt.get("port"), attempt.get("hostaddr"))
            descr = "host: %r, port: %r, hostaddr: %r" % tdescr
            logger.debug("connection attempt: %s", descr)
            try:
                conninfo = make_conninfo("", **attempt)
                gen = cls._connect_gen(conninfo, timeout=timeout)
                rv = waiting.wait_conn(gen, interval=_WAIT_INTERVAL)
            except e.Error as ex:
                logger.debug("connection failed: %s: %s", descr, str(ex))
                conn_errors.append((ex, descr))
            except e._NO_TRACEBACK as ex:
                raise ex.with_traceback(None)
            else:
                logger.debug("connection succeeded: %s", descr)
                break
    
        if not rv:
            last_ex = conn_errors[-1][0]
            if len(conn_errors) == 1:
                raise last_ex.with_traceback(None)
    
            # Create a new exception with the same type as the last one, containing
            # all attempt errors while preserving backward compatibility.
            lines = [str(last_ex)]
            lines.append("Multiple connection attempts failed. All failures were:")
            lines.extend((f"- {descr}: {error}" for error, descr in conn_errors))
>           raise type(last_ex)("\n".join(lines)).with_traceback(None)
E           django.db.utils.OperationalError: connection failed: connection to server at "127.0.0.1", port 5432 failed: FATAL:  la autentificaci\ufffdn password fall\ufffd para el usuario \ufffdpostgres\ufffd
E           Multiple connection attempts failed. All failures were:
E           - host: 'localhost', port: '5432', hostaddr: '::1': connection failed: connection to server at "::1", port 5432 failed: FATAL:  la autentificaci\ufffdn password fall\ufffd para el usuario \ufffdpostgres\ufffd
E           - host: 'localhost', port: '5432', hostaddr: '127.0.0.1': connection failed: connection to server at "127.0.0.1", port 5432 failed: FATAL:  la autentificaci\ufffdn password fall\ufffd para el usuario \ufffdpostgres\ufffd

..\..\..\AppData\Roaming\Python\Python313\site-packages\psycopg\connection.py:127: OperationalError
__________ ERROR at setup of TestRaffleAPI.test_organizer_no_raffles __________

self = <DatabaseWrapper vendor='postgresql' alias='__no_db__'>

    @async_unsafe
    def ensure_connection(self):
        """Guarantee that a connection to the database is established."""
        if self.connection is None:
            if self.in_atomic_block and self.closed_in_transaction:
                raise ProgrammingError(
                    "Cannot open a new connection in an atomic block."
                )
            with self.wrap_database_errors:
>               self.connect()

..\..\..\AppData\Roaming\Python\Python313\site-packages\django\db\backends\base\base.py:279: 
_ _ _ _ _ _ _ _ _ _ _ _ _ _ _ _ _ _ _ _ _ _ _ _ _ _ _ _ _ _ _ _ _ _ _ _ _ _ _ _
..\..\..\AppData\Roaming\Python\Python313\site-packages\django\utils\asyncio.py:26: in inner
    return func(*args, **kwargs)
..\..\..\AppData\Roaming\Python\Python313\site-packages\django\db\backends\base\base.py:256: in connect
    self.connection = self.get_new_connection(conn_params)
..\..\..\AppData\Roaming\Python\Python313\site-packages\django\utils\asyncio.py:26: in inner
    return func(*args, **kwargs)
..\..\..\AppData\Roaming\Python\Python313\site-packages\django\db\backends\postgresql\base.py:332: in get_new_connection
    connection = self.Database.connect(**conn_params)
_ _ _ _ _ _ _ _ _ _ _ _ _ _ _ _ _ _ _ _ _ _ _ _ _ _ _ _ _ _ _ _ _ _ _ _ _ _ _ _

cls = <class 'psycopg.Connection'>
conninfo = 'dbname=postgres client_encoding=UTF8 user=postgres password=postgres host=localhost port=5432 hostaddr=127.0.0.1'
autocommit = False, prepare_threshold = None
context = <psycopg.adapt.AdaptersMap object at 0x000001CEB3E42350>
row_factory = None
cursor_factory = <class 'django.db.backends.postgresql.base.Cursor'>
kwargs = {'client_encoding': 'UTF8', 'dbname': 'postgres', 'host': 'localhost', 'password': 'postgres', ...}
params = {'client_encoding': 'UTF8', 'dbname': 'postgres', 'host': 'localhost', 'password': 'postgres', ...}
timeout = 130

    @classmethod
    def connect(
        cls,
        conninfo: str = "",
        *,
        autocommit: bool = False,
        prepare_threshold: int | None = 5,
        context: AdaptContext | None = None,
        row_factory: RowFactory[Row] | None = None,
        cursor_factory: type[Cursor[Row]] | None = None,
        **kwargs: ConnParam,
    ) -> Self:
        """
        Connect to a database server and return a new `Connection` instance.
        """
    
        params = cls._get_connection_params(conninfo, **kwargs)
        timeout = timeout_from_conninfo(params)
        rv = None
        attempts = conninfo_attempts(params)
        conn_errors: list[tuple[e.Error, str]] = []
        for attempt in attempts:
            tdescr = (attempt.get("host"), attempt.get("port"), attempt.get("hostaddr"))
            descr = "host: %r, port: %r, hostaddr: %r" % tdescr
            logger.debug("connection attempt: %s", descr)
            try:
                conninfo = make_conninfo("", **attempt)
                gen = cls._connect_gen(conninfo, timeout=timeout)
                rv = waiting.wait_conn(gen, interval=_WAIT_INTERVAL)
            except e.Error as ex:
                logger.debug("connection failed: %s: %s", descr, str(ex))
                conn_errors.append((ex, descr))
            except e._NO_TRACEBACK as ex:
                raise ex.with_traceback(None)
            else:
                logger.debug("connection succeeded: %s", descr)
                break
    
        if not rv:
            last_ex = conn_errors[-1][0]
            if len(conn_errors) == 1:
                raise last_ex.with_traceback(None)
    
            # Create a new exception with the same type as the last one, containing
            # all attempt errors while preserving backward compatibility.
            lines = [str(last_ex)]
            lines.append("Multiple connection attempts failed. All failures were:")
            lines.extend((f"- {descr}: {error}" for error, descr in conn_errors))
>           raise type(last_ex)("\n".join(lines)).with_traceback(None)
E           psycopg.OperationalError: connection failed: connection to server at "127.0.0.1", port 5432 failed: FATAL:  la autentificaci\ufffdn password fall\ufffd para el usuario \ufffdpostgres\ufffd
E           Multiple connection attempts failed. All failures were:
E           - host: 'localhost', port: '5432', hostaddr: '::1': connection failed: connection to server at "::1", port 5432 failed: FATAL:  la autentificaci\ufffdn password fall\ufffd para el usuario \ufffdpostgres\ufffd
E           - host: 'localhost', port: '5432', hostaddr: '127.0.0.1': connection failed: connection to server at "127.0.0.1", port 5432 failed: FATAL:  la autentificaci\ufffdn password fall\ufffd para el usuario \ufffdpostgres\ufffd

..\..\..\AppData\Roaming\Python\Python313\site-packages\psycopg\connection.py:127: OperationalError

The above exception was the direct cause of the following exception:

self = <DatabaseWrapper vendor='postgresql' alias='default'>

    @contextmanager
    def _nodb_cursor(self):
        cursor = None
        try:
>           with super()._nodb_cursor() as cursor:

..\..\..\AppData\Roaming\Python\Python313\site-packages\django\db\backends\postgresql\base.py:507: 
_ _ _ _ _ _ _ _ _ _ _ _ _ _ _ _ _ _ _ _ _ _ _ _ _ _ _ _ _ _ _ _ _ _ _ _ _ _ _ _
C:\Python313\Lib\contextlib.py:141: in __enter__
    return next(self.gen)
..\..\..\AppData\Roaming\Python\Python313\site-packages\django\db\backends\base\base.py:712: in _nodb_cursor
    with conn.cursor() as cursor:
..\..\..\AppData\Roaming\Python\Python313\site-packages\django\utils\asyncio.py:26: in inner
    return func(*args, **kwargs)
..\..\..\AppData\Roaming\Python\Python313\site-packages\django\db\backends\base\base.py:320: in cursor
    return self._cursor()
..\..\..\AppData\Roaming\Python\Python313\site-packages\django\db\backends\base\base.py:296: in _cursor
    self.ensure_connection()
..\..\..\AppData\Roaming\Python\Python313\site-packages\django\utils\asyncio.py:26: in inner
    return func(*args, **kwargs)
..\..\..\AppData\Roaming\Python\Python313\site-packages\django\db\backends\base\base.py:278: in ensure_connection
    with self.wrap_database_errors:
..\..\..\AppData\Roaming\Python\Python313\site-packages\django\db\utils.py:91: in __exit__
    raise dj_exc_value.with_traceback(traceback) from exc_value
..\..\..\AppData\Roaming\Python\Python313\site-packages\django\db\backends\base\base.py:279: in ensure_connection
    self.connect()
..\..\..\AppData\Roaming\Python\Python313\site-packages\django\utils\asyncio.py:26: in inner
    return func(*args, **kwargs)
..\..\..\AppData\Roaming\Python\Python313\site-packages\django\db\backends\base\base.py:256: in connect
    self.connection = self.get_new_connection(conn_params)
..\..\..\AppData\Roaming\Python\Python313\site-packages\django\utils\asyncio.py:26: in inner
    return func(*args, **kwargs)
..\..\..\AppData\Roaming\Python\Python313\site-packages\django\db\backends\postgresql\base.py:332: in get_new_connection
    connection = self.Database.connect(**conn_params)
_ _ _ _ _ _ _ _ _ _ _ _ _ _ _ _ _ _ _ _ _ _ _ _ _ _ _ _ _ _ _ _ _ _ _ _ _ _ _ _

cls = <class 'psycopg.Connection'>
conninfo = 'dbname=postgres client_encoding=UTF8 user=postgres password=postgres host=localhost port=5432 hostaddr=127.0.0.1'
autocommit = False, prepare_threshold = None
context = <psycopg.adapt.AdaptersMap object at 0x000001CEB3E42350>
row_factory = None
cursor_factory = <class 'django.db.backends.postgresql.base.Cursor'>
kwargs = {'client_encoding': 'UTF8', 'dbname': 'postgres', 'host': 'localhost', 'password': 'postgres', ...}
params = {'client_encoding': 'UTF8', 'dbname': 'postgres', 'host': 'localhost', 'password': 'postgres', ...}
timeout = 130

    @classmethod
    def connect(
        cls,
        conninfo: str = "",
        *,
        autocommit: bool = False,
        prepare_threshold: int | None = 5,
        context: AdaptContext | None = None,
        row_factory: RowFactory[Row] | None = None,
        cursor_factory: type[Cursor[Row]] | None = None,
        **kwargs: ConnParam,
    ) -> Self:
        """
        Connect to a database server and return a new `Connection` instance.
        """
    
        params = cls._get_connection_params(conninfo, **kwargs)
        timeout = timeout_from_conninfo(params)
        rv = None
        attempts = conninfo_attempts(params)
        conn_errors: list[tuple[e.Error, str]] = []
        for attempt in attempts:
            tdescr = (attempt.get("host"), attempt.get("port"), attempt.get("hostaddr"))
            descr = "host: %r, port: %r, hostaddr: %r" % tdescr
            logger.debug("connection attempt: %s", descr)
            try:
                conninfo = make_conninfo("", **attempt)
                gen = cls._connect_gen(conninfo, timeout=timeout)
                rv = waiting.wait_conn(gen, interval=_WAIT_INTERVAL)
            except e.Error as ex:
                logger.debug("connection failed: %s: %s", descr, str(ex))
                conn_errors.append((ex, descr))
            except e._NO_TRACEBACK as ex:
                raise ex.with_traceback(None)
            else:
                logger.debug("connection succeeded: %s", descr)
                break
    
        if not rv:
            last_ex = conn_errors[-1][0]
            if len(conn_errors) == 1:
                raise last_ex.with_traceback(None)
    
            # Create a new exception with the same type as the last one, containing
            # all attempt errors while preserving backward compatibility.
            lines = [str(last_ex)]
            lines.append("Multiple connection attempts failed. All failures were:")
            lines.extend((f"- {descr}: {error}" for error, descr in conn_errors))
>           raise type(last_ex)("\n".join(lines)).with_traceback(None)
E           django.db.utils.OperationalError: connection failed: connection to server at "127.0.0.1", port 5432 failed: FATAL:  la autentificaci\ufffdn password fall\ufffd para el usuario \ufffdpostgres\ufffd
E           Multiple connection attempts failed. All failures were:
E           - host: 'localhost', port: '5432', hostaddr: '::1': connection failed: connection to server at "::1", port 5432 failed: FATAL:  la autentificaci\ufffdn password fall\ufffd para el usuario \ufffdpostgres\ufffd
E           - host: 'localhost', port: '5432', hostaddr: '127.0.0.1': connection failed: connection to server at "127.0.0.1", port 5432 failed: FATAL:  la autentificaci\ufffdn password fall\ufffd para el usuario \ufffdpostgres\ufffd

..\..\..\AppData\Roaming\Python\Python313\site-packages\psycopg\connection.py:127: OperationalError

During handling of the above exception, another exception occurred:

self = <DatabaseWrapper vendor='postgresql' alias='default'>

    @async_unsafe
    def ensure_connection(self):
        """Guarantee that a connection to the database is established."""
        if self.connection is None:
            if self.in_atomic_block and self.closed_in_transaction:
                raise ProgrammingError(
                    "Cannot open a new connection in an atomic block."
                )
            with self.wrap_database_errors:
>               self.connect()

..\..\..\AppData\Roaming\Python\Python313\site-packages\django\db\backends\base\base.py:279: 
_ _ _ _ _ _ _ _ _ _ _ _ _ _ _ _ _ _ _ _ _ _ _ _ _ _ _ _ _ _ _ _ _ _ _ _ _ _ _ _
..\..\..\AppData\Roaming\Python\Python313\site-packages\django\utils\asyncio.py:26: in inner
    return func(*args, **kwargs)
..\..\..\AppData\Roaming\Python\Python313\site-packages\django\db\backends\base\base.py:256: in connect
    self.connection = self.get_new_connection(conn_params)
..\..\..\AppData\Roaming\Python\Python313\site-packages\django\utils\asyncio.py:26: in inner
    return func(*args, **kwargs)
..\..\..\AppData\Roaming\Python\Python313\site-packages\django\db\backends\postgresql\base.py:332: in get_new_connection
    connection = self.Database.connect(**conn_params)
_ _ _ _ _ _ _ _ _ _ _ _ _ _ _ _ _ _ _ _ _ _ _ _ _ _ _ _ _ _ _ _ _ _ _ _ _ _ _ _

cls = <class 'psycopg.Connection'>
conninfo = 'dbname=ruffles_db client_encoding=UTF8 user=postgres password=postgres host=localhost port=5432 hostaddr=127.0.0.1'
autocommit = False, prepare_threshold = None
context = <psycopg.adapt.AdaptersMap object at 0x000001CEB3E42350>
row_factory = None
cursor_factory = <class 'django.db.backends.postgresql.base.Cursor'>
kwargs = {'client_encoding': 'UTF8', 'dbname': 'ruffles_db', 'host': 'localhost', 'password': 'postgres', ...}
params = {'client_encoding': 'UTF8', 'dbname': 'ruffles_db', 'host': 'localhost', 'password': 'postgres', ...}
timeout = 130

    @classmethod
    def connect(
        cls,
        conninfo: str = "",
        *,
        autocommit: bool = False,
        prepare_threshold: int | None = 5,
        context: AdaptContext | None = None,
        row_factory: RowFactory[Row] | None = None,
        cursor_factory: type[Cursor[Row]] | None = None,
        **kwargs: ConnParam,
    ) -> Self:
        """
        Connect to a database server and return a new `Connection` instance.
        """
    
        params = cls._get_connection_params(conninfo, **kwargs)
        timeout = timeout_from_conninfo(params)
        rv = None
        attempts = conninfo_attempts(params)
        conn_errors: list[tuple[e.Error, str]] = []
        for attempt in attempts:
            tdescr = (attempt.get("host"), attempt.get("port"), attempt.get("hostaddr"))
            descr = "host: %r, port: %r, hostaddr: %r" % tdescr
            logger.debug("connection attempt: %s", descr)
            try:
                conninfo = make_conninfo("", **attempt)
                gen = cls._connect_gen(conninfo, timeout=timeout)
                rv = waiting.wait_conn(gen, interval=_WAIT_INTERVAL)
            except e.Error as ex:
                logger.debug("connection failed: %s: %s", descr, str(ex))
                conn_errors.append((ex, descr))
            except e._NO_TRACEBACK as ex:
                raise ex.with_traceback(None)
            else:
                logger.debug("connection succeeded: %s", descr)
                break
    
        if not rv:
            last_ex = conn_errors[-1][0]
            if len(conn_errors) == 1:
                raise last_ex.with_traceback(None)
    
            # Create a new exception with the same type as the last one, containing
            # all attempt errors while preserving backward compatibility.
            lines = [str(last_ex)]
            lines.append("Multiple connection attempts failed. All failures were:")
            lines.extend((f"- {descr}: {error}" for error, descr in conn_errors))
>           raise type(last_ex)("\n".join(lines)).with_traceback(None)
E           psycopg.OperationalError: connection failed: connection to server at "127.0.0.1", port 5432 failed: FATAL:  la autentificaci\ufffdn password fall\ufffd para el usuario \ufffdpostgres\ufffd
E           Multiple connection attempts failed. All failures were:
E           - host: 'localhost', port: '5432', hostaddr: '::1': connection failed: connection to server at "::1", port 5432 failed: FATAL:  la autentificaci\ufffdn password fall\ufffd para el usuario \ufffdpostgres\ufffd
E           - host: 'localhost', port: '5432', hostaddr: '127.0.0.1': connection failed: connection to server at "127.0.0.1", port 5432 failed: FATAL:  la autentificaci\ufffdn password fall\ufffd para el usuario \ufffdpostgres\ufffd

..\..\..\AppData\Roaming\Python\Python313\site-packages\psycopg\connection.py:127: OperationalError

The above exception was the direct cause of the following exception:

request = <SubRequest 'django_db_setup' for <Function test_login_success_returns_jwt>>
django_test_environment = None
django_db_blocker = <pytest_django.plugin.DjangoDbBlocker object at 0x000001CEB17F0050>
django_db_use_migrations = True, django_db_keepdb = False
django_db_createdb = False, django_db_modify_db_settings = None

    @pytest.fixture(scope="session")
    def django_db_setup(
        request: pytest.FixtureRequest,
        django_test_environment: None,
        django_db_blocker: DjangoDbBlocker,
        django_db_use_migrations: bool,
        django_db_keepdb: bool,
        django_db_createdb: bool,
        django_db_modify_db_settings: None,
    ) -> Generator[None, None, None]:
        """Top level fixture to ensure test databases are available"""
        from django.test.utils import setup_databases, teardown_databases
    
        setup_databases_args = {}
    
        if not django_db_use_migrations:
            _disable_migrations()
    
        if django_db_keepdb and not django_db_createdb:
            setup_databases_args["keepdb"] = True
    
        with django_db_blocker.unblock():
>           db_cfg = setup_databases(
                verbosity=request.config.option.verbose,
                interactive=False,
                **setup_databases_args,
            )

..\..\..\AppData\Roaming\Python\Python313\site-packages\pytest_django\fixtures.py:140: 
_ _ _ _ _ _ _ _ _ _ _ _ _ _ _ _ _ _ _ _ _ _ _ _ _ _ _ _ _ _ _ _ _ _ _ _ _ _ _ _
..\..\..\AppData\Roaming\Python\Python313\site-packages\django\test\utils.py:204: in setup_databases
    connection.creation.create_test_db(
..\..\..\AppData\Roaming\Python\Python313\site-packages\django\db\backends\base\creation.py:62: in create_test_db
    self._create_test_db(verbosity, autoclobber, keepdb)
..\..\..\AppData\Roaming\Python\Python313\site-packages\django\db\backends\base\creation.py:202: in _create_test_db
    with self._nodb_cursor() as cursor:
C:\Python313\Lib\contextlib.py:141: in __enter__
    return next(self.gen)
..\..\..\AppData\Roaming\Python\Python313\site-packages\django\db\backends\postgresql\base.py:533: in _nodb_cursor
    with conn.cursor() as cursor:
..\..\..\AppData\Roaming\Python\Python313\site-packages\django\utils\asyncio.py:26: in inner
    return func(*args, **kwargs)
..\..\..\AppData\Roaming\Python\Python313\site-packages\django\db\backends\base\base.py:320: in cursor
    return self._cursor()
..\..\..\AppData\Roaming\Python\Python313\site-packages\django\db\backends\base\base.py:296: in _cursor
    self.ensure_connection()
..\..\..\AppData\Roaming\Python\Python313\site-packages\django\utils\asyncio.py:26: in inner
    return func(*args, **kwargs)
..\..\..\AppData\Roaming\Python\Python313\site-packages\django\db\backends\base\base.py:278: in ensure_connection
    with self.wrap_database_errors:
..\..\..\AppData\Roaming\Python\Python313\site-packages\django\db\utils.py:91: in __exit__
    raise dj_exc_value.with_traceback(traceback) from exc_value
..\..\..\AppData\Roaming\Python\Python313\site-packages\django\db\backends\base\base.py:279: in ensure_connection
    self.connect()
..\..\..\AppData\Roaming\Python\Python313\site-packages\django\utils\asyncio.py:26: in inner
    return func(*args, **kwargs)
..\..\..\AppData\Roaming\Python\Python313\site-packages\django\db\backends\base\base.py:256: in connect
    self.connection = self.get_new_connection(conn_params)
..\..\..\AppData\Roaming\Python\Python313\site-packages\django\utils\asyncio.py:26: in inner
    return func(*args, **kwargs)
..\..\..\AppData\Roaming\Python\Python313\site-packages\django\db\backends\postgresql\base.py:332: in get_new_connection
    connection = self.Database.connect(**conn_params)
_ _ _ _ _ _ _ _ _ _ _ _ _ _ _ _ _ _ _ _ _ _ _ _ _ _ _ _ _ _ _ _ _ _ _ _ _ _ _ _

cls = <class 'psycopg.Connection'>
conninfo = 'dbname=ruffles_db client_encoding=UTF8 user=postgres password=postgres host=localhost port=5432 hostaddr=127.0.0.1'
autocommit = False, prepare_threshold = None
context = <psycopg.adapt.AdaptersMap object at 0x000001CEB3E42350>
row_factory = None
cursor_factory = <class 'django.db.backends.postgresql.base.Cursor'>
kwargs = {'client_encoding': 'UTF8', 'dbname': 'ruffles_db', 'host': 'localhost', 'password': 'postgres', ...}
params = {'client_encoding': 'UTF8', 'dbname': 'ruffles_db', 'host': 'localhost', 'password': 'postgres', ...}
timeout = 130

    @classmethod
    def connect(
        cls,
        conninfo: str = "",
        *,
        autocommit: bool = False,
        prepare_threshold: int | None = 5,
        context: AdaptContext | None = None,
        row_factory: RowFactory[Row] | None = None,
        cursor_factory: type[Cursor[Row]] | None = None,
        **kwargs: ConnParam,
    ) -> Self:
        """
        Connect to a database server and return a new `Connection` instance.
        """
    
        params = cls._get_connection_params(conninfo, **kwargs)
        timeout = timeout_from_conninfo(params)
        rv = None
        attempts = conninfo_attempts(params)
        conn_errors: list[tuple[e.Error, str]] = []
        for attempt in attempts:
            tdescr = (attempt.get("host"), attempt.get("port"), attempt.get("hostaddr"))
            descr = "host: %r, port: %r, hostaddr: %r" % tdescr
            logger.debug("connection attempt: %s", descr)
            try:
                conninfo = make_conninfo("", **attempt)
                gen = cls._connect_gen(conninfo, timeout=timeout)
                rv = waiting.wait_conn(gen, interval=_WAIT_INTERVAL)
            except e.Error as ex:
                logger.debug("connection failed: %s: %s", descr, str(ex))
                conn_errors.append((ex, descr))
            except e._NO_TRACEBACK as ex:
                raise ex.with_traceback(None)
            else:
                logger.debug("connection succeeded: %s", descr)
                break
    
        if not rv:
            last_ex = conn_errors[-1][0]
            if len(conn_errors) == 1:
                raise last_ex.with_traceback(None)
    
            # Create a new exception with the same type as the last one, containing
            # all attempt errors while preserving backward compatibility.
            lines = [str(last_ex)]
            lines.append("Multiple connection attempts failed. All failures were:")
            lines.extend((f"- {descr}: {error}" for error, descr in conn_errors))
>           raise type(last_ex)("\n".join(lines)).with_traceback(None)
E           django.db.utils.OperationalError: connection failed: connection to server at "127.0.0.1", port 5432 failed: FATAL:  la autentificaci\ufffdn password fall\ufffd para el usuario \ufffdpostgres\ufffd
E           Multiple connection attempts failed. All failures were:
E           - host: 'localhost', port: '5432', hostaddr: '::1': connection failed: connection to server at "::1", port 5432 failed: FATAL:  la autentificaci\ufffdn password fall\ufffd para el usuario \ufffdpostgres\ufffd
E           - host: 'localhost', port: '5432', hostaddr: '127.0.0.1': connection failed: connection to server at "127.0.0.1", port 5432 failed: FATAL:  la autentificaci\ufffdn password fall\ufffd para el usuario \ufffdpostgres\ufffd

..\..\..\AppData\Roaming\Python\Python313\site-packages\psycopg\connection.py:127: OperationalError
____ ERROR at setup of TestRaffleAPI.test_protected_endpoint_requires_auth ____

self = <DatabaseWrapper vendor='postgresql' alias='__no_db__'>

    @async_unsafe
    def ensure_connection(self):
        """Guarantee that a connection to the database is established."""
        if self.connection is None:
            if self.in_atomic_block and self.closed_in_transaction:
                raise ProgrammingError(
                    "Cannot open a new connection in an atomic block."
                )
            with self.wrap_database_errors:
>               self.connect()

..\..\..\AppData\Roaming\Python\Python313\site-packages\django\db\backends\base\base.py:279: 
_ _ _ _ _ _ _ _ _ _ _ _ _ _ _ _ _ _ _ _ _ _ _ _ _ _ _ _ _ _ _ _ _ _ _ _ _ _ _ _
..\..\..\AppData\Roaming\Python\Python313\site-packages\django\utils\asyncio.py:26: in inner
    return func(*args, **kwargs)
..\..\..\AppData\Roaming\Python\Python313\site-packages\django\db\backends\base\base.py:256: in connect
    self.connection = self.get_new_connection(conn_params)
..\..\..\AppData\Roaming\Python\Python313\site-packages\django\utils\asyncio.py:26: in inner
    return func(*args, **kwargs)
..\..\..\AppData\Roaming\Python\Python313\site-packages\django\db\backends\postgresql\base.py:332: in get_new_connection
    connection = self.Database.connect(**conn_params)
_ _ _ _ _ _ _ _ _ _ _ _ _ _ _ _ _ _ _ _ _ _ _ _ _ _ _ _ _ _ _ _ _ _ _ _ _ _ _ _

cls = <class 'psycopg.Connection'>
conninfo = 'dbname=postgres client_encoding=UTF8 user=postgres password=postgres host=localhost port=5432 hostaddr=127.0.0.1'
autocommit = False, prepare_threshold = None
context = <psycopg.adapt.AdaptersMap object at 0x000001CEB3E42350>
row_factory = None
cursor_factory = <class 'django.db.backends.postgresql.base.Cursor'>
kwargs = {'client_encoding': 'UTF8', 'dbname': 'postgres', 'host': 'localhost', 'password': 'postgres', ...}
params = {'client_encoding': 'UTF8', 'dbname': 'postgres', 'host': 'localhost', 'password': 'postgres', ...}
timeout = 130

    @classmethod
    def connect(
        cls,
        conninfo: str = "",
        *,
        autocommit: bool = False,
        prepare_threshold: int | None = 5,
        context: AdaptContext | None = None,
        row_factory: RowFactory[Row] | None = None,
        cursor_factory: type[Cursor[Row]] | None = None,
        **kwargs: ConnParam,
    ) -> Self:
        """
        Connect to a database server and return a new `Connection` instance.
        """
    
        params = cls._get_connection_params(conninfo, **kwargs)
        timeout = timeout_from_conninfo(params)
        rv = None
        attempts = conninfo_attempts(params)
        conn_errors: list[tuple[e.Error, str]] = []
        for attempt in attempts:
            tdescr = (attempt.get("host"), attempt.get("port"), attempt.get("hostaddr"))
            descr = "host: %r, port: %r, hostaddr: %r" % tdescr
            logger.debug("connection attempt: %s", descr)
            try:
                conninfo = make_conninfo("", **attempt)
                gen = cls._connect_gen(conninfo, timeout=timeout)
                rv = waiting.wait_conn(gen, interval=_WAIT_INTERVAL)
            except e.Error as ex:
                logger.debug("connection failed: %s: %s", descr, str(ex))
                conn_errors.append((ex, descr))
            except e._NO_TRACEBACK as ex:
                raise ex.with_traceback(None)
            else:
                logger.debug("connection succeeded: %s", descr)
                break
    
        if not rv:
            last_ex = conn_errors[-1][0]
            if len(conn_errors) == 1:
                raise last_ex.with_traceback(None)
    
            # Create a new exception with the same type as the last one, containing
            # all attempt errors while preserving backward compatibility.
            lines = [str(last_ex)]
            lines.append("Multiple connection attempts failed. All failures were:")
            lines.extend((f"- {descr}: {error}" for error, descr in conn_errors))
>           raise type(last_ex)("\n".join(lines)).with_traceback(None)
E           psycopg.OperationalError: connection failed: connection to server at "127.0.0.1", port 5432 failed: FATAL:  la autentificaci\ufffdn password fall\ufffd para el usuario \ufffdpostgres\ufffd
E           Multiple connection attempts failed. All failures were:
E           - host: 'localhost', port: '5432', hostaddr: '::1': connection failed: connection to server at "::1", port 5432 failed: FATAL:  la autentificaci\ufffdn password fall\ufffd para el usuario \ufffdpostgres\ufffd
E           - host: 'localhost', port: '5432', hostaddr: '127.0.0.1': connection failed: connection to server at "127.0.0.1", port 5432 failed: FATAL:  la autentificaci\ufffdn password fall\ufffd para el usuario \ufffdpostgres\ufffd

..\..\..\AppData\Roaming\Python\Python313\site-packages\psycopg\connection.py:127: OperationalError

The above exception was the direct cause of the following exception:

self = <DatabaseWrapper vendor='postgresql' alias='default'>

    @contextmanager
    def _nodb_cursor(self):
        cursor = None
        try:
>           with super()._nodb_cursor() as cursor:

..\..\..\AppData\Roaming\Python\Python313\site-packages\django\db\backends\postgresql\base.py:507: 
_ _ _ _ _ _ _ _ _ _ _ _ _ _ _ _ _ _ _ _ _ _ _ _ _ _ _ _ _ _ _ _ _ _ _ _ _ _ _ _
C:\Python313\Lib\contextlib.py:141: in __enter__
    return next(self.gen)
..\..\..\AppData\Roaming\Python\Python313\site-packages\django\db\backends\base\base.py:712: in _nodb_cursor
    with conn.cursor() as cursor:
..\..\..\AppData\Roaming\Python\Python313\site-packages\django\utils\asyncio.py:26: in inner
    return func(*args, **kwargs)
..\..\..\AppData\Roaming\Python\Python313\site-packages\django\db\backends\base\base.py:320: in cursor
    return self._cursor()
..\..\..\AppData\Roaming\Python\Python313\site-packages\django\db\backends\base\base.py:296: in _cursor
    self.ensure_connection()
..\..\..\AppData\Roaming\Python\Python313\site-packages\django\utils\asyncio.py:26: in inner
    return func(*args, **kwargs)
..\..\..\AppData\Roaming\Python\Python313\site-packages\django\db\backends\base\base.py:278: in ensure_connection
    with self.wrap_database_errors:
..\..\..\AppData\Roaming\Python\Python313\site-packages\django\db\utils.py:91: in __exit__
    raise dj_exc_value.with_traceback(traceback) from exc_value
..\..\..\AppData\Roaming\Python\Python313\site-packages\django\db\backends\base\base.py:279: in ensure_connection
    self.connect()
..\..\..\AppData\Roaming\Python\Python313\site-packages\django\utils\asyncio.py:26: in inner
    return func(*args, **kwargs)
..\..\..\AppData\Roaming\Python\Python313\site-packages\django\db\backends\base\base.py:256: in connect
    self.connection = self.get_new_connection(conn_params)
..\..\..\AppData\Roaming\Python\Python313\site-packages\django\utils\asyncio.py:26: in inner
    return func(*args, **kwargs)
..\..\..\AppData\Roaming\Python\Python313\site-packages\django\db\backends\postgresql\base.py:332: in get_new_connection
    connection = self.Database.connect(**conn_params)
_ _ _ _ _ _ _ _ _ _ _ _ _ _ _ _ _ _ _ _ _ _ _ _ _ _ _ _ _ _ _ _ _ _ _ _ _ _ _ _

cls = <class 'psycopg.Connection'>
conninfo = 'dbname=postgres client_encoding=UTF8 user=postgres password=postgres host=localhost port=5432 hostaddr=127.0.0.1'
autocommit = False, prepare_threshold = None
context = <psycopg.adapt.AdaptersMap object at 0x000001CEB3E42350>
row_factory = None
cursor_factory = <class 'django.db.backends.postgresql.base.Cursor'>
kwargs = {'client_encoding': 'UTF8', 'dbname': 'postgres', 'host': 'localhost', 'password': 'postgres', ...}
params = {'client_encoding': 'UTF8', 'dbname': 'postgres', 'host': 'localhost', 'password': 'postgres', ...}
timeout = 130

    @classmethod
    def connect(
        cls,
        conninfo: str = "",
        *,
        autocommit: bool = False,
        prepare_threshold: int | None = 5,
        context: AdaptContext | None = None,
        row_factory: RowFactory[Row] | None = None,
        cursor_factory: type[Cursor[Row]] | None = None,
        **kwargs: ConnParam,
    ) -> Self:
        """
        Connect to a database server and return a new `Connection` instance.
        """
    
        params = cls._get_connection_params(conninfo, **kwargs)
        timeout = timeout_from_conninfo(params)
        rv = None
        attempts = conninfo_attempts(params)
        conn_errors: list[tuple[e.Error, str]] = []
        for attempt in attempts:
            tdescr = (attempt.get("host"), attempt.get("port"), attempt.get("hostaddr"))
            descr = "host: %r, port: %r, hostaddr: %r" % tdescr
            logger.debug("connection attempt: %s", descr)
            try:
                conninfo = make_conninfo("", **attempt)
                gen = cls._connect_gen(conninfo, timeout=timeout)
                rv = waiting.wait_conn(gen, interval=_WAIT_INTERVAL)
            except e.Error as ex:
                logger.debug("connection failed: %s: %s", descr, str(ex))
                conn_errors.append((ex, descr))
            except e._NO_TRACEBACK as ex:
                raise ex.with_traceback(None)
            else:
                logger.debug("connection succeeded: %s", descr)
                break
    
        if not rv:
            last_ex = conn_errors[-1][0]
            if len(conn_errors) == 1:
                raise last_ex.with_traceback(None)
    
            # Create a new exception with the same type as the last one, containing
            # all attempt errors while preserving backward compatibility.
            lines = [str(last_ex)]
            lines.append("Multiple connection attempts failed. All failures were:")
            lines.extend((f"- {descr}: {error}" for error, descr in conn_errors))
>           raise type(last_ex)("\n".join(lines)).with_traceback(None)
E           django.db.utils.OperationalError: connection failed: connection to server at "127.0.0.1", port 5432 failed: FATAL:  la autentificaci\ufffdn password fall\ufffd para el usuario \ufffdpostgres\ufffd
E           Multiple connection attempts failed. All failures were:
E           - host: 'localhost', port: '5432', hostaddr: '::1': connection failed: connection to server at "::1", port 5432 failed: FATAL:  la autentificaci\ufffdn password fall\ufffd para el usuario \ufffdpostgres\ufffd
E           - host: 'localhost', port: '5432', hostaddr: '127.0.0.1': connection failed: connection to server at "127.0.0.1", port 5432 failed: FATAL:  la autentificaci\ufffdn password fall\ufffd para el usuario \ufffdpostgres\ufffd

..\..\..\AppData\Roaming\Python\Python313\site-packages\psycopg\connection.py:127: OperationalError

During handling of the above exception, another exception occurred:

self = <DatabaseWrapper vendor='postgresql' alias='default'>

    @async_unsafe
    def ensure_connection(self):
        """Guarantee that a connection to the database is established."""
        if self.connection is None:
            if self.in_atomic_block and self.closed_in_transaction:
                raise ProgrammingError(
                    "Cannot open a new connection in an atomic block."
                )
            with self.wrap_database_errors:
>               self.connect()

..\..\..\AppData\Roaming\Python\Python313\site-packages\django\db\backends\base\base.py:279: 
_ _ _ _ _ _ _ _ _ _ _ _ _ _ _ _ _ _ _ _ _ _ _ _ _ _ _ _ _ _ _ _ _ _ _ _ _ _ _ _
..\..\..\AppData\Roaming\Python\Python313\site-packages\django\utils\asyncio.py:26: in inner
    return func(*args, **kwargs)
..\..\..\AppData\Roaming\Python\Python313\site-packages\django\db\backends\base\base.py:256: in connect
    self.connection = self.get_new_connection(conn_params)
..\..\..\AppData\Roaming\Python\Python313\site-packages\django\utils\asyncio.py:26: in inner
    return func(*args, **kwargs)
..\..\..\AppData\Roaming\Python\Python313\site-packages\django\db\backends\postgresql\base.py:332: in get_new_connection
    connection = self.Database.connect(**conn_params)
_ _ _ _ _ _ _ _ _ _ _ _ _ _ _ _ _ _ _ _ _ _ _ _ _ _ _ _ _ _ _ _ _ _ _ _ _ _ _ _

cls = <class 'psycopg.Connection'>
conninfo = 'dbname=ruffles_db client_encoding=UTF8 user=postgres password=postgres host=localhost port=5432 hostaddr=127.0.0.1'
autocommit = False, prepare_threshold = None
context = <psycopg.adapt.AdaptersMap object at 0x000001CEB3E42350>
row_factory = None
cursor_factory = <class 'django.db.backends.postgresql.base.Cursor'>
kwargs = {'client_encoding': 'UTF8', 'dbname': 'ruffles_db', 'host': 'localhost', 'password': 'postgres', ...}
params = {'client_encoding': 'UTF8', 'dbname': 'ruffles_db', 'host': 'localhost', 'password': 'postgres', ...}
timeout = 130

    @classmethod
    def connect(
        cls,
        conninfo: str = "",
        *,
        autocommit: bool = False,
        prepare_threshold: int | None = 5,
        context: AdaptContext | None = None,
        row_factory: RowFactory[Row] | None = None,
        cursor_factory: type[Cursor[Row]] | None = None,
        **kwargs: ConnParam,
    ) -> Self:
        """
        Connect to a database server and return a new `Connection` instance.
        """
    
        params = cls._get_connection_params(conninfo, **kwargs)
        timeout = timeout_from_conninfo(params)
        rv = None
        attempts = conninfo_attempts(params)
        conn_errors: list[tuple[e.Error, str]] = []
        for attempt in attempts:
            tdescr = (attempt.get("host"), attempt.get("port"), attempt.get("hostaddr"))
            descr = "host: %r, port: %r, hostaddr: %r" % tdescr
            logger.debug("connection attempt: %s", descr)
            try:
                conninfo = make_conninfo("", **attempt)
                gen = cls._connect_gen(conninfo, timeout=timeout)
                rv = waiting.wait_conn(gen, interval=_WAIT_INTERVAL)
            except e.Error as ex:
                logger.debug("connection failed: %s: %s", descr, str(ex))
                conn_errors.append((ex, descr))
            except e._NO_TRACEBACK as ex:
                raise ex.with_traceback(None)
            else:
                logger.debug("connection succeeded: %s", descr)
                break
    
        if not rv:
            last_ex = conn_errors[-1][0]
            if len(conn_errors) == 1:
                raise last_ex.with_traceback(None)
    
            # Create a new exception with the same type as the last one, containing
            # all attempt errors while preserving backward compatibility.
            lines = [str(last_ex)]
            lines.append("Multiple connection attempts failed. All failures were:")
            lines.extend((f"- {descr}: {error}" for error, descr in conn_errors))
>           raise type(last_ex)("\n".join(lines)).with_traceback(None)
E           psycopg.OperationalError: connection failed: connection to server at "127.0.0.1", port 5432 failed: FATAL:  la autentificaci\ufffdn password fall\ufffd para el usuario \ufffdpostgres\ufffd
E           Multiple connection attempts failed. All failures were:
E           - host: 'localhost', port: '5432', hostaddr: '::1': connection failed: connection to server at "::1", port 5432 failed: FATAL:  la autentificaci\ufffdn password fall\ufffd para el usuario \ufffdpostgres\ufffd
E           - host: 'localhost', port: '5432', hostaddr: '127.0.0.1': connection failed: connection to server at "127.0.0.1", port 5432 failed: FATAL:  la autentificaci\ufffdn password fall\ufffd para el usuario \ufffdpostgres\ufffd

..\..\..\AppData\Roaming\Python\Python313\site-packages\psycopg\connection.py:127: OperationalError

The above exception was the direct cause of the following exception:

request = <SubRequest '_django_db_marker' for <Function test_protected_endpoint_requires_auth>>

    @pytest.fixture(autouse=True)
    def _django_db_marker(request: pytest.FixtureRequest) -> None:
        """Implement the django_db marker, internal to pytest-django."""
        marker = request.node.get_closest_marker("django_db")
        if marker:
>           request.getfixturevalue("_django_db_helper")

..\..\..\AppData\Roaming\Python\Python313\site-packages\pytest_django\plugin.py:527: 
_ _ _ _ _ _ _ _ _ _ _ _ _ _ _ _ _ _ _ _ _ _ _ _ _ _ _ _ _ _ _ _ _ _ _ _ _ _ _ _
..\..\..\AppData\Roaming\Python\Python313\site-packages\pytest_django\fixtures.py:140: in django_db_setup
    db_cfg = setup_databases(
..\..\..\AppData\Roaming\Python\Python313\site-packages\django\test\utils.py:204: in setup_databases
    connection.creation.create_test_db(
..\..\..\AppData\Roaming\Python\Python313\site-packages\django\db\backends\base\creation.py:62: in create_test_db
    self._create_test_db(verbosity, autoclobber, keepdb)
..\..\..\AppData\Roaming\Python\Python313\site-packages\django\db\backends\base\creation.py:202: in _create_test_db
    with self._nodb_cursor() as cursor:
C:\Python313\Lib\contextlib.py:141: in __enter__
    return next(self.gen)
..\..\..\AppData\Roaming\Python\Python313\site-packages\django\db\backends\postgresql\base.py:533: in _nodb_cursor
    with conn.cursor() as cursor:
..\..\..\AppData\Roaming\Python\Python313\site-packages\django\utils\asyncio.py:26: in inner
    return func(*args, **kwargs)
..\..\..\AppData\Roaming\Python\Python313\site-packages\django\db\backends\base\base.py:320: in cursor
    return self._cursor()
..\..\..\AppData\Roaming\Python\Python313\site-packages\django\db\backends\base\base.py:296: in _cursor
    self.ensure_connection()
..\..\..\AppData\Roaming\Python\Python313\site-packages\django\utils\asyncio.py:26: in inner
    return func(*args, **kwargs)
..\..\..\AppData\Roaming\Python\Python313\site-packages\django\db\backends\base\base.py:278: in ensure_connection
    with self.wrap_database_errors:
..\..\..\AppData\Roaming\Python\Python313\site-packages\django\db\utils.py:91: in __exit__
    raise dj_exc_value.with_traceback(traceback) from exc_value
..\..\..\AppData\Roaming\Python\Python313\site-packages\django\db\backends\base\base.py:279: in ensure_connection
    self.connect()
..\..\..\AppData\Roaming\Python\Python313\site-packages\django\utils\asyncio.py:26: in inner
    return func(*args, **kwargs)
..\..\..\AppData\Roaming\Python\Python313\site-packages\django\db\backends\base\base.py:256: in connect
    self.connection = self.get_new_connection(conn_params)
..\..\..\AppData\Roaming\Python\Python313\site-packages\django\utils\asyncio.py:26: in inner
    return func(*args, **kwargs)
..\..\..\AppData\Roaming\Python\Python313\site-packages\django\db\backends\postgresql\base.py:332: in get_new_connection
    connection = self.Database.connect(**conn_params)
_ _ _ _ _ _ _ _ _ _ _ _ _ _ _ _ _ _ _ _ _ _ _ _ _ _ _ _ _ _ _ _ _ _ _ _ _ _ _ _

cls = <class 'psycopg.Connection'>
conninfo = 'dbname=ruffles_db client_encoding=UTF8 user=postgres password=postgres host=localhost port=5432 hostaddr=127.0.0.1'
autocommit = False, prepare_threshold = None
context = <psycopg.adapt.AdaptersMap object at 0x000001CEB3E42350>
row_factory = None
cursor_factory = <class 'django.db.backends.postgresql.base.Cursor'>
kwargs = {'client_encoding': 'UTF8', 'dbname': 'ruffles_db', 'host': 'localhost', 'password': 'postgres', ...}
params = {'client_encoding': 'UTF8', 'dbname': 'ruffles_db', 'host': 'localhost', 'password': 'postgres', ...}
timeout = 130

    @classmethod
    def connect(
        cls,
        conninfo: str = "",
        *,
        autocommit: bool = False,
        prepare_threshold: int | None = 5,
        context: AdaptContext | None = None,
        row_factory: RowFactory[Row] | None = None,
        cursor_factory: type[Cursor[Row]] | None = None,
        **kwargs: ConnParam,
    ) -> Self:
        """
        Connect to a database server and return a new `Connection` instance.
        """
    
        params = cls._get_connection_params(conninfo, **kwargs)
        timeout = timeout_from_conninfo(params)
        rv = None
        attempts = conninfo_attempts(params)
        conn_errors: list[tuple[e.Error, str]] = []
        for attempt in attempts:
            tdescr = (attempt.get("host"), attempt.get("port"), attempt.get("hostaddr"))
            descr = "host: %r, port: %r, hostaddr: %r" % tdescr
            logger.debug("connection attempt: %s", descr)
            try:
                conninfo = make_conninfo("", **attempt)
                gen = cls._connect_gen(conninfo, timeout=timeout)
                rv = waiting.wait_conn(gen, interval=_WAIT_INTERVAL)
            except e.Error as ex:
                logger.debug("connection failed: %s: %s", descr, str(ex))
                conn_errors.append((ex, descr))
            except e._NO_TRACEBACK as ex:
                raise ex.with_traceback(None)
            else:
                logger.debug("connection succeeded: %s", descr)
                break
    
        if not rv:
            last_ex = conn_errors[-1][0]
            if len(conn_errors) == 1:
                raise last_ex.with_traceback(None)
    
            # Create a new exception with the same type as the last one, containing
            # all attempt errors while preserving backward compatibility.
            lines = [str(last_ex)]
            lines.append("Multiple connection attempts failed. All failures were:")
            lines.extend((f"- {descr}: {error}" for error, descr in conn_errors))
>           raise type(last_ex)("\n".join(lines)).with_traceback(None)
E           django.db.utils.OperationalError: connection failed: connection to server at "127.0.0.1", port 5432 failed: FATAL:  la autentificaci\ufffdn password fall\ufffd para el usuario \ufffdpostgres\ufffd
E           Multiple connection attempts failed. All failures were:
E           - host: 'localhost', port: '5432', hostaddr: '::1': connection failed: connection to server at "::1", port 5432 failed: FATAL:  la autentificaci\ufffdn password fall\ufffd para el usuario \ufffdpostgres\ufffd
E           - host: 'localhost', port: '5432', hostaddr: '127.0.0.1': connection failed: connection to server at "127.0.0.1", port 5432 failed: FATAL:  la autentificaci\ufffdn password fall\ufffd para el usuario \ufffdpostgres\ufffd

..\..\..\AppData\Roaming\Python\Python313\site-packages\psycopg\connection.py:127: OperationalError
_______ ERROR at setup of TestRaffleAPI.test_raffle_list_handles_error ________

self = <DatabaseWrapper vendor='postgresql' alias='__no_db__'>

    @async_unsafe
    def ensure_connection(self):
        """Guarantee that a connection to the database is established."""
        if self.connection is None:
            if self.in_atomic_block and self.closed_in_transaction:
                raise ProgrammingError(
                    "Cannot open a new connection in an atomic block."
                )
            with self.wrap_database_errors:
>               self.connect()

..\..\..\AppData\Roaming\Python\Python313\site-packages\django\db\backends\base\base.py:279: 
_ _ _ _ _ _ _ _ _ _ _ _ _ _ _ _ _ _ _ _ _ _ _ _ _ _ _ _ _ _ _ _ _ _ _ _ _ _ _ _
..\..\..\AppData\Roaming\Python\Python313\site-packages\django\utils\asyncio.py:26: in inner
    return func(*args, **kwargs)
..\..\..\AppData\Roaming\Python\Python313\site-packages\django\db\backends\base\base.py:256: in connect
    self.connection = self.get_new_connection(conn_params)
..\..\..\AppData\Roaming\Python\Python313\site-packages\django\utils\asyncio.py:26: in inner
    return func(*args, **kwargs)
..\..\..\AppData\Roaming\Python\Python313\site-packages\django\db\backends\postgresql\base.py:332: in get_new_connection
    connection = self.Database.connect(**conn_params)
_ _ _ _ _ _ _ _ _ _ _ _ _ _ _ _ _ _ _ _ _ _ _ _ _ _ _ _ _ _ _ _ _ _ _ _ _ _ _ _

cls = <class 'psycopg.Connection'>
conninfo = 'dbname=postgres client_encoding=UTF8 user=postgres password=postgres host=localhost port=5432 hostaddr=127.0.0.1'
autocommit = False, prepare_threshold = None
context = <psycopg.adapt.AdaptersMap object at 0x000001CEB3E42350>
row_factory = None
cursor_factory = <class 'django.db.backends.postgresql.base.Cursor'>
kwargs = {'client_encoding': 'UTF8', 'dbname': 'postgres', 'host': 'localhost', 'password': 'postgres', ...}
params = {'client_encoding': 'UTF8', 'dbname': 'postgres', 'host': 'localhost', 'password': 'postgres', ...}
timeout = 130

    @classmethod
    def connect(
        cls,
        conninfo: str = "",
        *,
        autocommit: bool = False,
        prepare_threshold: int | None = 5,
        context: AdaptContext | None = None,
        row_factory: RowFactory[Row] | None = None,
        cursor_factory: type[Cursor[Row]] | None = None,
        **kwargs: ConnParam,
    ) -> Self:
        """
        Connect to a database server and return a new `Connection` instance.
        """
    
        params = cls._get_connection_params(conninfo, **kwargs)
        timeout = timeout_from_conninfo(params)
        rv = None
        attempts = conninfo_attempts(params)
        conn_errors: list[tuple[e.Error, str]] = []
        for attempt in attempts:
            tdescr = (attempt.get("host"), attempt.get("port"), attempt.get("hostaddr"))
            descr = "host: %r, port: %r, hostaddr: %r" % tdescr
            logger.debug("connection attempt: %s", descr)
            try:
                conninfo = make_conninfo("", **attempt)
                gen = cls._connect_gen(conninfo, timeout=timeout)
                rv = waiting.wait_conn(gen, interval=_WAIT_INTERVAL)
            except e.Error as ex:
                logger.debug("connection failed: %s: %s", descr, str(ex))
                conn_errors.append((ex, descr))
            except e._NO_TRACEBACK as ex:
                raise ex.with_traceback(None)
            else:
                logger.debug("connection succeeded: %s", descr)
                break
    
        if not rv:
            last_ex = conn_errors[-1][0]
            if len(conn_errors) == 1:
                raise last_ex.with_traceback(None)
    
            # Create a new exception with the same type as the last one, containing
            # all attempt errors while preserving backward compatibility.
            lines = [str(last_ex)]
            lines.append("Multiple connection attempts failed. All failures were:")
            lines.extend((f"- {descr}: {error}" for error, descr in conn_errors))
>           raise type(last_ex)("\n".join(lines)).with_traceback(None)
E           psycopg.OperationalError: connection failed: connection to server at "127.0.0.1", port 5432 failed: FATAL:  la autentificaci\ufffdn password fall\ufffd para el usuario \ufffdpostgres\ufffd
E           Multiple connection attempts failed. All failures were:
E           - host: 'localhost', port: '5432', hostaddr: '::1': connection failed: connection to server at "::1", port 5432 failed: FATAL:  la autentificaci\ufffdn password fall\ufffd para el usuario \ufffdpostgres\ufffd
E           - host: 'localhost', port: '5432', hostaddr: '127.0.0.1': connection failed: connection to server at "127.0.0.1", port 5432 failed: FATAL:  la autentificaci\ufffdn password fall\ufffd para el usuario \ufffdpostgres\ufffd

..\..\..\AppData\Roaming\Python\Python313\site-packages\psycopg\connection.py:127: OperationalError

The above exception was the direct cause of the following exception:

self = <DatabaseWrapper vendor='postgresql' alias='default'>

    @contextmanager
    def _nodb_cursor(self):
        cursor = None
        try:
>           with super()._nodb_cursor() as cursor:

..\..\..\AppData\Roaming\Python\Python313\site-packages\django\db\backends\postgresql\base.py:507: 
_ _ _ _ _ _ _ _ _ _ _ _ _ _ _ _ _ _ _ _ _ _ _ _ _ _ _ _ _ _ _ _ _ _ _ _ _ _ _ _
C:\Python313\Lib\contextlib.py:141: in __enter__
    return next(self.gen)
..\..\..\AppData\Roaming\Python\Python313\site-packages\django\db\backends\base\base.py:712: in _nodb_cursor
    with conn.cursor() as cursor:
..\..\..\AppData\Roaming\Python\Python313\site-packages\django\utils\asyncio.py:26: in inner
    return func(*args, **kwargs)
..\..\..\AppData\Roaming\Python\Python313\site-packages\django\db\backends\base\base.py:320: in cursor
    return self._cursor()
..\..\..\AppData\Roaming\Python\Python313\site-packages\django\db\backends\base\base.py:296: in _cursor
    self.ensure_connection()
..\..\..\AppData\Roaming\Python\Python313\site-packages\django\utils\asyncio.py:26: in inner
    return func(*args, **kwargs)
..\..\..\AppData\Roaming\Python\Python313\site-packages\django\db\backends\base\base.py:278: in ensure_connection
    with self.wrap_database_errors:
..\..\..\AppData\Roaming\Python\Python313\site-packages\django\db\utils.py:91: in __exit__
    raise dj_exc_value.with_traceback(traceback) from exc_value
..\..\..\AppData\Roaming\Python\Python313\site-packages\django\db\backends\base\base.py:279: in ensure_connection
    self.connect()
..\..\..\AppData\Roaming\Python\Python313\site-packages\django\utils\asyncio.py:26: in inner
    return func(*args, **kwargs)
..\..\..\AppData\Roaming\Python\Python313\site-packages\django\db\backends\base\base.py:256: in connect
    self.connection = self.get_new_connection(conn_params)
..\..\..\AppData\Roaming\Python\Python313\site-packages\django\utils\asyncio.py:26: in inner
    return func(*args, **kwargs)
..\..\..\AppData\Roaming\Python\Python313\site-packages\django\db\backends\postgresql\base.py:332: in get_new_connection
    connection = self.Database.connect(**conn_params)
_ _ _ _ _ _ _ _ _ _ _ _ _ _ _ _ _ _ _ _ _ _ _ _ _ _ _ _ _ _ _ _ _ _ _ _ _ _ _ _

cls = <class 'psycopg.Connection'>
conninfo = 'dbname=postgres client_encoding=UTF8 user=postgres password=postgres host=localhost port=5432 hostaddr=127.0.0.1'
autocommit = False, prepare_threshold = None
context = <psycopg.adapt.AdaptersMap object at 0x000001CEB3E42350>
row_factory = None
cursor_factory = <class 'django.db.backends.postgresql.base.Cursor'>
kwargs = {'client_encoding': 'UTF8', 'dbname': 'postgres', 'host': 'localhost', 'password': 'postgres', ...}
params = {'client_encoding': 'UTF8', 'dbname': 'postgres', 'host': 'localhost', 'password': 'postgres', ...}
timeout = 130

    @classmethod
    def connect(
        cls,
        conninfo: str = "",
        *,
        autocommit: bool = False,
        prepare_threshold: int | None = 5,
        context: AdaptContext | None = None,
        row_factory: RowFactory[Row] | None = None,
        cursor_factory: type[Cursor[Row]] | None = None,
        **kwargs: ConnParam,
    ) -> Self:
        """
        Connect to a database server and return a new `Connection` instance.
        """
    
        params = cls._get_connection_params(conninfo, **kwargs)
        timeout = timeout_from_conninfo(params)
        rv = None
        attempts = conninfo_attempts(params)
        conn_errors: list[tuple[e.Error, str]] = []
        for attempt in attempts:
            tdescr = (attempt.get("host"), attempt.get("port"), attempt.get("hostaddr"))
            descr = "host: %r, port: %r, hostaddr: %r" % tdescr
            logger.debug("connection attempt: %s", descr)
            try:
                conninfo = make_conninfo("", **attempt)
                gen = cls._connect_gen(conninfo, timeout=timeout)
                rv = waiting.wait_conn(gen, interval=_WAIT_INTERVAL)
            except e.Error as ex:
                logger.debug("connection failed: %s: %s", descr, str(ex))
                conn_errors.append((ex, descr))
            except e._NO_TRACEBACK as ex:
                raise ex.with_traceback(None)
            else:
                logger.debug("connection succeeded: %s", descr)
                break
    
        if not rv:
            last_ex = conn_errors[-1][0]
            if len(conn_errors) == 1:
                raise last_ex.with_traceback(None)
    
            # Create a new exception with the same type as the last one, containing
            # all attempt errors while preserving backward compatibility.
            lines = [str(last_ex)]
            lines.append("Multiple connection attempts failed. All failures were:")
            lines.extend((f"- {descr}: {error}" for error, descr in conn_errors))
>           raise type(last_ex)("\n".join(lines)).with_traceback(None)
E           django.db.utils.OperationalError: connection failed: connection to server at "127.0.0.1", port 5432 failed: FATAL:  la autentificaci\ufffdn password fall\ufffd para el usuario \ufffdpostgres\ufffd
E           Multiple connection attempts failed. All failures were:
E           - host: 'localhost', port: '5432', hostaddr: '::1': connection failed: connection to server at "::1", port 5432 failed: FATAL:  la autentificaci\ufffdn password fall\ufffd para el usuario \ufffdpostgres\ufffd
E           - host: 'localhost', port: '5432', hostaddr: '127.0.0.1': connection failed: connection to server at "127.0.0.1", port 5432 failed: FATAL:  la autentificaci\ufffdn password fall\ufffd para el usuario \ufffdpostgres\ufffd

..\..\..\AppData\Roaming\Python\Python313\site-packages\psycopg\connection.py:127: OperationalError

During handling of the above exception, another exception occurred:

self = <DatabaseWrapper vendor='postgresql' alias='default'>

    @async_unsafe
    def ensure_connection(self):
        """Guarantee that a connection to the database is established."""
        if self.connection is None:
            if self.in_atomic_block and self.closed_in_transaction:
                raise ProgrammingError(
                    "Cannot open a new connection in an atomic block."
                )
            with self.wrap_database_errors:
>               self.connect()

..\..\..\AppData\Roaming\Python\Python313\site-packages\django\db\backends\base\base.py:279: 
_ _ _ _ _ _ _ _ _ _ _ _ _ _ _ _ _ _ _ _ _ _ _ _ _ _ _ _ _ _ _ _ _ _ _ _ _ _ _ _
..\..\..\AppData\Roaming\Python\Python313\site-packages\django\utils\asyncio.py:26: in inner
    return func(*args, **kwargs)
..\..\..\AppData\Roaming\Python\Python313\site-packages\django\db\backends\base\base.py:256: in connect
    self.connection = self.get_new_connection(conn_params)
..\..\..\AppData\Roaming\Python\Python313\site-packages\django\utils\asyncio.py:26: in inner
    return func(*args, **kwargs)
..\..\..\AppData\Roaming\Python\Python313\site-packages\django\db\backends\postgresql\base.py:332: in get_new_connection
    connection = self.Database.connect(**conn_params)
_ _ _ _ _ _ _ _ _ _ _ _ _ _ _ _ _ _ _ _ _ _ _ _ _ _ _ _ _ _ _ _ _ _ _ _ _ _ _ _

cls = <class 'psycopg.Connection'>
conninfo = 'dbname=ruffles_db client_encoding=UTF8 user=postgres password=postgres host=localhost port=5432 hostaddr=127.0.0.1'
autocommit = False, prepare_threshold = None
context = <psycopg.adapt.AdaptersMap object at 0x000001CEB3E42350>
row_factory = None
cursor_factory = <class 'django.db.backends.postgresql.base.Cursor'>
kwargs = {'client_encoding': 'UTF8', 'dbname': 'ruffles_db', 'host': 'localhost', 'password': 'postgres', ...}
params = {'client_encoding': 'UTF8', 'dbname': 'ruffles_db', 'host': 'localhost', 'password': 'postgres', ...}
timeout = 130

    @classmethod
    def connect(
        cls,
        conninfo: str = "",
        *,
        autocommit: bool = False,
        prepare_threshold: int | None = 5,
        context: AdaptContext | None = None,
        row_factory: RowFactory[Row] | None = None,
        cursor_factory: type[Cursor[Row]] | None = None,
        **kwargs: ConnParam,
    ) -> Self:
        """
        Connect to a database server and return a new `Connection` instance.
        """
    
        params = cls._get_connection_params(conninfo, **kwargs)
        timeout = timeout_from_conninfo(params)
        rv = None
        attempts = conninfo_attempts(params)
        conn_errors: list[tuple[e.Error, str]] = []
        for attempt in attempts:
            tdescr = (attempt.get("host"), attempt.get("port"), attempt.get("hostaddr"))
            descr = "host: %r, port: %r, hostaddr: %r" % tdescr
            logger.debug("connection attempt: %s", descr)
            try:
                conninfo = make_conninfo("", **attempt)
                gen = cls._connect_gen(conninfo, timeout=timeout)
                rv = waiting.wait_conn(gen, interval=_WAIT_INTERVAL)
            except e.Error as ex:
                logger.debug("connection failed: %s: %s", descr, str(ex))
                conn_errors.append((ex, descr))
            except e._NO_TRACEBACK as ex:
                raise ex.with_traceback(None)
            else:
                logger.debug("connection succeeded: %s", descr)
                break
    
        if not rv:
            last_ex = conn_errors[-1][0]
            if len(conn_errors) == 1:
                raise last_ex.with_traceback(None)
    
            # Create a new exception with the same type as the last one, containing
            # all attempt errors while preserving backward compatibility.
            lines = [str(last_ex)]
            lines.append("Multiple connection attempts failed. All failures were:")
            lines.extend((f"- {descr}: {error}" for error, descr in conn_errors))
>           raise type(last_ex)("\n".join(lines)).with_traceback(None)
E           psycopg.OperationalError: connection failed: connection to server at "127.0.0.1", port 5432 failed: FATAL:  la autentificaci\ufffdn password fall\ufffd para el usuario \ufffdpostgres\ufffd
E           Multiple connection attempts failed. All failures were:
E           - host: 'localhost', port: '5432', hostaddr: '::1': connection failed: connection to server at "::1", port 5432 failed: FATAL:  la autentificaci\ufffdn password fall\ufffd para el usuario \ufffdpostgres\ufffd
E           - host: 'localhost', port: '5432', hostaddr: '127.0.0.1': connection failed: connection to server at "127.0.0.1", port 5432 failed: FATAL:  la autentificaci\ufffdn password fall\ufffd para el usuario \ufffdpostgres\ufffd

..\..\..\AppData\Roaming\Python\Python313\site-packages\psycopg\connection.py:127: OperationalError

The above exception was the direct cause of the following exception:

request = <SubRequest '_django_db_marker' for <Function test_raffle_list_handles_error>>

    @pytest.fixture(autouse=True)
    def _django_db_marker(request: pytest.FixtureRequest) -> None:
        """Implement the django_db marker, internal to pytest-django."""
        marker = request.node.get_closest_marker("django_db")
        if marker:
>           request.getfixturevalue("_django_db_helper")

..\..\..\AppData\Roaming\Python\Python313\site-packages\pytest_django\plugin.py:527: 
_ _ _ _ _ _ _ _ _ _ _ _ _ _ _ _ _ _ _ _ _ _ _ _ _ _ _ _ _ _ _ _ _ _ _ _ _ _ _ _
..\..\..\AppData\Roaming\Python\Python313\site-packages\pytest_django\fixtures.py:140: in django_db_setup
    db_cfg = setup_databases(
..\..\..\AppData\Roaming\Python\Python313\site-packages\django\test\utils.py:204: in setup_databases
    connection.creation.create_test_db(
..\..\..\AppData\Roaming\Python\Python313\site-packages\django\db\backends\base\creation.py:62: in create_test_db
    self._create_test_db(verbosity, autoclobber, keepdb)
..\..\..\AppData\Roaming\Python\Python313\site-packages\django\db\backends\base\creation.py:202: in _create_test_db
    with self._nodb_cursor() as cursor:
C:\Python313\Lib\contextlib.py:141: in __enter__
    return next(self.gen)
..\..\..\AppData\Roaming\Python\Python313\site-packages\django\db\backends\postgresql\base.py:533: in _nodb_cursor
    with conn.cursor() as cursor:
..\..\..\AppData\Roaming\Python\Python313\site-packages\django\utils\asyncio.py:26: in inner
    return func(*args, **kwargs)
..\..\..\AppData\Roaming\Python\Python313\site-packages\django\db\backends\base\base.py:320: in cursor
    return self._cursor()
..\..\..\AppData\Roaming\Python\Python313\site-packages\django\db\backends\base\base.py:296: in _cursor
    self.ensure_connection()
..\..\..\AppData\Roaming\Python\Python313\site-packages\django\utils\asyncio.py:26: in inner
    return func(*args, **kwargs)
..\..\..\AppData\Roaming\Python\Python313\site-packages\django\db\backends\base\base.py:278: in ensure_connection
    with self.wrap_database_errors:
..\..\..\AppData\Roaming\Python\Python313\site-packages\django\db\utils.py:91: in __exit__
    raise dj_exc_value.with_traceback(traceback) from exc_value
..\..\..\AppData\Roaming\Python\Python313\site-packages\django\db\backends\base\base.py:279: in ensure_connection
    self.connect()
..\..\..\AppData\Roaming\Python\Python313\site-packages\django\utils\asyncio.py:26: in inner
    return func(*args, **kwargs)
..\..\..\AppData\Roaming\Python\Python313\site-packages\django\db\backends\base\base.py:256: in connect
    self.connection = self.get_new_connection(conn_params)
..\..\..\AppData\Roaming\Python\Python313\site-packages\django\utils\asyncio.py:26: in inner
    return func(*args, **kwargs)
..\..\..\AppData\Roaming\Python\Python313\site-packages\django\db\backends\postgresql\base.py:332: in get_new_connection
    connection = self.Database.connect(**conn_params)
_ _ _ _ _ _ _ _ _ _ _ _ _ _ _ _ _ _ _ _ _ _ _ _ _ _ _ _ _ _ _ _ _ _ _ _ _ _ _ _

cls = <class 'psycopg.Connection'>
conninfo = 'dbname=ruffles_db client_encoding=UTF8 user=postgres password=postgres host=localhost port=5432 hostaddr=127.0.0.1'
autocommit = False, prepare_threshold = None
context = <psycopg.adapt.AdaptersMap object at 0x000001CEB3E42350>
row_factory = None
cursor_factory = <class 'django.db.backends.postgresql.base.Cursor'>
kwargs = {'client_encoding': 'UTF8', 'dbname': 'ruffles_db', 'host': 'localhost', 'password': 'postgres', ...}
params = {'client_encoding': 'UTF8', 'dbname': 'ruffles_db', 'host': 'localhost', 'password': 'postgres', ...}
timeout = 130

    @classmethod
    def connect(
        cls,
        conninfo: str = "",
        *,
        autocommit: bool = False,
        prepare_threshold: int | None = 5,
        context: AdaptContext | None = None,
        row_factory: RowFactory[Row] | None = None,
        cursor_factory: type[Cursor[Row]] | None = None,
        **kwargs: ConnParam,
    ) -> Self:
        """
        Connect to a database server and return a new `Connection` instance.
        """
    
        params = cls._get_connection_params(conninfo, **kwargs)
        timeout = timeout_from_conninfo(params)
        rv = None
        attempts = conninfo_attempts(params)
        conn_errors: list[tuple[e.Error, str]] = []
        for attempt in attempts:
            tdescr = (attempt.get("host"), attempt.get("port"), attempt.get("hostaddr"))
            descr = "host: %r, port: %r, hostaddr: %r" % tdescr
            logger.debug("connection attempt: %s", descr)
            try:
                conninfo = make_conninfo("", **attempt)
                gen = cls._connect_gen(conninfo, timeout=timeout)
                rv = waiting.wait_conn(gen, interval=_WAIT_INTERVAL)
            except e.Error as ex:
                logger.debug("connection failed: %s: %s", descr, str(ex))
                conn_errors.append((ex, descr))
            except e._NO_TRACEBACK as ex:
                raise ex.with_traceback(None)
            else:
                logger.debug("connection succeeded: %s", descr)
                break
    
        if not rv:
            last_ex = conn_errors[-1][0]
            if len(conn_errors) == 1:
                raise last_ex.with_traceback(None)
    
            # Create a new exception with the same type as the last one, containing
            # all attempt errors while preserving backward compatibility.
            lines = [str(last_ex)]
            lines.append("Multiple connection attempts failed. All failures were:")
            lines.extend((f"- {descr}: {error}" for error, descr in conn_errors))
>           raise type(last_ex)("\n".join(lines)).with_traceback(None)
E           django.db.utils.OperationalError: connection failed: connection to server at "127.0.0.1", port 5432 failed: FATAL:  la autentificaci\ufffdn password fall\ufffd para el usuario \ufffdpostgres\ufffd
E           Multiple connection attempts failed. All failures were:
E           - host: 'localhost', port: '5432', hostaddr: '::1': connection failed: connection to server at "::1", port 5432 failed: FATAL:  la autentificaci\ufffdn password fall\ufffd para el usuario \ufffdpostgres\ufffd
E           - host: 'localhost', port: '5432', hostaddr: '127.0.0.1': connection failed: connection to server at "127.0.0.1", port 5432 failed: FATAL:  la autentificaci\ufffdn password fall\ufffd para el usuario \ufffdpostgres\ufffd

..\..\..\AppData\Roaming\Python\Python313\site-packages\psycopg\connection.py:127: OperationalError
________ ERROR at setup of TestRaffleAPI.test_raffle_with_broken_image ________

self = <DatabaseWrapper vendor='postgresql' alias='__no_db__'>

    @async_unsafe
    def ensure_connection(self):
        """Guarantee that a connection to the database is established."""
        if self.connection is None:
            if self.in_atomic_block and self.closed_in_transaction:
                raise ProgrammingError(
                    "Cannot open a new connection in an atomic block."
                )
            with self.wrap_database_errors:
>               self.connect()

..\..\..\AppData\Roaming\Python\Python313\site-packages\django\db\backends\base\base.py:279: 
_ _ _ _ _ _ _ _ _ _ _ _ _ _ _ _ _ _ _ _ _ _ _ _ _ _ _ _ _ _ _ _ _ _ _ _ _ _ _ _
..\..\..\AppData\Roaming\Python\Python313\site-packages\django\utils\asyncio.py:26: in inner
    return func(*args, **kwargs)
..\..\..\AppData\Roaming\Python\Python313\site-packages\django\db\backends\base\base.py:256: in connect
    self.connection = self.get_new_connection(conn_params)
..\..\..\AppData\Roaming\Python\Python313\site-packages\django\utils\asyncio.py:26: in inner
    return func(*args, **kwargs)
..\..\..\AppData\Roaming\Python\Python313\site-packages\django\db\backends\postgresql\base.py:332: in get_new_connection
    connection = self.Database.connect(**conn_params)
_ _ _ _ _ _ _ _ _ _ _ _ _ _ _ _ _ _ _ _ _ _ _ _ _ _ _ _ _ _ _ _ _ _ _ _ _ _ _ _

cls = <class 'psycopg.Connection'>
conninfo = 'dbname=postgres client_encoding=UTF8 user=postgres password=postgres host=localhost port=5432 hostaddr=127.0.0.1'
autocommit = False, prepare_threshold = None
context = <psycopg.adapt.AdaptersMap object at 0x000001CEB3E42350>
row_factory = None
cursor_factory = <class 'django.db.backends.postgresql.base.Cursor'>
kwargs = {'client_encoding': 'UTF8', 'dbname': 'postgres', 'host': 'localhost', 'password': 'postgres', ...}
params = {'client_encoding': 'UTF8', 'dbname': 'postgres', 'host': 'localhost', 'password': 'postgres', ...}
timeout = 130

    @classmethod
    def connect(
        cls,
        conninfo: str = "",
        *,
        autocommit: bool = False,
        prepare_threshold: int | None = 5,
        context: AdaptContext | None = None,
        row_factory: RowFactory[Row] | None = None,
        cursor_factory: type[Cursor[Row]] | None = None,
        **kwargs: ConnParam,
    ) -> Self:
        """
        Connect to a database server and return a new `Connection` instance.
        """
    
        params = cls._get_connection_params(conninfo, **kwargs)
        timeout = timeout_from_conninfo(params)
        rv = None
        attempts = conninfo_attempts(params)
        conn_errors: list[tuple[e.Error, str]] = []
        for attempt in attempts:
            tdescr = (attempt.get("host"), attempt.get("port"), attempt.get("hostaddr"))
            descr = "host: %r, port: %r, hostaddr: %r" % tdescr
            logger.debug("connection attempt: %s", descr)
            try:
                conninfo = make_conninfo("", **attempt)
                gen = cls._connect_gen(conninfo, timeout=timeout)
                rv = waiting.wait_conn(gen, interval=_WAIT_INTERVAL)
            except e.Error as ex:
                logger.debug("connection failed: %s: %s", descr, str(ex))
                conn_errors.append((ex, descr))
            except e._NO_TRACEBACK as ex:
                raise ex.with_traceback(None)
            else:
                logger.debug("connection succeeded: %s", descr)
                break
    
        if not rv:
            last_ex = conn_errors[-1][0]
            if len(conn_errors) == 1:
                raise last_ex.with_traceback(None)
    
            # Create a new exception with the same type as the last one, containing
            # all attempt errors while preserving backward compatibility.
            lines = [str(last_ex)]
            lines.append("Multiple connection attempts failed. All failures were:")
            lines.extend((f"- {descr}: {error}" for error, descr in conn_errors))
>           raise type(last_ex)("\n".join(lines)).with_traceback(None)
E           psycopg.OperationalError: connection failed: connection to server at "127.0.0.1", port 5432 failed: FATAL:  la autentificaci\ufffdn password fall\ufffd para el usuario \ufffdpostgres\ufffd
E           Multiple connection attempts failed. All failures were:
E           - host: 'localhost', port: '5432', hostaddr: '::1': connection failed: connection to server at "::1", port 5432 failed: FATAL:  la autentificaci\ufffdn password fall\ufffd para el usuario \ufffdpostgres\ufffd
E           - host: 'localhost', port: '5432', hostaddr: '127.0.0.1': connection failed: connection to server at "127.0.0.1", port 5432 failed: FATAL:  la autentificaci\ufffdn password fall\ufffd para el usuario \ufffdpostgres\ufffd

..\..\..\AppData\Roaming\Python\Python313\site-packages\psycopg\connection.py:127: OperationalError

The above exception was the direct cause of the following exception:

self = <DatabaseWrapper vendor='postgresql' alias='default'>

    @contextmanager
    def _nodb_cursor(self):
        cursor = None
        try:
>           with super()._nodb_cursor() as cursor:

..\..\..\AppData\Roaming\Python\Python313\site-packages\django\db\backends\postgresql\base.py:507: 
_ _ _ _ _ _ _ _ _ _ _ _ _ _ _ _ _ _ _ _ _ _ _ _ _ _ _ _ _ _ _ _ _ _ _ _ _ _ _ _
C:\Python313\Lib\contextlib.py:141: in __enter__
    return next(self.gen)
..\..\..\AppData\Roaming\Python\Python313\site-packages\django\db\backends\base\base.py:712: in _nodb_cursor
    with conn.cursor() as cursor:
..\..\..\AppData\Roaming\Python\Python313\site-packages\django\utils\asyncio.py:26: in inner
    return func(*args, **kwargs)
..\..\..\AppData\Roaming\Python\Python313\site-packages\django\db\backends\base\base.py:320: in cursor
    return self._cursor()
..\..\..\AppData\Roaming\Python\Python313\site-packages\django\db\backends\base\base.py:296: in _cursor
    self.ensure_connection()
..\..\..\AppData\Roaming\Python\Python313\site-packages\django\utils\asyncio.py:26: in inner
    return func(*args, **kwargs)
..\..\..\AppData\Roaming\Python\Python313\site-packages\django\db\backends\base\base.py:278: in ensure_connection
    with self.wrap_database_errors:
..\..\..\AppData\Roaming\Python\Python313\site-packages\django\db\utils.py:91: in __exit__
    raise dj_exc_value.with_traceback(traceback) from exc_value
..\..\..\AppData\Roaming\Python\Python313\site-packages\django\db\backends\base\base.py:279: in ensure_connection
    self.connect()
..\..\..\AppData\Roaming\Python\Python313\site-packages\django\utils\asyncio.py:26: in inner
    return func(*args, **kwargs)
..\..\..\AppData\Roaming\Python\Python313\site-packages\django\db\backends\base\base.py:256: in connect
    self.connection = self.get_new_connection(conn_params)
..\..\..\AppData\Roaming\Python\Python313\site-packages\django\utils\asyncio.py:26: in inner
    return func(*args, **kwargs)
..\..\..\AppData\Roaming\Python\Python313\site-packages\django\db\backends\postgresql\base.py:332: in get_new_connection
    connection = self.Database.connect(**conn_params)
_ _ _ _ _ _ _ _ _ _ _ _ _ _ _ _ _ _ _ _ _ _ _ _ _ _ _ _ _ _ _ _ _ _ _ _ _ _ _ _

cls = <class 'psycopg.Connection'>
conninfo = 'dbname=postgres client_encoding=UTF8 user=postgres password=postgres host=localhost port=5432 hostaddr=127.0.0.1'
autocommit = False, prepare_threshold = None
context = <psycopg.adapt.AdaptersMap object at 0x000001CEB3E42350>
row_factory = None
cursor_factory = <class 'django.db.backends.postgresql.base.Cursor'>
kwargs = {'client_encoding': 'UTF8', 'dbname': 'postgres', 'host': 'localhost', 'password': 'postgres', ...}
params = {'client_encoding': 'UTF8', 'dbname': 'postgres', 'host': 'localhost', 'password': 'postgres', ...}
timeout = 130

    @classmethod
    def connect(
        cls,
        conninfo: str = "",
        *,
        autocommit: bool = False,
        prepare_threshold: int | None = 5,
        context: AdaptContext | None = None,
        row_factory: RowFactory[Row] | None = None,
        cursor_factory: type[Cursor[Row]] | None = None,
        **kwargs: ConnParam,
    ) -> Self:
        """
        Connect to a database server and return a new `Connection` instance.
        """
    
        params = cls._get_connection_params(conninfo, **kwargs)
        timeout = timeout_from_conninfo(params)
        rv = None
        attempts = conninfo_attempts(params)
        conn_errors: list[tuple[e.Error, str]] = []
        for attempt in attempts:
            tdescr = (attempt.get("host"), attempt.get("port"), attempt.get("hostaddr"))
            descr = "host: %r, port: %r, hostaddr: %r" % tdescr
            logger.debug("connection attempt: %s", descr)
            try:
                conninfo = make_conninfo("", **attempt)
                gen = cls._connect_gen(conninfo, timeout=timeout)
                rv = waiting.wait_conn(gen, interval=_WAIT_INTERVAL)
            except e.Error as ex:
                logger.debug("connection failed: %s: %s", descr, str(ex))
                conn_errors.append((ex, descr))
            except e._NO_TRACEBACK as ex:
                raise ex.with_traceback(None)
            else:
                logger.debug("connection succeeded: %s", descr)
                break
    
        if not rv:
            last_ex = conn_errors[-1][0]
            if len(conn_errors) == 1:
                raise last_ex.with_traceback(None)
    
            # Create a new exception with the same type as the last one, containing
            # all attempt errors while preserving backward compatibility.
            lines = [str(last_ex)]
            lines.append("Multiple connection attempts failed. All failures were:")
            lines.extend((f"- {descr}: {error}" for error, descr in conn_errors))
>           raise type(last_ex)("\n".join(lines)).with_traceback(None)
E           django.db.utils.OperationalError: connection failed: connection to server at "127.0.0.1", port 5432 failed: FATAL:  la autentificaci\ufffdn password fall\ufffd para el usuario \ufffdpostgres\ufffd
E           Multiple connection attempts failed. All failures were:
E           - host: 'localhost', port: '5432', hostaddr: '::1': connection failed: connection to server at "::1", port 5432 failed: FATAL:  la autentificaci\ufffdn password fall\ufffd para el usuario \ufffdpostgres\ufffd
E           - host: 'localhost', port: '5432', hostaddr: '127.0.0.1': connection failed: connection to server at "127.0.0.1", port 5432 failed: FATAL:  la autentificaci\ufffdn password fall\ufffd para el usuario \ufffdpostgres\ufffd

..\..\..\AppData\Roaming\Python\Python313\site-packages\psycopg\connection.py:127: OperationalError

During handling of the above exception, another exception occurred:

self = <DatabaseWrapper vendor='postgresql' alias='default'>

    @async_unsafe
    def ensure_connection(self):
        """Guarantee that a connection to the database is established."""
        if self.connection is None:
            if self.in_atomic_block and self.closed_in_transaction:
                raise ProgrammingError(
                    "Cannot open a new connection in an atomic block."
                )
            with self.wrap_database_errors:
>               self.connect()

..\..\..\AppData\Roaming\Python\Python313\site-packages\django\db\backends\base\base.py:279: 
_ _ _ _ _ _ _ _ _ _ _ _ _ _ _ _ _ _ _ _ _ _ _ _ _ _ _ _ _ _ _ _ _ _ _ _ _ _ _ _
..\..\..\AppData\Roaming\Python\Python313\site-packages\django\utils\asyncio.py:26: in inner
    return func(*args, **kwargs)
..\..\..\AppData\Roaming\Python\Python313\site-packages\django\db\backends\base\base.py:256: in connect
    self.connection = self.get_new_connection(conn_params)
..\..\..\AppData\Roaming\Python\Python313\site-packages\django\utils\asyncio.py:26: in inner
    return func(*args, **kwargs)
..\..\..\AppData\Roaming\Python\Python313\site-packages\django\db\backends\postgresql\base.py:332: in get_new_connection
    connection = self.Database.connect(**conn_params)
_ _ _ _ _ _ _ _ _ _ _ _ _ _ _ _ _ _ _ _ _ _ _ _ _ _ _ _ _ _ _ _ _ _ _ _ _ _ _ _

cls = <class 'psycopg.Connection'>
conninfo = 'dbname=ruffles_db client_encoding=UTF8 user=postgres password=postgres host=localhost port=5432 hostaddr=127.0.0.1'
autocommit = False, prepare_threshold = None
context = <psycopg.adapt.AdaptersMap object at 0x000001CEB3E42350>
row_factory = None
cursor_factory = <class 'django.db.backends.postgresql.base.Cursor'>
kwargs = {'client_encoding': 'UTF8', 'dbname': 'ruffles_db', 'host': 'localhost', 'password': 'postgres', ...}
params = {'client_encoding': 'UTF8', 'dbname': 'ruffles_db', 'host': 'localhost', 'password': 'postgres', ...}
timeout = 130

    @classmethod
    def connect(
        cls,
        conninfo: str = "",
        *,
        autocommit: bool = False,
        prepare_threshold: int | None = 5,
        context: AdaptContext | None = None,
        row_factory: RowFactory[Row] | None = None,
        cursor_factory: type[Cursor[Row]] | None = None,
        **kwargs: ConnParam,
    ) -> Self:
        """
        Connect to a database server and return a new `Connection` instance.
        """
    
        params = cls._get_connection_params(conninfo, **kwargs)
        timeout = timeout_from_conninfo(params)
        rv = None
        attempts = conninfo_attempts(params)
        conn_errors: list[tuple[e.Error, str]] = []
        for attempt in attempts:
            tdescr = (attempt.get("host"), attempt.get("port"), attempt.get("hostaddr"))
            descr = "host: %r, port: %r, hostaddr: %r" % tdescr
            logger.debug("connection attempt: %s", descr)
            try:
                conninfo = make_conninfo("", **attempt)
                gen = cls._connect_gen(conninfo, timeout=timeout)
                rv = waiting.wait_conn(gen, interval=_WAIT_INTERVAL)
            except e.Error as ex:
                logger.debug("connection failed: %s: %s", descr, str(ex))
                conn_errors.append((ex, descr))
            except e._NO_TRACEBACK as ex:
                raise ex.with_traceback(None)
            else:
                logger.debug("connection succeeded: %s", descr)
                break
    
        if not rv:
            last_ex = conn_errors[-1][0]
            if len(conn_errors) == 1:
                raise last_ex.with_traceback(None)
    
            # Create a new exception with the same type as the last one, containing
            # all attempt errors while preserving backward compatibility.
            lines = [str(last_ex)]
            lines.append("Multiple connection attempts failed. All failures were:")
            lines.extend((f"- {descr}: {error}" for error, descr in conn_errors))
>           raise type(last_ex)("\n".join(lines)).with_traceback(None)
E           psycopg.OperationalError: connection failed: connection to server at "127.0.0.1", port 5432 failed: FATAL:  la autentificaci\ufffdn password fall\ufffd para el usuario \ufffdpostgres\ufffd
E           Multiple connection attempts failed. All failures were:
E           - host: 'localhost', port: '5432', hostaddr: '::1': connection failed: connection to server at "::1", port 5432 failed: FATAL:  la autentificaci\ufffdn password fall\ufffd para el usuario \ufffdpostgres\ufffd
E           - host: 'localhost', port: '5432', hostaddr: '127.0.0.1': connection failed: connection to server at "127.0.0.1", port 5432 failed: FATAL:  la autentificaci\ufffdn password fall\ufffd para el usuario \ufffdpostgres\ufffd

..\..\..\AppData\Roaming\Python\Python313\site-packages\psycopg\connection.py:127: OperationalError

The above exception was the direct cause of the following exception:

request = <SubRequest 'django_db_setup' for <Function test_login_success_returns_jwt>>
django_test_environment = None
django_db_blocker = <pytest_django.plugin.DjangoDbBlocker object at 0x000001CEB17F0050>
django_db_use_migrations = True, django_db_keepdb = False
django_db_createdb = False, django_db_modify_db_settings = None

    @pytest.fixture(scope="session")
    def django_db_setup(
        request: pytest.FixtureRequest,
        django_test_environment: None,
        django_db_blocker: DjangoDbBlocker,
        django_db_use_migrations: bool,
        django_db_keepdb: bool,
        django_db_createdb: bool,
        django_db_modify_db_settings: None,
    ) -> Generator[None, None, None]:
        """Top level fixture to ensure test databases are available"""
        from django.test.utils import setup_databases, teardown_databases
    
        setup_databases_args = {}
    
        if not django_db_use_migrations:
            _disable_migrations()
    
        if django_db_keepdb and not django_db_createdb:
            setup_databases_args["keepdb"] = True
    
        with django_db_blocker.unblock():
>           db_cfg = setup_databases(
                verbosity=request.config.option.verbose,
                interactive=False,
                **setup_databases_args,
            )

..\..\..\AppData\Roaming\Python\Python313\site-packages\pytest_django\fixtures.py:140: 
_ _ _ _ _ _ _ _ _ _ _ _ _ _ _ _ _ _ _ _ _ _ _ _ _ _ _ _ _ _ _ _ _ _ _ _ _ _ _ _
..\..\..\AppData\Roaming\Python\Python313\site-packages\django\test\utils.py:204: in setup_databases
    connection.creation.create_test_db(
..\..\..\AppData\Roaming\Python\Python313\site-packages\django\db\backends\base\creation.py:62: in create_test_db
    self._create_test_db(verbosity, autoclobber, keepdb)
..\..\..\AppData\Roaming\Python\Python313\site-packages\django\db\backends\base\creation.py:202: in _create_test_db
    with self._nodb_cursor() as cursor:
C:\Python313\Lib\contextlib.py:141: in __enter__
    return next(self.gen)
..\..\..\AppData\Roaming\Python\Python313\site-packages\django\db\backends\postgresql\base.py:533: in _nodb_cursor
    with conn.cursor() as cursor:
..\..\..\AppData\Roaming\Python\Python313\site-packages\django\utils\asyncio.py:26: in inner
    return func(*args, **kwargs)
..\..\..\AppData\Roaming\Python\Python313\site-packages\django\db\backends\base\base.py:320: in cursor
    return self._cursor()
..\..\..\AppData\Roaming\Python\Python313\site-packages\django\db\backends\base\base.py:296: in _cursor
    self.ensure_connection()
..\..\..\AppData\Roaming\Python\Python313\site-packages\django\utils\asyncio.py:26: in inner
    return func(*args, **kwargs)
..\..\..\AppData\Roaming\Python\Python313\site-packages\django\db\backends\base\base.py:278: in ensure_connection
    with self.wrap_database_errors:
..\..\..\AppData\Roaming\Python\Python313\site-packages\django\db\utils.py:91: in __exit__
    raise dj_exc_value.with_traceback(traceback) from exc_value
..\..\..\AppData\Roaming\Python\Python313\site-packages\django\db\backends\base\base.py:279: in ensure_connection
    self.connect()
..\..\..\AppData\Roaming\Python\Python313\site-packages\django\utils\asyncio.py:26: in inner
    return func(*args, **kwargs)
..\..\..\AppData\Roaming\Python\Python313\site-packages\django\db\backends\base\base.py:256: in connect
    self.connection = self.get_new_connection(conn_params)
..\..\..\AppData\Roaming\Python\Python313\site-packages\django\utils\asyncio.py:26: in inner
    return func(*args, **kwargs)
..\..\..\AppData\Roaming\Python\Python313\site-packages\django\db\backends\postgresql\base.py:332: in get_new_connection
    connection = self.Database.connect(**conn_params)
_ _ _ _ _ _ _ _ _ _ _ _ _ _ _ _ _ _ _ _ _ _ _ _ _ _ _ _ _ _ _ _ _ _ _ _ _ _ _ _

cls = <class 'psycopg.Connection'>
conninfo = 'dbname=ruffles_db client_encoding=UTF8 user=postgres password=postgres host=localhost port=5432 hostaddr=127.0.0.1'
autocommit = False, prepare_threshold = None
context = <psycopg.adapt.AdaptersMap object at 0x000001CEB3E42350>
row_factory = None
cursor_factory = <class 'django.db.backends.postgresql.base.Cursor'>
kwargs = {'client_encoding': 'UTF8', 'dbname': 'ruffles_db', 'host': 'localhost', 'password': 'postgres', ...}
params = {'client_encoding': 'UTF8', 'dbname': 'ruffles_db', 'host': 'localhost', 'password': 'postgres', ...}
timeout = 130

    @classmethod
    def connect(
        cls,
        conninfo: str = "",
        *,
        autocommit: bool = False,
        prepare_threshold: int | None = 5,
        context: AdaptContext | None = None,
        row_factory: RowFactory[Row] | None = None,
        cursor_factory: type[Cursor[Row]] | None = None,
        **kwargs: ConnParam,
    ) -> Self:
        """
        Connect to a database server and return a new `Connection` instance.
        """
    
        params = cls._get_connection_params(conninfo, **kwargs)
        timeout = timeout_from_conninfo(params)
        rv = None
        attempts = conninfo_attempts(params)
        conn_errors: list[tuple[e.Error, str]] = []
        for attempt in attempts:
            tdescr = (attempt.get("host"), attempt.get("port"), attempt.get("hostaddr"))
            descr = "host: %r, port: %r, hostaddr: %r" % tdescr
            logger.debug("connection attempt: %s", descr)
            try:
                conninfo = make_conninfo("", **attempt)
                gen = cls._connect_gen(conninfo, timeout=timeout)
                rv = waiting.wait_conn(gen, interval=_WAIT_INTERVAL)
            except e.Error as ex:
                logger.debug("connection failed: %s: %s", descr, str(ex))
                conn_errors.append((ex, descr))
            except e._NO_TRACEBACK as ex:
                raise ex.with_traceback(None)
            else:
                logger.debug("connection succeeded: %s", descr)
                break
    
        if not rv:
            last_ex = conn_errors[-1][0]
            if len(conn_errors) == 1:
                raise last_ex.with_traceback(None)
    
            # Create a new exception with the same type as the last one, containing
            # all attempt errors while preserving backward compatibility.
            lines = [str(last_ex)]
            lines.append("Multiple connection attempts failed. All failures were:")
            lines.extend((f"- {descr}: {error}" for error, descr in conn_errors))
>           raise type(last_ex)("\n".join(lines)).with_traceback(None)
E           django.db.utils.OperationalError: connection failed: connection to server at "127.0.0.1", port 5432 failed: FATAL:  la autentificaci\ufffdn password fall\ufffd para el usuario \ufffdpostgres\ufffd
E           Multiple connection attempts failed. All failures were:
E           - host: 'localhost', port: '5432', hostaddr: '::1': connection failed: connection to server at "::1", port 5432 failed: FATAL:  la autentificaci\ufffdn password fall\ufffd para el usuario \ufffdpostgres\ufffd
E           - host: 'localhost', port: '5432', hostaddr: '127.0.0.1': connection failed: connection to server at "127.0.0.1", port 5432 failed: FATAL:  la autentificaci\ufffdn password fall\ufffd para el usuario \ufffdpostgres\ufffd

..\..\..\AppData\Roaming\Python\Python313\site-packages\psycopg\connection.py:127: OperationalError
______________ ERROR at setup of TestRaffleAPI.test_price_format ______________

self = <DatabaseWrapper vendor='postgresql' alias='__no_db__'>

    @async_unsafe
    def ensure_connection(self):
        """Guarantee that a connection to the database is established."""
        if self.connection is None:
            if self.in_atomic_block and self.closed_in_transaction:
                raise ProgrammingError(
                    "Cannot open a new connection in an atomic block."
                )
            with self.wrap_database_errors:
>               self.connect()

..\..\..\AppData\Roaming\Python\Python313\site-packages\django\db\backends\base\base.py:279: 
_ _ _ _ _ _ _ _ _ _ _ _ _ _ _ _ _ _ _ _ _ _ _ _ _ _ _ _ _ _ _ _ _ _ _ _ _ _ _ _
..\..\..\AppData\Roaming\Python\Python313\site-packages\django\utils\asyncio.py:26: in inner
    return func(*args, **kwargs)
..\..\..\AppData\Roaming\Python\Python313\site-packages\django\db\backends\base\base.py:256: in connect
    self.connection = self.get_new_connection(conn_params)
..\..\..\AppData\Roaming\Python\Python313\site-packages\django\utils\asyncio.py:26: in inner
    return func(*args, **kwargs)
..\..\..\AppData\Roaming\Python\Python313\site-packages\django\db\backends\postgresql\base.py:332: in get_new_connection
    connection = self.Database.connect(**conn_params)
_ _ _ _ _ _ _ _ _ _ _ _ _ _ _ _ _ _ _ _ _ _ _ _ _ _ _ _ _ _ _ _ _ _ _ _ _ _ _ _

cls = <class 'psycopg.Connection'>
conninfo = 'dbname=postgres client_encoding=UTF8 user=postgres password=postgres host=localhost port=5432 hostaddr=127.0.0.1'
autocommit = False, prepare_threshold = None
context = <psycopg.adapt.AdaptersMap object at 0x000001CEB3E42350>
row_factory = None
cursor_factory = <class 'django.db.backends.postgresql.base.Cursor'>
kwargs = {'client_encoding': 'UTF8', 'dbname': 'postgres', 'host': 'localhost', 'password': 'postgres', ...}
params = {'client_encoding': 'UTF8', 'dbname': 'postgres', 'host': 'localhost', 'password': 'postgres', ...}
timeout = 130

    @classmethod
    def connect(
        cls,
        conninfo: str = "",
        *,
        autocommit: bool = False,
        prepare_threshold: int | None = 5,
        context: AdaptContext | None = None,
        row_factory: RowFactory[Row] | None = None,
        cursor_factory: type[Cursor[Row]] | None = None,
        **kwargs: ConnParam,
    ) -> Self:
        """
        Connect to a database server and return a new `Connection` instance.
        """
    
        params = cls._get_connection_params(conninfo, **kwargs)
        timeout = timeout_from_conninfo(params)
        rv = None
        attempts = conninfo_attempts(params)
        conn_errors: list[tuple[e.Error, str]] = []
        for attempt in attempts:
            tdescr = (attempt.get("host"), attempt.get("port"), attempt.get("hostaddr"))
            descr = "host: %r, port: %r, hostaddr: %r" % tdescr
            logger.debug("connection attempt: %s", descr)
            try:
                conninfo = make_conninfo("", **attempt)
                gen = cls._connect_gen(conninfo, timeout=timeout)
                rv = waiting.wait_conn(gen, interval=_WAIT_INTERVAL)
            except e.Error as ex:
                logger.debug("connection failed: %s: %s", descr, str(ex))
                conn_errors.append((ex, descr))
            except e._NO_TRACEBACK as ex:
                raise ex.with_traceback(None)
            else:
                logger.debug("connection succeeded: %s", descr)
                break
    
        if not rv:
            last_ex = conn_errors[-1][0]
            if len(conn_errors) == 1:
                raise last_ex.with_traceback(None)
    
            # Create a new exception with the same type as the last one, containing
            # all attempt errors while preserving backward compatibility.
            lines = [str(last_ex)]
            lines.append("Multiple connection attempts failed. All failures were:")
            lines.extend((f"- {descr}: {error}" for error, descr in conn_errors))
>           raise type(last_ex)("\n".join(lines)).with_traceback(None)
E           psycopg.OperationalError: connection failed: connection to server at "127.0.0.1", port 5432 failed: FATAL:  la autentificaci\ufffdn password fall\ufffd para el usuario \ufffdpostgres\ufffd
E           Multiple connection attempts failed. All failures were:
E           - host: 'localhost', port: '5432', hostaddr: '::1': connection failed: connection to server at "::1", port 5432 failed: FATAL:  la autentificaci\ufffdn password fall\ufffd para el usuario \ufffdpostgres\ufffd
E           - host: 'localhost', port: '5432', hostaddr: '127.0.0.1': connection failed: connection to server at "127.0.0.1", port 5432 failed: FATAL:  la autentificaci\ufffdn password fall\ufffd para el usuario \ufffdpostgres\ufffd

..\..\..\AppData\Roaming\Python\Python313\site-packages\psycopg\connection.py:127: OperationalError

The above exception was the direct cause of the following exception:

self = <DatabaseWrapper vendor='postgresql' alias='default'>

    @contextmanager
    def _nodb_cursor(self):
        cursor = None
        try:
>           with super()._nodb_cursor() as cursor:

..\..\..\AppData\Roaming\Python\Python313\site-packages\django\db\backends\postgresql\base.py:507: 
_ _ _ _ _ _ _ _ _ _ _ _ _ _ _ _ _ _ _ _ _ _ _ _ _ _ _ _ _ _ _ _ _ _ _ _ _ _ _ _
C:\Python313\Lib\contextlib.py:141: in __enter__
    return next(self.gen)
..\..\..\AppData\Roaming\Python\Python313\site-packages\django\db\backends\base\base.py:712: in _nodb_cursor
    with conn.cursor() as cursor:
..\..\..\AppData\Roaming\Python\Python313\site-packages\django\utils\asyncio.py:26: in inner
    return func(*args, **kwargs)
..\..\..\AppData\Roaming\Python\Python313\site-packages\django\db\backends\base\base.py:320: in cursor
    return self._cursor()
..\..\..\AppData\Roaming\Python\Python313\site-packages\django\db\backends\base\base.py:296: in _cursor
    self.ensure_connection()
..\..\..\AppData\Roaming\Python\Python313\site-packages\django\utils\asyncio.py:26: in inner
    return func(*args, **kwargs)
..\..\..\AppData\Roaming\Python\Python313\site-packages\django\db\backends\base\base.py:278: in ensure_connection
    with self.wrap_database_errors:
..\..\..\AppData\Roaming\Python\Python313\site-packages\django\db\utils.py:91: in __exit__
    raise dj_exc_value.with_traceback(traceback) from exc_value
..\..\..\AppData\Roaming\Python\Python313\site-packages\django\db\backends\base\base.py:279: in ensure_connection
    self.connect()
..\..\..\AppData\Roaming\Python\Python313\site-packages\django\utils\asyncio.py:26: in inner
    return func(*args, **kwargs)
..\..\..\AppData\Roaming\Python\Python313\site-packages\django\db\backends\base\base.py:256: in connect
    self.connection = self.get_new_connection(conn_params)
..\..\..\AppData\Roaming\Python\Python313\site-packages\django\utils\asyncio.py:26: in inner
    return func(*args, **kwargs)
..\..\..\AppData\Roaming\Python\Python313\site-packages\django\db\backends\postgresql\base.py:332: in get_new_connection
    connection = self.Database.connect(**conn_params)
_ _ _ _ _ _ _ _ _ _ _ _ _ _ _ _ _ _ _ _ _ _ _ _ _ _ _ _ _ _ _ _ _ _ _ _ _ _ _ _

cls = <class 'psycopg.Connection'>
conninfo = 'dbname=postgres client_encoding=UTF8 user=postgres password=postgres host=localhost port=5432 hostaddr=127.0.0.1'
autocommit = False, prepare_threshold = None
context = <psycopg.adapt.AdaptersMap object at 0x000001CEB3E42350>
row_factory = None
cursor_factory = <class 'django.db.backends.postgresql.base.Cursor'>
kwargs = {'client_encoding': 'UTF8', 'dbname': 'postgres', 'host': 'localhost', 'password': 'postgres', ...}
params = {'client_encoding': 'UTF8', 'dbname': 'postgres', 'host': 'localhost', 'password': 'postgres', ...}
timeout = 130

    @classmethod
    def connect(
        cls,
        conninfo: str = "",
        *,
        autocommit: bool = False,
        prepare_threshold: int | None = 5,
        context: AdaptContext | None = None,
        row_factory: RowFactory[Row] | None = None,
        cursor_factory: type[Cursor[Row]] | None = None,
        **kwargs: ConnParam,
    ) -> Self:
        """
        Connect to a database server and return a new `Connection` instance.
        """
    
        params = cls._get_connection_params(conninfo, **kwargs)
        timeout = timeout_from_conninfo(params)
        rv = None
        attempts = conninfo_attempts(params)
        conn_errors: list[tuple[e.Error, str]] = []
        for attempt in attempts:
            tdescr = (attempt.get("host"), attempt.get("port"), attempt.get("hostaddr"))
            descr = "host: %r, port: %r, hostaddr: %r" % tdescr
            logger.debug("connection attempt: %s", descr)
            try:
                conninfo = make_conninfo("", **attempt)
                gen = cls._connect_gen(conninfo, timeout=timeout)
                rv = waiting.wait_conn(gen, interval=_WAIT_INTERVAL)
            except e.Error as ex:
                logger.debug("connection failed: %s: %s", descr, str(ex))
                conn_errors.append((ex, descr))
            except e._NO_TRACEBACK as ex:
                raise ex.with_traceback(None)
            else:
                logger.debug("connection succeeded: %s", descr)
                break
    
        if not rv:
            last_ex = conn_errors[-1][0]
            if len(conn_errors) == 1:
                raise last_ex.with_traceback(None)
    
            # Create a new exception with the same type as the last one, containing
            # all attempt errors while preserving backward compatibility.
            lines = [str(last_ex)]
            lines.append("Multiple connection attempts failed. All failures were:")
            lines.extend((f"- {descr}: {error}" for error, descr in conn_errors))
>           raise type(last_ex)("\n".join(lines)).with_traceback(None)
E           django.db.utils.OperationalError: connection failed: connection to server at "127.0.0.1", port 5432 failed: FATAL:  la autentificaci\ufffdn password fall\ufffd para el usuario \ufffdpostgres\ufffd
E           Multiple connection attempts failed. All failures were:
E           - host: 'localhost', port: '5432', hostaddr: '::1': connection failed: connection to server at "::1", port 5432 failed: FATAL:  la autentificaci\ufffdn password fall\ufffd para el usuario \ufffdpostgres\ufffd
E           - host: 'localhost', port: '5432', hostaddr: '127.0.0.1': connection failed: connection to server at "127.0.0.1", port 5432 failed: FATAL:  la autentificaci\ufffdn password fall\ufffd para el usuario \ufffdpostgres\ufffd

..\..\..\AppData\Roaming\Python\Python313\site-packages\psycopg\connection.py:127: OperationalError

During handling of the above exception, another exception occurred:

self = <DatabaseWrapper vendor='postgresql' alias='default'>

    @async_unsafe
    def ensure_connection(self):
        """Guarantee that a connection to the database is established."""
        if self.connection is None:
            if self.in_atomic_block and self.closed_in_transaction:
                raise ProgrammingError(
                    "Cannot open a new connection in an atomic block."
                )
            with self.wrap_database_errors:
>               self.connect()

..\..\..\AppData\Roaming\Python\Python313\site-packages\django\db\backends\base\base.py:279: 
_ _ _ _ _ _ _ _ _ _ _ _ _ _ _ _ _ _ _ _ _ _ _ _ _ _ _ _ _ _ _ _ _ _ _ _ _ _ _ _
..\..\..\AppData\Roaming\Python\Python313\site-packages\django\utils\asyncio.py:26: in inner
    return func(*args, **kwargs)
..\..\..\AppData\Roaming\Python\Python313\site-packages\django\db\backends\base\base.py:256: in connect
    self.connection = self.get_new_connection(conn_params)
..\..\..\AppData\Roaming\Python\Python313\site-packages\django\utils\asyncio.py:26: in inner
    return func(*args, **kwargs)
..\..\..\AppData\Roaming\Python\Python313\site-packages\django\db\backends\postgresql\base.py:332: in get_new_connection
    connection = self.Database.connect(**conn_params)
_ _ _ _ _ _ _ _ _ _ _ _ _ _ _ _ _ _ _ _ _ _ _ _ _ _ _ _ _ _ _ _ _ _ _ _ _ _ _ _

cls = <class 'psycopg.Connection'>
conninfo = 'dbname=ruffles_db client_encoding=UTF8 user=postgres password=postgres host=localhost port=5432 hostaddr=127.0.0.1'
autocommit = False, prepare_threshold = None
context = <psycopg.adapt.AdaptersMap object at 0x000001CEB3E42350>
row_factory = None
cursor_factory = <class 'django.db.backends.postgresql.base.Cursor'>
kwargs = {'client_encoding': 'UTF8', 'dbname': 'ruffles_db', 'host': 'localhost', 'password': 'postgres', ...}
params = {'client_encoding': 'UTF8', 'dbname': 'ruffles_db', 'host': 'localhost', 'password': 'postgres', ...}
timeout = 130

    @classmethod
    def connect(
        cls,
        conninfo: str = "",
        *,
        autocommit: bool = False,
        prepare_threshold: int | None = 5,
        context: AdaptContext | None = None,
        row_factory: RowFactory[Row] | None = None,
        cursor_factory: type[Cursor[Row]] | None = None,
        **kwargs: ConnParam,
    ) -> Self:
        """
        Connect to a database server and return a new `Connection` instance.
        """
    
        params = cls._get_connection_params(conninfo, **kwargs)
        timeout = timeout_from_conninfo(params)
        rv = None
        attempts = conninfo_attempts(params)
        conn_errors: list[tuple[e.Error, str]] = []
        for attempt in attempts:
            tdescr = (attempt.get("host"), attempt.get("port"), attempt.get("hostaddr"))
            descr = "host: %r, port: %r, hostaddr: %r" % tdescr
            logger.debug("connection attempt: %s", descr)
            try:
                conninfo = make_conninfo("", **attempt)
                gen = cls._connect_gen(conninfo, timeout=timeout)
                rv = waiting.wait_conn(gen, interval=_WAIT_INTERVAL)
            except e.Error as ex:
                logger.debug("connection failed: %s: %s", descr, str(ex))
                conn_errors.append((ex, descr))
            except e._NO_TRACEBACK as ex:
                raise ex.with_traceback(None)
            else:
                logger.debug("connection succeeded: %s", descr)
                break
    
        if not rv:
            last_ex = conn_errors[-1][0]
            if len(conn_errors) == 1:
                raise last_ex.with_traceback(None)
    
            # Create a new exception with the same type as the last one, containing
            # all attempt errors while preserving backward compatibility.
            lines = [str(last_ex)]
            lines.append("Multiple connection attempts failed. All failures were:")
            lines.extend((f"- {descr}: {error}" for error, descr in conn_errors))
>           raise type(last_ex)("\n".join(lines)).with_traceback(None)
E           psycopg.OperationalError: connection failed: connection to server at "127.0.0.1", port 5432 failed: FATAL:  la autentificaci\ufffdn password fall\ufffd para el usuario \ufffdpostgres\ufffd
E           Multiple connection attempts failed. All failures were:
E           - host: 'localhost', port: '5432', hostaddr: '::1': connection failed: connection to server at "::1", port 5432 failed: FATAL:  la autentificaci\ufffdn password fall\ufffd para el usuario \ufffdpostgres\ufffd
E           - host: 'localhost', port: '5432', hostaddr: '127.0.0.1': connection failed: connection to server at "127.0.0.1", port 5432 failed: FATAL:  la autentificaci\ufffdn password fall\ufffd para el usuario \ufffdpostgres\ufffd

..\..\..\AppData\Roaming\Python\Python313\site-packages\psycopg\connection.py:127: OperationalError

The above exception was the direct cause of the following exception:

request = <SubRequest 'django_db_setup' for <Function test_login_success_returns_jwt>>
django_test_environment = None
django_db_blocker = <pytest_django.plugin.DjangoDbBlocker object at 0x000001CEB17F0050>
django_db_use_migrations = True, django_db_keepdb = False
django_db_createdb = False, django_db_modify_db_settings = None

    @pytest.fixture(scope="session")
    def django_db_setup(
        request: pytest.FixtureRequest,
        django_test_environment: None,
        django_db_blocker: DjangoDbBlocker,
        django_db_use_migrations: bool,
        django_db_keepdb: bool,
        django_db_createdb: bool,
        django_db_modify_db_settings: None,
    ) -> Generator[None, None, None]:
        """Top level fixture to ensure test databases are available"""
        from django.test.utils import setup_databases, teardown_databases
    
        setup_databases_args = {}
    
        if not django_db_use_migrations:
            _disable_migrations()
    
        if django_db_keepdb and not django_db_createdb:
            setup_databases_args["keepdb"] = True
    
        with django_db_blocker.unblock():
>           db_cfg = setup_databases(
                verbosity=request.config.option.verbose,
                interactive=False,
                **setup_databases_args,
            )

..\..\..\AppData\Roaming\Python\Python313\site-packages\pytest_django\fixtures.py:140: 
_ _ _ _ _ _ _ _ _ _ _ _ _ _ _ _ _ _ _ _ _ _ _ _ _ _ _ _ _ _ _ _ _ _ _ _ _ _ _ _
..\..\..\AppData\Roaming\Python\Python313\site-packages\django\test\utils.py:204: in setup_databases
    connection.creation.create_test_db(
..\..\..\AppData\Roaming\Python\Python313\site-packages\django\db\backends\base\creation.py:62: in create_test_db
    self._create_test_db(verbosity, autoclobber, keepdb)
..\..\..\AppData\Roaming\Python\Python313\site-packages\django\db\backends\base\creation.py:202: in _create_test_db
    with self._nodb_cursor() as cursor:
C:\Python313\Lib\contextlib.py:141: in __enter__
    return next(self.gen)
..\..\..\AppData\Roaming\Python\Python313\site-packages\django\db\backends\postgresql\base.py:533: in _nodb_cursor
    with conn.cursor() as cursor:
..\..\..\AppData\Roaming\Python\Python313\site-packages\django\utils\asyncio.py:26: in inner
    return func(*args, **kwargs)
..\..\..\AppData\Roaming\Python\Python313\site-packages\django\db\backends\base\base.py:320: in cursor
    return self._cursor()
..\..\..\AppData\Roaming\Python\Python313\site-packages\django\db\backends\base\base.py:296: in _cursor
    self.ensure_connection()
..\..\..\AppData\Roaming\Python\Python313\site-packages\django\utils\asyncio.py:26: in inner
    return func(*args, **kwargs)
..\..\..\AppData\Roaming\Python\Python313\site-packages\django\db\backends\base\base.py:278: in ensure_connection
    with self.wrap_database_errors:
..\..\..\AppData\Roaming\Python\Python313\site-packages\django\db\utils.py:91: in __exit__
    raise dj_exc_value.with_traceback(traceback) from exc_value
..\..\..\AppData\Roaming\Python\Python313\site-packages\django\db\backends\base\base.py:279: in ensure_connection
    self.connect()
..\..\..\AppData\Roaming\Python\Python313\site-packages\django\utils\asyncio.py:26: in inner
    return func(*args, **kwargs)
..\..\..\AppData\Roaming\Python\Python313\site-packages\django\db\backends\base\base.py:256: in connect
    self.connection = self.get_new_connection(conn_params)
..\..\..\AppData\Roaming\Python\Python313\site-packages\django\utils\asyncio.py:26: in inner
    return func(*args, **kwargs)
..\..\..\AppData\Roaming\Python\Python313\site-packages\django\db\backends\postgresql\base.py:332: in get_new_connection
    connection = self.Database.connect(**conn_params)
_ _ _ _ _ _ _ _ _ _ _ _ _ _ _ _ _ _ _ _ _ _ _ _ _ _ _ _ _ _ _ _ _ _ _ _ _ _ _ _

cls = <class 'psycopg.Connection'>
conninfo = 'dbname=ruffles_db client_encoding=UTF8 user=postgres password=postgres host=localhost port=5432 hostaddr=127.0.0.1'
autocommit = False, prepare_threshold = None
context = <psycopg.adapt.AdaptersMap object at 0x000001CEB3E42350>
row_factory = None
cursor_factory = <class 'django.db.backends.postgresql.base.Cursor'>
kwargs = {'client_encoding': 'UTF8', 'dbname': 'ruffles_db', 'host': 'localhost', 'password': 'postgres', ...}
params = {'client_encoding': 'UTF8', 'dbname': 'ruffles_db', 'host': 'localhost', 'password': 'postgres', ...}
timeout = 130

    @classmethod
    def connect(
        cls,
        conninfo: str = "",
        *,
        autocommit: bool = False,
        prepare_threshold: int | None = 5,
        context: AdaptContext | None = None,
        row_factory: RowFactory[Row] | None = None,
        cursor_factory: type[Cursor[Row]] | None = None,
        **kwargs: ConnParam,
    ) -> Self:
        """
        Connect to a database server and return a new `Connection` instance.
        """
    
        params = cls._get_connection_params(conninfo, **kwargs)
        timeout = timeout_from_conninfo(params)
        rv = None
        attempts = conninfo_attempts(params)
        conn_errors: list[tuple[e.Error, str]] = []
        for attempt in attempts:
            tdescr = (attempt.get("host"), attempt.get("port"), attempt.get("hostaddr"))
            descr = "host: %r, port: %r, hostaddr: %r" % tdescr
            logger.debug("connection attempt: %s", descr)
            try:
                conninfo = make_conninfo("", **attempt)
                gen = cls._connect_gen(conninfo, timeout=timeout)
                rv = waiting.wait_conn(gen, interval=_WAIT_INTERVAL)
            except e.Error as ex:
                logger.debug("connection failed: %s: %s", descr, str(ex))
                conn_errors.append((ex, descr))
            except e._NO_TRACEBACK as ex:
                raise ex.with_traceback(None)
            else:
                logger.debug("connection succeeded: %s", descr)
                break
    
        if not rv:
            last_ex = conn_errors[-1][0]
            if len(conn_errors) == 1:
                raise last_ex.with_traceback(None)
    
            # Create a new exception with the same type as the last one, containing
            # all attempt errors while preserving backward compatibility.
            lines = [str(last_ex)]
            lines.append("Multiple connection attempts failed. All failures were:")
            lines.extend((f"- {descr}: {error}" for error, descr in conn_errors))
>           raise type(last_ex)("\n".join(lines)).with_traceback(None)
E           django.db.utils.OperationalError: connection failed: connection to server at "127.0.0.1", port 5432 failed: FATAL:  la autentificaci\ufffdn password fall\ufffd para el usuario \ufffdpostgres\ufffd
E           Multiple connection attempts failed. All failures were:
E           - host: 'localhost', port: '5432', hostaddr: '::1': connection failed: connection to server at "::1", port 5432 failed: FATAL:  la autentificaci\ufffdn password fall\ufffd para el usuario \ufffdpostgres\ufffd
E           - host: 'localhost', port: '5432', hostaddr: '127.0.0.1': connection failed: connection to server at "127.0.0.1", port 5432 failed: FATAL:  la autentificaci\ufffdn password fall\ufffd para el usuario \ufffdpostgres\ufffd

..\..\..\AppData\Roaming\Python\Python313\site-packages\psycopg\connection.py:127: OperationalError
______ ERROR at setup of TestRaffleAPI.test_list_active_api_returns_json ______

self = <DatabaseWrapper vendor='postgresql' alias='__no_db__'>

    @async_unsafe
    def ensure_connection(self):
        """Guarantee that a connection to the database is established."""
        if self.connection is None:
            if self.in_atomic_block and self.closed_in_transaction:
                raise ProgrammingError(
                    "Cannot open a new connection in an atomic block."
                )
            with self.wrap_database_errors:
>               self.connect()

..\..\..\AppData\Roaming\Python\Python313\site-packages\django\db\backends\base\base.py:279: 
_ _ _ _ _ _ _ _ _ _ _ _ _ _ _ _ _ _ _ _ _ _ _ _ _ _ _ _ _ _ _ _ _ _ _ _ _ _ _ _
..\..\..\AppData\Roaming\Python\Python313\site-packages\django\utils\asyncio.py:26: in inner
    return func(*args, **kwargs)
..\..\..\AppData\Roaming\Python\Python313\site-packages\django\db\backends\base\base.py:256: in connect
    self.connection = self.get_new_connection(conn_params)
..\..\..\AppData\Roaming\Python\Python313\site-packages\django\utils\asyncio.py:26: in inner
    return func(*args, **kwargs)
..\..\..\AppData\Roaming\Python\Python313\site-packages\django\db\backends\postgresql\base.py:332: in get_new_connection
    connection = self.Database.connect(**conn_params)
_ _ _ _ _ _ _ _ _ _ _ _ _ _ _ _ _ _ _ _ _ _ _ _ _ _ _ _ _ _ _ _ _ _ _ _ _ _ _ _

cls = <class 'psycopg.Connection'>
conninfo = 'dbname=postgres client_encoding=UTF8 user=postgres password=postgres host=localhost port=5432 hostaddr=127.0.0.1'
autocommit = False, prepare_threshold = None
context = <psycopg.adapt.AdaptersMap object at 0x000001CEB3E42350>
row_factory = None
cursor_factory = <class 'django.db.backends.postgresql.base.Cursor'>
kwargs = {'client_encoding': 'UTF8', 'dbname': 'postgres', 'host': 'localhost', 'password': 'postgres', ...}
params = {'client_encoding': 'UTF8', 'dbname': 'postgres', 'host': 'localhost', 'password': 'postgres', ...}
timeout = 130

    @classmethod
    def connect(
        cls,
        conninfo: str = "",
        *,
        autocommit: bool = False,
        prepare_threshold: int | None = 5,
        context: AdaptContext | None = None,
        row_factory: RowFactory[Row] | None = None,
        cursor_factory: type[Cursor[Row]] | None = None,
        **kwargs: ConnParam,
    ) -> Self:
        """
        Connect to a database server and return a new `Connection` instance.
        """
    
        params = cls._get_connection_params(conninfo, **kwargs)
        timeout = timeout_from_conninfo(params)
        rv = None
        attempts = conninfo_attempts(params)
        conn_errors: list[tuple[e.Error, str]] = []
        for attempt in attempts:
            tdescr = (attempt.get("host"), attempt.get("port"), attempt.get("hostaddr"))
            descr = "host: %r, port: %r, hostaddr: %r" % tdescr
            logger.debug("connection attempt: %s", descr)
            try:
                conninfo = make_conninfo("", **attempt)
                gen = cls._connect_gen(conninfo, timeout=timeout)
                rv = waiting.wait_conn(gen, interval=_WAIT_INTERVAL)
            except e.Error as ex:
                logger.debug("connection failed: %s: %s", descr, str(ex))
                conn_errors.append((ex, descr))
            except e._NO_TRACEBACK as ex:
                raise ex.with_traceback(None)
            else:
                logger.debug("connection succeeded: %s", descr)
                break
    
        if not rv:
            last_ex = conn_errors[-1][0]
            if len(conn_errors) == 1:
                raise last_ex.with_traceback(None)
    
            # Create a new exception with the same type as the last one, containing
            # all attempt errors while preserving backward compatibility.
            lines = [str(last_ex)]
            lines.append("Multiple connection attempts failed. All failures were:")
            lines.extend((f"- {descr}: {error}" for error, descr in conn_errors))
>           raise type(last_ex)("\n".join(lines)).with_traceback(None)
E           psycopg.OperationalError: connection failed: connection to server at "127.0.0.1", port 5432 failed: FATAL:  la autentificaci\ufffdn password fall\ufffd para el usuario \ufffdpostgres\ufffd
E           Multiple connection attempts failed. All failures were:
E           - host: 'localhost', port: '5432', hostaddr: '::1': connection failed: connection to server at "::1", port 5432 failed: FATAL:  la autentificaci\ufffdn password fall\ufffd para el usuario \ufffdpostgres\ufffd
E           - host: 'localhost', port: '5432', hostaddr: '127.0.0.1': connection failed: connection to server at "127.0.0.1", port 5432 failed: FATAL:  la autentificaci\ufffdn password fall\ufffd para el usuario \ufffdpostgres\ufffd

..\..\..\AppData\Roaming\Python\Python313\site-packages\psycopg\connection.py:127: OperationalError

The above exception was the direct cause of the following exception:

self = <DatabaseWrapper vendor='postgresql' alias='default'>

    @contextmanager
    def _nodb_cursor(self):
        cursor = None
        try:
>           with super()._nodb_cursor() as cursor:

..\..\..\AppData\Roaming\Python\Python313\site-packages\django\db\backends\postgresql\base.py:507: 
_ _ _ _ _ _ _ _ _ _ _ _ _ _ _ _ _ _ _ _ _ _ _ _ _ _ _ _ _ _ _ _ _ _ _ _ _ _ _ _
C:\Python313\Lib\contextlib.py:141: in __enter__
    return next(self.gen)
..\..\..\AppData\Roaming\Python\Python313\site-packages\django\db\backends\base\base.py:712: in _nodb_cursor
    with conn.cursor() as cursor:
..\..\..\AppData\Roaming\Python\Python313\site-packages\django\utils\asyncio.py:26: in inner
    return func(*args, **kwargs)
..\..\..\AppData\Roaming\Python\Python313\site-packages\django\db\backends\base\base.py:320: in cursor
    return self._cursor()
..\..\..\AppData\Roaming\Python\Python313\site-packages\django\db\backends\base\base.py:296: in _cursor
    self.ensure_connection()
..\..\..\AppData\Roaming\Python\Python313\site-packages\django\utils\asyncio.py:26: in inner
    return func(*args, **kwargs)
..\..\..\AppData\Roaming\Python\Python313\site-packages\django\db\backends\base\base.py:278: in ensure_connection
    with self.wrap_database_errors:
..\..\..\AppData\Roaming\Python\Python313\site-packages\django\db\utils.py:91: in __exit__
    raise dj_exc_value.with_traceback(traceback) from exc_value
..\..\..\AppData\Roaming\Python\Python313\site-packages\django\db\backends\base\base.py:279: in ensure_connection
    self.connect()
..\..\..\AppData\Roaming\Python\Python313\site-packages\django\utils\asyncio.py:26: in inner
    return func(*args, **kwargs)
..\..\..\AppData\Roaming\Python\Python313\site-packages\django\db\backends\base\base.py:256: in connect
    self.connection = self.get_new_connection(conn_params)
..\..\..\AppData\Roaming\Python\Python313\site-packages\django\utils\asyncio.py:26: in inner
    return func(*args, **kwargs)
..\..\..\AppData\Roaming\Python\Python313\site-packages\django\db\backends\postgresql\base.py:332: in get_new_connection
    connection = self.Database.connect(**conn_params)
_ _ _ _ _ _ _ _ _ _ _ _ _ _ _ _ _ _ _ _ _ _ _ _ _ _ _ _ _ _ _ _ _ _ _ _ _ _ _ _

cls = <class 'psycopg.Connection'>
conninfo = 'dbname=postgres client_encoding=UTF8 user=postgres password=postgres host=localhost port=5432 hostaddr=127.0.0.1'
autocommit = False, prepare_threshold = None
context = <psycopg.adapt.AdaptersMap object at 0x000001CEB3E42350>
row_factory = None
cursor_factory = <class 'django.db.backends.postgresql.base.Cursor'>
kwargs = {'client_encoding': 'UTF8', 'dbname': 'postgres', 'host': 'localhost', 'password': 'postgres', ...}
params = {'client_encoding': 'UTF8', 'dbname': 'postgres', 'host': 'localhost', 'password': 'postgres', ...}
timeout = 130

    @classmethod
    def connect(
        cls,
        conninfo: str = "",
        *,
        autocommit: bool = False,
        prepare_threshold: int | None = 5,
        context: AdaptContext | None = None,
        row_factory: RowFactory[Row] | None = None,
        cursor_factory: type[Cursor[Row]] | None = None,
        **kwargs: ConnParam,
    ) -> Self:
        """
        Connect to a database server and return a new `Connection` instance.
        """
    
        params = cls._get_connection_params(conninfo, **kwargs)
        timeout = timeout_from_conninfo(params)
        rv = None
        attempts = conninfo_attempts(params)
        conn_errors: list[tuple[e.Error, str]] = []
        for attempt in attempts:
            tdescr = (attempt.get("host"), attempt.get("port"), attempt.get("hostaddr"))
            descr = "host: %r, port: %r, hostaddr: %r" % tdescr
            logger.debug("connection attempt: %s", descr)
            try:
                conninfo = make_conninfo("", **attempt)
                gen = cls._connect_gen(conninfo, timeout=timeout)
                rv = waiting.wait_conn(gen, interval=_WAIT_INTERVAL)
            except e.Error as ex:
                logger.debug("connection failed: %s: %s", descr, str(ex))
                conn_errors.append((ex, descr))
            except e._NO_TRACEBACK as ex:
                raise ex.with_traceback(None)
            else:
                logger.debug("connection succeeded: %s", descr)
                break
    
        if not rv:
            last_ex = conn_errors[-1][0]
            if len(conn_errors) == 1:
                raise last_ex.with_traceback(None)
    
            # Create a new exception with the same type as the last one, containing
            # all attempt errors while preserving backward compatibility.
            lines = [str(last_ex)]
            lines.append("Multiple connection attempts failed. All failures were:")
            lines.extend((f"- {descr}: {error}" for error, descr in conn_errors))
>           raise type(last_ex)("\n".join(lines)).with_traceback(None)
E           django.db.utils.OperationalError: connection failed: connection to server at "127.0.0.1", port 5432 failed: FATAL:  la autentificaci\ufffdn password fall\ufffd para el usuario \ufffdpostgres\ufffd
E           Multiple connection attempts failed. All failures were:
E           - host: 'localhost', port: '5432', hostaddr: '::1': connection failed: connection to server at "::1", port 5432 failed: FATAL:  la autentificaci\ufffdn password fall\ufffd para el usuario \ufffdpostgres\ufffd
E           - host: 'localhost', port: '5432', hostaddr: '127.0.0.1': connection failed: connection to server at "127.0.0.1", port 5432 failed: FATAL:  la autentificaci\ufffdn password fall\ufffd para el usuario \ufffdpostgres\ufffd

..\..\..\AppData\Roaming\Python\Python313\site-packages\psycopg\connection.py:127: OperationalError

During handling of the above exception, another exception occurred:

self = <DatabaseWrapper vendor='postgresql' alias='default'>

    @async_unsafe
    def ensure_connection(self):
        """Guarantee that a connection to the database is established."""
        if self.connection is None:
            if self.in_atomic_block and self.closed_in_transaction:
                raise ProgrammingError(
                    "Cannot open a new connection in an atomic block."
                )
            with self.wrap_database_errors:
>               self.connect()

..\..\..\AppData\Roaming\Python\Python313\site-packages\django\db\backends\base\base.py:279: 
_ _ _ _ _ _ _ _ _ _ _ _ _ _ _ _ _ _ _ _ _ _ _ _ _ _ _ _ _ _ _ _ _ _ _ _ _ _ _ _
..\..\..\AppData\Roaming\Python\Python313\site-packages\django\utils\asyncio.py:26: in inner
    return func(*args, **kwargs)
..\..\..\AppData\Roaming\Python\Python313\site-packages\django\db\backends\base\base.py:256: in connect
    self.connection = self.get_new_connection(conn_params)
..\..\..\AppData\Roaming\Python\Python313\site-packages\django\utils\asyncio.py:26: in inner
    return func(*args, **kwargs)
..\..\..\AppData\Roaming\Python\Python313\site-packages\django\db\backends\postgresql\base.py:332: in get_new_connection
    connection = self.Database.connect(**conn_params)
_ _ _ _ _ _ _ _ _ _ _ _ _ _ _ _ _ _ _ _ _ _ _ _ _ _ _ _ _ _ _ _ _ _ _ _ _ _ _ _

cls = <class 'psycopg.Connection'>
conninfo = 'dbname=ruffles_db client_encoding=UTF8 user=postgres password=postgres host=localhost port=5432 hostaddr=127.0.0.1'
autocommit = False, prepare_threshold = None
context = <psycopg.adapt.AdaptersMap object at 0x000001CEB3E42350>
row_factory = None
cursor_factory = <class 'django.db.backends.postgresql.base.Cursor'>
kwargs = {'client_encoding': 'UTF8', 'dbname': 'ruffles_db', 'host': 'localhost', 'password': 'postgres', ...}
params = {'client_encoding': 'UTF8', 'dbname': 'ruffles_db', 'host': 'localhost', 'password': 'postgres', ...}
timeout = 130

    @classmethod
    def connect(
        cls,
        conninfo: str = "",
        *,
        autocommit: bool = False,
        prepare_threshold: int | None = 5,
        context: AdaptContext | None = None,
        row_factory: RowFactory[Row] | None = None,
        cursor_factory: type[Cursor[Row]] | None = None,
        **kwargs: ConnParam,
    ) -> Self:
        """
        Connect to a database server and return a new `Connection` instance.
        """
    
        params = cls._get_connection_params(conninfo, **kwargs)
        timeout = timeout_from_conninfo(params)
        rv = None
        attempts = conninfo_attempts(params)
        conn_errors: list[tuple[e.Error, str]] = []
        for attempt in attempts:
            tdescr = (attempt.get("host"), attempt.get("port"), attempt.get("hostaddr"))
            descr = "host: %r, port: %r, hostaddr: %r" % tdescr
            logger.debug("connection attempt: %s", descr)
            try:
                conninfo = make_conninfo("", **attempt)
                gen = cls._connect_gen(conninfo, timeout=timeout)
                rv = waiting.wait_conn(gen, interval=_WAIT_INTERVAL)
            except e.Error as ex:
                logger.debug("connection failed: %s: %s", descr, str(ex))
                conn_errors.append((ex, descr))
            except e._NO_TRACEBACK as ex:
                raise ex.with_traceback(None)
            else:
                logger.debug("connection succeeded: %s", descr)
                break
    
        if not rv:
            last_ex = conn_errors[-1][0]
            if len(conn_errors) == 1:
                raise last_ex.with_traceback(None)
    
            # Create a new exception with the same type as the last one, containing
            # all attempt errors while preserving backward compatibility.
            lines = [str(last_ex)]
            lines.append("Multiple connection attempts failed. All failures were:")
            lines.extend((f"- {descr}: {error}" for error, descr in conn_errors))
>           raise type(last_ex)("\n".join(lines)).with_traceback(None)
E           psycopg.OperationalError: connection failed: connection to server at "127.0.0.1", port 5432 failed: FATAL:  la autentificaci\ufffdn password fall\ufffd para el usuario \ufffdpostgres\ufffd
E           Multiple connection attempts failed. All failures were:
E           - host: 'localhost', port: '5432', hostaddr: '::1': connection failed: connection to server at "::1", port 5432 failed: FATAL:  la autentificaci\ufffdn password fall\ufffd para el usuario \ufffdpostgres\ufffd
E           - host: 'localhost', port: '5432', hostaddr: '127.0.0.1': connection failed: connection to server at "127.0.0.1", port 5432 failed: FATAL:  la autentificaci\ufffdn password fall\ufffd para el usuario \ufffdpostgres\ufffd

..\..\..\AppData\Roaming\Python\Python313\site-packages\psycopg\connection.py:127: OperationalError

The above exception was the direct cause of the following exception:

request = <SubRequest 'django_db_setup' for <Function test_login_success_returns_jwt>>
django_test_environment = None
django_db_blocker = <pytest_django.plugin.DjangoDbBlocker object at 0x000001CEB17F0050>
django_db_use_migrations = True, django_db_keepdb = False
django_db_createdb = False, django_db_modify_db_settings = None

    @pytest.fixture(scope="session")
    def django_db_setup(
        request: pytest.FixtureRequest,
        django_test_environment: None,
        django_db_blocker: DjangoDbBlocker,
        django_db_use_migrations: bool,
        django_db_keepdb: bool,
        django_db_createdb: bool,
        django_db_modify_db_settings: None,
    ) -> Generator[None, None, None]:
        """Top level fixture to ensure test databases are available"""
        from django.test.utils import setup_databases, teardown_databases
    
        setup_databases_args = {}
    
        if not django_db_use_migrations:
            _disable_migrations()
    
        if django_db_keepdb and not django_db_createdb:
            setup_databases_args["keepdb"] = True
    
        with django_db_blocker.unblock():
>           db_cfg = setup_databases(
                verbosity=request.config.option.verbose,
                interactive=False,
                **setup_databases_args,
            )

..\..\..\AppData\Roaming\Python\Python313\site-packages\pytest_django\fixtures.py:140: 
_ _ _ _ _ _ _ _ _ _ _ _ _ _ _ _ _ _ _ _ _ _ _ _ _ _ _ _ _ _ _ _ _ _ _ _ _ _ _ _
..\..\..\AppData\Roaming\Python\Python313\site-packages\django\test\utils.py:204: in setup_databases
    connection.creation.create_test_db(
..\..\..\AppData\Roaming\Python\Python313\site-packages\django\db\backends\base\creation.py:62: in create_test_db
    self._create_test_db(verbosity, autoclobber, keepdb)
..\..\..\AppData\Roaming\Python\Python313\site-packages\django\db\backends\base\creation.py:202: in _create_test_db
    with self._nodb_cursor() as cursor:
C:\Python313\Lib\contextlib.py:141: in __enter__
    return next(self.gen)
..\..\..\AppData\Roaming\Python\Python313\site-packages\django\db\backends\postgresql\base.py:533: in _nodb_cursor
    with conn.cursor() as cursor:
..\..\..\AppData\Roaming\Python\Python313\site-packages\django\utils\asyncio.py:26: in inner
    return func(*args, **kwargs)
..\..\..\AppData\Roaming\Python\Python313\site-packages\django\db\backends\base\base.py:320: in cursor
    return self._cursor()
..\..\..\AppData\Roaming\Python\Python313\site-packages\django\db\backends\base\base.py:296: in _cursor
    self.ensure_connection()
..\..\..\AppData\Roaming\Python\Python313\site-packages\django\utils\asyncio.py:26: in inner
    return func(*args, **kwargs)
..\..\..\AppData\Roaming\Python\Python313\site-packages\django\db\backends\base\base.py:278: in ensure_connection
    with self.wrap_database_errors:
..\..\..\AppData\Roaming\Python\Python313\site-packages\django\db\utils.py:91: in __exit__
    raise dj_exc_value.with_traceback(traceback) from exc_value
..\..\..\AppData\Roaming\Python\Python313\site-packages\django\db\backends\base\base.py:279: in ensure_connection
    self.connect()
..\..\..\AppData\Roaming\Python\Python313\site-packages\django\utils\asyncio.py:26: in inner
    return func(*args, **kwargs)
..\..\..\AppData\Roaming\Python\Python313\site-packages\django\db\backends\base\base.py:256: in connect
    self.connection = self.get_new_connection(conn_params)
..\..\..\AppData\Roaming\Python\Python313\site-packages\django\utils\asyncio.py:26: in inner
    return func(*args, **kwargs)
..\..\..\AppData\Roaming\Python\Python313\site-packages\django\db\backends\postgresql\base.py:332: in get_new_connection
    connection = self.Database.connect(**conn_params)
_ _ _ _ _ _ _ _ _ _ _ _ _ _ _ _ _ _ _ _ _ _ _ _ _ _ _ _ _ _ _ _ _ _ _ _ _ _ _ _

cls = <class 'psycopg.Connection'>
conninfo = 'dbname=ruffles_db client_encoding=UTF8 user=postgres password=postgres host=localhost port=5432 hostaddr=127.0.0.1'
autocommit = False, prepare_threshold = None
context = <psycopg.adapt.AdaptersMap object at 0x000001CEB3E42350>
row_factory = None
cursor_factory = <class 'django.db.backends.postgresql.base.Cursor'>
kwargs = {'client_encoding': 'UTF8', 'dbname': 'ruffles_db', 'host': 'localhost', 'password': 'postgres', ...}
params = {'client_encoding': 'UTF8', 'dbname': 'ruffles_db', 'host': 'localhost', 'password': 'postgres', ...}
timeout = 130

    @classmethod
    def connect(
        cls,
        conninfo: str = "",
        *,
        autocommit: bool = False,
        prepare_threshold: int | None = 5,
        context: AdaptContext | None = None,
        row_factory: RowFactory[Row] | None = None,
        cursor_factory: type[Cursor[Row]] | None = None,
        **kwargs: ConnParam,
    ) -> Self:
        """
        Connect to a database server and return a new `Connection` instance.
        """
    
        params = cls._get_connection_params(conninfo, **kwargs)
        timeout = timeout_from_conninfo(params)
        rv = None
        attempts = conninfo_attempts(params)
        conn_errors: list[tuple[e.Error, str]] = []
        for attempt in attempts:
            tdescr = (attempt.get("host"), attempt.get("port"), attempt.get("hostaddr"))
            descr = "host: %r, port: %r, hostaddr: %r" % tdescr
            logger.debug("connection attempt: %s", descr)
            try:
                conninfo = make_conninfo("", **attempt)
                gen = cls._connect_gen(conninfo, timeout=timeout)
                rv = waiting.wait_conn(gen, interval=_WAIT_INTERVAL)
            except e.Error as ex:
                logger.debug("connection failed: %s: %s", descr, str(ex))
                conn_errors.append((ex, descr))
            except e._NO_TRACEBACK as ex:
                raise ex.with_traceback(None)
            else:
                logger.debug("connection succeeded: %s", descr)
                break
    
        if not rv:
            last_ex = conn_errors[-1][0]
            if len(conn_errors) == 1:
                raise last_ex.with_traceback(None)
    
            # Create a new exception with the same type as the last one, containing
            # all attempt errors while preserving backward compatibility.
            lines = [str(last_ex)]
            lines.append("Multiple connection attempts failed. All failures were:")
            lines.extend((f"- {descr}: {error}" for error, descr in conn_errors))
>           raise type(last_ex)("\n".join(lines)).with_traceback(None)
E           django.db.utils.OperationalError: connection failed: connection to server at "127.0.0.1", port 5432 failed: FATAL:  la autentificaci\ufffdn password fall\ufffd para el usuario \ufffdpostgres\ufffd
E           Multiple connection attempts failed. All failures were:
E           - host: 'localhost', port: '5432', hostaddr: '::1': connection failed: connection to server at "::1", port 5432 failed: FATAL:  la autentificaci\ufffdn password fall\ufffd para el usuario \ufffdpostgres\ufffd
E           - host: 'localhost', port: '5432', hostaddr: '127.0.0.1': connection failed: connection to server at "127.0.0.1", port 5432 failed: FATAL:  la autentificaci\ufffdn password fall\ufffd para el usuario \ufffdpostgres\ufffd

..\..\..\AppData\Roaming\Python\Python313\site-packages\psycopg\connection.py:127: OperationalError
___________ ERROR at setup of TestRaffleAPI.test_organizer_list_jwt ___________

self = <DatabaseWrapper vendor='postgresql' alias='__no_db__'>

    @async_unsafe
    def ensure_connection(self):
        """Guarantee that a connection to the database is established."""
        if self.connection is None:
            if self.in_atomic_block and self.closed_in_transaction:
                raise ProgrammingError(
                    "Cannot open a new connection in an atomic block."
                )
            with self.wrap_database_errors:
>               self.connect()

..\..\..\AppData\Roaming\Python\Python313\site-packages\django\db\backends\base\base.py:279: 
_ _ _ _ _ _ _ _ _ _ _ _ _ _ _ _ _ _ _ _ _ _ _ _ _ _ _ _ _ _ _ _ _ _ _ _ _ _ _ _
..\..\..\AppData\Roaming\Python\Python313\site-packages\django\utils\asyncio.py:26: in inner
    return func(*args, **kwargs)
..\..\..\AppData\Roaming\Python\Python313\site-packages\django\db\backends\base\base.py:256: in connect
    self.connection = self.get_new_connection(conn_params)
..\..\..\AppData\Roaming\Python\Python313\site-packages\django\utils\asyncio.py:26: in inner
    return func(*args, **kwargs)
..\..\..\AppData\Roaming\Python\Python313\site-packages\django\db\backends\postgresql\base.py:332: in get_new_connection
    connection = self.Database.connect(**conn_params)
_ _ _ _ _ _ _ _ _ _ _ _ _ _ _ _ _ _ _ _ _ _ _ _ _ _ _ _ _ _ _ _ _ _ _ _ _ _ _ _

cls = <class 'psycopg.Connection'>
conninfo = 'dbname=postgres client_encoding=UTF8 user=postgres password=postgres host=localhost port=5432 hostaddr=127.0.0.1'
autocommit = False, prepare_threshold = None
context = <psycopg.adapt.AdaptersMap object at 0x000001CEB3E42350>
row_factory = None
cursor_factory = <class 'django.db.backends.postgresql.base.Cursor'>
kwargs = {'client_encoding': 'UTF8', 'dbname': 'postgres', 'host': 'localhost', 'password': 'postgres', ...}
params = {'client_encoding': 'UTF8', 'dbname': 'postgres', 'host': 'localhost', 'password': 'postgres', ...}
timeout = 130

    @classmethod
    def connect(
        cls,
        conninfo: str = "",
        *,
        autocommit: bool = False,
        prepare_threshold: int | None = 5,
        context: AdaptContext | None = None,
        row_factory: RowFactory[Row] | None = None,
        cursor_factory: type[Cursor[Row]] | None = None,
        **kwargs: ConnParam,
    ) -> Self:
        """
        Connect to a database server and return a new `Connection` instance.
        """
    
        params = cls._get_connection_params(conninfo, **kwargs)
        timeout = timeout_from_conninfo(params)
        rv = None
        attempts = conninfo_attempts(params)
        conn_errors: list[tuple[e.Error, str]] = []
        for attempt in attempts:
            tdescr = (attempt.get("host"), attempt.get("port"), attempt.get("hostaddr"))
            descr = "host: %r, port: %r, hostaddr: %r" % tdescr
            logger.debug("connection attempt: %s", descr)
            try:
                conninfo = make_conninfo("", **attempt)
                gen = cls._connect_gen(conninfo, timeout=timeout)
                rv = waiting.wait_conn(gen, interval=_WAIT_INTERVAL)
            except e.Error as ex:
                logger.debug("connection failed: %s: %s", descr, str(ex))
                conn_errors.append((ex, descr))
            except e._NO_TRACEBACK as ex:
                raise ex.with_traceback(None)
            else:
                logger.debug("connection succeeded: %s", descr)
                break
    
        if not rv:
            last_ex = conn_errors[-1][0]
            if len(conn_errors) == 1:
                raise last_ex.with_traceback(None)
    
            # Create a new exception with the same type as the last one, containing
            # all attempt errors while preserving backward compatibility.
            lines = [str(last_ex)]
            lines.append("Multiple connection attempts failed. All failures were:")
            lines.extend((f"- {descr}: {error}" for error, descr in conn_errors))
>           raise type(last_ex)("\n".join(lines)).with_traceback(None)
E           psycopg.OperationalError: connection failed: connection to server at "127.0.0.1", port 5432 failed: FATAL:  la autentificaci\ufffdn password fall\ufffd para el usuario \ufffdpostgres\ufffd
E           Multiple connection attempts failed. All failures were:
E           - host: 'localhost', port: '5432', hostaddr: '::1': connection failed: connection to server at "::1", port 5432 failed: FATAL:  la autentificaci\ufffdn password fall\ufffd para el usuario \ufffdpostgres\ufffd
E           - host: 'localhost', port: '5432', hostaddr: '127.0.0.1': connection failed: connection to server at "127.0.0.1", port 5432 failed: FATAL:  la autentificaci\ufffdn password fall\ufffd para el usuario \ufffdpostgres\ufffd

..\..\..\AppData\Roaming\Python\Python313\site-packages\psycopg\connection.py:127: OperationalError

The above exception was the direct cause of the following exception:

self = <DatabaseWrapper vendor='postgresql' alias='default'>

    @contextmanager
    def _nodb_cursor(self):
        cursor = None
        try:
>           with super()._nodb_cursor() as cursor:

..\..\..\AppData\Roaming\Python\Python313\site-packages\django\db\backends\postgresql\base.py:507: 
_ _ _ _ _ _ _ _ _ _ _ _ _ _ _ _ _ _ _ _ _ _ _ _ _ _ _ _ _ _ _ _ _ _ _ _ _ _ _ _
C:\Python313\Lib\contextlib.py:141: in __enter__
    return next(self.gen)
..\..\..\AppData\Roaming\Python\Python313\site-packages\django\db\backends\base\base.py:712: in _nodb_cursor
    with conn.cursor() as cursor:
..\..\..\AppData\Roaming\Python\Python313\site-packages\django\utils\asyncio.py:26: in inner
    return func(*args, **kwargs)
..\..\..\AppData\Roaming\Python\Python313\site-packages\django\db\backends\base\base.py:320: in cursor
    return self._cursor()
..\..\..\AppData\Roaming\Python\Python313\site-packages\django\db\backends\base\base.py:296: in _cursor
    self.ensure_connection()
..\..\..\AppData\Roaming\Python\Python313\site-packages\django\utils\asyncio.py:26: in inner
    return func(*args, **kwargs)
..\..\..\AppData\Roaming\Python\Python313\site-packages\django\db\backends\base\base.py:278: in ensure_connection
    with self.wrap_database_errors:
..\..\..\AppData\Roaming\Python\Python313\site-packages\django\db\utils.py:91: in __exit__
    raise dj_exc_value.with_traceback(traceback) from exc_value
..\..\..\AppData\Roaming\Python\Python313\site-packages\django\db\backends\base\base.py:279: in ensure_connection
    self.connect()
..\..\..\AppData\Roaming\Python\Python313\site-packages\django\utils\asyncio.py:26: in inner
    return func(*args, **kwargs)
..\..\..\AppData\Roaming\Python\Python313\site-packages\django\db\backends\base\base.py:256: in connect
    self.connection = self.get_new_connection(conn_params)
..\..\..\AppData\Roaming\Python\Python313\site-packages\django\utils\asyncio.py:26: in inner
    return func(*args, **kwargs)
..\..\..\AppData\Roaming\Python\Python313\site-packages\django\db\backends\postgresql\base.py:332: in get_new_connection
    connection = self.Database.connect(**conn_params)
_ _ _ _ _ _ _ _ _ _ _ _ _ _ _ _ _ _ _ _ _ _ _ _ _ _ _ _ _ _ _ _ _ _ _ _ _ _ _ _

cls = <class 'psycopg.Connection'>
conninfo = 'dbname=postgres client_encoding=UTF8 user=postgres password=postgres host=localhost port=5432 hostaddr=127.0.0.1'
autocommit = False, prepare_threshold = None
context = <psycopg.adapt.AdaptersMap object at 0x000001CEB3E42350>
row_factory = None
cursor_factory = <class 'django.db.backends.postgresql.base.Cursor'>
kwargs = {'client_encoding': 'UTF8', 'dbname': 'postgres', 'host': 'localhost', 'password': 'postgres', ...}
params = {'client_encoding': 'UTF8', 'dbname': 'postgres', 'host': 'localhost', 'password': 'postgres', ...}
timeout = 130

    @classmethod
    def connect(
        cls,
        conninfo: str = "",
        *,
        autocommit: bool = False,
        prepare_threshold: int | None = 5,
        context: AdaptContext | None = None,
        row_factory: RowFactory[Row] | None = None,
        cursor_factory: type[Cursor[Row]] | None = None,
        **kwargs: ConnParam,
    ) -> Self:
        """
        Connect to a database server and return a new `Connection` instance.
        """
    
        params = cls._get_connection_params(conninfo, **kwargs)
        timeout = timeout_from_conninfo(params)
        rv = None
        attempts = conninfo_attempts(params)
        conn_errors: list[tuple[e.Error, str]] = []
        for attempt in attempts:
            tdescr = (attempt.get("host"), attempt.get("port"), attempt.get("hostaddr"))
            descr = "host: %r, port: %r, hostaddr: %r" % tdescr
            logger.debug("connection attempt: %s", descr)
            try:
                conninfo = make_conninfo("", **attempt)
                gen = cls._connect_gen(conninfo, timeout=timeout)
                rv = waiting.wait_conn(gen, interval=_WAIT_INTERVAL)
            except e.Error as ex:
                logger.debug("connection failed: %s: %s", descr, str(ex))
                conn_errors.append((ex, descr))
            except e._NO_TRACEBACK as ex:
                raise ex.with_traceback(None)
            else:
                logger.debug("connection succeeded: %s", descr)
                break
    
        if not rv:
            last_ex = conn_errors[-1][0]
            if len(conn_errors) == 1:
                raise last_ex.with_traceback(None)
    
            # Create a new exception with the same type as the last one, containing
            # all attempt errors while preserving backward compatibility.
            lines = [str(last_ex)]
            lines.append("Multiple connection attempts failed. All failures were:")
            lines.extend((f"- {descr}: {error}" for error, descr in conn_errors))
>           raise type(last_ex)("\n".join(lines)).with_traceback(None)
E           django.db.utils.OperationalError: connection failed: connection to server at "127.0.0.1", port 5432 failed: FATAL:  la autentificaci\ufffdn password fall\ufffd para el usuario \ufffdpostgres\ufffd
E           Multiple connection attempts failed. All failures were:
E           - host: 'localhost', port: '5432', hostaddr: '::1': connection failed: connection to server at "::1", port 5432 failed: FATAL:  la autentificaci\ufffdn password fall\ufffd para el usuario \ufffdpostgres\ufffd
E           - host: 'localhost', port: '5432', hostaddr: '127.0.0.1': connection failed: connection to server at "127.0.0.1", port 5432 failed: FATAL:  la autentificaci\ufffdn password fall\ufffd para el usuario \ufffdpostgres\ufffd

..\..\..\AppData\Roaming\Python\Python313\site-packages\psycopg\connection.py:127: OperationalError

During handling of the above exception, another exception occurred:

self = <DatabaseWrapper vendor='postgresql' alias='default'>

    @async_unsafe
    def ensure_connection(self):
        """Guarantee that a connection to the database is established."""
        if self.connection is None:
            if self.in_atomic_block and self.closed_in_transaction:
                raise ProgrammingError(
                    "Cannot open a new connection in an atomic block."
                )
            with self.wrap_database_errors:
>               self.connect()

..\..\..\AppData\Roaming\Python\Python313\site-packages\django\db\backends\base\base.py:279: 
_ _ _ _ _ _ _ _ _ _ _ _ _ _ _ _ _ _ _ _ _ _ _ _ _ _ _ _ _ _ _ _ _ _ _ _ _ _ _ _
..\..\..\AppData\Roaming\Python\Python313\site-packages\django\utils\asyncio.py:26: in inner
    return func(*args, **kwargs)
..\..\..\AppData\Roaming\Python\Python313\site-packages\django\db\backends\base\base.py:256: in connect
    self.connection = self.get_new_connection(conn_params)
..\..\..\AppData\Roaming\Python\Python313\site-packages\django\utils\asyncio.py:26: in inner
    return func(*args, **kwargs)
..\..\..\AppData\Roaming\Python\Python313\site-packages\django\db\backends\postgresql\base.py:332: in get_new_connection
    connection = self.Database.connect(**conn_params)
_ _ _ _ _ _ _ _ _ _ _ _ _ _ _ _ _ _ _ _ _ _ _ _ _ _ _ _ _ _ _ _ _ _ _ _ _ _ _ _

cls = <class 'psycopg.Connection'>
conninfo = 'dbname=ruffles_db client_encoding=UTF8 user=postgres password=postgres host=localhost port=5432 hostaddr=127.0.0.1'
autocommit = False, prepare_threshold = None
context = <psycopg.adapt.AdaptersMap object at 0x000001CEB3E42350>
row_factory = None
cursor_factory = <class 'django.db.backends.postgresql.base.Cursor'>
kwargs = {'client_encoding': 'UTF8', 'dbname': 'ruffles_db', 'host': 'localhost', 'password': 'postgres', ...}
params = {'client_encoding': 'UTF8', 'dbname': 'ruffles_db', 'host': 'localhost', 'password': 'postgres', ...}
timeout = 130

    @classmethod
    def connect(
        cls,
        conninfo: str = "",
        *,
        autocommit: bool = False,
        prepare_threshold: int | None = 5,
        context: AdaptContext | None = None,
        row_factory: RowFactory[Row] | None = None,
        cursor_factory: type[Cursor[Row]] | None = None,
        **kwargs: ConnParam,
    ) -> Self:
        """
        Connect to a database server and return a new `Connection` instance.
        """
    
        params = cls._get_connection_params(conninfo, **kwargs)
        timeout = timeout_from_conninfo(params)
        rv = None
        attempts = conninfo_attempts(params)
        conn_errors: list[tuple[e.Error, str]] = []
        for attempt in attempts:
            tdescr = (attempt.get("host"), attempt.get("port"), attempt.get("hostaddr"))
            descr = "host: %r, port: %r, hostaddr: %r" % tdescr
            logger.debug("connection attempt: %s", descr)
            try:
                conninfo = make_conninfo("", **attempt)
                gen = cls._connect_gen(conninfo, timeout=timeout)
                rv = waiting.wait_conn(gen, interval=_WAIT_INTERVAL)
            except e.Error as ex:
                logger.debug("connection failed: %s: %s", descr, str(ex))
                conn_errors.append((ex, descr))
            except e._NO_TRACEBACK as ex:
                raise ex.with_traceback(None)
            else:
                logger.debug("connection succeeded: %s", descr)
                break
    
        if not rv:
            last_ex = conn_errors[-1][0]
            if len(conn_errors) == 1:
                raise last_ex.with_traceback(None)
    
            # Create a new exception with the same type as the last one, containing
            # all attempt errors while preserving backward compatibility.
            lines = [str(last_ex)]
            lines.append("Multiple connection attempts failed. All failures were:")
            lines.extend((f"- {descr}: {error}" for error, descr in conn_errors))
>           raise type(last_ex)("\n".join(lines)).with_traceback(None)
E           psycopg.OperationalError: connection failed: connection to server at "127.0.0.1", port 5432 failed: FATAL:  la autentificaci\ufffdn password fall\ufffd para el usuario \ufffdpostgres\ufffd
E           Multiple connection attempts failed. All failures were:
E           - host: 'localhost', port: '5432', hostaddr: '::1': connection failed: connection to server at "::1", port 5432 failed: FATAL:  la autentificaci\ufffdn password fall\ufffd para el usuario \ufffdpostgres\ufffd
E           - host: 'localhost', port: '5432', hostaddr: '127.0.0.1': connection failed: connection to server at "127.0.0.1", port 5432 failed: FATAL:  la autentificaci\ufffdn password fall\ufffd para el usuario \ufffdpostgres\ufffd

..\..\..\AppData\Roaming\Python\Python313\site-packages\psycopg\connection.py:127: OperationalError

The above exception was the direct cause of the following exception:

request = <SubRequest 'django_db_setup' for <Function test_login_success_returns_jwt>>
django_test_environment = None
django_db_blocker = <pytest_django.plugin.DjangoDbBlocker object at 0x000001CEB17F0050>
django_db_use_migrations = True, django_db_keepdb = False
django_db_createdb = False, django_db_modify_db_settings = None

    @pytest.fixture(scope="session")
    def django_db_setup(
        request: pytest.FixtureRequest,
        django_test_environment: None,
        django_db_blocker: DjangoDbBlocker,
        django_db_use_migrations: bool,
        django_db_keepdb: bool,
        django_db_createdb: bool,
        django_db_modify_db_settings: None,
    ) -> Generator[None, None, None]:
        """Top level fixture to ensure test databases are available"""
        from django.test.utils import setup_databases, teardown_databases
    
        setup_databases_args = {}
    
        if not django_db_use_migrations:
            _disable_migrations()
    
        if django_db_keepdb and not django_db_createdb:
            setup_databases_args["keepdb"] = True
    
        with django_db_blocker.unblock():
>           db_cfg = setup_databases(
                verbosity=request.config.option.verbose,
                interactive=False,
                **setup_databases_args,
            )

..\..\..\AppData\Roaming\Python\Python313\site-packages\pytest_django\fixtures.py:140: 
_ _ _ _ _ _ _ _ _ _ _ _ _ _ _ _ _ _ _ _ _ _ _ _ _ _ _ _ _ _ _ _ _ _ _ _ _ _ _ _
..\..\..\AppData\Roaming\Python\Python313\site-packages\django\test\utils.py:204: in setup_databases
    connection.creation.create_test_db(
..\..\..\AppData\Roaming\Python\Python313\site-packages\django\db\backends\base\creation.py:62: in create_test_db
    self._create_test_db(verbosity, autoclobber, keepdb)
..\..\..\AppData\Roaming\Python\Python313\site-packages\django\db\backends\base\creation.py:202: in _create_test_db
    with self._nodb_cursor() as cursor:
C:\Python313\Lib\contextlib.py:141: in __enter__
    return next(self.gen)
..\..\..\AppData\Roaming\Python\Python313\site-packages\django\db\backends\postgresql\base.py:533: in _nodb_cursor
    with conn.cursor() as cursor:
..\..\..\AppData\Roaming\Python\Python313\site-packages\django\utils\asyncio.py:26: in inner
    return func(*args, **kwargs)
..\..\..\AppData\Roaming\Python\Python313\site-packages\django\db\backends\base\base.py:320: in cursor
    return self._cursor()
..\..\..\AppData\Roaming\Python\Python313\site-packages\django\db\backends\base\base.py:296: in _cursor
    self.ensure_connection()
..\..\..\AppData\Roaming\Python\Python313\site-packages\django\utils\asyncio.py:26: in inner
    return func(*args, **kwargs)
..\..\..\AppData\Roaming\Python\Python313\site-packages\django\db\backends\base\base.py:278: in ensure_connection
    with self.wrap_database_errors:
..\..\..\AppData\Roaming\Python\Python313\site-packages\django\db\utils.py:91: in __exit__
    raise dj_exc_value.with_traceback(traceback) from exc_value
..\..\..\AppData\Roaming\Python\Python313\site-packages\django\db\backends\base\base.py:279: in ensure_connection
    self.connect()
..\..\..\AppData\Roaming\Python\Python313\site-packages\django\utils\asyncio.py:26: in inner
    return func(*args, **kwargs)
..\..\..\AppData\Roaming\Python\Python313\site-packages\django\db\backends\base\base.py:256: in connect
    self.connection = self.get_new_connection(conn_params)
..\..\..\AppData\Roaming\Python\Python313\site-packages\django\utils\asyncio.py:26: in inner
    return func(*args, **kwargs)
..\..\..\AppData\Roaming\Python\Python313\site-packages\django\db\backends\postgresql\base.py:332: in get_new_connection
    connection = self.Database.connect(**conn_params)
_ _ _ _ _ _ _ _ _ _ _ _ _ _ _ _ _ _ _ _ _ _ _ _ _ _ _ _ _ _ _ _ _ _ _ _ _ _ _ _

cls = <class 'psycopg.Connection'>
conninfo = 'dbname=ruffles_db client_encoding=UTF8 user=postgres password=postgres host=localhost port=5432 hostaddr=127.0.0.1'
autocommit = False, prepare_threshold = None
context = <psycopg.adapt.AdaptersMap object at 0x000001CEB3E42350>
row_factory = None
cursor_factory = <class 'django.db.backends.postgresql.base.Cursor'>
kwargs = {'client_encoding': 'UTF8', 'dbname': 'ruffles_db', 'host': 'localhost', 'password': 'postgres', ...}
params = {'client_encoding': 'UTF8', 'dbname': 'ruffles_db', 'host': 'localhost', 'password': 'postgres', ...}
timeout = 130

    @classmethod
    def connect(
        cls,
        conninfo: str = "",
        *,
        autocommit: bool = False,
        prepare_threshold: int | None = 5,
        context: AdaptContext | None = None,
        row_factory: RowFactory[Row] | None = None,
        cursor_factory: type[Cursor[Row]] | None = None,
        **kwargs: ConnParam,
    ) -> Self:
        """
        Connect to a database server and return a new `Connection` instance.
        """
    
        params = cls._get_connection_params(conninfo, **kwargs)
        timeout = timeout_from_conninfo(params)
        rv = None
        attempts = conninfo_attempts(params)
        conn_errors: list[tuple[e.Error, str]] = []
        for attempt in attempts:
            tdescr = (attempt.get("host"), attempt.get("port"), attempt.get("hostaddr"))
            descr = "host: %r, port: %r, hostaddr: %r" % tdescr
            logger.debug("connection attempt: %s", descr)
            try:
                conninfo = make_conninfo("", **attempt)
                gen = cls._connect_gen(conninfo, timeout=timeout)
                rv = waiting.wait_conn(gen, interval=_WAIT_INTERVAL)
            except e.Error as ex:
                logger.debug("connection failed: %s: %s", descr, str(ex))
                conn_errors.append((ex, descr))
            except e._NO_TRACEBACK as ex:
                raise ex.with_traceback(None)
            else:
                logger.debug("connection succeeded: %s", descr)
                break
    
        if not rv:
            last_ex = conn_errors[-1][0]
            if len(conn_errors) == 1:
                raise last_ex.with_traceback(None)
    
            # Create a new exception with the same type as the last one, containing
            # all attempt errors while preserving backward compatibility.
            lines = [str(last_ex)]
            lines.append("Multiple connection attempts failed. All failures were:")
            lines.extend((f"- {descr}: {error}" for error, descr in conn_errors))
>           raise type(last_ex)("\n".join(lines)).with_traceback(None)
E           django.db.utils.OperationalError: connection failed: connection to server at "127.0.0.1", port 5432 failed: FATAL:  la autentificaci\ufffdn password fall\ufffd para el usuario \ufffdpostgres\ufffd
E           Multiple connection attempts failed. All failures were:
E           - host: 'localhost', port: '5432', hostaddr: '::1': connection failed: connection to server at "::1", port 5432 failed: FATAL:  la autentificaci\ufffdn password fall\ufffd para el usuario \ufffdpostgres\ufffd
E           - host: 'localhost', port: '5432', hostaddr: '127.0.0.1': connection failed: connection to server at "127.0.0.1", port 5432 failed: FATAL:  la autentificaci\ufffdn password fall\ufffd para el usuario \ufffdpostgres\ufffd

..\..\..\AppData\Roaming\Python\Python313\site-packages\psycopg\connection.py:127: OperationalError
__________ ERROR at setup of TestRaffleAPI.test_cors_headers_present __________

self = <DatabaseWrapper vendor='postgresql' alias='__no_db__'>

    @async_unsafe
    def ensure_connection(self):
        """Guarantee that a connection to the database is established."""
        if self.connection is None:
            if self.in_atomic_block and self.closed_in_transaction:
                raise ProgrammingError(
                    "Cannot open a new connection in an atomic block."
                )
            with self.wrap_database_errors:
>               self.connect()

..\..\..\AppData\Roaming\Python\Python313\site-packages\django\db\backends\base\base.py:279: 
_ _ _ _ _ _ _ _ _ _ _ _ _ _ _ _ _ _ _ _ _ _ _ _ _ _ _ _ _ _ _ _ _ _ _ _ _ _ _ _
..\..\..\AppData\Roaming\Python\Python313\site-packages\django\utils\asyncio.py:26: in inner
    return func(*args, **kwargs)
..\..\..\AppData\Roaming\Python\Python313\site-packages\django\db\backends\base\base.py:256: in connect
    self.connection = self.get_new_connection(conn_params)
..\..\..\AppData\Roaming\Python\Python313\site-packages\django\utils\asyncio.py:26: in inner
    return func(*args, **kwargs)
..\..\..\AppData\Roaming\Python\Python313\site-packages\django\db\backends\postgresql\base.py:332: in get_new_connection
    connection = self.Database.connect(**conn_params)
_ _ _ _ _ _ _ _ _ _ _ _ _ _ _ _ _ _ _ _ _ _ _ _ _ _ _ _ _ _ _ _ _ _ _ _ _ _ _ _

cls = <class 'psycopg.Connection'>
conninfo = 'dbname=postgres client_encoding=UTF8 user=postgres password=postgres host=localhost port=5432 hostaddr=127.0.0.1'
autocommit = False, prepare_threshold = None
context = <psycopg.adapt.AdaptersMap object at 0x000001CEB3E42350>
row_factory = None
cursor_factory = <class 'django.db.backends.postgresql.base.Cursor'>
kwargs = {'client_encoding': 'UTF8', 'dbname': 'postgres', 'host': 'localhost', 'password': 'postgres', ...}
params = {'client_encoding': 'UTF8', 'dbname': 'postgres', 'host': 'localhost', 'password': 'postgres', ...}
timeout = 130

    @classmethod
    def connect(
        cls,
        conninfo: str = "",
        *,
        autocommit: bool = False,
        prepare_threshold: int | None = 5,
        context: AdaptContext | None = None,
        row_factory: RowFactory[Row] | None = None,
        cursor_factory: type[Cursor[Row]] | None = None,
        **kwargs: ConnParam,
    ) -> Self:
        """
        Connect to a database server and return a new `Connection` instance.
        """
    
        params = cls._get_connection_params(conninfo, **kwargs)
        timeout = timeout_from_conninfo(params)
        rv = None
        attempts = conninfo_attempts(params)
        conn_errors: list[tuple[e.Error, str]] = []
        for attempt in attempts:
            tdescr = (attempt.get("host"), attempt.get("port"), attempt.get("hostaddr"))
            descr = "host: %r, port: %r, hostaddr: %r" % tdescr
            logger.debug("connection attempt: %s", descr)
            try:
                conninfo = make_conninfo("", **attempt)
                gen = cls._connect_gen(conninfo, timeout=timeout)
                rv = waiting.wait_conn(gen, interval=_WAIT_INTERVAL)
            except e.Error as ex:
                logger.debug("connection failed: %s: %s", descr, str(ex))
                conn_errors.append((ex, descr))
            except e._NO_TRACEBACK as ex:
                raise ex.with_traceback(None)
            else:
                logger.debug("connection succeeded: %s", descr)
                break
    
        if not rv:
            last_ex = conn_errors[-1][0]
            if len(conn_errors) == 1:
                raise last_ex.with_traceback(None)
    
            # Create a new exception with the same type as the last one, containing
            # all attempt errors while preserving backward compatibility.
            lines = [str(last_ex)]
            lines.append("Multiple connection attempts failed. All failures were:")
            lines.extend((f"- {descr}: {error}" for error, descr in conn_errors))
>           raise type(last_ex)("\n".join(lines)).with_traceback(None)
E           psycopg.OperationalError: connection failed: connection to server at "127.0.0.1", port 5432 failed: FATAL:  la autentificaci\ufffdn password fall\ufffd para el usuario \ufffdpostgres\ufffd
E           Multiple connection attempts failed. All failures were:
E           - host: 'localhost', port: '5432', hostaddr: '::1': connection failed: connection to server at "::1", port 5432 failed: FATAL:  la autentificaci\ufffdn password fall\ufffd para el usuario \ufffdpostgres\ufffd
E           - host: 'localhost', port: '5432', hostaddr: '127.0.0.1': connection failed: connection to server at "127.0.0.1", port 5432 failed: FATAL:  la autentificaci\ufffdn password fall\ufffd para el usuario \ufffdpostgres\ufffd

..\..\..\AppData\Roaming\Python\Python313\site-packages\psycopg\connection.py:127: OperationalError

The above exception was the direct cause of the following exception:

self = <DatabaseWrapper vendor='postgresql' alias='default'>

    @contextmanager
    def _nodb_cursor(self):
        cursor = None
        try:
>           with super()._nodb_cursor() as cursor:

..\..\..\AppData\Roaming\Python\Python313\site-packages\django\db\backends\postgresql\base.py:507: 
_ _ _ _ _ _ _ _ _ _ _ _ _ _ _ _ _ _ _ _ _ _ _ _ _ _ _ _ _ _ _ _ _ _ _ _ _ _ _ _
C:\Python313\Lib\contextlib.py:141: in __enter__
    return next(self.gen)
..\..\..\AppData\Roaming\Python\Python313\site-packages\django\db\backends\base\base.py:712: in _nodb_cursor
    with conn.cursor() as cursor:
..\..\..\AppData\Roaming\Python\Python313\site-packages\django\utils\asyncio.py:26: in inner
    return func(*args, **kwargs)
..\..\..\AppData\Roaming\Python\Python313\site-packages\django\db\backends\base\base.py:320: in cursor
    return self._cursor()
..\..\..\AppData\Roaming\Python\Python313\site-packages\django\db\backends\base\base.py:296: in _cursor
    self.ensure_connection()
..\..\..\AppData\Roaming\Python\Python313\site-packages\django\utils\asyncio.py:26: in inner
    return func(*args, **kwargs)
..\..\..\AppData\Roaming\Python\Python313\site-packages\django\db\backends\base\base.py:278: in ensure_connection
    with self.wrap_database_errors:
..\..\..\AppData\Roaming\Python\Python313\site-packages\django\db\utils.py:91: in __exit__
    raise dj_exc_value.with_traceback(traceback) from exc_value
..\..\..\AppData\Roaming\Python\Python313\site-packages\django\db\backends\base\base.py:279: in ensure_connection
    self.connect()
..\..\..\AppData\Roaming\Python\Python313\site-packages\django\utils\asyncio.py:26: in inner
    return func(*args, **kwargs)
..\..\..\AppData\Roaming\Python\Python313\site-packages\django\db\backends\base\base.py:256: in connect
    self.connection = self.get_new_connection(conn_params)
..\..\..\AppData\Roaming\Python\Python313\site-packages\django\utils\asyncio.py:26: in inner
    return func(*args, **kwargs)
..\..\..\AppData\Roaming\Python\Python313\site-packages\django\db\backends\postgresql\base.py:332: in get_new_connection
    connection = self.Database.connect(**conn_params)
_ _ _ _ _ _ _ _ _ _ _ _ _ _ _ _ _ _ _ _ _ _ _ _ _ _ _ _ _ _ _ _ _ _ _ _ _ _ _ _

cls = <class 'psycopg.Connection'>
conninfo = 'dbname=postgres client_encoding=UTF8 user=postgres password=postgres host=localhost port=5432 hostaddr=127.0.0.1'
autocommit = False, prepare_threshold = None
context = <psycopg.adapt.AdaptersMap object at 0x000001CEB3E42350>
row_factory = None
cursor_factory = <class 'django.db.backends.postgresql.base.Cursor'>
kwargs = {'client_encoding': 'UTF8', 'dbname': 'postgres', 'host': 'localhost', 'password': 'postgres', ...}
params = {'client_encoding': 'UTF8', 'dbname': 'postgres', 'host': 'localhost', 'password': 'postgres', ...}
timeout = 130

    @classmethod
    def connect(
        cls,
        conninfo: str = "",
        *,
        autocommit: bool = False,
        prepare_threshold: int | None = 5,
        context: AdaptContext | None = None,
        row_factory: RowFactory[Row] | None = None,
        cursor_factory: type[Cursor[Row]] | None = None,
        **kwargs: ConnParam,
    ) -> Self:
        """
        Connect to a database server and return a new `Connection` instance.
        """
    
        params = cls._get_connection_params(conninfo, **kwargs)
        timeout = timeout_from_conninfo(params)
        rv = None
        attempts = conninfo_attempts(params)
        conn_errors: list[tuple[e.Error, str]] = []
        for attempt in attempts:
            tdescr = (attempt.get("host"), attempt.get("port"), attempt.get("hostaddr"))
            descr = "host: %r, port: %r, hostaddr: %r" % tdescr
            logger.debug("connection attempt: %s", descr)
            try:
                conninfo = make_conninfo("", **attempt)
                gen = cls._connect_gen(conninfo, timeout=timeout)
                rv = waiting.wait_conn(gen, interval=_WAIT_INTERVAL)
            except e.Error as ex:
                logger.debug("connection failed: %s: %s", descr, str(ex))
                conn_errors.append((ex, descr))
            except e._NO_TRACEBACK as ex:
                raise ex.with_traceback(None)
            else:
                logger.debug("connection succeeded: %s", descr)
                break
    
        if not rv:
            last_ex = conn_errors[-1][0]
            if len(conn_errors) == 1:
                raise last_ex.with_traceback(None)
    
            # Create a new exception with the same type as the last one, containing
            # all attempt errors while preserving backward compatibility.
            lines = [str(last_ex)]
            lines.append("Multiple connection attempts failed. All failures were:")
            lines.extend((f"- {descr}: {error}" for error, descr in conn_errors))
>           raise type(last_ex)("\n".join(lines)).with_traceback(None)
E           django.db.utils.OperationalError: connection failed: connection to server at "127.0.0.1", port 5432 failed: FATAL:  la autentificaci\ufffdn password fall\ufffd para el usuario \ufffdpostgres\ufffd
E           Multiple connection attempts failed. All failures were:
E           - host: 'localhost', port: '5432', hostaddr: '::1': connection failed: connection to server at "::1", port 5432 failed: FATAL:  la autentificaci\ufffdn password fall\ufffd para el usuario \ufffdpostgres\ufffd
E           - host: 'localhost', port: '5432', hostaddr: '127.0.0.1': connection failed: connection to server at "127.0.0.1", port 5432 failed: FATAL:  la autentificaci\ufffdn password fall\ufffd para el usuario \ufffdpostgres\ufffd

..\..\..\AppData\Roaming\Python\Python313\site-packages\psycopg\connection.py:127: OperationalError

During handling of the above exception, another exception occurred:

self = <DatabaseWrapper vendor='postgresql' alias='default'>

    @async_unsafe
    def ensure_connection(self):
        """Guarantee that a connection to the database is established."""
        if self.connection is None:
            if self.in_atomic_block and self.closed_in_transaction:
                raise ProgrammingError(
                    "Cannot open a new connection in an atomic block."
                )
            with self.wrap_database_errors:
>               self.connect()

..\..\..\AppData\Roaming\Python\Python313\site-packages\django\db\backends\base\base.py:279: 
_ _ _ _ _ _ _ _ _ _ _ _ _ _ _ _ _ _ _ _ _ _ _ _ _ _ _ _ _ _ _ _ _ _ _ _ _ _ _ _
..\..\..\AppData\Roaming\Python\Python313\site-packages\django\utils\asyncio.py:26: in inner
    return func(*args, **kwargs)
..\..\..\AppData\Roaming\Python\Python313\site-packages\django\db\backends\base\base.py:256: in connect
    self.connection = self.get_new_connection(conn_params)
..\..\..\AppData\Roaming\Python\Python313\site-packages\django\utils\asyncio.py:26: in inner
    return func(*args, **kwargs)
..\..\..\AppData\Roaming\Python\Python313\site-packages\django\db\backends\postgresql\base.py:332: in get_new_connection
    connection = self.Database.connect(**conn_params)
_ _ _ _ _ _ _ _ _ _ _ _ _ _ _ _ _ _ _ _ _ _ _ _ _ _ _ _ _ _ _ _ _ _ _ _ _ _ _ _

cls = <class 'psycopg.Connection'>
conninfo = 'dbname=ruffles_db client_encoding=UTF8 user=postgres password=postgres host=localhost port=5432 hostaddr=127.0.0.1'
autocommit = False, prepare_threshold = None
context = <psycopg.adapt.AdaptersMap object at 0x000001CEB3E42350>
row_factory = None
cursor_factory = <class 'django.db.backends.postgresql.base.Cursor'>
kwargs = {'client_encoding': 'UTF8', 'dbname': 'ruffles_db', 'host': 'localhost', 'password': 'postgres', ...}
params = {'client_encoding': 'UTF8', 'dbname': 'ruffles_db', 'host': 'localhost', 'password': 'postgres', ...}
timeout = 130

    @classmethod
    def connect(
        cls,
        conninfo: str = "",
        *,
        autocommit: bool = False,
        prepare_threshold: int | None = 5,
        context: AdaptContext | None = None,
        row_factory: RowFactory[Row] | None = None,
        cursor_factory: type[Cursor[Row]] | None = None,
        **kwargs: ConnParam,
    ) -> Self:
        """
        Connect to a database server and return a new `Connection` instance.
        """
    
        params = cls._get_connection_params(conninfo, **kwargs)
        timeout = timeout_from_conninfo(params)
        rv = None
        attempts = conninfo_attempts(params)
        conn_errors: list[tuple[e.Error, str]] = []
        for attempt in attempts:
            tdescr = (attempt.get("host"), attempt.get("port"), attempt.get("hostaddr"))
            descr = "host: %r, port: %r, hostaddr: %r" % tdescr
            logger.debug("connection attempt: %s", descr)
            try:
                conninfo = make_conninfo("", **attempt)
                gen = cls._connect_gen(conninfo, timeout=timeout)
                rv = waiting.wait_conn(gen, interval=_WAIT_INTERVAL)
            except e.Error as ex:
                logger.debug("connection failed: %s: %s", descr, str(ex))
                conn_errors.append((ex, descr))
            except e._NO_TRACEBACK as ex:
                raise ex.with_traceback(None)
            else:
                logger.debug("connection succeeded: %s", descr)
                break
    
        if not rv:
            last_ex = conn_errors[-1][0]
            if len(conn_errors) == 1:
                raise last_ex.with_traceback(None)
    
            # Create a new exception with the same type as the last one, containing
            # all attempt errors while preserving backward compatibility.
            lines = [str(last_ex)]
            lines.append("Multiple connection attempts failed. All failures were:")
            lines.extend((f"- {descr}: {error}" for error, descr in conn_errors))
>           raise type(last_ex)("\n".join(lines)).with_traceback(None)
E           psycopg.OperationalError: connection failed: connection to server at "127.0.0.1", port 5432 failed: FATAL:  la autentificaci\ufffdn password fall\ufffd para el usuario \ufffdpostgres\ufffd
E           Multiple connection attempts failed. All failures were:
E           - host: 'localhost', port: '5432', hostaddr: '::1': connection failed: connection to server at "::1", port 5432 failed: FATAL:  la autentificaci\ufffdn password fall\ufffd para el usuario \ufffdpostgres\ufffd
E           - host: 'localhost', port: '5432', hostaddr: '127.0.0.1': connection failed: connection to server at "127.0.0.1", port 5432 failed: FATAL:  la autentificaci\ufffdn password fall\ufffd para el usuario \ufffdpostgres\ufffd

..\..\..\AppData\Roaming\Python\Python313\site-packages\psycopg\connection.py:127: OperationalError

The above exception was the direct cause of the following exception:

request = <SubRequest '_django_db_marker' for <Function test_cors_headers_present>>

    @pytest.fixture(autouse=True)
    def _django_db_marker(request: pytest.FixtureRequest) -> None:
        """Implement the django_db marker, internal to pytest-django."""
        marker = request.node.get_closest_marker("django_db")
        if marker:
>           request.getfixturevalue("_django_db_helper")

..\..\..\AppData\Roaming\Python\Python313\site-packages\pytest_django\plugin.py:527: 
_ _ _ _ _ _ _ _ _ _ _ _ _ _ _ _ _ _ _ _ _ _ _ _ _ _ _ _ _ _ _ _ _ _ _ _ _ _ _ _
..\..\..\AppData\Roaming\Python\Python313\site-packages\pytest_django\fixtures.py:140: in django_db_setup
    db_cfg = setup_databases(
..\..\..\AppData\Roaming\Python\Python313\site-packages\django\test\utils.py:204: in setup_databases
    connection.creation.create_test_db(
..\..\..\AppData\Roaming\Python\Python313\site-packages\django\db\backends\base\creation.py:62: in create_test_db
    self._create_test_db(verbosity, autoclobber, keepdb)
..\..\..\AppData\Roaming\Python\Python313\site-packages\django\db\backends\base\creation.py:202: in _create_test_db
    with self._nodb_cursor() as cursor:
C:\Python313\Lib\contextlib.py:141: in __enter__
    return next(self.gen)
..\..\..\AppData\Roaming\Python\Python313\site-packages\django\db\backends\postgresql\base.py:533: in _nodb_cursor
    with conn.cursor() as cursor:
..\..\..\AppData\Roaming\Python\Python313\site-packages\django\utils\asyncio.py:26: in inner
    return func(*args, **kwargs)
..\..\..\AppData\Roaming\Python\Python313\site-packages\django\db\backends\base\base.py:320: in cursor
    return self._cursor()
..\..\..\AppData\Roaming\Python\Python313\site-packages\django\db\backends\base\base.py:296: in _cursor
    self.ensure_connection()
..\..\..\AppData\Roaming\Python\Python313\site-packages\django\utils\asyncio.py:26: in inner
    return func(*args, **kwargs)
..\..\..\AppData\Roaming\Python\Python313\site-packages\django\db\backends\base\base.py:278: in ensure_connection
    with self.wrap_database_errors:
..\..\..\AppData\Roaming\Python\Python313\site-packages\django\db\utils.py:91: in __exit__
    raise dj_exc_value.with_traceback(traceback) from exc_value
..\..\..\AppData\Roaming\Python\Python313\site-packages\django\db\backends\base\base.py:279: in ensure_connection
    self.connect()
..\..\..\AppData\Roaming\Python\Python313\site-packages\django\utils\asyncio.py:26: in inner
    return func(*args, **kwargs)
..\..\..\AppData\Roaming\Python\Python313\site-packages\django\db\backends\base\base.py:256: in connect
    self.connection = self.get_new_connection(conn_params)
..\..\..\AppData\Roaming\Python\Python313\site-packages\django\utils\asyncio.py:26: in inner
    return func(*args, **kwargs)
..\..\..\AppData\Roaming\Python\Python313\site-packages\django\db\backends\postgresql\base.py:332: in get_new_connection
    connection = self.Database.connect(**conn_params)
_ _ _ _ _ _ _ _ _ _ _ _ _ _ _ _ _ _ _ _ _ _ _ _ _ _ _ _ _ _ _ _ _ _ _ _ _ _ _ _

cls = <class 'psycopg.Connection'>
conninfo = 'dbname=ruffles_db client_encoding=UTF8 user=postgres password=postgres host=localhost port=5432 hostaddr=127.0.0.1'
autocommit = False, prepare_threshold = None
context = <psycopg.adapt.AdaptersMap object at 0x000001CEB3E42350>
row_factory = None
cursor_factory = <class 'django.db.backends.postgresql.base.Cursor'>
kwargs = {'client_encoding': 'UTF8', 'dbname': 'ruffles_db', 'host': 'localhost', 'password': 'postgres', ...}
params = {'client_encoding': 'UTF8', 'dbname': 'ruffles_db', 'host': 'localhost', 'password': 'postgres', ...}
timeout = 130

    @classmethod
    def connect(
        cls,
        conninfo: str = "",
        *,
        autocommit: bool = False,
        prepare_threshold: int | None = 5,
        context: AdaptContext | None = None,
        row_factory: RowFactory[Row] | None = None,
        cursor_factory: type[Cursor[Row]] | None = None,
        **kwargs: ConnParam,
    ) -> Self:
        """
        Connect to a database server and return a new `Connection` instance.
        """
    
        params = cls._get_connection_params(conninfo, **kwargs)
        timeout = timeout_from_conninfo(params)
        rv = None
        attempts = conninfo_attempts(params)
        conn_errors: list[tuple[e.Error, str]] = []
        for attempt in attempts:
            tdescr = (attempt.get("host"), attempt.get("port"), attempt.get("hostaddr"))
            descr = "host: %r, port: %r, hostaddr: %r" % tdescr
            logger.debug("connection attempt: %s", descr)
            try:
                conninfo = make_conninfo("", **attempt)
                gen = cls._connect_gen(conninfo, timeout=timeout)
                rv = waiting.wait_conn(gen, interval=_WAIT_INTERVAL)
            except e.Error as ex:
                logger.debug("connection failed: %s: %s", descr, str(ex))
                conn_errors.append((ex, descr))
            except e._NO_TRACEBACK as ex:
                raise ex.with_traceback(None)
            else:
                logger.debug("connection succeeded: %s", descr)
                break
    
        if not rv:
            last_ex = conn_errors[-1][0]
            if len(conn_errors) == 1:
                raise last_ex.with_traceback(None)
    
            # Create a new exception with the same type as the last one, containing
            # all attempt errors while preserving backward compatibility.
            lines = [str(last_ex)]
            lines.append("Multiple connection attempts failed. All failures were:")
            lines.extend((f"- {descr}: {error}" for error, descr in conn_errors))
>           raise type(last_ex)("\n".join(lines)).with_traceback(None)
E           django.db.utils.OperationalError: connection failed: connection to server at "127.0.0.1", port 5432 failed: FATAL:  la autentificaci\ufffdn password fall\ufffd para el usuario \ufffdpostgres\ufffd
E           Multiple connection attempts failed. All failures were:
E           - host: 'localhost', port: '5432', hostaddr: '::1': connection failed: connection to server at "::1", port 5432 failed: FATAL:  la autentificaci\ufffdn password fall\ufffd para el usuario \ufffdpostgres\ufffd
E           - host: 'localhost', port: '5432', hostaddr: '127.0.0.1': connection failed: connection to server at "127.0.0.1", port 5432 failed: FATAL:  la autentificaci\ufffdn password fall\ufffd para el usuario \ufffdpostgres\ufffd

..\..\..\AppData\Roaming\Python\Python313\site-packages\psycopg\connection.py:127: OperationalError
___________ ERROR at setup of TestRaffleAPI.test_raffle_pagination ____________

self = <DatabaseWrapper vendor='postgresql' alias='__no_db__'>

    @async_unsafe
    def ensure_connection(self):
        """Guarantee that a connection to the database is established."""
        if self.connection is None:
            if self.in_atomic_block and self.closed_in_transaction:
                raise ProgrammingError(
                    "Cannot open a new connection in an atomic block."
                )
            with self.wrap_database_errors:
>               self.connect()

..\..\..\AppData\Roaming\Python\Python313\site-packages\django\db\backends\base\base.py:279: 
_ _ _ _ _ _ _ _ _ _ _ _ _ _ _ _ _ _ _ _ _ _ _ _ _ _ _ _ _ _ _ _ _ _ _ _ _ _ _ _
..\..\..\AppData\Roaming\Python\Python313\site-packages\django\utils\asyncio.py:26: in inner
    return func(*args, **kwargs)
..\..\..\AppData\Roaming\Python\Python313\site-packages\django\db\backends\base\base.py:256: in connect
    self.connection = self.get_new_connection(conn_params)
..\..\..\AppData\Roaming\Python\Python313\site-packages\django\utils\asyncio.py:26: in inner
    return func(*args, **kwargs)
..\..\..\AppData\Roaming\Python\Python313\site-packages\django\db\backends\postgresql\base.py:332: in get_new_connection
    connection = self.Database.connect(**conn_params)
_ _ _ _ _ _ _ _ _ _ _ _ _ _ _ _ _ _ _ _ _ _ _ _ _ _ _ _ _ _ _ _ _ _ _ _ _ _ _ _

cls = <class 'psycopg.Connection'>
conninfo = 'dbname=postgres client_encoding=UTF8 user=postgres password=postgres host=localhost port=5432 hostaddr=127.0.0.1'
autocommit = False, prepare_threshold = None
context = <psycopg.adapt.AdaptersMap object at 0x000001CEB3E42350>
row_factory = None
cursor_factory = <class 'django.db.backends.postgresql.base.Cursor'>
kwargs = {'client_encoding': 'UTF8', 'dbname': 'postgres', 'host': 'localhost', 'password': 'postgres', ...}
params = {'client_encoding': 'UTF8', 'dbname': 'postgres', 'host': 'localhost', 'password': 'postgres', ...}
timeout = 130

    @classmethod
    def connect(
        cls,
        conninfo: str = "",
        *,
        autocommit: bool = False,
        prepare_threshold: int | None = 5,
        context: AdaptContext | None = None,
        row_factory: RowFactory[Row] | None = None,
        cursor_factory: type[Cursor[Row]] | None = None,
        **kwargs: ConnParam,
    ) -> Self:
        """
        Connect to a database server and return a new `Connection` instance.
        """
    
        params = cls._get_connection_params(conninfo, **kwargs)
        timeout = timeout_from_conninfo(params)
        rv = None
        attempts = conninfo_attempts(params)
        conn_errors: list[tuple[e.Error, str]] = []
        for attempt in attempts:
            tdescr = (attempt.get("host"), attempt.get("port"), attempt.get("hostaddr"))
            descr = "host: %r, port: %r, hostaddr: %r" % tdescr
            logger.debug("connection attempt: %s", descr)
            try:
                conninfo = make_conninfo("", **attempt)
                gen = cls._connect_gen(conninfo, timeout=timeout)
                rv = waiting.wait_conn(gen, interval=_WAIT_INTERVAL)
            except e.Error as ex:
                logger.debug("connection failed: %s: %s", descr, str(ex))
                conn_errors.append((ex, descr))
            except e._NO_TRACEBACK as ex:
                raise ex.with_traceback(None)
            else:
                logger.debug("connection succeeded: %s", descr)
                break
    
        if not rv:
            last_ex = conn_errors[-1][0]
            if len(conn_errors) == 1:
                raise last_ex.with_traceback(None)
    
            # Create a new exception with the same type as the last one, containing
            # all attempt errors while preserving backward compatibility.
            lines = [str(last_ex)]
            lines.append("Multiple connection attempts failed. All failures were:")
            lines.extend((f"- {descr}: {error}" for error, descr in conn_errors))
>           raise type(last_ex)("\n".join(lines)).with_traceback(None)
E           psycopg.OperationalError: connection failed: connection to server at "127.0.0.1", port 5432 failed: FATAL:  la autentificaci\ufffdn password fall\ufffd para el usuario \ufffdpostgres\ufffd
E           Multiple connection attempts failed. All failures were:
E           - host: 'localhost', port: '5432', hostaddr: '::1': connection failed: connection to server at "::1", port 5432 failed: FATAL:  la autentificaci\ufffdn password fall\ufffd para el usuario \ufffdpostgres\ufffd
E           - host: 'localhost', port: '5432', hostaddr: '127.0.0.1': connection failed: connection to server at "127.0.0.1", port 5432 failed: FATAL:  la autentificaci\ufffdn password fall\ufffd para el usuario \ufffdpostgres\ufffd

..\..\..\AppData\Roaming\Python\Python313\site-packages\psycopg\connection.py:127: OperationalError

The above exception was the direct cause of the following exception:

self = <DatabaseWrapper vendor='postgresql' alias='default'>

    @contextmanager
    def _nodb_cursor(self):
        cursor = None
        try:
>           with super()._nodb_cursor() as cursor:

..\..\..\AppData\Roaming\Python\Python313\site-packages\django\db\backends\postgresql\base.py:507: 
_ _ _ _ _ _ _ _ _ _ _ _ _ _ _ _ _ _ _ _ _ _ _ _ _ _ _ _ _ _ _ _ _ _ _ _ _ _ _ _
C:\Python313\Lib\contextlib.py:141: in __enter__
    return next(self.gen)
..\..\..\AppData\Roaming\Python\Python313\site-packages\django\db\backends\base\base.py:712: in _nodb_cursor
    with conn.cursor() as cursor:
..\..\..\AppData\Roaming\Python\Python313\site-packages\django\utils\asyncio.py:26: in inner
    return func(*args, **kwargs)
..\..\..\AppData\Roaming\Python\Python313\site-packages\django\db\backends\base\base.py:320: in cursor
    return self._cursor()
..\..\..\AppData\Roaming\Python\Python313\site-packages\django\db\backends\base\base.py:296: in _cursor
    self.ensure_connection()
..\..\..\AppData\Roaming\Python\Python313\site-packages\django\utils\asyncio.py:26: in inner
    return func(*args, **kwargs)
..\..\..\AppData\Roaming\Python\Python313\site-packages\django\db\backends\base\base.py:278: in ensure_connection
    with self.wrap_database_errors:
..\..\..\AppData\Roaming\Python\Python313\site-packages\django\db\utils.py:91: in __exit__
    raise dj_exc_value.with_traceback(traceback) from exc_value
..\..\..\AppData\Roaming\Python\Python313\site-packages\django\db\backends\base\base.py:279: in ensure_connection
    self.connect()
..\..\..\AppData\Roaming\Python\Python313\site-packages\django\utils\asyncio.py:26: in inner
    return func(*args, **kwargs)
..\..\..\AppData\Roaming\Python\Python313\site-packages\django\db\backends\base\base.py:256: in connect
    self.connection = self.get_new_connection(conn_params)
..\..\..\AppData\Roaming\Python\Python313\site-packages\django\utils\asyncio.py:26: in inner
    return func(*args, **kwargs)
..\..\..\AppData\Roaming\Python\Python313\site-packages\django\db\backends\postgresql\base.py:332: in get_new_connection
    connection = self.Database.connect(**conn_params)
_ _ _ _ _ _ _ _ _ _ _ _ _ _ _ _ _ _ _ _ _ _ _ _ _ _ _ _ _ _ _ _ _ _ _ _ _ _ _ _

cls = <class 'psycopg.Connection'>
conninfo = 'dbname=postgres client_encoding=UTF8 user=postgres password=postgres host=localhost port=5432 hostaddr=127.0.0.1'
autocommit = False, prepare_threshold = None
context = <psycopg.adapt.AdaptersMap object at 0x000001CEB3E42350>
row_factory = None
cursor_factory = <class 'django.db.backends.postgresql.base.Cursor'>
kwargs = {'client_encoding': 'UTF8', 'dbname': 'postgres', 'host': 'localhost', 'password': 'postgres', ...}
params = {'client_encoding': 'UTF8', 'dbname': 'postgres', 'host': 'localhost', 'password': 'postgres', ...}
timeout = 130

    @classmethod
    def connect(
        cls,
        conninfo: str = "",
        *,
        autocommit: bool = False,
        prepare_threshold: int | None = 5,
        context: AdaptContext | None = None,
        row_factory: RowFactory[Row] | None = None,
        cursor_factory: type[Cursor[Row]] | None = None,
        **kwargs: ConnParam,
    ) -> Self:
        """
        Connect to a database server and return a new `Connection` instance.
        """
    
        params = cls._get_connection_params(conninfo, **kwargs)
        timeout = timeout_from_conninfo(params)
        rv = None
        attempts = conninfo_attempts(params)
        conn_errors: list[tuple[e.Error, str]] = []
        for attempt in attempts:
            tdescr = (attempt.get("host"), attempt.get("port"), attempt.get("hostaddr"))
            descr = "host: %r, port: %r, hostaddr: %r" % tdescr
            logger.debug("connection attempt: %s", descr)
            try:
                conninfo = make_conninfo("", **attempt)
                gen = cls._connect_gen(conninfo, timeout=timeout)
                rv = waiting.wait_conn(gen, interval=_WAIT_INTERVAL)
            except e.Error as ex:
                logger.debug("connection failed: %s: %s", descr, str(ex))
                conn_errors.append((ex, descr))
            except e._NO_TRACEBACK as ex:
                raise ex.with_traceback(None)
            else:
                logger.debug("connection succeeded: %s", descr)
                break
    
        if not rv:
            last_ex = conn_errors[-1][0]
            if len(conn_errors) == 1:
                raise last_ex.with_traceback(None)
    
            # Create a new exception with the same type as the last one, containing
            # all attempt errors while preserving backward compatibility.
            lines = [str(last_ex)]
            lines.append("Multiple connection attempts failed. All failures were:")
            lines.extend((f"- {descr}: {error}" for error, descr in conn_errors))
>           raise type(last_ex)("\n".join(lines)).with_traceback(None)
E           django.db.utils.OperationalError: connection failed: connection to server at "127.0.0.1", port 5432 failed: FATAL:  la autentificaci\ufffdn password fall\ufffd para el usuario \ufffdpostgres\ufffd
E           Multiple connection attempts failed. All failures were:
E           - host: 'localhost', port: '5432', hostaddr: '::1': connection failed: connection to server at "::1", port 5432 failed: FATAL:  la autentificaci\ufffdn password fall\ufffd para el usuario \ufffdpostgres\ufffd
E           - host: 'localhost', port: '5432', hostaddr: '127.0.0.1': connection failed: connection to server at "127.0.0.1", port 5432 failed: FATAL:  la autentificaci\ufffdn password fall\ufffd para el usuario \ufffdpostgres\ufffd

..\..\..\AppData\Roaming\Python\Python313\site-packages\psycopg\connection.py:127: OperationalError

During handling of the above exception, another exception occurred:

self = <DatabaseWrapper vendor='postgresql' alias='default'>

    @async_unsafe
    def ensure_connection(self):
        """Guarantee that a connection to the database is established."""
        if self.connection is None:
            if self.in_atomic_block and self.closed_in_transaction:
                raise ProgrammingError(
                    "Cannot open a new connection in an atomic block."
                )
            with self.wrap_database_errors:
>               self.connect()

..\..\..\AppData\Roaming\Python\Python313\site-packages\django\db\backends\base\base.py:279: 
_ _ _ _ _ _ _ _ _ _ _ _ _ _ _ _ _ _ _ _ _ _ _ _ _ _ _ _ _ _ _ _ _ _ _ _ _ _ _ _
..\..\..\AppData\Roaming\Python\Python313\site-packages\django\utils\asyncio.py:26: in inner
    return func(*args, **kwargs)
..\..\..\AppData\Roaming\Python\Python313\site-packages\django\db\backends\base\base.py:256: in connect
    self.connection = self.get_new_connection(conn_params)
..\..\..\AppData\Roaming\Python\Python313\site-packages\django\utils\asyncio.py:26: in inner
    return func(*args, **kwargs)
..\..\..\AppData\Roaming\Python\Python313\site-packages\django\db\backends\postgresql\base.py:332: in get_new_connection
    connection = self.Database.connect(**conn_params)
_ _ _ _ _ _ _ _ _ _ _ _ _ _ _ _ _ _ _ _ _ _ _ _ _ _ _ _ _ _ _ _ _ _ _ _ _ _ _ _

cls = <class 'psycopg.Connection'>
conninfo = 'dbname=ruffles_db client_encoding=UTF8 user=postgres password=postgres host=localhost port=5432 hostaddr=127.0.0.1'
autocommit = False, prepare_threshold = None
context = <psycopg.adapt.AdaptersMap object at 0x000001CEB3E42350>
row_factory = None
cursor_factory = <class 'django.db.backends.postgresql.base.Cursor'>
kwargs = {'client_encoding': 'UTF8', 'dbname': 'ruffles_db', 'host': 'localhost', 'password': 'postgres', ...}
params = {'client_encoding': 'UTF8', 'dbname': 'ruffles_db', 'host': 'localhost', 'password': 'postgres', ...}
timeout = 130

    @classmethod
    def connect(
        cls,
        conninfo: str = "",
        *,
        autocommit: bool = False,
        prepare_threshold: int | None = 5,
        context: AdaptContext | None = None,
        row_factory: RowFactory[Row] | None = None,
        cursor_factory: type[Cursor[Row]] | None = None,
        **kwargs: ConnParam,
    ) -> Self:
        """
        Connect to a database server and return a new `Connection` instance.
        """
    
        params = cls._get_connection_params(conninfo, **kwargs)
        timeout = timeout_from_conninfo(params)
        rv = None
        attempts = conninfo_attempts(params)
        conn_errors: list[tuple[e.Error, str]] = []
        for attempt in attempts:
            tdescr = (attempt.get("host"), attempt.get("port"), attempt.get("hostaddr"))
            descr = "host: %r, port: %r, hostaddr: %r" % tdescr
            logger.debug("connection attempt: %s", descr)
            try:
                conninfo = make_conninfo("", **attempt)
                gen = cls._connect_gen(conninfo, timeout=timeout)
                rv = waiting.wait_conn(gen, interval=_WAIT_INTERVAL)
            except e.Error as ex:
                logger.debug("connection failed: %s: %s", descr, str(ex))
                conn_errors.append((ex, descr))
            except e._NO_TRACEBACK as ex:
                raise ex.with_traceback(None)
            else:
                logger.debug("connection succeeded: %s", descr)
                break
    
        if not rv:
            last_ex = conn_errors[-1][0]
            if len(conn_errors) == 1:
                raise last_ex.with_traceback(None)
    
            # Create a new exception with the same type as the last one, containing
            # all attempt errors while preserving backward compatibility.
            lines = [str(last_ex)]
            lines.append("Multiple connection attempts failed. All failures were:")
            lines.extend((f"- {descr}: {error}" for error, descr in conn_errors))
>           raise type(last_ex)("\n".join(lines)).with_traceback(None)
E           psycopg.OperationalError: connection failed: connection to server at "127.0.0.1", port 5432 failed: FATAL:  la autentificaci\ufffdn password fall\ufffd para el usuario \ufffdpostgres\ufffd
E           Multiple connection attempts failed. All failures were:
E           - host: 'localhost', port: '5432', hostaddr: '::1': connection failed: connection to server at "::1", port 5432 failed: FATAL:  la autentificaci\ufffdn password fall\ufffd para el usuario \ufffdpostgres\ufffd
E           - host: 'localhost', port: '5432', hostaddr: '127.0.0.1': connection failed: connection to server at "127.0.0.1", port 5432 failed: FATAL:  la autentificaci\ufffdn password fall\ufffd para el usuario \ufffdpostgres\ufffd

..\..\..\AppData\Roaming\Python\Python313\site-packages\psycopg\connection.py:127: OperationalError

The above exception was the direct cause of the following exception:

request = <SubRequest 'django_db_setup' for <Function test_login_success_returns_jwt>>
django_test_environment = None
django_db_blocker = <pytest_django.plugin.DjangoDbBlocker object at 0x000001CEB17F0050>
django_db_use_migrations = True, django_db_keepdb = False
django_db_createdb = False, django_db_modify_db_settings = None

    @pytest.fixture(scope="session")
    def django_db_setup(
        request: pytest.FixtureRequest,
        django_test_environment: None,
        django_db_blocker: DjangoDbBlocker,
        django_db_use_migrations: bool,
        django_db_keepdb: bool,
        django_db_createdb: bool,
        django_db_modify_db_settings: None,
    ) -> Generator[None, None, None]:
        """Top level fixture to ensure test databases are available"""
        from django.test.utils import setup_databases, teardown_databases
    
        setup_databases_args = {}
    
        if not django_db_use_migrations:
            _disable_migrations()
    
        if django_db_keepdb and not django_db_createdb:
            setup_databases_args["keepdb"] = True
    
        with django_db_blocker.unblock():
>           db_cfg = setup_databases(
                verbosity=request.config.option.verbose,
                interactive=False,
                **setup_databases_args,
            )

..\..\..\AppData\Roaming\Python\Python313\site-packages\pytest_django\fixtures.py:140: 
_ _ _ _ _ _ _ _ _ _ _ _ _ _ _ _ _ _ _ _ _ _ _ _ _ _ _ _ _ _ _ _ _ _ _ _ _ _ _ _
..\..\..\AppData\Roaming\Python\Python313\site-packages\django\test\utils.py:204: in setup_databases
    connection.creation.create_test_db(
..\..\..\AppData\Roaming\Python\Python313\site-packages\django\db\backends\base\creation.py:62: in create_test_db
    self._create_test_db(verbosity, autoclobber, keepdb)
..\..\..\AppData\Roaming\Python\Python313\site-packages\django\db\backends\base\creation.py:202: in _create_test_db
    with self._nodb_cursor() as cursor:
C:\Python313\Lib\contextlib.py:141: in __enter__
    return next(self.gen)
..\..\..\AppData\Roaming\Python\Python313\site-packages\django\db\backends\postgresql\base.py:533: in _nodb_cursor
    with conn.cursor() as cursor:
..\..\..\AppData\Roaming\Python\Python313\site-packages\django\utils\asyncio.py:26: in inner
    return func(*args, **kwargs)
..\..\..\AppData\Roaming\Python\Python313\site-packages\django\db\backends\base\base.py:320: in cursor
    return self._cursor()
..\..\..\AppData\Roaming\Python\Python313\site-packages\django\db\backends\base\base.py:296: in _cursor
    self.ensure_connection()
..\..\..\AppData\Roaming\Python\Python313\site-packages\django\utils\asyncio.py:26: in inner
    return func(*args, **kwargs)
..\..\..\AppData\Roaming\Python\Python313\site-packages\django\db\backends\base\base.py:278: in ensure_connection
    with self.wrap_database_errors:
..\..\..\AppData\Roaming\Python\Python313\site-packages\django\db\utils.py:91: in __exit__
    raise dj_exc_value.with_traceback(traceback) from exc_value
..\..\..\AppData\Roaming\Python\Python313\site-packages\django\db\backends\base\base.py:279: in ensure_connection
    self.connect()
..\..\..\AppData\Roaming\Python\Python313\site-packages\django\utils\asyncio.py:26: in inner
    return func(*args, **kwargs)
..\..\..\AppData\Roaming\Python\Python313\site-packages\django\db\backends\base\base.py:256: in connect
    self.connection = self.get_new_connection(conn_params)
..\..\..\AppData\Roaming\Python\Python313\site-packages\django\utils\asyncio.py:26: in inner
    return func(*args, **kwargs)
..\..\..\AppData\Roaming\Python\Python313\site-packages\django\db\backends\postgresql\base.py:332: in get_new_connection
    connection = self.Database.connect(**conn_params)
_ _ _ _ _ _ _ _ _ _ _ _ _ _ _ _ _ _ _ _ _ _ _ _ _ _ _ _ _ _ _ _ _ _ _ _ _ _ _ _

cls = <class 'psycopg.Connection'>
conninfo = 'dbname=ruffles_db client_encoding=UTF8 user=postgres password=postgres host=localhost port=5432 hostaddr=127.0.0.1'
autocommit = False, prepare_threshold = None
context = <psycopg.adapt.AdaptersMap object at 0x000001CEB3E42350>
row_factory = None
cursor_factory = <class 'django.db.backends.postgresql.base.Cursor'>
kwargs = {'client_encoding': 'UTF8', 'dbname': 'ruffles_db', 'host': 'localhost', 'password': 'postgres', ...}
params = {'client_encoding': 'UTF8', 'dbname': 'ruffles_db', 'host': 'localhost', 'password': 'postgres', ...}
timeout = 130

    @classmethod
    def connect(
        cls,
        conninfo: str = "",
        *,
        autocommit: bool = False,
        prepare_threshold: int | None = 5,
        context: AdaptContext | None = None,
        row_factory: RowFactory[Row] | None = None,
        cursor_factory: type[Cursor[Row]] | None = None,
        **kwargs: ConnParam,
    ) -> Self:
        """
        Connect to a database server and return a new `Connection` instance.
        """
    
        params = cls._get_connection_params(conninfo, **kwargs)
        timeout = timeout_from_conninfo(params)
        rv = None
        attempts = conninfo_attempts(params)
        conn_errors: list[tuple[e.Error, str]] = []
        for attempt in attempts:
            tdescr = (attempt.get("host"), attempt.get("port"), attempt.get("hostaddr"))
            descr = "host: %r, port: %r, hostaddr: %r" % tdescr
            logger.debug("connection attempt: %s", descr)
            try:
                conninfo = make_conninfo("", **attempt)
                gen = cls._connect_gen(conninfo, timeout=timeout)
                rv = waiting.wait_conn(gen, interval=_WAIT_INTERVAL)
            except e.Error as ex:
                logger.debug("connection failed: %s: %s", descr, str(ex))
                conn_errors.append((ex, descr))
            except e._NO_TRACEBACK as ex:
                raise ex.with_traceback(None)
            else:
                logger.debug("connection succeeded: %s", descr)
                break
    
        if not rv:
            last_ex = conn_errors[-1][0]
            if len(conn_errors) == 1:
                raise last_ex.with_traceback(None)
    
            # Create a new exception with the same type as the last one, containing
            # all attempt errors while preserving backward compatibility.
            lines = [str(last_ex)]
            lines.append("Multiple connection attempts failed. All failures were:")
            lines.extend((f"- {descr}: {error}" for error, descr in conn_errors))
>           raise type(last_ex)("\n".join(lines)).with_traceback(None)
E           django.db.utils.OperationalError: connection failed: connection to server at "127.0.0.1", port 5432 failed: FATAL:  la autentificaci\ufffdn password fall\ufffd para el usuario \ufffdpostgres\ufffd
E           Multiple connection attempts failed. All failures were:
E           - host: 'localhost', port: '5432', hostaddr: '::1': connection failed: connection to server at "::1", port 5432 failed: FATAL:  la autentificaci\ufffdn password fall\ufffd para el usuario \ufffdpostgres\ufffd
E           - host: 'localhost', port: '5432', hostaddr: '127.0.0.1': connection failed: connection to server at "127.0.0.1", port 5432 failed: FATAL:  la autentificaci\ufffdn password fall\ufffd para el usuario \ufffdpostgres\ufffd

..\..\..\AppData\Roaming\Python\Python313\site-packages\psycopg\connection.py:127: OperationalError
__________ ERROR at setup of TestRaffleAPI.test_auth_header_attached __________

self = <DatabaseWrapper vendor='postgresql' alias='__no_db__'>

    @async_unsafe
    def ensure_connection(self):
        """Guarantee that a connection to the database is established."""
        if self.connection is None:
            if self.in_atomic_block and self.closed_in_transaction:
                raise ProgrammingError(
                    "Cannot open a new connection in an atomic block."
                )
            with self.wrap_database_errors:
>               self.connect()

..\..\..\AppData\Roaming\Python\Python313\site-packages\django\db\backends\base\base.py:279: 
_ _ _ _ _ _ _ _ _ _ _ _ _ _ _ _ _ _ _ _ _ _ _ _ _ _ _ _ _ _ _ _ _ _ _ _ _ _ _ _
..\..\..\AppData\Roaming\Python\Python313\site-packages\django\utils\asyncio.py:26: in inner
    return func(*args, **kwargs)
..\..\..\AppData\Roaming\Python\Python313\site-packages\django\db\backends\base\base.py:256: in connect
    self.connection = self.get_new_connection(conn_params)
..\..\..\AppData\Roaming\Python\Python313\site-packages\django\utils\asyncio.py:26: in inner
    return func(*args, **kwargs)
..\..\..\AppData\Roaming\Python\Python313\site-packages\django\db\backends\postgresql\base.py:332: in get_new_connection
    connection = self.Database.connect(**conn_params)
_ _ _ _ _ _ _ _ _ _ _ _ _ _ _ _ _ _ _ _ _ _ _ _ _ _ _ _ _ _ _ _ _ _ _ _ _ _ _ _

cls = <class 'psycopg.Connection'>
conninfo = 'dbname=postgres client_encoding=UTF8 user=postgres password=postgres host=localhost port=5432 hostaddr=127.0.0.1'
autocommit = False, prepare_threshold = None
context = <psycopg.adapt.AdaptersMap object at 0x000001CEB3E42350>
row_factory = None
cursor_factory = <class 'django.db.backends.postgresql.base.Cursor'>
kwargs = {'client_encoding': 'UTF8', 'dbname': 'postgres', 'host': 'localhost', 'password': 'postgres', ...}
params = {'client_encoding': 'UTF8', 'dbname': 'postgres', 'host': 'localhost', 'password': 'postgres', ...}
timeout = 130

    @classmethod
    def connect(
        cls,
        conninfo: str = "",
        *,
        autocommit: bool = False,
        prepare_threshold: int | None = 5,
        context: AdaptContext | None = None,
        row_factory: RowFactory[Row] | None = None,
        cursor_factory: type[Cursor[Row]] | None = None,
        **kwargs: ConnParam,
    ) -> Self:
        """
        Connect to a database server and return a new `Connection` instance.
        """
    
        params = cls._get_connection_params(conninfo, **kwargs)
        timeout = timeout_from_conninfo(params)
        rv = None
        attempts = conninfo_attempts(params)
        conn_errors: list[tuple[e.Error, str]] = []
        for attempt in attempts:
            tdescr = (attempt.get("host"), attempt.get("port"), attempt.get("hostaddr"))
            descr = "host: %r, port: %r, hostaddr: %r" % tdescr
            logger.debug("connection attempt: %s", descr)
            try:
                conninfo = make_conninfo("", **attempt)
                gen = cls._connect_gen(conninfo, timeout=timeout)
                rv = waiting.wait_conn(gen, interval=_WAIT_INTERVAL)
            except e.Error as ex:
                logger.debug("connection failed: %s: %s", descr, str(ex))
                conn_errors.append((ex, descr))
            except e._NO_TRACEBACK as ex:
                raise ex.with_traceback(None)
            else:
                logger.debug("connection succeeded: %s", descr)
                break
    
        if not rv:
            last_ex = conn_errors[-1][0]
            if len(conn_errors) == 1:
                raise last_ex.with_traceback(None)
    
            # Create a new exception with the same type as the last one, containing
            # all attempt errors while preserving backward compatibility.
            lines = [str(last_ex)]
            lines.append("Multiple connection attempts failed. All failures were:")
            lines.extend((f"- {descr}: {error}" for error, descr in conn_errors))
>           raise type(last_ex)("\n".join(lines)).with_traceback(None)
E           psycopg.OperationalError: connection failed: connection to server at "127.0.0.1", port 5432 failed: FATAL:  la autentificaci\ufffdn password fall\ufffd para el usuario \ufffdpostgres\ufffd
E           Multiple connection attempts failed. All failures were:
E           - host: 'localhost', port: '5432', hostaddr: '::1': connection failed: connection to server at "::1", port 5432 failed: FATAL:  la autentificaci\ufffdn password fall\ufffd para el usuario \ufffdpostgres\ufffd
E           - host: 'localhost', port: '5432', hostaddr: '127.0.0.1': connection failed: connection to server at "127.0.0.1", port 5432 failed: FATAL:  la autentificaci\ufffdn password fall\ufffd para el usuario \ufffdpostgres\ufffd

..\..\..\AppData\Roaming\Python\Python313\site-packages\psycopg\connection.py:127: OperationalError

The above exception was the direct cause of the following exception:

self = <DatabaseWrapper vendor='postgresql' alias='default'>

    @contextmanager
    def _nodb_cursor(self):
        cursor = None
        try:
>           with super()._nodb_cursor() as cursor:

..\..\..\AppData\Roaming\Python\Python313\site-packages\django\db\backends\postgresql\base.py:507: 
_ _ _ _ _ _ _ _ _ _ _ _ _ _ _ _ _ _ _ _ _ _ _ _ _ _ _ _ _ _ _ _ _ _ _ _ _ _ _ _
C:\Python313\Lib\contextlib.py:141: in __enter__
    return next(self.gen)
..\..\..\AppData\Roaming\Python\Python313\site-packages\django\db\backends\base\base.py:712: in _nodb_cursor
    with conn.cursor() as cursor:
..\..\..\AppData\Roaming\Python\Python313\site-packages\django\utils\asyncio.py:26: in inner
    return func(*args, **kwargs)
..\..\..\AppData\Roaming\Python\Python313\site-packages\django\db\backends\base\base.py:320: in cursor
    return self._cursor()
..\..\..\AppData\Roaming\Python\Python313\site-packages\django\db\backends\base\base.py:296: in _cursor
    self.ensure_connection()
..\..\..\AppData\Roaming\Python\Python313\site-packages\django\utils\asyncio.py:26: in inner
    return func(*args, **kwargs)
..\..\..\AppData\Roaming\Python\Python313\site-packages\django\db\backends\base\base.py:278: in ensure_connection
    with self.wrap_database_errors:
..\..\..\AppData\Roaming\Python\Python313\site-packages\django\db\utils.py:91: in __exit__
    raise dj_exc_value.with_traceback(traceback) from exc_value
..\..\..\AppData\Roaming\Python\Python313\site-packages\django\db\backends\base\base.py:279: in ensure_connection
    self.connect()
..\..\..\AppData\Roaming\Python\Python313\site-packages\django\utils\asyncio.py:26: in inner
    return func(*args, **kwargs)
..\..\..\AppData\Roaming\Python\Python313\site-packages\django\db\backends\base\base.py:256: in connect
    self.connection = self.get_new_connection(conn_params)
..\..\..\AppData\Roaming\Python\Python313\site-packages\django\utils\asyncio.py:26: in inner
    return func(*args, **kwargs)
..\..\..\AppData\Roaming\Python\Python313\site-packages\django\db\backends\postgresql\base.py:332: in get_new_connection
    connection = self.Database.connect(**conn_params)
_ _ _ _ _ _ _ _ _ _ _ _ _ _ _ _ _ _ _ _ _ _ _ _ _ _ _ _ _ _ _ _ _ _ _ _ _ _ _ _

cls = <class 'psycopg.Connection'>
conninfo = 'dbname=postgres client_encoding=UTF8 user=postgres password=postgres host=localhost port=5432 hostaddr=127.0.0.1'
autocommit = False, prepare_threshold = None
context = <psycopg.adapt.AdaptersMap object at 0x000001CEB3E42350>
row_factory = None
cursor_factory = <class 'django.db.backends.postgresql.base.Cursor'>
kwargs = {'client_encoding': 'UTF8', 'dbname': 'postgres', 'host': 'localhost', 'password': 'postgres', ...}
params = {'client_encoding': 'UTF8', 'dbname': 'postgres', 'host': 'localhost', 'password': 'postgres', ...}
timeout = 130

    @classmethod
    def connect(
        cls,
        conninfo: str = "",
        *,
        autocommit: bool = False,
        prepare_threshold: int | None = 5,
        context: AdaptContext | None = None,
        row_factory: RowFactory[Row] | None = None,
        cursor_factory: type[Cursor[Row]] | None = None,
        **kwargs: ConnParam,
    ) -> Self:
        """
        Connect to a database server and return a new `Connection` instance.
        """
    
        params = cls._get_connection_params(conninfo, **kwargs)
        timeout = timeout_from_conninfo(params)
        rv = None
        attempts = conninfo_attempts(params)
        conn_errors: list[tuple[e.Error, str]] = []
        for attempt in attempts:
            tdescr = (attempt.get("host"), attempt.get("port"), attempt.get("hostaddr"))
            descr = "host: %r, port: %r, hostaddr: %r" % tdescr
            logger.debug("connection attempt: %s", descr)
            try:
                conninfo = make_conninfo("", **attempt)
                gen = cls._connect_gen(conninfo, timeout=timeout)
                rv = waiting.wait_conn(gen, interval=_WAIT_INTERVAL)
            except e.Error as ex:
                logger.debug("connection failed: %s: %s", descr, str(ex))
                conn_errors.append((ex, descr))
            except e._NO_TRACEBACK as ex:
                raise ex.with_traceback(None)
            else:
                logger.debug("connection succeeded: %s", descr)
                break
    
        if not rv:
            last_ex = conn_errors[-1][0]
            if len(conn_errors) == 1:
                raise last_ex.with_traceback(None)
    
            # Create a new exception with the same type as the last one, containing
            # all attempt errors while preserving backward compatibility.
            lines = [str(last_ex)]
            lines.append("Multiple connection attempts failed. All failures were:")
            lines.extend((f"- {descr}: {error}" for error, descr in conn_errors))
>           raise type(last_ex)("\n".join(lines)).with_traceback(None)
E           django.db.utils.OperationalError: connection failed: connection to server at "127.0.0.1", port 5432 failed: FATAL:  la autentificaci\ufffdn password fall\ufffd para el usuario \ufffdpostgres\ufffd
E           Multiple connection attempts failed. All failures were:
E           - host: 'localhost', port: '5432', hostaddr: '::1': connection failed: connection to server at "::1", port 5432 failed: FATAL:  la autentificaci\ufffdn password fall\ufffd para el usuario \ufffdpostgres\ufffd
E           - host: 'localhost', port: '5432', hostaddr: '127.0.0.1': connection failed: connection to server at "127.0.0.1", port 5432 failed: FATAL:  la autentificaci\ufffdn password fall\ufffd para el usuario \ufffdpostgres\ufffd

..\..\..\AppData\Roaming\Python\Python313\site-packages\psycopg\connection.py:127: OperationalError

During handling of the above exception, another exception occurred:

self = <DatabaseWrapper vendor='postgresql' alias='default'>

    @async_unsafe
    def ensure_connection(self):
        """Guarantee that a connection to the database is established."""
        if self.connection is None:
            if self.in_atomic_block and self.closed_in_transaction:
                raise ProgrammingError(
                    "Cannot open a new connection in an atomic block."
                )
            with self.wrap_database_errors:
>               self.connect()

..\..\..\AppData\Roaming\Python\Python313\site-packages\django\db\backends\base\base.py:279: 
_ _ _ _ _ _ _ _ _ _ _ _ _ _ _ _ _ _ _ _ _ _ _ _ _ _ _ _ _ _ _ _ _ _ _ _ _ _ _ _
..\..\..\AppData\Roaming\Python\Python313\site-packages\django\utils\asyncio.py:26: in inner
    return func(*args, **kwargs)
..\..\..\AppData\Roaming\Python\Python313\site-packages\django\db\backends\base\base.py:256: in connect
    self.connection = self.get_new_connection(conn_params)
..\..\..\AppData\Roaming\Python\Python313\site-packages\django\utils\asyncio.py:26: in inner
    return func(*args, **kwargs)
..\..\..\AppData\Roaming\Python\Python313\site-packages\django\db\backends\postgresql\base.py:332: in get_new_connection
    connection = self.Database.connect(**conn_params)
_ _ _ _ _ _ _ _ _ _ _ _ _ _ _ _ _ _ _ _ _ _ _ _ _ _ _ _ _ _ _ _ _ _ _ _ _ _ _ _

cls = <class 'psycopg.Connection'>
conninfo = 'dbname=ruffles_db client_encoding=UTF8 user=postgres password=postgres host=localhost port=5432 hostaddr=127.0.0.1'
autocommit = False, prepare_threshold = None
context = <psycopg.adapt.AdaptersMap object at 0x000001CEB3E42350>
row_factory = None
cursor_factory = <class 'django.db.backends.postgresql.base.Cursor'>
kwargs = {'client_encoding': 'UTF8', 'dbname': 'ruffles_db', 'host': 'localhost', 'password': 'postgres', ...}
params = {'client_encoding': 'UTF8', 'dbname': 'ruffles_db', 'host': 'localhost', 'password': 'postgres', ...}
timeout = 130

    @classmethod
    def connect(
        cls,
        conninfo: str = "",
        *,
        autocommit: bool = False,
        prepare_threshold: int | None = 5,
        context: AdaptContext | None = None,
        row_factory: RowFactory[Row] | None = None,
        cursor_factory: type[Cursor[Row]] | None = None,
        **kwargs: ConnParam,
    ) -> Self:
        """
        Connect to a database server and return a new `Connection` instance.
        """
    
        params = cls._get_connection_params(conninfo, **kwargs)
        timeout = timeout_from_conninfo(params)
        rv = None
        attempts = conninfo_attempts(params)
        conn_errors: list[tuple[e.Error, str]] = []
        for attempt in attempts:
            tdescr = (attempt.get("host"), attempt.get("port"), attempt.get("hostaddr"))
            descr = "host: %r, port: %r, hostaddr: %r" % tdescr
            logger.debug("connection attempt: %s", descr)
            try:
                conninfo = make_conninfo("", **attempt)
                gen = cls._connect_gen(conninfo, timeout=timeout)
                rv = waiting.wait_conn(gen, interval=_WAIT_INTERVAL)
            except e.Error as ex:
                logger.debug("connection failed: %s: %s", descr, str(ex))
                conn_errors.append((ex, descr))
            except e._NO_TRACEBACK as ex:
                raise ex.with_traceback(None)
            else:
                logger.debug("connection succeeded: %s", descr)
                break
    
        if not rv:
            last_ex = conn_errors[-1][0]
            if len(conn_errors) == 1:
                raise last_ex.with_traceback(None)
    
            # Create a new exception with the same type as the last one, containing
            # all attempt errors while preserving backward compatibility.
            lines = [str(last_ex)]
            lines.append("Multiple connection attempts failed. All failures were:")
            lines.extend((f"- {descr}: {error}" for error, descr in conn_errors))
>           raise type(last_ex)("\n".join(lines)).with_traceback(None)
E           psycopg.OperationalError: connection failed: connection to server at "127.0.0.1", port 5432 failed: FATAL:  la autentificaci\ufffdn password fall\ufffd para el usuario \ufffdpostgres\ufffd
E           Multiple connection attempts failed. All failures were:
E           - host: 'localhost', port: '5432', hostaddr: '::1': connection failed: connection to server at "::1", port 5432 failed: FATAL:  la autentificaci\ufffdn password fall\ufffd para el usuario \ufffdpostgres\ufffd
E           - host: 'localhost', port: '5432', hostaddr: '127.0.0.1': connection failed: connection to server at "127.0.0.1", port 5432 failed: FATAL:  la autentificaci\ufffdn password fall\ufffd para el usuario \ufffdpostgres\ufffd

..\..\..\AppData\Roaming\Python\Python313\site-packages\psycopg\connection.py:127: OperationalError

The above exception was the direct cause of the following exception:

request = <SubRequest 'django_db_setup' for <Function test_login_success_returns_jwt>>
django_test_environment = None
django_db_blocker = <pytest_django.plugin.DjangoDbBlocker object at 0x000001CEB17F0050>
django_db_use_migrations = True, django_db_keepdb = False
django_db_createdb = False, django_db_modify_db_settings = None

    @pytest.fixture(scope="session")
    def django_db_setup(
        request: pytest.FixtureRequest,
        django_test_environment: None,
        django_db_blocker: DjangoDbBlocker,
        django_db_use_migrations: bool,
        django_db_keepdb: bool,
        django_db_createdb: bool,
        django_db_modify_db_settings: None,
    ) -> Generator[None, None, None]:
        """Top level fixture to ensure test databases are available"""
        from django.test.utils import setup_databases, teardown_databases
    
        setup_databases_args = {}
    
        if not django_db_use_migrations:
            _disable_migrations()
    
        if django_db_keepdb and not django_db_createdb:
            setup_databases_args["keepdb"] = True
    
        with django_db_blocker.unblock():
>           db_cfg = setup_databases(
                verbosity=request.config.option.verbose,
                interactive=False,
                **setup_databases_args,
            )

..\..\..\AppData\Roaming\Python\Python313\site-packages\pytest_django\fixtures.py:140: 
_ _ _ _ _ _ _ _ _ _ _ _ _ _ _ _ _ _ _ _ _ _ _ _ _ _ _ _ _ _ _ _ _ _ _ _ _ _ _ _
..\..\..\AppData\Roaming\Python\Python313\site-packages\django\test\utils.py:204: in setup_databases
    connection.creation.create_test_db(
..\..\..\AppData\Roaming\Python\Python313\site-packages\django\db\backends\base\creation.py:62: in create_test_db
    self._create_test_db(verbosity, autoclobber, keepdb)
..\..\..\AppData\Roaming\Python\Python313\site-packages\django\db\backends\base\creation.py:202: in _create_test_db
    with self._nodb_cursor() as cursor:
C:\Python313\Lib\contextlib.py:141: in __enter__
    return next(self.gen)
..\..\..\AppData\Roaming\Python\Python313\site-packages\django\db\backends\postgresql\base.py:533: in _nodb_cursor
    with conn.cursor() as cursor:
..\..\..\AppData\Roaming\Python\Python313\site-packages\django\utils\asyncio.py:26: in inner
    return func(*args, **kwargs)
..\..\..\AppData\Roaming\Python\Python313\site-packages\django\db\backends\base\base.py:320: in cursor
    return self._cursor()
..\..\..\AppData\Roaming\Python\Python313\site-packages\django\db\backends\base\base.py:296: in _cursor
    self.ensure_connection()
..\..\..\AppData\Roaming\Python\Python313\site-packages\django\utils\asyncio.py:26: in inner
    return func(*args, **kwargs)
..\..\..\AppData\Roaming\Python\Python313\site-packages\django\db\backends\base\base.py:278: in ensure_connection
    with self.wrap_database_errors:
..\..\..\AppData\Roaming\Python\Python313\site-packages\django\db\utils.py:91: in __exit__
    raise dj_exc_value.with_traceback(traceback) from exc_value
..\..\..\AppData\Roaming\Python\Python313\site-packages\django\db\backends\base\base.py:279: in ensure_connection
    self.connect()
..\..\..\AppData\Roaming\Python\Python313\site-packages\django\utils\asyncio.py:26: in inner
    return func(*args, **kwargs)
..\..\..\AppData\Roaming\Python\Python313\site-packages\django\db\backends\base\base.py:256: in connect
    self.connection = self.get_new_connection(conn_params)
..\..\..\AppData\Roaming\Python\Python313\site-packages\django\utils\asyncio.py:26: in inner
    return func(*args, **kwargs)
..\..\..\AppData\Roaming\Python\Python313\site-packages\django\db\backends\postgresql\base.py:332: in get_new_connection
    connection = self.Database.connect(**conn_params)
_ _ _ _ _ _ _ _ _ _ _ _ _ _ _ _ _ _ _ _ _ _ _ _ _ _ _ _ _ _ _ _ _ _ _ _ _ _ _ _

cls = <class 'psycopg.Connection'>
conninfo = 'dbname=ruffles_db client_encoding=UTF8 user=postgres password=postgres host=localhost port=5432 hostaddr=127.0.0.1'
autocommit = False, prepare_threshold = None
context = <psycopg.adapt.AdaptersMap object at 0x000001CEB3E42350>
row_factory = None
cursor_factory = <class 'django.db.backends.postgresql.base.Cursor'>
kwargs = {'client_encoding': 'UTF8', 'dbname': 'ruffles_db', 'host': 'localhost', 'password': 'postgres', ...}
params = {'client_encoding': 'UTF8', 'dbname': 'ruffles_db', 'host': 'localhost', 'password': 'postgres', ...}
timeout = 130

    @classmethod
    def connect(
        cls,
        conninfo: str = "",
        *,
        autocommit: bool = False,
        prepare_threshold: int | None = 5,
        context: AdaptContext | None = None,
        row_factory: RowFactory[Row] | None = None,
        cursor_factory: type[Cursor[Row]] | None = None,
        **kwargs: ConnParam,
    ) -> Self:
        """
        Connect to a database server and return a new `Connection` instance.
        """
    
        params = cls._get_connection_params(conninfo, **kwargs)
        timeout = timeout_from_conninfo(params)
        rv = None
        attempts = conninfo_attempts(params)
        conn_errors: list[tuple[e.Error, str]] = []
        for attempt in attempts:
            tdescr = (attempt.get("host"), attempt.get("port"), attempt.get("hostaddr"))
            descr = "host: %r, port: %r, hostaddr: %r" % tdescr
            logger.debug("connection attempt: %s", descr)
            try:
                conninfo = make_conninfo("", **attempt)
                gen = cls._connect_gen(conninfo, timeout=timeout)
                rv = waiting.wait_conn(gen, interval=_WAIT_INTERVAL)
            except e.Error as ex:
                logger.debug("connection failed: %s: %s", descr, str(ex))
                conn_errors.append((ex, descr))
            except e._NO_TRACEBACK as ex:
                raise ex.with_traceback(None)
            else:
                logger.debug("connection succeeded: %s", descr)
                break
    
        if not rv:
            last_ex = conn_errors[-1][0]
            if len(conn_errors) == 1:
                raise last_ex.with_traceback(None)
    
            # Create a new exception with the same type as the last one, containing
            # all attempt errors while preserving backward compatibility.
            lines = [str(last_ex)]
            lines.append("Multiple connection attempts failed. All failures were:")
            lines.extend((f"- {descr}: {error}" for error, descr in conn_errors))
>           raise type(last_ex)("\n".join(lines)).with_traceback(None)
E           django.db.utils.OperationalError: connection failed: connection to server at "127.0.0.1", port 5432 failed: FATAL:  la autentificaci\ufffdn password fall\ufffd para el usuario \ufffdpostgres\ufffd
E           Multiple connection attempts failed. All failures were:
E           - host: 'localhost', port: '5432', hostaddr: '::1': connection failed: connection to server at "::1", port 5432 failed: FATAL:  la autentificaci\ufffdn password fall\ufffd para el usuario \ufffdpostgres\ufffd
E           - host: 'localhost', port: '5432', hostaddr: '127.0.0.1': connection failed: connection to server at "127.0.0.1", port 5432 failed: FATAL:  la autentificaci\ufffdn password fall\ufffd para el usuario \ufffdpostgres\ufffd

..\..\..\AppData\Roaming\Python\Python313\site-packages\psycopg\connection.py:127: OperationalError
__________ ERROR at setup of TestRaffleAPI.test_raffle_list_timeout ___________

self = <DatabaseWrapper vendor='postgresql' alias='__no_db__'>

    @async_unsafe
    def ensure_connection(self):
        """Guarantee that a connection to the database is established."""
        if self.connection is None:
            if self.in_atomic_block and self.closed_in_transaction:
                raise ProgrammingError(
                    "Cannot open a new connection in an atomic block."
                )
            with self.wrap_database_errors:
>               self.connect()

..\..\..\AppData\Roaming\Python\Python313\site-packages\django\db\backends\base\base.py:279: 
_ _ _ _ _ _ _ _ _ _ _ _ _ _ _ _ _ _ _ _ _ _ _ _ _ _ _ _ _ _ _ _ _ _ _ _ _ _ _ _
..\..\..\AppData\Roaming\Python\Python313\site-packages\django\utils\asyncio.py:26: in inner
    return func(*args, **kwargs)
..\..\..\AppData\Roaming\Python\Python313\site-packages\django\db\backends\base\base.py:256: in connect
    self.connection = self.get_new_connection(conn_params)
..\..\..\AppData\Roaming\Python\Python313\site-packages\django\utils\asyncio.py:26: in inner
    return func(*args, **kwargs)
..\..\..\AppData\Roaming\Python\Python313\site-packages\django\db\backends\postgresql\base.py:332: in get_new_connection
    connection = self.Database.connect(**conn_params)
_ _ _ _ _ _ _ _ _ _ _ _ _ _ _ _ _ _ _ _ _ _ _ _ _ _ _ _ _ _ _ _ _ _ _ _ _ _ _ _

cls = <class 'psycopg.Connection'>
conninfo = 'dbname=postgres client_encoding=UTF8 user=postgres password=postgres host=localhost port=5432 hostaddr=127.0.0.1'
autocommit = False, prepare_threshold = None
context = <psycopg.adapt.AdaptersMap object at 0x000001CEB3E42350>
row_factory = None
cursor_factory = <class 'django.db.backends.postgresql.base.Cursor'>
kwargs = {'client_encoding': 'UTF8', 'dbname': 'postgres', 'host': 'localhost', 'password': 'postgres', ...}
params = {'client_encoding': 'UTF8', 'dbname': 'postgres', 'host': 'localhost', 'password': 'postgres', ...}
timeout = 130

    @classmethod
    def connect(
        cls,
        conninfo: str = "",
        *,
        autocommit: bool = False,
        prepare_threshold: int | None = 5,
        context: AdaptContext | None = None,
        row_factory: RowFactory[Row] | None = None,
        cursor_factory: type[Cursor[Row]] | None = None,
        **kwargs: ConnParam,
    ) -> Self:
        """
        Connect to a database server and return a new `Connection` instance.
        """
    
        params = cls._get_connection_params(conninfo, **kwargs)
        timeout = timeout_from_conninfo(params)
        rv = None
        attempts = conninfo_attempts(params)
        conn_errors: list[tuple[e.Error, str]] = []
        for attempt in attempts:
            tdescr = (attempt.get("host"), attempt.get("port"), attempt.get("hostaddr"))
            descr = "host: %r, port: %r, hostaddr: %r" % tdescr
            logger.debug("connection attempt: %s", descr)
            try:
                conninfo = make_conninfo("", **attempt)
                gen = cls._connect_gen(conninfo, timeout=timeout)
                rv = waiting.wait_conn(gen, interval=_WAIT_INTERVAL)
            except e.Error as ex:
                logger.debug("connection failed: %s: %s", descr, str(ex))
                conn_errors.append((ex, descr))
            except e._NO_TRACEBACK as ex:
                raise ex.with_traceback(None)
            else:
                logger.debug("connection succeeded: %s", descr)
                break
    
        if not rv:
            last_ex = conn_errors[-1][0]
            if len(conn_errors) == 1:
                raise last_ex.with_traceback(None)
    
            # Create a new exception with the same type as the last one, containing
            # all attempt errors while preserving backward compatibility.
            lines = [str(last_ex)]
            lines.append("Multiple connection attempts failed. All failures were:")
            lines.extend((f"- {descr}: {error}" for error, descr in conn_errors))
>           raise type(last_ex)("\n".join(lines)).with_traceback(None)
E           psycopg.OperationalError: connection failed: connection to server at "127.0.0.1", port 5432 failed: FATAL:  la autentificaci\ufffdn password fall\ufffd para el usuario \ufffdpostgres\ufffd
E           Multiple connection attempts failed. All failures were:
E           - host: 'localhost', port: '5432', hostaddr: '::1': connection failed: connection to server at "::1", port 5432 failed: FATAL:  la autentificaci\ufffdn password fall\ufffd para el usuario \ufffdpostgres\ufffd
E           - host: 'localhost', port: '5432', hostaddr: '127.0.0.1': connection failed: connection to server at "127.0.0.1", port 5432 failed: FATAL:  la autentificaci\ufffdn password fall\ufffd para el usuario \ufffdpostgres\ufffd

..\..\..\AppData\Roaming\Python\Python313\site-packages\psycopg\connection.py:127: OperationalError

The above exception was the direct cause of the following exception:

self = <DatabaseWrapper vendor='postgresql' alias='default'>

    @contextmanager
    def _nodb_cursor(self):
        cursor = None
        try:
>           with super()._nodb_cursor() as cursor:

..\..\..\AppData\Roaming\Python\Python313\site-packages\django\db\backends\postgresql\base.py:507: 
_ _ _ _ _ _ _ _ _ _ _ _ _ _ _ _ _ _ _ _ _ _ _ _ _ _ _ _ _ _ _ _ _ _ _ _ _ _ _ _
C:\Python313\Lib\contextlib.py:141: in __enter__
    return next(self.gen)
..\..\..\AppData\Roaming\Python\Python313\site-packages\django\db\backends\base\base.py:712: in _nodb_cursor
    with conn.cursor() as cursor:
..\..\..\AppData\Roaming\Python\Python313\site-packages\django\utils\asyncio.py:26: in inner
    return func(*args, **kwargs)
..\..\..\AppData\Roaming\Python\Python313\site-packages\django\db\backends\base\base.py:320: in cursor
    return self._cursor()
..\..\..\AppData\Roaming\Python\Python313\site-packages\django\db\backends\base\base.py:296: in _cursor
    self.ensure_connection()
..\..\..\AppData\Roaming\Python\Python313\site-packages\django\utils\asyncio.py:26: in inner
    return func(*args, **kwargs)
..\..\..\AppData\Roaming\Python\Python313\site-packages\django\db\backends\base\base.py:278: in ensure_connection
    with self.wrap_database_errors:
..\..\..\AppData\Roaming\Python\Python313\site-packages\django\db\utils.py:91: in __exit__
    raise dj_exc_value.with_traceback(traceback) from exc_value
..\..\..\AppData\Roaming\Python\Python313\site-packages\django\db\backends\base\base.py:279: in ensure_connection
    self.connect()
..\..\..\AppData\Roaming\Python\Python313\site-packages\django\utils\asyncio.py:26: in inner
    return func(*args, **kwargs)
..\..\..\AppData\Roaming\Python\Python313\site-packages\django\db\backends\base\base.py:256: in connect
    self.connection = self.get_new_connection(conn_params)
..\..\..\AppData\Roaming\Python\Python313\site-packages\django\utils\asyncio.py:26: in inner
    return func(*args, **kwargs)
..\..\..\AppData\Roaming\Python\Python313\site-packages\django\db\backends\postgresql\base.py:332: in get_new_connection
    connection = self.Database.connect(**conn_params)
_ _ _ _ _ _ _ _ _ _ _ _ _ _ _ _ _ _ _ _ _ _ _ _ _ _ _ _ _ _ _ _ _ _ _ _ _ _ _ _

cls = <class 'psycopg.Connection'>
conninfo = 'dbname=postgres client_encoding=UTF8 user=postgres password=postgres host=localhost port=5432 hostaddr=127.0.0.1'
autocommit = False, prepare_threshold = None
context = <psycopg.adapt.AdaptersMap object at 0x000001CEB3E42350>
row_factory = None
cursor_factory = <class 'django.db.backends.postgresql.base.Cursor'>
kwargs = {'client_encoding': 'UTF8', 'dbname': 'postgres', 'host': 'localhost', 'password': 'postgres', ...}
params = {'client_encoding': 'UTF8', 'dbname': 'postgres', 'host': 'localhost', 'password': 'postgres', ...}
timeout = 130

    @classmethod
    def connect(
        cls,
        conninfo: str = "",
        *,
        autocommit: bool = False,
        prepare_threshold: int | None = 5,
        context: AdaptContext | None = None,
        row_factory: RowFactory[Row] | None = None,
        cursor_factory: type[Cursor[Row]] | None = None,
        **kwargs: ConnParam,
    ) -> Self:
        """
        Connect to a database server and return a new `Connection` instance.
        """
    
        params = cls._get_connection_params(conninfo, **kwargs)
        timeout = timeout_from_conninfo(params)
        rv = None
        attempts = conninfo_attempts(params)
        conn_errors: list[tuple[e.Error, str]] = []
        for attempt in attempts:
            tdescr = (attempt.get("host"), attempt.get("port"), attempt.get("hostaddr"))
            descr = "host: %r, port: %r, hostaddr: %r" % tdescr
            logger.debug("connection attempt: %s", descr)
            try:
                conninfo = make_conninfo("", **attempt)
                gen = cls._connect_gen(conninfo, timeout=timeout)
                rv = waiting.wait_conn(gen, interval=_WAIT_INTERVAL)
            except e.Error as ex:
                logger.debug("connection failed: %s: %s", descr, str(ex))
                conn_errors.append((ex, descr))
            except e._NO_TRACEBACK as ex:
                raise ex.with_traceback(None)
            else:
                logger.debug("connection succeeded: %s", descr)
                break
    
        if not rv:
            last_ex = conn_errors[-1][0]
            if len(conn_errors) == 1:
                raise last_ex.with_traceback(None)
    
            # Create a new exception with the same type as the last one, containing
            # all attempt errors while preserving backward compatibility.
            lines = [str(last_ex)]
            lines.append("Multiple connection attempts failed. All failures were:")
            lines.extend((f"- {descr}: {error}" for error, descr in conn_errors))
>           raise type(last_ex)("\n".join(lines)).with_traceback(None)
E           django.db.utils.OperationalError: connection failed: connection to server at "127.0.0.1", port 5432 failed: FATAL:  la autentificaci\ufffdn password fall\ufffd para el usuario \ufffdpostgres\ufffd
E           Multiple connection attempts failed. All failures were:
E           - host: 'localhost', port: '5432', hostaddr: '::1': connection failed: connection to server at "::1", port 5432 failed: FATAL:  la autentificaci\ufffdn password fall\ufffd para el usuario \ufffdpostgres\ufffd
E           - host: 'localhost', port: '5432', hostaddr: '127.0.0.1': connection failed: connection to server at "127.0.0.1", port 5432 failed: FATAL:  la autentificaci\ufffdn password fall\ufffd para el usuario \ufffdpostgres\ufffd

..\..\..\AppData\Roaming\Python\Python313\site-packages\psycopg\connection.py:127: OperationalError

During handling of the above exception, another exception occurred:

self = <DatabaseWrapper vendor='postgresql' alias='default'>

    @async_unsafe
    def ensure_connection(self):
        """Guarantee that a connection to the database is established."""
        if self.connection is None:
            if self.in_atomic_block and self.closed_in_transaction:
                raise ProgrammingError(
                    "Cannot open a new connection in an atomic block."
                )
            with self.wrap_database_errors:
>               self.connect()

..\..\..\AppData\Roaming\Python\Python313\site-packages\django\db\backends\base\base.py:279: 
_ _ _ _ _ _ _ _ _ _ _ _ _ _ _ _ _ _ _ _ _ _ _ _ _ _ _ _ _ _ _ _ _ _ _ _ _ _ _ _
..\..\..\AppData\Roaming\Python\Python313\site-packages\django\utils\asyncio.py:26: in inner
    return func(*args, **kwargs)
..\..\..\AppData\Roaming\Python\Python313\site-packages\django\db\backends\base\base.py:256: in connect
    self.connection = self.get_new_connection(conn_params)
..\..\..\AppData\Roaming\Python\Python313\site-packages\django\utils\asyncio.py:26: in inner
    return func(*args, **kwargs)
..\..\..\AppData\Roaming\Python\Python313\site-packages\django\db\backends\postgresql\base.py:332: in get_new_connection
    connection = self.Database.connect(**conn_params)
_ _ _ _ _ _ _ _ _ _ _ _ _ _ _ _ _ _ _ _ _ _ _ _ _ _ _ _ _ _ _ _ _ _ _ _ _ _ _ _

cls = <class 'psycopg.Connection'>
conninfo = 'dbname=ruffles_db client_encoding=UTF8 user=postgres password=postgres host=localhost port=5432 hostaddr=127.0.0.1'
autocommit = False, prepare_threshold = None
context = <psycopg.adapt.AdaptersMap object at 0x000001CEB3E42350>
row_factory = None
cursor_factory = <class 'django.db.backends.postgresql.base.Cursor'>
kwargs = {'client_encoding': 'UTF8', 'dbname': 'ruffles_db', 'host': 'localhost', 'password': 'postgres', ...}
params = {'client_encoding': 'UTF8', 'dbname': 'ruffles_db', 'host': 'localhost', 'password': 'postgres', ...}
timeout = 130

    @classmethod
    def connect(
        cls,
        conninfo: str = "",
        *,
        autocommit: bool = False,
        prepare_threshold: int | None = 5,
        context: AdaptContext | None = None,
        row_factory: RowFactory[Row] | None = None,
        cursor_factory: type[Cursor[Row]] | None = None,
        **kwargs: ConnParam,
    ) -> Self:
        """
        Connect to a database server and return a new `Connection` instance.
        """
    
        params = cls._get_connection_params(conninfo, **kwargs)
        timeout = timeout_from_conninfo(params)
        rv = None
        attempts = conninfo_attempts(params)
        conn_errors: list[tuple[e.Error, str]] = []
        for attempt in attempts:
            tdescr = (attempt.get("host"), attempt.get("port"), attempt.get("hostaddr"))
            descr = "host: %r, port: %r, hostaddr: %r" % tdescr
            logger.debug("connection attempt: %s", descr)
            try:
                conninfo = make_conninfo("", **attempt)
                gen = cls._connect_gen(conninfo, timeout=timeout)
                rv = waiting.wait_conn(gen, interval=_WAIT_INTERVAL)
            except e.Error as ex:
                logger.debug("connection failed: %s: %s", descr, str(ex))
                conn_errors.append((ex, descr))
            except e._NO_TRACEBACK as ex:
                raise ex.with_traceback(None)
            else:
                logger.debug("connection succeeded: %s", descr)
                break
    
        if not rv:
            last_ex = conn_errors[-1][0]
            if len(conn_errors) == 1:
                raise last_ex.with_traceback(None)
    
            # Create a new exception with the same type as the last one, containing
            # all attempt errors while preserving backward compatibility.
            lines = [str(last_ex)]
            lines.append("Multiple connection attempts failed. All failures were:")
            lines.extend((f"- {descr}: {error}" for error, descr in conn_errors))
>           raise type(last_ex)("\n".join(lines)).with_traceback(None)
E           psycopg.OperationalError: connection failed: connection to server at "127.0.0.1", port 5432 failed: FATAL:  la autentificaci\ufffdn password fall\ufffd para el usuario \ufffdpostgres\ufffd
E           Multiple connection attempts failed. All failures were:
E           - host: 'localhost', port: '5432', hostaddr: '::1': connection failed: connection to server at "::1", port 5432 failed: FATAL:  la autentificaci\ufffdn password fall\ufffd para el usuario \ufffdpostgres\ufffd
E           - host: 'localhost', port: '5432', hostaddr: '127.0.0.1': connection failed: connection to server at "127.0.0.1", port 5432 failed: FATAL:  la autentificaci\ufffdn password fall\ufffd para el usuario \ufffdpostgres\ufffd

..\..\..\AppData\Roaming\Python\Python313\site-packages\psycopg\connection.py:127: OperationalError

The above exception was the direct cause of the following exception:

request = <SubRequest '_django_db_marker' for <Function test_raffle_list_timeout>>

    @pytest.fixture(autouse=True)
    def _django_db_marker(request: pytest.FixtureRequest) -> None:
        """Implement the django_db marker, internal to pytest-django."""
        marker = request.node.get_closest_marker("django_db")
        if marker:
>           request.getfixturevalue("_django_db_helper")

..\..\..\AppData\Roaming\Python\Python313\site-packages\pytest_django\plugin.py:527: 
_ _ _ _ _ _ _ _ _ _ _ _ _ _ _ _ _ _ _ _ _ _ _ _ _ _ _ _ _ _ _ _ _ _ _ _ _ _ _ _
..\..\..\AppData\Roaming\Python\Python313\site-packages\pytest_django\fixtures.py:140: in django_db_setup
    db_cfg = setup_databases(
..\..\..\AppData\Roaming\Python\Python313\site-packages\django\test\utils.py:204: in setup_databases
    connection.creation.create_test_db(
..\..\..\AppData\Roaming\Python\Python313\site-packages\django\db\backends\base\creation.py:62: in create_test_db
    self._create_test_db(verbosity, autoclobber, keepdb)
..\..\..\AppData\Roaming\Python\Python313\site-packages\django\db\backends\base\creation.py:202: in _create_test_db
    with self._nodb_cursor() as cursor:
C:\Python313\Lib\contextlib.py:141: in __enter__
    return next(self.gen)
..\..\..\AppData\Roaming\Python\Python313\site-packages\django\db\backends\postgresql\base.py:533: in _nodb_cursor
    with conn.cursor() as cursor:
..\..\..\AppData\Roaming\Python\Python313\site-packages\django\utils\asyncio.py:26: in inner
    return func(*args, **kwargs)
..\..\..\AppData\Roaming\Python\Python313\site-packages\django\db\backends\base\base.py:320: in cursor
    return self._cursor()
..\..\..\AppData\Roaming\Python\Python313\site-packages\django\db\backends\base\base.py:296: in _cursor
    self.ensure_connection()
..\..\..\AppData\Roaming\Python\Python313\site-packages\django\utils\asyncio.py:26: in inner
    return func(*args, **kwargs)
..\..\..\AppData\Roaming\Python\Python313\site-packages\django\db\backends\base\base.py:278: in ensure_connection
    with self.wrap_database_errors:
..\..\..\AppData\Roaming\Python\Python313\site-packages\django\db\utils.py:91: in __exit__
    raise dj_exc_value.with_traceback(traceback) from exc_value
..\..\..\AppData\Roaming\Python\Python313\site-packages\django\db\backends\base\base.py:279: in ensure_connection
    self.connect()
..\..\..\AppData\Roaming\Python\Python313\site-packages\django\utils\asyncio.py:26: in inner
    return func(*args, **kwargs)
..\..\..\AppData\Roaming\Python\Python313\site-packages\django\db\backends\base\base.py:256: in connect
    self.connection = self.get_new_connection(conn_params)
..\..\..\AppData\Roaming\Python\Python313\site-packages\django\utils\asyncio.py:26: in inner
    return func(*args, **kwargs)
..\..\..\AppData\Roaming\Python\Python313\site-packages\django\db\backends\postgresql\base.py:332: in get_new_connection
    connection = self.Database.connect(**conn_params)
_ _ _ _ _ _ _ _ _ _ _ _ _ _ _ _ _ _ _ _ _ _ _ _ _ _ _ _ _ _ _ _ _ _ _ _ _ _ _ _

cls = <class 'psycopg.Connection'>
conninfo = 'dbname=ruffles_db client_encoding=UTF8 user=postgres password=postgres host=localhost port=5432 hostaddr=127.0.0.1'
autocommit = False, prepare_threshold = None
context = <psycopg.adapt.AdaptersMap object at 0x000001CEB3E42350>
row_factory = None
cursor_factory = <class 'django.db.backends.postgresql.base.Cursor'>
kwargs = {'client_encoding': 'UTF8', 'dbname': 'ruffles_db', 'host': 'localhost', 'password': 'postgres', ...}
params = {'client_encoding': 'UTF8', 'dbname': 'ruffles_db', 'host': 'localhost', 'password': 'postgres', ...}
timeout = 130

    @classmethod
    def connect(
        cls,
        conninfo: str = "",
        *,
        autocommit: bool = False,
        prepare_threshold: int | None = 5,
        context: AdaptContext | None = None,
        row_factory: RowFactory[Row] | None = None,
        cursor_factory: type[Cursor[Row]] | None = None,
        **kwargs: ConnParam,
    ) -> Self:
        """
        Connect to a database server and return a new `Connection` instance.
        """
    
        params = cls._get_connection_params(conninfo, **kwargs)
        timeout = timeout_from_conninfo(params)
        rv = None
        attempts = conninfo_attempts(params)
        conn_errors: list[tuple[e.Error, str]] = []
        for attempt in attempts:
            tdescr = (attempt.get("host"), attempt.get("port"), attempt.get("hostaddr"))
            descr = "host: %r, port: %r, hostaddr: %r" % tdescr
            logger.debug("connection attempt: %s", descr)
            try:
                conninfo = make_conninfo("", **attempt)
                gen = cls._connect_gen(conninfo, timeout=timeout)
                rv = waiting.wait_conn(gen, interval=_WAIT_INTERVAL)
            except e.Error as ex:
                logger.debug("connection failed: %s: %s", descr, str(ex))
                conn_errors.append((ex, descr))
            except e._NO_TRACEBACK as ex:
                raise ex.with_traceback(None)
            else:
                logger.debug("connection succeeded: %s", descr)
                break
    
        if not rv:
            last_ex = conn_errors[-1][0]
            if len(conn_errors) == 1:
                raise last_ex.with_traceback(None)
    
            # Create a new exception with the same type as the last one, containing
            # all attempt errors while preserving backward compatibility.
            lines = [str(last_ex)]
            lines.append("Multiple connection attempts failed. All failures were:")
            lines.extend((f"- {descr}: {error}" for error, descr in conn_errors))
>           raise type(last_ex)("\n".join(lines)).with_traceback(None)
E           django.db.utils.OperationalError: connection failed: connection to server at "127.0.0.1", port 5432 failed: FATAL:  la autentificaci\ufffdn password fall\ufffd para el usuario \ufffdpostgres\ufffd
E           Multiple connection attempts failed. All failures were:
E           - host: 'localhost', port: '5432', hostaddr: '::1': connection failed: connection to server at "::1", port 5432 failed: FATAL:  la autentificaci\ufffdn password fall\ufffd para el usuario \ufffdpostgres\ufffd
E           - host: 'localhost', port: '5432', hostaddr: '127.0.0.1': connection failed: connection to server at "127.0.0.1", port 5432 failed: FATAL:  la autentificaci\ufffdn password fall\ufffd para el usuario \ufffdpostgres\ufffd

..\..\..\AppData\Roaming\Python\Python313\site-packages\psycopg\connection.py:127: OperationalError
_____________ ERROR at setup of TestRaffleAPI.test_no_xss_in_name _____________

self = <DatabaseWrapper vendor='postgresql' alias='__no_db__'>

    @async_unsafe
    def ensure_connection(self):
        """Guarantee that a connection to the database is established."""
        if self.connection is None:
            if self.in_atomic_block and self.closed_in_transaction:
                raise ProgrammingError(
                    "Cannot open a new connection in an atomic block."
                )
            with self.wrap_database_errors:
>               self.connect()

..\..\..\AppData\Roaming\Python\Python313\site-packages\django\db\backends\base\base.py:279: 
_ _ _ _ _ _ _ _ _ _ _ _ _ _ _ _ _ _ _ _ _ _ _ _ _ _ _ _ _ _ _ _ _ _ _ _ _ _ _ _
..\..\..\AppData\Roaming\Python\Python313\site-packages\django\utils\asyncio.py:26: in inner
    return func(*args, **kwargs)
..\..\..\AppData\Roaming\Python\Python313\site-packages\django\db\backends\base\base.py:256: in connect
    self.connection = self.get_new_connection(conn_params)
..\..\..\AppData\Roaming\Python\Python313\site-packages\django\utils\asyncio.py:26: in inner
    return func(*args, **kwargs)
..\..\..\AppData\Roaming\Python\Python313\site-packages\django\db\backends\postgresql\base.py:332: in get_new_connection
    connection = self.Database.connect(**conn_params)
_ _ _ _ _ _ _ _ _ _ _ _ _ _ _ _ _ _ _ _ _ _ _ _ _ _ _ _ _ _ _ _ _ _ _ _ _ _ _ _

cls = <class 'psycopg.Connection'>
conninfo = 'dbname=postgres client_encoding=UTF8 user=postgres password=postgres host=localhost port=5432 hostaddr=127.0.0.1'
autocommit = False, prepare_threshold = None
context = <psycopg.adapt.AdaptersMap object at 0x000001CEB3E42350>
row_factory = None
cursor_factory = <class 'django.db.backends.postgresql.base.Cursor'>
kwargs = {'client_encoding': 'UTF8', 'dbname': 'postgres', 'host': 'localhost', 'password': 'postgres', ...}
params = {'client_encoding': 'UTF8', 'dbname': 'postgres', 'host': 'localhost', 'password': 'postgres', ...}
timeout = 130

    @classmethod
    def connect(
        cls,
        conninfo: str = "",
        *,
        autocommit: bool = False,
        prepare_threshold: int | None = 5,
        context: AdaptContext | None = None,
        row_factory: RowFactory[Row] | None = None,
        cursor_factory: type[Cursor[Row]] | None = None,
        **kwargs: ConnParam,
    ) -> Self:
        """
        Connect to a database server and return a new `Connection` instance.
        """
    
        params = cls._get_connection_params(conninfo, **kwargs)
        timeout = timeout_from_conninfo(params)
        rv = None
        attempts = conninfo_attempts(params)
        conn_errors: list[tuple[e.Error, str]] = []
        for attempt in attempts:
            tdescr = (attempt.get("host"), attempt.get("port"), attempt.get("hostaddr"))
            descr = "host: %r, port: %r, hostaddr: %r" % tdescr
            logger.debug("connection attempt: %s", descr)
            try:
                conninfo = make_conninfo("", **attempt)
                gen = cls._connect_gen(conninfo, timeout=timeout)
                rv = waiting.wait_conn(gen, interval=_WAIT_INTERVAL)
            except e.Error as ex:
                logger.debug("connection failed: %s: %s", descr, str(ex))
                conn_errors.append((ex, descr))
            except e._NO_TRACEBACK as ex:
                raise ex.with_traceback(None)
            else:
                logger.debug("connection succeeded: %s", descr)
                break
    
        if not rv:
            last_ex = conn_errors[-1][0]
            if len(conn_errors) == 1:
                raise last_ex.with_traceback(None)
    
            # Create a new exception with the same type as the last one, containing
            # all attempt errors while preserving backward compatibility.
            lines = [str(last_ex)]
            lines.append("Multiple connection attempts failed. All failures were:")
            lines.extend((f"- {descr}: {error}" for error, descr in conn_errors))
>           raise type(last_ex)("\n".join(lines)).with_traceback(None)
E           psycopg.OperationalError: connection failed: connection to server at "127.0.0.1", port 5432 failed: FATAL:  la autentificaci\ufffdn password fall\ufffd para el usuario \ufffdpostgres\ufffd
E           Multiple connection attempts failed. All failures were:
E           - host: 'localhost', port: '5432', hostaddr: '::1': connection failed: connection to server at "::1", port 5432 failed: FATAL:  la autentificaci\ufffdn password fall\ufffd para el usuario \ufffdpostgres\ufffd
E           - host: 'localhost', port: '5432', hostaddr: '127.0.0.1': connection failed: connection to server at "127.0.0.1", port 5432 failed: FATAL:  la autentificaci\ufffdn password fall\ufffd para el usuario \ufffdpostgres\ufffd

..\..\..\AppData\Roaming\Python\Python313\site-packages\psycopg\connection.py:127: OperationalError

The above exception was the direct cause of the following exception:

self = <DatabaseWrapper vendor='postgresql' alias='default'>

    @contextmanager
    def _nodb_cursor(self):
        cursor = None
        try:
>           with super()._nodb_cursor() as cursor:

..\..\..\AppData\Roaming\Python\Python313\site-packages\django\db\backends\postgresql\base.py:507: 
_ _ _ _ _ _ _ _ _ _ _ _ _ _ _ _ _ _ _ _ _ _ _ _ _ _ _ _ _ _ _ _ _ _ _ _ _ _ _ _
C:\Python313\Lib\contextlib.py:141: in __enter__
    return next(self.gen)
..\..\..\AppData\Roaming\Python\Python313\site-packages\django\db\backends\base\base.py:712: in _nodb_cursor
    with conn.cursor() as cursor:
..\..\..\AppData\Roaming\Python\Python313\site-packages\django\utils\asyncio.py:26: in inner
    return func(*args, **kwargs)
..\..\..\AppData\Roaming\Python\Python313\site-packages\django\db\backends\base\base.py:320: in cursor
    return self._cursor()
..\..\..\AppData\Roaming\Python\Python313\site-packages\django\db\backends\base\base.py:296: in _cursor
    self.ensure_connection()
..\..\..\AppData\Roaming\Python\Python313\site-packages\django\utils\asyncio.py:26: in inner
    return func(*args, **kwargs)
..\..\..\AppData\Roaming\Python\Python313\site-packages\django\db\backends\base\base.py:278: in ensure_connection
    with self.wrap_database_errors:
..\..\..\AppData\Roaming\Python\Python313\site-packages\django\db\utils.py:91: in __exit__
    raise dj_exc_value.with_traceback(traceback) from exc_value
..\..\..\AppData\Roaming\Python\Python313\site-packages\django\db\backends\base\base.py:279: in ensure_connection
    self.connect()
..\..\..\AppData\Roaming\Python\Python313\site-packages\django\utils\asyncio.py:26: in inner
    return func(*args, **kwargs)
..\..\..\AppData\Roaming\Python\Python313\site-packages\django\db\backends\base\base.py:256: in connect
    self.connection = self.get_new_connection(conn_params)
..\..\..\AppData\Roaming\Python\Python313\site-packages\django\utils\asyncio.py:26: in inner
    return func(*args, **kwargs)
..\..\..\AppData\Roaming\Python\Python313\site-packages\django\db\backends\postgresql\base.py:332: in get_new_connection
    connection = self.Database.connect(**conn_params)
_ _ _ _ _ _ _ _ _ _ _ _ _ _ _ _ _ _ _ _ _ _ _ _ _ _ _ _ _ _ _ _ _ _ _ _ _ _ _ _

cls = <class 'psycopg.Connection'>
conninfo = 'dbname=postgres client_encoding=UTF8 user=postgres password=postgres host=localhost port=5432 hostaddr=127.0.0.1'
autocommit = False, prepare_threshold = None
context = <psycopg.adapt.AdaptersMap object at 0x000001CEB3E42350>
row_factory = None
cursor_factory = <class 'django.db.backends.postgresql.base.Cursor'>
kwargs = {'client_encoding': 'UTF8', 'dbname': 'postgres', 'host': 'localhost', 'password': 'postgres', ...}
params = {'client_encoding': 'UTF8', 'dbname': 'postgres', 'host': 'localhost', 'password': 'postgres', ...}
timeout = 130

    @classmethod
    def connect(
        cls,
        conninfo: str = "",
        *,
        autocommit: bool = False,
        prepare_threshold: int | None = 5,
        context: AdaptContext | None = None,
        row_factory: RowFactory[Row] | None = None,
        cursor_factory: type[Cursor[Row]] | None = None,
        **kwargs: ConnParam,
    ) -> Self:
        """
        Connect to a database server and return a new `Connection` instance.
        """
    
        params = cls._get_connection_params(conninfo, **kwargs)
        timeout = timeout_from_conninfo(params)
        rv = None
        attempts = conninfo_attempts(params)
        conn_errors: list[tuple[e.Error, str]] = []
        for attempt in attempts:
            tdescr = (attempt.get("host"), attempt.get("port"), attempt.get("hostaddr"))
            descr = "host: %r, port: %r, hostaddr: %r" % tdescr
            logger.debug("connection attempt: %s", descr)
            try:
                conninfo = make_conninfo("", **attempt)
                gen = cls._connect_gen(conninfo, timeout=timeout)
                rv = waiting.wait_conn(gen, interval=_WAIT_INTERVAL)
            except e.Error as ex:
                logger.debug("connection failed: %s: %s", descr, str(ex))
                conn_errors.append((ex, descr))
            except e._NO_TRACEBACK as ex:
                raise ex.with_traceback(None)
            else:
                logger.debug("connection succeeded: %s", descr)
                break
    
        if not rv:
            last_ex = conn_errors[-1][0]
            if len(conn_errors) == 1:
                raise last_ex.with_traceback(None)
    
            # Create a new exception with the same type as the last one, containing
            # all attempt errors while preserving backward compatibility.
            lines = [str(last_ex)]
            lines.append("Multiple connection attempts failed. All failures were:")
            lines.extend((f"- {descr}: {error}" for error, descr in conn_errors))
>           raise type(last_ex)("\n".join(lines)).with_traceback(None)
E           django.db.utils.OperationalError: connection failed: connection to server at "127.0.0.1", port 5432 failed: FATAL:  la autentificaci\ufffdn password fall\ufffd para el usuario \ufffdpostgres\ufffd
E           Multiple connection attempts failed. All failures were:
E           - host: 'localhost', port: '5432', hostaddr: '::1': connection failed: connection to server at "::1", port 5432 failed: FATAL:  la autentificaci\ufffdn password fall\ufffd para el usuario \ufffdpostgres\ufffd
E           - host: 'localhost', port: '5432', hostaddr: '127.0.0.1': connection failed: connection to server at "127.0.0.1", port 5432 failed: FATAL:  la autentificaci\ufffdn password fall\ufffd para el usuario \ufffdpostgres\ufffd

..\..\..\AppData\Roaming\Python\Python313\site-packages\psycopg\connection.py:127: OperationalError

During handling of the above exception, another exception occurred:

self = <DatabaseWrapper vendor='postgresql' alias='default'>

    @async_unsafe
    def ensure_connection(self):
        """Guarantee that a connection to the database is established."""
        if self.connection is None:
            if self.in_atomic_block and self.closed_in_transaction:
                raise ProgrammingError(
                    "Cannot open a new connection in an atomic block."
                )
            with self.wrap_database_errors:
>               self.connect()

..\..\..\AppData\Roaming\Python\Python313\site-packages\django\db\backends\base\base.py:279: 
_ _ _ _ _ _ _ _ _ _ _ _ _ _ _ _ _ _ _ _ _ _ _ _ _ _ _ _ _ _ _ _ _ _ _ _ _ _ _ _
..\..\..\AppData\Roaming\Python\Python313\site-packages\django\utils\asyncio.py:26: in inner
    return func(*args, **kwargs)
..\..\..\AppData\Roaming\Python\Python313\site-packages\django\db\backends\base\base.py:256: in connect
    self.connection = self.get_new_connection(conn_params)
..\..\..\AppData\Roaming\Python\Python313\site-packages\django\utils\asyncio.py:26: in inner
    return func(*args, **kwargs)
..\..\..\AppData\Roaming\Python\Python313\site-packages\django\db\backends\postgresql\base.py:332: in get_new_connection
    connection = self.Database.connect(**conn_params)
_ _ _ _ _ _ _ _ _ _ _ _ _ _ _ _ _ _ _ _ _ _ _ _ _ _ _ _ _ _ _ _ _ _ _ _ _ _ _ _

cls = <class 'psycopg.Connection'>
conninfo = 'dbname=ruffles_db client_encoding=UTF8 user=postgres password=postgres host=localhost port=5432 hostaddr=127.0.0.1'
autocommit = False, prepare_threshold = None
context = <psycopg.adapt.AdaptersMap object at 0x000001CEB3E42350>
row_factory = None
cursor_factory = <class 'django.db.backends.postgresql.base.Cursor'>
kwargs = {'client_encoding': 'UTF8', 'dbname': 'ruffles_db', 'host': 'localhost', 'password': 'postgres', ...}
params = {'client_encoding': 'UTF8', 'dbname': 'ruffles_db', 'host': 'localhost', 'password': 'postgres', ...}
timeout = 130

    @classmethod
    def connect(
        cls,
        conninfo: str = "",
        *,
        autocommit: bool = False,
        prepare_threshold: int | None = 5,
        context: AdaptContext | None = None,
        row_factory: RowFactory[Row] | None = None,
        cursor_factory: type[Cursor[Row]] | None = None,
        **kwargs: ConnParam,
    ) -> Self:
        """
        Connect to a database server and return a new `Connection` instance.
        """
    
        params = cls._get_connection_params(conninfo, **kwargs)
        timeout = timeout_from_conninfo(params)
        rv = None
        attempts = conninfo_attempts(params)
        conn_errors: list[tuple[e.Error, str]] = []
        for attempt in attempts:
            tdescr = (attempt.get("host"), attempt.get("port"), attempt.get("hostaddr"))
            descr = "host: %r, port: %r, hostaddr: %r" % tdescr
            logger.debug("connection attempt: %s", descr)
            try:
                conninfo = make_conninfo("", **attempt)
                gen = cls._connect_gen(conninfo, timeout=timeout)
                rv = waiting.wait_conn(gen, interval=_WAIT_INTERVAL)
            except e.Error as ex:
                logger.debug("connection failed: %s: %s", descr, str(ex))
                conn_errors.append((ex, descr))
            except e._NO_TRACEBACK as ex:
                raise ex.with_traceback(None)
            else:
                logger.debug("connection succeeded: %s", descr)
                break
    
        if not rv:
            last_ex = conn_errors[-1][0]
            if len(conn_errors) == 1:
                raise last_ex.with_traceback(None)
    
            # Create a new exception with the same type as the last one, containing
            # all attempt errors while preserving backward compatibility.
            lines = [str(last_ex)]
            lines.append("Multiple connection attempts failed. All failures were:")
            lines.extend((f"- {descr}: {error}" for error, descr in conn_errors))
>           raise type(last_ex)("\n".join(lines)).with_traceback(None)
E           psycopg.OperationalError: connection failed: connection to server at "127.0.0.1", port 5432 failed: FATAL:  la autentificaci\ufffdn password fall\ufffd para el usuario \ufffdpostgres\ufffd
E           Multiple connection attempts failed. All failures were:
E           - host: 'localhost', port: '5432', hostaddr: '::1': connection failed: connection to server at "::1", port 5432 failed: FATAL:  la autentificaci\ufffdn password fall\ufffd para el usuario \ufffdpostgres\ufffd
E           - host: 'localhost', port: '5432', hostaddr: '127.0.0.1': connection failed: connection to server at "127.0.0.1", port 5432 failed: FATAL:  la autentificaci\ufffdn password fall\ufffd para el usuario \ufffdpostgres\ufffd

..\..\..\AppData\Roaming\Python\Python313\site-packages\psycopg\connection.py:127: OperationalError

The above exception was the direct cause of the following exception:

request = <SubRequest 'django_db_setup' for <Function test_login_success_returns_jwt>>
django_test_environment = None
django_db_blocker = <pytest_django.plugin.DjangoDbBlocker object at 0x000001CEB17F0050>
django_db_use_migrations = True, django_db_keepdb = False
django_db_createdb = False, django_db_modify_db_settings = None

    @pytest.fixture(scope="session")
    def django_db_setup(
        request: pytest.FixtureRequest,
        django_test_environment: None,
        django_db_blocker: DjangoDbBlocker,
        django_db_use_migrations: bool,
        django_db_keepdb: bool,
        django_db_createdb: bool,
        django_db_modify_db_settings: None,
    ) -> Generator[None, None, None]:
        """Top level fixture to ensure test databases are available"""
        from django.test.utils import setup_databases, teardown_databases
    
        setup_databases_args = {}
    
        if not django_db_use_migrations:
            _disable_migrations()
    
        if django_db_keepdb and not django_db_createdb:
            setup_databases_args["keepdb"] = True
    
        with django_db_blocker.unblock():
>           db_cfg = setup_databases(
                verbosity=request.config.option.verbose,
                interactive=False,
                **setup_databases_args,
            )

..\..\..\AppData\Roaming\Python\Python313\site-packages\pytest_django\fixtures.py:140: 
_ _ _ _ _ _ _ _ _ _ _ _ _ _ _ _ _ _ _ _ _ _ _ _ _ _ _ _ _ _ _ _ _ _ _ _ _ _ _ _
..\..\..\AppData\Roaming\Python\Python313\site-packages\django\test\utils.py:204: in setup_databases
    connection.creation.create_test_db(
..\..\..\AppData\Roaming\Python\Python313\site-packages\django\db\backends\base\creation.py:62: in create_test_db
    self._create_test_db(verbosity, autoclobber, keepdb)
..\..\..\AppData\Roaming\Python\Python313\site-packages\django\db\backends\base\creation.py:202: in _create_test_db
    with self._nodb_cursor() as cursor:
C:\Python313\Lib\contextlib.py:141: in __enter__
    return next(self.gen)
..\..\..\AppData\Roaming\Python\Python313\site-packages\django\db\backends\postgresql\base.py:533: in _nodb_cursor
    with conn.cursor() as cursor:
..\..\..\AppData\Roaming\Python\Python313\site-packages\django\utils\asyncio.py:26: in inner
    return func(*args, **kwargs)
..\..\..\AppData\Roaming\Python\Python313\site-packages\django\db\backends\base\base.py:320: in cursor
    return self._cursor()
..\..\..\AppData\Roaming\Python\Python313\site-packages\django\db\backends\base\base.py:296: in _cursor
    self.ensure_connection()
..\..\..\AppData\Roaming\Python\Python313\site-packages\django\utils\asyncio.py:26: in inner
    return func(*args, **kwargs)
..\..\..\AppData\Roaming\Python\Python313\site-packages\django\db\backends\base\base.py:278: in ensure_connection
    with self.wrap_database_errors:
..\..\..\AppData\Roaming\Python\Python313\site-packages\django\db\utils.py:91: in __exit__
    raise dj_exc_value.with_traceback(traceback) from exc_value
..\..\..\AppData\Roaming\Python\Python313\site-packages\django\db\backends\base\base.py:279: in ensure_connection
    self.connect()
..\..\..\AppData\Roaming\Python\Python313\site-packages\django\utils\asyncio.py:26: in inner
    return func(*args, **kwargs)
..\..\..\AppData\Roaming\Python\Python313\site-packages\django\db\backends\base\base.py:256: in connect
    self.connection = self.get_new_connection(conn_params)
..\..\..\AppData\Roaming\Python\Python313\site-packages\django\utils\asyncio.py:26: in inner
    return func(*args, **kwargs)
..\..\..\AppData\Roaming\Python\Python313\site-packages\django\db\backends\postgresql\base.py:332: in get_new_connection
    connection = self.Database.connect(**conn_params)
_ _ _ _ _ _ _ _ _ _ _ _ _ _ _ _ _ _ _ _ _ _ _ _ _ _ _ _ _ _ _ _ _ _ _ _ _ _ _ _

cls = <class 'psycopg.Connection'>
conninfo = 'dbname=ruffles_db client_encoding=UTF8 user=postgres password=postgres host=localhost port=5432 hostaddr=127.0.0.1'
autocommit = False, prepare_threshold = None
context = <psycopg.adapt.AdaptersMap object at 0x000001CEB3E42350>
row_factory = None
cursor_factory = <class 'django.db.backends.postgresql.base.Cursor'>
kwargs = {'client_encoding': 'UTF8', 'dbname': 'ruffles_db', 'host': 'localhost', 'password': 'postgres', ...}
params = {'client_encoding': 'UTF8', 'dbname': 'ruffles_db', 'host': 'localhost', 'password': 'postgres', ...}
timeout = 130

    @classmethod
    def connect(
        cls,
        conninfo: str = "",
        *,
        autocommit: bool = False,
        prepare_threshold: int | None = 5,
        context: AdaptContext | None = None,
        row_factory: RowFactory[Row] | None = None,
        cursor_factory: type[Cursor[Row]] | None = None,
        **kwargs: ConnParam,
    ) -> Self:
        """
        Connect to a database server and return a new `Connection` instance.
        """
    
        params = cls._get_connection_params(conninfo, **kwargs)
        timeout = timeout_from_conninfo(params)
        rv = None
        attempts = conninfo_attempts(params)
        conn_errors: list[tuple[e.Error, str]] = []
        for attempt in attempts:
            tdescr = (attempt.get("host"), attempt.get("port"), attempt.get("hostaddr"))
            descr = "host: %r, port: %r, hostaddr: %r" % tdescr
            logger.debug("connection attempt: %s", descr)
            try:
                conninfo = make_conninfo("", **attempt)
                gen = cls._connect_gen(conninfo, timeout=timeout)
                rv = waiting.wait_conn(gen, interval=_WAIT_INTERVAL)
            except e.Error as ex:
                logger.debug("connection failed: %s: %s", descr, str(ex))
                conn_errors.append((ex, descr))
            except e._NO_TRACEBACK as ex:
                raise ex.with_traceback(None)
            else:
                logger.debug("connection succeeded: %s", descr)
                break
    
        if not rv:
            last_ex = conn_errors[-1][0]
            if len(conn_errors) == 1:
                raise last_ex.with_traceback(None)
    
            # Create a new exception with the same type as the last one, containing
            # all attempt errors while preserving backward compatibility.
            lines = [str(last_ex)]
            lines.append("Multiple connection attempts failed. All failures were:")
            lines.extend((f"- {descr}: {error}" for error, descr in conn_errors))
>           raise type(last_ex)("\n".join(lines)).with_traceback(None)
E           django.db.utils.OperationalError: connection failed: connection to server at "127.0.0.1", port 5432 failed: FATAL:  la autentificaci\ufffdn password fall\ufffd para el usuario \ufffdpostgres\ufffd
E           Multiple connection attempts failed. All failures were:
E           - host: 'localhost', port: '5432', hostaddr: '::1': connection failed: connection to server at "::1", port 5432 failed: FATAL:  la autentificaci\ufffdn password fall\ufffd para el usuario \ufffdpostgres\ufffd
E           - host: 'localhost', port: '5432', hostaddr: '127.0.0.1': connection failed: connection to server at "127.0.0.1", port 5432 failed: FATAL:  la autentificaci\ufffdn password fall\ufffd para el usuario \ufffdpostgres\ufffd

..\..\..\AppData\Roaming\Python\Python313\site-packages\psycopg\connection.py:127: OperationalError
__________ ERROR at setup of TestRaffleAPI.test_invalid_price_values __________

self = <DatabaseWrapper vendor='postgresql' alias='__no_db__'>

    @async_unsafe
    def ensure_connection(self):
        """Guarantee that a connection to the database is established."""
        if self.connection is None:
            if self.in_atomic_block and self.closed_in_transaction:
                raise ProgrammingError(
                    "Cannot open a new connection in an atomic block."
                )
            with self.wrap_database_errors:
>               self.connect()

..\..\..\AppData\Roaming\Python\Python313\site-packages\django\db\backends\base\base.py:279: 
_ _ _ _ _ _ _ _ _ _ _ _ _ _ _ _ _ _ _ _ _ _ _ _ _ _ _ _ _ _ _ _ _ _ _ _ _ _ _ _
..\..\..\AppData\Roaming\Python\Python313\site-packages\django\utils\asyncio.py:26: in inner
    return func(*args, **kwargs)
..\..\..\AppData\Roaming\Python\Python313\site-packages\django\db\backends\base\base.py:256: in connect
    self.connection = self.get_new_connection(conn_params)
..\..\..\AppData\Roaming\Python\Python313\site-packages\django\utils\asyncio.py:26: in inner
    return func(*args, **kwargs)
..\..\..\AppData\Roaming\Python\Python313\site-packages\django\db\backends\postgresql\base.py:332: in get_new_connection
    connection = self.Database.connect(**conn_params)
_ _ _ _ _ _ _ _ _ _ _ _ _ _ _ _ _ _ _ _ _ _ _ _ _ _ _ _ _ _ _ _ _ _ _ _ _ _ _ _

cls = <class 'psycopg.Connection'>
conninfo = 'dbname=postgres client_encoding=UTF8 user=postgres password=postgres host=localhost port=5432 hostaddr=127.0.0.1'
autocommit = False, prepare_threshold = None
context = <psycopg.adapt.AdaptersMap object at 0x000001CEB3E42350>
row_factory = None
cursor_factory = <class 'django.db.backends.postgresql.base.Cursor'>
kwargs = {'client_encoding': 'UTF8', 'dbname': 'postgres', 'host': 'localhost', 'password': 'postgres', ...}
params = {'client_encoding': 'UTF8', 'dbname': 'postgres', 'host': 'localhost', 'password': 'postgres', ...}
timeout = 130

    @classmethod
    def connect(
        cls,
        conninfo: str = "",
        *,
        autocommit: bool = False,
        prepare_threshold: int | None = 5,
        context: AdaptContext | None = None,
        row_factory: RowFactory[Row] | None = None,
        cursor_factory: type[Cursor[Row]] | None = None,
        **kwargs: ConnParam,
    ) -> Self:
        """
        Connect to a database server and return a new `Connection` instance.
        """
    
        params = cls._get_connection_params(conninfo, **kwargs)
        timeout = timeout_from_conninfo(params)
        rv = None
        attempts = conninfo_attempts(params)
        conn_errors: list[tuple[e.Error, str]] = []
        for attempt in attempts:
            tdescr = (attempt.get("host"), attempt.get("port"), attempt.get("hostaddr"))
            descr = "host: %r, port: %r, hostaddr: %r" % tdescr
            logger.debug("connection attempt: %s", descr)
            try:
                conninfo = make_conninfo("", **attempt)
                gen = cls._connect_gen(conninfo, timeout=timeout)
                rv = waiting.wait_conn(gen, interval=_WAIT_INTERVAL)
            except e.Error as ex:
                logger.debug("connection failed: %s: %s", descr, str(ex))
                conn_errors.append((ex, descr))
            except e._NO_TRACEBACK as ex:
                raise ex.with_traceback(None)
            else:
                logger.debug("connection succeeded: %s", descr)
                break
    
        if not rv:
            last_ex = conn_errors[-1][0]
            if len(conn_errors) == 1:
                raise last_ex.with_traceback(None)
    
            # Create a new exception with the same type as the last one, containing
            # all attempt errors while preserving backward compatibility.
            lines = [str(last_ex)]
            lines.append("Multiple connection attempts failed. All failures were:")
            lines.extend((f"- {descr}: {error}" for error, descr in conn_errors))
>           raise type(last_ex)("\n".join(lines)).with_traceback(None)
E           psycopg.OperationalError: connection failed: connection to server at "127.0.0.1", port 5432 failed: FATAL:  la autentificaci\ufffdn password fall\ufffd para el usuario \ufffdpostgres\ufffd
E           Multiple connection attempts failed. All failures were:
E           - host: 'localhost', port: '5432', hostaddr: '::1': connection failed: connection to server at "::1", port 5432 failed: FATAL:  la autentificaci\ufffdn password fall\ufffd para el usuario \ufffdpostgres\ufffd
E           - host: 'localhost', port: '5432', hostaddr: '127.0.0.1': connection failed: connection to server at "127.0.0.1", port 5432 failed: FATAL:  la autentificaci\ufffdn password fall\ufffd para el usuario \ufffdpostgres\ufffd

..\..\..\AppData\Roaming\Python\Python313\site-packages\psycopg\connection.py:127: OperationalError

The above exception was the direct cause of the following exception:

self = <DatabaseWrapper vendor='postgresql' alias='default'>

    @contextmanager
    def _nodb_cursor(self):
        cursor = None
        try:
>           with super()._nodb_cursor() as cursor:

..\..\..\AppData\Roaming\Python\Python313\site-packages\django\db\backends\postgresql\base.py:507: 
_ _ _ _ _ _ _ _ _ _ _ _ _ _ _ _ _ _ _ _ _ _ _ _ _ _ _ _ _ _ _ _ _ _ _ _ _ _ _ _
C:\Python313\Lib\contextlib.py:141: in __enter__
    return next(self.gen)
..\..\..\AppData\Roaming\Python\Python313\site-packages\django\db\backends\base\base.py:712: in _nodb_cursor
    with conn.cursor() as cursor:
..\..\..\AppData\Roaming\Python\Python313\site-packages\django\utils\asyncio.py:26: in inner
    return func(*args, **kwargs)
..\..\..\AppData\Roaming\Python\Python313\site-packages\django\db\backends\base\base.py:320: in cursor
    return self._cursor()
..\..\..\AppData\Roaming\Python\Python313\site-packages\django\db\backends\base\base.py:296: in _cursor
    self.ensure_connection()
..\..\..\AppData\Roaming\Python\Python313\site-packages\django\utils\asyncio.py:26: in inner
    return func(*args, **kwargs)
..\..\..\AppData\Roaming\Python\Python313\site-packages\django\db\backends\base\base.py:278: in ensure_connection
    with self.wrap_database_errors:
..\..\..\AppData\Roaming\Python\Python313\site-packages\django\db\utils.py:91: in __exit__
    raise dj_exc_value.with_traceback(traceback) from exc_value
..\..\..\AppData\Roaming\Python\Python313\site-packages\django\db\backends\base\base.py:279: in ensure_connection
    self.connect()
..\..\..\AppData\Roaming\Python\Python313\site-packages\django\utils\asyncio.py:26: in inner
    return func(*args, **kwargs)
..\..\..\AppData\Roaming\Python\Python313\site-packages\django\db\backends\base\base.py:256: in connect
    self.connection = self.get_new_connection(conn_params)
..\..\..\AppData\Roaming\Python\Python313\site-packages\django\utils\asyncio.py:26: in inner
    return func(*args, **kwargs)
..\..\..\AppData\Roaming\Python\Python313\site-packages\django\db\backends\postgresql\base.py:332: in get_new_connection
    connection = self.Database.connect(**conn_params)
_ _ _ _ _ _ _ _ _ _ _ _ _ _ _ _ _ _ _ _ _ _ _ _ _ _ _ _ _ _ _ _ _ _ _ _ _ _ _ _

cls = <class 'psycopg.Connection'>
conninfo = 'dbname=postgres client_encoding=UTF8 user=postgres password=postgres host=localhost port=5432 hostaddr=127.0.0.1'
autocommit = False, prepare_threshold = None
context = <psycopg.adapt.AdaptersMap object at 0x000001CEB3E42350>
row_factory = None
cursor_factory = <class 'django.db.backends.postgresql.base.Cursor'>
kwargs = {'client_encoding': 'UTF8', 'dbname': 'postgres', 'host': 'localhost', 'password': 'postgres', ...}
params = {'client_encoding': 'UTF8', 'dbname': 'postgres', 'host': 'localhost', 'password': 'postgres', ...}
timeout = 130

    @classmethod
    def connect(
        cls,
        conninfo: str = "",
        *,
        autocommit: bool = False,
        prepare_threshold: int | None = 5,
        context: AdaptContext | None = None,
        row_factory: RowFactory[Row] | None = None,
        cursor_factory: type[Cursor[Row]] | None = None,
        **kwargs: ConnParam,
    ) -> Self:
        """
        Connect to a database server and return a new `Connection` instance.
        """
    
        params = cls._get_connection_params(conninfo, **kwargs)
        timeout = timeout_from_conninfo(params)
        rv = None
        attempts = conninfo_attempts(params)
        conn_errors: list[tuple[e.Error, str]] = []
        for attempt in attempts:
            tdescr = (attempt.get("host"), attempt.get("port"), attempt.get("hostaddr"))
            descr = "host: %r, port: %r, hostaddr: %r" % tdescr
            logger.debug("connection attempt: %s", descr)
            try:
                conninfo = make_conninfo("", **attempt)
                gen = cls._connect_gen(conninfo, timeout=timeout)
                rv = waiting.wait_conn(gen, interval=_WAIT_INTERVAL)
            except e.Error as ex:
                logger.debug("connection failed: %s: %s", descr, str(ex))
                conn_errors.append((ex, descr))
            except e._NO_TRACEBACK as ex:
                raise ex.with_traceback(None)
            else:
                logger.debug("connection succeeded: %s", descr)
                break
    
        if not rv:
            last_ex = conn_errors[-1][0]
            if len(conn_errors) == 1:
                raise last_ex.with_traceback(None)
    
            # Create a new exception with the same type as the last one, containing
            # all attempt errors while preserving backward compatibility.
            lines = [str(last_ex)]
            lines.append("Multiple connection attempts failed. All failures were:")
            lines.extend((f"- {descr}: {error}" for error, descr in conn_errors))
>           raise type(last_ex)("\n".join(lines)).with_traceback(None)
E           django.db.utils.OperationalError: connection failed: connection to server at "127.0.0.1", port 5432 failed: FATAL:  la autentificaci\ufffdn password fall\ufffd para el usuario \ufffdpostgres\ufffd
E           Multiple connection attempts failed. All failures were:
E           - host: 'localhost', port: '5432', hostaddr: '::1': connection failed: connection to server at "::1", port 5432 failed: FATAL:  la autentificaci\ufffdn password fall\ufffd para el usuario \ufffdpostgres\ufffd
E           - host: 'localhost', port: '5432', hostaddr: '127.0.0.1': connection failed: connection to server at "127.0.0.1", port 5432 failed: FATAL:  la autentificaci\ufffdn password fall\ufffd para el usuario \ufffdpostgres\ufffd

..\..\..\AppData\Roaming\Python\Python313\site-packages\psycopg\connection.py:127: OperationalError

During handling of the above exception, another exception occurred:

self = <DatabaseWrapper vendor='postgresql' alias='default'>

    @async_unsafe
    def ensure_connection(self):
        """Guarantee that a connection to the database is established."""
        if self.connection is None:
            if self.in_atomic_block and self.closed_in_transaction:
                raise ProgrammingError(
                    "Cannot open a new connection in an atomic block."
                )
            with self.wrap_database_errors:
>               self.connect()

..\..\..\AppData\Roaming\Python\Python313\site-packages\django\db\backends\base\base.py:279: 
_ _ _ _ _ _ _ _ _ _ _ _ _ _ _ _ _ _ _ _ _ _ _ _ _ _ _ _ _ _ _ _ _ _ _ _ _ _ _ _
..\..\..\AppData\Roaming\Python\Python313\site-packages\django\utils\asyncio.py:26: in inner
    return func(*args, **kwargs)
..\..\..\AppData\Roaming\Python\Python313\site-packages\django\db\backends\base\base.py:256: in connect
    self.connection = self.get_new_connection(conn_params)
..\..\..\AppData\Roaming\Python\Python313\site-packages\django\utils\asyncio.py:26: in inner
    return func(*args, **kwargs)
..\..\..\AppData\Roaming\Python\Python313\site-packages\django\db\backends\postgresql\base.py:332: in get_new_connection
    connection = self.Database.connect(**conn_params)
_ _ _ _ _ _ _ _ _ _ _ _ _ _ _ _ _ _ _ _ _ _ _ _ _ _ _ _ _ _ _ _ _ _ _ _ _ _ _ _

cls = <class 'psycopg.Connection'>
conninfo = 'dbname=ruffles_db client_encoding=UTF8 user=postgres password=postgres host=localhost port=5432 hostaddr=127.0.0.1'
autocommit = False, prepare_threshold = None
context = <psycopg.adapt.AdaptersMap object at 0x000001CEB3E42350>
row_factory = None
cursor_factory = <class 'django.db.backends.postgresql.base.Cursor'>
kwargs = {'client_encoding': 'UTF8', 'dbname': 'ruffles_db', 'host': 'localhost', 'password': 'postgres', ...}
params = {'client_encoding': 'UTF8', 'dbname': 'ruffles_db', 'host': 'localhost', 'password': 'postgres', ...}
timeout = 130

    @classmethod
    def connect(
        cls,
        conninfo: str = "",
        *,
        autocommit: bool = False,
        prepare_threshold: int | None = 5,
        context: AdaptContext | None = None,
        row_factory: RowFactory[Row] | None = None,
        cursor_factory: type[Cursor[Row]] | None = None,
        **kwargs: ConnParam,
    ) -> Self:
        """
        Connect to a database server and return a new `Connection` instance.
        """
    
        params = cls._get_connection_params(conninfo, **kwargs)
        timeout = timeout_from_conninfo(params)
        rv = None
        attempts = conninfo_attempts(params)
        conn_errors: list[tuple[e.Error, str]] = []
        for attempt in attempts:
            tdescr = (attempt.get("host"), attempt.get("port"), attempt.get("hostaddr"))
            descr = "host: %r, port: %r, hostaddr: %r" % tdescr
            logger.debug("connection attempt: %s", descr)
            try:
                conninfo = make_conninfo("", **attempt)
                gen = cls._connect_gen(conninfo, timeout=timeout)
                rv = waiting.wait_conn(gen, interval=_WAIT_INTERVAL)
            except e.Error as ex:
                logger.debug("connection failed: %s: %s", descr, str(ex))
                conn_errors.append((ex, descr))
            except e._NO_TRACEBACK as ex:
                raise ex.with_traceback(None)
            else:
                logger.debug("connection succeeded: %s", descr)
                break
    
        if not rv:
            last_ex = conn_errors[-1][0]
            if len(conn_errors) == 1:
                raise last_ex.with_traceback(None)
    
            # Create a new exception with the same type as the last one, containing
            # all attempt errors while preserving backward compatibility.
            lines = [str(last_ex)]
            lines.append("Multiple connection attempts failed. All failures were:")
            lines.extend((f"- {descr}: {error}" for error, descr in conn_errors))
>           raise type(last_ex)("\n".join(lines)).with_traceback(None)
E           psycopg.OperationalError: connection failed: connection to server at "127.0.0.1", port 5432 failed: FATAL:  la autentificaci\ufffdn password fall\ufffd para el usuario \ufffdpostgres\ufffd
E           Multiple connection attempts failed. All failures were:
E           - host: 'localhost', port: '5432', hostaddr: '::1': connection failed: connection to server at "::1", port 5432 failed: FATAL:  la autentificaci\ufffdn password fall\ufffd para el usuario \ufffdpostgres\ufffd
E           - host: 'localhost', port: '5432', hostaddr: '127.0.0.1': connection failed: connection to server at "127.0.0.1", port 5432 failed: FATAL:  la autentificaci\ufffdn password fall\ufffd para el usuario \ufffdpostgres\ufffd

..\..\..\AppData\Roaming\Python\Python313\site-packages\psycopg\connection.py:127: OperationalError

The above exception was the direct cause of the following exception:

request = <SubRequest 'django_db_setup' for <Function test_login_success_returns_jwt>>
django_test_environment = None
django_db_blocker = <pytest_django.plugin.DjangoDbBlocker object at 0x000001CEB17F0050>
django_db_use_migrations = True, django_db_keepdb = False
django_db_createdb = False, django_db_modify_db_settings = None

    @pytest.fixture(scope="session")
    def django_db_setup(
        request: pytest.FixtureRequest,
        django_test_environment: None,
        django_db_blocker: DjangoDbBlocker,
        django_db_use_migrations: bool,
        django_db_keepdb: bool,
        django_db_createdb: bool,
        django_db_modify_db_settings: None,
    ) -> Generator[None, None, None]:
        """Top level fixture to ensure test databases are available"""
        from django.test.utils import setup_databases, teardown_databases
    
        setup_databases_args = {}
    
        if not django_db_use_migrations:
            _disable_migrations()
    
        if django_db_keepdb and not django_db_createdb:
            setup_databases_args["keepdb"] = True
    
        with django_db_blocker.unblock():
>           db_cfg = setup_databases(
                verbosity=request.config.option.verbose,
                interactive=False,
                **setup_databases_args,
            )

..\..\..\AppData\Roaming\Python\Python313\site-packages\pytest_django\fixtures.py:140: 
_ _ _ _ _ _ _ _ _ _ _ _ _ _ _ _ _ _ _ _ _ _ _ _ _ _ _ _ _ _ _ _ _ _ _ _ _ _ _ _
..\..\..\AppData\Roaming\Python\Python313\site-packages\django\test\utils.py:204: in setup_databases
    connection.creation.create_test_db(
..\..\..\AppData\Roaming\Python\Python313\site-packages\django\db\backends\base\creation.py:62: in create_test_db
    self._create_test_db(verbosity, autoclobber, keepdb)
..\..\..\AppData\Roaming\Python\Python313\site-packages\django\db\backends\base\creation.py:202: in _create_test_db
    with self._nodb_cursor() as cursor:
C:\Python313\Lib\contextlib.py:141: in __enter__
    return next(self.gen)
..\..\..\AppData\Roaming\Python\Python313\site-packages\django\db\backends\postgresql\base.py:533: in _nodb_cursor
    with conn.cursor() as cursor:
..\..\..\AppData\Roaming\Python\Python313\site-packages\django\utils\asyncio.py:26: in inner
    return func(*args, **kwargs)
..\..\..\AppData\Roaming\Python\Python313\site-packages\django\db\backends\base\base.py:320: in cursor
    return self._cursor()
..\..\..\AppData\Roaming\Python\Python313\site-packages\django\db\backends\base\base.py:296: in _cursor
    self.ensure_connection()
..\..\..\AppData\Roaming\Python\Python313\site-packages\django\utils\asyncio.py:26: in inner
    return func(*args, **kwargs)
..\..\..\AppData\Roaming\Python\Python313\site-packages\django\db\backends\base\base.py:278: in ensure_connection
    with self.wrap_database_errors:
..\..\..\AppData\Roaming\Python\Python313\site-packages\django\db\utils.py:91: in __exit__
    raise dj_exc_value.with_traceback(traceback) from exc_value
..\..\..\AppData\Roaming\Python\Python313\site-packages\django\db\backends\base\base.py:279: in ensure_connection
    self.connect()
..\..\..\AppData\Roaming\Python\Python313\site-packages\django\utils\asyncio.py:26: in inner
    return func(*args, **kwargs)
..\..\..\AppData\Roaming\Python\Python313\site-packages\django\db\backends\base\base.py:256: in connect
    self.connection = self.get_new_connection(conn_params)
..\..\..\AppData\Roaming\Python\Python313\site-packages\django\utils\asyncio.py:26: in inner
    return func(*args, **kwargs)
..\..\..\AppData\Roaming\Python\Python313\site-packages\django\db\backends\postgresql\base.py:332: in get_new_connection
    connection = self.Database.connect(**conn_params)
_ _ _ _ _ _ _ _ _ _ _ _ _ _ _ _ _ _ _ _ _ _ _ _ _ _ _ _ _ _ _ _ _ _ _ _ _ _ _ _

cls = <class 'psycopg.Connection'>
conninfo = 'dbname=ruffles_db client_encoding=UTF8 user=postgres password=postgres host=localhost port=5432 hostaddr=127.0.0.1'
autocommit = False, prepare_threshold = None
context = <psycopg.adapt.AdaptersMap object at 0x000001CEB3E42350>
row_factory = None
cursor_factory = <class 'django.db.backends.postgresql.base.Cursor'>
kwargs = {'client_encoding': 'UTF8', 'dbname': 'ruffles_db', 'host': 'localhost', 'password': 'postgres', ...}
params = {'client_encoding': 'UTF8', 'dbname': 'ruffles_db', 'host': 'localhost', 'password': 'postgres', ...}
timeout = 130

    @classmethod
    def connect(
        cls,
        conninfo: str = "",
        *,
        autocommit: bool = False,
        prepare_threshold: int | None = 5,
        context: AdaptContext | None = None,
        row_factory: RowFactory[Row] | None = None,
        cursor_factory: type[Cursor[Row]] | None = None,
        **kwargs: ConnParam,
    ) -> Self:
        """
        Connect to a database server and return a new `Connection` instance.
        """
    
        params = cls._get_connection_params(conninfo, **kwargs)
        timeout = timeout_from_conninfo(params)
        rv = None
        attempts = conninfo_attempts(params)
        conn_errors: list[tuple[e.Error, str]] = []
        for attempt in attempts:
            tdescr = (attempt.get("host"), attempt.get("port"), attempt.get("hostaddr"))
            descr = "host: %r, port: %r, hostaddr: %r" % tdescr
            logger.debug("connection attempt: %s", descr)
            try:
                conninfo = make_conninfo("", **attempt)
                gen = cls._connect_gen(conninfo, timeout=timeout)
                rv = waiting.wait_conn(gen, interval=_WAIT_INTERVAL)
            except e.Error as ex:
                logger.debug("connection failed: %s: %s", descr, str(ex))
                conn_errors.append((ex, descr))
            except e._NO_TRACEBACK as ex:
                raise ex.with_traceback(None)
            else:
                logger.debug("connection succeeded: %s", descr)
                break
    
        if not rv:
            last_ex = conn_errors[-1][0]
            if len(conn_errors) == 1:
                raise last_ex.with_traceback(None)
    
            # Create a new exception with the same type as the last one, containing
            # all attempt errors while preserving backward compatibility.
            lines = [str(last_ex)]
            lines.append("Multiple connection attempts failed. All failures were:")
            lines.extend((f"- {descr}: {error}" for error, descr in conn_errors))
>           raise type(last_ex)("\n".join(lines)).with_traceback(None)
E           django.db.utils.OperationalError: connection failed: connection to server at "127.0.0.1", port 5432 failed: FATAL:  la autentificaci\ufffdn password fall\ufffd para el usuario \ufffdpostgres\ufffd
E           Multiple connection attempts failed. All failures were:
E           - host: 'localhost', port: '5432', hostaddr: '::1': connection failed: connection to server at "::1", port 5432 failed: FATAL:  la autentificaci\ufffdn password fall\ufffd para el usuario \ufffdpostgres\ufffd
E           - host: 'localhost', port: '5432', hostaddr: '127.0.0.1': connection failed: connection to server at "127.0.0.1", port 5432 failed: FATAL:  la autentificaci\ufffdn password fall\ufffd para el usuario \ufffdpostgres\ufffd

..\..\..\AppData\Roaming\Python\Python313\site-packages\psycopg\connection.py:127: OperationalError
____ ERROR at setup of TestCreateRaffle.test_post_requires_authentication _____

self = <DatabaseWrapper vendor='postgresql' alias='__no_db__'>

    @async_unsafe
    def ensure_connection(self):
        """Guarantee that a connection to the database is established."""
        if self.connection is None:
            if self.in_atomic_block and self.closed_in_transaction:
                raise ProgrammingError(
                    "Cannot open a new connection in an atomic block."
                )
            with self.wrap_database_errors:
>               self.connect()

..\..\..\AppData\Roaming\Python\Python313\site-packages\django\db\backends\base\base.py:279: 
_ _ _ _ _ _ _ _ _ _ _ _ _ _ _ _ _ _ _ _ _ _ _ _ _ _ _ _ _ _ _ _ _ _ _ _ _ _ _ _
..\..\..\AppData\Roaming\Python\Python313\site-packages\django\utils\asyncio.py:26: in inner
    return func(*args, **kwargs)
..\..\..\AppData\Roaming\Python\Python313\site-packages\django\db\backends\base\base.py:256: in connect
    self.connection = self.get_new_connection(conn_params)
..\..\..\AppData\Roaming\Python\Python313\site-packages\django\utils\asyncio.py:26: in inner
    return func(*args, **kwargs)
..\..\..\AppData\Roaming\Python\Python313\site-packages\django\db\backends\postgresql\base.py:332: in get_new_connection
    connection = self.Database.connect(**conn_params)
_ _ _ _ _ _ _ _ _ _ _ _ _ _ _ _ _ _ _ _ _ _ _ _ _ _ _ _ _ _ _ _ _ _ _ _ _ _ _ _

cls = <class 'psycopg.Connection'>
conninfo = 'dbname=postgres client_encoding=UTF8 user=postgres password=postgres host=localhost port=5432 hostaddr=127.0.0.1'
autocommit = False, prepare_threshold = None
context = <psycopg.adapt.AdaptersMap object at 0x000001CEB3E42350>
row_factory = None
cursor_factory = <class 'django.db.backends.postgresql.base.Cursor'>
kwargs = {'client_encoding': 'UTF8', 'dbname': 'postgres', 'host': 'localhost', 'password': 'postgres', ...}
params = {'client_encoding': 'UTF8', 'dbname': 'postgres', 'host': 'localhost', 'password': 'postgres', ...}
timeout = 130

    @classmethod
    def connect(
        cls,
        conninfo: str = "",
        *,
        autocommit: bool = False,
        prepare_threshold: int | None = 5,
        context: AdaptContext | None = None,
        row_factory: RowFactory[Row] | None = None,
        cursor_factory: type[Cursor[Row]] | None = None,
        **kwargs: ConnParam,
    ) -> Self:
        """
        Connect to a database server and return a new `Connection` instance.
        """
    
        params = cls._get_connection_params(conninfo, **kwargs)
        timeout = timeout_from_conninfo(params)
        rv = None
        attempts = conninfo_attempts(params)
        conn_errors: list[tuple[e.Error, str]] = []
        for attempt in attempts:
            tdescr = (attempt.get("host"), attempt.get("port"), attempt.get("hostaddr"))
            descr = "host: %r, port: %r, hostaddr: %r" % tdescr
            logger.debug("connection attempt: %s", descr)
            try:
                conninfo = make_conninfo("", **attempt)
                gen = cls._connect_gen(conninfo, timeout=timeout)
                rv = waiting.wait_conn(gen, interval=_WAIT_INTERVAL)
            except e.Error as ex:
                logger.debug("connection failed: %s: %s", descr, str(ex))
                conn_errors.append((ex, descr))
            except e._NO_TRACEBACK as ex:
                raise ex.with_traceback(None)
            else:
                logger.debug("connection succeeded: %s", descr)
                break
    
        if not rv:
            last_ex = conn_errors[-1][0]
            if len(conn_errors) == 1:
                raise last_ex.with_traceback(None)
    
            # Create a new exception with the same type as the last one, containing
            # all attempt errors while preserving backward compatibility.
            lines = [str(last_ex)]
            lines.append("Multiple connection attempts failed. All failures were:")
            lines.extend((f"- {descr}: {error}" for error, descr in conn_errors))
>           raise type(last_ex)("\n".join(lines)).with_traceback(None)
E           psycopg.OperationalError: connection failed: connection to server at "127.0.0.1", port 5432 failed: FATAL:  la autentificaci\ufffdn password fall\ufffd para el usuario \ufffdpostgres\ufffd
E           Multiple connection attempts failed. All failures were:
E           - host: 'localhost', port: '5432', hostaddr: '::1': connection failed: connection to server at "::1", port 5432 failed: FATAL:  la autentificaci\ufffdn password fall\ufffd para el usuario \ufffdpostgres\ufffd
E           - host: 'localhost', port: '5432', hostaddr: '127.0.0.1': connection failed: connection to server at "127.0.0.1", port 5432 failed: FATAL:  la autentificaci\ufffdn password fall\ufffd para el usuario \ufffdpostgres\ufffd

..\..\..\AppData\Roaming\Python\Python313\site-packages\psycopg\connection.py:127: OperationalError

The above exception was the direct cause of the following exception:

self = <DatabaseWrapper vendor='postgresql' alias='default'>

    @contextmanager
    def _nodb_cursor(self):
        cursor = None
        try:
>           with super()._nodb_cursor() as cursor:

..\..\..\AppData\Roaming\Python\Python313\site-packages\django\db\backends\postgresql\base.py:507: 
_ _ _ _ _ _ _ _ _ _ _ _ _ _ _ _ _ _ _ _ _ _ _ _ _ _ _ _ _ _ _ _ _ _ _ _ _ _ _ _
C:\Python313\Lib\contextlib.py:141: in __enter__
    return next(self.gen)
..\..\..\AppData\Roaming\Python\Python313\site-packages\django\db\backends\base\base.py:712: in _nodb_cursor
    with conn.cursor() as cursor:
..\..\..\AppData\Roaming\Python\Python313\site-packages\django\utils\asyncio.py:26: in inner
    return func(*args, **kwargs)
..\..\..\AppData\Roaming\Python\Python313\site-packages\django\db\backends\base\base.py:320: in cursor
    return self._cursor()
..\..\..\AppData\Roaming\Python\Python313\site-packages\django\db\backends\base\base.py:296: in _cursor
    self.ensure_connection()
..\..\..\AppData\Roaming\Python\Python313\site-packages\django\utils\asyncio.py:26: in inner
    return func(*args, **kwargs)
..\..\..\AppData\Roaming\Python\Python313\site-packages\django\db\backends\base\base.py:278: in ensure_connection
    with self.wrap_database_errors:
..\..\..\AppData\Roaming\Python\Python313\site-packages\django\db\utils.py:91: in __exit__
    raise dj_exc_value.with_traceback(traceback) from exc_value
..\..\..\AppData\Roaming\Python\Python313\site-packages\django\db\backends\base\base.py:279: in ensure_connection
    self.connect()
..\..\..\AppData\Roaming\Python\Python313\site-packages\django\utils\asyncio.py:26: in inner
    return func(*args, **kwargs)
..\..\..\AppData\Roaming\Python\Python313\site-packages\django\db\backends\base\base.py:256: in connect
    self.connection = self.get_new_connection(conn_params)
..\..\..\AppData\Roaming\Python\Python313\site-packages\django\utils\asyncio.py:26: in inner
    return func(*args, **kwargs)
..\..\..\AppData\Roaming\Python\Python313\site-packages\django\db\backends\postgresql\base.py:332: in get_new_connection
    connection = self.Database.connect(**conn_params)
_ _ _ _ _ _ _ _ _ _ _ _ _ _ _ _ _ _ _ _ _ _ _ _ _ _ _ _ _ _ _ _ _ _ _ _ _ _ _ _

cls = <class 'psycopg.Connection'>
conninfo = 'dbname=postgres client_encoding=UTF8 user=postgres password=postgres host=localhost port=5432 hostaddr=127.0.0.1'
autocommit = False, prepare_threshold = None
context = <psycopg.adapt.AdaptersMap object at 0x000001CEB3E42350>
row_factory = None
cursor_factory = <class 'django.db.backends.postgresql.base.Cursor'>
kwargs = {'client_encoding': 'UTF8', 'dbname': 'postgres', 'host': 'localhost', 'password': 'postgres', ...}
params = {'client_encoding': 'UTF8', 'dbname': 'postgres', 'host': 'localhost', 'password': 'postgres', ...}
timeout = 130

    @classmethod
    def connect(
        cls,
        conninfo: str = "",
        *,
        autocommit: bool = False,
        prepare_threshold: int | None = 5,
        context: AdaptContext | None = None,
        row_factory: RowFactory[Row] | None = None,
        cursor_factory: type[Cursor[Row]] | None = None,
        **kwargs: ConnParam,
    ) -> Self:
        """
        Connect to a database server and return a new `Connection` instance.
        """
    
        params = cls._get_connection_params(conninfo, **kwargs)
        timeout = timeout_from_conninfo(params)
        rv = None
        attempts = conninfo_attempts(params)
        conn_errors: list[tuple[e.Error, str]] = []
        for attempt in attempts:
            tdescr = (attempt.get("host"), attempt.get("port"), attempt.get("hostaddr"))
            descr = "host: %r, port: %r, hostaddr: %r" % tdescr
            logger.debug("connection attempt: %s", descr)
            try:
                conninfo = make_conninfo("", **attempt)
                gen = cls._connect_gen(conninfo, timeout=timeout)
                rv = waiting.wait_conn(gen, interval=_WAIT_INTERVAL)
            except e.Error as ex:
                logger.debug("connection failed: %s: %s", descr, str(ex))
                conn_errors.append((ex, descr))
            except e._NO_TRACEBACK as ex:
                raise ex.with_traceback(None)
            else:
                logger.debug("connection succeeded: %s", descr)
                break
    
        if not rv:
            last_ex = conn_errors[-1][0]
            if len(conn_errors) == 1:
                raise last_ex.with_traceback(None)
    
            # Create a new exception with the same type as the last one, containing
            # all attempt errors while preserving backward compatibility.
            lines = [str(last_ex)]
            lines.append("Multiple connection attempts failed. All failures were:")
            lines.extend((f"- {descr}: {error}" for error, descr in conn_errors))
>           raise type(last_ex)("\n".join(lines)).with_traceback(None)
E           django.db.utils.OperationalError: connection failed: connection to server at "127.0.0.1", port 5432 failed: FATAL:  la autentificaci\ufffdn password fall\ufffd para el usuario \ufffdpostgres\ufffd
E           Multiple connection attempts failed. All failures were:
E           - host: 'localhost', port: '5432', hostaddr: '::1': connection failed: connection to server at "::1", port 5432 failed: FATAL:  la autentificaci\ufffdn password fall\ufffd para el usuario \ufffdpostgres\ufffd
E           - host: 'localhost', port: '5432', hostaddr: '127.0.0.1': connection failed: connection to server at "127.0.0.1", port 5432 failed: FATAL:  la autentificaci\ufffdn password fall\ufffd para el usuario \ufffdpostgres\ufffd

..\..\..\AppData\Roaming\Python\Python313\site-packages\psycopg\connection.py:127: OperationalError

During handling of the above exception, another exception occurred:

self = <DatabaseWrapper vendor='postgresql' alias='default'>

    @async_unsafe
    def ensure_connection(self):
        """Guarantee that a connection to the database is established."""
        if self.connection is None:
            if self.in_atomic_block and self.closed_in_transaction:
                raise ProgrammingError(
                    "Cannot open a new connection in an atomic block."
                )
            with self.wrap_database_errors:
>               self.connect()

..\..\..\AppData\Roaming\Python\Python313\site-packages\django\db\backends\base\base.py:279: 
_ _ _ _ _ _ _ _ _ _ _ _ _ _ _ _ _ _ _ _ _ _ _ _ _ _ _ _ _ _ _ _ _ _ _ _ _ _ _ _
..\..\..\AppData\Roaming\Python\Python313\site-packages\django\utils\asyncio.py:26: in inner
    return func(*args, **kwargs)
..\..\..\AppData\Roaming\Python\Python313\site-packages\django\db\backends\base\base.py:256: in connect
    self.connection = self.get_new_connection(conn_params)
..\..\..\AppData\Roaming\Python\Python313\site-packages\django\utils\asyncio.py:26: in inner
    return func(*args, **kwargs)
..\..\..\AppData\Roaming\Python\Python313\site-packages\django\db\backends\postgresql\base.py:332: in get_new_connection
    connection = self.Database.connect(**conn_params)
_ _ _ _ _ _ _ _ _ _ _ _ _ _ _ _ _ _ _ _ _ _ _ _ _ _ _ _ _ _ _ _ _ _ _ _ _ _ _ _

cls = <class 'psycopg.Connection'>
conninfo = 'dbname=ruffles_db client_encoding=UTF8 user=postgres password=postgres host=localhost port=5432 hostaddr=127.0.0.1'
autocommit = False, prepare_threshold = None
context = <psycopg.adapt.AdaptersMap object at 0x000001CEB3E42350>
row_factory = None
cursor_factory = <class 'django.db.backends.postgresql.base.Cursor'>
kwargs = {'client_encoding': 'UTF8', 'dbname': 'ruffles_db', 'host': 'localhost', 'password': 'postgres', ...}
params = {'client_encoding': 'UTF8', 'dbname': 'ruffles_db', 'host': 'localhost', 'password': 'postgres', ...}
timeout = 130

    @classmethod
    def connect(
        cls,
        conninfo: str = "",
        *,
        autocommit: bool = False,
        prepare_threshold: int | None = 5,
        context: AdaptContext | None = None,
        row_factory: RowFactory[Row] | None = None,
        cursor_factory: type[Cursor[Row]] | None = None,
        **kwargs: ConnParam,
    ) -> Self:
        """
        Connect to a database server and return a new `Connection` instance.
        """
    
        params = cls._get_connection_params(conninfo, **kwargs)
        timeout = timeout_from_conninfo(params)
        rv = None
        attempts = conninfo_attempts(params)
        conn_errors: list[tuple[e.Error, str]] = []
        for attempt in attempts:
            tdescr = (attempt.get("host"), attempt.get("port"), attempt.get("hostaddr"))
            descr = "host: %r, port: %r, hostaddr: %r" % tdescr
            logger.debug("connection attempt: %s", descr)
            try:
                conninfo = make_conninfo("", **attempt)
                gen = cls._connect_gen(conninfo, timeout=timeout)
                rv = waiting.wait_conn(gen, interval=_WAIT_INTERVAL)
            except e.Error as ex:
                logger.debug("connection failed: %s: %s", descr, str(ex))
                conn_errors.append((ex, descr))
            except e._NO_TRACEBACK as ex:
                raise ex.with_traceback(None)
            else:
                logger.debug("connection succeeded: %s", descr)
                break
    
        if not rv:
            last_ex = conn_errors[-1][0]
            if len(conn_errors) == 1:
                raise last_ex.with_traceback(None)
    
            # Create a new exception with the same type as the last one, containing
            # all attempt errors while preserving backward compatibility.
            lines = [str(last_ex)]
            lines.append("Multiple connection attempts failed. All failures were:")
            lines.extend((f"- {descr}: {error}" for error, descr in conn_errors))
>           raise type(last_ex)("\n".join(lines)).with_traceback(None)
E           psycopg.OperationalError: connection failed: connection to server at "127.0.0.1", port 5432 failed: FATAL:  la autentificaci\ufffdn password fall\ufffd para el usuario \ufffdpostgres\ufffd
E           Multiple connection attempts failed. All failures were:
E           - host: 'localhost', port: '5432', hostaddr: '::1': connection failed: connection to server at "::1", port 5432 failed: FATAL:  la autentificaci\ufffdn password fall\ufffd para el usuario \ufffdpostgres\ufffd
E           - host: 'localhost', port: '5432', hostaddr: '127.0.0.1': connection failed: connection to server at "127.0.0.1", port 5432 failed: FATAL:  la autentificaci\ufffdn password fall\ufffd para el usuario \ufffdpostgres\ufffd

..\..\..\AppData\Roaming\Python\Python313\site-packages\psycopg\connection.py:127: OperationalError

The above exception was the direct cause of the following exception:

request = <SubRequest '_django_db_marker' for <Function test_post_requires_authentication>>

    @pytest.fixture(autouse=True)
    def _django_db_marker(request: pytest.FixtureRequest) -> None:
        """Implement the django_db marker, internal to pytest-django."""
        marker = request.node.get_closest_marker("django_db")
        if marker:
>           request.getfixturevalue("_django_db_helper")

..\..\..\AppData\Roaming\Python\Python313\site-packages\pytest_django\plugin.py:527: 
_ _ _ _ _ _ _ _ _ _ _ _ _ _ _ _ _ _ _ _ _ _ _ _ _ _ _ _ _ _ _ _ _ _ _ _ _ _ _ _
..\..\..\AppData\Roaming\Python\Python313\site-packages\pytest_django\fixtures.py:140: in django_db_setup
    db_cfg = setup_databases(
..\..\..\AppData\Roaming\Python\Python313\site-packages\django\test\utils.py:204: in setup_databases
    connection.creation.create_test_db(
..\..\..\AppData\Roaming\Python\Python313\site-packages\django\db\backends\base\creation.py:62: in create_test_db
    self._create_test_db(verbosity, autoclobber, keepdb)
..\..\..\AppData\Roaming\Python\Python313\site-packages\django\db\backends\base\creation.py:202: in _create_test_db
    with self._nodb_cursor() as cursor:
C:\Python313\Lib\contextlib.py:141: in __enter__
    return next(self.gen)
..\..\..\AppData\Roaming\Python\Python313\site-packages\django\db\backends\postgresql\base.py:533: in _nodb_cursor
    with conn.cursor() as cursor:
..\..\..\AppData\Roaming\Python\Python313\site-packages\django\utils\asyncio.py:26: in inner
    return func(*args, **kwargs)
..\..\..\AppData\Roaming\Python\Python313\site-packages\django\db\backends\base\base.py:320: in cursor
    return self._cursor()
..\..\..\AppData\Roaming\Python\Python313\site-packages\django\db\backends\base\base.py:296: in _cursor
    self.ensure_connection()
..\..\..\AppData\Roaming\Python\Python313\site-packages\django\utils\asyncio.py:26: in inner
    return func(*args, **kwargs)
..\..\..\AppData\Roaming\Python\Python313\site-packages\django\db\backends\base\base.py:278: in ensure_connection
    with self.wrap_database_errors:
..\..\..\AppData\Roaming\Python\Python313\site-packages\django\db\utils.py:91: in __exit__
    raise dj_exc_value.with_traceback(traceback) from exc_value
..\..\..\AppData\Roaming\Python\Python313\site-packages\django\db\backends\base\base.py:279: in ensure_connection
    self.connect()
..\..\..\AppData\Roaming\Python\Python313\site-packages\django\utils\asyncio.py:26: in inner
    return func(*args, **kwargs)
..\..\..\AppData\Roaming\Python\Python313\site-packages\django\db\backends\base\base.py:256: in connect
    self.connection = self.get_new_connection(conn_params)
..\..\..\AppData\Roaming\Python\Python313\site-packages\django\utils\asyncio.py:26: in inner
    return func(*args, **kwargs)
..\..\..\AppData\Roaming\Python\Python313\site-packages\django\db\backends\postgresql\base.py:332: in get_new_connection
    connection = self.Database.connect(**conn_params)
_ _ _ _ _ _ _ _ _ _ _ _ _ _ _ _ _ _ _ _ _ _ _ _ _ _ _ _ _ _ _ _ _ _ _ _ _ _ _ _

cls = <class 'psycopg.Connection'>
conninfo = 'dbname=ruffles_db client_encoding=UTF8 user=postgres password=postgres host=localhost port=5432 hostaddr=127.0.0.1'
autocommit = False, prepare_threshold = None
context = <psycopg.adapt.AdaptersMap object at 0x000001CEB3E42350>
row_factory = None
cursor_factory = <class 'django.db.backends.postgresql.base.Cursor'>
kwargs = {'client_encoding': 'UTF8', 'dbname': 'ruffles_db', 'host': 'localhost', 'password': 'postgres', ...}
params = {'client_encoding': 'UTF8', 'dbname': 'ruffles_db', 'host': 'localhost', 'password': 'postgres', ...}
timeout = 130

    @classmethod
    def connect(
        cls,
        conninfo: str = "",
        *,
        autocommit: bool = False,
        prepare_threshold: int | None = 5,
        context: AdaptContext | None = None,
        row_factory: RowFactory[Row] | None = None,
        cursor_factory: type[Cursor[Row]] | None = None,
        **kwargs: ConnParam,
    ) -> Self:
        """
        Connect to a database server and return a new `Connection` instance.
        """
    
        params = cls._get_connection_params(conninfo, **kwargs)
        timeout = timeout_from_conninfo(params)
        rv = None
        attempts = conninfo_attempts(params)
        conn_errors: list[tuple[e.Error, str]] = []
        for attempt in attempts:
            tdescr = (attempt.get("host"), attempt.get("port"), attempt.get("hostaddr"))
            descr = "host: %r, port: %r, hostaddr: %r" % tdescr
            logger.debug("connection attempt: %s", descr)
            try:
                conninfo = make_conninfo("", **attempt)
                gen = cls._connect_gen(conninfo, timeout=timeout)
                rv = waiting.wait_conn(gen, interval=_WAIT_INTERVAL)
            except e.Error as ex:
                logger.debug("connection failed: %s: %s", descr, str(ex))
                conn_errors.append((ex, descr))
            except e._NO_TRACEBACK as ex:
                raise ex.with_traceback(None)
            else:
                logger.debug("connection succeeded: %s", descr)
                break
    
        if not rv:
            last_ex = conn_errors[-1][0]
            if len(conn_errors) == 1:
                raise last_ex.with_traceback(None)
    
            # Create a new exception with the same type as the last one, containing
            # all attempt errors while preserving backward compatibility.
            lines = [str(last_ex)]
            lines.append("Multiple connection attempts failed. All failures were:")
            lines.extend((f"- {descr}: {error}" for error, descr in conn_errors))
>           raise type(last_ex)("\n".join(lines)).with_traceback(None)
E           django.db.utils.OperationalError: connection failed: connection to server at "127.0.0.1", port 5432 failed: FATAL:  la autentificaci\ufffdn password fall\ufffd para el usuario \ufffdpostgres\ufffd
E           Multiple connection attempts failed. All failures were:
E           - host: 'localhost', port: '5432', hostaddr: '::1': connection failed: connection to server at "::1", port 5432 failed: FATAL:  la autentificaci\ufffdn password fall\ufffd para el usuario \ufffdpostgres\ufffd
E           - host: 'localhost', port: '5432', hostaddr: '127.0.0.1': connection failed: connection to server at "127.0.0.1", port 5432 failed: FATAL:  la autentificaci\ufffdn password fall\ufffd para el usuario \ufffdpostgres\ufffd

..\..\..\AppData\Roaming\Python\Python313\site-packages\psycopg\connection.py:127: OperationalError
_____ ERROR at setup of TestCreateRaffle.test_create_minimal_valid_raffle _____

self = <DatabaseWrapper vendor='postgresql' alias='__no_db__'>

    @async_unsafe
    def ensure_connection(self):
        """Guarantee that a connection to the database is established."""
        if self.connection is None:
            if self.in_atomic_block and self.closed_in_transaction:
                raise ProgrammingError(
                    "Cannot open a new connection in an atomic block."
                )
            with self.wrap_database_errors:
>               self.connect()

..\..\..\AppData\Roaming\Python\Python313\site-packages\django\db\backends\base\base.py:279: 
_ _ _ _ _ _ _ _ _ _ _ _ _ _ _ _ _ _ _ _ _ _ _ _ _ _ _ _ _ _ _ _ _ _ _ _ _ _ _ _
..\..\..\AppData\Roaming\Python\Python313\site-packages\django\utils\asyncio.py:26: in inner
    return func(*args, **kwargs)
..\..\..\AppData\Roaming\Python\Python313\site-packages\django\db\backends\base\base.py:256: in connect
    self.connection = self.get_new_connection(conn_params)
..\..\..\AppData\Roaming\Python\Python313\site-packages\django\utils\asyncio.py:26: in inner
    return func(*args, **kwargs)
..\..\..\AppData\Roaming\Python\Python313\site-packages\django\db\backends\postgresql\base.py:332: in get_new_connection
    connection = self.Database.connect(**conn_params)
_ _ _ _ _ _ _ _ _ _ _ _ _ _ _ _ _ _ _ _ _ _ _ _ _ _ _ _ _ _ _ _ _ _ _ _ _ _ _ _

cls = <class 'psycopg.Connection'>
conninfo = 'dbname=postgres client_encoding=UTF8 user=postgres password=postgres host=localhost port=5432 hostaddr=127.0.0.1'
autocommit = False, prepare_threshold = None
context = <psycopg.adapt.AdaptersMap object at 0x000001CEB3E42350>
row_factory = None
cursor_factory = <class 'django.db.backends.postgresql.base.Cursor'>
kwargs = {'client_encoding': 'UTF8', 'dbname': 'postgres', 'host': 'localhost', 'password': 'postgres', ...}
params = {'client_encoding': 'UTF8', 'dbname': 'postgres', 'host': 'localhost', 'password': 'postgres', ...}
timeout = 130

    @classmethod
    def connect(
        cls,
        conninfo: str = "",
        *,
        autocommit: bool = False,
        prepare_threshold: int | None = 5,
        context: AdaptContext | None = None,
        row_factory: RowFactory[Row] | None = None,
        cursor_factory: type[Cursor[Row]] | None = None,
        **kwargs: ConnParam,
    ) -> Self:
        """
        Connect to a database server and return a new `Connection` instance.
        """
    
        params = cls._get_connection_params(conninfo, **kwargs)
        timeout = timeout_from_conninfo(params)
        rv = None
        attempts = conninfo_attempts(params)
        conn_errors: list[tuple[e.Error, str]] = []
        for attempt in attempts:
            tdescr = (attempt.get("host"), attempt.get("port"), attempt.get("hostaddr"))
            descr = "host: %r, port: %r, hostaddr: %r" % tdescr
            logger.debug("connection attempt: %s", descr)
            try:
                conninfo = make_conninfo("", **attempt)
                gen = cls._connect_gen(conninfo, timeout=timeout)
                rv = waiting.wait_conn(gen, interval=_WAIT_INTERVAL)
            except e.Error as ex:
                logger.debug("connection failed: %s: %s", descr, str(ex))
                conn_errors.append((ex, descr))
            except e._NO_TRACEBACK as ex:
                raise ex.with_traceback(None)
            else:
                logger.debug("connection succeeded: %s", descr)
                break
    
        if not rv:
            last_ex = conn_errors[-1][0]
            if len(conn_errors) == 1:
                raise last_ex.with_traceback(None)
    
            # Create a new exception with the same type as the last one, containing
            # all attempt errors while preserving backward compatibility.
            lines = [str(last_ex)]
            lines.append("Multiple connection attempts failed. All failures were:")
            lines.extend((f"- {descr}: {error}" for error, descr in conn_errors))
>           raise type(last_ex)("\n".join(lines)).with_traceback(None)
E           psycopg.OperationalError: connection failed: connection to server at "127.0.0.1", port 5432 failed: FATAL:  la autentificaci\ufffdn password fall\ufffd para el usuario \ufffdpostgres\ufffd
E           Multiple connection attempts failed. All failures were:
E           - host: 'localhost', port: '5432', hostaddr: '::1': connection failed: connection to server at "::1", port 5432 failed: FATAL:  la autentificaci\ufffdn password fall\ufffd para el usuario \ufffdpostgres\ufffd
E           - host: 'localhost', port: '5432', hostaddr: '127.0.0.1': connection failed: connection to server at "127.0.0.1", port 5432 failed: FATAL:  la autentificaci\ufffdn password fall\ufffd para el usuario \ufffdpostgres\ufffd

..\..\..\AppData\Roaming\Python\Python313\site-packages\psycopg\connection.py:127: OperationalError

The above exception was the direct cause of the following exception:

self = <DatabaseWrapper vendor='postgresql' alias='default'>

    @contextmanager
    def _nodb_cursor(self):
        cursor = None
        try:
>           with super()._nodb_cursor() as cursor:

..\..\..\AppData\Roaming\Python\Python313\site-packages\django\db\backends\postgresql\base.py:507: 
_ _ _ _ _ _ _ _ _ _ _ _ _ _ _ _ _ _ _ _ _ _ _ _ _ _ _ _ _ _ _ _ _ _ _ _ _ _ _ _
C:\Python313\Lib\contextlib.py:141: in __enter__
    return next(self.gen)
..\..\..\AppData\Roaming\Python\Python313\site-packages\django\db\backends\base\base.py:712: in _nodb_cursor
    with conn.cursor() as cursor:
..\..\..\AppData\Roaming\Python\Python313\site-packages\django\utils\asyncio.py:26: in inner
    return func(*args, **kwargs)
..\..\..\AppData\Roaming\Python\Python313\site-packages\django\db\backends\base\base.py:320: in cursor
    return self._cursor()
..\..\..\AppData\Roaming\Python\Python313\site-packages\django\db\backends\base\base.py:296: in _cursor
    self.ensure_connection()
..\..\..\AppData\Roaming\Python\Python313\site-packages\django\utils\asyncio.py:26: in inner
    return func(*args, **kwargs)
..\..\..\AppData\Roaming\Python\Python313\site-packages\django\db\backends\base\base.py:278: in ensure_connection
    with self.wrap_database_errors:
..\..\..\AppData\Roaming\Python\Python313\site-packages\django\db\utils.py:91: in __exit__
    raise dj_exc_value.with_traceback(traceback) from exc_value
..\..\..\AppData\Roaming\Python\Python313\site-packages\django\db\backends\base\base.py:279: in ensure_connection
    self.connect()
..\..\..\AppData\Roaming\Python\Python313\site-packages\django\utils\asyncio.py:26: in inner
    return func(*args, **kwargs)
..\..\..\AppData\Roaming\Python\Python313\site-packages\django\db\backends\base\base.py:256: in connect
    self.connection = self.get_new_connection(conn_params)
..\..\..\AppData\Roaming\Python\Python313\site-packages\django\utils\asyncio.py:26: in inner
    return func(*args, **kwargs)
..\..\..\AppData\Roaming\Python\Python313\site-packages\django\db\backends\postgresql\base.py:332: in get_new_connection
    connection = self.Database.connect(**conn_params)
_ _ _ _ _ _ _ _ _ _ _ _ _ _ _ _ _ _ _ _ _ _ _ _ _ _ _ _ _ _ _ _ _ _ _ _ _ _ _ _

cls = <class 'psycopg.Connection'>
conninfo = 'dbname=postgres client_encoding=UTF8 user=postgres password=postgres host=localhost port=5432 hostaddr=127.0.0.1'
autocommit = False, prepare_threshold = None
context = <psycopg.adapt.AdaptersMap object at 0x000001CEB3E42350>
row_factory = None
cursor_factory = <class 'django.db.backends.postgresql.base.Cursor'>
kwargs = {'client_encoding': 'UTF8', 'dbname': 'postgres', 'host': 'localhost', 'password': 'postgres', ...}
params = {'client_encoding': 'UTF8', 'dbname': 'postgres', 'host': 'localhost', 'password': 'postgres', ...}
timeout = 130

    @classmethod
    def connect(
        cls,
        conninfo: str = "",
        *,
        autocommit: bool = False,
        prepare_threshold: int | None = 5,
        context: AdaptContext | None = None,
        row_factory: RowFactory[Row] | None = None,
        cursor_factory: type[Cursor[Row]] | None = None,
        **kwargs: ConnParam,
    ) -> Self:
        """
        Connect to a database server and return a new `Connection` instance.
        """
    
        params = cls._get_connection_params(conninfo, **kwargs)
        timeout = timeout_from_conninfo(params)
        rv = None
        attempts = conninfo_attempts(params)
        conn_errors: list[tuple[e.Error, str]] = []
        for attempt in attempts:
            tdescr = (attempt.get("host"), attempt.get("port"), attempt.get("hostaddr"))
            descr = "host: %r, port: %r, hostaddr: %r" % tdescr
            logger.debug("connection attempt: %s", descr)
            try:
                conninfo = make_conninfo("", **attempt)
                gen = cls._connect_gen(conninfo, timeout=timeout)
                rv = waiting.wait_conn(gen, interval=_WAIT_INTERVAL)
            except e.Error as ex:
                logger.debug("connection failed: %s: %s", descr, str(ex))
                conn_errors.append((ex, descr))
            except e._NO_TRACEBACK as ex:
                raise ex.with_traceback(None)
            else:
                logger.debug("connection succeeded: %s", descr)
                break
    
        if not rv:
            last_ex = conn_errors[-1][0]
            if len(conn_errors) == 1:
                raise last_ex.with_traceback(None)
    
            # Create a new exception with the same type as the last one, containing
            # all attempt errors while preserving backward compatibility.
            lines = [str(last_ex)]
            lines.append("Multiple connection attempts failed. All failures were:")
            lines.extend((f"- {descr}: {error}" for error, descr in conn_errors))
>           raise type(last_ex)("\n".join(lines)).with_traceback(None)
E           django.db.utils.OperationalError: connection failed: connection to server at "127.0.0.1", port 5432 failed: FATAL:  la autentificaci\ufffdn password fall\ufffd para el usuario \ufffdpostgres\ufffd
E           Multiple connection attempts failed. All failures were:
E           - host: 'localhost', port: '5432', hostaddr: '::1': connection failed: connection to server at "::1", port 5432 failed: FATAL:  la autentificaci\ufffdn password fall\ufffd para el usuario \ufffdpostgres\ufffd
E           - host: 'localhost', port: '5432', hostaddr: '127.0.0.1': connection failed: connection to server at "127.0.0.1", port 5432 failed: FATAL:  la autentificaci\ufffdn password fall\ufffd para el usuario \ufffdpostgres\ufffd

..\..\..\AppData\Roaming\Python\Python313\site-packages\psycopg\connection.py:127: OperationalError

During handling of the above exception, another exception occurred:

self = <DatabaseWrapper vendor='postgresql' alias='default'>

    @async_unsafe
    def ensure_connection(self):
        """Guarantee that a connection to the database is established."""
        if self.connection is None:
            if self.in_atomic_block and self.closed_in_transaction:
                raise ProgrammingError(
                    "Cannot open a new connection in an atomic block."
                )
            with self.wrap_database_errors:
>               self.connect()

..\..\..\AppData\Roaming\Python\Python313\site-packages\django\db\backends\base\base.py:279: 
_ _ _ _ _ _ _ _ _ _ _ _ _ _ _ _ _ _ _ _ _ _ _ _ _ _ _ _ _ _ _ _ _ _ _ _ _ _ _ _
..\..\..\AppData\Roaming\Python\Python313\site-packages\django\utils\asyncio.py:26: in inner
    return func(*args, **kwargs)
..\..\..\AppData\Roaming\Python\Python313\site-packages\django\db\backends\base\base.py:256: in connect
    self.connection = self.get_new_connection(conn_params)
..\..\..\AppData\Roaming\Python\Python313\site-packages\django\utils\asyncio.py:26: in inner
    return func(*args, **kwargs)
..\..\..\AppData\Roaming\Python\Python313\site-packages\django\db\backends\postgresql\base.py:332: in get_new_connection
    connection = self.Database.connect(**conn_params)
_ _ _ _ _ _ _ _ _ _ _ _ _ _ _ _ _ _ _ _ _ _ _ _ _ _ _ _ _ _ _ _ _ _ _ _ _ _ _ _

cls = <class 'psycopg.Connection'>
conninfo = 'dbname=ruffles_db client_encoding=UTF8 user=postgres password=postgres host=localhost port=5432 hostaddr=127.0.0.1'
autocommit = False, prepare_threshold = None
context = <psycopg.adapt.AdaptersMap object at 0x000001CEB3E42350>
row_factory = None
cursor_factory = <class 'django.db.backends.postgresql.base.Cursor'>
kwargs = {'client_encoding': 'UTF8', 'dbname': 'ruffles_db', 'host': 'localhost', 'password': 'postgres', ...}
params = {'client_encoding': 'UTF8', 'dbname': 'ruffles_db', 'host': 'localhost', 'password': 'postgres', ...}
timeout = 130

    @classmethod
    def connect(
        cls,
        conninfo: str = "",
        *,
        autocommit: bool = False,
        prepare_threshold: int | None = 5,
        context: AdaptContext | None = None,
        row_factory: RowFactory[Row] | None = None,
        cursor_factory: type[Cursor[Row]] | None = None,
        **kwargs: ConnParam,
    ) -> Self:
        """
        Connect to a database server and return a new `Connection` instance.
        """
    
        params = cls._get_connection_params(conninfo, **kwargs)
        timeout = timeout_from_conninfo(params)
        rv = None
        attempts = conninfo_attempts(params)
        conn_errors: list[tuple[e.Error, str]] = []
        for attempt in attempts:
            tdescr = (attempt.get("host"), attempt.get("port"), attempt.get("hostaddr"))
            descr = "host: %r, port: %r, hostaddr: %r" % tdescr
            logger.debug("connection attempt: %s", descr)
            try:
                conninfo = make_conninfo("", **attempt)
                gen = cls._connect_gen(conninfo, timeout=timeout)
                rv = waiting.wait_conn(gen, interval=_WAIT_INTERVAL)
            except e.Error as ex:
                logger.debug("connection failed: %s: %s", descr, str(ex))
                conn_errors.append((ex, descr))
            except e._NO_TRACEBACK as ex:
                raise ex.with_traceback(None)
            else:
                logger.debug("connection succeeded: %s", descr)
                break
    
        if not rv:
            last_ex = conn_errors[-1][0]
            if len(conn_errors) == 1:
                raise last_ex.with_traceback(None)
    
            # Create a new exception with the same type as the last one, containing
            # all attempt errors while preserving backward compatibility.
            lines = [str(last_ex)]
            lines.append("Multiple connection attempts failed. All failures were:")
            lines.extend((f"- {descr}: {error}" for error, descr in conn_errors))
>           raise type(last_ex)("\n".join(lines)).with_traceback(None)
E           psycopg.OperationalError: connection failed: connection to server at "127.0.0.1", port 5432 failed: FATAL:  la autentificaci\ufffdn password fall\ufffd para el usuario \ufffdpostgres\ufffd
E           Multiple connection attempts failed. All failures were:
E           - host: 'localhost', port: '5432', hostaddr: '::1': connection failed: connection to server at "::1", port 5432 failed: FATAL:  la autentificaci\ufffdn password fall\ufffd para el usuario \ufffdpostgres\ufffd
E           - host: 'localhost', port: '5432', hostaddr: '127.0.0.1': connection failed: connection to server at "127.0.0.1", port 5432 failed: FATAL:  la autentificaci\ufffdn password fall\ufffd para el usuario \ufffdpostgres\ufffd

..\..\..\AppData\Roaming\Python\Python313\site-packages\psycopg\connection.py:127: OperationalError

The above exception was the direct cause of the following exception:

request = <SubRequest 'django_db_setup' for <Function test_login_success_returns_jwt>>
django_test_environment = None
django_db_blocker = <pytest_django.plugin.DjangoDbBlocker object at 0x000001CEB17F0050>
django_db_use_migrations = True, django_db_keepdb = False
django_db_createdb = False, django_db_modify_db_settings = None

    @pytest.fixture(scope="session")
    def django_db_setup(
        request: pytest.FixtureRequest,
        django_test_environment: None,
        django_db_blocker: DjangoDbBlocker,
        django_db_use_migrations: bool,
        django_db_keepdb: bool,
        django_db_createdb: bool,
        django_db_modify_db_settings: None,
    ) -> Generator[None, None, None]:
        """Top level fixture to ensure test databases are available"""
        from django.test.utils import setup_databases, teardown_databases
    
        setup_databases_args = {}
    
        if not django_db_use_migrations:
            _disable_migrations()
    
        if django_db_keepdb and not django_db_createdb:
            setup_databases_args["keepdb"] = True
    
        with django_db_blocker.unblock():
>           db_cfg = setup_databases(
                verbosity=request.config.option.verbose,
                interactive=False,
                **setup_databases_args,
            )

..\..\..\AppData\Roaming\Python\Python313\site-packages\pytest_django\fixtures.py:140: 
_ _ _ _ _ _ _ _ _ _ _ _ _ _ _ _ _ _ _ _ _ _ _ _ _ _ _ _ _ _ _ _ _ _ _ _ _ _ _ _
..\..\..\AppData\Roaming\Python\Python313\site-packages\django\test\utils.py:204: in setup_databases
    connection.creation.create_test_db(
..\..\..\AppData\Roaming\Python\Python313\site-packages\django\db\backends\base\creation.py:62: in create_test_db
    self._create_test_db(verbosity, autoclobber, keepdb)
..\..\..\AppData\Roaming\Python\Python313\site-packages\django\db\backends\base\creation.py:202: in _create_test_db
    with self._nodb_cursor() as cursor:
C:\Python313\Lib\contextlib.py:141: in __enter__
    return next(self.gen)
..\..\..\AppData\Roaming\Python\Python313\site-packages\django\db\backends\postgresql\base.py:533: in _nodb_cursor
    with conn.cursor() as cursor:
..\..\..\AppData\Roaming\Python\Python313\site-packages\django\utils\asyncio.py:26: in inner
    return func(*args, **kwargs)
..\..\..\AppData\Roaming\Python\Python313\site-packages\django\db\backends\base\base.py:320: in cursor
    return self._cursor()
..\..\..\AppData\Roaming\Python\Python313\site-packages\django\db\backends\base\base.py:296: in _cursor
    self.ensure_connection()
..\..\..\AppData\Roaming\Python\Python313\site-packages\django\utils\asyncio.py:26: in inner
    return func(*args, **kwargs)
..\..\..\AppData\Roaming\Python\Python313\site-packages\django\db\backends\base\base.py:278: in ensure_connection
    with self.wrap_database_errors:
..\..\..\AppData\Roaming\Python\Python313\site-packages\django\db\utils.py:91: in __exit__
    raise dj_exc_value.with_traceback(traceback) from exc_value
..\..\..\AppData\Roaming\Python\Python313\site-packages\django\db\backends\base\base.py:279: in ensure_connection
    self.connect()
..\..\..\AppData\Roaming\Python\Python313\site-packages\django\utils\asyncio.py:26: in inner
    return func(*args, **kwargs)
..\..\..\AppData\Roaming\Python\Python313\site-packages\django\db\backends\base\base.py:256: in connect
    self.connection = self.get_new_connection(conn_params)
..\..\..\AppData\Roaming\Python\Python313\site-packages\django\utils\asyncio.py:26: in inner
    return func(*args, **kwargs)
..\..\..\AppData\Roaming\Python\Python313\site-packages\django\db\backends\postgresql\base.py:332: in get_new_connection
    connection = self.Database.connect(**conn_params)
_ _ _ _ _ _ _ _ _ _ _ _ _ _ _ _ _ _ _ _ _ _ _ _ _ _ _ _ _ _ _ _ _ _ _ _ _ _ _ _

cls = <class 'psycopg.Connection'>
conninfo = 'dbname=ruffles_db client_encoding=UTF8 user=postgres password=postgres host=localhost port=5432 hostaddr=127.0.0.1'
autocommit = False, prepare_threshold = None
context = <psycopg.adapt.AdaptersMap object at 0x000001CEB3E42350>
row_factory = None
cursor_factory = <class 'django.db.backends.postgresql.base.Cursor'>
kwargs = {'client_encoding': 'UTF8', 'dbname': 'ruffles_db', 'host': 'localhost', 'password': 'postgres', ...}
params = {'client_encoding': 'UTF8', 'dbname': 'ruffles_db', 'host': 'localhost', 'password': 'postgres', ...}
timeout = 130

    @classmethod
    def connect(
        cls,
        conninfo: str = "",
        *,
        autocommit: bool = False,
        prepare_threshold: int | None = 5,
        context: AdaptContext | None = None,
        row_factory: RowFactory[Row] | None = None,
        cursor_factory: type[Cursor[Row]] | None = None,
        **kwargs: ConnParam,
    ) -> Self:
        """
        Connect to a database server and return a new `Connection` instance.
        """
    
        params = cls._get_connection_params(conninfo, **kwargs)
        timeout = timeout_from_conninfo(params)
        rv = None
        attempts = conninfo_attempts(params)
        conn_errors: list[tuple[e.Error, str]] = []
        for attempt in attempts:
            tdescr = (attempt.get("host"), attempt.get("port"), attempt.get("hostaddr"))
            descr = "host: %r, port: %r, hostaddr: %r" % tdescr
            logger.debug("connection attempt: %s", descr)
            try:
                conninfo = make_conninfo("", **attempt)
                gen = cls._connect_gen(conninfo, timeout=timeout)
                rv = waiting.wait_conn(gen, interval=_WAIT_INTERVAL)
            except e.Error as ex:
                logger.debug("connection failed: %s: %s", descr, str(ex))
                conn_errors.append((ex, descr))
            except e._NO_TRACEBACK as ex:
                raise ex.with_traceback(None)
            else:
                logger.debug("connection succeeded: %s", descr)
                break
    
        if not rv:
            last_ex = conn_errors[-1][0]
            if len(conn_errors) == 1:
                raise last_ex.with_traceback(None)
    
            # Create a new exception with the same type as the last one, containing
            # all attempt errors while preserving backward compatibility.
            lines = [str(last_ex)]
            lines.append("Multiple connection attempts failed. All failures were:")
            lines.extend((f"- {descr}: {error}" for error, descr in conn_errors))
>           raise type(last_ex)("\n".join(lines)).with_traceback(None)
E           django.db.utils.OperationalError: connection failed: connection to server at "127.0.0.1", port 5432 failed: FATAL:  la autentificaci\ufffdn password fall\ufffd para el usuario \ufffdpostgres\ufffd
E           Multiple connection attempts failed. All failures were:
E           - host: 'localhost', port: '5432', hostaddr: '::1': connection failed: connection to server at "::1", port 5432 failed: FATAL:  la autentificaci\ufffdn password fall\ufffd para el usuario \ufffdpostgres\ufffd
E           - host: 'localhost', port: '5432', hostaddr: '127.0.0.1': connection failed: connection to server at "127.0.0.1", port 5432 failed: FATAL:  la autentificaci\ufffdn password fall\ufffd para el usuario \ufffdpostgres\ufffd

..\..\..\AppData\Roaming\Python\Python313\site-packages\psycopg\connection.py:127: OperationalError
_ ERROR at setup of TestCreateRaffle.test_create_missing_required_fields_returns_400 _

self = <DatabaseWrapper vendor='postgresql' alias='__no_db__'>

    @async_unsafe
    def ensure_connection(self):
        """Guarantee that a connection to the database is established."""
        if self.connection is None:
            if self.in_atomic_block and self.closed_in_transaction:
                raise ProgrammingError(
                    "Cannot open a new connection in an atomic block."
                )
            with self.wrap_database_errors:
>               self.connect()

..\..\..\AppData\Roaming\Python\Python313\site-packages\django\db\backends\base\base.py:279: 
_ _ _ _ _ _ _ _ _ _ _ _ _ _ _ _ _ _ _ _ _ _ _ _ _ _ _ _ _ _ _ _ _ _ _ _ _ _ _ _
..\..\..\AppData\Roaming\Python\Python313\site-packages\django\utils\asyncio.py:26: in inner
    return func(*args, **kwargs)
..\..\..\AppData\Roaming\Python\Python313\site-packages\django\db\backends\base\base.py:256: in connect
    self.connection = self.get_new_connection(conn_params)
..\..\..\AppData\Roaming\Python\Python313\site-packages\django\utils\asyncio.py:26: in inner
    return func(*args, **kwargs)
..\..\..\AppData\Roaming\Python\Python313\site-packages\django\db\backends\postgresql\base.py:332: in get_new_connection
    connection = self.Database.connect(**conn_params)
_ _ _ _ _ _ _ _ _ _ _ _ _ _ _ _ _ _ _ _ _ _ _ _ _ _ _ _ _ _ _ _ _ _ _ _ _ _ _ _

cls = <class 'psycopg.Connection'>
conninfo = 'dbname=postgres client_encoding=UTF8 user=postgres password=postgres host=localhost port=5432 hostaddr=127.0.0.1'
autocommit = False, prepare_threshold = None
context = <psycopg.adapt.AdaptersMap object at 0x000001CEB3E42350>
row_factory = None
cursor_factory = <class 'django.db.backends.postgresql.base.Cursor'>
kwargs = {'client_encoding': 'UTF8', 'dbname': 'postgres', 'host': 'localhost', 'password': 'postgres', ...}
params = {'client_encoding': 'UTF8', 'dbname': 'postgres', 'host': 'localhost', 'password': 'postgres', ...}
timeout = 130

    @classmethod
    def connect(
        cls,
        conninfo: str = "",
        *,
        autocommit: bool = False,
        prepare_threshold: int | None = 5,
        context: AdaptContext | None = None,
        row_factory: RowFactory[Row] | None = None,
        cursor_factory: type[Cursor[Row]] | None = None,
        **kwargs: ConnParam,
    ) -> Self:
        """
        Connect to a database server and return a new `Connection` instance.
        """
    
        params = cls._get_connection_params(conninfo, **kwargs)
        timeout = timeout_from_conninfo(params)
        rv = None
        attempts = conninfo_attempts(params)
        conn_errors: list[tuple[e.Error, str]] = []
        for attempt in attempts:
            tdescr = (attempt.get("host"), attempt.get("port"), attempt.get("hostaddr"))
            descr = "host: %r, port: %r, hostaddr: %r" % tdescr
            logger.debug("connection attempt: %s", descr)
            try:
                conninfo = make_conninfo("", **attempt)
                gen = cls._connect_gen(conninfo, timeout=timeout)
                rv = waiting.wait_conn(gen, interval=_WAIT_INTERVAL)
            except e.Error as ex:
                logger.debug("connection failed: %s: %s", descr, str(ex))
                conn_errors.append((ex, descr))
            except e._NO_TRACEBACK as ex:
                raise ex.with_traceback(None)
            else:
                logger.debug("connection succeeded: %s", descr)
                break
    
        if not rv:
            last_ex = conn_errors[-1][0]
            if len(conn_errors) == 1:
                raise last_ex.with_traceback(None)
    
            # Create a new exception with the same type as the last one, containing
            # all attempt errors while preserving backward compatibility.
            lines = [str(last_ex)]
            lines.append("Multiple connection attempts failed. All failures were:")
            lines.extend((f"- {descr}: {error}" for error, descr in conn_errors))
>           raise type(last_ex)("\n".join(lines)).with_traceback(None)
E           psycopg.OperationalError: connection failed: connection to server at "127.0.0.1", port 5432 failed: FATAL:  la autentificaci\ufffdn password fall\ufffd para el usuario \ufffdpostgres\ufffd
E           Multiple connection attempts failed. All failures were:
E           - host: 'localhost', port: '5432', hostaddr: '::1': connection failed: connection to server at "::1", port 5432 failed: FATAL:  la autentificaci\ufffdn password fall\ufffd para el usuario \ufffdpostgres\ufffd
E           - host: 'localhost', port: '5432', hostaddr: '127.0.0.1': connection failed: connection to server at "127.0.0.1", port 5432 failed: FATAL:  la autentificaci\ufffdn password fall\ufffd para el usuario \ufffdpostgres\ufffd

..\..\..\AppData\Roaming\Python\Python313\site-packages\psycopg\connection.py:127: OperationalError

The above exception was the direct cause of the following exception:

self = <DatabaseWrapper vendor='postgresql' alias='default'>

    @contextmanager
    def _nodb_cursor(self):
        cursor = None
        try:
>           with super()._nodb_cursor() as cursor:

..\..\..\AppData\Roaming\Python\Python313\site-packages\django\db\backends\postgresql\base.py:507: 
_ _ _ _ _ _ _ _ _ _ _ _ _ _ _ _ _ _ _ _ _ _ _ _ _ _ _ _ _ _ _ _ _ _ _ _ _ _ _ _
C:\Python313\Lib\contextlib.py:141: in __enter__
    return next(self.gen)
..\..\..\AppData\Roaming\Python\Python313\site-packages\django\db\backends\base\base.py:712: in _nodb_cursor
    with conn.cursor() as cursor:
..\..\..\AppData\Roaming\Python\Python313\site-packages\django\utils\asyncio.py:26: in inner
    return func(*args, **kwargs)
..\..\..\AppData\Roaming\Python\Python313\site-packages\django\db\backends\base\base.py:320: in cursor
    return self._cursor()
..\..\..\AppData\Roaming\Python\Python313\site-packages\django\db\backends\base\base.py:296: in _cursor
    self.ensure_connection()
..\..\..\AppData\Roaming\Python\Python313\site-packages\django\utils\asyncio.py:26: in inner
    return func(*args, **kwargs)
..\..\..\AppData\Roaming\Python\Python313\site-packages\django\db\backends\base\base.py:278: in ensure_connection
    with self.wrap_database_errors:
..\..\..\AppData\Roaming\Python\Python313\site-packages\django\db\utils.py:91: in __exit__
    raise dj_exc_value.with_traceback(traceback) from exc_value
..\..\..\AppData\Roaming\Python\Python313\site-packages\django\db\backends\base\base.py:279: in ensure_connection
    self.connect()
..\..\..\AppData\Roaming\Python\Python313\site-packages\django\utils\asyncio.py:26: in inner
    return func(*args, **kwargs)
..\..\..\AppData\Roaming\Python\Python313\site-packages\django\db\backends\base\base.py:256: in connect
    self.connection = self.get_new_connection(conn_params)
..\..\..\AppData\Roaming\Python\Python313\site-packages\django\utils\asyncio.py:26: in inner
    return func(*args, **kwargs)
..\..\..\AppData\Roaming\Python\Python313\site-packages\django\db\backends\postgresql\base.py:332: in get_new_connection
    connection = self.Database.connect(**conn_params)
_ _ _ _ _ _ _ _ _ _ _ _ _ _ _ _ _ _ _ _ _ _ _ _ _ _ _ _ _ _ _ _ _ _ _ _ _ _ _ _

cls = <class 'psycopg.Connection'>
conninfo = 'dbname=postgres client_encoding=UTF8 user=postgres password=postgres host=localhost port=5432 hostaddr=127.0.0.1'
autocommit = False, prepare_threshold = None
context = <psycopg.adapt.AdaptersMap object at 0x000001CEB3E42350>
row_factory = None
cursor_factory = <class 'django.db.backends.postgresql.base.Cursor'>
kwargs = {'client_encoding': 'UTF8', 'dbname': 'postgres', 'host': 'localhost', 'password': 'postgres', ...}
params = {'client_encoding': 'UTF8', 'dbname': 'postgres', 'host': 'localhost', 'password': 'postgres', ...}
timeout = 130

    @classmethod
    def connect(
        cls,
        conninfo: str = "",
        *,
        autocommit: bool = False,
        prepare_threshold: int | None = 5,
        context: AdaptContext | None = None,
        row_factory: RowFactory[Row] | None = None,
        cursor_factory: type[Cursor[Row]] | None = None,
        **kwargs: ConnParam,
    ) -> Self:
        """
        Connect to a database server and return a new `Connection` instance.
        """
    
        params = cls._get_connection_params(conninfo, **kwargs)
        timeout = timeout_from_conninfo(params)
        rv = None
        attempts = conninfo_attempts(params)
        conn_errors: list[tuple[e.Error, str]] = []
        for attempt in attempts:
            tdescr = (attempt.get("host"), attempt.get("port"), attempt.get("hostaddr"))
            descr = "host: %r, port: %r, hostaddr: %r" % tdescr
            logger.debug("connection attempt: %s", descr)
            try:
                conninfo = make_conninfo("", **attempt)
                gen = cls._connect_gen(conninfo, timeout=timeout)
                rv = waiting.wait_conn(gen, interval=_WAIT_INTERVAL)
            except e.Error as ex:
                logger.debug("connection failed: %s: %s", descr, str(ex))
                conn_errors.append((ex, descr))
            except e._NO_TRACEBACK as ex:
                raise ex.with_traceback(None)
            else:
                logger.debug("connection succeeded: %s", descr)
                break
    
        if not rv:
            last_ex = conn_errors[-1][0]
            if len(conn_errors) == 1:
                raise last_ex.with_traceback(None)
    
            # Create a new exception with the same type as the last one, containing
            # all attempt errors while preserving backward compatibility.
            lines = [str(last_ex)]
            lines.append("Multiple connection attempts failed. All failures were:")
            lines.extend((f"- {descr}: {error}" for error, descr in conn_errors))
>           raise type(last_ex)("\n".join(lines)).with_traceback(None)
E           django.db.utils.OperationalError: connection failed: connection to server at "127.0.0.1", port 5432 failed: FATAL:  la autentificaci\ufffdn password fall\ufffd para el usuario \ufffdpostgres\ufffd
E           Multiple connection attempts failed. All failures were:
E           - host: 'localhost', port: '5432', hostaddr: '::1': connection failed: connection to server at "::1", port 5432 failed: FATAL:  la autentificaci\ufffdn password fall\ufffd para el usuario \ufffdpostgres\ufffd
E           - host: 'localhost', port: '5432', hostaddr: '127.0.0.1': connection failed: connection to server at "127.0.0.1", port 5432 failed: FATAL:  la autentificaci\ufffdn password fall\ufffd para el usuario \ufffdpostgres\ufffd

..\..\..\AppData\Roaming\Python\Python313\site-packages\psycopg\connection.py:127: OperationalError

During handling of the above exception, another exception occurred:

self = <DatabaseWrapper vendor='postgresql' alias='default'>

    @async_unsafe
    def ensure_connection(self):
        """Guarantee that a connection to the database is established."""
        if self.connection is None:
            if self.in_atomic_block and self.closed_in_transaction:
                raise ProgrammingError(
                    "Cannot open a new connection in an atomic block."
                )
            with self.wrap_database_errors:
>               self.connect()

..\..\..\AppData\Roaming\Python\Python313\site-packages\django\db\backends\base\base.py:279: 
_ _ _ _ _ _ _ _ _ _ _ _ _ _ _ _ _ _ _ _ _ _ _ _ _ _ _ _ _ _ _ _ _ _ _ _ _ _ _ _
..\..\..\AppData\Roaming\Python\Python313\site-packages\django\utils\asyncio.py:26: in inner
    return func(*args, **kwargs)
..\..\..\AppData\Roaming\Python\Python313\site-packages\django\db\backends\base\base.py:256: in connect
    self.connection = self.get_new_connection(conn_params)
..\..\..\AppData\Roaming\Python\Python313\site-packages\django\utils\asyncio.py:26: in inner
    return func(*args, **kwargs)
..\..\..\AppData\Roaming\Python\Python313\site-packages\django\db\backends\postgresql\base.py:332: in get_new_connection
    connection = self.Database.connect(**conn_params)
_ _ _ _ _ _ _ _ _ _ _ _ _ _ _ _ _ _ _ _ _ _ _ _ _ _ _ _ _ _ _ _ _ _ _ _ _ _ _ _

cls = <class 'psycopg.Connection'>
conninfo = 'dbname=ruffles_db client_encoding=UTF8 user=postgres password=postgres host=localhost port=5432 hostaddr=127.0.0.1'
autocommit = False, prepare_threshold = None
context = <psycopg.adapt.AdaptersMap object at 0x000001CEB3E42350>
row_factory = None
cursor_factory = <class 'django.db.backends.postgresql.base.Cursor'>
kwargs = {'client_encoding': 'UTF8', 'dbname': 'ruffles_db', 'host': 'localhost', 'password': 'postgres', ...}
params = {'client_encoding': 'UTF8', 'dbname': 'ruffles_db', 'host': 'localhost', 'password': 'postgres', ...}
timeout = 130

    @classmethod
    def connect(
        cls,
        conninfo: str = "",
        *,
        autocommit: bool = False,
        prepare_threshold: int | None = 5,
        context: AdaptContext | None = None,
        row_factory: RowFactory[Row] | None = None,
        cursor_factory: type[Cursor[Row]] | None = None,
        **kwargs: ConnParam,
    ) -> Self:
        """
        Connect to a database server and return a new `Connection` instance.
        """
    
        params = cls._get_connection_params(conninfo, **kwargs)
        timeout = timeout_from_conninfo(params)
        rv = None
        attempts = conninfo_attempts(params)
        conn_errors: list[tuple[e.Error, str]] = []
        for attempt in attempts:
            tdescr = (attempt.get("host"), attempt.get("port"), attempt.get("hostaddr"))
            descr = "host: %r, port: %r, hostaddr: %r" % tdescr
            logger.debug("connection attempt: %s", descr)
            try:
                conninfo = make_conninfo("", **attempt)
                gen = cls._connect_gen(conninfo, timeout=timeout)
                rv = waiting.wait_conn(gen, interval=_WAIT_INTERVAL)
            except e.Error as ex:
                logger.debug("connection failed: %s: %s", descr, str(ex))
                conn_errors.append((ex, descr))
            except e._NO_TRACEBACK as ex:
                raise ex.with_traceback(None)
            else:
                logger.debug("connection succeeded: %s", descr)
                break
    
        if not rv:
            last_ex = conn_errors[-1][0]
            if len(conn_errors) == 1:
                raise last_ex.with_traceback(None)
    
            # Create a new exception with the same type as the last one, containing
            # all attempt errors while preserving backward compatibility.
            lines = [str(last_ex)]
            lines.append("Multiple connection attempts failed. All failures were:")
            lines.extend((f"- {descr}: {error}" for error, descr in conn_errors))
>           raise type(last_ex)("\n".join(lines)).with_traceback(None)
E           psycopg.OperationalError: connection failed: connection to server at "127.0.0.1", port 5432 failed: FATAL:  la autentificaci\ufffdn password fall\ufffd para el usuario \ufffdpostgres\ufffd
E           Multiple connection attempts failed. All failures were:
E           - host: 'localhost', port: '5432', hostaddr: '::1': connection failed: connection to server at "::1", port 5432 failed: FATAL:  la autentificaci\ufffdn password fall\ufffd para el usuario \ufffdpostgres\ufffd
E           - host: 'localhost', port: '5432', hostaddr: '127.0.0.1': connection failed: connection to server at "127.0.0.1", port 5432 failed: FATAL:  la autentificaci\ufffdn password fall\ufffd para el usuario \ufffdpostgres\ufffd

..\..\..\AppData\Roaming\Python\Python313\site-packages\psycopg\connection.py:127: OperationalError

The above exception was the direct cause of the following exception:

request = <SubRequest 'django_db_setup' for <Function test_login_success_returns_jwt>>
django_test_environment = None
django_db_blocker = <pytest_django.plugin.DjangoDbBlocker object at 0x000001CEB17F0050>
django_db_use_migrations = True, django_db_keepdb = False
django_db_createdb = False, django_db_modify_db_settings = None

    @pytest.fixture(scope="session")
    def django_db_setup(
        request: pytest.FixtureRequest,
        django_test_environment: None,
        django_db_blocker: DjangoDbBlocker,
        django_db_use_migrations: bool,
        django_db_keepdb: bool,
        django_db_createdb: bool,
        django_db_modify_db_settings: None,
    ) -> Generator[None, None, None]:
        """Top level fixture to ensure test databases are available"""
        from django.test.utils import setup_databases, teardown_databases
    
        setup_databases_args = {}
    
        if not django_db_use_migrations:
            _disable_migrations()
    
        if django_db_keepdb and not django_db_createdb:
            setup_databases_args["keepdb"] = True
    
        with django_db_blocker.unblock():
>           db_cfg = setup_databases(
                verbosity=request.config.option.verbose,
                interactive=False,
                **setup_databases_args,
            )

..\..\..\AppData\Roaming\Python\Python313\site-packages\pytest_django\fixtures.py:140: 
_ _ _ _ _ _ _ _ _ _ _ _ _ _ _ _ _ _ _ _ _ _ _ _ _ _ _ _ _ _ _ _ _ _ _ _ _ _ _ _
..\..\..\AppData\Roaming\Python\Python313\site-packages\django\test\utils.py:204: in setup_databases
    connection.creation.create_test_db(
..\..\..\AppData\Roaming\Python\Python313\site-packages\django\db\backends\base\creation.py:62: in create_test_db
    self._create_test_db(verbosity, autoclobber, keepdb)
..\..\..\AppData\Roaming\Python\Python313\site-packages\django\db\backends\base\creation.py:202: in _create_test_db
    with self._nodb_cursor() as cursor:
C:\Python313\Lib\contextlib.py:141: in __enter__
    return next(self.gen)
..\..\..\AppData\Roaming\Python\Python313\site-packages\django\db\backends\postgresql\base.py:533: in _nodb_cursor
    with conn.cursor() as cursor:
..\..\..\AppData\Roaming\Python\Python313\site-packages\django\utils\asyncio.py:26: in inner
    return func(*args, **kwargs)
..\..\..\AppData\Roaming\Python\Python313\site-packages\django\db\backends\base\base.py:320: in cursor
    return self._cursor()
..\..\..\AppData\Roaming\Python\Python313\site-packages\django\db\backends\base\base.py:296: in _cursor
    self.ensure_connection()
..\..\..\AppData\Roaming\Python\Python313\site-packages\django\utils\asyncio.py:26: in inner
    return func(*args, **kwargs)
..\..\..\AppData\Roaming\Python\Python313\site-packages\django\db\backends\base\base.py:278: in ensure_connection
    with self.wrap_database_errors:
..\..\..\AppData\Roaming\Python\Python313\site-packages\django\db\utils.py:91: in __exit__
    raise dj_exc_value.with_traceback(traceback) from exc_value
..\..\..\AppData\Roaming\Python\Python313\site-packages\django\db\backends\base\base.py:279: in ensure_connection
    self.connect()
..\..\..\AppData\Roaming\Python\Python313\site-packages\django\utils\asyncio.py:26: in inner
    return func(*args, **kwargs)
..\..\..\AppData\Roaming\Python\Python313\site-packages\django\db\backends\base\base.py:256: in connect
    self.connection = self.get_new_connection(conn_params)
..\..\..\AppData\Roaming\Python\Python313\site-packages\django\utils\asyncio.py:26: in inner
    return func(*args, **kwargs)
..\..\..\AppData\Roaming\Python\Python313\site-packages\django\db\backends\postgresql\base.py:332: in get_new_connection
    connection = self.Database.connect(**conn_params)
_ _ _ _ _ _ _ _ _ _ _ _ _ _ _ _ _ _ _ _ _ _ _ _ _ _ _ _ _ _ _ _ _ _ _ _ _ _ _ _

cls = <class 'psycopg.Connection'>
conninfo = 'dbname=ruffles_db client_encoding=UTF8 user=postgres password=postgres host=localhost port=5432 hostaddr=127.0.0.1'
autocommit = False, prepare_threshold = None
context = <psycopg.adapt.AdaptersMap object at 0x000001CEB3E42350>
row_factory = None
cursor_factory = <class 'django.db.backends.postgresql.base.Cursor'>
kwargs = {'client_encoding': 'UTF8', 'dbname': 'ruffles_db', 'host': 'localhost', 'password': 'postgres', ...}
params = {'client_encoding': 'UTF8', 'dbname': 'ruffles_db', 'host': 'localhost', 'password': 'postgres', ...}
timeout = 130

    @classmethod
    def connect(
        cls,
        conninfo: str = "",
        *,
        autocommit: bool = False,
        prepare_threshold: int | None = 5,
        context: AdaptContext | None = None,
        row_factory: RowFactory[Row] | None = None,
        cursor_factory: type[Cursor[Row]] | None = None,
        **kwargs: ConnParam,
    ) -> Self:
        """
        Connect to a database server and return a new `Connection` instance.
        """
    
        params = cls._get_connection_params(conninfo, **kwargs)
        timeout = timeout_from_conninfo(params)
        rv = None
        attempts = conninfo_attempts(params)
        conn_errors: list[tuple[e.Error, str]] = []
        for attempt in attempts:
            tdescr = (attempt.get("host"), attempt.get("port"), attempt.get("hostaddr"))
            descr = "host: %r, port: %r, hostaddr: %r" % tdescr
            logger.debug("connection attempt: %s", descr)
            try:
                conninfo = make_conninfo("", **attempt)
                gen = cls._connect_gen(conninfo, timeout=timeout)
                rv = waiting.wait_conn(gen, interval=_WAIT_INTERVAL)
            except e.Error as ex:
                logger.debug("connection failed: %s: %s", descr, str(ex))
                conn_errors.append((ex, descr))
            except e._NO_TRACEBACK as ex:
                raise ex.with_traceback(None)
            else:
                logger.debug("connection succeeded: %s", descr)
                break
    
        if not rv:
            last_ex = conn_errors[-1][0]
            if len(conn_errors) == 1:
                raise last_ex.with_traceback(None)
    
            # Create a new exception with the same type as the last one, containing
            # all attempt errors while preserving backward compatibility.
            lines = [str(last_ex)]
            lines.append("Multiple connection attempts failed. All failures were:")
            lines.extend((f"- {descr}: {error}" for error, descr in conn_errors))
>           raise type(last_ex)("\n".join(lines)).with_traceback(None)
E           django.db.utils.OperationalError: connection failed: connection to server at "127.0.0.1", port 5432 failed: FATAL:  la autentificaci\ufffdn password fall\ufffd para el usuario \ufffdpostgres\ufffd
E           Multiple connection attempts failed. All failures were:
E           - host: 'localhost', port: '5432', hostaddr: '::1': connection failed: connection to server at "::1", port 5432 failed: FATAL:  la autentificaci\ufffdn password fall\ufffd para el usuario \ufffdpostgres\ufffd
E           - host: 'localhost', port: '5432', hostaddr: '127.0.0.1': connection failed: connection to server at "127.0.0.1", port 5432 failed: FATAL:  la autentificaci\ufffdn password fall\ufffd para el usuario \ufffdpostgres\ufffd

..\..\..\AppData\Roaming\Python\Python313\site-packages\psycopg\connection.py:127: OperationalError
_______ ERROR at setup of TestCreateRaffle.test_creator_is_request_user _______

self = <DatabaseWrapper vendor='postgresql' alias='__no_db__'>

    @async_unsafe
    def ensure_connection(self):
        """Guarantee that a connection to the database is established."""
        if self.connection is None:
            if self.in_atomic_block and self.closed_in_transaction:
                raise ProgrammingError(
                    "Cannot open a new connection in an atomic block."
                )
            with self.wrap_database_errors:
>               self.connect()

..\..\..\AppData\Roaming\Python\Python313\site-packages\django\db\backends\base\base.py:279: 
_ _ _ _ _ _ _ _ _ _ _ _ _ _ _ _ _ _ _ _ _ _ _ _ _ _ _ _ _ _ _ _ _ _ _ _ _ _ _ _
..\..\..\AppData\Roaming\Python\Python313\site-packages\django\utils\asyncio.py:26: in inner
    return func(*args, **kwargs)
..\..\..\AppData\Roaming\Python\Python313\site-packages\django\db\backends\base\base.py:256: in connect
    self.connection = self.get_new_connection(conn_params)
..\..\..\AppData\Roaming\Python\Python313\site-packages\django\utils\asyncio.py:26: in inner
    return func(*args, **kwargs)
..\..\..\AppData\Roaming\Python\Python313\site-packages\django\db\backends\postgresql\base.py:332: in get_new_connection
    connection = self.Database.connect(**conn_params)
_ _ _ _ _ _ _ _ _ _ _ _ _ _ _ _ _ _ _ _ _ _ _ _ _ _ _ _ _ _ _ _ _ _ _ _ _ _ _ _

cls = <class 'psycopg.Connection'>
conninfo = 'dbname=postgres client_encoding=UTF8 user=postgres password=postgres host=localhost port=5432 hostaddr=127.0.0.1'
autocommit = False, prepare_threshold = None
context = <psycopg.adapt.AdaptersMap object at 0x000001CEB3E42350>
row_factory = None
cursor_factory = <class 'django.db.backends.postgresql.base.Cursor'>
kwargs = {'client_encoding': 'UTF8', 'dbname': 'postgres', 'host': 'localhost', 'password': 'postgres', ...}
params = {'client_encoding': 'UTF8', 'dbname': 'postgres', 'host': 'localhost', 'password': 'postgres', ...}
timeout = 130

    @classmethod
    def connect(
        cls,
        conninfo: str = "",
        *,
        autocommit: bool = False,
        prepare_threshold: int | None = 5,
        context: AdaptContext | None = None,
        row_factory: RowFactory[Row] | None = None,
        cursor_factory: type[Cursor[Row]] | None = None,
        **kwargs: ConnParam,
    ) -> Self:
        """
        Connect to a database server and return a new `Connection` instance.
        """
    
        params = cls._get_connection_params(conninfo, **kwargs)
        timeout = timeout_from_conninfo(params)
        rv = None
        attempts = conninfo_attempts(params)
        conn_errors: list[tuple[e.Error, str]] = []
        for attempt in attempts:
            tdescr = (attempt.get("host"), attempt.get("port"), attempt.get("hostaddr"))
            descr = "host: %r, port: %r, hostaddr: %r" % tdescr
            logger.debug("connection attempt: %s", descr)
            try:
                conninfo = make_conninfo("", **attempt)
                gen = cls._connect_gen(conninfo, timeout=timeout)
                rv = waiting.wait_conn(gen, interval=_WAIT_INTERVAL)
            except e.Error as ex:
                logger.debug("connection failed: %s: %s", descr, str(ex))
                conn_errors.append((ex, descr))
            except e._NO_TRACEBACK as ex:
                raise ex.with_traceback(None)
            else:
                logger.debug("connection succeeded: %s", descr)
                break
    
        if not rv:
            last_ex = conn_errors[-1][0]
            if len(conn_errors) == 1:
                raise last_ex.with_traceback(None)
    
            # Create a new exception with the same type as the last one, containing
            # all attempt errors while preserving backward compatibility.
            lines = [str(last_ex)]
            lines.append("Multiple connection attempts failed. All failures were:")
            lines.extend((f"- {descr}: {error}" for error, descr in conn_errors))
>           raise type(last_ex)("\n".join(lines)).with_traceback(None)
E           psycopg.OperationalError: connection failed: connection to server at "127.0.0.1", port 5432 failed: FATAL:  la autentificaci\ufffdn password fall\ufffd para el usuario \ufffdpostgres\ufffd
E           Multiple connection attempts failed. All failures were:
E           - host: 'localhost', port: '5432', hostaddr: '::1': connection failed: connection to server at "::1", port 5432 failed: FATAL:  la autentificaci\ufffdn password fall\ufffd para el usuario \ufffdpostgres\ufffd
E           - host: 'localhost', port: '5432', hostaddr: '127.0.0.1': connection failed: connection to server at "127.0.0.1", port 5432 failed: FATAL:  la autentificaci\ufffdn password fall\ufffd para el usuario \ufffdpostgres\ufffd

..\..\..\AppData\Roaming\Python\Python313\site-packages\psycopg\connection.py:127: OperationalError

The above exception was the direct cause of the following exception:

self = <DatabaseWrapper vendor='postgresql' alias='default'>

    @contextmanager
    def _nodb_cursor(self):
        cursor = None
        try:
>           with super()._nodb_cursor() as cursor:

..\..\..\AppData\Roaming\Python\Python313\site-packages\django\db\backends\postgresql\base.py:507: 
_ _ _ _ _ _ _ _ _ _ _ _ _ _ _ _ _ _ _ _ _ _ _ _ _ _ _ _ _ _ _ _ _ _ _ _ _ _ _ _
C:\Python313\Lib\contextlib.py:141: in __enter__
    return next(self.gen)
..\..\..\AppData\Roaming\Python\Python313\site-packages\django\db\backends\base\base.py:712: in _nodb_cursor
    with conn.cursor() as cursor:
..\..\..\AppData\Roaming\Python\Python313\site-packages\django\utils\asyncio.py:26: in inner
    return func(*args, **kwargs)
..\..\..\AppData\Roaming\Python\Python313\site-packages\django\db\backends\base\base.py:320: in cursor
    return self._cursor()
..\..\..\AppData\Roaming\Python\Python313\site-packages\django\db\backends\base\base.py:296: in _cursor
    self.ensure_connection()
..\..\..\AppData\Roaming\Python\Python313\site-packages\django\utils\asyncio.py:26: in inner
    return func(*args, **kwargs)
..\..\..\AppData\Roaming\Python\Python313\site-packages\django\db\backends\base\base.py:278: in ensure_connection
    with self.wrap_database_errors:
..\..\..\AppData\Roaming\Python\Python313\site-packages\django\db\utils.py:91: in __exit__
    raise dj_exc_value.with_traceback(traceback) from exc_value
..\..\..\AppData\Roaming\Python\Python313\site-packages\django\db\backends\base\base.py:279: in ensure_connection
    self.connect()
..\..\..\AppData\Roaming\Python\Python313\site-packages\django\utils\asyncio.py:26: in inner
    return func(*args, **kwargs)
..\..\..\AppData\Roaming\Python\Python313\site-packages\django\db\backends\base\base.py:256: in connect
    self.connection = self.get_new_connection(conn_params)
..\..\..\AppData\Roaming\Python\Python313\site-packages\django\utils\asyncio.py:26: in inner
    return func(*args, **kwargs)
..\..\..\AppData\Roaming\Python\Python313\site-packages\django\db\backends\postgresql\base.py:332: in get_new_connection
    connection = self.Database.connect(**conn_params)
_ _ _ _ _ _ _ _ _ _ _ _ _ _ _ _ _ _ _ _ _ _ _ _ _ _ _ _ _ _ _ _ _ _ _ _ _ _ _ _

cls = <class 'psycopg.Connection'>
conninfo = 'dbname=postgres client_encoding=UTF8 user=postgres password=postgres host=localhost port=5432 hostaddr=127.0.0.1'
autocommit = False, prepare_threshold = None
context = <psycopg.adapt.AdaptersMap object at 0x000001CEB3E42350>
row_factory = None
cursor_factory = <class 'django.db.backends.postgresql.base.Cursor'>
kwargs = {'client_encoding': 'UTF8', 'dbname': 'postgres', 'host': 'localhost', 'password': 'postgres', ...}
params = {'client_encoding': 'UTF8', 'dbname': 'postgres', 'host': 'localhost', 'password': 'postgres', ...}
timeout = 130

    @classmethod
    def connect(
        cls,
        conninfo: str = "",
        *,
        autocommit: bool = False,
        prepare_threshold: int | None = 5,
        context: AdaptContext | None = None,
        row_factory: RowFactory[Row] | None = None,
        cursor_factory: type[Cursor[Row]] | None = None,
        **kwargs: ConnParam,
    ) -> Self:
        """
        Connect to a database server and return a new `Connection` instance.
        """
    
        params = cls._get_connection_params(conninfo, **kwargs)
        timeout = timeout_from_conninfo(params)
        rv = None
        attempts = conninfo_attempts(params)
        conn_errors: list[tuple[e.Error, str]] = []
        for attempt in attempts:
            tdescr = (attempt.get("host"), attempt.get("port"), attempt.get("hostaddr"))
            descr = "host: %r, port: %r, hostaddr: %r" % tdescr
            logger.debug("connection attempt: %s", descr)
            try:
                conninfo = make_conninfo("", **attempt)
                gen = cls._connect_gen(conninfo, timeout=timeout)
                rv = waiting.wait_conn(gen, interval=_WAIT_INTERVAL)
            except e.Error as ex:
                logger.debug("connection failed: %s: %s", descr, str(ex))
                conn_errors.append((ex, descr))
            except e._NO_TRACEBACK as ex:
                raise ex.with_traceback(None)
            else:
                logger.debug("connection succeeded: %s", descr)
                break
    
        if not rv:
            last_ex = conn_errors[-1][0]
            if len(conn_errors) == 1:
                raise last_ex.with_traceback(None)
    
            # Create a new exception with the same type as the last one, containing
            # all attempt errors while preserving backward compatibility.
            lines = [str(last_ex)]
            lines.append("Multiple connection attempts failed. All failures were:")
            lines.extend((f"- {descr}: {error}" for error, descr in conn_errors))
>           raise type(last_ex)("\n".join(lines)).with_traceback(None)
E           django.db.utils.OperationalError: connection failed: connection to server at "127.0.0.1", port 5432 failed: FATAL:  la autentificaci\ufffdn password fall\ufffd para el usuario \ufffdpostgres\ufffd
E           Multiple connection attempts failed. All failures were:
E           - host: 'localhost', port: '5432', hostaddr: '::1': connection failed: connection to server at "::1", port 5432 failed: FATAL:  la autentificaci\ufffdn password fall\ufffd para el usuario \ufffdpostgres\ufffd
E           - host: 'localhost', port: '5432', hostaddr: '127.0.0.1': connection failed: connection to server at "127.0.0.1", port 5432 failed: FATAL:  la autentificaci\ufffdn password fall\ufffd para el usuario \ufffdpostgres\ufffd

..\..\..\AppData\Roaming\Python\Python313\site-packages\psycopg\connection.py:127: OperationalError

During handling of the above exception, another exception occurred:

self = <DatabaseWrapper vendor='postgresql' alias='default'>

    @async_unsafe
    def ensure_connection(self):
        """Guarantee that a connection to the database is established."""
        if self.connection is None:
            if self.in_atomic_block and self.closed_in_transaction:
                raise ProgrammingError(
                    "Cannot open a new connection in an atomic block."
                )
            with self.wrap_database_errors:
>               self.connect()

..\..\..\AppData\Roaming\Python\Python313\site-packages\django\db\backends\base\base.py:279: 
_ _ _ _ _ _ _ _ _ _ _ _ _ _ _ _ _ _ _ _ _ _ _ _ _ _ _ _ _ _ _ _ _ _ _ _ _ _ _ _
..\..\..\AppData\Roaming\Python\Python313\site-packages\django\utils\asyncio.py:26: in inner
    return func(*args, **kwargs)
..\..\..\AppData\Roaming\Python\Python313\site-packages\django\db\backends\base\base.py:256: in connect
    self.connection = self.get_new_connection(conn_params)
..\..\..\AppData\Roaming\Python\Python313\site-packages\django\utils\asyncio.py:26: in inner
    return func(*args, **kwargs)
..\..\..\AppData\Roaming\Python\Python313\site-packages\django\db\backends\postgresql\base.py:332: in get_new_connection
    connection = self.Database.connect(**conn_params)
_ _ _ _ _ _ _ _ _ _ _ _ _ _ _ _ _ _ _ _ _ _ _ _ _ _ _ _ _ _ _ _ _ _ _ _ _ _ _ _

cls = <class 'psycopg.Connection'>
conninfo = 'dbname=ruffles_db client_encoding=UTF8 user=postgres password=postgres host=localhost port=5432 hostaddr=127.0.0.1'
autocommit = False, prepare_threshold = None
context = <psycopg.adapt.AdaptersMap object at 0x000001CEB3E42350>
row_factory = None
cursor_factory = <class 'django.db.backends.postgresql.base.Cursor'>
kwargs = {'client_encoding': 'UTF8', 'dbname': 'ruffles_db', 'host': 'localhost', 'password': 'postgres', ...}
params = {'client_encoding': 'UTF8', 'dbname': 'ruffles_db', 'host': 'localhost', 'password': 'postgres', ...}
timeout = 130

    @classmethod
    def connect(
        cls,
        conninfo: str = "",
        *,
        autocommit: bool = False,
        prepare_threshold: int | None = 5,
        context: AdaptContext | None = None,
        row_factory: RowFactory[Row] | None = None,
        cursor_factory: type[Cursor[Row]] | None = None,
        **kwargs: ConnParam,
    ) -> Self:
        """
        Connect to a database server and return a new `Connection` instance.
        """
    
        params = cls._get_connection_params(conninfo, **kwargs)
        timeout = timeout_from_conninfo(params)
        rv = None
        attempts = conninfo_attempts(params)
        conn_errors: list[tuple[e.Error, str]] = []
        for attempt in attempts:
            tdescr = (attempt.get("host"), attempt.get("port"), attempt.get("hostaddr"))
            descr = "host: %r, port: %r, hostaddr: %r" % tdescr
            logger.debug("connection attempt: %s", descr)
            try:
                conninfo = make_conninfo("", **attempt)
                gen = cls._connect_gen(conninfo, timeout=timeout)
                rv = waiting.wait_conn(gen, interval=_WAIT_INTERVAL)
            except e.Error as ex:
                logger.debug("connection failed: %s: %s", descr, str(ex))
                conn_errors.append((ex, descr))
            except e._NO_TRACEBACK as ex:
                raise ex.with_traceback(None)
            else:
                logger.debug("connection succeeded: %s", descr)
                break
    
        if not rv:
            last_ex = conn_errors[-1][0]
            if len(conn_errors) == 1:
                raise last_ex.with_traceback(None)
    
            # Create a new exception with the same type as the last one, containing
            # all attempt errors while preserving backward compatibility.
            lines = [str(last_ex)]
            lines.append("Multiple connection attempts failed. All failures were:")
            lines.extend((f"- {descr}: {error}" for error, descr in conn_errors))
>           raise type(last_ex)("\n".join(lines)).with_traceback(None)
E           psycopg.OperationalError: connection failed: connection to server at "127.0.0.1", port 5432 failed: FATAL:  la autentificaci\ufffdn password fall\ufffd para el usuario \ufffdpostgres\ufffd
E           Multiple connection attempts failed. All failures were:
E           - host: 'localhost', port: '5432', hostaddr: '::1': connection failed: connection to server at "::1", port 5432 failed: FATAL:  la autentificaci\ufffdn password fall\ufffd para el usuario \ufffdpostgres\ufffd
E           - host: 'localhost', port: '5432', hostaddr: '127.0.0.1': connection failed: connection to server at "127.0.0.1", port 5432 failed: FATAL:  la autentificaci\ufffdn password fall\ufffd para el usuario \ufffdpostgres\ufffd

..\..\..\AppData\Roaming\Python\Python313\site-packages\psycopg\connection.py:127: OperationalError

The above exception was the direct cause of the following exception:

request = <SubRequest 'django_db_setup' for <Function test_login_success_returns_jwt>>
django_test_environment = None
django_db_blocker = <pytest_django.plugin.DjangoDbBlocker object at 0x000001CEB17F0050>
django_db_use_migrations = True, django_db_keepdb = False
django_db_createdb = False, django_db_modify_db_settings = None

    @pytest.fixture(scope="session")
    def django_db_setup(
        request: pytest.FixtureRequest,
        django_test_environment: None,
        django_db_blocker: DjangoDbBlocker,
        django_db_use_migrations: bool,
        django_db_keepdb: bool,
        django_db_createdb: bool,
        django_db_modify_db_settings: None,
    ) -> Generator[None, None, None]:
        """Top level fixture to ensure test databases are available"""
        from django.test.utils import setup_databases, teardown_databases
    
        setup_databases_args = {}
    
        if not django_db_use_migrations:
            _disable_migrations()
    
        if django_db_keepdb and not django_db_createdb:
            setup_databases_args["keepdb"] = True
    
        with django_db_blocker.unblock():
>           db_cfg = setup_databases(
                verbosity=request.config.option.verbose,
                interactive=False,
                **setup_databases_args,
            )

..\..\..\AppData\Roaming\Python\Python313\site-packages\pytest_django\fixtures.py:140: 
_ _ _ _ _ _ _ _ _ _ _ _ _ _ _ _ _ _ _ _ _ _ _ _ _ _ _ _ _ _ _ _ _ _ _ _ _ _ _ _
..\..\..\AppData\Roaming\Python\Python313\site-packages\django\test\utils.py:204: in setup_databases
    connection.creation.create_test_db(
..\..\..\AppData\Roaming\Python\Python313\site-packages\django\db\backends\base\creation.py:62: in create_test_db
    self._create_test_db(verbosity, autoclobber, keepdb)
..\..\..\AppData\Roaming\Python\Python313\site-packages\django\db\backends\base\creation.py:202: in _create_test_db
    with self._nodb_cursor() as cursor:
C:\Python313\Lib\contextlib.py:141: in __enter__
    return next(self.gen)
..\..\..\AppData\Roaming\Python\Python313\site-packages\django\db\backends\postgresql\base.py:533: in _nodb_cursor
    with conn.cursor() as cursor:
..\..\..\AppData\Roaming\Python\Python313\site-packages\django\utils\asyncio.py:26: in inner
    return func(*args, **kwargs)
..\..\..\AppData\Roaming\Python\Python313\site-packages\django\db\backends\base\base.py:320: in cursor
    return self._cursor()
..\..\..\AppData\Roaming\Python\Python313\site-packages\django\db\backends\base\base.py:296: in _cursor
    self.ensure_connection()
..\..\..\AppData\Roaming\Python\Python313\site-packages\django\utils\asyncio.py:26: in inner
    return func(*args, **kwargs)
..\..\..\AppData\Roaming\Python\Python313\site-packages\django\db\backends\base\base.py:278: in ensure_connection
    with self.wrap_database_errors:
..\..\..\AppData\Roaming\Python\Python313\site-packages\django\db\utils.py:91: in __exit__
    raise dj_exc_value.with_traceback(traceback) from exc_value
..\..\..\AppData\Roaming\Python\Python313\site-packages\django\db\backends\base\base.py:279: in ensure_connection
    self.connect()
..\..\..\AppData\Roaming\Python\Python313\site-packages\django\utils\asyncio.py:26: in inner
    return func(*args, **kwargs)
..\..\..\AppData\Roaming\Python\Python313\site-packages\django\db\backends\base\base.py:256: in connect
    self.connection = self.get_new_connection(conn_params)
..\..\..\AppData\Roaming\Python\Python313\site-packages\django\utils\asyncio.py:26: in inner
    return func(*args, **kwargs)
..\..\..\AppData\Roaming\Python\Python313\site-packages\django\db\backends\postgresql\base.py:332: in get_new_connection
    connection = self.Database.connect(**conn_params)
_ _ _ _ _ _ _ _ _ _ _ _ _ _ _ _ _ _ _ _ _ _ _ _ _ _ _ _ _ _ _ _ _ _ _ _ _ _ _ _

cls = <class 'psycopg.Connection'>
conninfo = 'dbname=ruffles_db client_encoding=UTF8 user=postgres password=postgres host=localhost port=5432 hostaddr=127.0.0.1'
autocommit = False, prepare_threshold = None
context = <psycopg.adapt.AdaptersMap object at 0x000001CEB3E42350>
row_factory = None
cursor_factory = <class 'django.db.backends.postgresql.base.Cursor'>
kwargs = {'client_encoding': 'UTF8', 'dbname': 'ruffles_db', 'host': 'localhost', 'password': 'postgres', ...}
params = {'client_encoding': 'UTF8', 'dbname': 'ruffles_db', 'host': 'localhost', 'password': 'postgres', ...}
timeout = 130

    @classmethod
    def connect(
        cls,
        conninfo: str = "",
        *,
        autocommit: bool = False,
        prepare_threshold: int | None = 5,
        context: AdaptContext | None = None,
        row_factory: RowFactory[Row] | None = None,
        cursor_factory: type[Cursor[Row]] | None = None,
        **kwargs: ConnParam,
    ) -> Self:
        """
        Connect to a database server and return a new `Connection` instance.
        """
    
        params = cls._get_connection_params(conninfo, **kwargs)
        timeout = timeout_from_conninfo(params)
        rv = None
        attempts = conninfo_attempts(params)
        conn_errors: list[tuple[e.Error, str]] = []
        for attempt in attempts:
            tdescr = (attempt.get("host"), attempt.get("port"), attempt.get("hostaddr"))
            descr = "host: %r, port: %r, hostaddr: %r" % tdescr
            logger.debug("connection attempt: %s", descr)
            try:
                conninfo = make_conninfo("", **attempt)
                gen = cls._connect_gen(conninfo, timeout=timeout)
                rv = waiting.wait_conn(gen, interval=_WAIT_INTERVAL)
            except e.Error as ex:
                logger.debug("connection failed: %s: %s", descr, str(ex))
                conn_errors.append((ex, descr))
            except e._NO_TRACEBACK as ex:
                raise ex.with_traceback(None)
            else:
                logger.debug("connection succeeded: %s", descr)
                break
    
        if not rv:
            last_ex = conn_errors[-1][0]
            if len(conn_errors) == 1:
                raise last_ex.with_traceback(None)
    
            # Create a new exception with the same type as the last one, containing
            # all attempt errors while preserving backward compatibility.
            lines = [str(last_ex)]
            lines.append("Multiple connection attempts failed. All failures were:")
            lines.extend((f"- {descr}: {error}" for error, descr in conn_errors))
>           raise type(last_ex)("\n".join(lines)).with_traceback(None)
E           django.db.utils.OperationalError: connection failed: connection to server at "127.0.0.1", port 5432 failed: FATAL:  la autentificaci\ufffdn password fall\ufffd para el usuario \ufffdpostgres\ufffd
E           Multiple connection attempts failed. All failures were:
E           - host: 'localhost', port: '5432', hostaddr: '::1': connection failed: connection to server at "::1", port 5432 failed: FATAL:  la autentificaci\ufffdn password fall\ufffd para el usuario \ufffdpostgres\ufffd
E           - host: 'localhost', port: '5432', hostaddr: '127.0.0.1': connection failed: connection to server at "127.0.0.1", port 5432 failed: FATAL:  la autentificaci\ufffdn password fall\ufffd para el usuario \ufffdpostgres\ufffd

..\..\..\AppData\Roaming\Python\Python313\site-packages\psycopg\connection.py:127: OperationalError
____ ERROR at setup of TestCreateRaffle.test_validation_error_number_range ____

self = <DatabaseWrapper vendor='postgresql' alias='__no_db__'>

    @async_unsafe
    def ensure_connection(self):
        """Guarantee that a connection to the database is established."""
        if self.connection is None:
            if self.in_atomic_block and self.closed_in_transaction:
                raise ProgrammingError(
                    "Cannot open a new connection in an atomic block."
                )
            with self.wrap_database_errors:
>               self.connect()

..\..\..\AppData\Roaming\Python\Python313\site-packages\django\db\backends\base\base.py:279: 
_ _ _ _ _ _ _ _ _ _ _ _ _ _ _ _ _ _ _ _ _ _ _ _ _ _ _ _ _ _ _ _ _ _ _ _ _ _ _ _
..\..\..\AppData\Roaming\Python\Python313\site-packages\django\utils\asyncio.py:26: in inner
    return func(*args, **kwargs)
..\..\..\AppData\Roaming\Python\Python313\site-packages\django\db\backends\base\base.py:256: in connect
    self.connection = self.get_new_connection(conn_params)
..\..\..\AppData\Roaming\Python\Python313\site-packages\django\utils\asyncio.py:26: in inner
    return func(*args, **kwargs)
..\..\..\AppData\Roaming\Python\Python313\site-packages\django\db\backends\postgresql\base.py:332: in get_new_connection
    connection = self.Database.connect(**conn_params)
_ _ _ _ _ _ _ _ _ _ _ _ _ _ _ _ _ _ _ _ _ _ _ _ _ _ _ _ _ _ _ _ _ _ _ _ _ _ _ _

cls = <class 'psycopg.Connection'>
conninfo = 'dbname=postgres client_encoding=UTF8 user=postgres password=postgres host=localhost port=5432 hostaddr=127.0.0.1'
autocommit = False, prepare_threshold = None
context = <psycopg.adapt.AdaptersMap object at 0x000001CEB3E42350>
row_factory = None
cursor_factory = <class 'django.db.backends.postgresql.base.Cursor'>
kwargs = {'client_encoding': 'UTF8', 'dbname': 'postgres', 'host': 'localhost', 'password': 'postgres', ...}
params = {'client_encoding': 'UTF8', 'dbname': 'postgres', 'host': 'localhost', 'password': 'postgres', ...}
timeout = 130

    @classmethod
    def connect(
        cls,
        conninfo: str = "",
        *,
        autocommit: bool = False,
        prepare_threshold: int | None = 5,
        context: AdaptContext | None = None,
        row_factory: RowFactory[Row] | None = None,
        cursor_factory: type[Cursor[Row]] | None = None,
        **kwargs: ConnParam,
    ) -> Self:
        """
        Connect to a database server and return a new `Connection` instance.
        """
    
        params = cls._get_connection_params(conninfo, **kwargs)
        timeout = timeout_from_conninfo(params)
        rv = None
        attempts = conninfo_attempts(params)
        conn_errors: list[tuple[e.Error, str]] = []
        for attempt in attempts:
            tdescr = (attempt.get("host"), attempt.get("port"), attempt.get("hostaddr"))
            descr = "host: %r, port: %r, hostaddr: %r" % tdescr
            logger.debug("connection attempt: %s", descr)
            try:
                conninfo = make_conninfo("", **attempt)
                gen = cls._connect_gen(conninfo, timeout=timeout)
                rv = waiting.wait_conn(gen, interval=_WAIT_INTERVAL)
            except e.Error as ex:
                logger.debug("connection failed: %s: %s", descr, str(ex))
                conn_errors.append((ex, descr))
            except e._NO_TRACEBACK as ex:
                raise ex.with_traceback(None)
            else:
                logger.debug("connection succeeded: %s", descr)
                break
    
        if not rv:
            last_ex = conn_errors[-1][0]
            if len(conn_errors) == 1:
                raise last_ex.with_traceback(None)
    
            # Create a new exception with the same type as the last one, containing
            # all attempt errors while preserving backward compatibility.
            lines = [str(last_ex)]
            lines.append("Multiple connection attempts failed. All failures were:")
            lines.extend((f"- {descr}: {error}" for error, descr in conn_errors))
>           raise type(last_ex)("\n".join(lines)).with_traceback(None)
E           psycopg.OperationalError: connection failed: connection to server at "127.0.0.1", port 5432 failed: FATAL:  la autentificaci\ufffdn password fall\ufffd para el usuario \ufffdpostgres\ufffd
E           Multiple connection attempts failed. All failures were:
E           - host: 'localhost', port: '5432', hostaddr: '::1': connection failed: connection to server at "::1", port 5432 failed: FATAL:  la autentificaci\ufffdn password fall\ufffd para el usuario \ufffdpostgres\ufffd
E           - host: 'localhost', port: '5432', hostaddr: '127.0.0.1': connection failed: connection to server at "127.0.0.1", port 5432 failed: FATAL:  la autentificaci\ufffdn password fall\ufffd para el usuario \ufffdpostgres\ufffd

..\..\..\AppData\Roaming\Python\Python313\site-packages\psycopg\connection.py:127: OperationalError

The above exception was the direct cause of the following exception:

self = <DatabaseWrapper vendor='postgresql' alias='default'>

    @contextmanager
    def _nodb_cursor(self):
        cursor = None
        try:
>           with super()._nodb_cursor() as cursor:

..\..\..\AppData\Roaming\Python\Python313\site-packages\django\db\backends\postgresql\base.py:507: 
_ _ _ _ _ _ _ _ _ _ _ _ _ _ _ _ _ _ _ _ _ _ _ _ _ _ _ _ _ _ _ _ _ _ _ _ _ _ _ _
C:\Python313\Lib\contextlib.py:141: in __enter__
    return next(self.gen)
..\..\..\AppData\Roaming\Python\Python313\site-packages\django\db\backends\base\base.py:712: in _nodb_cursor
    with conn.cursor() as cursor:
..\..\..\AppData\Roaming\Python\Python313\site-packages\django\utils\asyncio.py:26: in inner
    return func(*args, **kwargs)
..\..\..\AppData\Roaming\Python\Python313\site-packages\django\db\backends\base\base.py:320: in cursor
    return self._cursor()
..\..\..\AppData\Roaming\Python\Python313\site-packages\django\db\backends\base\base.py:296: in _cursor
    self.ensure_connection()
..\..\..\AppData\Roaming\Python\Python313\site-packages\django\utils\asyncio.py:26: in inner
    return func(*args, **kwargs)
..\..\..\AppData\Roaming\Python\Python313\site-packages\django\db\backends\base\base.py:278: in ensure_connection
    with self.wrap_database_errors:
..\..\..\AppData\Roaming\Python\Python313\site-packages\django\db\utils.py:91: in __exit__
    raise dj_exc_value.with_traceback(traceback) from exc_value
..\..\..\AppData\Roaming\Python\Python313\site-packages\django\db\backends\base\base.py:279: in ensure_connection
    self.connect()
..\..\..\AppData\Roaming\Python\Python313\site-packages\django\utils\asyncio.py:26: in inner
    return func(*args, **kwargs)
..\..\..\AppData\Roaming\Python\Python313\site-packages\django\db\backends\base\base.py:256: in connect
    self.connection = self.get_new_connection(conn_params)
..\..\..\AppData\Roaming\Python\Python313\site-packages\django\utils\asyncio.py:26: in inner
    return func(*args, **kwargs)
..\..\..\AppData\Roaming\Python\Python313\site-packages\django\db\backends\postgresql\base.py:332: in get_new_connection
    connection = self.Database.connect(**conn_params)
_ _ _ _ _ _ _ _ _ _ _ _ _ _ _ _ _ _ _ _ _ _ _ _ _ _ _ _ _ _ _ _ _ _ _ _ _ _ _ _

cls = <class 'psycopg.Connection'>
conninfo = 'dbname=postgres client_encoding=UTF8 user=postgres password=postgres host=localhost port=5432 hostaddr=127.0.0.1'
autocommit = False, prepare_threshold = None
context = <psycopg.adapt.AdaptersMap object at 0x000001CEB3E42350>
row_factory = None
cursor_factory = <class 'django.db.backends.postgresql.base.Cursor'>
kwargs = {'client_encoding': 'UTF8', 'dbname': 'postgres', 'host': 'localhost', 'password': 'postgres', ...}
params = {'client_encoding': 'UTF8', 'dbname': 'postgres', 'host': 'localhost', 'password': 'postgres', ...}
timeout = 130

    @classmethod
    def connect(
        cls,
        conninfo: str = "",
        *,
        autocommit: bool = False,
        prepare_threshold: int | None = 5,
        context: AdaptContext | None = None,
        row_factory: RowFactory[Row] | None = None,
        cursor_factory: type[Cursor[Row]] | None = None,
        **kwargs: ConnParam,
    ) -> Self:
        """
        Connect to a database server and return a new `Connection` instance.
        """
    
        params = cls._get_connection_params(conninfo, **kwargs)
        timeout = timeout_from_conninfo(params)
        rv = None
        attempts = conninfo_attempts(params)
        conn_errors: list[tuple[e.Error, str]] = []
        for attempt in attempts:
            tdescr = (attempt.get("host"), attempt.get("port"), attempt.get("hostaddr"))
            descr = "host: %r, port: %r, hostaddr: %r" % tdescr
            logger.debug("connection attempt: %s", descr)
            try:
                conninfo = make_conninfo("", **attempt)
                gen = cls._connect_gen(conninfo, timeout=timeout)
                rv = waiting.wait_conn(gen, interval=_WAIT_INTERVAL)
            except e.Error as ex:
                logger.debug("connection failed: %s: %s", descr, str(ex))
                conn_errors.append((ex, descr))
            except e._NO_TRACEBACK as ex:
                raise ex.with_traceback(None)
            else:
                logger.debug("connection succeeded: %s", descr)
                break
    
        if not rv:
            last_ex = conn_errors[-1][0]
            if len(conn_errors) == 1:
                raise last_ex.with_traceback(None)
    
            # Create a new exception with the same type as the last one, containing
            # all attempt errors while preserving backward compatibility.
            lines = [str(last_ex)]
            lines.append("Multiple connection attempts failed. All failures were:")
            lines.extend((f"- {descr}: {error}" for error, descr in conn_errors))
>           raise type(last_ex)("\n".join(lines)).with_traceback(None)
E           django.db.utils.OperationalError: connection failed: connection to server at "127.0.0.1", port 5432 failed: FATAL:  la autentificaci\ufffdn password fall\ufffd para el usuario \ufffdpostgres\ufffd
E           Multiple connection attempts failed. All failures were:
E           - host: 'localhost', port: '5432', hostaddr: '::1': connection failed: connection to server at "::1", port 5432 failed: FATAL:  la autentificaci\ufffdn password fall\ufffd para el usuario \ufffdpostgres\ufffd
E           - host: 'localhost', port: '5432', hostaddr: '127.0.0.1': connection failed: connection to server at "127.0.0.1", port 5432 failed: FATAL:  la autentificaci\ufffdn password fall\ufffd para el usuario \ufffdpostgres\ufffd

..\..\..\AppData\Roaming\Python\Python313\site-packages\psycopg\connection.py:127: OperationalError

During handling of the above exception, another exception occurred:

self = <DatabaseWrapper vendor='postgresql' alias='default'>

    @async_unsafe
    def ensure_connection(self):
        """Guarantee that a connection to the database is established."""
        if self.connection is None:
            if self.in_atomic_block and self.closed_in_transaction:
                raise ProgrammingError(
                    "Cannot open a new connection in an atomic block."
                )
            with self.wrap_database_errors:
>               self.connect()

..\..\..\AppData\Roaming\Python\Python313\site-packages\django\db\backends\base\base.py:279: 
_ _ _ _ _ _ _ _ _ _ _ _ _ _ _ _ _ _ _ _ _ _ _ _ _ _ _ _ _ _ _ _ _ _ _ _ _ _ _ _
..\..\..\AppData\Roaming\Python\Python313\site-packages\django\utils\asyncio.py:26: in inner
    return func(*args, **kwargs)
..\..\..\AppData\Roaming\Python\Python313\site-packages\django\db\backends\base\base.py:256: in connect
    self.connection = self.get_new_connection(conn_params)
..\..\..\AppData\Roaming\Python\Python313\site-packages\django\utils\asyncio.py:26: in inner
    return func(*args, **kwargs)
..\..\..\AppData\Roaming\Python\Python313\site-packages\django\db\backends\postgresql\base.py:332: in get_new_connection
    connection = self.Database.connect(**conn_params)
_ _ _ _ _ _ _ _ _ _ _ _ _ _ _ _ _ _ _ _ _ _ _ _ _ _ _ _ _ _ _ _ _ _ _ _ _ _ _ _

cls = <class 'psycopg.Connection'>
conninfo = 'dbname=ruffles_db client_encoding=UTF8 user=postgres password=postgres host=localhost port=5432 hostaddr=127.0.0.1'
autocommit = False, prepare_threshold = None
context = <psycopg.adapt.AdaptersMap object at 0x000001CEB3E42350>
row_factory = None
cursor_factory = <class 'django.db.backends.postgresql.base.Cursor'>
kwargs = {'client_encoding': 'UTF8', 'dbname': 'ruffles_db', 'host': 'localhost', 'password': 'postgres', ...}
params = {'client_encoding': 'UTF8', 'dbname': 'ruffles_db', 'host': 'localhost', 'password': 'postgres', ...}
timeout = 130

    @classmethod
    def connect(
        cls,
        conninfo: str = "",
        *,
        autocommit: bool = False,
        prepare_threshold: int | None = 5,
        context: AdaptContext | None = None,
        row_factory: RowFactory[Row] | None = None,
        cursor_factory: type[Cursor[Row]] | None = None,
        **kwargs: ConnParam,
    ) -> Self:
        """
        Connect to a database server and return a new `Connection` instance.
        """
    
        params = cls._get_connection_params(conninfo, **kwargs)
        timeout = timeout_from_conninfo(params)
        rv = None
        attempts = conninfo_attempts(params)
        conn_errors: list[tuple[e.Error, str]] = []
        for attempt in attempts:
            tdescr = (attempt.get("host"), attempt.get("port"), attempt.get("hostaddr"))
            descr = "host: %r, port: %r, hostaddr: %r" % tdescr
            logger.debug("connection attempt: %s", descr)
            try:
                conninfo = make_conninfo("", **attempt)
                gen = cls._connect_gen(conninfo, timeout=timeout)
                rv = waiting.wait_conn(gen, interval=_WAIT_INTERVAL)
            except e.Error as ex:
                logger.debug("connection failed: %s: %s", descr, str(ex))
                conn_errors.append((ex, descr))
            except e._NO_TRACEBACK as ex:
                raise ex.with_traceback(None)
            else:
                logger.debug("connection succeeded: %s", descr)
                break
    
        if not rv:
            last_ex = conn_errors[-1][0]
            if len(conn_errors) == 1:
                raise last_ex.with_traceback(None)
    
            # Create a new exception with the same type as the last one, containing
            # all attempt errors while preserving backward compatibility.
            lines = [str(last_ex)]
            lines.append("Multiple connection attempts failed. All failures were:")
            lines.extend((f"- {descr}: {error}" for error, descr in conn_errors))
>           raise type(last_ex)("\n".join(lines)).with_traceback(None)
E           psycopg.OperationalError: connection failed: connection to server at "127.0.0.1", port 5432 failed: FATAL:  la autentificaci\ufffdn password fall\ufffd para el usuario \ufffdpostgres\ufffd
E           Multiple connection attempts failed. All failures were:
E           - host: 'localhost', port: '5432', hostaddr: '::1': connection failed: connection to server at "::1", port 5432 failed: FATAL:  la autentificaci\ufffdn password fall\ufffd para el usuario \ufffdpostgres\ufffd
E           - host: 'localhost', port: '5432', hostaddr: '127.0.0.1': connection failed: connection to server at "127.0.0.1", port 5432 failed: FATAL:  la autentificaci\ufffdn password fall\ufffd para el usuario \ufffdpostgres\ufffd

..\..\..\AppData\Roaming\Python\Python313\site-packages\psycopg\connection.py:127: OperationalError

The above exception was the direct cause of the following exception:

request = <SubRequest 'django_db_setup' for <Function test_login_success_returns_jwt>>
django_test_environment = None
django_db_blocker = <pytest_django.plugin.DjangoDbBlocker object at 0x000001CEB17F0050>
django_db_use_migrations = True, django_db_keepdb = False
django_db_createdb = False, django_db_modify_db_settings = None

    @pytest.fixture(scope="session")
    def django_db_setup(
        request: pytest.FixtureRequest,
        django_test_environment: None,
        django_db_blocker: DjangoDbBlocker,
        django_db_use_migrations: bool,
        django_db_keepdb: bool,
        django_db_createdb: bool,
        django_db_modify_db_settings: None,
    ) -> Generator[None, None, None]:
        """Top level fixture to ensure test databases are available"""
        from django.test.utils import setup_databases, teardown_databases
    
        setup_databases_args = {}
    
        if not django_db_use_migrations:
            _disable_migrations()
    
        if django_db_keepdb and not django_db_createdb:
            setup_databases_args["keepdb"] = True
    
        with django_db_blocker.unblock():
>           db_cfg = setup_databases(
                verbosity=request.config.option.verbose,
                interactive=False,
                **setup_databases_args,
            )

..\..\..\AppData\Roaming\Python\Python313\site-packages\pytest_django\fixtures.py:140: 
_ _ _ _ _ _ _ _ _ _ _ _ _ _ _ _ _ _ _ _ _ _ _ _ _ _ _ _ _ _ _ _ _ _ _ _ _ _ _ _
..\..\..\AppData\Roaming\Python\Python313\site-packages\django\test\utils.py:204: in setup_databases
    connection.creation.create_test_db(
..\..\..\AppData\Roaming\Python\Python313\site-packages\django\db\backends\base\creation.py:62: in create_test_db
    self._create_test_db(verbosity, autoclobber, keepdb)
..\..\..\AppData\Roaming\Python\Python313\site-packages\django\db\backends\base\creation.py:202: in _create_test_db
    with self._nodb_cursor() as cursor:
C:\Python313\Lib\contextlib.py:141: in __enter__
    return next(self.gen)
..\..\..\AppData\Roaming\Python\Python313\site-packages\django\db\backends\postgresql\base.py:533: in _nodb_cursor
    with conn.cursor() as cursor:
..\..\..\AppData\Roaming\Python\Python313\site-packages\django\utils\asyncio.py:26: in inner
    return func(*args, **kwargs)
..\..\..\AppData\Roaming\Python\Python313\site-packages\django\db\backends\base\base.py:320: in cursor
    return self._cursor()
..\..\..\AppData\Roaming\Python\Python313\site-packages\django\db\backends\base\base.py:296: in _cursor
    self.ensure_connection()
..\..\..\AppData\Roaming\Python\Python313\site-packages\django\utils\asyncio.py:26: in inner
    return func(*args, **kwargs)
..\..\..\AppData\Roaming\Python\Python313\site-packages\django\db\backends\base\base.py:278: in ensure_connection
    with self.wrap_database_errors:
..\..\..\AppData\Roaming\Python\Python313\site-packages\django\db\utils.py:91: in __exit__
    raise dj_exc_value.with_traceback(traceback) from exc_value
..\..\..\AppData\Roaming\Python\Python313\site-packages\django\db\backends\base\base.py:279: in ensure_connection
    self.connect()
..\..\..\AppData\Roaming\Python\Python313\site-packages\django\utils\asyncio.py:26: in inner
    return func(*args, **kwargs)
..\..\..\AppData\Roaming\Python\Python313\site-packages\django\db\backends\base\base.py:256: in connect
    self.connection = self.get_new_connection(conn_params)
..\..\..\AppData\Roaming\Python\Python313\site-packages\django\utils\asyncio.py:26: in inner
    return func(*args, **kwargs)
..\..\..\AppData\Roaming\Python\Python313\site-packages\django\db\backends\postgresql\base.py:332: in get_new_connection
    connection = self.Database.connect(**conn_params)
_ _ _ _ _ _ _ _ _ _ _ _ _ _ _ _ _ _ _ _ _ _ _ _ _ _ _ _ _ _ _ _ _ _ _ _ _ _ _ _

cls = <class 'psycopg.Connection'>
conninfo = 'dbname=ruffles_db client_encoding=UTF8 user=postgres password=postgres host=localhost port=5432 hostaddr=127.0.0.1'
autocommit = False, prepare_threshold = None
context = <psycopg.adapt.AdaptersMap object at 0x000001CEB3E42350>
row_factory = None
cursor_factory = <class 'django.db.backends.postgresql.base.Cursor'>
kwargs = {'client_encoding': 'UTF8', 'dbname': 'ruffles_db', 'host': 'localhost', 'password': 'postgres', ...}
params = {'client_encoding': 'UTF8', 'dbname': 'ruffles_db', 'host': 'localhost', 'password': 'postgres', ...}
timeout = 130

    @classmethod
    def connect(
        cls,
        conninfo: str = "",
        *,
        autocommit: bool = False,
        prepare_threshold: int | None = 5,
        context: AdaptContext | None = None,
        row_factory: RowFactory[Row] | None = None,
        cursor_factory: type[Cursor[Row]] | None = None,
        **kwargs: ConnParam,
    ) -> Self:
        """
        Connect to a database server and return a new `Connection` instance.
        """
    
        params = cls._get_connection_params(conninfo, **kwargs)
        timeout = timeout_from_conninfo(params)
        rv = None
        attempts = conninfo_attempts(params)
        conn_errors: list[tuple[e.Error, str]] = []
        for attempt in attempts:
            tdescr = (attempt.get("host"), attempt.get("port"), attempt.get("hostaddr"))
            descr = "host: %r, port: %r, hostaddr: %r" % tdescr
            logger.debug("connection attempt: %s", descr)
            try:
                conninfo = make_conninfo("", **attempt)
                gen = cls._connect_gen(conninfo, timeout=timeout)
                rv = waiting.wait_conn(gen, interval=_WAIT_INTERVAL)
            except e.Error as ex:
                logger.debug("connection failed: %s: %s", descr, str(ex))
                conn_errors.append((ex, descr))
            except e._NO_TRACEBACK as ex:
                raise ex.with_traceback(None)
            else:
                logger.debug("connection succeeded: %s", descr)
                break
    
        if not rv:
            last_ex = conn_errors[-1][0]
            if len(conn_errors) == 1:
                raise last_ex.with_traceback(None)
    
            # Create a new exception with the same type as the last one, containing
            # all attempt errors while preserving backward compatibility.
            lines = [str(last_ex)]
            lines.append("Multiple connection attempts failed. All failures were:")
            lines.extend((f"- {descr}: {error}" for error, descr in conn_errors))
>           raise type(last_ex)("\n".join(lines)).with_traceback(None)
E           django.db.utils.OperationalError: connection failed: connection to server at "127.0.0.1", port 5432 failed: FATAL:  la autentificaci\ufffdn password fall\ufffd para el usuario \ufffdpostgres\ufffd
E           Multiple connection attempts failed. All failures were:
E           - host: 'localhost', port: '5432', hostaddr: '::1': connection failed: connection to server at "::1", port 5432 failed: FATAL:  la autentificaci\ufffdn password fall\ufffd para el usuario \ufffdpostgres\ufffd
E           - host: 'localhost', port: '5432', hostaddr: '127.0.0.1': connection failed: connection to server at "127.0.0.1", port 5432 failed: FATAL:  la autentificaci\ufffdn password fall\ufffd para el usuario \ufffdpostgres\ufffd

..\..\..\AppData\Roaming\Python\Python313\site-packages\psycopg\connection.py:127: OperationalError
_____ ERROR at setup of TestCreateRaffle.test_price_must_be_non_negative ______

self = <DatabaseWrapper vendor='postgresql' alias='__no_db__'>

    @async_unsafe
    def ensure_connection(self):
        """Guarantee that a connection to the database is established."""
        if self.connection is None:
            if self.in_atomic_block and self.closed_in_transaction:
                raise ProgrammingError(
                    "Cannot open a new connection in an atomic block."
                )
            with self.wrap_database_errors:
>               self.connect()

..\..\..\AppData\Roaming\Python\Python313\site-packages\django\db\backends\base\base.py:279: 
_ _ _ _ _ _ _ _ _ _ _ _ _ _ _ _ _ _ _ _ _ _ _ _ _ _ _ _ _ _ _ _ _ _ _ _ _ _ _ _
..\..\..\AppData\Roaming\Python\Python313\site-packages\django\utils\asyncio.py:26: in inner
    return func(*args, **kwargs)
..\..\..\AppData\Roaming\Python\Python313\site-packages\django\db\backends\base\base.py:256: in connect
    self.connection = self.get_new_connection(conn_params)
..\..\..\AppData\Roaming\Python\Python313\site-packages\django\utils\asyncio.py:26: in inner
    return func(*args, **kwargs)
..\..\..\AppData\Roaming\Python\Python313\site-packages\django\db\backends\postgresql\base.py:332: in get_new_connection
    connection = self.Database.connect(**conn_params)
_ _ _ _ _ _ _ _ _ _ _ _ _ _ _ _ _ _ _ _ _ _ _ _ _ _ _ _ _ _ _ _ _ _ _ _ _ _ _ _

cls = <class 'psycopg.Connection'>
conninfo = 'dbname=postgres client_encoding=UTF8 user=postgres password=postgres host=localhost port=5432 hostaddr=127.0.0.1'
autocommit = False, prepare_threshold = None
context = <psycopg.adapt.AdaptersMap object at 0x000001CEB3E42350>
row_factory = None
cursor_factory = <class 'django.db.backends.postgresql.base.Cursor'>
kwargs = {'client_encoding': 'UTF8', 'dbname': 'postgres', 'host': 'localhost', 'password': 'postgres', ...}
params = {'client_encoding': 'UTF8', 'dbname': 'postgres', 'host': 'localhost', 'password': 'postgres', ...}
timeout = 130

    @classmethod
    def connect(
        cls,
        conninfo: str = "",
        *,
        autocommit: bool = False,
        prepare_threshold: int | None = 5,
        context: AdaptContext | None = None,
        row_factory: RowFactory[Row] | None = None,
        cursor_factory: type[Cursor[Row]] | None = None,
        **kwargs: ConnParam,
    ) -> Self:
        """
        Connect to a database server and return a new `Connection` instance.
        """
    
        params = cls._get_connection_params(conninfo, **kwargs)
        timeout = timeout_from_conninfo(params)
        rv = None
        attempts = conninfo_attempts(params)
        conn_errors: list[tuple[e.Error, str]] = []
        for attempt in attempts:
            tdescr = (attempt.get("host"), attempt.get("port"), attempt.get("hostaddr"))
            descr = "host: %r, port: %r, hostaddr: %r" % tdescr
            logger.debug("connection attempt: %s", descr)
            try:
                conninfo = make_conninfo("", **attempt)
                gen = cls._connect_gen(conninfo, timeout=timeout)
                rv = waiting.wait_conn(gen, interval=_WAIT_INTERVAL)
            except e.Error as ex:
                logger.debug("connection failed: %s: %s", descr, str(ex))
                conn_errors.append((ex, descr))
            except e._NO_TRACEBACK as ex:
                raise ex.with_traceback(None)
            else:
                logger.debug("connection succeeded: %s", descr)
                break
    
        if not rv:
            last_ex = conn_errors[-1][0]
            if len(conn_errors) == 1:
                raise last_ex.with_traceback(None)
    
            # Create a new exception with the same type as the last one, containing
            # all attempt errors while preserving backward compatibility.
            lines = [str(last_ex)]
            lines.append("Multiple connection attempts failed. All failures were:")
            lines.extend((f"- {descr}: {error}" for error, descr in conn_errors))
>           raise type(last_ex)("\n".join(lines)).with_traceback(None)
E           psycopg.OperationalError: connection failed: connection to server at "127.0.0.1", port 5432 failed: FATAL:  la autentificaci\ufffdn password fall\ufffd para el usuario \ufffdpostgres\ufffd
E           Multiple connection attempts failed. All failures were:
E           - host: 'localhost', port: '5432', hostaddr: '::1': connection failed: connection to server at "::1", port 5432 failed: FATAL:  la autentificaci\ufffdn password fall\ufffd para el usuario \ufffdpostgres\ufffd
E           - host: 'localhost', port: '5432', hostaddr: '127.0.0.1': connection failed: connection to server at "127.0.0.1", port 5432 failed: FATAL:  la autentificaci\ufffdn password fall\ufffd para el usuario \ufffdpostgres\ufffd

..\..\..\AppData\Roaming\Python\Python313\site-packages\psycopg\connection.py:127: OperationalError

The above exception was the direct cause of the following exception:

self = <DatabaseWrapper vendor='postgresql' alias='default'>

    @contextmanager
    def _nodb_cursor(self):
        cursor = None
        try:
>           with super()._nodb_cursor() as cursor:

..\..\..\AppData\Roaming\Python\Python313\site-packages\django\db\backends\postgresql\base.py:507: 
_ _ _ _ _ _ _ _ _ _ _ _ _ _ _ _ _ _ _ _ _ _ _ _ _ _ _ _ _ _ _ _ _ _ _ _ _ _ _ _
C:\Python313\Lib\contextlib.py:141: in __enter__
    return next(self.gen)
..\..\..\AppData\Roaming\Python\Python313\site-packages\django\db\backends\base\base.py:712: in _nodb_cursor
    with conn.cursor() as cursor:
..\..\..\AppData\Roaming\Python\Python313\site-packages\django\utils\asyncio.py:26: in inner
    return func(*args, **kwargs)
..\..\..\AppData\Roaming\Python\Python313\site-packages\django\db\backends\base\base.py:320: in cursor
    return self._cursor()
..\..\..\AppData\Roaming\Python\Python313\site-packages\django\db\backends\base\base.py:296: in _cursor
    self.ensure_connection()
..\..\..\AppData\Roaming\Python\Python313\site-packages\django\utils\asyncio.py:26: in inner
    return func(*args, **kwargs)
..\..\..\AppData\Roaming\Python\Python313\site-packages\django\db\backends\base\base.py:278: in ensure_connection
    with self.wrap_database_errors:
..\..\..\AppData\Roaming\Python\Python313\site-packages\django\db\utils.py:91: in __exit__
    raise dj_exc_value.with_traceback(traceback) from exc_value
..\..\..\AppData\Roaming\Python\Python313\site-packages\django\db\backends\base\base.py:279: in ensure_connection
    self.connect()
..\..\..\AppData\Roaming\Python\Python313\site-packages\django\utils\asyncio.py:26: in inner
    return func(*args, **kwargs)
..\..\..\AppData\Roaming\Python\Python313\site-packages\django\db\backends\base\base.py:256: in connect
    self.connection = self.get_new_connection(conn_params)
..\..\..\AppData\Roaming\Python\Python313\site-packages\django\utils\asyncio.py:26: in inner
    return func(*args, **kwargs)
..\..\..\AppData\Roaming\Python\Python313\site-packages\django\db\backends\postgresql\base.py:332: in get_new_connection
    connection = self.Database.connect(**conn_params)
_ _ _ _ _ _ _ _ _ _ _ _ _ _ _ _ _ _ _ _ _ _ _ _ _ _ _ _ _ _ _ _ _ _ _ _ _ _ _ _

cls = <class 'psycopg.Connection'>
conninfo = 'dbname=postgres client_encoding=UTF8 user=postgres password=postgres host=localhost port=5432 hostaddr=127.0.0.1'
autocommit = False, prepare_threshold = None
context = <psycopg.adapt.AdaptersMap object at 0x000001CEB3E42350>
row_factory = None
cursor_factory = <class 'django.db.backends.postgresql.base.Cursor'>
kwargs = {'client_encoding': 'UTF8', 'dbname': 'postgres', 'host': 'localhost', 'password': 'postgres', ...}
params = {'client_encoding': 'UTF8', 'dbname': 'postgres', 'host': 'localhost', 'password': 'postgres', ...}
timeout = 130

    @classmethod
    def connect(
        cls,
        conninfo: str = "",
        *,
        autocommit: bool = False,
        prepare_threshold: int | None = 5,
        context: AdaptContext | None = None,
        row_factory: RowFactory[Row] | None = None,
        cursor_factory: type[Cursor[Row]] | None = None,
        **kwargs: ConnParam,
    ) -> Self:
        """
        Connect to a database server and return a new `Connection` instance.
        """
    
        params = cls._get_connection_params(conninfo, **kwargs)
        timeout = timeout_from_conninfo(params)
        rv = None
        attempts = conninfo_attempts(params)
        conn_errors: list[tuple[e.Error, str]] = []
        for attempt in attempts:
            tdescr = (attempt.get("host"), attempt.get("port"), attempt.get("hostaddr"))
            descr = "host: %r, port: %r, hostaddr: %r" % tdescr
            logger.debug("connection attempt: %s", descr)
            try:
                conninfo = make_conninfo("", **attempt)
                gen = cls._connect_gen(conninfo, timeout=timeout)
                rv = waiting.wait_conn(gen, interval=_WAIT_INTERVAL)
            except e.Error as ex:
                logger.debug("connection failed: %s: %s", descr, str(ex))
                conn_errors.append((ex, descr))
            except e._NO_TRACEBACK as ex:
                raise ex.with_traceback(None)
            else:
                logger.debug("connection succeeded: %s", descr)
                break
    
        if not rv:
            last_ex = conn_errors[-1][0]
            if len(conn_errors) == 1:
                raise last_ex.with_traceback(None)
    
            # Create a new exception with the same type as the last one, containing
            # all attempt errors while preserving backward compatibility.
            lines = [str(last_ex)]
            lines.append("Multiple connection attempts failed. All failures were:")
            lines.extend((f"- {descr}: {error}" for error, descr in conn_errors))
>           raise type(last_ex)("\n".join(lines)).with_traceback(None)
E           django.db.utils.OperationalError: connection failed: connection to server at "127.0.0.1", port 5432 failed: FATAL:  la autentificaci\ufffdn password fall\ufffd para el usuario \ufffdpostgres\ufffd
E           Multiple connection attempts failed. All failures were:
E           - host: 'localhost', port: '5432', hostaddr: '::1': connection failed: connection to server at "::1", port 5432 failed: FATAL:  la autentificaci\ufffdn password fall\ufffd para el usuario \ufffdpostgres\ufffd
E           - host: 'localhost', port: '5432', hostaddr: '127.0.0.1': connection failed: connection to server at "127.0.0.1", port 5432 failed: FATAL:  la autentificaci\ufffdn password fall\ufffd para el usuario \ufffdpostgres\ufffd

..\..\..\AppData\Roaming\Python\Python313\site-packages\psycopg\connection.py:127: OperationalError

During handling of the above exception, another exception occurred:

self = <DatabaseWrapper vendor='postgresql' alias='default'>

    @async_unsafe
    def ensure_connection(self):
        """Guarantee that a connection to the database is established."""
        if self.connection is None:
            if self.in_atomic_block and self.closed_in_transaction:
                raise ProgrammingError(
                    "Cannot open a new connection in an atomic block."
                )
            with self.wrap_database_errors:
>               self.connect()

..\..\..\AppData\Roaming\Python\Python313\site-packages\django\db\backends\base\base.py:279: 
_ _ _ _ _ _ _ _ _ _ _ _ _ _ _ _ _ _ _ _ _ _ _ _ _ _ _ _ _ _ _ _ _ _ _ _ _ _ _ _
..\..\..\AppData\Roaming\Python\Python313\site-packages\django\utils\asyncio.py:26: in inner
    return func(*args, **kwargs)
..\..\..\AppData\Roaming\Python\Python313\site-packages\django\db\backends\base\base.py:256: in connect
    self.connection = self.get_new_connection(conn_params)
..\..\..\AppData\Roaming\Python\Python313\site-packages\django\utils\asyncio.py:26: in inner
    return func(*args, **kwargs)
..\..\..\AppData\Roaming\Python\Python313\site-packages\django\db\backends\postgresql\base.py:332: in get_new_connection
    connection = self.Database.connect(**conn_params)
_ _ _ _ _ _ _ _ _ _ _ _ _ _ _ _ _ _ _ _ _ _ _ _ _ _ _ _ _ _ _ _ _ _ _ _ _ _ _ _

cls = <class 'psycopg.Connection'>
conninfo = 'dbname=ruffles_db client_encoding=UTF8 user=postgres password=postgres host=localhost port=5432 hostaddr=127.0.0.1'
autocommit = False, prepare_threshold = None
context = <psycopg.adapt.AdaptersMap object at 0x000001CEB3E42350>
row_factory = None
cursor_factory = <class 'django.db.backends.postgresql.base.Cursor'>
kwargs = {'client_encoding': 'UTF8', 'dbname': 'ruffles_db', 'host': 'localhost', 'password': 'postgres', ...}
params = {'client_encoding': 'UTF8', 'dbname': 'ruffles_db', 'host': 'localhost', 'password': 'postgres', ...}
timeout = 130

    @classmethod
    def connect(
        cls,
        conninfo: str = "",
        *,
        autocommit: bool = False,
        prepare_threshold: int | None = 5,
        context: AdaptContext | None = None,
        row_factory: RowFactory[Row] | None = None,
        cursor_factory: type[Cursor[Row]] | None = None,
        **kwargs: ConnParam,
    ) -> Self:
        """
        Connect to a database server and return a new `Connection` instance.
        """
    
        params = cls._get_connection_params(conninfo, **kwargs)
        timeout = timeout_from_conninfo(params)
        rv = None
        attempts = conninfo_attempts(params)
        conn_errors: list[tuple[e.Error, str]] = []
        for attempt in attempts:
            tdescr = (attempt.get("host"), attempt.get("port"), attempt.get("hostaddr"))
            descr = "host: %r, port: %r, hostaddr: %r" % tdescr
            logger.debug("connection attempt: %s", descr)
            try:
                conninfo = make_conninfo("", **attempt)
                gen = cls._connect_gen(conninfo, timeout=timeout)
                rv = waiting.wait_conn(gen, interval=_WAIT_INTERVAL)
            except e.Error as ex:
                logger.debug("connection failed: %s: %s", descr, str(ex))
                conn_errors.append((ex, descr))
            except e._NO_TRACEBACK as ex:
                raise ex.with_traceback(None)
            else:
                logger.debug("connection succeeded: %s", descr)
                break
    
        if not rv:
            last_ex = conn_errors[-1][0]
            if len(conn_errors) == 1:
                raise last_ex.with_traceback(None)
    
            # Create a new exception with the same type as the last one, containing
            # all attempt errors while preserving backward compatibility.
            lines = [str(last_ex)]
            lines.append("Multiple connection attempts failed. All failures were:")
            lines.extend((f"- {descr}: {error}" for error, descr in conn_errors))
>           raise type(last_ex)("\n".join(lines)).with_traceback(None)
E           psycopg.OperationalError: connection failed: connection to server at "127.0.0.1", port 5432 failed: FATAL:  la autentificaci\ufffdn password fall\ufffd para el usuario \ufffdpostgres\ufffd
E           Multiple connection attempts failed. All failures were:
E           - host: 'localhost', port: '5432', hostaddr: '::1': connection failed: connection to server at "::1", port 5432 failed: FATAL:  la autentificaci\ufffdn password fall\ufffd para el usuario \ufffdpostgres\ufffd
E           - host: 'localhost', port: '5432', hostaddr: '127.0.0.1': connection failed: connection to server at "127.0.0.1", port 5432 failed: FATAL:  la autentificaci\ufffdn password fall\ufffd para el usuario \ufffdpostgres\ufffd

..\..\..\AppData\Roaming\Python\Python313\site-packages\psycopg\connection.py:127: OperationalError

The above exception was the direct cause of the following exception:

request = <SubRequest 'django_db_setup' for <Function test_login_success_returns_jwt>>
django_test_environment = None
django_db_blocker = <pytest_django.plugin.DjangoDbBlocker object at 0x000001CEB17F0050>
django_db_use_migrations = True, django_db_keepdb = False
django_db_createdb = False, django_db_modify_db_settings = None

    @pytest.fixture(scope="session")
    def django_db_setup(
        request: pytest.FixtureRequest,
        django_test_environment: None,
        django_db_blocker: DjangoDbBlocker,
        django_db_use_migrations: bool,
        django_db_keepdb: bool,
        django_db_createdb: bool,
        django_db_modify_db_settings: None,
    ) -> Generator[None, None, None]:
        """Top level fixture to ensure test databases are available"""
        from django.test.utils import setup_databases, teardown_databases
    
        setup_databases_args = {}
    
        if not django_db_use_migrations:
            _disable_migrations()
    
        if django_db_keepdb and not django_db_createdb:
            setup_databases_args["keepdb"] = True
    
        with django_db_blocker.unblock():
>           db_cfg = setup_databases(
                verbosity=request.config.option.verbose,
                interactive=False,
                **setup_databases_args,
            )

..\..\..\AppData\Roaming\Python\Python313\site-packages\pytest_django\fixtures.py:140: 
_ _ _ _ _ _ _ _ _ _ _ _ _ _ _ _ _ _ _ _ _ _ _ _ _ _ _ _ _ _ _ _ _ _ _ _ _ _ _ _
..\..\..\AppData\Roaming\Python\Python313\site-packages\django\test\utils.py:204: in setup_databases
    connection.creation.create_test_db(
..\..\..\AppData\Roaming\Python\Python313\site-packages\django\db\backends\base\creation.py:62: in create_test_db
    self._create_test_db(verbosity, autoclobber, keepdb)
..\..\..\AppData\Roaming\Python\Python313\site-packages\django\db\backends\base\creation.py:202: in _create_test_db
    with self._nodb_cursor() as cursor:
C:\Python313\Lib\contextlib.py:141: in __enter__
    return next(self.gen)
..\..\..\AppData\Roaming\Python\Python313\site-packages\django\db\backends\postgresql\base.py:533: in _nodb_cursor
    with conn.cursor() as cursor:
..\..\..\AppData\Roaming\Python\Python313\site-packages\django\utils\asyncio.py:26: in inner
    return func(*args, **kwargs)
..\..\..\AppData\Roaming\Python\Python313\site-packages\django\db\backends\base\base.py:320: in cursor
    return self._cursor()
..\..\..\AppData\Roaming\Python\Python313\site-packages\django\db\backends\base\base.py:296: in _cursor
    self.ensure_connection()
..\..\..\AppData\Roaming\Python\Python313\site-packages\django\utils\asyncio.py:26: in inner
    return func(*args, **kwargs)
..\..\..\AppData\Roaming\Python\Python313\site-packages\django\db\backends\base\base.py:278: in ensure_connection
    with self.wrap_database_errors:
..\..\..\AppData\Roaming\Python\Python313\site-packages\django\db\utils.py:91: in __exit__
    raise dj_exc_value.with_traceback(traceback) from exc_value
..\..\..\AppData\Roaming\Python\Python313\site-packages\django\db\backends\base\base.py:279: in ensure_connection
    self.connect()
..\..\..\AppData\Roaming\Python\Python313\site-packages\django\utils\asyncio.py:26: in inner
    return func(*args, **kwargs)
..\..\..\AppData\Roaming\Python\Python313\site-packages\django\db\backends\base\base.py:256: in connect
    self.connection = self.get_new_connection(conn_params)
..\..\..\AppData\Roaming\Python\Python313\site-packages\django\utils\asyncio.py:26: in inner
    return func(*args, **kwargs)
..\..\..\AppData\Roaming\Python\Python313\site-packages\django\db\backends\postgresql\base.py:332: in get_new_connection
    connection = self.Database.connect(**conn_params)
_ _ _ _ _ _ _ _ _ _ _ _ _ _ _ _ _ _ _ _ _ _ _ _ _ _ _ _ _ _ _ _ _ _ _ _ _ _ _ _

cls = <class 'psycopg.Connection'>
conninfo = 'dbname=ruffles_db client_encoding=UTF8 user=postgres password=postgres host=localhost port=5432 hostaddr=127.0.0.1'
autocommit = False, prepare_threshold = None
context = <psycopg.adapt.AdaptersMap object at 0x000001CEB3E42350>
row_factory = None
cursor_factory = <class 'django.db.backends.postgresql.base.Cursor'>
kwargs = {'client_encoding': 'UTF8', 'dbname': 'ruffles_db', 'host': 'localhost', 'password': 'postgres', ...}
params = {'client_encoding': 'UTF8', 'dbname': 'ruffles_db', 'host': 'localhost', 'password': 'postgres', ...}
timeout = 130

    @classmethod
    def connect(
        cls,
        conninfo: str = "",
        *,
        autocommit: bool = False,
        prepare_threshold: int | None = 5,
        context: AdaptContext | None = None,
        row_factory: RowFactory[Row] | None = None,
        cursor_factory: type[Cursor[Row]] | None = None,
        **kwargs: ConnParam,
    ) -> Self:
        """
        Connect to a database server and return a new `Connection` instance.
        """
    
        params = cls._get_connection_params(conninfo, **kwargs)
        timeout = timeout_from_conninfo(params)
        rv = None
        attempts = conninfo_attempts(params)
        conn_errors: list[tuple[e.Error, str]] = []
        for attempt in attempts:
            tdescr = (attempt.get("host"), attempt.get("port"), attempt.get("hostaddr"))
            descr = "host: %r, port: %r, hostaddr: %r" % tdescr
            logger.debug("connection attempt: %s", descr)
            try:
                conninfo = make_conninfo("", **attempt)
                gen = cls._connect_gen(conninfo, timeout=timeout)
                rv = waiting.wait_conn(gen, interval=_WAIT_INTERVAL)
            except e.Error as ex:
                logger.debug("connection failed: %s: %s", descr, str(ex))
                conn_errors.append((ex, descr))
            except e._NO_TRACEBACK as ex:
                raise ex.with_traceback(None)
            else:
                logger.debug("connection succeeded: %s", descr)
                break
    
        if not rv:
            last_ex = conn_errors[-1][0]
            if len(conn_errors) == 1:
                raise last_ex.with_traceback(None)
    
            # Create a new exception with the same type as the last one, containing
            # all attempt errors while preserving backward compatibility.
            lines = [str(last_ex)]
            lines.append("Multiple connection attempts failed. All failures were:")
            lines.extend((f"- {descr}: {error}" for error, descr in conn_errors))
>           raise type(last_ex)("\n".join(lines)).with_traceback(None)
E           django.db.utils.OperationalError: connection failed: connection to server at "127.0.0.1", port 5432 failed: FATAL:  la autentificaci\ufffdn password fall\ufffd para el usuario \ufffdpostgres\ufffd
E           Multiple connection attempts failed. All failures were:
E           - host: 'localhost', port: '5432', hostaddr: '::1': connection failed: connection to server at "::1", port 5432 failed: FATAL:  la autentificaci\ufffdn password fall\ufffd para el usuario \ufffdpostgres\ufffd
E           - host: 'localhost', port: '5432', hostaddr: '127.0.0.1': connection failed: connection to server at "127.0.0.1", port 5432 failed: FATAL:  la autentificaci\ufffdn password fall\ufffd para el usuario \ufffdpostgres\ufffd

..\..\..\AppData\Roaming\Python\Python313\site-packages\psycopg\connection.py:127: OperationalError
_______ ERROR at setup of TestCreateRaffle.test_sale_window_validation ________

self = <DatabaseWrapper vendor='postgresql' alias='__no_db__'>

    @async_unsafe
    def ensure_connection(self):
        """Guarantee that a connection to the database is established."""
        if self.connection is None:
            if self.in_atomic_block and self.closed_in_transaction:
                raise ProgrammingError(
                    "Cannot open a new connection in an atomic block."
                )
            with self.wrap_database_errors:
>               self.connect()

..\..\..\AppData\Roaming\Python\Python313\site-packages\django\db\backends\base\base.py:279: 
_ _ _ _ _ _ _ _ _ _ _ _ _ _ _ _ _ _ _ _ _ _ _ _ _ _ _ _ _ _ _ _ _ _ _ _ _ _ _ _
..\..\..\AppData\Roaming\Python\Python313\site-packages\django\utils\asyncio.py:26: in inner
    return func(*args, **kwargs)
..\..\..\AppData\Roaming\Python\Python313\site-packages\django\db\backends\base\base.py:256: in connect
    self.connection = self.get_new_connection(conn_params)
..\..\..\AppData\Roaming\Python\Python313\site-packages\django\utils\asyncio.py:26: in inner
    return func(*args, **kwargs)
..\..\..\AppData\Roaming\Python\Python313\site-packages\django\db\backends\postgresql\base.py:332: in get_new_connection
    connection = self.Database.connect(**conn_params)
_ _ _ _ _ _ _ _ _ _ _ _ _ _ _ _ _ _ _ _ _ _ _ _ _ _ _ _ _ _ _ _ _ _ _ _ _ _ _ _

cls = <class 'psycopg.Connection'>
conninfo = 'dbname=postgres client_encoding=UTF8 user=postgres password=postgres host=localhost port=5432 hostaddr=127.0.0.1'
autocommit = False, prepare_threshold = None
context = <psycopg.adapt.AdaptersMap object at 0x000001CEB3E42350>
row_factory = None
cursor_factory = <class 'django.db.backends.postgresql.base.Cursor'>
kwargs = {'client_encoding': 'UTF8', 'dbname': 'postgres', 'host': 'localhost', 'password': 'postgres', ...}
params = {'client_encoding': 'UTF8', 'dbname': 'postgres', 'host': 'localhost', 'password': 'postgres', ...}
timeout = 130

    @classmethod
    def connect(
        cls,
        conninfo: str = "",
        *,
        autocommit: bool = False,
        prepare_threshold: int | None = 5,
        context: AdaptContext | None = None,
        row_factory: RowFactory[Row] | None = None,
        cursor_factory: type[Cursor[Row]] | None = None,
        **kwargs: ConnParam,
    ) -> Self:
        """
        Connect to a database server and return a new `Connection` instance.
        """
    
        params = cls._get_connection_params(conninfo, **kwargs)
        timeout = timeout_from_conninfo(params)
        rv = None
        attempts = conninfo_attempts(params)
        conn_errors: list[tuple[e.Error, str]] = []
        for attempt in attempts:
            tdescr = (attempt.get("host"), attempt.get("port"), attempt.get("hostaddr"))
            descr = "host: %r, port: %r, hostaddr: %r" % tdescr
            logger.debug("connection attempt: %s", descr)
            try:
                conninfo = make_conninfo("", **attempt)
                gen = cls._connect_gen(conninfo, timeout=timeout)
                rv = waiting.wait_conn(gen, interval=_WAIT_INTERVAL)
            except e.Error as ex:
                logger.debug("connection failed: %s: %s", descr, str(ex))
                conn_errors.append((ex, descr))
            except e._NO_TRACEBACK as ex:
                raise ex.with_traceback(None)
            else:
                logger.debug("connection succeeded: %s", descr)
                break
    
        if not rv:
            last_ex = conn_errors[-1][0]
            if len(conn_errors) == 1:
                raise last_ex.with_traceback(None)
    
            # Create a new exception with the same type as the last one, containing
            # all attempt errors while preserving backward compatibility.
            lines = [str(last_ex)]
            lines.append("Multiple connection attempts failed. All failures were:")
            lines.extend((f"- {descr}: {error}" for error, descr in conn_errors))
>           raise type(last_ex)("\n".join(lines)).with_traceback(None)
E           psycopg.OperationalError: connection failed: connection to server at "127.0.0.1", port 5432 failed: FATAL:  la autentificaci\ufffdn password fall\ufffd para el usuario \ufffdpostgres\ufffd
E           Multiple connection attempts failed. All failures were:
E           - host: 'localhost', port: '5432', hostaddr: '::1': connection failed: connection to server at "::1", port 5432 failed: FATAL:  la autentificaci\ufffdn password fall\ufffd para el usuario \ufffdpostgres\ufffd
E           - host: 'localhost', port: '5432', hostaddr: '127.0.0.1': connection failed: connection to server at "127.0.0.1", port 5432 failed: FATAL:  la autentificaci\ufffdn password fall\ufffd para el usuario \ufffdpostgres\ufffd

..\..\..\AppData\Roaming\Python\Python313\site-packages\psycopg\connection.py:127: OperationalError

The above exception was the direct cause of the following exception:

self = <DatabaseWrapper vendor='postgresql' alias='default'>

    @contextmanager
    def _nodb_cursor(self):
        cursor = None
        try:
>           with super()._nodb_cursor() as cursor:

..\..\..\AppData\Roaming\Python\Python313\site-packages\django\db\backends\postgresql\base.py:507: 
_ _ _ _ _ _ _ _ _ _ _ _ _ _ _ _ _ _ _ _ _ _ _ _ _ _ _ _ _ _ _ _ _ _ _ _ _ _ _ _
C:\Python313\Lib\contextlib.py:141: in __enter__
    return next(self.gen)
..\..\..\AppData\Roaming\Python\Python313\site-packages\django\db\backends\base\base.py:712: in _nodb_cursor
    with conn.cursor() as cursor:
..\..\..\AppData\Roaming\Python\Python313\site-packages\django\utils\asyncio.py:26: in inner
    return func(*args, **kwargs)
..\..\..\AppData\Roaming\Python\Python313\site-packages\django\db\backends\base\base.py:320: in cursor
    return self._cursor()
..\..\..\AppData\Roaming\Python\Python313\site-packages\django\db\backends\base\base.py:296: in _cursor
    self.ensure_connection()
..\..\..\AppData\Roaming\Python\Python313\site-packages\django\utils\asyncio.py:26: in inner
    return func(*args, **kwargs)
..\..\..\AppData\Roaming\Python\Python313\site-packages\django\db\backends\base\base.py:278: in ensure_connection
    with self.wrap_database_errors:
..\..\..\AppData\Roaming\Python\Python313\site-packages\django\db\utils.py:91: in __exit__
    raise dj_exc_value.with_traceback(traceback) from exc_value
..\..\..\AppData\Roaming\Python\Python313\site-packages\django\db\backends\base\base.py:279: in ensure_connection
    self.connect()
..\..\..\AppData\Roaming\Python\Python313\site-packages\django\utils\asyncio.py:26: in inner
    return func(*args, **kwargs)
..\..\..\AppData\Roaming\Python\Python313\site-packages\django\db\backends\base\base.py:256: in connect
    self.connection = self.get_new_connection(conn_params)
..\..\..\AppData\Roaming\Python\Python313\site-packages\django\utils\asyncio.py:26: in inner
    return func(*args, **kwargs)
..\..\..\AppData\Roaming\Python\Python313\site-packages\django\db\backends\postgresql\base.py:332: in get_new_connection
    connection = self.Database.connect(**conn_params)
_ _ _ _ _ _ _ _ _ _ _ _ _ _ _ _ _ _ _ _ _ _ _ _ _ _ _ _ _ _ _ _ _ _ _ _ _ _ _ _

cls = <class 'psycopg.Connection'>
conninfo = 'dbname=postgres client_encoding=UTF8 user=postgres password=postgres host=localhost port=5432 hostaddr=127.0.0.1'
autocommit = False, prepare_threshold = None
context = <psycopg.adapt.AdaptersMap object at 0x000001CEB3E42350>
row_factory = None
cursor_factory = <class 'django.db.backends.postgresql.base.Cursor'>
kwargs = {'client_encoding': 'UTF8', 'dbname': 'postgres', 'host': 'localhost', 'password': 'postgres', ...}
params = {'client_encoding': 'UTF8', 'dbname': 'postgres', 'host': 'localhost', 'password': 'postgres', ...}
timeout = 130

    @classmethod
    def connect(
        cls,
        conninfo: str = "",
        *,
        autocommit: bool = False,
        prepare_threshold: int | None = 5,
        context: AdaptContext | None = None,
        row_factory: RowFactory[Row] | None = None,
        cursor_factory: type[Cursor[Row]] | None = None,
        **kwargs: ConnParam,
    ) -> Self:
        """
        Connect to a database server and return a new `Connection` instance.
        """
    
        params = cls._get_connection_params(conninfo, **kwargs)
        timeout = timeout_from_conninfo(params)
        rv = None
        attempts = conninfo_attempts(params)
        conn_errors: list[tuple[e.Error, str]] = []
        for attempt in attempts:
            tdescr = (attempt.get("host"), attempt.get("port"), attempt.get("hostaddr"))
            descr = "host: %r, port: %r, hostaddr: %r" % tdescr
            logger.debug("connection attempt: %s", descr)
            try:
                conninfo = make_conninfo("", **attempt)
                gen = cls._connect_gen(conninfo, timeout=timeout)
                rv = waiting.wait_conn(gen, interval=_WAIT_INTERVAL)
            except e.Error as ex:
                logger.debug("connection failed: %s: %s", descr, str(ex))
                conn_errors.append((ex, descr))
            except e._NO_TRACEBACK as ex:
                raise ex.with_traceback(None)
            else:
                logger.debug("connection succeeded: %s", descr)
                break
    
        if not rv:
            last_ex = conn_errors[-1][0]
            if len(conn_errors) == 1:
                raise last_ex.with_traceback(None)
    
            # Create a new exception with the same type as the last one, containing
            # all attempt errors while preserving backward compatibility.
            lines = [str(last_ex)]
            lines.append("Multiple connection attempts failed. All failures were:")
            lines.extend((f"- {descr}: {error}" for error, descr in conn_errors))
>           raise type(last_ex)("\n".join(lines)).with_traceback(None)
E           django.db.utils.OperationalError: connection failed: connection to server at "127.0.0.1", port 5432 failed: FATAL:  la autentificaci\ufffdn password fall\ufffd para el usuario \ufffdpostgres\ufffd
E           Multiple connection attempts failed. All failures were:
E           - host: 'localhost', port: '5432', hostaddr: '::1': connection failed: connection to server at "::1", port 5432 failed: FATAL:  la autentificaci\ufffdn password fall\ufffd para el usuario \ufffdpostgres\ufffd
E           - host: 'localhost', port: '5432', hostaddr: '127.0.0.1': connection failed: connection to server at "127.0.0.1", port 5432 failed: FATAL:  la autentificaci\ufffdn password fall\ufffd para el usuario \ufffdpostgres\ufffd

..\..\..\AppData\Roaming\Python\Python313\site-packages\psycopg\connection.py:127: OperationalError

During handling of the above exception, another exception occurred:

self = <DatabaseWrapper vendor='postgresql' alias='default'>

    @async_unsafe
    def ensure_connection(self):
        """Guarantee that a connection to the database is established."""
        if self.connection is None:
            if self.in_atomic_block and self.closed_in_transaction:
                raise ProgrammingError(
                    "Cannot open a new connection in an atomic block."
                )
            with self.wrap_database_errors:
>               self.connect()

..\..\..\AppData\Roaming\Python\Python313\site-packages\django\db\backends\base\base.py:279: 
_ _ _ _ _ _ _ _ _ _ _ _ _ _ _ _ _ _ _ _ _ _ _ _ _ _ _ _ _ _ _ _ _ _ _ _ _ _ _ _
..\..\..\AppData\Roaming\Python\Python313\site-packages\django\utils\asyncio.py:26: in inner
    return func(*args, **kwargs)
..\..\..\AppData\Roaming\Python\Python313\site-packages\django\db\backends\base\base.py:256: in connect
    self.connection = self.get_new_connection(conn_params)
..\..\..\AppData\Roaming\Python\Python313\site-packages\django\utils\asyncio.py:26: in inner
    return func(*args, **kwargs)
..\..\..\AppData\Roaming\Python\Python313\site-packages\django\db\backends\postgresql\base.py:332: in get_new_connection
    connection = self.Database.connect(**conn_params)
_ _ _ _ _ _ _ _ _ _ _ _ _ _ _ _ _ _ _ _ _ _ _ _ _ _ _ _ _ _ _ _ _ _ _ _ _ _ _ _

cls = <class 'psycopg.Connection'>
conninfo = 'dbname=ruffles_db client_encoding=UTF8 user=postgres password=postgres host=localhost port=5432 hostaddr=127.0.0.1'
autocommit = False, prepare_threshold = None
context = <psycopg.adapt.AdaptersMap object at 0x000001CEB3E42350>
row_factory = None
cursor_factory = <class 'django.db.backends.postgresql.base.Cursor'>
kwargs = {'client_encoding': 'UTF8', 'dbname': 'ruffles_db', 'host': 'localhost', 'password': 'postgres', ...}
params = {'client_encoding': 'UTF8', 'dbname': 'ruffles_db', 'host': 'localhost', 'password': 'postgres', ...}
timeout = 130

    @classmethod
    def connect(
        cls,
        conninfo: str = "",
        *,
        autocommit: bool = False,
        prepare_threshold: int | None = 5,
        context: AdaptContext | None = None,
        row_factory: RowFactory[Row] | None = None,
        cursor_factory: type[Cursor[Row]] | None = None,
        **kwargs: ConnParam,
    ) -> Self:
        """
        Connect to a database server and return a new `Connection` instance.
        """
    
        params = cls._get_connection_params(conninfo, **kwargs)
        timeout = timeout_from_conninfo(params)
        rv = None
        attempts = conninfo_attempts(params)
        conn_errors: list[tuple[e.Error, str]] = []
        for attempt in attempts:
            tdescr = (attempt.get("host"), attempt.get("port"), attempt.get("hostaddr"))
            descr = "host: %r, port: %r, hostaddr: %r" % tdescr
            logger.debug("connection attempt: %s", descr)
            try:
                conninfo = make_conninfo("", **attempt)
                gen = cls._connect_gen(conninfo, timeout=timeout)
                rv = waiting.wait_conn(gen, interval=_WAIT_INTERVAL)
            except e.Error as ex:
                logger.debug("connection failed: %s: %s", descr, str(ex))
                conn_errors.append((ex, descr))
            except e._NO_TRACEBACK as ex:
                raise ex.with_traceback(None)
            else:
                logger.debug("connection succeeded: %s", descr)
                break
    
        if not rv:
            last_ex = conn_errors[-1][0]
            if len(conn_errors) == 1:
                raise last_ex.with_traceback(None)
    
            # Create a new exception with the same type as the last one, containing
            # all attempt errors while preserving backward compatibility.
            lines = [str(last_ex)]
            lines.append("Multiple connection attempts failed. All failures were:")
            lines.extend((f"- {descr}: {error}" for error, descr in conn_errors))
>           raise type(last_ex)("\n".join(lines)).with_traceback(None)
E           psycopg.OperationalError: connection failed: connection to server at "127.0.0.1", port 5432 failed: FATAL:  la autentificaci\ufffdn password fall\ufffd para el usuario \ufffdpostgres\ufffd
E           Multiple connection attempts failed. All failures were:
E           - host: 'localhost', port: '5432', hostaddr: '::1': connection failed: connection to server at "::1", port 5432 failed: FATAL:  la autentificaci\ufffdn password fall\ufffd para el usuario \ufffdpostgres\ufffd
E           - host: 'localhost', port: '5432', hostaddr: '127.0.0.1': connection failed: connection to server at "127.0.0.1", port 5432 failed: FATAL:  la autentificaci\ufffdn password fall\ufffd para el usuario \ufffdpostgres\ufffd

..\..\..\AppData\Roaming\Python\Python313\site-packages\psycopg\connection.py:127: OperationalError

The above exception was the direct cause of the following exception:

request = <SubRequest 'django_db_setup' for <Function test_login_success_returns_jwt>>
django_test_environment = None
django_db_blocker = <pytest_django.plugin.DjangoDbBlocker object at 0x000001CEB17F0050>
django_db_use_migrations = True, django_db_keepdb = False
django_db_createdb = False, django_db_modify_db_settings = None

    @pytest.fixture(scope="session")
    def django_db_setup(
        request: pytest.FixtureRequest,
        django_test_environment: None,
        django_db_blocker: DjangoDbBlocker,
        django_db_use_migrations: bool,
        django_db_keepdb: bool,
        django_db_createdb: bool,
        django_db_modify_db_settings: None,
    ) -> Generator[None, None, None]:
        """Top level fixture to ensure test databases are available"""
        from django.test.utils import setup_databases, teardown_databases
    
        setup_databases_args = {}
    
        if not django_db_use_migrations:
            _disable_migrations()
    
        if django_db_keepdb and not django_db_createdb:
            setup_databases_args["keepdb"] = True
    
        with django_db_blocker.unblock():
>           db_cfg = setup_databases(
                verbosity=request.config.option.verbose,
                interactive=False,
                **setup_databases_args,
            )

..\..\..\AppData\Roaming\Python\Python313\site-packages\pytest_django\fixtures.py:140: 
_ _ _ _ _ _ _ _ _ _ _ _ _ _ _ _ _ _ _ _ _ _ _ _ _ _ _ _ _ _ _ _ _ _ _ _ _ _ _ _
..\..\..\AppData\Roaming\Python\Python313\site-packages\django\test\utils.py:204: in setup_databases
    connection.creation.create_test_db(
..\..\..\AppData\Roaming\Python\Python313\site-packages\django\db\backends\base\creation.py:62: in create_test_db
    self._create_test_db(verbosity, autoclobber, keepdb)
..\..\..\AppData\Roaming\Python\Python313\site-packages\django\db\backends\base\creation.py:202: in _create_test_db
    with self._nodb_cursor() as cursor:
C:\Python313\Lib\contextlib.py:141: in __enter__
    return next(self.gen)
..\..\..\AppData\Roaming\Python\Python313\site-packages\django\db\backends\postgresql\base.py:533: in _nodb_cursor
    with conn.cursor() as cursor:
..\..\..\AppData\Roaming\Python\Python313\site-packages\django\utils\asyncio.py:26: in inner
    return func(*args, **kwargs)
..\..\..\AppData\Roaming\Python\Python313\site-packages\django\db\backends\base\base.py:320: in cursor
    return self._cursor()
..\..\..\AppData\Roaming\Python\Python313\site-packages\django\db\backends\base\base.py:296: in _cursor
    self.ensure_connection()
..\..\..\AppData\Roaming\Python\Python313\site-packages\django\utils\asyncio.py:26: in inner
    return func(*args, **kwargs)
..\..\..\AppData\Roaming\Python\Python313\site-packages\django\db\backends\base\base.py:278: in ensure_connection
    with self.wrap_database_errors:
..\..\..\AppData\Roaming\Python\Python313\site-packages\django\db\utils.py:91: in __exit__
    raise dj_exc_value.with_traceback(traceback) from exc_value
..\..\..\AppData\Roaming\Python\Python313\site-packages\django\db\backends\base\base.py:279: in ensure_connection
    self.connect()
..\..\..\AppData\Roaming\Python\Python313\site-packages\django\utils\asyncio.py:26: in inner
    return func(*args, **kwargs)
..\..\..\AppData\Roaming\Python\Python313\site-packages\django\db\backends\base\base.py:256: in connect
    self.connection = self.get_new_connection(conn_params)
..\..\..\AppData\Roaming\Python\Python313\site-packages\django\utils\asyncio.py:26: in inner
    return func(*args, **kwargs)
..\..\..\AppData\Roaming\Python\Python313\site-packages\django\db\backends\postgresql\base.py:332: in get_new_connection
    connection = self.Database.connect(**conn_params)
_ _ _ _ _ _ _ _ _ _ _ _ _ _ _ _ _ _ _ _ _ _ _ _ _ _ _ _ _ _ _ _ _ _ _ _ _ _ _ _

cls = <class 'psycopg.Connection'>
conninfo = 'dbname=ruffles_db client_encoding=UTF8 user=postgres password=postgres host=localhost port=5432 hostaddr=127.0.0.1'
autocommit = False, prepare_threshold = None
context = <psycopg.adapt.AdaptersMap object at 0x000001CEB3E42350>
row_factory = None
cursor_factory = <class 'django.db.backends.postgresql.base.Cursor'>
kwargs = {'client_encoding': 'UTF8', 'dbname': 'ruffles_db', 'host': 'localhost', 'password': 'postgres', ...}
params = {'client_encoding': 'UTF8', 'dbname': 'ruffles_db', 'host': 'localhost', 'password': 'postgres', ...}
timeout = 130

    @classmethod
    def connect(
        cls,
        conninfo: str = "",
        *,
        autocommit: bool = False,
        prepare_threshold: int | None = 5,
        context: AdaptContext | None = None,
        row_factory: RowFactory[Row] | None = None,
        cursor_factory: type[Cursor[Row]] | None = None,
        **kwargs: ConnParam,
    ) -> Self:
        """
        Connect to a database server and return a new `Connection` instance.
        """
    
        params = cls._get_connection_params(conninfo, **kwargs)
        timeout = timeout_from_conninfo(params)
        rv = None
        attempts = conninfo_attempts(params)
        conn_errors: list[tuple[e.Error, str]] = []
        for attempt in attempts:
            tdescr = (attempt.get("host"), attempt.get("port"), attempt.get("hostaddr"))
            descr = "host: %r, port: %r, hostaddr: %r" % tdescr
            logger.debug("connection attempt: %s", descr)
            try:
                conninfo = make_conninfo("", **attempt)
                gen = cls._connect_gen(conninfo, timeout=timeout)
                rv = waiting.wait_conn(gen, interval=_WAIT_INTERVAL)
            except e.Error as ex:
                logger.debug("connection failed: %s: %s", descr, str(ex))
                conn_errors.append((ex, descr))
            except e._NO_TRACEBACK as ex:
                raise ex.with_traceback(None)
            else:
                logger.debug("connection succeeded: %s", descr)
                break
    
        if not rv:
            last_ex = conn_errors[-1][0]
            if len(conn_errors) == 1:
                raise last_ex.with_traceback(None)
    
            # Create a new exception with the same type as the last one, containing
            # all attempt errors while preserving backward compatibility.
            lines = [str(last_ex)]
            lines.append("Multiple connection attempts failed. All failures were:")
            lines.extend((f"- {descr}: {error}" for error, descr in conn_errors))
>           raise type(last_ex)("\n".join(lines)).with_traceback(None)
E           django.db.utils.OperationalError: connection failed: connection to server at "127.0.0.1", port 5432 failed: FATAL:  la autentificaci\ufffdn password fall\ufffd para el usuario \ufffdpostgres\ufffd
E           Multiple connection attempts failed. All failures were:
E           - host: 'localhost', port: '5432', hostaddr: '::1': connection failed: connection to server at "::1", port 5432 failed: FATAL:  la autentificaci\ufffdn password fall\ufffd para el usuario \ufffdpostgres\ufffd
E           - host: 'localhost', port: '5432', hostaddr: '127.0.0.1': connection failed: connection to server at "127.0.0.1", port 5432 failed: FATAL:  la autentificaci\ufffdn password fall\ufffd para el usuario \ufffdpostgres\ufffd

..\..\..\AppData\Roaming\Python\Python313\site-packages\psycopg\connection.py:127: OperationalError
_____ ERROR at setup of TestCreateRaffle.test_draw_must_be_after_sale_end _____

self = <DatabaseWrapper vendor='postgresql' alias='__no_db__'>

    @async_unsafe
    def ensure_connection(self):
        """Guarantee that a connection to the database is established."""
        if self.connection is None:
            if self.in_atomic_block and self.closed_in_transaction:
                raise ProgrammingError(
                    "Cannot open a new connection in an atomic block."
                )
            with self.wrap_database_errors:
>               self.connect()

..\..\..\AppData\Roaming\Python\Python313\site-packages\django\db\backends\base\base.py:279: 
_ _ _ _ _ _ _ _ _ _ _ _ _ _ _ _ _ _ _ _ _ _ _ _ _ _ _ _ _ _ _ _ _ _ _ _ _ _ _ _
..\..\..\AppData\Roaming\Python\Python313\site-packages\django\utils\asyncio.py:26: in inner
    return func(*args, **kwargs)
..\..\..\AppData\Roaming\Python\Python313\site-packages\django\db\backends\base\base.py:256: in connect
    self.connection = self.get_new_connection(conn_params)
..\..\..\AppData\Roaming\Python\Python313\site-packages\django\utils\asyncio.py:26: in inner
    return func(*args, **kwargs)
..\..\..\AppData\Roaming\Python\Python313\site-packages\django\db\backends\postgresql\base.py:332: in get_new_connection
    connection = self.Database.connect(**conn_params)
_ _ _ _ _ _ _ _ _ _ _ _ _ _ _ _ _ _ _ _ _ _ _ _ _ _ _ _ _ _ _ _ _ _ _ _ _ _ _ _

cls = <class 'psycopg.Connection'>
conninfo = 'dbname=postgres client_encoding=UTF8 user=postgres password=postgres host=localhost port=5432 hostaddr=127.0.0.1'
autocommit = False, prepare_threshold = None
context = <psycopg.adapt.AdaptersMap object at 0x000001CEB3E42350>
row_factory = None
cursor_factory = <class 'django.db.backends.postgresql.base.Cursor'>
kwargs = {'client_encoding': 'UTF8', 'dbname': 'postgres', 'host': 'localhost', 'password': 'postgres', ...}
params = {'client_encoding': 'UTF8', 'dbname': 'postgres', 'host': 'localhost', 'password': 'postgres', ...}
timeout = 130

    @classmethod
    def connect(
        cls,
        conninfo: str = "",
        *,
        autocommit: bool = False,
        prepare_threshold: int | None = 5,
        context: AdaptContext | None = None,
        row_factory: RowFactory[Row] | None = None,
        cursor_factory: type[Cursor[Row]] | None = None,
        **kwargs: ConnParam,
    ) -> Self:
        """
        Connect to a database server and return a new `Connection` instance.
        """
    
        params = cls._get_connection_params(conninfo, **kwargs)
        timeout = timeout_from_conninfo(params)
        rv = None
        attempts = conninfo_attempts(params)
        conn_errors: list[tuple[e.Error, str]] = []
        for attempt in attempts:
            tdescr = (attempt.get("host"), attempt.get("port"), attempt.get("hostaddr"))
            descr = "host: %r, port: %r, hostaddr: %r" % tdescr
            logger.debug("connection attempt: %s", descr)
            try:
                conninfo = make_conninfo("", **attempt)
                gen = cls._connect_gen(conninfo, timeout=timeout)
                rv = waiting.wait_conn(gen, interval=_WAIT_INTERVAL)
            except e.Error as ex:
                logger.debug("connection failed: %s: %s", descr, str(ex))
                conn_errors.append((ex, descr))
            except e._NO_TRACEBACK as ex:
                raise ex.with_traceback(None)
            else:
                logger.debug("connection succeeded: %s", descr)
                break
    
        if not rv:
            last_ex = conn_errors[-1][0]
            if len(conn_errors) == 1:
                raise last_ex.with_traceback(None)
    
            # Create a new exception with the same type as the last one, containing
            # all attempt errors while preserving backward compatibility.
            lines = [str(last_ex)]
            lines.append("Multiple connection attempts failed. All failures were:")
            lines.extend((f"- {descr}: {error}" for error, descr in conn_errors))
>           raise type(last_ex)("\n".join(lines)).with_traceback(None)
E           psycopg.OperationalError: connection failed: connection to server at "127.0.0.1", port 5432 failed: FATAL:  la autentificaci\ufffdn password fall\ufffd para el usuario \ufffdpostgres\ufffd
E           Multiple connection attempts failed. All failures were:
E           - host: 'localhost', port: '5432', hostaddr: '::1': connection failed: connection to server at "::1", port 5432 failed: FATAL:  la autentificaci\ufffdn password fall\ufffd para el usuario \ufffdpostgres\ufffd
E           - host: 'localhost', port: '5432', hostaddr: '127.0.0.1': connection failed: connection to server at "127.0.0.1", port 5432 failed: FATAL:  la autentificaci\ufffdn password fall\ufffd para el usuario \ufffdpostgres\ufffd

..\..\..\AppData\Roaming\Python\Python313\site-packages\psycopg\connection.py:127: OperationalError

The above exception was the direct cause of the following exception:

self = <DatabaseWrapper vendor='postgresql' alias='default'>

    @contextmanager
    def _nodb_cursor(self):
        cursor = None
        try:
>           with super()._nodb_cursor() as cursor:

..\..\..\AppData\Roaming\Python\Python313\site-packages\django\db\backends\postgresql\base.py:507: 
_ _ _ _ _ _ _ _ _ _ _ _ _ _ _ _ _ _ _ _ _ _ _ _ _ _ _ _ _ _ _ _ _ _ _ _ _ _ _ _
C:\Python313\Lib\contextlib.py:141: in __enter__
    return next(self.gen)
..\..\..\AppData\Roaming\Python\Python313\site-packages\django\db\backends\base\base.py:712: in _nodb_cursor
    with conn.cursor() as cursor:
..\..\..\AppData\Roaming\Python\Python313\site-packages\django\utils\asyncio.py:26: in inner
    return func(*args, **kwargs)
..\..\..\AppData\Roaming\Python\Python313\site-packages\django\db\backends\base\base.py:320: in cursor
    return self._cursor()
..\..\..\AppData\Roaming\Python\Python313\site-packages\django\db\backends\base\base.py:296: in _cursor
    self.ensure_connection()
..\..\..\AppData\Roaming\Python\Python313\site-packages\django\utils\asyncio.py:26: in inner
    return func(*args, **kwargs)
..\..\..\AppData\Roaming\Python\Python313\site-packages\django\db\backends\base\base.py:278: in ensure_connection
    with self.wrap_database_errors:
..\..\..\AppData\Roaming\Python\Python313\site-packages\django\db\utils.py:91: in __exit__
    raise dj_exc_value.with_traceback(traceback) from exc_value
..\..\..\AppData\Roaming\Python\Python313\site-packages\django\db\backends\base\base.py:279: in ensure_connection
    self.connect()
..\..\..\AppData\Roaming\Python\Python313\site-packages\django\utils\asyncio.py:26: in inner
    return func(*args, **kwargs)
..\..\..\AppData\Roaming\Python\Python313\site-packages\django\db\backends\base\base.py:256: in connect
    self.connection = self.get_new_connection(conn_params)
..\..\..\AppData\Roaming\Python\Python313\site-packages\django\utils\asyncio.py:26: in inner
    return func(*args, **kwargs)
..\..\..\AppData\Roaming\Python\Python313\site-packages\django\db\backends\postgresql\base.py:332: in get_new_connection
    connection = self.Database.connect(**conn_params)
_ _ _ _ _ _ _ _ _ _ _ _ _ _ _ _ _ _ _ _ _ _ _ _ _ _ _ _ _ _ _ _ _ _ _ _ _ _ _ _

cls = <class 'psycopg.Connection'>
conninfo = 'dbname=postgres client_encoding=UTF8 user=postgres password=postgres host=localhost port=5432 hostaddr=127.0.0.1'
autocommit = False, prepare_threshold = None
context = <psycopg.adapt.AdaptersMap object at 0x000001CEB3E42350>
row_factory = None
cursor_factory = <class 'django.db.backends.postgresql.base.Cursor'>
kwargs = {'client_encoding': 'UTF8', 'dbname': 'postgres', 'host': 'localhost', 'password': 'postgres', ...}
params = {'client_encoding': 'UTF8', 'dbname': 'postgres', 'host': 'localhost', 'password': 'postgres', ...}
timeout = 130

    @classmethod
    def connect(
        cls,
        conninfo: str = "",
        *,
        autocommit: bool = False,
        prepare_threshold: int | None = 5,
        context: AdaptContext | None = None,
        row_factory: RowFactory[Row] | None = None,
        cursor_factory: type[Cursor[Row]] | None = None,
        **kwargs: ConnParam,
    ) -> Self:
        """
        Connect to a database server and return a new `Connection` instance.
        """
    
        params = cls._get_connection_params(conninfo, **kwargs)
        timeout = timeout_from_conninfo(params)
        rv = None
        attempts = conninfo_attempts(params)
        conn_errors: list[tuple[e.Error, str]] = []
        for attempt in attempts:
            tdescr = (attempt.get("host"), attempt.get("port"), attempt.get("hostaddr"))
            descr = "host: %r, port: %r, hostaddr: %r" % tdescr
            logger.debug("connection attempt: %s", descr)
            try:
                conninfo = make_conninfo("", **attempt)
                gen = cls._connect_gen(conninfo, timeout=timeout)
                rv = waiting.wait_conn(gen, interval=_WAIT_INTERVAL)
            except e.Error as ex:
                logger.debug("connection failed: %s: %s", descr, str(ex))
                conn_errors.append((ex, descr))
            except e._NO_TRACEBACK as ex:
                raise ex.with_traceback(None)
            else:
                logger.debug("connection succeeded: %s", descr)
                break
    
        if not rv:
            last_ex = conn_errors[-1][0]
            if len(conn_errors) == 1:
                raise last_ex.with_traceback(None)
    
            # Create a new exception with the same type as the last one, containing
            # all attempt errors while preserving backward compatibility.
            lines = [str(last_ex)]
            lines.append("Multiple connection attempts failed. All failures were:")
            lines.extend((f"- {descr}: {error}" for error, descr in conn_errors))
>           raise type(last_ex)("\n".join(lines)).with_traceback(None)
E           django.db.utils.OperationalError: connection failed: connection to server at "127.0.0.1", port 5432 failed: FATAL:  la autentificaci\ufffdn password fall\ufffd para el usuario \ufffdpostgres\ufffd
E           Multiple connection attempts failed. All failures were:
E           - host: 'localhost', port: '5432', hostaddr: '::1': connection failed: connection to server at "::1", port 5432 failed: FATAL:  la autentificaci\ufffdn password fall\ufffd para el usuario \ufffdpostgres\ufffd
E           - host: 'localhost', port: '5432', hostaddr: '127.0.0.1': connection failed: connection to server at "127.0.0.1", port 5432 failed: FATAL:  la autentificaci\ufffdn password fall\ufffd para el usuario \ufffdpostgres\ufffd

..\..\..\AppData\Roaming\Python\Python313\site-packages\psycopg\connection.py:127: OperationalError

During handling of the above exception, another exception occurred:

self = <DatabaseWrapper vendor='postgresql' alias='default'>

    @async_unsafe
    def ensure_connection(self):
        """Guarantee that a connection to the database is established."""
        if self.connection is None:
            if self.in_atomic_block and self.closed_in_transaction:
                raise ProgrammingError(
                    "Cannot open a new connection in an atomic block."
                )
            with self.wrap_database_errors:
>               self.connect()

..\..\..\AppData\Roaming\Python\Python313\site-packages\django\db\backends\base\base.py:279: 
_ _ _ _ _ _ _ _ _ _ _ _ _ _ _ _ _ _ _ _ _ _ _ _ _ _ _ _ _ _ _ _ _ _ _ _ _ _ _ _
..\..\..\AppData\Roaming\Python\Python313\site-packages\django\utils\asyncio.py:26: in inner
    return func(*args, **kwargs)
..\..\..\AppData\Roaming\Python\Python313\site-packages\django\db\backends\base\base.py:256: in connect
    self.connection = self.get_new_connection(conn_params)
..\..\..\AppData\Roaming\Python\Python313\site-packages\django\utils\asyncio.py:26: in inner
    return func(*args, **kwargs)
..\..\..\AppData\Roaming\Python\Python313\site-packages\django\db\backends\postgresql\base.py:332: in get_new_connection
    connection = self.Database.connect(**conn_params)
_ _ _ _ _ _ _ _ _ _ _ _ _ _ _ _ _ _ _ _ _ _ _ _ _ _ _ _ _ _ _ _ _ _ _ _ _ _ _ _

cls = <class 'psycopg.Connection'>
conninfo = 'dbname=ruffles_db client_encoding=UTF8 user=postgres password=postgres host=localhost port=5432 hostaddr=127.0.0.1'
autocommit = False, prepare_threshold = None
context = <psycopg.adapt.AdaptersMap object at 0x000001CEB3E42350>
row_factory = None
cursor_factory = <class 'django.db.backends.postgresql.base.Cursor'>
kwargs = {'client_encoding': 'UTF8', 'dbname': 'ruffles_db', 'host': 'localhost', 'password': 'postgres', ...}
params = {'client_encoding': 'UTF8', 'dbname': 'ruffles_db', 'host': 'localhost', 'password': 'postgres', ...}
timeout = 130

    @classmethod
    def connect(
        cls,
        conninfo: str = "",
        *,
        autocommit: bool = False,
        prepare_threshold: int | None = 5,
        context: AdaptContext | None = None,
        row_factory: RowFactory[Row] | None = None,
        cursor_factory: type[Cursor[Row]] | None = None,
        **kwargs: ConnParam,
    ) -> Self:
        """
        Connect to a database server and return a new `Connection` instance.
        """
    
        params = cls._get_connection_params(conninfo, **kwargs)
        timeout = timeout_from_conninfo(params)
        rv = None
        attempts = conninfo_attempts(params)
        conn_errors: list[tuple[e.Error, str]] = []
        for attempt in attempts:
            tdescr = (attempt.get("host"), attempt.get("port"), attempt.get("hostaddr"))
            descr = "host: %r, port: %r, hostaddr: %r" % tdescr
            logger.debug("connection attempt: %s", descr)
            try:
                conninfo = make_conninfo("", **attempt)
                gen = cls._connect_gen(conninfo, timeout=timeout)
                rv = waiting.wait_conn(gen, interval=_WAIT_INTERVAL)
            except e.Error as ex:
                logger.debug("connection failed: %s: %s", descr, str(ex))
                conn_errors.append((ex, descr))
            except e._NO_TRACEBACK as ex:
                raise ex.with_traceback(None)
            else:
                logger.debug("connection succeeded: %s", descr)
                break
    
        if not rv:
            last_ex = conn_errors[-1][0]
            if len(conn_errors) == 1:
                raise last_ex.with_traceback(None)
    
            # Create a new exception with the same type as the last one, containing
            # all attempt errors while preserving backward compatibility.
            lines = [str(last_ex)]
            lines.append("Multiple connection attempts failed. All failures were:")
            lines.extend((f"- {descr}: {error}" for error, descr in conn_errors))
>           raise type(last_ex)("\n".join(lines)).with_traceback(None)
E           psycopg.OperationalError: connection failed: connection to server at "127.0.0.1", port 5432 failed: FATAL:  la autentificaci\ufffdn password fall\ufffd para el usuario \ufffdpostgres\ufffd
E           Multiple connection attempts failed. All failures were:
E           - host: 'localhost', port: '5432', hostaddr: '::1': connection failed: connection to server at "::1", port 5432 failed: FATAL:  la autentificaci\ufffdn password fall\ufffd para el usuario \ufffdpostgres\ufffd
E           - host: 'localhost', port: '5432', hostaddr: '127.0.0.1': connection failed: connection to server at "127.0.0.1", port 5432 failed: FATAL:  la autentificaci\ufffdn password fall\ufffd para el usuario \ufffdpostgres\ufffd

..\..\..\AppData\Roaming\Python\Python313\site-packages\psycopg\connection.py:127: OperationalError

The above exception was the direct cause of the following exception:

request = <SubRequest 'django_db_setup' for <Function test_login_success_returns_jwt>>
django_test_environment = None
django_db_blocker = <pytest_django.plugin.DjangoDbBlocker object at 0x000001CEB17F0050>
django_db_use_migrations = True, django_db_keepdb = False
django_db_createdb = False, django_db_modify_db_settings = None

    @pytest.fixture(scope="session")
    def django_db_setup(
        request: pytest.FixtureRequest,
        django_test_environment: None,
        django_db_blocker: DjangoDbBlocker,
        django_db_use_migrations: bool,
        django_db_keepdb: bool,
        django_db_createdb: bool,
        django_db_modify_db_settings: None,
    ) -> Generator[None, None, None]:
        """Top level fixture to ensure test databases are available"""
        from django.test.utils import setup_databases, teardown_databases
    
        setup_databases_args = {}
    
        if not django_db_use_migrations:
            _disable_migrations()
    
        if django_db_keepdb and not django_db_createdb:
            setup_databases_args["keepdb"] = True
    
        with django_db_blocker.unblock():
>           db_cfg = setup_databases(
                verbosity=request.config.option.verbose,
                interactive=False,
                **setup_databases_args,
            )

..\..\..\AppData\Roaming\Python\Python313\site-packages\pytest_django\fixtures.py:140: 
_ _ _ _ _ _ _ _ _ _ _ _ _ _ _ _ _ _ _ _ _ _ _ _ _ _ _ _ _ _ _ _ _ _ _ _ _ _ _ _
..\..\..\AppData\Roaming\Python\Python313\site-packages\django\test\utils.py:204: in setup_databases
    connection.creation.create_test_db(
..\..\..\AppData\Roaming\Python\Python313\site-packages\django\db\backends\base\creation.py:62: in create_test_db
    self._create_test_db(verbosity, autoclobber, keepdb)
..\..\..\AppData\Roaming\Python\Python313\site-packages\django\db\backends\base\creation.py:202: in _create_test_db
    with self._nodb_cursor() as cursor:
C:\Python313\Lib\contextlib.py:141: in __enter__
    return next(self.gen)
..\..\..\AppData\Roaming\Python\Python313\site-packages\django\db\backends\postgresql\base.py:533: in _nodb_cursor
    with conn.cursor() as cursor:
..\..\..\AppData\Roaming\Python\Python313\site-packages\django\utils\asyncio.py:26: in inner
    return func(*args, **kwargs)
..\..\..\AppData\Roaming\Python\Python313\site-packages\django\db\backends\base\base.py:320: in cursor
    return self._cursor()
..\..\..\AppData\Roaming\Python\Python313\site-packages\django\db\backends\base\base.py:296: in _cursor
    self.ensure_connection()
..\..\..\AppData\Roaming\Python\Python313\site-packages\django\utils\asyncio.py:26: in inner
    return func(*args, **kwargs)
..\..\..\AppData\Roaming\Python\Python313\site-packages\django\db\backends\base\base.py:278: in ensure_connection
    with self.wrap_database_errors:
..\..\..\AppData\Roaming\Python\Python313\site-packages\django\db\utils.py:91: in __exit__
    raise dj_exc_value.with_traceback(traceback) from exc_value
..\..\..\AppData\Roaming\Python\Python313\site-packages\django\db\backends\base\base.py:279: in ensure_connection
    self.connect()
..\..\..\AppData\Roaming\Python\Python313\site-packages\django\utils\asyncio.py:26: in inner
    return func(*args, **kwargs)
..\..\..\AppData\Roaming\Python\Python313\site-packages\django\db\backends\base\base.py:256: in connect
    self.connection = self.get_new_connection(conn_params)
..\..\..\AppData\Roaming\Python\Python313\site-packages\django\utils\asyncio.py:26: in inner
    return func(*args, **kwargs)
..\..\..\AppData\Roaming\Python\Python313\site-packages\django\db\backends\postgresql\base.py:332: in get_new_connection
    connection = self.Database.connect(**conn_params)
_ _ _ _ _ _ _ _ _ _ _ _ _ _ _ _ _ _ _ _ _ _ _ _ _ _ _ _ _ _ _ _ _ _ _ _ _ _ _ _

cls = <class 'psycopg.Connection'>
conninfo = 'dbname=ruffles_db client_encoding=UTF8 user=postgres password=postgres host=localhost port=5432 hostaddr=127.0.0.1'
autocommit = False, prepare_threshold = None
context = <psycopg.adapt.AdaptersMap object at 0x000001CEB3E42350>
row_factory = None
cursor_factory = <class 'django.db.backends.postgresql.base.Cursor'>
kwargs = {'client_encoding': 'UTF8', 'dbname': 'ruffles_db', 'host': 'localhost', 'password': 'postgres', ...}
params = {'client_encoding': 'UTF8', 'dbname': 'ruffles_db', 'host': 'localhost', 'password': 'postgres', ...}
timeout = 130

    @classmethod
    def connect(
        cls,
        conninfo: str = "",
        *,
        autocommit: bool = False,
        prepare_threshold: int | None = 5,
        context: AdaptContext | None = None,
        row_factory: RowFactory[Row] | None = None,
        cursor_factory: type[Cursor[Row]] | None = None,
        **kwargs: ConnParam,
    ) -> Self:
        """
        Connect to a database server and return a new `Connection` instance.
        """
    
        params = cls._get_connection_params(conninfo, **kwargs)
        timeout = timeout_from_conninfo(params)
        rv = None
        attempts = conninfo_attempts(params)
        conn_errors: list[tuple[e.Error, str]] = []
        for attempt in attempts:
            tdescr = (attempt.get("host"), attempt.get("port"), attempt.get("hostaddr"))
            descr = "host: %r, port: %r, hostaddr: %r" % tdescr
            logger.debug("connection attempt: %s", descr)
            try:
                conninfo = make_conninfo("", **attempt)
                gen = cls._connect_gen(conninfo, timeout=timeout)
                rv = waiting.wait_conn(gen, interval=_WAIT_INTERVAL)
            except e.Error as ex:
                logger.debug("connection failed: %s: %s", descr, str(ex))
                conn_errors.append((ex, descr))
            except e._NO_TRACEBACK as ex:
                raise ex.with_traceback(None)
            else:
                logger.debug("connection succeeded: %s", descr)
                break
    
        if not rv:
            last_ex = conn_errors[-1][0]
            if len(conn_errors) == 1:
                raise last_ex.with_traceback(None)
    
            # Create a new exception with the same type as the last one, containing
            # all attempt errors while preserving backward compatibility.
            lines = [str(last_ex)]
            lines.append("Multiple connection attempts failed. All failures were:")
            lines.extend((f"- {descr}: {error}" for error, descr in conn_errors))
>           raise type(last_ex)("\n".join(lines)).with_traceback(None)
E           django.db.utils.OperationalError: connection failed: connection to server at "127.0.0.1", port 5432 failed: FATAL:  la autentificaci\ufffdn password fall\ufffd para el usuario \ufffdpostgres\ufffd
E           Multiple connection attempts failed. All failures were:
E           - host: 'localhost', port: '5432', hostaddr: '::1': connection failed: connection to server at "::1", port 5432 failed: FATAL:  la autentificaci\ufffdn password fall\ufffd para el usuario \ufffdpostgres\ufffd
E           - host: 'localhost', port: '5432', hostaddr: '127.0.0.1': connection failed: connection to server at "127.0.0.1", port 5432 failed: FATAL:  la autentificaci\ufffdn password fall\ufffd para el usuario \ufffdpostgres\ufffd

..\..\..\AppData\Roaming\Python\Python313\site-packages\psycopg\connection.py:127: OperationalError
_ ERROR at setup of TestCreateRaffle.test_winner_number_out_of_range_returns_400 _

self = <DatabaseWrapper vendor='postgresql' alias='__no_db__'>

    @async_unsafe
    def ensure_connection(self):
        """Guarantee that a connection to the database is established."""
        if self.connection is None:
            if self.in_atomic_block and self.closed_in_transaction:
                raise ProgrammingError(
                    "Cannot open a new connection in an atomic block."
                )
            with self.wrap_database_errors:
>               self.connect()

..\..\..\AppData\Roaming\Python\Python313\site-packages\django\db\backends\base\base.py:279: 
_ _ _ _ _ _ _ _ _ _ _ _ _ _ _ _ _ _ _ _ _ _ _ _ _ _ _ _ _ _ _ _ _ _ _ _ _ _ _ _
..\..\..\AppData\Roaming\Python\Python313\site-packages\django\utils\asyncio.py:26: in inner
    return func(*args, **kwargs)
..\..\..\AppData\Roaming\Python\Python313\site-packages\django\db\backends\base\base.py:256: in connect
    self.connection = self.get_new_connection(conn_params)
..\..\..\AppData\Roaming\Python\Python313\site-packages\django\utils\asyncio.py:26: in inner
    return func(*args, **kwargs)
..\..\..\AppData\Roaming\Python\Python313\site-packages\django\db\backends\postgresql\base.py:332: in get_new_connection
    connection = self.Database.connect(**conn_params)
_ _ _ _ _ _ _ _ _ _ _ _ _ _ _ _ _ _ _ _ _ _ _ _ _ _ _ _ _ _ _ _ _ _ _ _ _ _ _ _

cls = <class 'psycopg.Connection'>
conninfo = 'dbname=postgres client_encoding=UTF8 user=postgres password=postgres host=localhost port=5432 hostaddr=127.0.0.1'
autocommit = False, prepare_threshold = None
context = <psycopg.adapt.AdaptersMap object at 0x000001CEB3E42350>
row_factory = None
cursor_factory = <class 'django.db.backends.postgresql.base.Cursor'>
kwargs = {'client_encoding': 'UTF8', 'dbname': 'postgres', 'host': 'localhost', 'password': 'postgres', ...}
params = {'client_encoding': 'UTF8', 'dbname': 'postgres', 'host': 'localhost', 'password': 'postgres', ...}
timeout = 130

    @classmethod
    def connect(
        cls,
        conninfo: str = "",
        *,
        autocommit: bool = False,
        prepare_threshold: int | None = 5,
        context: AdaptContext | None = None,
        row_factory: RowFactory[Row] | None = None,
        cursor_factory: type[Cursor[Row]] | None = None,
        **kwargs: ConnParam,
    ) -> Self:
        """
        Connect to a database server and return a new `Connection` instance.
        """
    
        params = cls._get_connection_params(conninfo, **kwargs)
        timeout = timeout_from_conninfo(params)
        rv = None
        attempts = conninfo_attempts(params)
        conn_errors: list[tuple[e.Error, str]] = []
        for attempt in attempts:
            tdescr = (attempt.get("host"), attempt.get("port"), attempt.get("hostaddr"))
            descr = "host: %r, port: %r, hostaddr: %r" % tdescr
            logger.debug("connection attempt: %s", descr)
            try:
                conninfo = make_conninfo("", **attempt)
                gen = cls._connect_gen(conninfo, timeout=timeout)
                rv = waiting.wait_conn(gen, interval=_WAIT_INTERVAL)
            except e.Error as ex:
                logger.debug("connection failed: %s: %s", descr, str(ex))
                conn_errors.append((ex, descr))
            except e._NO_TRACEBACK as ex:
                raise ex.with_traceback(None)
            else:
                logger.debug("connection succeeded: %s", descr)
                break
    
        if not rv:
            last_ex = conn_errors[-1][0]
            if len(conn_errors) == 1:
                raise last_ex.with_traceback(None)
    
            # Create a new exception with the same type as the last one, containing
            # all attempt errors while preserving backward compatibility.
            lines = [str(last_ex)]
            lines.append("Multiple connection attempts failed. All failures were:")
            lines.extend((f"- {descr}: {error}" for error, descr in conn_errors))
>           raise type(last_ex)("\n".join(lines)).with_traceback(None)
E           psycopg.OperationalError: connection failed: connection to server at "127.0.0.1", port 5432 failed: FATAL:  la autentificaci\ufffdn password fall\ufffd para el usuario \ufffdpostgres\ufffd
E           Multiple connection attempts failed. All failures were:
E           - host: 'localhost', port: '5432', hostaddr: '::1': connection failed: connection to server at "::1", port 5432 failed: FATAL:  la autentificaci\ufffdn password fall\ufffd para el usuario \ufffdpostgres\ufffd
E           - host: 'localhost', port: '5432', hostaddr: '127.0.0.1': connection failed: connection to server at "127.0.0.1", port 5432 failed: FATAL:  la autentificaci\ufffdn password fall\ufffd para el usuario \ufffdpostgres\ufffd

..\..\..\AppData\Roaming\Python\Python313\site-packages\psycopg\connection.py:127: OperationalError

The above exception was the direct cause of the following exception:

self = <DatabaseWrapper vendor='postgresql' alias='default'>

    @contextmanager
    def _nodb_cursor(self):
        cursor = None
        try:
>           with super()._nodb_cursor() as cursor:

..\..\..\AppData\Roaming\Python\Python313\site-packages\django\db\backends\postgresql\base.py:507: 
_ _ _ _ _ _ _ _ _ _ _ _ _ _ _ _ _ _ _ _ _ _ _ _ _ _ _ _ _ _ _ _ _ _ _ _ _ _ _ _
C:\Python313\Lib\contextlib.py:141: in __enter__
    return next(self.gen)
..\..\..\AppData\Roaming\Python\Python313\site-packages\django\db\backends\base\base.py:712: in _nodb_cursor
    with conn.cursor() as cursor:
..\..\..\AppData\Roaming\Python\Python313\site-packages\django\utils\asyncio.py:26: in inner
    return func(*args, **kwargs)
..\..\..\AppData\Roaming\Python\Python313\site-packages\django\db\backends\base\base.py:320: in cursor
    return self._cursor()
..\..\..\AppData\Roaming\Python\Python313\site-packages\django\db\backends\base\base.py:296: in _cursor
    self.ensure_connection()
..\..\..\AppData\Roaming\Python\Python313\site-packages\django\utils\asyncio.py:26: in inner
    return func(*args, **kwargs)
..\..\..\AppData\Roaming\Python\Python313\site-packages\django\db\backends\base\base.py:278: in ensure_connection
    with self.wrap_database_errors:
..\..\..\AppData\Roaming\Python\Python313\site-packages\django\db\utils.py:91: in __exit__
    raise dj_exc_value.with_traceback(traceback) from exc_value
..\..\..\AppData\Roaming\Python\Python313\site-packages\django\db\backends\base\base.py:279: in ensure_connection
    self.connect()
..\..\..\AppData\Roaming\Python\Python313\site-packages\django\utils\asyncio.py:26: in inner
    return func(*args, **kwargs)
..\..\..\AppData\Roaming\Python\Python313\site-packages\django\db\backends\base\base.py:256: in connect
    self.connection = self.get_new_connection(conn_params)
..\..\..\AppData\Roaming\Python\Python313\site-packages\django\utils\asyncio.py:26: in inner
    return func(*args, **kwargs)
..\..\..\AppData\Roaming\Python\Python313\site-packages\django\db\backends\postgresql\base.py:332: in get_new_connection
    connection = self.Database.connect(**conn_params)
_ _ _ _ _ _ _ _ _ _ _ _ _ _ _ _ _ _ _ _ _ _ _ _ _ _ _ _ _ _ _ _ _ _ _ _ _ _ _ _

cls = <class 'psycopg.Connection'>
conninfo = 'dbname=postgres client_encoding=UTF8 user=postgres password=postgres host=localhost port=5432 hostaddr=127.0.0.1'
autocommit = False, prepare_threshold = None
context = <psycopg.adapt.AdaptersMap object at 0x000001CEB3E42350>
row_factory = None
cursor_factory = <class 'django.db.backends.postgresql.base.Cursor'>
kwargs = {'client_encoding': 'UTF8', 'dbname': 'postgres', 'host': 'localhost', 'password': 'postgres', ...}
params = {'client_encoding': 'UTF8', 'dbname': 'postgres', 'host': 'localhost', 'password': 'postgres', ...}
timeout = 130

    @classmethod
    def connect(
        cls,
        conninfo: str = "",
        *,
        autocommit: bool = False,
        prepare_threshold: int | None = 5,
        context: AdaptContext | None = None,
        row_factory: RowFactory[Row] | None = None,
        cursor_factory: type[Cursor[Row]] | None = None,
        **kwargs: ConnParam,
    ) -> Self:
        """
        Connect to a database server and return a new `Connection` instance.
        """
    
        params = cls._get_connection_params(conninfo, **kwargs)
        timeout = timeout_from_conninfo(params)
        rv = None
        attempts = conninfo_attempts(params)
        conn_errors: list[tuple[e.Error, str]] = []
        for attempt in attempts:
            tdescr = (attempt.get("host"), attempt.get("port"), attempt.get("hostaddr"))
            descr = "host: %r, port: %r, hostaddr: %r" % tdescr
            logger.debug("connection attempt: %s", descr)
            try:
                conninfo = make_conninfo("", **attempt)
                gen = cls._connect_gen(conninfo, timeout=timeout)
                rv = waiting.wait_conn(gen, interval=_WAIT_INTERVAL)
            except e.Error as ex:
                logger.debug("connection failed: %s: %s", descr, str(ex))
                conn_errors.append((ex, descr))
            except e._NO_TRACEBACK as ex:
                raise ex.with_traceback(None)
            else:
                logger.debug("connection succeeded: %s", descr)
                break
    
        if not rv:
            last_ex = conn_errors[-1][0]
            if len(conn_errors) == 1:
                raise last_ex.with_traceback(None)
    
            # Create a new exception with the same type as the last one, containing
            # all attempt errors while preserving backward compatibility.
            lines = [str(last_ex)]
            lines.append("Multiple connection attempts failed. All failures were:")
            lines.extend((f"- {descr}: {error}" for error, descr in conn_errors))
>           raise type(last_ex)("\n".join(lines)).with_traceback(None)
E           django.db.utils.OperationalError: connection failed: connection to server at "127.0.0.1", port 5432 failed: FATAL:  la autentificaci\ufffdn password fall\ufffd para el usuario \ufffdpostgres\ufffd
E           Multiple connection attempts failed. All failures were:
E           - host: 'localhost', port: '5432', hostaddr: '::1': connection failed: connection to server at "::1", port 5432 failed: FATAL:  la autentificaci\ufffdn password fall\ufffd para el usuario \ufffdpostgres\ufffd
E           - host: 'localhost', port: '5432', hostaddr: '127.0.0.1': connection failed: connection to server at "127.0.0.1", port 5432 failed: FATAL:  la autentificaci\ufffdn password fall\ufffd para el usuario \ufffdpostgres\ufffd

..\..\..\AppData\Roaming\Python\Python313\site-packages\psycopg\connection.py:127: OperationalError

During handling of the above exception, another exception occurred:

self = <DatabaseWrapper vendor='postgresql' alias='default'>

    @async_unsafe
    def ensure_connection(self):
        """Guarantee that a connection to the database is established."""
        if self.connection is None:
            if self.in_atomic_block and self.closed_in_transaction:
                raise ProgrammingError(
                    "Cannot open a new connection in an atomic block."
                )
            with self.wrap_database_errors:
>               self.connect()

..\..\..\AppData\Roaming\Python\Python313\site-packages\django\db\backends\base\base.py:279: 
_ _ _ _ _ _ _ _ _ _ _ _ _ _ _ _ _ _ _ _ _ _ _ _ _ _ _ _ _ _ _ _ _ _ _ _ _ _ _ _
..\..\..\AppData\Roaming\Python\Python313\site-packages\django\utils\asyncio.py:26: in inner
    return func(*args, **kwargs)
..\..\..\AppData\Roaming\Python\Python313\site-packages\django\db\backends\base\base.py:256: in connect
    self.connection = self.get_new_connection(conn_params)
..\..\..\AppData\Roaming\Python\Python313\site-packages\django\utils\asyncio.py:26: in inner
    return func(*args, **kwargs)
..\..\..\AppData\Roaming\Python\Python313\site-packages\django\db\backends\postgresql\base.py:332: in get_new_connection
    connection = self.Database.connect(**conn_params)
_ _ _ _ _ _ _ _ _ _ _ _ _ _ _ _ _ _ _ _ _ _ _ _ _ _ _ _ _ _ _ _ _ _ _ _ _ _ _ _

cls = <class 'psycopg.Connection'>
conninfo = 'dbname=ruffles_db client_encoding=UTF8 user=postgres password=postgres host=localhost port=5432 hostaddr=127.0.0.1'
autocommit = False, prepare_threshold = None
context = <psycopg.adapt.AdaptersMap object at 0x000001CEB3E42350>
row_factory = None
cursor_factory = <class 'django.db.backends.postgresql.base.Cursor'>
kwargs = {'client_encoding': 'UTF8', 'dbname': 'ruffles_db', 'host': 'localhost', 'password': 'postgres', ...}
params = {'client_encoding': 'UTF8', 'dbname': 'ruffles_db', 'host': 'localhost', 'password': 'postgres', ...}
timeout = 130

    @classmethod
    def connect(
        cls,
        conninfo: str = "",
        *,
        autocommit: bool = False,
        prepare_threshold: int | None = 5,
        context: AdaptContext | None = None,
        row_factory: RowFactory[Row] | None = None,
        cursor_factory: type[Cursor[Row]] | None = None,
        **kwargs: ConnParam,
    ) -> Self:
        """
        Connect to a database server and return a new `Connection` instance.
        """
    
        params = cls._get_connection_params(conninfo, **kwargs)
        timeout = timeout_from_conninfo(params)
        rv = None
        attempts = conninfo_attempts(params)
        conn_errors: list[tuple[e.Error, str]] = []
        for attempt in attempts:
            tdescr = (attempt.get("host"), attempt.get("port"), attempt.get("hostaddr"))
            descr = "host: %r, port: %r, hostaddr: %r" % tdescr
            logger.debug("connection attempt: %s", descr)
            try:
                conninfo = make_conninfo("", **attempt)
                gen = cls._connect_gen(conninfo, timeout=timeout)
                rv = waiting.wait_conn(gen, interval=_WAIT_INTERVAL)
            except e.Error as ex:
                logger.debug("connection failed: %s: %s", descr, str(ex))
                conn_errors.append((ex, descr))
            except e._NO_TRACEBACK as ex:
                raise ex.with_traceback(None)
            else:
                logger.debug("connection succeeded: %s", descr)
                break
    
        if not rv:
            last_ex = conn_errors[-1][0]
            if len(conn_errors) == 1:
                raise last_ex.with_traceback(None)
    
            # Create a new exception with the same type as the last one, containing
            # all attempt errors while preserving backward compatibility.
            lines = [str(last_ex)]
            lines.append("Multiple connection attempts failed. All failures were:")
            lines.extend((f"- {descr}: {error}" for error, descr in conn_errors))
>           raise type(last_ex)("\n".join(lines)).with_traceback(None)
E           psycopg.OperationalError: connection failed: connection to server at "127.0.0.1", port 5432 failed: FATAL:  la autentificaci\ufffdn password fall\ufffd para el usuario \ufffdpostgres\ufffd
E           Multiple connection attempts failed. All failures were:
E           - host: 'localhost', port: '5432', hostaddr: '::1': connection failed: connection to server at "::1", port 5432 failed: FATAL:  la autentificaci\ufffdn password fall\ufffd para el usuario \ufffdpostgres\ufffd
E           - host: 'localhost', port: '5432', hostaddr: '127.0.0.1': connection failed: connection to server at "127.0.0.1", port 5432 failed: FATAL:  la autentificaci\ufffdn password fall\ufffd para el usuario \ufffdpostgres\ufffd

..\..\..\AppData\Roaming\Python\Python313\site-packages\psycopg\connection.py:127: OperationalError

The above exception was the direct cause of the following exception:

request = <SubRequest 'django_db_setup' for <Function test_login_success_returns_jwt>>
django_test_environment = None
django_db_blocker = <pytest_django.plugin.DjangoDbBlocker object at 0x000001CEB17F0050>
django_db_use_migrations = True, django_db_keepdb = False
django_db_createdb = False, django_db_modify_db_settings = None

    @pytest.fixture(scope="session")
    def django_db_setup(
        request: pytest.FixtureRequest,
        django_test_environment: None,
        django_db_blocker: DjangoDbBlocker,
        django_db_use_migrations: bool,
        django_db_keepdb: bool,
        django_db_createdb: bool,
        django_db_modify_db_settings: None,
    ) -> Generator[None, None, None]:
        """Top level fixture to ensure test databases are available"""
        from django.test.utils import setup_databases, teardown_databases
    
        setup_databases_args = {}
    
        if not django_db_use_migrations:
            _disable_migrations()
    
        if django_db_keepdb and not django_db_createdb:
            setup_databases_args["keepdb"] = True
    
        with django_db_blocker.unblock():
>           db_cfg = setup_databases(
                verbosity=request.config.option.verbose,
                interactive=False,
                **setup_databases_args,
            )

..\..\..\AppData\Roaming\Python\Python313\site-packages\pytest_django\fixtures.py:140: 
_ _ _ _ _ _ _ _ _ _ _ _ _ _ _ _ _ _ _ _ _ _ _ _ _ _ _ _ _ _ _ _ _ _ _ _ _ _ _ _
..\..\..\AppData\Roaming\Python\Python313\site-packages\django\test\utils.py:204: in setup_databases
    connection.creation.create_test_db(
..\..\..\AppData\Roaming\Python\Python313\site-packages\django\db\backends\base\creation.py:62: in create_test_db
    self._create_test_db(verbosity, autoclobber, keepdb)
..\..\..\AppData\Roaming\Python\Python313\site-packages\django\db\backends\base\creation.py:202: in _create_test_db
    with self._nodb_cursor() as cursor:
C:\Python313\Lib\contextlib.py:141: in __enter__
    return next(self.gen)
..\..\..\AppData\Roaming\Python\Python313\site-packages\django\db\backends\postgresql\base.py:533: in _nodb_cursor
    with conn.cursor() as cursor:
..\..\..\AppData\Roaming\Python\Python313\site-packages\django\utils\asyncio.py:26: in inner
    return func(*args, **kwargs)
..\..\..\AppData\Roaming\Python\Python313\site-packages\django\db\backends\base\base.py:320: in cursor
    return self._cursor()
..\..\..\AppData\Roaming\Python\Python313\site-packages\django\db\backends\base\base.py:296: in _cursor
    self.ensure_connection()
..\..\..\AppData\Roaming\Python\Python313\site-packages\django\utils\asyncio.py:26: in inner
    return func(*args, **kwargs)
..\..\..\AppData\Roaming\Python\Python313\site-packages\django\db\backends\base\base.py:278: in ensure_connection
    with self.wrap_database_errors:
..\..\..\AppData\Roaming\Python\Python313\site-packages\django\db\utils.py:91: in __exit__
    raise dj_exc_value.with_traceback(traceback) from exc_value
..\..\..\AppData\Roaming\Python\Python313\site-packages\django\db\backends\base\base.py:279: in ensure_connection
    self.connect()
..\..\..\AppData\Roaming\Python\Python313\site-packages\django\utils\asyncio.py:26: in inner
    return func(*args, **kwargs)
..\..\..\AppData\Roaming\Python\Python313\site-packages\django\db\backends\base\base.py:256: in connect
    self.connection = self.get_new_connection(conn_params)
..\..\..\AppData\Roaming\Python\Python313\site-packages\django\utils\asyncio.py:26: in inner
    return func(*args, **kwargs)
..\..\..\AppData\Roaming\Python\Python313\site-packages\django\db\backends\postgresql\base.py:332: in get_new_connection
    connection = self.Database.connect(**conn_params)
_ _ _ _ _ _ _ _ _ _ _ _ _ _ _ _ _ _ _ _ _ _ _ _ _ _ _ _ _ _ _ _ _ _ _ _ _ _ _ _

cls = <class 'psycopg.Connection'>
conninfo = 'dbname=ruffles_db client_encoding=UTF8 user=postgres password=postgres host=localhost port=5432 hostaddr=127.0.0.1'
autocommit = False, prepare_threshold = None
context = <psycopg.adapt.AdaptersMap object at 0x000001CEB3E42350>
row_factory = None
cursor_factory = <class 'django.db.backends.postgresql.base.Cursor'>
kwargs = {'client_encoding': 'UTF8', 'dbname': 'ruffles_db', 'host': 'localhost', 'password': 'postgres', ...}
params = {'client_encoding': 'UTF8', 'dbname': 'ruffles_db', 'host': 'localhost', 'password': 'postgres', ...}
timeout = 130

    @classmethod
    def connect(
        cls,
        conninfo: str = "",
        *,
        autocommit: bool = False,
        prepare_threshold: int | None = 5,
        context: AdaptContext | None = None,
        row_factory: RowFactory[Row] | None = None,
        cursor_factory: type[Cursor[Row]] | None = None,
        **kwargs: ConnParam,
    ) -> Self:
        """
        Connect to a database server and return a new `Connection` instance.
        """
    
        params = cls._get_connection_params(conninfo, **kwargs)
        timeout = timeout_from_conninfo(params)
        rv = None
        attempts = conninfo_attempts(params)
        conn_errors: list[tuple[e.Error, str]] = []
        for attempt in attempts:
            tdescr = (attempt.get("host"), attempt.get("port"), attempt.get("hostaddr"))
            descr = "host: %r, port: %r, hostaddr: %r" % tdescr
            logger.debug("connection attempt: %s", descr)
            try:
                conninfo = make_conninfo("", **attempt)
                gen = cls._connect_gen(conninfo, timeout=timeout)
                rv = waiting.wait_conn(gen, interval=_WAIT_INTERVAL)
            except e.Error as ex:
                logger.debug("connection failed: %s: %s", descr, str(ex))
                conn_errors.append((ex, descr))
            except e._NO_TRACEBACK as ex:
                raise ex.with_traceback(None)
            else:
                logger.debug("connection succeeded: %s", descr)
                break
    
        if not rv:
            last_ex = conn_errors[-1][0]
            if len(conn_errors) == 1:
                raise last_ex.with_traceback(None)
    
            # Create a new exception with the same type as the last one, containing
            # all attempt errors while preserving backward compatibility.
            lines = [str(last_ex)]
            lines.append("Multiple connection attempts failed. All failures were:")
            lines.extend((f"- {descr}: {error}" for error, descr in conn_errors))
>           raise type(last_ex)("\n".join(lines)).with_traceback(None)
E           django.db.utils.OperationalError: connection failed: connection to server at "127.0.0.1", port 5432 failed: FATAL:  la autentificaci\ufffdn password fall\ufffd para el usuario \ufffdpostgres\ufffd
E           Multiple connection attempts failed. All failures were:
E           - host: 'localhost', port: '5432', hostaddr: '::1': connection failed: connection to server at "::1", port 5432 failed: FATAL:  la autentificaci\ufffdn password fall\ufffd para el usuario \ufffdpostgres\ufffd
E           - host: 'localhost', port: '5432', hostaddr: '127.0.0.1': connection failed: connection to server at "127.0.0.1", port 5432 failed: FATAL:  la autentificaci\ufffdn password fall\ufffd para el usuario \ufffdpostgres\ufffd

..\..\..\AppData\Roaming\Python\Python313\site-packages\psycopg\connection.py:127: OperationalError
_____ ERROR at setup of TestRaffleAvailability.test_not_found_returns_404 _____

self = <DatabaseWrapper vendor='postgresql' alias='__no_db__'>

    @async_unsafe
    def ensure_connection(self):
        """Guarantee that a connection to the database is established."""
        if self.connection is None:
            if self.in_atomic_block and self.closed_in_transaction:
                raise ProgrammingError(
                    "Cannot open a new connection in an atomic block."
                )
            with self.wrap_database_errors:
>               self.connect()

..\..\..\AppData\Roaming\Python\Python313\site-packages\django\db\backends\base\base.py:279: 
_ _ _ _ _ _ _ _ _ _ _ _ _ _ _ _ _ _ _ _ _ _ _ _ _ _ _ _ _ _ _ _ _ _ _ _ _ _ _ _
..\..\..\AppData\Roaming\Python\Python313\site-packages\django\utils\asyncio.py:26: in inner
    return func(*args, **kwargs)
..\..\..\AppData\Roaming\Python\Python313\site-packages\django\db\backends\base\base.py:256: in connect
    self.connection = self.get_new_connection(conn_params)
..\..\..\AppData\Roaming\Python\Python313\site-packages\django\utils\asyncio.py:26: in inner
    return func(*args, **kwargs)
..\..\..\AppData\Roaming\Python\Python313\site-packages\django\db\backends\postgresql\base.py:332: in get_new_connection
    connection = self.Database.connect(**conn_params)
_ _ _ _ _ _ _ _ _ _ _ _ _ _ _ _ _ _ _ _ _ _ _ _ _ _ _ _ _ _ _ _ _ _ _ _ _ _ _ _

cls = <class 'psycopg.Connection'>
conninfo = 'dbname=postgres client_encoding=UTF8 user=postgres password=postgres host=localhost port=5432 hostaddr=127.0.0.1'
autocommit = False, prepare_threshold = None
context = <psycopg.adapt.AdaptersMap object at 0x000001CEB3E42350>
row_factory = None
cursor_factory = <class 'django.db.backends.postgresql.base.Cursor'>
kwargs = {'client_encoding': 'UTF8', 'dbname': 'postgres', 'host': 'localhost', 'password': 'postgres', ...}
params = {'client_encoding': 'UTF8', 'dbname': 'postgres', 'host': 'localhost', 'password': 'postgres', ...}
timeout = 130

    @classmethod
    def connect(
        cls,
        conninfo: str = "",
        *,
        autocommit: bool = False,
        prepare_threshold: int | None = 5,
        context: AdaptContext | None = None,
        row_factory: RowFactory[Row] | None = None,
        cursor_factory: type[Cursor[Row]] | None = None,
        **kwargs: ConnParam,
    ) -> Self:
        """
        Connect to a database server and return a new `Connection` instance.
        """
    
        params = cls._get_connection_params(conninfo, **kwargs)
        timeout = timeout_from_conninfo(params)
        rv = None
        attempts = conninfo_attempts(params)
        conn_errors: list[tuple[e.Error, str]] = []
        for attempt in attempts:
            tdescr = (attempt.get("host"), attempt.get("port"), attempt.get("hostaddr"))
            descr = "host: %r, port: %r, hostaddr: %r" % tdescr
            logger.debug("connection attempt: %s", descr)
            try:
                conninfo = make_conninfo("", **attempt)
                gen = cls._connect_gen(conninfo, timeout=timeout)
                rv = waiting.wait_conn(gen, interval=_WAIT_INTERVAL)
            except e.Error as ex:
                logger.debug("connection failed: %s: %s", descr, str(ex))
                conn_errors.append((ex, descr))
            except e._NO_TRACEBACK as ex:
                raise ex.with_traceback(None)
            else:
                logger.debug("connection succeeded: %s", descr)
                break
    
        if not rv:
            last_ex = conn_errors[-1][0]
            if len(conn_errors) == 1:
                raise last_ex.with_traceback(None)
    
            # Create a new exception with the same type as the last one, containing
            # all attempt errors while preserving backward compatibility.
            lines = [str(last_ex)]
            lines.append("Multiple connection attempts failed. All failures were:")
            lines.extend((f"- {descr}: {error}" for error, descr in conn_errors))
>           raise type(last_ex)("\n".join(lines)).with_traceback(None)
E           psycopg.OperationalError: connection failed: connection to server at "127.0.0.1", port 5432 failed: FATAL:  la autentificaci\ufffdn password fall\ufffd para el usuario \ufffdpostgres\ufffd
E           Multiple connection attempts failed. All failures were:
E           - host: 'localhost', port: '5432', hostaddr: '::1': connection failed: connection to server at "::1", port 5432 failed: FATAL:  la autentificaci\ufffdn password fall\ufffd para el usuario \ufffdpostgres\ufffd
E           - host: 'localhost', port: '5432', hostaddr: '127.0.0.1': connection failed: connection to server at "127.0.0.1", port 5432 failed: FATAL:  la autentificaci\ufffdn password fall\ufffd para el usuario \ufffdpostgres\ufffd

..\..\..\AppData\Roaming\Python\Python313\site-packages\psycopg\connection.py:127: OperationalError

The above exception was the direct cause of the following exception:

self = <DatabaseWrapper vendor='postgresql' alias='default'>

    @contextmanager
    def _nodb_cursor(self):
        cursor = None
        try:
>           with super()._nodb_cursor() as cursor:

..\..\..\AppData\Roaming\Python\Python313\site-packages\django\db\backends\postgresql\base.py:507: 
_ _ _ _ _ _ _ _ _ _ _ _ _ _ _ _ _ _ _ _ _ _ _ _ _ _ _ _ _ _ _ _ _ _ _ _ _ _ _ _
C:\Python313\Lib\contextlib.py:141: in __enter__
    return next(self.gen)
..\..\..\AppData\Roaming\Python\Python313\site-packages\django\db\backends\base\base.py:712: in _nodb_cursor
    with conn.cursor() as cursor:
..\..\..\AppData\Roaming\Python\Python313\site-packages\django\utils\asyncio.py:26: in inner
    return func(*args, **kwargs)
..\..\..\AppData\Roaming\Python\Python313\site-packages\django\db\backends\base\base.py:320: in cursor
    return self._cursor()
..\..\..\AppData\Roaming\Python\Python313\site-packages\django\db\backends\base\base.py:296: in _cursor
    self.ensure_connection()
..\..\..\AppData\Roaming\Python\Python313\site-packages\django\utils\asyncio.py:26: in inner
    return func(*args, **kwargs)
..\..\..\AppData\Roaming\Python\Python313\site-packages\django\db\backends\base\base.py:278: in ensure_connection
    with self.wrap_database_errors:
..\..\..\AppData\Roaming\Python\Python313\site-packages\django\db\utils.py:91: in __exit__
    raise dj_exc_value.with_traceback(traceback) from exc_value
..\..\..\AppData\Roaming\Python\Python313\site-packages\django\db\backends\base\base.py:279: in ensure_connection
    self.connect()
..\..\..\AppData\Roaming\Python\Python313\site-packages\django\utils\asyncio.py:26: in inner
    return func(*args, **kwargs)
..\..\..\AppData\Roaming\Python\Python313\site-packages\django\db\backends\base\base.py:256: in connect
    self.connection = self.get_new_connection(conn_params)
..\..\..\AppData\Roaming\Python\Python313\site-packages\django\utils\asyncio.py:26: in inner
    return func(*args, **kwargs)
..\..\..\AppData\Roaming\Python\Python313\site-packages\django\db\backends\postgresql\base.py:332: in get_new_connection
    connection = self.Database.connect(**conn_params)
_ _ _ _ _ _ _ _ _ _ _ _ _ _ _ _ _ _ _ _ _ _ _ _ _ _ _ _ _ _ _ _ _ _ _ _ _ _ _ _

cls = <class 'psycopg.Connection'>
conninfo = 'dbname=postgres client_encoding=UTF8 user=postgres password=postgres host=localhost port=5432 hostaddr=127.0.0.1'
autocommit = False, prepare_threshold = None
context = <psycopg.adapt.AdaptersMap object at 0x000001CEB3E42350>
row_factory = None
cursor_factory = <class 'django.db.backends.postgresql.base.Cursor'>
kwargs = {'client_encoding': 'UTF8', 'dbname': 'postgres', 'host': 'localhost', 'password': 'postgres', ...}
params = {'client_encoding': 'UTF8', 'dbname': 'postgres', 'host': 'localhost', 'password': 'postgres', ...}
timeout = 130

    @classmethod
    def connect(
        cls,
        conninfo: str = "",
        *,
        autocommit: bool = False,
        prepare_threshold: int | None = 5,
        context: AdaptContext | None = None,
        row_factory: RowFactory[Row] | None = None,
        cursor_factory: type[Cursor[Row]] | None = None,
        **kwargs: ConnParam,
    ) -> Self:
        """
        Connect to a database server and return a new `Connection` instance.
        """
    
        params = cls._get_connection_params(conninfo, **kwargs)
        timeout = timeout_from_conninfo(params)
        rv = None
        attempts = conninfo_attempts(params)
        conn_errors: list[tuple[e.Error, str]] = []
        for attempt in attempts:
            tdescr = (attempt.get("host"), attempt.get("port"), attempt.get("hostaddr"))
            descr = "host: %r, port: %r, hostaddr: %r" % tdescr
            logger.debug("connection attempt: %s", descr)
            try:
                conninfo = make_conninfo("", **attempt)
                gen = cls._connect_gen(conninfo, timeout=timeout)
                rv = waiting.wait_conn(gen, interval=_WAIT_INTERVAL)
            except e.Error as ex:
                logger.debug("connection failed: %s: %s", descr, str(ex))
                conn_errors.append((ex, descr))
            except e._NO_TRACEBACK as ex:
                raise ex.with_traceback(None)
            else:
                logger.debug("connection succeeded: %s", descr)
                break
    
        if not rv:
            last_ex = conn_errors[-1][0]
            if len(conn_errors) == 1:
                raise last_ex.with_traceback(None)
    
            # Create a new exception with the same type as the last one, containing
            # all attempt errors while preserving backward compatibility.
            lines = [str(last_ex)]
            lines.append("Multiple connection attempts failed. All failures were:")
            lines.extend((f"- {descr}: {error}" for error, descr in conn_errors))
>           raise type(last_ex)("\n".join(lines)).with_traceback(None)
E           django.db.utils.OperationalError: connection failed: connection to server at "127.0.0.1", port 5432 failed: FATAL:  la autentificaci\ufffdn password fall\ufffd para el usuario \ufffdpostgres\ufffd
E           Multiple connection attempts failed. All failures were:
E           - host: 'localhost', port: '5432', hostaddr: '::1': connection failed: connection to server at "::1", port 5432 failed: FATAL:  la autentificaci\ufffdn password fall\ufffd para el usuario \ufffdpostgres\ufffd
E           - host: 'localhost', port: '5432', hostaddr: '127.0.0.1': connection failed: connection to server at "127.0.0.1", port 5432 failed: FATAL:  la autentificaci\ufffdn password fall\ufffd para el usuario \ufffdpostgres\ufffd

..\..\..\AppData\Roaming\Python\Python313\site-packages\psycopg\connection.py:127: OperationalError

During handling of the above exception, another exception occurred:

self = <DatabaseWrapper vendor='postgresql' alias='default'>

    @async_unsafe
    def ensure_connection(self):
        """Guarantee that a connection to the database is established."""
        if self.connection is None:
            if self.in_atomic_block and self.closed_in_transaction:
                raise ProgrammingError(
                    "Cannot open a new connection in an atomic block."
                )
            with self.wrap_database_errors:
>               self.connect()

..\..\..\AppData\Roaming\Python\Python313\site-packages\django\db\backends\base\base.py:279: 
_ _ _ _ _ _ _ _ _ _ _ _ _ _ _ _ _ _ _ _ _ _ _ _ _ _ _ _ _ _ _ _ _ _ _ _ _ _ _ _
..\..\..\AppData\Roaming\Python\Python313\site-packages\django\utils\asyncio.py:26: in inner
    return func(*args, **kwargs)
..\..\..\AppData\Roaming\Python\Python313\site-packages\django\db\backends\base\base.py:256: in connect
    self.connection = self.get_new_connection(conn_params)
..\..\..\AppData\Roaming\Python\Python313\site-packages\django\utils\asyncio.py:26: in inner
    return func(*args, **kwargs)
..\..\..\AppData\Roaming\Python\Python313\site-packages\django\db\backends\postgresql\base.py:332: in get_new_connection
    connection = self.Database.connect(**conn_params)
_ _ _ _ _ _ _ _ _ _ _ _ _ _ _ _ _ _ _ _ _ _ _ _ _ _ _ _ _ _ _ _ _ _ _ _ _ _ _ _

cls = <class 'psycopg.Connection'>
conninfo = 'dbname=ruffles_db client_encoding=UTF8 user=postgres password=postgres host=localhost port=5432 hostaddr=127.0.0.1'
autocommit = False, prepare_threshold = None
context = <psycopg.adapt.AdaptersMap object at 0x000001CEB3E42350>
row_factory = None
cursor_factory = <class 'django.db.backends.postgresql.base.Cursor'>
kwargs = {'client_encoding': 'UTF8', 'dbname': 'ruffles_db', 'host': 'localhost', 'password': 'postgres', ...}
params = {'client_encoding': 'UTF8', 'dbname': 'ruffles_db', 'host': 'localhost', 'password': 'postgres', ...}
timeout = 130

    @classmethod
    def connect(
        cls,
        conninfo: str = "",
        *,
        autocommit: bool = False,
        prepare_threshold: int | None = 5,
        context: AdaptContext | None = None,
        row_factory: RowFactory[Row] | None = None,
        cursor_factory: type[Cursor[Row]] | None = None,
        **kwargs: ConnParam,
    ) -> Self:
        """
        Connect to a database server and return a new `Connection` instance.
        """
    
        params = cls._get_connection_params(conninfo, **kwargs)
        timeout = timeout_from_conninfo(params)
        rv = None
        attempts = conninfo_attempts(params)
        conn_errors: list[tuple[e.Error, str]] = []
        for attempt in attempts:
            tdescr = (attempt.get("host"), attempt.get("port"), attempt.get("hostaddr"))
            descr = "host: %r, port: %r, hostaddr: %r" % tdescr
            logger.debug("connection attempt: %s", descr)
            try:
                conninfo = make_conninfo("", **attempt)
                gen = cls._connect_gen(conninfo, timeout=timeout)
                rv = waiting.wait_conn(gen, interval=_WAIT_INTERVAL)
            except e.Error as ex:
                logger.debug("connection failed: %s: %s", descr, str(ex))
                conn_errors.append((ex, descr))
            except e._NO_TRACEBACK as ex:
                raise ex.with_traceback(None)
            else:
                logger.debug("connection succeeded: %s", descr)
                break
    
        if not rv:
            last_ex = conn_errors[-1][0]
            if len(conn_errors) == 1:
                raise last_ex.with_traceback(None)
    
            # Create a new exception with the same type as the last one, containing
            # all attempt errors while preserving backward compatibility.
            lines = [str(last_ex)]
            lines.append("Multiple connection attempts failed. All failures were:")
            lines.extend((f"- {descr}: {error}" for error, descr in conn_errors))
>           raise type(last_ex)("\n".join(lines)).with_traceback(None)
E           psycopg.OperationalError: connection failed: connection to server at "127.0.0.1", port 5432 failed: FATAL:  la autentificaci\ufffdn password fall\ufffd para el usuario \ufffdpostgres\ufffd
E           Multiple connection attempts failed. All failures were:
E           - host: 'localhost', port: '5432', hostaddr: '::1': connection failed: connection to server at "::1", port 5432 failed: FATAL:  la autentificaci\ufffdn password fall\ufffd para el usuario \ufffdpostgres\ufffd
E           - host: 'localhost', port: '5432', hostaddr: '127.0.0.1': connection failed: connection to server at "127.0.0.1", port 5432 failed: FATAL:  la autentificaci\ufffdn password fall\ufffd para el usuario \ufffdpostgres\ufffd

..\..\..\AppData\Roaming\Python\Python313\site-packages\psycopg\connection.py:127: OperationalError

The above exception was the direct cause of the following exception:

request = <SubRequest '_django_db_marker' for <Function test_not_found_returns_404>>

    @pytest.fixture(autouse=True)
    def _django_db_marker(request: pytest.FixtureRequest) -> None:
        """Implement the django_db marker, internal to pytest-django."""
        marker = request.node.get_closest_marker("django_db")
        if marker:
>           request.getfixturevalue("_django_db_helper")

..\..\..\AppData\Roaming\Python\Python313\site-packages\pytest_django\plugin.py:527: 
_ _ _ _ _ _ _ _ _ _ _ _ _ _ _ _ _ _ _ _ _ _ _ _ _ _ _ _ _ _ _ _ _ _ _ _ _ _ _ _
..\..\..\AppData\Roaming\Python\Python313\site-packages\pytest_django\fixtures.py:140: in django_db_setup
    db_cfg = setup_databases(
..\..\..\AppData\Roaming\Python\Python313\site-packages\django\test\utils.py:204: in setup_databases
    connection.creation.create_test_db(
..\..\..\AppData\Roaming\Python\Python313\site-packages\django\db\backends\base\creation.py:62: in create_test_db
    self._create_test_db(verbosity, autoclobber, keepdb)
..\..\..\AppData\Roaming\Python\Python313\site-packages\django\db\backends\base\creation.py:202: in _create_test_db
    with self._nodb_cursor() as cursor:
C:\Python313\Lib\contextlib.py:141: in __enter__
    return next(self.gen)
..\..\..\AppData\Roaming\Python\Python313\site-packages\django\db\backends\postgresql\base.py:533: in _nodb_cursor
    with conn.cursor() as cursor:
..\..\..\AppData\Roaming\Python\Python313\site-packages\django\utils\asyncio.py:26: in inner
    return func(*args, **kwargs)
..\..\..\AppData\Roaming\Python\Python313\site-packages\django\db\backends\base\base.py:320: in cursor
    return self._cursor()
..\..\..\AppData\Roaming\Python\Python313\site-packages\django\db\backends\base\base.py:296: in _cursor
    self.ensure_connection()
..\..\..\AppData\Roaming\Python\Python313\site-packages\django\utils\asyncio.py:26: in inner
    return func(*args, **kwargs)
..\..\..\AppData\Roaming\Python\Python313\site-packages\django\db\backends\base\base.py:278: in ensure_connection
    with self.wrap_database_errors:
..\..\..\AppData\Roaming\Python\Python313\site-packages\django\db\utils.py:91: in __exit__
    raise dj_exc_value.with_traceback(traceback) from exc_value
..\..\..\AppData\Roaming\Python\Python313\site-packages\django\db\backends\base\base.py:279: in ensure_connection
    self.connect()
..\..\..\AppData\Roaming\Python\Python313\site-packages\django\utils\asyncio.py:26: in inner
    return func(*args, **kwargs)
..\..\..\AppData\Roaming\Python\Python313\site-packages\django\db\backends\base\base.py:256: in connect
    self.connection = self.get_new_connection(conn_params)
..\..\..\AppData\Roaming\Python\Python313\site-packages\django\utils\asyncio.py:26: in inner
    return func(*args, **kwargs)
..\..\..\AppData\Roaming\Python\Python313\site-packages\django\db\backends\postgresql\base.py:332: in get_new_connection
    connection = self.Database.connect(**conn_params)
_ _ _ _ _ _ _ _ _ _ _ _ _ _ _ _ _ _ _ _ _ _ _ _ _ _ _ _ _ _ _ _ _ _ _ _ _ _ _ _

cls = <class 'psycopg.Connection'>
conninfo = 'dbname=ruffles_db client_encoding=UTF8 user=postgres password=postgres host=localhost port=5432 hostaddr=127.0.0.1'
autocommit = False, prepare_threshold = None
context = <psycopg.adapt.AdaptersMap object at 0x000001CEB3E42350>
row_factory = None
cursor_factory = <class 'django.db.backends.postgresql.base.Cursor'>
kwargs = {'client_encoding': 'UTF8', 'dbname': 'ruffles_db', 'host': 'localhost', 'password': 'postgres', ...}
params = {'client_encoding': 'UTF8', 'dbname': 'ruffles_db', 'host': 'localhost', 'password': 'postgres', ...}
timeout = 130

    @classmethod
    def connect(
        cls,
        conninfo: str = "",
        *,
        autocommit: bool = False,
        prepare_threshold: int | None = 5,
        context: AdaptContext | None = None,
        row_factory: RowFactory[Row] | None = None,
        cursor_factory: type[Cursor[Row]] | None = None,
        **kwargs: ConnParam,
    ) -> Self:
        """
        Connect to a database server and return a new `Connection` instance.
        """
    
        params = cls._get_connection_params(conninfo, **kwargs)
        timeout = timeout_from_conninfo(params)
        rv = None
        attempts = conninfo_attempts(params)
        conn_errors: list[tuple[e.Error, str]] = []
        for attempt in attempts:
            tdescr = (attempt.get("host"), attempt.get("port"), attempt.get("hostaddr"))
            descr = "host: %r, port: %r, hostaddr: %r" % tdescr
            logger.debug("connection attempt: %s", descr)
            try:
                conninfo = make_conninfo("", **attempt)
                gen = cls._connect_gen(conninfo, timeout=timeout)
                rv = waiting.wait_conn(gen, interval=_WAIT_INTERVAL)
            except e.Error as ex:
                logger.debug("connection failed: %s: %s", descr, str(ex))
                conn_errors.append((ex, descr))
            except e._NO_TRACEBACK as ex:
                raise ex.with_traceback(None)
            else:
                logger.debug("connection succeeded: %s", descr)
                break
    
        if not rv:
            last_ex = conn_errors[-1][0]
            if len(conn_errors) == 1:
                raise last_ex.with_traceback(None)
    
            # Create a new exception with the same type as the last one, containing
            # all attempt errors while preserving backward compatibility.
            lines = [str(last_ex)]
            lines.append("Multiple connection attempts failed. All failures were:")
            lines.extend((f"- {descr}: {error}" for error, descr in conn_errors))
>           raise type(last_ex)("\n".join(lines)).with_traceback(None)
E           django.db.utils.OperationalError: connection failed: connection to server at "127.0.0.1", port 5432 failed: FATAL:  la autentificaci\ufffdn password fall\ufffd para el usuario \ufffdpostgres\ufffd
E           Multiple connection attempts failed. All failures were:
E           - host: 'localhost', port: '5432', hostaddr: '::1': connection failed: connection to server at "::1", port 5432 failed: FATAL:  la autentificaci\ufffdn password fall\ufffd para el usuario \ufffdpostgres\ufffd
E           - host: 'localhost', port: '5432', hostaddr: '127.0.0.1': connection failed: connection to server at "127.0.0.1", port 5432 failed: FATAL:  la autentificaci\ufffdn password fall\ufffd para el usuario \ufffdpostgres\ufffd

..\..\..\AppData\Roaming\Python\Python313\site-packages\psycopg\connection.py:127: OperationalError
_____ ERROR at setup of TestRaffleAvailability.test_all_numbers_available _____

self = <DatabaseWrapper vendor='postgresql' alias='__no_db__'>

    @async_unsafe
    def ensure_connection(self):
        """Guarantee that a connection to the database is established."""
        if self.connection is None:
            if self.in_atomic_block and self.closed_in_transaction:
                raise ProgrammingError(
                    "Cannot open a new connection in an atomic block."
                )
            with self.wrap_database_errors:
>               self.connect()

..\..\..\AppData\Roaming\Python\Python313\site-packages\django\db\backends\base\base.py:279: 
_ _ _ _ _ _ _ _ _ _ _ _ _ _ _ _ _ _ _ _ _ _ _ _ _ _ _ _ _ _ _ _ _ _ _ _ _ _ _ _
..\..\..\AppData\Roaming\Python\Python313\site-packages\django\utils\asyncio.py:26: in inner
    return func(*args, **kwargs)
..\..\..\AppData\Roaming\Python\Python313\site-packages\django\db\backends\base\base.py:256: in connect
    self.connection = self.get_new_connection(conn_params)
..\..\..\AppData\Roaming\Python\Python313\site-packages\django\utils\asyncio.py:26: in inner
    return func(*args, **kwargs)
..\..\..\AppData\Roaming\Python\Python313\site-packages\django\db\backends\postgresql\base.py:332: in get_new_connection
    connection = self.Database.connect(**conn_params)
_ _ _ _ _ _ _ _ _ _ _ _ _ _ _ _ _ _ _ _ _ _ _ _ _ _ _ _ _ _ _ _ _ _ _ _ _ _ _ _

cls = <class 'psycopg.Connection'>
conninfo = 'dbname=postgres client_encoding=UTF8 user=postgres password=postgres host=localhost port=5432 hostaddr=127.0.0.1'
autocommit = False, prepare_threshold = None
context = <psycopg.adapt.AdaptersMap object at 0x000001CEB3E42350>
row_factory = None
cursor_factory = <class 'django.db.backends.postgresql.base.Cursor'>
kwargs = {'client_encoding': 'UTF8', 'dbname': 'postgres', 'host': 'localhost', 'password': 'postgres', ...}
params = {'client_encoding': 'UTF8', 'dbname': 'postgres', 'host': 'localhost', 'password': 'postgres', ...}
timeout = 130

    @classmethod
    def connect(
        cls,
        conninfo: str = "",
        *,
        autocommit: bool = False,
        prepare_threshold: int | None = 5,
        context: AdaptContext | None = None,
        row_factory: RowFactory[Row] | None = None,
        cursor_factory: type[Cursor[Row]] | None = None,
        **kwargs: ConnParam,
    ) -> Self:
        """
        Connect to a database server and return a new `Connection` instance.
        """
    
        params = cls._get_connection_params(conninfo, **kwargs)
        timeout = timeout_from_conninfo(params)
        rv = None
        attempts = conninfo_attempts(params)
        conn_errors: list[tuple[e.Error, str]] = []
        for attempt in attempts:
            tdescr = (attempt.get("host"), attempt.get("port"), attempt.get("hostaddr"))
            descr = "host: %r, port: %r, hostaddr: %r" % tdescr
            logger.debug("connection attempt: %s", descr)
            try:
                conninfo = make_conninfo("", **attempt)
                gen = cls._connect_gen(conninfo, timeout=timeout)
                rv = waiting.wait_conn(gen, interval=_WAIT_INTERVAL)
            except e.Error as ex:
                logger.debug("connection failed: %s: %s", descr, str(ex))
                conn_errors.append((ex, descr))
            except e._NO_TRACEBACK as ex:
                raise ex.with_traceback(None)
            else:
                logger.debug("connection succeeded: %s", descr)
                break
    
        if not rv:
            last_ex = conn_errors[-1][0]
            if len(conn_errors) == 1:
                raise last_ex.with_traceback(None)
    
            # Create a new exception with the same type as the last one, containing
            # all attempt errors while preserving backward compatibility.
            lines = [str(last_ex)]
            lines.append("Multiple connection attempts failed. All failures were:")
            lines.extend((f"- {descr}: {error}" for error, descr in conn_errors))
>           raise type(last_ex)("\n".join(lines)).with_traceback(None)
E           psycopg.OperationalError: connection failed: connection to server at "127.0.0.1", port 5432 failed: FATAL:  la autentificaci\ufffdn password fall\ufffd para el usuario \ufffdpostgres\ufffd
E           Multiple connection attempts failed. All failures were:
E           - host: 'localhost', port: '5432', hostaddr: '::1': connection failed: connection to server at "::1", port 5432 failed: FATAL:  la autentificaci\ufffdn password fall\ufffd para el usuario \ufffdpostgres\ufffd
E           - host: 'localhost', port: '5432', hostaddr: '127.0.0.1': connection failed: connection to server at "127.0.0.1", port 5432 failed: FATAL:  la autentificaci\ufffdn password fall\ufffd para el usuario \ufffdpostgres\ufffd

..\..\..\AppData\Roaming\Python\Python313\site-packages\psycopg\connection.py:127: OperationalError

The above exception was the direct cause of the following exception:

self = <DatabaseWrapper vendor='postgresql' alias='default'>

    @contextmanager
    def _nodb_cursor(self):
        cursor = None
        try:
>           with super()._nodb_cursor() as cursor:

..\..\..\AppData\Roaming\Python\Python313\site-packages\django\db\backends\postgresql\base.py:507: 
_ _ _ _ _ _ _ _ _ _ _ _ _ _ _ _ _ _ _ _ _ _ _ _ _ _ _ _ _ _ _ _ _ _ _ _ _ _ _ _
C:\Python313\Lib\contextlib.py:141: in __enter__
    return next(self.gen)
..\..\..\AppData\Roaming\Python\Python313\site-packages\django\db\backends\base\base.py:712: in _nodb_cursor
    with conn.cursor() as cursor:
..\..\..\AppData\Roaming\Python\Python313\site-packages\django\utils\asyncio.py:26: in inner
    return func(*args, **kwargs)
..\..\..\AppData\Roaming\Python\Python313\site-packages\django\db\backends\base\base.py:320: in cursor
    return self._cursor()
..\..\..\AppData\Roaming\Python\Python313\site-packages\django\db\backends\base\base.py:296: in _cursor
    self.ensure_connection()
..\..\..\AppData\Roaming\Python\Python313\site-packages\django\utils\asyncio.py:26: in inner
    return func(*args, **kwargs)
..\..\..\AppData\Roaming\Python\Python313\site-packages\django\db\backends\base\base.py:278: in ensure_connection
    with self.wrap_database_errors:
..\..\..\AppData\Roaming\Python\Python313\site-packages\django\db\utils.py:91: in __exit__
    raise dj_exc_value.with_traceback(traceback) from exc_value
..\..\..\AppData\Roaming\Python\Python313\site-packages\django\db\backends\base\base.py:279: in ensure_connection
    self.connect()
..\..\..\AppData\Roaming\Python\Python313\site-packages\django\utils\asyncio.py:26: in inner
    return func(*args, **kwargs)
..\..\..\AppData\Roaming\Python\Python313\site-packages\django\db\backends\base\base.py:256: in connect
    self.connection = self.get_new_connection(conn_params)
..\..\..\AppData\Roaming\Python\Python313\site-packages\django\utils\asyncio.py:26: in inner
    return func(*args, **kwargs)
..\..\..\AppData\Roaming\Python\Python313\site-packages\django\db\backends\postgresql\base.py:332: in get_new_connection
    connection = self.Database.connect(**conn_params)
_ _ _ _ _ _ _ _ _ _ _ _ _ _ _ _ _ _ _ _ _ _ _ _ _ _ _ _ _ _ _ _ _ _ _ _ _ _ _ _

cls = <class 'psycopg.Connection'>
conninfo = 'dbname=postgres client_encoding=UTF8 user=postgres password=postgres host=localhost port=5432 hostaddr=127.0.0.1'
autocommit = False, prepare_threshold = None
context = <psycopg.adapt.AdaptersMap object at 0x000001CEB3E42350>
row_factory = None
cursor_factory = <class 'django.db.backends.postgresql.base.Cursor'>
kwargs = {'client_encoding': 'UTF8', 'dbname': 'postgres', 'host': 'localhost', 'password': 'postgres', ...}
params = {'client_encoding': 'UTF8', 'dbname': 'postgres', 'host': 'localhost', 'password': 'postgres', ...}
timeout = 130

    @classmethod
    def connect(
        cls,
        conninfo: str = "",
        *,
        autocommit: bool = False,
        prepare_threshold: int | None = 5,
        context: AdaptContext | None = None,
        row_factory: RowFactory[Row] | None = None,
        cursor_factory: type[Cursor[Row]] | None = None,
        **kwargs: ConnParam,
    ) -> Self:
        """
        Connect to a database server and return a new `Connection` instance.
        """
    
        params = cls._get_connection_params(conninfo, **kwargs)
        timeout = timeout_from_conninfo(params)
        rv = None
        attempts = conninfo_attempts(params)
        conn_errors: list[tuple[e.Error, str]] = []
        for attempt in attempts:
            tdescr = (attempt.get("host"), attempt.get("port"), attempt.get("hostaddr"))
            descr = "host: %r, port: %r, hostaddr: %r" % tdescr
            logger.debug("connection attempt: %s", descr)
            try:
                conninfo = make_conninfo("", **attempt)
                gen = cls._connect_gen(conninfo, timeout=timeout)
                rv = waiting.wait_conn(gen, interval=_WAIT_INTERVAL)
            except e.Error as ex:
                logger.debug("connection failed: %s: %s", descr, str(ex))
                conn_errors.append((ex, descr))
            except e._NO_TRACEBACK as ex:
                raise ex.with_traceback(None)
            else:
                logger.debug("connection succeeded: %s", descr)
                break
    
        if not rv:
            last_ex = conn_errors[-1][0]
            if len(conn_errors) == 1:
                raise last_ex.with_traceback(None)
    
            # Create a new exception with the same type as the last one, containing
            # all attempt errors while preserving backward compatibility.
            lines = [str(last_ex)]
            lines.append("Multiple connection attempts failed. All failures were:")
            lines.extend((f"- {descr}: {error}" for error, descr in conn_errors))
>           raise type(last_ex)("\n".join(lines)).with_traceback(None)
E           django.db.utils.OperationalError: connection failed: connection to server at "127.0.0.1", port 5432 failed: FATAL:  la autentificaci\ufffdn password fall\ufffd para el usuario \ufffdpostgres\ufffd
E           Multiple connection attempts failed. All failures were:
E           - host: 'localhost', port: '5432', hostaddr: '::1': connection failed: connection to server at "::1", port 5432 failed: FATAL:  la autentificaci\ufffdn password fall\ufffd para el usuario \ufffdpostgres\ufffd
E           - host: 'localhost', port: '5432', hostaddr: '127.0.0.1': connection failed: connection to server at "127.0.0.1", port 5432 failed: FATAL:  la autentificaci\ufffdn password fall\ufffd para el usuario \ufffdpostgres\ufffd

..\..\..\AppData\Roaming\Python\Python313\site-packages\psycopg\connection.py:127: OperationalError

During handling of the above exception, another exception occurred:

self = <DatabaseWrapper vendor='postgresql' alias='default'>

    @async_unsafe
    def ensure_connection(self):
        """Guarantee that a connection to the database is established."""
        if self.connection is None:
            if self.in_atomic_block and self.closed_in_transaction:
                raise ProgrammingError(
                    "Cannot open a new connection in an atomic block."
                )
            with self.wrap_database_errors:
>               self.connect()

..\..\..\AppData\Roaming\Python\Python313\site-packages\django\db\backends\base\base.py:279: 
_ _ _ _ _ _ _ _ _ _ _ _ _ _ _ _ _ _ _ _ _ _ _ _ _ _ _ _ _ _ _ _ _ _ _ _ _ _ _ _
..\..\..\AppData\Roaming\Python\Python313\site-packages\django\utils\asyncio.py:26: in inner
    return func(*args, **kwargs)
..\..\..\AppData\Roaming\Python\Python313\site-packages\django\db\backends\base\base.py:256: in connect
    self.connection = self.get_new_connection(conn_params)
..\..\..\AppData\Roaming\Python\Python313\site-packages\django\utils\asyncio.py:26: in inner
    return func(*args, **kwargs)
..\..\..\AppData\Roaming\Python\Python313\site-packages\django\db\backends\postgresql\base.py:332: in get_new_connection
    connection = self.Database.connect(**conn_params)
_ _ _ _ _ _ _ _ _ _ _ _ _ _ _ _ _ _ _ _ _ _ _ _ _ _ _ _ _ _ _ _ _ _ _ _ _ _ _ _

cls = <class 'psycopg.Connection'>
conninfo = 'dbname=ruffles_db client_encoding=UTF8 user=postgres password=postgres host=localhost port=5432 hostaddr=127.0.0.1'
autocommit = False, prepare_threshold = None
context = <psycopg.adapt.AdaptersMap object at 0x000001CEB3E42350>
row_factory = None
cursor_factory = <class 'django.db.backends.postgresql.base.Cursor'>
kwargs = {'client_encoding': 'UTF8', 'dbname': 'ruffles_db', 'host': 'localhost', 'password': 'postgres', ...}
params = {'client_encoding': 'UTF8', 'dbname': 'ruffles_db', 'host': 'localhost', 'password': 'postgres', ...}
timeout = 130

    @classmethod
    def connect(
        cls,
        conninfo: str = "",
        *,
        autocommit: bool = False,
        prepare_threshold: int | None = 5,
        context: AdaptContext | None = None,
        row_factory: RowFactory[Row] | None = None,
        cursor_factory: type[Cursor[Row]] | None = None,
        **kwargs: ConnParam,
    ) -> Self:
        """
        Connect to a database server and return a new `Connection` instance.
        """
    
        params = cls._get_connection_params(conninfo, **kwargs)
        timeout = timeout_from_conninfo(params)
        rv = None
        attempts = conninfo_attempts(params)
        conn_errors: list[tuple[e.Error, str]] = []
        for attempt in attempts:
            tdescr = (attempt.get("host"), attempt.get("port"), attempt.get("hostaddr"))
            descr = "host: %r, port: %r, hostaddr: %r" % tdescr
            logger.debug("connection attempt: %s", descr)
            try:
                conninfo = make_conninfo("", **attempt)
                gen = cls._connect_gen(conninfo, timeout=timeout)
                rv = waiting.wait_conn(gen, interval=_WAIT_INTERVAL)
            except e.Error as ex:
                logger.debug("connection failed: %s: %s", descr, str(ex))
                conn_errors.append((ex, descr))
            except e._NO_TRACEBACK as ex:
                raise ex.with_traceback(None)
            else:
                logger.debug("connection succeeded: %s", descr)
                break
    
        if not rv:
            last_ex = conn_errors[-1][0]
            if len(conn_errors) == 1:
                raise last_ex.with_traceback(None)
    
            # Create a new exception with the same type as the last one, containing
            # all attempt errors while preserving backward compatibility.
            lines = [str(last_ex)]
            lines.append("Multiple connection attempts failed. All failures were:")
            lines.extend((f"- {descr}: {error}" for error, descr in conn_errors))
>           raise type(last_ex)("\n".join(lines)).with_traceback(None)
E           psycopg.OperationalError: connection failed: connection to server at "127.0.0.1", port 5432 failed: FATAL:  la autentificaci\ufffdn password fall\ufffd para el usuario \ufffdpostgres\ufffd
E           Multiple connection attempts failed. All failures were:
E           - host: 'localhost', port: '5432', hostaddr: '::1': connection failed: connection to server at "::1", port 5432 failed: FATAL:  la autentificaci\ufffdn password fall\ufffd para el usuario \ufffdpostgres\ufffd
E           - host: 'localhost', port: '5432', hostaddr: '127.0.0.1': connection failed: connection to server at "127.0.0.1", port 5432 failed: FATAL:  la autentificaci\ufffdn password fall\ufffd para el usuario \ufffdpostgres\ufffd

..\..\..\AppData\Roaming\Python\Python313\site-packages\psycopg\connection.py:127: OperationalError

The above exception was the direct cause of the following exception:

request = <SubRequest 'django_db_setup' for <Function test_login_success_returns_jwt>>
django_test_environment = None
django_db_blocker = <pytest_django.plugin.DjangoDbBlocker object at 0x000001CEB17F0050>
django_db_use_migrations = True, django_db_keepdb = False
django_db_createdb = False, django_db_modify_db_settings = None

    @pytest.fixture(scope="session")
    def django_db_setup(
        request: pytest.FixtureRequest,
        django_test_environment: None,
        django_db_blocker: DjangoDbBlocker,
        django_db_use_migrations: bool,
        django_db_keepdb: bool,
        django_db_createdb: bool,
        django_db_modify_db_settings: None,
    ) -> Generator[None, None, None]:
        """Top level fixture to ensure test databases are available"""
        from django.test.utils import setup_databases, teardown_databases
    
        setup_databases_args = {}
    
        if not django_db_use_migrations:
            _disable_migrations()
    
        if django_db_keepdb and not django_db_createdb:
            setup_databases_args["keepdb"] = True
    
        with django_db_blocker.unblock():
>           db_cfg = setup_databases(
                verbosity=request.config.option.verbose,
                interactive=False,
                **setup_databases_args,
            )

..\..\..\AppData\Roaming\Python\Python313\site-packages\pytest_django\fixtures.py:140: 
_ _ _ _ _ _ _ _ _ _ _ _ _ _ _ _ _ _ _ _ _ _ _ _ _ _ _ _ _ _ _ _ _ _ _ _ _ _ _ _
..\..\..\AppData\Roaming\Python\Python313\site-packages\django\test\utils.py:204: in setup_databases
    connection.creation.create_test_db(
..\..\..\AppData\Roaming\Python\Python313\site-packages\django\db\backends\base\creation.py:62: in create_test_db
    self._create_test_db(verbosity, autoclobber, keepdb)
..\..\..\AppData\Roaming\Python\Python313\site-packages\django\db\backends\base\creation.py:202: in _create_test_db
    with self._nodb_cursor() as cursor:
C:\Python313\Lib\contextlib.py:141: in __enter__
    return next(self.gen)
..\..\..\AppData\Roaming\Python\Python313\site-packages\django\db\backends\postgresql\base.py:533: in _nodb_cursor
    with conn.cursor() as cursor:
..\..\..\AppData\Roaming\Python\Python313\site-packages\django\utils\asyncio.py:26: in inner
    return func(*args, **kwargs)
..\..\..\AppData\Roaming\Python\Python313\site-packages\django\db\backends\base\base.py:320: in cursor
    return self._cursor()
..\..\..\AppData\Roaming\Python\Python313\site-packages\django\db\backends\base\base.py:296: in _cursor
    self.ensure_connection()
..\..\..\AppData\Roaming\Python\Python313\site-packages\django\utils\asyncio.py:26: in inner
    return func(*args, **kwargs)
..\..\..\AppData\Roaming\Python\Python313\site-packages\django\db\backends\base\base.py:278: in ensure_connection
    with self.wrap_database_errors:
..\..\..\AppData\Roaming\Python\Python313\site-packages\django\db\utils.py:91: in __exit__
    raise dj_exc_value.with_traceback(traceback) from exc_value
..\..\..\AppData\Roaming\Python\Python313\site-packages\django\db\backends\base\base.py:279: in ensure_connection
    self.connect()
..\..\..\AppData\Roaming\Python\Python313\site-packages\django\utils\asyncio.py:26: in inner
    return func(*args, **kwargs)
..\..\..\AppData\Roaming\Python\Python313\site-packages\django\db\backends\base\base.py:256: in connect
    self.connection = self.get_new_connection(conn_params)
..\..\..\AppData\Roaming\Python\Python313\site-packages\django\utils\asyncio.py:26: in inner
    return func(*args, **kwargs)
..\..\..\AppData\Roaming\Python\Python313\site-packages\django\db\backends\postgresql\base.py:332: in get_new_connection
    connection = self.Database.connect(**conn_params)
_ _ _ _ _ _ _ _ _ _ _ _ _ _ _ _ _ _ _ _ _ _ _ _ _ _ _ _ _ _ _ _ _ _ _ _ _ _ _ _

cls = <class 'psycopg.Connection'>
conninfo = 'dbname=ruffles_db client_encoding=UTF8 user=postgres password=postgres host=localhost port=5432 hostaddr=127.0.0.1'
autocommit = False, prepare_threshold = None
context = <psycopg.adapt.AdaptersMap object at 0x000001CEB3E42350>
row_factory = None
cursor_factory = <class 'django.db.backends.postgresql.base.Cursor'>
kwargs = {'client_encoding': 'UTF8', 'dbname': 'ruffles_db', 'host': 'localhost', 'password': 'postgres', ...}
params = {'client_encoding': 'UTF8', 'dbname': 'ruffles_db', 'host': 'localhost', 'password': 'postgres', ...}
timeout = 130

    @classmethod
    def connect(
        cls,
        conninfo: str = "",
        *,
        autocommit: bool = False,
        prepare_threshold: int | None = 5,
        context: AdaptContext | None = None,
        row_factory: RowFactory[Row] | None = None,
        cursor_factory: type[Cursor[Row]] | None = None,
        **kwargs: ConnParam,
    ) -> Self:
        """
        Connect to a database server and return a new `Connection` instance.
        """
    
        params = cls._get_connection_params(conninfo, **kwargs)
        timeout = timeout_from_conninfo(params)
        rv = None
        attempts = conninfo_attempts(params)
        conn_errors: list[tuple[e.Error, str]] = []
        for attempt in attempts:
            tdescr = (attempt.get("host"), attempt.get("port"), attempt.get("hostaddr"))
            descr = "host: %r, port: %r, hostaddr: %r" % tdescr
            logger.debug("connection attempt: %s", descr)
            try:
                conninfo = make_conninfo("", **attempt)
                gen = cls._connect_gen(conninfo, timeout=timeout)
                rv = waiting.wait_conn(gen, interval=_WAIT_INTERVAL)
            except e.Error as ex:
                logger.debug("connection failed: %s: %s", descr, str(ex))
                conn_errors.append((ex, descr))
            except e._NO_TRACEBACK as ex:
                raise ex.with_traceback(None)
            else:
                logger.debug("connection succeeded: %s", descr)
                break
    
        if not rv:
            last_ex = conn_errors[-1][0]
            if len(conn_errors) == 1:
                raise last_ex.with_traceback(None)
    
            # Create a new exception with the same type as the last one, containing
            # all attempt errors while preserving backward compatibility.
            lines = [str(last_ex)]
            lines.append("Multiple connection attempts failed. All failures were:")
            lines.extend((f"- {descr}: {error}" for error, descr in conn_errors))
>           raise type(last_ex)("\n".join(lines)).with_traceback(None)
E           django.db.utils.OperationalError: connection failed: connection to server at "127.0.0.1", port 5432 failed: FATAL:  la autentificaci\ufffdn password fall\ufffd para el usuario \ufffdpostgres\ufffd
E           Multiple connection attempts failed. All failures were:
E           - host: 'localhost', port: '5432', hostaddr: '::1': connection failed: connection to server at "::1", port 5432 failed: FATAL:  la autentificaci\ufffdn password fall\ufffd para el usuario \ufffdpostgres\ufffd
E           - host: 'localhost', port: '5432', hostaddr: '127.0.0.1': connection failed: connection to server at "127.0.0.1", port 5432 failed: FATAL:  la autentificaci\ufffdn password fall\ufffd para el usuario \ufffdpostgres\ufffd

..\..\..\AppData\Roaming\Python\Python313\site-packages\psycopg\connection.py:127: OperationalError
___ ERROR at setup of TestRaffleAvailability.test_numbers_reflect_purchases ___

self = <DatabaseWrapper vendor='postgresql' alias='__no_db__'>

    @async_unsafe
    def ensure_connection(self):
        """Guarantee that a connection to the database is established."""
        if self.connection is None:
            if self.in_atomic_block and self.closed_in_transaction:
                raise ProgrammingError(
                    "Cannot open a new connection in an atomic block."
                )
            with self.wrap_database_errors:
>               self.connect()

..\..\..\AppData\Roaming\Python\Python313\site-packages\django\db\backends\base\base.py:279: 
_ _ _ _ _ _ _ _ _ _ _ _ _ _ _ _ _ _ _ _ _ _ _ _ _ _ _ _ _ _ _ _ _ _ _ _ _ _ _ _
..\..\..\AppData\Roaming\Python\Python313\site-packages\django\utils\asyncio.py:26: in inner
    return func(*args, **kwargs)
..\..\..\AppData\Roaming\Python\Python313\site-packages\django\db\backends\base\base.py:256: in connect
    self.connection = self.get_new_connection(conn_params)
..\..\..\AppData\Roaming\Python\Python313\site-packages\django\utils\asyncio.py:26: in inner
    return func(*args, **kwargs)
..\..\..\AppData\Roaming\Python\Python313\site-packages\django\db\backends\postgresql\base.py:332: in get_new_connection
    connection = self.Database.connect(**conn_params)
_ _ _ _ _ _ _ _ _ _ _ _ _ _ _ _ _ _ _ _ _ _ _ _ _ _ _ _ _ _ _ _ _ _ _ _ _ _ _ _

cls = <class 'psycopg.Connection'>
conninfo = 'dbname=postgres client_encoding=UTF8 user=postgres password=postgres host=localhost port=5432 hostaddr=127.0.0.1'
autocommit = False, prepare_threshold = None
context = <psycopg.adapt.AdaptersMap object at 0x000001CEB3E42350>
row_factory = None
cursor_factory = <class 'django.db.backends.postgresql.base.Cursor'>
kwargs = {'client_encoding': 'UTF8', 'dbname': 'postgres', 'host': 'localhost', 'password': 'postgres', ...}
params = {'client_encoding': 'UTF8', 'dbname': 'postgres', 'host': 'localhost', 'password': 'postgres', ...}
timeout = 130

    @classmethod
    def connect(
        cls,
        conninfo: str = "",
        *,
        autocommit: bool = False,
        prepare_threshold: int | None = 5,
        context: AdaptContext | None = None,
        row_factory: RowFactory[Row] | None = None,
        cursor_factory: type[Cursor[Row]] | None = None,
        **kwargs: ConnParam,
    ) -> Self:
        """
        Connect to a database server and return a new `Connection` instance.
        """
    
        params = cls._get_connection_params(conninfo, **kwargs)
        timeout = timeout_from_conninfo(params)
        rv = None
        attempts = conninfo_attempts(params)
        conn_errors: list[tuple[e.Error, str]] = []
        for attempt in attempts:
            tdescr = (attempt.get("host"), attempt.get("port"), attempt.get("hostaddr"))
            descr = "host: %r, port: %r, hostaddr: %r" % tdescr
            logger.debug("connection attempt: %s", descr)
            try:
                conninfo = make_conninfo("", **attempt)
                gen = cls._connect_gen(conninfo, timeout=timeout)
                rv = waiting.wait_conn(gen, interval=_WAIT_INTERVAL)
            except e.Error as ex:
                logger.debug("connection failed: %s: %s", descr, str(ex))
                conn_errors.append((ex, descr))
            except e._NO_TRACEBACK as ex:
                raise ex.with_traceback(None)
            else:
                logger.debug("connection succeeded: %s", descr)
                break
    
        if not rv:
            last_ex = conn_errors[-1][0]
            if len(conn_errors) == 1:
                raise last_ex.with_traceback(None)
    
            # Create a new exception with the same type as the last one, containing
            # all attempt errors while preserving backward compatibility.
            lines = [str(last_ex)]
            lines.append("Multiple connection attempts failed. All failures were:")
            lines.extend((f"- {descr}: {error}" for error, descr in conn_errors))
>           raise type(last_ex)("\n".join(lines)).with_traceback(None)
E           psycopg.OperationalError: connection failed: connection to server at "127.0.0.1", port 5432 failed: FATAL:  la autentificaci\ufffdn password fall\ufffd para el usuario \ufffdpostgres\ufffd
E           Multiple connection attempts failed. All failures were:
E           - host: 'localhost', port: '5432', hostaddr: '::1': connection failed: connection to server at "::1", port 5432 failed: FATAL:  la autentificaci\ufffdn password fall\ufffd para el usuario \ufffdpostgres\ufffd
E           - host: 'localhost', port: '5432', hostaddr: '127.0.0.1': connection failed: connection to server at "127.0.0.1", port 5432 failed: FATAL:  la autentificaci\ufffdn password fall\ufffd para el usuario \ufffdpostgres\ufffd

..\..\..\AppData\Roaming\Python\Python313\site-packages\psycopg\connection.py:127: OperationalError

The above exception was the direct cause of the following exception:

self = <DatabaseWrapper vendor='postgresql' alias='default'>

    @contextmanager
    def _nodb_cursor(self):
        cursor = None
        try:
>           with super()._nodb_cursor() as cursor:

..\..\..\AppData\Roaming\Python\Python313\site-packages\django\db\backends\postgresql\base.py:507: 
_ _ _ _ _ _ _ _ _ _ _ _ _ _ _ _ _ _ _ _ _ _ _ _ _ _ _ _ _ _ _ _ _ _ _ _ _ _ _ _
C:\Python313\Lib\contextlib.py:141: in __enter__
    return next(self.gen)
..\..\..\AppData\Roaming\Python\Python313\site-packages\django\db\backends\base\base.py:712: in _nodb_cursor
    with conn.cursor() as cursor:
..\..\..\AppData\Roaming\Python\Python313\site-packages\django\utils\asyncio.py:26: in inner
    return func(*args, **kwargs)
..\..\..\AppData\Roaming\Python\Python313\site-packages\django\db\backends\base\base.py:320: in cursor
    return self._cursor()
..\..\..\AppData\Roaming\Python\Python313\site-packages\django\db\backends\base\base.py:296: in _cursor
    self.ensure_connection()
..\..\..\AppData\Roaming\Python\Python313\site-packages\django\utils\asyncio.py:26: in inner
    return func(*args, **kwargs)
..\..\..\AppData\Roaming\Python\Python313\site-packages\django\db\backends\base\base.py:278: in ensure_connection
    with self.wrap_database_errors:
..\..\..\AppData\Roaming\Python\Python313\site-packages\django\db\utils.py:91: in __exit__
    raise dj_exc_value.with_traceback(traceback) from exc_value
..\..\..\AppData\Roaming\Python\Python313\site-packages\django\db\backends\base\base.py:279: in ensure_connection
    self.connect()
..\..\..\AppData\Roaming\Python\Python313\site-packages\django\utils\asyncio.py:26: in inner
    return func(*args, **kwargs)
..\..\..\AppData\Roaming\Python\Python313\site-packages\django\db\backends\base\base.py:256: in connect
    self.connection = self.get_new_connection(conn_params)
..\..\..\AppData\Roaming\Python\Python313\site-packages\django\utils\asyncio.py:26: in inner
    return func(*args, **kwargs)
..\..\..\AppData\Roaming\Python\Python313\site-packages\django\db\backends\postgresql\base.py:332: in get_new_connection
    connection = self.Database.connect(**conn_params)
_ _ _ _ _ _ _ _ _ _ _ _ _ _ _ _ _ _ _ _ _ _ _ _ _ _ _ _ _ _ _ _ _ _ _ _ _ _ _ _

cls = <class 'psycopg.Connection'>
conninfo = 'dbname=postgres client_encoding=UTF8 user=postgres password=postgres host=localhost port=5432 hostaddr=127.0.0.1'
autocommit = False, prepare_threshold = None
context = <psycopg.adapt.AdaptersMap object at 0x000001CEB3E42350>
row_factory = None
cursor_factory = <class 'django.db.backends.postgresql.base.Cursor'>
kwargs = {'client_encoding': 'UTF8', 'dbname': 'postgres', 'host': 'localhost', 'password': 'postgres', ...}
params = {'client_encoding': 'UTF8', 'dbname': 'postgres', 'host': 'localhost', 'password': 'postgres', ...}
timeout = 130

    @classmethod
    def connect(
        cls,
        conninfo: str = "",
        *,
        autocommit: bool = False,
        prepare_threshold: int | None = 5,
        context: AdaptContext | None = None,
        row_factory: RowFactory[Row] | None = None,
        cursor_factory: type[Cursor[Row]] | None = None,
        **kwargs: ConnParam,
    ) -> Self:
        """
        Connect to a database server and return a new `Connection` instance.
        """
    
        params = cls._get_connection_params(conninfo, **kwargs)
        timeout = timeout_from_conninfo(params)
        rv = None
        attempts = conninfo_attempts(params)
        conn_errors: list[tuple[e.Error, str]] = []
        for attempt in attempts:
            tdescr = (attempt.get("host"), attempt.get("port"), attempt.get("hostaddr"))
            descr = "host: %r, port: %r, hostaddr: %r" % tdescr
            logger.debug("connection attempt: %s", descr)
            try:
                conninfo = make_conninfo("", **attempt)
                gen = cls._connect_gen(conninfo, timeout=timeout)
                rv = waiting.wait_conn(gen, interval=_WAIT_INTERVAL)
            except e.Error as ex:
                logger.debug("connection failed: %s: %s", descr, str(ex))
                conn_errors.append((ex, descr))
            except e._NO_TRACEBACK as ex:
                raise ex.with_traceback(None)
            else:
                logger.debug("connection succeeded: %s", descr)
                break
    
        if not rv:
            last_ex = conn_errors[-1][0]
            if len(conn_errors) == 1:
                raise last_ex.with_traceback(None)
    
            # Create a new exception with the same type as the last one, containing
            # all attempt errors while preserving backward compatibility.
            lines = [str(last_ex)]
            lines.append("Multiple connection attempts failed. All failures were:")
            lines.extend((f"- {descr}: {error}" for error, descr in conn_errors))
>           raise type(last_ex)("\n".join(lines)).with_traceback(None)
E           django.db.utils.OperationalError: connection failed: connection to server at "127.0.0.1", port 5432 failed: FATAL:  la autentificaci\ufffdn password fall\ufffd para el usuario \ufffdpostgres\ufffd
E           Multiple connection attempts failed. All failures were:
E           - host: 'localhost', port: '5432', hostaddr: '::1': connection failed: connection to server at "::1", port 5432 failed: FATAL:  la autentificaci\ufffdn password fall\ufffd para el usuario \ufffdpostgres\ufffd
E           - host: 'localhost', port: '5432', hostaddr: '127.0.0.1': connection failed: connection to server at "127.0.0.1", port 5432 failed: FATAL:  la autentificaci\ufffdn password fall\ufffd para el usuario \ufffdpostgres\ufffd

..\..\..\AppData\Roaming\Python\Python313\site-packages\psycopg\connection.py:127: OperationalError

During handling of the above exception, another exception occurred:

self = <DatabaseWrapper vendor='postgresql' alias='default'>

    @async_unsafe
    def ensure_connection(self):
        """Guarantee that a connection to the database is established."""
        if self.connection is None:
            if self.in_atomic_block and self.closed_in_transaction:
                raise ProgrammingError(
                    "Cannot open a new connection in an atomic block."
                )
            with self.wrap_database_errors:
>               self.connect()

..\..\..\AppData\Roaming\Python\Python313\site-packages\django\db\backends\base\base.py:279: 
_ _ _ _ _ _ _ _ _ _ _ _ _ _ _ _ _ _ _ _ _ _ _ _ _ _ _ _ _ _ _ _ _ _ _ _ _ _ _ _
..\..\..\AppData\Roaming\Python\Python313\site-packages\django\utils\asyncio.py:26: in inner
    return func(*args, **kwargs)
..\..\..\AppData\Roaming\Python\Python313\site-packages\django\db\backends\base\base.py:256: in connect
    self.connection = self.get_new_connection(conn_params)
..\..\..\AppData\Roaming\Python\Python313\site-packages\django\utils\asyncio.py:26: in inner
    return func(*args, **kwargs)
..\..\..\AppData\Roaming\Python\Python313\site-packages\django\db\backends\postgresql\base.py:332: in get_new_connection
    connection = self.Database.connect(**conn_params)
_ _ _ _ _ _ _ _ _ _ _ _ _ _ _ _ _ _ _ _ _ _ _ _ _ _ _ _ _ _ _ _ _ _ _ _ _ _ _ _

cls = <class 'psycopg.Connection'>
conninfo = 'dbname=ruffles_db client_encoding=UTF8 user=postgres password=postgres host=localhost port=5432 hostaddr=127.0.0.1'
autocommit = False, prepare_threshold = None
context = <psycopg.adapt.AdaptersMap object at 0x000001CEB3E42350>
row_factory = None
cursor_factory = <class 'django.db.backends.postgresql.base.Cursor'>
kwargs = {'client_encoding': 'UTF8', 'dbname': 'ruffles_db', 'host': 'localhost', 'password': 'postgres', ...}
params = {'client_encoding': 'UTF8', 'dbname': 'ruffles_db', 'host': 'localhost', 'password': 'postgres', ...}
timeout = 130

    @classmethod
    def connect(
        cls,
        conninfo: str = "",
        *,
        autocommit: bool = False,
        prepare_threshold: int | None = 5,
        context: AdaptContext | None = None,
        row_factory: RowFactory[Row] | None = None,
        cursor_factory: type[Cursor[Row]] | None = None,
        **kwargs: ConnParam,
    ) -> Self:
        """
        Connect to a database server and return a new `Connection` instance.
        """
    
        params = cls._get_connection_params(conninfo, **kwargs)
        timeout = timeout_from_conninfo(params)
        rv = None
        attempts = conninfo_attempts(params)
        conn_errors: list[tuple[e.Error, str]] = []
        for attempt in attempts:
            tdescr = (attempt.get("host"), attempt.get("port"), attempt.get("hostaddr"))
            descr = "host: %r, port: %r, hostaddr: %r" % tdescr
            logger.debug("connection attempt: %s", descr)
            try:
                conninfo = make_conninfo("", **attempt)
                gen = cls._connect_gen(conninfo, timeout=timeout)
                rv = waiting.wait_conn(gen, interval=_WAIT_INTERVAL)
            except e.Error as ex:
                logger.debug("connection failed: %s: %s", descr, str(ex))
                conn_errors.append((ex, descr))
            except e._NO_TRACEBACK as ex:
                raise ex.with_traceback(None)
            else:
                logger.debug("connection succeeded: %s", descr)
                break
    
        if not rv:
            last_ex = conn_errors[-1][0]
            if len(conn_errors) == 1:
                raise last_ex.with_traceback(None)
    
            # Create a new exception with the same type as the last one, containing
            # all attempt errors while preserving backward compatibility.
            lines = [str(last_ex)]
            lines.append("Multiple connection attempts failed. All failures were:")
            lines.extend((f"- {descr}: {error}" for error, descr in conn_errors))
>           raise type(last_ex)("\n".join(lines)).with_traceback(None)
E           psycopg.OperationalError: connection failed: connection to server at "127.0.0.1", port 5432 failed: FATAL:  la autentificaci\ufffdn password fall\ufffd para el usuario \ufffdpostgres\ufffd
E           Multiple connection attempts failed. All failures were:
E           - host: 'localhost', port: '5432', hostaddr: '::1': connection failed: connection to server at "::1", port 5432 failed: FATAL:  la autentificaci\ufffdn password fall\ufffd para el usuario \ufffdpostgres\ufffd
E           - host: 'localhost', port: '5432', hostaddr: '127.0.0.1': connection failed: connection to server at "127.0.0.1", port 5432 failed: FATAL:  la autentificaci\ufffdn password fall\ufffd para el usuario \ufffdpostgres\ufffd

..\..\..\AppData\Roaming\Python\Python313\site-packages\psycopg\connection.py:127: OperationalError

The above exception was the direct cause of the following exception:

request = <SubRequest 'django_db_setup' for <Function test_login_success_returns_jwt>>
django_test_environment = None
django_db_blocker = <pytest_django.plugin.DjangoDbBlocker object at 0x000001CEB17F0050>
django_db_use_migrations = True, django_db_keepdb = False
django_db_createdb = False, django_db_modify_db_settings = None

    @pytest.fixture(scope="session")
    def django_db_setup(
        request: pytest.FixtureRequest,
        django_test_environment: None,
        django_db_blocker: DjangoDbBlocker,
        django_db_use_migrations: bool,
        django_db_keepdb: bool,
        django_db_createdb: bool,
        django_db_modify_db_settings: None,
    ) -> Generator[None, None, None]:
        """Top level fixture to ensure test databases are available"""
        from django.test.utils import setup_databases, teardown_databases
    
        setup_databases_args = {}
    
        if not django_db_use_migrations:
            _disable_migrations()
    
        if django_db_keepdb and not django_db_createdb:
            setup_databases_args["keepdb"] = True
    
        with django_db_blocker.unblock():
>           db_cfg = setup_databases(
                verbosity=request.config.option.verbose,
                interactive=False,
                **setup_databases_args,
            )

..\..\..\AppData\Roaming\Python\Python313\site-packages\pytest_django\fixtures.py:140: 
_ _ _ _ _ _ _ _ _ _ _ _ _ _ _ _ _ _ _ _ _ _ _ _ _ _ _ _ _ _ _ _ _ _ _ _ _ _ _ _
..\..\..\AppData\Roaming\Python\Python313\site-packages\django\test\utils.py:204: in setup_databases
    connection.creation.create_test_db(
..\..\..\AppData\Roaming\Python\Python313\site-packages\django\db\backends\base\creation.py:62: in create_test_db
    self._create_test_db(verbosity, autoclobber, keepdb)
..\..\..\AppData\Roaming\Python\Python313\site-packages\django\db\backends\base\creation.py:202: in _create_test_db
    with self._nodb_cursor() as cursor:
C:\Python313\Lib\contextlib.py:141: in __enter__
    return next(self.gen)
..\..\..\AppData\Roaming\Python\Python313\site-packages\django\db\backends\postgresql\base.py:533: in _nodb_cursor
    with conn.cursor() as cursor:
..\..\..\AppData\Roaming\Python\Python313\site-packages\django\utils\asyncio.py:26: in inner
    return func(*args, **kwargs)
..\..\..\AppData\Roaming\Python\Python313\site-packages\django\db\backends\base\base.py:320: in cursor
    return self._cursor()
..\..\..\AppData\Roaming\Python\Python313\site-packages\django\db\backends\base\base.py:296: in _cursor
    self.ensure_connection()
..\..\..\AppData\Roaming\Python\Python313\site-packages\django\utils\asyncio.py:26: in inner
    return func(*args, **kwargs)
..\..\..\AppData\Roaming\Python\Python313\site-packages\django\db\backends\base\base.py:278: in ensure_connection
    with self.wrap_database_errors:
..\..\..\AppData\Roaming\Python\Python313\site-packages\django\db\utils.py:91: in __exit__
    raise dj_exc_value.with_traceback(traceback) from exc_value
..\..\..\AppData\Roaming\Python\Python313\site-packages\django\db\backends\base\base.py:279: in ensure_connection
    self.connect()
..\..\..\AppData\Roaming\Python\Python313\site-packages\django\utils\asyncio.py:26: in inner
    return func(*args, **kwargs)
..\..\..\AppData\Roaming\Python\Python313\site-packages\django\db\backends\base\base.py:256: in connect
    self.connection = self.get_new_connection(conn_params)
..\..\..\AppData\Roaming\Python\Python313\site-packages\django\utils\asyncio.py:26: in inner
    return func(*args, **kwargs)
..\..\..\AppData\Roaming\Python\Python313\site-packages\django\db\backends\postgresql\base.py:332: in get_new_connection
    connection = self.Database.connect(**conn_params)
_ _ _ _ _ _ _ _ _ _ _ _ _ _ _ _ _ _ _ _ _ _ _ _ _ _ _ _ _ _ _ _ _ _ _ _ _ _ _ _

cls = <class 'psycopg.Connection'>
conninfo = 'dbname=ruffles_db client_encoding=UTF8 user=postgres password=postgres host=localhost port=5432 hostaddr=127.0.0.1'
autocommit = False, prepare_threshold = None
context = <psycopg.adapt.AdaptersMap object at 0x000001CEB3E42350>
row_factory = None
cursor_factory = <class 'django.db.backends.postgresql.base.Cursor'>
kwargs = {'client_encoding': 'UTF8', 'dbname': 'ruffles_db', 'host': 'localhost', 'password': 'postgres', ...}
params = {'client_encoding': 'UTF8', 'dbname': 'ruffles_db', 'host': 'localhost', 'password': 'postgres', ...}
timeout = 130

    @classmethod
    def connect(
        cls,
        conninfo: str = "",
        *,
        autocommit: bool = False,
        prepare_threshold: int | None = 5,
        context: AdaptContext | None = None,
        row_factory: RowFactory[Row] | None = None,
        cursor_factory: type[Cursor[Row]] | None = None,
        **kwargs: ConnParam,
    ) -> Self:
        """
        Connect to a database server and return a new `Connection` instance.
        """
    
        params = cls._get_connection_params(conninfo, **kwargs)
        timeout = timeout_from_conninfo(params)
        rv = None
        attempts = conninfo_attempts(params)
        conn_errors: list[tuple[e.Error, str]] = []
        for attempt in attempts:
            tdescr = (attempt.get("host"), attempt.get("port"), attempt.get("hostaddr"))
            descr = "host: %r, port: %r, hostaddr: %r" % tdescr
            logger.debug("connection attempt: %s", descr)
            try:
                conninfo = make_conninfo("", **attempt)
                gen = cls._connect_gen(conninfo, timeout=timeout)
                rv = waiting.wait_conn(gen, interval=_WAIT_INTERVAL)
            except e.Error as ex:
                logger.debug("connection failed: %s: %s", descr, str(ex))
                conn_errors.append((ex, descr))
            except e._NO_TRACEBACK as ex:
                raise ex.with_traceback(None)
            else:
                logger.debug("connection succeeded: %s", descr)
                break
    
        if not rv:
            last_ex = conn_errors[-1][0]
            if len(conn_errors) == 1:
                raise last_ex.with_traceback(None)
    
            # Create a new exception with the same type as the last one, containing
            # all attempt errors while preserving backward compatibility.
            lines = [str(last_ex)]
            lines.append("Multiple connection attempts failed. All failures were:")
            lines.extend((f"- {descr}: {error}" for error, descr in conn_errors))
>           raise type(last_ex)("\n".join(lines)).with_traceback(None)
E           django.db.utils.OperationalError: connection failed: connection to server at "127.0.0.1", port 5432 failed: FATAL:  la autentificaci\ufffdn password fall\ufffd para el usuario \ufffdpostgres\ufffd
E           Multiple connection attempts failed. All failures were:
E           - host: 'localhost', port: '5432', hostaddr: '::1': connection failed: connection to server at "::1", port 5432 failed: FATAL:  la autentificaci\ufffdn password fall\ufffd para el usuario \ufffdpostgres\ufffd
E           - host: 'localhost', port: '5432', hostaddr: '127.0.0.1': connection failed: connection to server at "127.0.0.1", port 5432 failed: FATAL:  la autentificaci\ufffdn password fall\ufffd para el usuario \ufffdpostgres\ufffd

..\..\..\AppData\Roaming\Python\Python313\site-packages\psycopg\connection.py:127: OperationalError
__ ERROR at setup of TestRaffleAvailability.test_includes_purchase_metadata ___

self = <DatabaseWrapper vendor='postgresql' alias='__no_db__'>

    @async_unsafe
    def ensure_connection(self):
        """Guarantee that a connection to the database is established."""
        if self.connection is None:
            if self.in_atomic_block and self.closed_in_transaction:
                raise ProgrammingError(
                    "Cannot open a new connection in an atomic block."
                )
            with self.wrap_database_errors:
>               self.connect()

..\..\..\AppData\Roaming\Python\Python313\site-packages\django\db\backends\base\base.py:279: 
_ _ _ _ _ _ _ _ _ _ _ _ _ _ _ _ _ _ _ _ _ _ _ _ _ _ _ _ _ _ _ _ _ _ _ _ _ _ _ _
..\..\..\AppData\Roaming\Python\Python313\site-packages\django\utils\asyncio.py:26: in inner
    return func(*args, **kwargs)
..\..\..\AppData\Roaming\Python\Python313\site-packages\django\db\backends\base\base.py:256: in connect
    self.connection = self.get_new_connection(conn_params)
..\..\..\AppData\Roaming\Python\Python313\site-packages\django\utils\asyncio.py:26: in inner
    return func(*args, **kwargs)
..\..\..\AppData\Roaming\Python\Python313\site-packages\django\db\backends\postgresql\base.py:332: in get_new_connection
    connection = self.Database.connect(**conn_params)
_ _ _ _ _ _ _ _ _ _ _ _ _ _ _ _ _ _ _ _ _ _ _ _ _ _ _ _ _ _ _ _ _ _ _ _ _ _ _ _

cls = <class 'psycopg.Connection'>
conninfo = 'dbname=postgres client_encoding=UTF8 user=postgres password=postgres host=localhost port=5432 hostaddr=127.0.0.1'
autocommit = False, prepare_threshold = None
context = <psycopg.adapt.AdaptersMap object at 0x000001CEB3E42350>
row_factory = None
cursor_factory = <class 'django.db.backends.postgresql.base.Cursor'>
kwargs = {'client_encoding': 'UTF8', 'dbname': 'postgres', 'host': 'localhost', 'password': 'postgres', ...}
params = {'client_encoding': 'UTF8', 'dbname': 'postgres', 'host': 'localhost', 'password': 'postgres', ...}
timeout = 130

    @classmethod
    def connect(
        cls,
        conninfo: str = "",
        *,
        autocommit: bool = False,
        prepare_threshold: int | None = 5,
        context: AdaptContext | None = None,
        row_factory: RowFactory[Row] | None = None,
        cursor_factory: type[Cursor[Row]] | None = None,
        **kwargs: ConnParam,
    ) -> Self:
        """
        Connect to a database server and return a new `Connection` instance.
        """
    
        params = cls._get_connection_params(conninfo, **kwargs)
        timeout = timeout_from_conninfo(params)
        rv = None
        attempts = conninfo_attempts(params)
        conn_errors: list[tuple[e.Error, str]] = []
        for attempt in attempts:
            tdescr = (attempt.get("host"), attempt.get("port"), attempt.get("hostaddr"))
            descr = "host: %r, port: %r, hostaddr: %r" % tdescr
            logger.debug("connection attempt: %s", descr)
            try:
                conninfo = make_conninfo("", **attempt)
                gen = cls._connect_gen(conninfo, timeout=timeout)
                rv = waiting.wait_conn(gen, interval=_WAIT_INTERVAL)
            except e.Error as ex:
                logger.debug("connection failed: %s: %s", descr, str(ex))
                conn_errors.append((ex, descr))
            except e._NO_TRACEBACK as ex:
                raise ex.with_traceback(None)
            else:
                logger.debug("connection succeeded: %s", descr)
                break
    
        if not rv:
            last_ex = conn_errors[-1][0]
            if len(conn_errors) == 1:
                raise last_ex.with_traceback(None)
    
            # Create a new exception with the same type as the last one, containing
            # all attempt errors while preserving backward compatibility.
            lines = [str(last_ex)]
            lines.append("Multiple connection attempts failed. All failures were:")
            lines.extend((f"- {descr}: {error}" for error, descr in conn_errors))
>           raise type(last_ex)("\n".join(lines)).with_traceback(None)
E           psycopg.OperationalError: connection failed: connection to server at "127.0.0.1", port 5432 failed: FATAL:  la autentificaci\ufffdn password fall\ufffd para el usuario \ufffdpostgres\ufffd
E           Multiple connection attempts failed. All failures were:
E           - host: 'localhost', port: '5432', hostaddr: '::1': connection failed: connection to server at "::1", port 5432 failed: FATAL:  la autentificaci\ufffdn password fall\ufffd para el usuario \ufffdpostgres\ufffd
E           - host: 'localhost', port: '5432', hostaddr: '127.0.0.1': connection failed: connection to server at "127.0.0.1", port 5432 failed: FATAL:  la autentificaci\ufffdn password fall\ufffd para el usuario \ufffdpostgres\ufffd

..\..\..\AppData\Roaming\Python\Python313\site-packages\psycopg\connection.py:127: OperationalError

The above exception was the direct cause of the following exception:

self = <DatabaseWrapper vendor='postgresql' alias='default'>

    @contextmanager
    def _nodb_cursor(self):
        cursor = None
        try:
>           with super()._nodb_cursor() as cursor:

..\..\..\AppData\Roaming\Python\Python313\site-packages\django\db\backends\postgresql\base.py:507: 
_ _ _ _ _ _ _ _ _ _ _ _ _ _ _ _ _ _ _ _ _ _ _ _ _ _ _ _ _ _ _ _ _ _ _ _ _ _ _ _
C:\Python313\Lib\contextlib.py:141: in __enter__
    return next(self.gen)
..\..\..\AppData\Roaming\Python\Python313\site-packages\django\db\backends\base\base.py:712: in _nodb_cursor
    with conn.cursor() as cursor:
..\..\..\AppData\Roaming\Python\Python313\site-packages\django\utils\asyncio.py:26: in inner
    return func(*args, **kwargs)
..\..\..\AppData\Roaming\Python\Python313\site-packages\django\db\backends\base\base.py:320: in cursor
    return self._cursor()
..\..\..\AppData\Roaming\Python\Python313\site-packages\django\db\backends\base\base.py:296: in _cursor
    self.ensure_connection()
..\..\..\AppData\Roaming\Python\Python313\site-packages\django\utils\asyncio.py:26: in inner
    return func(*args, **kwargs)
..\..\..\AppData\Roaming\Python\Python313\site-packages\django\db\backends\base\base.py:278: in ensure_connection
    with self.wrap_database_errors:
..\..\..\AppData\Roaming\Python\Python313\site-packages\django\db\utils.py:91: in __exit__
    raise dj_exc_value.with_traceback(traceback) from exc_value
..\..\..\AppData\Roaming\Python\Python313\site-packages\django\db\backends\base\base.py:279: in ensure_connection
    self.connect()
..\..\..\AppData\Roaming\Python\Python313\site-packages\django\utils\asyncio.py:26: in inner
    return func(*args, **kwargs)
..\..\..\AppData\Roaming\Python\Python313\site-packages\django\db\backends\base\base.py:256: in connect
    self.connection = self.get_new_connection(conn_params)
..\..\..\AppData\Roaming\Python\Python313\site-packages\django\utils\asyncio.py:26: in inner
    return func(*args, **kwargs)
..\..\..\AppData\Roaming\Python\Python313\site-packages\django\db\backends\postgresql\base.py:332: in get_new_connection
    connection = self.Database.connect(**conn_params)
_ _ _ _ _ _ _ _ _ _ _ _ _ _ _ _ _ _ _ _ _ _ _ _ _ _ _ _ _ _ _ _ _ _ _ _ _ _ _ _

cls = <class 'psycopg.Connection'>
conninfo = 'dbname=postgres client_encoding=UTF8 user=postgres password=postgres host=localhost port=5432 hostaddr=127.0.0.1'
autocommit = False, prepare_threshold = None
context = <psycopg.adapt.AdaptersMap object at 0x000001CEB3E42350>
row_factory = None
cursor_factory = <class 'django.db.backends.postgresql.base.Cursor'>
kwargs = {'client_encoding': 'UTF8', 'dbname': 'postgres', 'host': 'localhost', 'password': 'postgres', ...}
params = {'client_encoding': 'UTF8', 'dbname': 'postgres', 'host': 'localhost', 'password': 'postgres', ...}
timeout = 130

    @classmethod
    def connect(
        cls,
        conninfo: str = "",
        *,
        autocommit: bool = False,
        prepare_threshold: int | None = 5,
        context: AdaptContext | None = None,
        row_factory: RowFactory[Row] | None = None,
        cursor_factory: type[Cursor[Row]] | None = None,
        **kwargs: ConnParam,
    ) -> Self:
        """
        Connect to a database server and return a new `Connection` instance.
        """
    
        params = cls._get_connection_params(conninfo, **kwargs)
        timeout = timeout_from_conninfo(params)
        rv = None
        attempts = conninfo_attempts(params)
        conn_errors: list[tuple[e.Error, str]] = []
        for attempt in attempts:
            tdescr = (attempt.get("host"), attempt.get("port"), attempt.get("hostaddr"))
            descr = "host: %r, port: %r, hostaddr: %r" % tdescr
            logger.debug("connection attempt: %s", descr)
            try:
                conninfo = make_conninfo("", **attempt)
                gen = cls._connect_gen(conninfo, timeout=timeout)
                rv = waiting.wait_conn(gen, interval=_WAIT_INTERVAL)
            except e.Error as ex:
                logger.debug("connection failed: %s: %s", descr, str(ex))
                conn_errors.append((ex, descr))
            except e._NO_TRACEBACK as ex:
                raise ex.with_traceback(None)
            else:
                logger.debug("connection succeeded: %s", descr)
                break
    
        if not rv:
            last_ex = conn_errors[-1][0]
            if len(conn_errors) == 1:
                raise last_ex.with_traceback(None)
    
            # Create a new exception with the same type as the last one, containing
            # all attempt errors while preserving backward compatibility.
            lines = [str(last_ex)]
            lines.append("Multiple connection attempts failed. All failures were:")
            lines.extend((f"- {descr}: {error}" for error, descr in conn_errors))
>           raise type(last_ex)("\n".join(lines)).with_traceback(None)
E           django.db.utils.OperationalError: connection failed: connection to server at "127.0.0.1", port 5432 failed: FATAL:  la autentificaci\ufffdn password fall\ufffd para el usuario \ufffdpostgres\ufffd
E           Multiple connection attempts failed. All failures were:
E           - host: 'localhost', port: '5432', hostaddr: '::1': connection failed: connection to server at "::1", port 5432 failed: FATAL:  la autentificaci\ufffdn password fall\ufffd para el usuario \ufffdpostgres\ufffd
E           - host: 'localhost', port: '5432', hostaddr: '127.0.0.1': connection failed: connection to server at "127.0.0.1", port 5432 failed: FATAL:  la autentificaci\ufffdn password fall\ufffd para el usuario \ufffdpostgres\ufffd

..\..\..\AppData\Roaming\Python\Python313\site-packages\psycopg\connection.py:127: OperationalError

During handling of the above exception, another exception occurred:

self = <DatabaseWrapper vendor='postgresql' alias='default'>

    @async_unsafe
    def ensure_connection(self):
        """Guarantee that a connection to the database is established."""
        if self.connection is None:
            if self.in_atomic_block and self.closed_in_transaction:
                raise ProgrammingError(
                    "Cannot open a new connection in an atomic block."
                )
            with self.wrap_database_errors:
>               self.connect()

..\..\..\AppData\Roaming\Python\Python313\site-packages\django\db\backends\base\base.py:279: 
_ _ _ _ _ _ _ _ _ _ _ _ _ _ _ _ _ _ _ _ _ _ _ _ _ _ _ _ _ _ _ _ _ _ _ _ _ _ _ _
..\..\..\AppData\Roaming\Python\Python313\site-packages\django\utils\asyncio.py:26: in inner
    return func(*args, **kwargs)
..\..\..\AppData\Roaming\Python\Python313\site-packages\django\db\backends\base\base.py:256: in connect
    self.connection = self.get_new_connection(conn_params)
..\..\..\AppData\Roaming\Python\Python313\site-packages\django\utils\asyncio.py:26: in inner
    return func(*args, **kwargs)
..\..\..\AppData\Roaming\Python\Python313\site-packages\django\db\backends\postgresql\base.py:332: in get_new_connection
    connection = self.Database.connect(**conn_params)
_ _ _ _ _ _ _ _ _ _ _ _ _ _ _ _ _ _ _ _ _ _ _ _ _ _ _ _ _ _ _ _ _ _ _ _ _ _ _ _

cls = <class 'psycopg.Connection'>
conninfo = 'dbname=ruffles_db client_encoding=UTF8 user=postgres password=postgres host=localhost port=5432 hostaddr=127.0.0.1'
autocommit = False, prepare_threshold = None
context = <psycopg.adapt.AdaptersMap object at 0x000001CEB3E42350>
row_factory = None
cursor_factory = <class 'django.db.backends.postgresql.base.Cursor'>
kwargs = {'client_encoding': 'UTF8', 'dbname': 'ruffles_db', 'host': 'localhost', 'password': 'postgres', ...}
params = {'client_encoding': 'UTF8', 'dbname': 'ruffles_db', 'host': 'localhost', 'password': 'postgres', ...}
timeout = 130

    @classmethod
    def connect(
        cls,
        conninfo: str = "",
        *,
        autocommit: bool = False,
        prepare_threshold: int | None = 5,
        context: AdaptContext | None = None,
        row_factory: RowFactory[Row] | None = None,
        cursor_factory: type[Cursor[Row]] | None = None,
        **kwargs: ConnParam,
    ) -> Self:
        """
        Connect to a database server and return a new `Connection` instance.
        """
    
        params = cls._get_connection_params(conninfo, **kwargs)
        timeout = timeout_from_conninfo(params)
        rv = None
        attempts = conninfo_attempts(params)
        conn_errors: list[tuple[e.Error, str]] = []
        for attempt in attempts:
            tdescr = (attempt.get("host"), attempt.get("port"), attempt.get("hostaddr"))
            descr = "host: %r, port: %r, hostaddr: %r" % tdescr
            logger.debug("connection attempt: %s", descr)
            try:
                conninfo = make_conninfo("", **attempt)
                gen = cls._connect_gen(conninfo, timeout=timeout)
                rv = waiting.wait_conn(gen, interval=_WAIT_INTERVAL)
            except e.Error as ex:
                logger.debug("connection failed: %s: %s", descr, str(ex))
                conn_errors.append((ex, descr))
            except e._NO_TRACEBACK as ex:
                raise ex.with_traceback(None)
            else:
                logger.debug("connection succeeded: %s", descr)
                break
    
        if not rv:
            last_ex = conn_errors[-1][0]
            if len(conn_errors) == 1:
                raise last_ex.with_traceback(None)
    
            # Create a new exception with the same type as the last one, containing
            # all attempt errors while preserving backward compatibility.
            lines = [str(last_ex)]
            lines.append("Multiple connection attempts failed. All failures were:")
            lines.extend((f"- {descr}: {error}" for error, descr in conn_errors))
>           raise type(last_ex)("\n".join(lines)).with_traceback(None)
E           psycopg.OperationalError: connection failed: connection to server at "127.0.0.1", port 5432 failed: FATAL:  la autentificaci\ufffdn password fall\ufffd para el usuario \ufffdpostgres\ufffd
E           Multiple connection attempts failed. All failures were:
E           - host: 'localhost', port: '5432', hostaddr: '::1': connection failed: connection to server at "::1", port 5432 failed: FATAL:  la autentificaci\ufffdn password fall\ufffd para el usuario \ufffdpostgres\ufffd
E           - host: 'localhost', port: '5432', hostaddr: '127.0.0.1': connection failed: connection to server at "127.0.0.1", port 5432 failed: FATAL:  la autentificaci\ufffdn password fall\ufffd para el usuario \ufffdpostgres\ufffd

..\..\..\AppData\Roaming\Python\Python313\site-packages\psycopg\connection.py:127: OperationalError

The above exception was the direct cause of the following exception:

request = <SubRequest 'django_db_setup' for <Function test_login_success_returns_jwt>>
django_test_environment = None
django_db_blocker = <pytest_django.plugin.DjangoDbBlocker object at 0x000001CEB17F0050>
django_db_use_migrations = True, django_db_keepdb = False
django_db_createdb = False, django_db_modify_db_settings = None

    @pytest.fixture(scope="session")
    def django_db_setup(
        request: pytest.FixtureRequest,
        django_test_environment: None,
        django_db_blocker: DjangoDbBlocker,
        django_db_use_migrations: bool,
        django_db_keepdb: bool,
        django_db_createdb: bool,
        django_db_modify_db_settings: None,
    ) -> Generator[None, None, None]:
        """Top level fixture to ensure test databases are available"""
        from django.test.utils import setup_databases, teardown_databases
    
        setup_databases_args = {}
    
        if not django_db_use_migrations:
            _disable_migrations()
    
        if django_db_keepdb and not django_db_createdb:
            setup_databases_args["keepdb"] = True
    
        with django_db_blocker.unblock():
>           db_cfg = setup_databases(
                verbosity=request.config.option.verbose,
                interactive=False,
                **setup_databases_args,
            )

..\..\..\AppData\Roaming\Python\Python313\site-packages\pytest_django\fixtures.py:140: 
_ _ _ _ _ _ _ _ _ _ _ _ _ _ _ _ _ _ _ _ _ _ _ _ _ _ _ _ _ _ _ _ _ _ _ _ _ _ _ _
..\..\..\AppData\Roaming\Python\Python313\site-packages\django\test\utils.py:204: in setup_databases
    connection.creation.create_test_db(
..\..\..\AppData\Roaming\Python\Python313\site-packages\django\db\backends\base\creation.py:62: in create_test_db
    self._create_test_db(verbosity, autoclobber, keepdb)
..\..\..\AppData\Roaming\Python\Python313\site-packages\django\db\backends\base\creation.py:202: in _create_test_db
    with self._nodb_cursor() as cursor:
C:\Python313\Lib\contextlib.py:141: in __enter__
    return next(self.gen)
..\..\..\AppData\Roaming\Python\Python313\site-packages\django\db\backends\postgresql\base.py:533: in _nodb_cursor
    with conn.cursor() as cursor:
..\..\..\AppData\Roaming\Python\Python313\site-packages\django\utils\asyncio.py:26: in inner
    return func(*args, **kwargs)
..\..\..\AppData\Roaming\Python\Python313\site-packages\django\db\backends\base\base.py:320: in cursor
    return self._cursor()
..\..\..\AppData\Roaming\Python\Python313\site-packages\django\db\backends\base\base.py:296: in _cursor
    self.ensure_connection()
..\..\..\AppData\Roaming\Python\Python313\site-packages\django\utils\asyncio.py:26: in inner
    return func(*args, **kwargs)
..\..\..\AppData\Roaming\Python\Python313\site-packages\django\db\backends\base\base.py:278: in ensure_connection
    with self.wrap_database_errors:
..\..\..\AppData\Roaming\Python\Python313\site-packages\django\db\utils.py:91: in __exit__
    raise dj_exc_value.with_traceback(traceback) from exc_value
..\..\..\AppData\Roaming\Python\Python313\site-packages\django\db\backends\base\base.py:279: in ensure_connection
    self.connect()
..\..\..\AppData\Roaming\Python\Python313\site-packages\django\utils\asyncio.py:26: in inner
    return func(*args, **kwargs)
..\..\..\AppData\Roaming\Python\Python313\site-packages\django\db\backends\base\base.py:256: in connect
    self.connection = self.get_new_connection(conn_params)
..\..\..\AppData\Roaming\Python\Python313\site-packages\django\utils\asyncio.py:26: in inner
    return func(*args, **kwargs)
..\..\..\AppData\Roaming\Python\Python313\site-packages\django\db\backends\postgresql\base.py:332: in get_new_connection
    connection = self.Database.connect(**conn_params)
_ _ _ _ _ _ _ _ _ _ _ _ _ _ _ _ _ _ _ _ _ _ _ _ _ _ _ _ _ _ _ _ _ _ _ _ _ _ _ _

cls = <class 'psycopg.Connection'>
conninfo = 'dbname=ruffles_db client_encoding=UTF8 user=postgres password=postgres host=localhost port=5432 hostaddr=127.0.0.1'
autocommit = False, prepare_threshold = None
context = <psycopg.adapt.AdaptersMap object at 0x000001CEB3E42350>
row_factory = None
cursor_factory = <class 'django.db.backends.postgresql.base.Cursor'>
kwargs = {'client_encoding': 'UTF8', 'dbname': 'ruffles_db', 'host': 'localhost', 'password': 'postgres', ...}
params = {'client_encoding': 'UTF8', 'dbname': 'ruffles_db', 'host': 'localhost', 'password': 'postgres', ...}
timeout = 130

    @classmethod
    def connect(
        cls,
        conninfo: str = "",
        *,
        autocommit: bool = False,
        prepare_threshold: int | None = 5,
        context: AdaptContext | None = None,
        row_factory: RowFactory[Row] | None = None,
        cursor_factory: type[Cursor[Row]] | None = None,
        **kwargs: ConnParam,
    ) -> Self:
        """
        Connect to a database server and return a new `Connection` instance.
        """
    
        params = cls._get_connection_params(conninfo, **kwargs)
        timeout = timeout_from_conninfo(params)
        rv = None
        attempts = conninfo_attempts(params)
        conn_errors: list[tuple[e.Error, str]] = []
        for attempt in attempts:
            tdescr = (attempt.get("host"), attempt.get("port"), attempt.get("hostaddr"))
            descr = "host: %r, port: %r, hostaddr: %r" % tdescr
            logger.debug("connection attempt: %s", descr)
            try:
                conninfo = make_conninfo("", **attempt)
                gen = cls._connect_gen(conninfo, timeout=timeout)
                rv = waiting.wait_conn(gen, interval=_WAIT_INTERVAL)
            except e.Error as ex:
                logger.debug("connection failed: %s: %s", descr, str(ex))
                conn_errors.append((ex, descr))
            except e._NO_TRACEBACK as ex:
                raise ex.with_traceback(None)
            else:
                logger.debug("connection succeeded: %s", descr)
                break
    
        if not rv:
            last_ex = conn_errors[-1][0]
            if len(conn_errors) == 1:
                raise last_ex.with_traceback(None)
    
            # Create a new exception with the same type as the last one, containing
            # all attempt errors while preserving backward compatibility.
            lines = [str(last_ex)]
            lines.append("Multiple connection attempts failed. All failures were:")
            lines.extend((f"- {descr}: {error}" for error, descr in conn_errors))
>           raise type(last_ex)("\n".join(lines)).with_traceback(None)
E           django.db.utils.OperationalError: connection failed: connection to server at "127.0.0.1", port 5432 failed: FATAL:  la autentificaci\ufffdn password fall\ufffd para el usuario \ufffdpostgres\ufffd
E           Multiple connection attempts failed. All failures were:
E           - host: 'localhost', port: '5432', hostaddr: '::1': connection failed: connection to server at "::1", port 5432 failed: FATAL:  la autentificaci\ufffdn password fall\ufffd para el usuario \ufffdpostgres\ufffd
E           - host: 'localhost', port: '5432', hostaddr: '127.0.0.1': connection failed: connection to server at "127.0.0.1", port 5432 failed: FATAL:  la autentificaci\ufffdn password fall\ufffd para el usuario \ufffdpostgres\ufffd

..\..\..\AppData\Roaming\Python\Python313\site-packages\psycopg\connection.py:127: OperationalError
____ ERROR at setup of TestRaffleAvailability.test_paid_overrides_reserved ____

self = <DatabaseWrapper vendor='postgresql' alias='__no_db__'>

    @async_unsafe
    def ensure_connection(self):
        """Guarantee that a connection to the database is established."""
        if self.connection is None:
            if self.in_atomic_block and self.closed_in_transaction:
                raise ProgrammingError(
                    "Cannot open a new connection in an atomic block."
                )
            with self.wrap_database_errors:
>               self.connect()

..\..\..\AppData\Roaming\Python\Python313\site-packages\django\db\backends\base\base.py:279: 
_ _ _ _ _ _ _ _ _ _ _ _ _ _ _ _ _ _ _ _ _ _ _ _ _ _ _ _ _ _ _ _ _ _ _ _ _ _ _ _
..\..\..\AppData\Roaming\Python\Python313\site-packages\django\utils\asyncio.py:26: in inner
    return func(*args, **kwargs)
..\..\..\AppData\Roaming\Python\Python313\site-packages\django\db\backends\base\base.py:256: in connect
    self.connection = self.get_new_connection(conn_params)
..\..\..\AppData\Roaming\Python\Python313\site-packages\django\utils\asyncio.py:26: in inner
    return func(*args, **kwargs)
..\..\..\AppData\Roaming\Python\Python313\site-packages\django\db\backends\postgresql\base.py:332: in get_new_connection
    connection = self.Database.connect(**conn_params)
_ _ _ _ _ _ _ _ _ _ _ _ _ _ _ _ _ _ _ _ _ _ _ _ _ _ _ _ _ _ _ _ _ _ _ _ _ _ _ _

cls = <class 'psycopg.Connection'>
conninfo = 'dbname=postgres client_encoding=UTF8 user=postgres password=postgres host=localhost port=5432 hostaddr=127.0.0.1'
autocommit = False, prepare_threshold = None
context = <psycopg.adapt.AdaptersMap object at 0x000001CEB3E42350>
row_factory = None
cursor_factory = <class 'django.db.backends.postgresql.base.Cursor'>
kwargs = {'client_encoding': 'UTF8', 'dbname': 'postgres', 'host': 'localhost', 'password': 'postgres', ...}
params = {'client_encoding': 'UTF8', 'dbname': 'postgres', 'host': 'localhost', 'password': 'postgres', ...}
timeout = 130

    @classmethod
    def connect(
        cls,
        conninfo: str = "",
        *,
        autocommit: bool = False,
        prepare_threshold: int | None = 5,
        context: AdaptContext | None = None,
        row_factory: RowFactory[Row] | None = None,
        cursor_factory: type[Cursor[Row]] | None = None,
        **kwargs: ConnParam,
    ) -> Self:
        """
        Connect to a database server and return a new `Connection` instance.
        """
    
        params = cls._get_connection_params(conninfo, **kwargs)
        timeout = timeout_from_conninfo(params)
        rv = None
        attempts = conninfo_attempts(params)
        conn_errors: list[tuple[e.Error, str]] = []
        for attempt in attempts:
            tdescr = (attempt.get("host"), attempt.get("port"), attempt.get("hostaddr"))
            descr = "host: %r, port: %r, hostaddr: %r" % tdescr
            logger.debug("connection attempt: %s", descr)
            try:
                conninfo = make_conninfo("", **attempt)
                gen = cls._connect_gen(conninfo, timeout=timeout)
                rv = waiting.wait_conn(gen, interval=_WAIT_INTERVAL)
            except e.Error as ex:
                logger.debug("connection failed: %s: %s", descr, str(ex))
                conn_errors.append((ex, descr))
            except e._NO_TRACEBACK as ex:
                raise ex.with_traceback(None)
            else:
                logger.debug("connection succeeded: %s", descr)
                break
    
        if not rv:
            last_ex = conn_errors[-1][0]
            if len(conn_errors) == 1:
                raise last_ex.with_traceback(None)
    
            # Create a new exception with the same type as the last one, containing
            # all attempt errors while preserving backward compatibility.
            lines = [str(last_ex)]
            lines.append("Multiple connection attempts failed. All failures were:")
            lines.extend((f"- {descr}: {error}" for error, descr in conn_errors))
>           raise type(last_ex)("\n".join(lines)).with_traceback(None)
E           psycopg.OperationalError: connection failed: connection to server at "127.0.0.1", port 5432 failed: FATAL:  la autentificaci\ufffdn password fall\ufffd para el usuario \ufffdpostgres\ufffd
E           Multiple connection attempts failed. All failures were:
E           - host: 'localhost', port: '5432', hostaddr: '::1': connection failed: connection to server at "::1", port 5432 failed: FATAL:  la autentificaci\ufffdn password fall\ufffd para el usuario \ufffdpostgres\ufffd
E           - host: 'localhost', port: '5432', hostaddr: '127.0.0.1': connection failed: connection to server at "127.0.0.1", port 5432 failed: FATAL:  la autentificaci\ufffdn password fall\ufffd para el usuario \ufffdpostgres\ufffd

..\..\..\AppData\Roaming\Python\Python313\site-packages\psycopg\connection.py:127: OperationalError

The above exception was the direct cause of the following exception:

self = <DatabaseWrapper vendor='postgresql' alias='default'>

    @contextmanager
    def _nodb_cursor(self):
        cursor = None
        try:
>           with super()._nodb_cursor() as cursor:

..\..\..\AppData\Roaming\Python\Python313\site-packages\django\db\backends\postgresql\base.py:507: 
_ _ _ _ _ _ _ _ _ _ _ _ _ _ _ _ _ _ _ _ _ _ _ _ _ _ _ _ _ _ _ _ _ _ _ _ _ _ _ _
C:\Python313\Lib\contextlib.py:141: in __enter__
    return next(self.gen)
..\..\..\AppData\Roaming\Python\Python313\site-packages\django\db\backends\base\base.py:712: in _nodb_cursor
    with conn.cursor() as cursor:
..\..\..\AppData\Roaming\Python\Python313\site-packages\django\utils\asyncio.py:26: in inner
    return func(*args, **kwargs)
..\..\..\AppData\Roaming\Python\Python313\site-packages\django\db\backends\base\base.py:320: in cursor
    return self._cursor()
..\..\..\AppData\Roaming\Python\Python313\site-packages\django\db\backends\base\base.py:296: in _cursor
    self.ensure_connection()
..\..\..\AppData\Roaming\Python\Python313\site-packages\django\utils\asyncio.py:26: in inner
    return func(*args, **kwargs)
..\..\..\AppData\Roaming\Python\Python313\site-packages\django\db\backends\base\base.py:278: in ensure_connection
    with self.wrap_database_errors:
..\..\..\AppData\Roaming\Python\Python313\site-packages\django\db\utils.py:91: in __exit__
    raise dj_exc_value.with_traceback(traceback) from exc_value
..\..\..\AppData\Roaming\Python\Python313\site-packages\django\db\backends\base\base.py:279: in ensure_connection
    self.connect()
..\..\..\AppData\Roaming\Python\Python313\site-packages\django\utils\asyncio.py:26: in inner
    return func(*args, **kwargs)
..\..\..\AppData\Roaming\Python\Python313\site-packages\django\db\backends\base\base.py:256: in connect
    self.connection = self.get_new_connection(conn_params)
..\..\..\AppData\Roaming\Python\Python313\site-packages\django\utils\asyncio.py:26: in inner
    return func(*args, **kwargs)
..\..\..\AppData\Roaming\Python\Python313\site-packages\django\db\backends\postgresql\base.py:332: in get_new_connection
    connection = self.Database.connect(**conn_params)
_ _ _ _ _ _ _ _ _ _ _ _ _ _ _ _ _ _ _ _ _ _ _ _ _ _ _ _ _ _ _ _ _ _ _ _ _ _ _ _

cls = <class 'psycopg.Connection'>
conninfo = 'dbname=postgres client_encoding=UTF8 user=postgres password=postgres host=localhost port=5432 hostaddr=127.0.0.1'
autocommit = False, prepare_threshold = None
context = <psycopg.adapt.AdaptersMap object at 0x000001CEB3E42350>
row_factory = None
cursor_factory = <class 'django.db.backends.postgresql.base.Cursor'>
kwargs = {'client_encoding': 'UTF8', 'dbname': 'postgres', 'host': 'localhost', 'password': 'postgres', ...}
params = {'client_encoding': 'UTF8', 'dbname': 'postgres', 'host': 'localhost', 'password': 'postgres', ...}
timeout = 130

    @classmethod
    def connect(
        cls,
        conninfo: str = "",
        *,
        autocommit: bool = False,
        prepare_threshold: int | None = 5,
        context: AdaptContext | None = None,
        row_factory: RowFactory[Row] | None = None,
        cursor_factory: type[Cursor[Row]] | None = None,
        **kwargs: ConnParam,
    ) -> Self:
        """
        Connect to a database server and return a new `Connection` instance.
        """
    
        params = cls._get_connection_params(conninfo, **kwargs)
        timeout = timeout_from_conninfo(params)
        rv = None
        attempts = conninfo_attempts(params)
        conn_errors: list[tuple[e.Error, str]] = []
        for attempt in attempts:
            tdescr = (attempt.get("host"), attempt.get("port"), attempt.get("hostaddr"))
            descr = "host: %r, port: %r, hostaddr: %r" % tdescr
            logger.debug("connection attempt: %s", descr)
            try:
                conninfo = make_conninfo("", **attempt)
                gen = cls._connect_gen(conninfo, timeout=timeout)
                rv = waiting.wait_conn(gen, interval=_WAIT_INTERVAL)
            except e.Error as ex:
                logger.debug("connection failed: %s: %s", descr, str(ex))
                conn_errors.append((ex, descr))
            except e._NO_TRACEBACK as ex:
                raise ex.with_traceback(None)
            else:
                logger.debug("connection succeeded: %s", descr)
                break
    
        if not rv:
            last_ex = conn_errors[-1][0]
            if len(conn_errors) == 1:
                raise last_ex.with_traceback(None)
    
            # Create a new exception with the same type as the last one, containing
            # all attempt errors while preserving backward compatibility.
            lines = [str(last_ex)]
            lines.append("Multiple connection attempts failed. All failures were:")
            lines.extend((f"- {descr}: {error}" for error, descr in conn_errors))
>           raise type(last_ex)("\n".join(lines)).with_traceback(None)
E           django.db.utils.OperationalError: connection failed: connection to server at "127.0.0.1", port 5432 failed: FATAL:  la autentificaci\ufffdn password fall\ufffd para el usuario \ufffdpostgres\ufffd
E           Multiple connection attempts failed. All failures were:
E           - host: 'localhost', port: '5432', hostaddr: '::1': connection failed: connection to server at "::1", port 5432 failed: FATAL:  la autentificaci\ufffdn password fall\ufffd para el usuario \ufffdpostgres\ufffd
E           - host: 'localhost', port: '5432', hostaddr: '127.0.0.1': connection failed: connection to server at "127.0.0.1", port 5432 failed: FATAL:  la autentificaci\ufffdn password fall\ufffd para el usuario \ufffdpostgres\ufffd

..\..\..\AppData\Roaming\Python\Python313\site-packages\psycopg\connection.py:127: OperationalError

During handling of the above exception, another exception occurred:

self = <DatabaseWrapper vendor='postgresql' alias='default'>

    @async_unsafe
    def ensure_connection(self):
        """Guarantee that a connection to the database is established."""
        if self.connection is None:
            if self.in_atomic_block and self.closed_in_transaction:
                raise ProgrammingError(
                    "Cannot open a new connection in an atomic block."
                )
            with self.wrap_database_errors:
>               self.connect()

..\..\..\AppData\Roaming\Python\Python313\site-packages\django\db\backends\base\base.py:279: 
_ _ _ _ _ _ _ _ _ _ _ _ _ _ _ _ _ _ _ _ _ _ _ _ _ _ _ _ _ _ _ _ _ _ _ _ _ _ _ _
..\..\..\AppData\Roaming\Python\Python313\site-packages\django\utils\asyncio.py:26: in inner
    return func(*args, **kwargs)
..\..\..\AppData\Roaming\Python\Python313\site-packages\django\db\backends\base\base.py:256: in connect
    self.connection = self.get_new_connection(conn_params)
..\..\..\AppData\Roaming\Python\Python313\site-packages\django\utils\asyncio.py:26: in inner
    return func(*args, **kwargs)
..\..\..\AppData\Roaming\Python\Python313\site-packages\django\db\backends\postgresql\base.py:332: in get_new_connection
    connection = self.Database.connect(**conn_params)
_ _ _ _ _ _ _ _ _ _ _ _ _ _ _ _ _ _ _ _ _ _ _ _ _ _ _ _ _ _ _ _ _ _ _ _ _ _ _ _

cls = <class 'psycopg.Connection'>
conninfo = 'dbname=ruffles_db client_encoding=UTF8 user=postgres password=postgres host=localhost port=5432 hostaddr=127.0.0.1'
autocommit = False, prepare_threshold = None
context = <psycopg.adapt.AdaptersMap object at 0x000001CEB3E42350>
row_factory = None
cursor_factory = <class 'django.db.backends.postgresql.base.Cursor'>
kwargs = {'client_encoding': 'UTF8', 'dbname': 'ruffles_db', 'host': 'localhost', 'password': 'postgres', ...}
params = {'client_encoding': 'UTF8', 'dbname': 'ruffles_db', 'host': 'localhost', 'password': 'postgres', ...}
timeout = 130

    @classmethod
    def connect(
        cls,
        conninfo: str = "",
        *,
        autocommit: bool = False,
        prepare_threshold: int | None = 5,
        context: AdaptContext | None = None,
        row_factory: RowFactory[Row] | None = None,
        cursor_factory: type[Cursor[Row]] | None = None,
        **kwargs: ConnParam,
    ) -> Self:
        """
        Connect to a database server and return a new `Connection` instance.
        """
    
        params = cls._get_connection_params(conninfo, **kwargs)
        timeout = timeout_from_conninfo(params)
        rv = None
        attempts = conninfo_attempts(params)
        conn_errors: list[tuple[e.Error, str]] = []
        for attempt in attempts:
            tdescr = (attempt.get("host"), attempt.get("port"), attempt.get("hostaddr"))
            descr = "host: %r, port: %r, hostaddr: %r" % tdescr
            logger.debug("connection attempt: %s", descr)
            try:
                conninfo = make_conninfo("", **attempt)
                gen = cls._connect_gen(conninfo, timeout=timeout)
                rv = waiting.wait_conn(gen, interval=_WAIT_INTERVAL)
            except e.Error as ex:
                logger.debug("connection failed: %s: %s", descr, str(ex))
                conn_errors.append((ex, descr))
            except e._NO_TRACEBACK as ex:
                raise ex.with_traceback(None)
            else:
                logger.debug("connection succeeded: %s", descr)
                break
    
        if not rv:
            last_ex = conn_errors[-1][0]
            if len(conn_errors) == 1:
                raise last_ex.with_traceback(None)
    
            # Create a new exception with the same type as the last one, containing
            # all attempt errors while preserving backward compatibility.
            lines = [str(last_ex)]
            lines.append("Multiple connection attempts failed. All failures were:")
            lines.extend((f"- {descr}: {error}" for error, descr in conn_errors))
>           raise type(last_ex)("\n".join(lines)).with_traceback(None)
E           psycopg.OperationalError: connection failed: connection to server at "127.0.0.1", port 5432 failed: FATAL:  la autentificaci\ufffdn password fall\ufffd para el usuario \ufffdpostgres\ufffd
E           Multiple connection attempts failed. All failures were:
E           - host: 'localhost', port: '5432', hostaddr: '::1': connection failed: connection to server at "::1", port 5432 failed: FATAL:  la autentificaci\ufffdn password fall\ufffd para el usuario \ufffdpostgres\ufffd
E           - host: 'localhost', port: '5432', hostaddr: '127.0.0.1': connection failed: connection to server at "127.0.0.1", port 5432 failed: FATAL:  la autentificaci\ufffdn password fall\ufffd para el usuario \ufffdpostgres\ufffd

..\..\..\AppData\Roaming\Python\Python313\site-packages\psycopg\connection.py:127: OperationalError

The above exception was the direct cause of the following exception:

request = <SubRequest 'django_db_setup' for <Function test_login_success_returns_jwt>>
django_test_environment = None
django_db_blocker = <pytest_django.plugin.DjangoDbBlocker object at 0x000001CEB17F0050>
django_db_use_migrations = True, django_db_keepdb = False
django_db_createdb = False, django_db_modify_db_settings = None

    @pytest.fixture(scope="session")
    def django_db_setup(
        request: pytest.FixtureRequest,
        django_test_environment: None,
        django_db_blocker: DjangoDbBlocker,
        django_db_use_migrations: bool,
        django_db_keepdb: bool,
        django_db_createdb: bool,
        django_db_modify_db_settings: None,
    ) -> Generator[None, None, None]:
        """Top level fixture to ensure test databases are available"""
        from django.test.utils import setup_databases, teardown_databases
    
        setup_databases_args = {}
    
        if not django_db_use_migrations:
            _disable_migrations()
    
        if django_db_keepdb and not django_db_createdb:
            setup_databases_args["keepdb"] = True
    
        with django_db_blocker.unblock():
>           db_cfg = setup_databases(
                verbosity=request.config.option.verbose,
                interactive=False,
                **setup_databases_args,
            )

..\..\..\AppData\Roaming\Python\Python313\site-packages\pytest_django\fixtures.py:140: 
_ _ _ _ _ _ _ _ _ _ _ _ _ _ _ _ _ _ _ _ _ _ _ _ _ _ _ _ _ _ _ _ _ _ _ _ _ _ _ _
..\..\..\AppData\Roaming\Python\Python313\site-packages\django\test\utils.py:204: in setup_databases
    connection.creation.create_test_db(
..\..\..\AppData\Roaming\Python\Python313\site-packages\django\db\backends\base\creation.py:62: in create_test_db
    self._create_test_db(verbosity, autoclobber, keepdb)
..\..\..\AppData\Roaming\Python\Python313\site-packages\django\db\backends\base\creation.py:202: in _create_test_db
    with self._nodb_cursor() as cursor:
C:\Python313\Lib\contextlib.py:141: in __enter__
    return next(self.gen)
..\..\..\AppData\Roaming\Python\Python313\site-packages\django\db\backends\postgresql\base.py:533: in _nodb_cursor
    with conn.cursor() as cursor:
..\..\..\AppData\Roaming\Python\Python313\site-packages\django\utils\asyncio.py:26: in inner
    return func(*args, **kwargs)
..\..\..\AppData\Roaming\Python\Python313\site-packages\django\db\backends\base\base.py:320: in cursor
    return self._cursor()
..\..\..\AppData\Roaming\Python\Python313\site-packages\django\db\backends\base\base.py:296: in _cursor
    self.ensure_connection()
..\..\..\AppData\Roaming\Python\Python313\site-packages\django\utils\asyncio.py:26: in inner
    return func(*args, **kwargs)
..\..\..\AppData\Roaming\Python\Python313\site-packages\django\db\backends\base\base.py:278: in ensure_connection
    with self.wrap_database_errors:
..\..\..\AppData\Roaming\Python\Python313\site-packages\django\db\utils.py:91: in __exit__
    raise dj_exc_value.with_traceback(traceback) from exc_value
..\..\..\AppData\Roaming\Python\Python313\site-packages\django\db\backends\base\base.py:279: in ensure_connection
    self.connect()
..\..\..\AppData\Roaming\Python\Python313\site-packages\django\utils\asyncio.py:26: in inner
    return func(*args, **kwargs)
..\..\..\AppData\Roaming\Python\Python313\site-packages\django\db\backends\base\base.py:256: in connect
    self.connection = self.get_new_connection(conn_params)
..\..\..\AppData\Roaming\Python\Python313\site-packages\django\utils\asyncio.py:26: in inner
    return func(*args, **kwargs)
..\..\..\AppData\Roaming\Python\Python313\site-packages\django\db\backends\postgresql\base.py:332: in get_new_connection
    connection = self.Database.connect(**conn_params)
_ _ _ _ _ _ _ _ _ _ _ _ _ _ _ _ _ _ _ _ _ _ _ _ _ _ _ _ _ _ _ _ _ _ _ _ _ _ _ _

cls = <class 'psycopg.Connection'>
conninfo = 'dbname=ruffles_db client_encoding=UTF8 user=postgres password=postgres host=localhost port=5432 hostaddr=127.0.0.1'
autocommit = False, prepare_threshold = None
context = <psycopg.adapt.AdaptersMap object at 0x000001CEB3E42350>
row_factory = None
cursor_factory = <class 'django.db.backends.postgresql.base.Cursor'>
kwargs = {'client_encoding': 'UTF8', 'dbname': 'ruffles_db', 'host': 'localhost', 'password': 'postgres', ...}
params = {'client_encoding': 'UTF8', 'dbname': 'ruffles_db', 'host': 'localhost', 'password': 'postgres', ...}
timeout = 130

    @classmethod
    def connect(
        cls,
        conninfo: str = "",
        *,
        autocommit: bool = False,
        prepare_threshold: int | None = 5,
        context: AdaptContext | None = None,
        row_factory: RowFactory[Row] | None = None,
        cursor_factory: type[Cursor[Row]] | None = None,
        **kwargs: ConnParam,
    ) -> Self:
        """
        Connect to a database server and return a new `Connection` instance.
        """
    
        params = cls._get_connection_params(conninfo, **kwargs)
        timeout = timeout_from_conninfo(params)
        rv = None
        attempts = conninfo_attempts(params)
        conn_errors: list[tuple[e.Error, str]] = []
        for attempt in attempts:
            tdescr = (attempt.get("host"), attempt.get("port"), attempt.get("hostaddr"))
            descr = "host: %r, port: %r, hostaddr: %r" % tdescr
            logger.debug("connection attempt: %s", descr)
            try:
                conninfo = make_conninfo("", **attempt)
                gen = cls._connect_gen(conninfo, timeout=timeout)
                rv = waiting.wait_conn(gen, interval=_WAIT_INTERVAL)
            except e.Error as ex:
                logger.debug("connection failed: %s: %s", descr, str(ex))
                conn_errors.append((ex, descr))
            except e._NO_TRACEBACK as ex:
                raise ex.with_traceback(None)
            else:
                logger.debug("connection succeeded: %s", descr)
                break
    
        if not rv:
            last_ex = conn_errors[-1][0]
            if len(conn_errors) == 1:
                raise last_ex.with_traceback(None)
    
            # Create a new exception with the same type as the last one, containing
            # all attempt errors while preserving backward compatibility.
            lines = [str(last_ex)]
            lines.append("Multiple connection attempts failed. All failures were:")
            lines.extend((f"- {descr}: {error}" for error, descr in conn_errors))
>           raise type(last_ex)("\n".join(lines)).with_traceback(None)
E           django.db.utils.OperationalError: connection failed: connection to server at "127.0.0.1", port 5432 failed: FATAL:  la autentificaci\ufffdn password fall\ufffd para el usuario \ufffdpostgres\ufffd
E           Multiple connection attempts failed. All failures were:
E           - host: 'localhost', port: '5432', hostaddr: '::1': connection failed: connection to server at "::1", port 5432 failed: FATAL:  la autentificaci\ufffdn password fall\ufffd para el usuario \ufffdpostgres\ufffd
E           - host: 'localhost', port: '5432', hostaddr: '127.0.0.1': connection failed: connection to server at "127.0.0.1", port 5432 failed: FATAL:  la autentificaci\ufffdn password fall\ufffd para el usuario \ufffdpostgres\ufffd

..\..\..\AppData\Roaming\Python\Python313\site-packages\psycopg\connection.py:127: OperationalError
_ ERROR at setup of TestRaffleAvailability.test_customer_name_falls_back_to_email _

self = <DatabaseWrapper vendor='postgresql' alias='__no_db__'>

    @async_unsafe
    def ensure_connection(self):
        """Guarantee that a connection to the database is established."""
        if self.connection is None:
            if self.in_atomic_block and self.closed_in_transaction:
                raise ProgrammingError(
                    "Cannot open a new connection in an atomic block."
                )
            with self.wrap_database_errors:
>               self.connect()

..\..\..\AppData\Roaming\Python\Python313\site-packages\django\db\backends\base\base.py:279: 
_ _ _ _ _ _ _ _ _ _ _ _ _ _ _ _ _ _ _ _ _ _ _ _ _ _ _ _ _ _ _ _ _ _ _ _ _ _ _ _
..\..\..\AppData\Roaming\Python\Python313\site-packages\django\utils\asyncio.py:26: in inner
    return func(*args, **kwargs)
..\..\..\AppData\Roaming\Python\Python313\site-packages\django\db\backends\base\base.py:256: in connect
    self.connection = self.get_new_connection(conn_params)
..\..\..\AppData\Roaming\Python\Python313\site-packages\django\utils\asyncio.py:26: in inner
    return func(*args, **kwargs)
..\..\..\AppData\Roaming\Python\Python313\site-packages\django\db\backends\postgresql\base.py:332: in get_new_connection
    connection = self.Database.connect(**conn_params)
_ _ _ _ _ _ _ _ _ _ _ _ _ _ _ _ _ _ _ _ _ _ _ _ _ _ _ _ _ _ _ _ _ _ _ _ _ _ _ _

cls = <class 'psycopg.Connection'>
conninfo = 'dbname=postgres client_encoding=UTF8 user=postgres password=postgres host=localhost port=5432 hostaddr=127.0.0.1'
autocommit = False, prepare_threshold = None
context = <psycopg.adapt.AdaptersMap object at 0x000001CEB3E42350>
row_factory = None
cursor_factory = <class 'django.db.backends.postgresql.base.Cursor'>
kwargs = {'client_encoding': 'UTF8', 'dbname': 'postgres', 'host': 'localhost', 'password': 'postgres', ...}
params = {'client_encoding': 'UTF8', 'dbname': 'postgres', 'host': 'localhost', 'password': 'postgres', ...}
timeout = 130

    @classmethod
    def connect(
        cls,
        conninfo: str = "",
        *,
        autocommit: bool = False,
        prepare_threshold: int | None = 5,
        context: AdaptContext | None = None,
        row_factory: RowFactory[Row] | None = None,
        cursor_factory: type[Cursor[Row]] | None = None,
        **kwargs: ConnParam,
    ) -> Self:
        """
        Connect to a database server and return a new `Connection` instance.
        """
    
        params = cls._get_connection_params(conninfo, **kwargs)
        timeout = timeout_from_conninfo(params)
        rv = None
        attempts = conninfo_attempts(params)
        conn_errors: list[tuple[e.Error, str]] = []
        for attempt in attempts:
            tdescr = (attempt.get("host"), attempt.get("port"), attempt.get("hostaddr"))
            descr = "host: %r, port: %r, hostaddr: %r" % tdescr
            logger.debug("connection attempt: %s", descr)
            try:
                conninfo = make_conninfo("", **attempt)
                gen = cls._connect_gen(conninfo, timeout=timeout)
                rv = waiting.wait_conn(gen, interval=_WAIT_INTERVAL)
            except e.Error as ex:
                logger.debug("connection failed: %s: %s", descr, str(ex))
                conn_errors.append((ex, descr))
            except e._NO_TRACEBACK as ex:
                raise ex.with_traceback(None)
            else:
                logger.debug("connection succeeded: %s", descr)
                break
    
        if not rv:
            last_ex = conn_errors[-1][0]
            if len(conn_errors) == 1:
                raise last_ex.with_traceback(None)
    
            # Create a new exception with the same type as the last one, containing
            # all attempt errors while preserving backward compatibility.
            lines = [str(last_ex)]
            lines.append("Multiple connection attempts failed. All failures were:")
            lines.extend((f"- {descr}: {error}" for error, descr in conn_errors))
>           raise type(last_ex)("\n".join(lines)).with_traceback(None)
E           psycopg.OperationalError: connection failed: connection to server at "127.0.0.1", port 5432 failed: FATAL:  la autentificaci\ufffdn password fall\ufffd para el usuario \ufffdpostgres\ufffd
E           Multiple connection attempts failed. All failures were:
E           - host: 'localhost', port: '5432', hostaddr: '::1': connection failed: connection to server at "::1", port 5432 failed: FATAL:  la autentificaci\ufffdn password fall\ufffd para el usuario \ufffdpostgres\ufffd
E           - host: 'localhost', port: '5432', hostaddr: '127.0.0.1': connection failed: connection to server at "127.0.0.1", port 5432 failed: FATAL:  la autentificaci\ufffdn password fall\ufffd para el usuario \ufffdpostgres\ufffd

..\..\..\AppData\Roaming\Python\Python313\site-packages\psycopg\connection.py:127: OperationalError

The above exception was the direct cause of the following exception:

self = <DatabaseWrapper vendor='postgresql' alias='default'>

    @contextmanager
    def _nodb_cursor(self):
        cursor = None
        try:
>           with super()._nodb_cursor() as cursor:

..\..\..\AppData\Roaming\Python\Python313\site-packages\django\db\backends\postgresql\base.py:507: 
_ _ _ _ _ _ _ _ _ _ _ _ _ _ _ _ _ _ _ _ _ _ _ _ _ _ _ _ _ _ _ _ _ _ _ _ _ _ _ _
C:\Python313\Lib\contextlib.py:141: in __enter__
    return next(self.gen)
..\..\..\AppData\Roaming\Python\Python313\site-packages\django\db\backends\base\base.py:712: in _nodb_cursor
    with conn.cursor() as cursor:
..\..\..\AppData\Roaming\Python\Python313\site-packages\django\utils\asyncio.py:26: in inner
    return func(*args, **kwargs)
..\..\..\AppData\Roaming\Python\Python313\site-packages\django\db\backends\base\base.py:320: in cursor
    return self._cursor()
..\..\..\AppData\Roaming\Python\Python313\site-packages\django\db\backends\base\base.py:296: in _cursor
    self.ensure_connection()
..\..\..\AppData\Roaming\Python\Python313\site-packages\django\utils\asyncio.py:26: in inner
    return func(*args, **kwargs)
..\..\..\AppData\Roaming\Python\Python313\site-packages\django\db\backends\base\base.py:278: in ensure_connection
    with self.wrap_database_errors:
..\..\..\AppData\Roaming\Python\Python313\site-packages\django\db\utils.py:91: in __exit__
    raise dj_exc_value.with_traceback(traceback) from exc_value
..\..\..\AppData\Roaming\Python\Python313\site-packages\django\db\backends\base\base.py:279: in ensure_connection
    self.connect()
..\..\..\AppData\Roaming\Python\Python313\site-packages\django\utils\asyncio.py:26: in inner
    return func(*args, **kwargs)
..\..\..\AppData\Roaming\Python\Python313\site-packages\django\db\backends\base\base.py:256: in connect
    self.connection = self.get_new_connection(conn_params)
..\..\..\AppData\Roaming\Python\Python313\site-packages\django\utils\asyncio.py:26: in inner
    return func(*args, **kwargs)
..\..\..\AppData\Roaming\Python\Python313\site-packages\django\db\backends\postgresql\base.py:332: in get_new_connection
    connection = self.Database.connect(**conn_params)
_ _ _ _ _ _ _ _ _ _ _ _ _ _ _ _ _ _ _ _ _ _ _ _ _ _ _ _ _ _ _ _ _ _ _ _ _ _ _ _

cls = <class 'psycopg.Connection'>
conninfo = 'dbname=postgres client_encoding=UTF8 user=postgres password=postgres host=localhost port=5432 hostaddr=127.0.0.1'
autocommit = False, prepare_threshold = None
context = <psycopg.adapt.AdaptersMap object at 0x000001CEB3E42350>
row_factory = None
cursor_factory = <class 'django.db.backends.postgresql.base.Cursor'>
kwargs = {'client_encoding': 'UTF8', 'dbname': 'postgres', 'host': 'localhost', 'password': 'postgres', ...}
params = {'client_encoding': 'UTF8', 'dbname': 'postgres', 'host': 'localhost', 'password': 'postgres', ...}
timeout = 130

    @classmethod
    def connect(
        cls,
        conninfo: str = "",
        *,
        autocommit: bool = False,
        prepare_threshold: int | None = 5,
        context: AdaptContext | None = None,
        row_factory: RowFactory[Row] | None = None,
        cursor_factory: type[Cursor[Row]] | None = None,
        **kwargs: ConnParam,
    ) -> Self:
        """
        Connect to a database server and return a new `Connection` instance.
        """
    
        params = cls._get_connection_params(conninfo, **kwargs)
        timeout = timeout_from_conninfo(params)
        rv = None
        attempts = conninfo_attempts(params)
        conn_errors: list[tuple[e.Error, str]] = []
        for attempt in attempts:
            tdescr = (attempt.get("host"), attempt.get("port"), attempt.get("hostaddr"))
            descr = "host: %r, port: %r, hostaddr: %r" % tdescr
            logger.debug("connection attempt: %s", descr)
            try:
                conninfo = make_conninfo("", **attempt)
                gen = cls._connect_gen(conninfo, timeout=timeout)
                rv = waiting.wait_conn(gen, interval=_WAIT_INTERVAL)
            except e.Error as ex:
                logger.debug("connection failed: %s: %s", descr, str(ex))
                conn_errors.append((ex, descr))
            except e._NO_TRACEBACK as ex:
                raise ex.with_traceback(None)
            else:
                logger.debug("connection succeeded: %s", descr)
                break
    
        if not rv:
            last_ex = conn_errors[-1][0]
            if len(conn_errors) == 1:
                raise last_ex.with_traceback(None)
    
            # Create a new exception with the same type as the last one, containing
            # all attempt errors while preserving backward compatibility.
            lines = [str(last_ex)]
            lines.append("Multiple connection attempts failed. All failures were:")
            lines.extend((f"- {descr}: {error}" for error, descr in conn_errors))
>           raise type(last_ex)("\n".join(lines)).with_traceback(None)
E           django.db.utils.OperationalError: connection failed: connection to server at "127.0.0.1", port 5432 failed: FATAL:  la autentificaci\ufffdn password fall\ufffd para el usuario \ufffdpostgres\ufffd
E           Multiple connection attempts failed. All failures were:
E           - host: 'localhost', port: '5432', hostaddr: '::1': connection failed: connection to server at "::1", port 5432 failed: FATAL:  la autentificaci\ufffdn password fall\ufffd para el usuario \ufffdpostgres\ufffd
E           - host: 'localhost', port: '5432', hostaddr: '127.0.0.1': connection failed: connection to server at "127.0.0.1", port 5432 failed: FATAL:  la autentificaci\ufffdn password fall\ufffd para el usuario \ufffdpostgres\ufffd

..\..\..\AppData\Roaming\Python\Python313\site-packages\psycopg\connection.py:127: OperationalError

During handling of the above exception, another exception occurred:

self = <DatabaseWrapper vendor='postgresql' alias='default'>

    @async_unsafe
    def ensure_connection(self):
        """Guarantee that a connection to the database is established."""
        if self.connection is None:
            if self.in_atomic_block and self.closed_in_transaction:
                raise ProgrammingError(
                    "Cannot open a new connection in an atomic block."
                )
            with self.wrap_database_errors:
>               self.connect()

..\..\..\AppData\Roaming\Python\Python313\site-packages\django\db\backends\base\base.py:279: 
_ _ _ _ _ _ _ _ _ _ _ _ _ _ _ _ _ _ _ _ _ _ _ _ _ _ _ _ _ _ _ _ _ _ _ _ _ _ _ _
..\..\..\AppData\Roaming\Python\Python313\site-packages\django\utils\asyncio.py:26: in inner
    return func(*args, **kwargs)
..\..\..\AppData\Roaming\Python\Python313\site-packages\django\db\backends\base\base.py:256: in connect
    self.connection = self.get_new_connection(conn_params)
..\..\..\AppData\Roaming\Python\Python313\site-packages\django\utils\asyncio.py:26: in inner
    return func(*args, **kwargs)
..\..\..\AppData\Roaming\Python\Python313\site-packages\django\db\backends\postgresql\base.py:332: in get_new_connection
    connection = self.Database.connect(**conn_params)
_ _ _ _ _ _ _ _ _ _ _ _ _ _ _ _ _ _ _ _ _ _ _ _ _ _ _ _ _ _ _ _ _ _ _ _ _ _ _ _

cls = <class 'psycopg.Connection'>
conninfo = 'dbname=ruffles_db client_encoding=UTF8 user=postgres password=postgres host=localhost port=5432 hostaddr=127.0.0.1'
autocommit = False, prepare_threshold = None
context = <psycopg.adapt.AdaptersMap object at 0x000001CEB3E42350>
row_factory = None
cursor_factory = <class 'django.db.backends.postgresql.base.Cursor'>
kwargs = {'client_encoding': 'UTF8', 'dbname': 'ruffles_db', 'host': 'localhost', 'password': 'postgres', ...}
params = {'client_encoding': 'UTF8', 'dbname': 'ruffles_db', 'host': 'localhost', 'password': 'postgres', ...}
timeout = 130

    @classmethod
    def connect(
        cls,
        conninfo: str = "",
        *,
        autocommit: bool = False,
        prepare_threshold: int | None = 5,
        context: AdaptContext | None = None,
        row_factory: RowFactory[Row] | None = None,
        cursor_factory: type[Cursor[Row]] | None = None,
        **kwargs: ConnParam,
    ) -> Self:
        """
        Connect to a database server and return a new `Connection` instance.
        """
    
        params = cls._get_connection_params(conninfo, **kwargs)
        timeout = timeout_from_conninfo(params)
        rv = None
        attempts = conninfo_attempts(params)
        conn_errors: list[tuple[e.Error, str]] = []
        for attempt in attempts:
            tdescr = (attempt.get("host"), attempt.get("port"), attempt.get("hostaddr"))
            descr = "host: %r, port: %r, hostaddr: %r" % tdescr
            logger.debug("connection attempt: %s", descr)
            try:
                conninfo = make_conninfo("", **attempt)
                gen = cls._connect_gen(conninfo, timeout=timeout)
                rv = waiting.wait_conn(gen, interval=_WAIT_INTERVAL)
            except e.Error as ex:
                logger.debug("connection failed: %s: %s", descr, str(ex))
                conn_errors.append((ex, descr))
            except e._NO_TRACEBACK as ex:
                raise ex.with_traceback(None)
            else:
                logger.debug("connection succeeded: %s", descr)
                break
    
        if not rv:
            last_ex = conn_errors[-1][0]
            if len(conn_errors) == 1:
                raise last_ex.with_traceback(None)
    
            # Create a new exception with the same type as the last one, containing
            # all attempt errors while preserving backward compatibility.
            lines = [str(last_ex)]
            lines.append("Multiple connection attempts failed. All failures were:")
            lines.extend((f"- {descr}: {error}" for error, descr in conn_errors))
>           raise type(last_ex)("\n".join(lines)).with_traceback(None)
E           psycopg.OperationalError: connection failed: connection to server at "127.0.0.1", port 5432 failed: FATAL:  la autentificaci\ufffdn password fall\ufffd para el usuario \ufffdpostgres\ufffd
E           Multiple connection attempts failed. All failures were:
E           - host: 'localhost', port: '5432', hostaddr: '::1': connection failed: connection to server at "::1", port 5432 failed: FATAL:  la autentificaci\ufffdn password fall\ufffd para el usuario \ufffdpostgres\ufffd
E           - host: 'localhost', port: '5432', hostaddr: '127.0.0.1': connection failed: connection to server at "127.0.0.1", port 5432 failed: FATAL:  la autentificaci\ufffdn password fall\ufffd para el usuario \ufffdpostgres\ufffd

..\..\..\AppData\Roaming\Python\Python313\site-packages\psycopg\connection.py:127: OperationalError

The above exception was the direct cause of the following exception:

request = <SubRequest 'django_db_setup' for <Function test_login_success_returns_jwt>>
django_test_environment = None
django_db_blocker = <pytest_django.plugin.DjangoDbBlocker object at 0x000001CEB17F0050>
django_db_use_migrations = True, django_db_keepdb = False
django_db_createdb = False, django_db_modify_db_settings = None

    @pytest.fixture(scope="session")
    def django_db_setup(
        request: pytest.FixtureRequest,
        django_test_environment: None,
        django_db_blocker: DjangoDbBlocker,
        django_db_use_migrations: bool,
        django_db_keepdb: bool,
        django_db_createdb: bool,
        django_db_modify_db_settings: None,
    ) -> Generator[None, None, None]:
        """Top level fixture to ensure test databases are available"""
        from django.test.utils import setup_databases, teardown_databases
    
        setup_databases_args = {}
    
        if not django_db_use_migrations:
            _disable_migrations()
    
        if django_db_keepdb and not django_db_createdb:
            setup_databases_args["keepdb"] = True
    
        with django_db_blocker.unblock():
>           db_cfg = setup_databases(
                verbosity=request.config.option.verbose,
                interactive=False,
                **setup_databases_args,
            )

..\..\..\AppData\Roaming\Python\Python313\site-packages\pytest_django\fixtures.py:140: 
_ _ _ _ _ _ _ _ _ _ _ _ _ _ _ _ _ _ _ _ _ _ _ _ _ _ _ _ _ _ _ _ _ _ _ _ _ _ _ _
..\..\..\AppData\Roaming\Python\Python313\site-packages\django\test\utils.py:204: in setup_databases
    connection.creation.create_test_db(
..\..\..\AppData\Roaming\Python\Python313\site-packages\django\db\backends\base\creation.py:62: in create_test_db
    self._create_test_db(verbosity, autoclobber, keepdb)
..\..\..\AppData\Roaming\Python\Python313\site-packages\django\db\backends\base\creation.py:202: in _create_test_db
    with self._nodb_cursor() as cursor:
C:\Python313\Lib\contextlib.py:141: in __enter__
    return next(self.gen)
..\..\..\AppData\Roaming\Python\Python313\site-packages\django\db\backends\postgresql\base.py:533: in _nodb_cursor
    with conn.cursor() as cursor:
..\..\..\AppData\Roaming\Python\Python313\site-packages\django\utils\asyncio.py:26: in inner
    return func(*args, **kwargs)
..\..\..\AppData\Roaming\Python\Python313\site-packages\django\db\backends\base\base.py:320: in cursor
    return self._cursor()
..\..\..\AppData\Roaming\Python\Python313\site-packages\django\db\backends\base\base.py:296: in _cursor
    self.ensure_connection()
..\..\..\AppData\Roaming\Python\Python313\site-packages\django\utils\asyncio.py:26: in inner
    return func(*args, **kwargs)
..\..\..\AppData\Roaming\Python\Python313\site-packages\django\db\backends\base\base.py:278: in ensure_connection
    with self.wrap_database_errors:
..\..\..\AppData\Roaming\Python\Python313\site-packages\django\db\utils.py:91: in __exit__
    raise dj_exc_value.with_traceback(traceback) from exc_value
..\..\..\AppData\Roaming\Python\Python313\site-packages\django\db\backends\base\base.py:279: in ensure_connection
    self.connect()
..\..\..\AppData\Roaming\Python\Python313\site-packages\django\utils\asyncio.py:26: in inner
    return func(*args, **kwargs)
..\..\..\AppData\Roaming\Python\Python313\site-packages\django\db\backends\base\base.py:256: in connect
    self.connection = self.get_new_connection(conn_params)
..\..\..\AppData\Roaming\Python\Python313\site-packages\django\utils\asyncio.py:26: in inner
    return func(*args, **kwargs)
..\..\..\AppData\Roaming\Python\Python313\site-packages\django\db\backends\postgresql\base.py:332: in get_new_connection
    connection = self.Database.connect(**conn_params)
_ _ _ _ _ _ _ _ _ _ _ _ _ _ _ _ _ _ _ _ _ _ _ _ _ _ _ _ _ _ _ _ _ _ _ _ _ _ _ _

cls = <class 'psycopg.Connection'>
conninfo = 'dbname=ruffles_db client_encoding=UTF8 user=postgres password=postgres host=localhost port=5432 hostaddr=127.0.0.1'
autocommit = False, prepare_threshold = None
context = <psycopg.adapt.AdaptersMap object at 0x000001CEB3E42350>
row_factory = None
cursor_factory = <class 'django.db.backends.postgresql.base.Cursor'>
kwargs = {'client_encoding': 'UTF8', 'dbname': 'ruffles_db', 'host': 'localhost', 'password': 'postgres', ...}
params = {'client_encoding': 'UTF8', 'dbname': 'ruffles_db', 'host': 'localhost', 'password': 'postgres', ...}
timeout = 130

    @classmethod
    def connect(
        cls,
        conninfo: str = "",
        *,
        autocommit: bool = False,
        prepare_threshold: int | None = 5,
        context: AdaptContext | None = None,
        row_factory: RowFactory[Row] | None = None,
        cursor_factory: type[Cursor[Row]] | None = None,
        **kwargs: ConnParam,
    ) -> Self:
        """
        Connect to a database server and return a new `Connection` instance.
        """
    
        params = cls._get_connection_params(conninfo, **kwargs)
        timeout = timeout_from_conninfo(params)
        rv = None
        attempts = conninfo_attempts(params)
        conn_errors: list[tuple[e.Error, str]] = []
        for attempt in attempts:
            tdescr = (attempt.get("host"), attempt.get("port"), attempt.get("hostaddr"))
            descr = "host: %r, port: %r, hostaddr: %r" % tdescr
            logger.debug("connection attempt: %s", descr)
            try:
                conninfo = make_conninfo("", **attempt)
                gen = cls._connect_gen(conninfo, timeout=timeout)
                rv = waiting.wait_conn(gen, interval=_WAIT_INTERVAL)
            except e.Error as ex:
                logger.debug("connection failed: %s: %s", descr, str(ex))
                conn_errors.append((ex, descr))
            except e._NO_TRACEBACK as ex:
                raise ex.with_traceback(None)
            else:
                logger.debug("connection succeeded: %s", descr)
                break
    
        if not rv:
            last_ex = conn_errors[-1][0]
            if len(conn_errors) == 1:
                raise last_ex.with_traceback(None)
    
            # Create a new exception with the same type as the last one, containing
            # all attempt errors while preserving backward compatibility.
            lines = [str(last_ex)]
            lines.append("Multiple connection attempts failed. All failures were:")
            lines.extend((f"- {descr}: {error}" for error, descr in conn_errors))
>           raise type(last_ex)("\n".join(lines)).with_traceback(None)
E           django.db.utils.OperationalError: connection failed: connection to server at "127.0.0.1", port 5432 failed: FATAL:  la autentificaci\ufffdn password fall\ufffd para el usuario \ufffdpostgres\ufffd
E           Multiple connection attempts failed. All failures were:
E           - host: 'localhost', port: '5432', hostaddr: '::1': connection failed: connection to server at "::1", port 5432 failed: FATAL:  la autentificaci\ufffdn password fall\ufffd para el usuario \ufffdpostgres\ufffd
E           - host: 'localhost', port: '5432', hostaddr: '127.0.0.1': connection failed: connection to server at "127.0.0.1", port 5432 failed: FATAL:  la autentificaci\ufffdn password fall\ufffd para el usuario \ufffdpostgres\ufffd

..\..\..\AppData\Roaming\Python\Python313\site-packages\psycopg\connection.py:127: OperationalError
_ ERROR at setup of TestRaffleAvailability.test_numbers_are_ordered_and_available_have_null_purchase _

self = <DatabaseWrapper vendor='postgresql' alias='__no_db__'>

    @async_unsafe
    def ensure_connection(self):
        """Guarantee that a connection to the database is established."""
        if self.connection is None:
            if self.in_atomic_block and self.closed_in_transaction:
                raise ProgrammingError(
                    "Cannot open a new connection in an atomic block."
                )
            with self.wrap_database_errors:
>               self.connect()

..\..\..\AppData\Roaming\Python\Python313\site-packages\django\db\backends\base\base.py:279: 
_ _ _ _ _ _ _ _ _ _ _ _ _ _ _ _ _ _ _ _ _ _ _ _ _ _ _ _ _ _ _ _ _ _ _ _ _ _ _ _
..\..\..\AppData\Roaming\Python\Python313\site-packages\django\utils\asyncio.py:26: in inner
    return func(*args, **kwargs)
..\..\..\AppData\Roaming\Python\Python313\site-packages\django\db\backends\base\base.py:256: in connect
    self.connection = self.get_new_connection(conn_params)
..\..\..\AppData\Roaming\Python\Python313\site-packages\django\utils\asyncio.py:26: in inner
    return func(*args, **kwargs)
..\..\..\AppData\Roaming\Python\Python313\site-packages\django\db\backends\postgresql\base.py:332: in get_new_connection
    connection = self.Database.connect(**conn_params)
_ _ _ _ _ _ _ _ _ _ _ _ _ _ _ _ _ _ _ _ _ _ _ _ _ _ _ _ _ _ _ _ _ _ _ _ _ _ _ _

cls = <class 'psycopg.Connection'>
conninfo = 'dbname=postgres client_encoding=UTF8 user=postgres password=postgres host=localhost port=5432 hostaddr=127.0.0.1'
autocommit = False, prepare_threshold = None
context = <psycopg.adapt.AdaptersMap object at 0x000001CEB3E42350>
row_factory = None
cursor_factory = <class 'django.db.backends.postgresql.base.Cursor'>
kwargs = {'client_encoding': 'UTF8', 'dbname': 'postgres', 'host': 'localhost', 'password': 'postgres', ...}
params = {'client_encoding': 'UTF8', 'dbname': 'postgres', 'host': 'localhost', 'password': 'postgres', ...}
timeout = 130

    @classmethod
    def connect(
        cls,
        conninfo: str = "",
        *,
        autocommit: bool = False,
        prepare_threshold: int | None = 5,
        context: AdaptContext | None = None,
        row_factory: RowFactory[Row] | None = None,
        cursor_factory: type[Cursor[Row]] | None = None,
        **kwargs: ConnParam,
    ) -> Self:
        """
        Connect to a database server and return a new `Connection` instance.
        """
    
        params = cls._get_connection_params(conninfo, **kwargs)
        timeout = timeout_from_conninfo(params)
        rv = None
        attempts = conninfo_attempts(params)
        conn_errors: list[tuple[e.Error, str]] = []
        for attempt in attempts:
            tdescr = (attempt.get("host"), attempt.get("port"), attempt.get("hostaddr"))
            descr = "host: %r, port: %r, hostaddr: %r" % tdescr
            logger.debug("connection attempt: %s", descr)
            try:
                conninfo = make_conninfo("", **attempt)
                gen = cls._connect_gen(conninfo, timeout=timeout)
                rv = waiting.wait_conn(gen, interval=_WAIT_INTERVAL)
            except e.Error as ex:
                logger.debug("connection failed: %s: %s", descr, str(ex))
                conn_errors.append((ex, descr))
            except e._NO_TRACEBACK as ex:
                raise ex.with_traceback(None)
            else:
                logger.debug("connection succeeded: %s", descr)
                break
    
        if not rv:
            last_ex = conn_errors[-1][0]
            if len(conn_errors) == 1:
                raise last_ex.with_traceback(None)
    
            # Create a new exception with the same type as the last one, containing
            # all attempt errors while preserving backward compatibility.
            lines = [str(last_ex)]
            lines.append("Multiple connection attempts failed. All failures were:")
            lines.extend((f"- {descr}: {error}" for error, descr in conn_errors))
>           raise type(last_ex)("\n".join(lines)).with_traceback(None)
E           psycopg.OperationalError: connection failed: connection to server at "127.0.0.1", port 5432 failed: FATAL:  la autentificaci\ufffdn password fall\ufffd para el usuario \ufffdpostgres\ufffd
E           Multiple connection attempts failed. All failures were:
E           - host: 'localhost', port: '5432', hostaddr: '::1': connection failed: connection to server at "::1", port 5432 failed: FATAL:  la autentificaci\ufffdn password fall\ufffd para el usuario \ufffdpostgres\ufffd
E           - host: 'localhost', port: '5432', hostaddr: '127.0.0.1': connection failed: connection to server at "127.0.0.1", port 5432 failed: FATAL:  la autentificaci\ufffdn password fall\ufffd para el usuario \ufffdpostgres\ufffd

..\..\..\AppData\Roaming\Python\Python313\site-packages\psycopg\connection.py:127: OperationalError

The above exception was the direct cause of the following exception:

self = <DatabaseWrapper vendor='postgresql' alias='default'>

    @contextmanager
    def _nodb_cursor(self):
        cursor = None
        try:
>           with super()._nodb_cursor() as cursor:

..\..\..\AppData\Roaming\Python\Python313\site-packages\django\db\backends\postgresql\base.py:507: 
_ _ _ _ _ _ _ _ _ _ _ _ _ _ _ _ _ _ _ _ _ _ _ _ _ _ _ _ _ _ _ _ _ _ _ _ _ _ _ _
C:\Python313\Lib\contextlib.py:141: in __enter__
    return next(self.gen)
..\..\..\AppData\Roaming\Python\Python313\site-packages\django\db\backends\base\base.py:712: in _nodb_cursor
    with conn.cursor() as cursor:
..\..\..\AppData\Roaming\Python\Python313\site-packages\django\utils\asyncio.py:26: in inner
    return func(*args, **kwargs)
..\..\..\AppData\Roaming\Python\Python313\site-packages\django\db\backends\base\base.py:320: in cursor
    return self._cursor()
..\..\..\AppData\Roaming\Python\Python313\site-packages\django\db\backends\base\base.py:296: in _cursor
    self.ensure_connection()
..\..\..\AppData\Roaming\Python\Python313\site-packages\django\utils\asyncio.py:26: in inner
    return func(*args, **kwargs)
..\..\..\AppData\Roaming\Python\Python313\site-packages\django\db\backends\base\base.py:278: in ensure_connection
    with self.wrap_database_errors:
..\..\..\AppData\Roaming\Python\Python313\site-packages\django\db\utils.py:91: in __exit__
    raise dj_exc_value.with_traceback(traceback) from exc_value
..\..\..\AppData\Roaming\Python\Python313\site-packages\django\db\backends\base\base.py:279: in ensure_connection
    self.connect()
..\..\..\AppData\Roaming\Python\Python313\site-packages\django\utils\asyncio.py:26: in inner
    return func(*args, **kwargs)
..\..\..\AppData\Roaming\Python\Python313\site-packages\django\db\backends\base\base.py:256: in connect
    self.connection = self.get_new_connection(conn_params)
..\..\..\AppData\Roaming\Python\Python313\site-packages\django\utils\asyncio.py:26: in inner
    return func(*args, **kwargs)
..\..\..\AppData\Roaming\Python\Python313\site-packages\django\db\backends\postgresql\base.py:332: in get_new_connection
    connection = self.Database.connect(**conn_params)
_ _ _ _ _ _ _ _ _ _ _ _ _ _ _ _ _ _ _ _ _ _ _ _ _ _ _ _ _ _ _ _ _ _ _ _ _ _ _ _

cls = <class 'psycopg.Connection'>
conninfo = 'dbname=postgres client_encoding=UTF8 user=postgres password=postgres host=localhost port=5432 hostaddr=127.0.0.1'
autocommit = False, prepare_threshold = None
context = <psycopg.adapt.AdaptersMap object at 0x000001CEB3E42350>
row_factory = None
cursor_factory = <class 'django.db.backends.postgresql.base.Cursor'>
kwargs = {'client_encoding': 'UTF8', 'dbname': 'postgres', 'host': 'localhost', 'password': 'postgres', ...}
params = {'client_encoding': 'UTF8', 'dbname': 'postgres', 'host': 'localhost', 'password': 'postgres', ...}
timeout = 130

    @classmethod
    def connect(
        cls,
        conninfo: str = "",
        *,
        autocommit: bool = False,
        prepare_threshold: int | None = 5,
        context: AdaptContext | None = None,
        row_factory: RowFactory[Row] | None = None,
        cursor_factory: type[Cursor[Row]] | None = None,
        **kwargs: ConnParam,
    ) -> Self:
        """
        Connect to a database server and return a new `Connection` instance.
        """
    
        params = cls._get_connection_params(conninfo, **kwargs)
        timeout = timeout_from_conninfo(params)
        rv = None
        attempts = conninfo_attempts(params)
        conn_errors: list[tuple[e.Error, str]] = []
        for attempt in attempts:
            tdescr = (attempt.get("host"), attempt.get("port"), attempt.get("hostaddr"))
            descr = "host: %r, port: %r, hostaddr: %r" % tdescr
            logger.debug("connection attempt: %s", descr)
            try:
                conninfo = make_conninfo("", **attempt)
                gen = cls._connect_gen(conninfo, timeout=timeout)
                rv = waiting.wait_conn(gen, interval=_WAIT_INTERVAL)
            except e.Error as ex:
                logger.debug("connection failed: %s: %s", descr, str(ex))
                conn_errors.append((ex, descr))
            except e._NO_TRACEBACK as ex:
                raise ex.with_traceback(None)
            else:
                logger.debug("connection succeeded: %s", descr)
                break
    
        if not rv:
            last_ex = conn_errors[-1][0]
            if len(conn_errors) == 1:
                raise last_ex.with_traceback(None)
    
            # Create a new exception with the same type as the last one, containing
            # all attempt errors while preserving backward compatibility.
            lines = [str(last_ex)]
            lines.append("Multiple connection attempts failed. All failures were:")
            lines.extend((f"- {descr}: {error}" for error, descr in conn_errors))
>           raise type(last_ex)("\n".join(lines)).with_traceback(None)
E           django.db.utils.OperationalError: connection failed: connection to server at "127.0.0.1", port 5432 failed: FATAL:  la autentificaci\ufffdn password fall\ufffd para el usuario \ufffdpostgres\ufffd
E           Multiple connection attempts failed. All failures were:
E           - host: 'localhost', port: '5432', hostaddr: '::1': connection failed: connection to server at "::1", port 5432 failed: FATAL:  la autentificaci\ufffdn password fall\ufffd para el usuario \ufffdpostgres\ufffd
E           - host: 'localhost', port: '5432', hostaddr: '127.0.0.1': connection failed: connection to server at "127.0.0.1", port 5432 failed: FATAL:  la autentificaci\ufffdn password fall\ufffd para el usuario \ufffdpostgres\ufffd

..\..\..\AppData\Roaming\Python\Python313\site-packages\psycopg\connection.py:127: OperationalError

During handling of the above exception, another exception occurred:

self = <DatabaseWrapper vendor='postgresql' alias='default'>

    @async_unsafe
    def ensure_connection(self):
        """Guarantee that a connection to the database is established."""
        if self.connection is None:
            if self.in_atomic_block and self.closed_in_transaction:
                raise ProgrammingError(
                    "Cannot open a new connection in an atomic block."
                )
            with self.wrap_database_errors:
>               self.connect()

..\..\..\AppData\Roaming\Python\Python313\site-packages\django\db\backends\base\base.py:279: 
_ _ _ _ _ _ _ _ _ _ _ _ _ _ _ _ _ _ _ _ _ _ _ _ _ _ _ _ _ _ _ _ _ _ _ _ _ _ _ _
..\..\..\AppData\Roaming\Python\Python313\site-packages\django\utils\asyncio.py:26: in inner
    return func(*args, **kwargs)
..\..\..\AppData\Roaming\Python\Python313\site-packages\django\db\backends\base\base.py:256: in connect
    self.connection = self.get_new_connection(conn_params)
..\..\..\AppData\Roaming\Python\Python313\site-packages\django\utils\asyncio.py:26: in inner
    return func(*args, **kwargs)
..\..\..\AppData\Roaming\Python\Python313\site-packages\django\db\backends\postgresql\base.py:332: in get_new_connection
    connection = self.Database.connect(**conn_params)
_ _ _ _ _ _ _ _ _ _ _ _ _ _ _ _ _ _ _ _ _ _ _ _ _ _ _ _ _ _ _ _ _ _ _ _ _ _ _ _

cls = <class 'psycopg.Connection'>
conninfo = 'dbname=ruffles_db client_encoding=UTF8 user=postgres password=postgres host=localhost port=5432 hostaddr=127.0.0.1'
autocommit = False, prepare_threshold = None
context = <psycopg.adapt.AdaptersMap object at 0x000001CEB3E42350>
row_factory = None
cursor_factory = <class 'django.db.backends.postgresql.base.Cursor'>
kwargs = {'client_encoding': 'UTF8', 'dbname': 'ruffles_db', 'host': 'localhost', 'password': 'postgres', ...}
params = {'client_encoding': 'UTF8', 'dbname': 'ruffles_db', 'host': 'localhost', 'password': 'postgres', ...}
timeout = 130

    @classmethod
    def connect(
        cls,
        conninfo: str = "",
        *,
        autocommit: bool = False,
        prepare_threshold: int | None = 5,
        context: AdaptContext | None = None,
        row_factory: RowFactory[Row] | None = None,
        cursor_factory: type[Cursor[Row]] | None = None,
        **kwargs: ConnParam,
    ) -> Self:
        """
        Connect to a database server and return a new `Connection` instance.
        """
    
        params = cls._get_connection_params(conninfo, **kwargs)
        timeout = timeout_from_conninfo(params)
        rv = None
        attempts = conninfo_attempts(params)
        conn_errors: list[tuple[e.Error, str]] = []
        for attempt in attempts:
            tdescr = (attempt.get("host"), attempt.get("port"), attempt.get("hostaddr"))
            descr = "host: %r, port: %r, hostaddr: %r" % tdescr
            logger.debug("connection attempt: %s", descr)
            try:
                conninfo = make_conninfo("", **attempt)
                gen = cls._connect_gen(conninfo, timeout=timeout)
                rv = waiting.wait_conn(gen, interval=_WAIT_INTERVAL)
            except e.Error as ex:
                logger.debug("connection failed: %s: %s", descr, str(ex))
                conn_errors.append((ex, descr))
            except e._NO_TRACEBACK as ex:
                raise ex.with_traceback(None)
            else:
                logger.debug("connection succeeded: %s", descr)
                break
    
        if not rv:
            last_ex = conn_errors[-1][0]
            if len(conn_errors) == 1:
                raise last_ex.with_traceback(None)
    
            # Create a new exception with the same type as the last one, containing
            # all attempt errors while preserving backward compatibility.
            lines = [str(last_ex)]
            lines.append("Multiple connection attempts failed. All failures were:")
            lines.extend((f"- {descr}: {error}" for error, descr in conn_errors))
>           raise type(last_ex)("\n".join(lines)).with_traceback(None)
E           psycopg.OperationalError: connection failed: connection to server at "127.0.0.1", port 5432 failed: FATAL:  la autentificaci\ufffdn password fall\ufffd para el usuario \ufffdpostgres\ufffd
E           Multiple connection attempts failed. All failures were:
E           - host: 'localhost', port: '5432', hostaddr: '::1': connection failed: connection to server at "::1", port 5432 failed: FATAL:  la autentificaci\ufffdn password fall\ufffd para el usuario \ufffdpostgres\ufffd
E           - host: 'localhost', port: '5432', hostaddr: '127.0.0.1': connection failed: connection to server at "127.0.0.1", port 5432 failed: FATAL:  la autentificaci\ufffdn password fall\ufffd para el usuario \ufffdpostgres\ufffd

..\..\..\AppData\Roaming\Python\Python313\site-packages\psycopg\connection.py:127: OperationalError

The above exception was the direct cause of the following exception:

request = <SubRequest 'django_db_setup' for <Function test_login_success_returns_jwt>>
django_test_environment = None
django_db_blocker = <pytest_django.plugin.DjangoDbBlocker object at 0x000001CEB17F0050>
django_db_use_migrations = True, django_db_keepdb = False
django_db_createdb = False, django_db_modify_db_settings = None

    @pytest.fixture(scope="session")
    def django_db_setup(
        request: pytest.FixtureRequest,
        django_test_environment: None,
        django_db_blocker: DjangoDbBlocker,
        django_db_use_migrations: bool,
        django_db_keepdb: bool,
        django_db_createdb: bool,
        django_db_modify_db_settings: None,
    ) -> Generator[None, None, None]:
        """Top level fixture to ensure test databases are available"""
        from django.test.utils import setup_databases, teardown_databases
    
        setup_databases_args = {}
    
        if not django_db_use_migrations:
            _disable_migrations()
    
        if django_db_keepdb and not django_db_createdb:
            setup_databases_args["keepdb"] = True
    
        with django_db_blocker.unblock():
>           db_cfg = setup_databases(
                verbosity=request.config.option.verbose,
                interactive=False,
                **setup_databases_args,
            )

..\..\..\AppData\Roaming\Python\Python313\site-packages\pytest_django\fixtures.py:140: 
_ _ _ _ _ _ _ _ _ _ _ _ _ _ _ _ _ _ _ _ _ _ _ _ _ _ _ _ _ _ _ _ _ _ _ _ _ _ _ _
..\..\..\AppData\Roaming\Python\Python313\site-packages\django\test\utils.py:204: in setup_databases
    connection.creation.create_test_db(
..\..\..\AppData\Roaming\Python\Python313\site-packages\django\db\backends\base\creation.py:62: in create_test_db
    self._create_test_db(verbosity, autoclobber, keepdb)
..\..\..\AppData\Roaming\Python\Python313\site-packages\django\db\backends\base\creation.py:202: in _create_test_db
    with self._nodb_cursor() as cursor:
C:\Python313\Lib\contextlib.py:141: in __enter__
    return next(self.gen)
..\..\..\AppData\Roaming\Python\Python313\site-packages\django\db\backends\postgresql\base.py:533: in _nodb_cursor
    with conn.cursor() as cursor:
..\..\..\AppData\Roaming\Python\Python313\site-packages\django\utils\asyncio.py:26: in inner
    return func(*args, **kwargs)
..\..\..\AppData\Roaming\Python\Python313\site-packages\django\db\backends\base\base.py:320: in cursor
    return self._cursor()
..\..\..\AppData\Roaming\Python\Python313\site-packages\django\db\backends\base\base.py:296: in _cursor
    self.ensure_connection()
..\..\..\AppData\Roaming\Python\Python313\site-packages\django\utils\asyncio.py:26: in inner
    return func(*args, **kwargs)
..\..\..\AppData\Roaming\Python\Python313\site-packages\django\db\backends\base\base.py:278: in ensure_connection
    with self.wrap_database_errors:
..\..\..\AppData\Roaming\Python\Python313\site-packages\django\db\utils.py:91: in __exit__
    raise dj_exc_value.with_traceback(traceback) from exc_value
..\..\..\AppData\Roaming\Python\Python313\site-packages\django\db\backends\base\base.py:279: in ensure_connection
    self.connect()
..\..\..\AppData\Roaming\Python\Python313\site-packages\django\utils\asyncio.py:26: in inner
    return func(*args, **kwargs)
..\..\..\AppData\Roaming\Python\Python313\site-packages\django\db\backends\base\base.py:256: in connect
    self.connection = self.get_new_connection(conn_params)
..\..\..\AppData\Roaming\Python\Python313\site-packages\django\utils\asyncio.py:26: in inner
    return func(*args, **kwargs)
..\..\..\AppData\Roaming\Python\Python313\site-packages\django\db\backends\postgresql\base.py:332: in get_new_connection
    connection = self.Database.connect(**conn_params)
_ _ _ _ _ _ _ _ _ _ _ _ _ _ _ _ _ _ _ _ _ _ _ _ _ _ _ _ _ _ _ _ _ _ _ _ _ _ _ _

cls = <class 'psycopg.Connection'>
conninfo = 'dbname=ruffles_db client_encoding=UTF8 user=postgres password=postgres host=localhost port=5432 hostaddr=127.0.0.1'
autocommit = False, prepare_threshold = None
context = <psycopg.adapt.AdaptersMap object at 0x000001CEB3E42350>
row_factory = None
cursor_factory = <class 'django.db.backends.postgresql.base.Cursor'>
kwargs = {'client_encoding': 'UTF8', 'dbname': 'ruffles_db', 'host': 'localhost', 'password': 'postgres', ...}
params = {'client_encoding': 'UTF8', 'dbname': 'ruffles_db', 'host': 'localhost', 'password': 'postgres', ...}
timeout = 130

    @classmethod
    def connect(
        cls,
        conninfo: str = "",
        *,
        autocommit: bool = False,
        prepare_threshold: int | None = 5,
        context: AdaptContext | None = None,
        row_factory: RowFactory[Row] | None = None,
        cursor_factory: type[Cursor[Row]] | None = None,
        **kwargs: ConnParam,
    ) -> Self:
        """
        Connect to a database server and return a new `Connection` instance.
        """
    
        params = cls._get_connection_params(conninfo, **kwargs)
        timeout = timeout_from_conninfo(params)
        rv = None
        attempts = conninfo_attempts(params)
        conn_errors: list[tuple[e.Error, str]] = []
        for attempt in attempts:
            tdescr = (attempt.get("host"), attempt.get("port"), attempt.get("hostaddr"))
            descr = "host: %r, port: %r, hostaddr: %r" % tdescr
            logger.debug("connection attempt: %s", descr)
            try:
                conninfo = make_conninfo("", **attempt)
                gen = cls._connect_gen(conninfo, timeout=timeout)
                rv = waiting.wait_conn(gen, interval=_WAIT_INTERVAL)
            except e.Error as ex:
                logger.debug("connection failed: %s: %s", descr, str(ex))
                conn_errors.append((ex, descr))
            except e._NO_TRACEBACK as ex:
                raise ex.with_traceback(None)
            else:
                logger.debug("connection succeeded: %s", descr)
                break
    
        if not rv:
            last_ex = conn_errors[-1][0]
            if len(conn_errors) == 1:
                raise last_ex.with_traceback(None)
    
            # Create a new exception with the same type as the last one, containing
            # all attempt errors while preserving backward compatibility.
            lines = [str(last_ex)]
            lines.append("Multiple connection attempts failed. All failures were:")
            lines.extend((f"- {descr}: {error}" for error, descr in conn_errors))
>           raise type(last_ex)("\n".join(lines)).with_traceback(None)
E           django.db.utils.OperationalError: connection failed: connection to server at "127.0.0.1", port 5432 failed: FATAL:  la autentificaci\ufffdn password fall\ufffd para el usuario \ufffdpostgres\ufffd
E           Multiple connection attempts failed. All failures were:
E           - host: 'localhost', port: '5432', hostaddr: '::1': connection failed: connection to server at "::1", port 5432 failed: FATAL:  la autentificaci\ufffdn password fall\ufffd para el usuario \ufffdpostgres\ufffd
E           - host: 'localhost', port: '5432', hostaddr: '127.0.0.1': connection failed: connection to server at "127.0.0.1", port 5432 failed: FATAL:  la autentificaci\ufffdn password fall\ufffd para el usuario \ufffdpostgres\ufffd

..\..\..\AppData\Roaming\Python\Python313\site-packages\psycopg\connection.py:127: OperationalError
============================== warnings summary ===============================
backend/apps/authentication/tests/test_api_login.py::test_login_success_returns_jwt
  C:\Users\elimo\AppData\Roaming\Python\Python313\site-packages\django\db\backends\postgresql\base.py:512: RuntimeWarning: Normally Django will use a connection to the 'postgres' database to avoid running initialization queries against the production database when it's not needed (for example, when running tests). Django was unable to create a connection to the 'postgres' database and will use the first PostgreSQL database instead.
    warnings.warn(

-- Docs: https://docs.pytest.org/en/stable/how-to/capture-warnings.html
=========================== short test summary info ===========================
ERROR apps\authentication\tests\test_api_login.py::test_login_success_returns_jwt
ERROR apps\authentication\tests\test_api_login.py::test_login_wrong_password
ERROR apps\authentication\tests\test_api_login.py::test_login_nonexistent_user
ERROR apps\authentication\tests\test_api_login.py::test_login_inactive_user
ERROR apps\authentication\tests\test_api_login.py::test_login_invalid_params[data0-400]
ERROR apps\authentication\tests\test_api_login.py::test_login_invalid_params[data1-400]
ERROR apps\authentication\tests\test_api_login.py::test_login_invalid_params[data2-400]
ERROR apps\authentication\tests\test_api_login.py::test_login_invalid_params[data3-401]
ERROR apps\authentication\tests\test_api_login.py::test_login_invalid_params[data4-401]
ERROR apps\authentication\tests\test_api_login.py::test_admin_login_success
ERROR apps\authentication\tests\test_api_login.py::test_superuser_wrong_password
ERROR apps\authentication\tests\test_api_login.py::test_login_too_many_attempts
ERROR apps\authentication\tests\test_api_login.py::test_login_unexpected_server_error
ERROR apps\authentication\tests\test_api_login.py::test_login_extra_fields_ignored
ERROR apps\authentication\tests\test_api_login.py::test_login_blocked_user - ...
ERROR apps\authentication\tests\test_api_registration.py::test_registration_success_returns_tokens_and_user
ERROR apps\authentication\tests\test_api_registration.py::test_registration_duplicate_email_case_insensitive
ERROR apps\authentication\tests\test_api_registration.py::test_registration_missing_fields[payload0-name]
ERROR apps\authentication\tests\test_api_registration.py::test_registration_missing_fields[payload1-email]
ERROR apps\authentication\tests\test_api_registration.py::test_registration_missing_fields[payload2-password]
ERROR apps\authentication\tests\test_api_registration.py::test_registration_missing_fields[payload3-None]
ERROR apps\authentication\tests\test_api_registration.py::test_registration_invalid_email[plainaddress]
ERROR apps\authentication\tests\test_api_registration.py::test_registration_invalid_email[@missinguser.com]
ERROR apps\authentication\tests\test_api_registration.py::test_registration_invalid_email[john@]
ERROR apps\authentication\tests\test_api_registration.py::test_registration_invalid_email[john@.com]
ERROR apps\authentication\tests\test_api_registration.py::test_registration_invalid_email[john.com]
ERROR apps\authentication\tests\test_api_registration.py::test_registration_password_too_short[short]
ERROR apps\authentication\tests\test_api_registration.py::test_registration_password_too_short[1234567]
ERROR apps\authentication\tests\test_api_registration.py::test_registration_rejects_admin_flags_and_does_not_escalate_privileges
ERROR apps\authentication\tests\test_api_registration.py::test_registration_cannot_create_organizer_without_auth
ERROR apps\authentication\tests\test_api_registration.py::test_registration_accepts_optional_phone
ERROR apps\purchases\tests\test_personal_panel.py::TestPersonalPanel::test_guest_list_purchases_success
ERROR apps\purchases\tests\test_personal_panel.py::TestPersonalPanel::test_guest_list_purchases_no_phone_error
ERROR apps\purchases\tests\test_personal_panel.py::TestPersonalPanel::test_guest_list_purchases_invalid_phone_format
ERROR apps\purchases\tests\test_personal_panel.py::TestPersonalPanel::test_guest_list_purchases_empty
ERROR apps\purchases\tests\test_personal_panel.py::TestPersonalPanel::test_guest_cannot_see_others_purchases
ERROR apps\purchases\tests\test_personal_panel.py::TestPersonalPanel::test_organizer_list_own_purchases
ERROR apps\purchases\tests\test_personal_panel.py::TestPersonalPanel::test_organizer_list_guest_purchases
ERROR apps\purchases\tests\test_reservation.py::ReservationTests::test_reservation_authenticated_success
ERROR apps\purchases\tests\test_reservation.py::ReservationTests::test_reservation_guest_info_missing
ERROR apps\purchases\tests\test_reservation.py::ReservationTests::test_reservation_guest_success
ERROR apps\purchases\tests\test_reservation.py::ReservationTests::test_reservation_invalid_numbers
ERROR apps\purchases\tests\test_reservation.py::ReservationTests::test_reservation_invalid_phone
ERROR apps\purchases\tests\test_reservation.py::ReservationTests::test_reservation_numbers_already_taken
ERROR apps\purchases\tests\test_reservation.py::ReservationTests::test_reservation_short_phone
ERROR apps\purchases\tests\test_reservation_edge_cases.py::ReservationEdgeCaseTests::test_reservation_expired_number_should_be_available
ERROR apps\purchases\tests\test_reservation_edge_cases.py::ReservationEdgeCaseTests::test_reservation_on_closed_raffle
ERROR apps\purchases\tests\test_validation_edge_cases.py::ValidationEdgeCaseTests::test_duplicate_numbers_in_request
ERROR apps\raffles\tests\test_api_raffle_list.py::TestRaffleAPI::test_gallery_shows_active_raffles
ERROR apps\raffles\tests\test_api_raffle_list.py::TestRaffleAPI::test_raffle_card_has_image_name_price
ERROR apps\raffles\tests\test_api_raffle_list.py::TestRaffleAPI::test_raffle_filter_status
ERROR apps\raffles\tests\test_api_raffle_list.py::TestRaffleAPI::test_empty_raffle_returns_empty_list
ERROR apps\raffles\tests\test_api_raffle_list.py::TestRaffleAPI::test_organizer_sees_all_raffles
ERROR apps\raffles\tests\test_api_raffle_list.py::TestRaffleAPI::test_organizer_card_field
ERROR apps\raffles\tests\test_api_raffle_list.py::TestRaffleAPI::test_organizer_no_raffles
ERROR apps\raffles\tests\test_api_raffle_list.py::TestRaffleAPI::test_protected_endpoint_requires_auth
ERROR apps\raffles\tests\test_api_raffle_list.py::TestRaffleAPI::test_raffle_list_handles_error
ERROR apps\raffles\tests\test_api_raffle_list.py::TestRaffleAPI::test_raffle_with_broken_image
ERROR apps\raffles\tests\test_api_raffle_list.py::TestRaffleAPI::test_price_format
ERROR apps\raffles\tests\test_api_raffle_list.py::TestRaffleAPI::test_list_active_api_returns_json
ERROR apps\raffles\tests\test_api_raffle_list.py::TestRaffleAPI::test_organizer_list_jwt
ERROR apps\raffles\tests\test_api_raffle_list.py::TestRaffleAPI::test_cors_headers_present
ERROR apps\raffles\tests\test_api_raffle_list.py::TestRaffleAPI::test_raffle_pagination
ERROR apps\raffles\tests\test_api_raffle_list.py::TestRaffleAPI::test_auth_header_attached
ERROR apps\raffles\tests\test_api_raffle_list.py::TestRaffleAPI::test_raffle_list_timeout
ERROR apps\raffles\tests\test_api_raffle_list.py::TestRaffleAPI::test_no_xss_in_name
ERROR apps\raffles\tests\test_api_raffle_list.py::TestRaffleAPI::test_invalid_price_values
ERROR apps\raffles\tests\test_create_raffle.py::TestCreateRaffle::test_post_requires_authentication
ERROR apps\raffles\tests\test_create_raffle.py::TestCreateRaffle::test_create_minimal_valid_raffle
ERROR apps\raffles\tests\test_create_raffle.py::TestCreateRaffle::test_create_missing_required_fields_returns_400
ERROR apps\raffles\tests\test_create_raffle.py::TestCreateRaffle::test_creator_is_request_user
ERROR apps\raffles\tests\test_create_raffle.py::TestCreateRaffle::test_validation_error_number_range
ERROR apps\raffles\tests\test_create_raffle.py::TestCreateRaffle::test_price_must_be_non_negative
ERROR apps\raffles\tests\test_create_raffle.py::TestCreateRaffle::test_sale_window_validation
ERROR apps\raffles\tests\test_create_raffle.py::TestCreateRaffle::test_draw_must_be_after_sale_end
ERROR apps\raffles\tests\test_create_raffle.py::TestCreateRaffle::test_winner_number_out_of_range_returns_400
ERROR apps\raffles\tests\test_number_list.py::TestRaffleAvailability::test_not_found_returns_404
ERROR apps\raffles\tests\test_number_list.py::TestRaffleAvailability::test_all_numbers_available
ERROR apps\raffles\tests\test_number_list.py::TestRaffleAvailability::test_numbers_reflect_purchases
ERROR apps\raffles\tests\test_number_list.py::TestRaffleAvailability::test_includes_purchase_metadata
ERROR apps\raffles\tests\test_number_list.py::TestRaffleAvailability::test_paid_overrides_reserved
ERROR apps\raffles\tests\test_number_list.py::TestRaffleAvailability::test_customer_name_falls_back_to_email
ERROR apps\raffles\tests\test_number_list.py::TestRaffleAvailability::test_numbers_are_ordered_and_available_have_null_purchase
======================= 1 warning, 83 errors in 16.83s ========================
